BLE_CONNECTED gateway_id=0x9999888877776666 command=here-i-am session=1765319169 frame=04c10140020101010101010111666677778888999901a2386901a201330101010410020c06ab04dc620607ae0b0101010304dc620607e803ae1301020310620102c8040604fa010104b5f80305ae0501030502018ea200
BLE_CHUNK len=118 hex=4757012801060100560479007900180366667777888899996666777788889999000000004e009607014e0302000000000c00880001a238690000000001a2386901a2000079001803000000000000000000000000000000000000000000000000000000000000000000000000000000000000000000ff
BLE_PACKET type=0x56 src=0x9999888877776666 dst=0x9999888877776666 session=51904633 seq=121 payload=014e0302000000000c00880001a238690000000001a2386901a2000079001803000000000000000000000000000000000000000000000000000000000000000000000000000000000000000000ff
GATEWAY_COMMAND_EVENT GatewayCommandEvent(command_kind=3, stage=2, flags=0, attempt=0, command_status=0, reason=0, command_id=12, route_epoch=136, correlation_id=1765319169, gateway_sequence=0, host_session_id=1765319169, host_sequence=41473, event_sequence=51904633, anchor_id=0, pair_initiator_id=0, pair_responder_id=0, previous_hop_id=0, progress_count=0, total_count=0, success_count=0, failure_count=0, duplicate_count=0, lost_event_count=0, hop_count=0, discovery_slot=255)
BLE_HOST_RECEIPT type=0x56 src=0x9999888877776666 session=51904633 seq=121
BLE_CHUNK len=118 hex=475701280106010056047a007a00180366667777888899996666777788889999000000004e0032c2014e0303000000000c00880001a238690000000001a2386901a200007a001803000000000000000000000000000000000000000000000000000000000000000000000000000000000000000000ff
BLE_PACKET type=0x56 src=0x9999888877776666 dst=0x9999888877776666 session=51904634 seq=122 payload=014e0303000000000c00880001a238690000000001a2386901a200007a001803000000000000000000000000000000000000000000000000000000000000000000000000000000000000000000ff
GATEWAY_COMMAND_EVENT GatewayCommandEvent(command_kind=3, stage=3, flags=0, attempt=0, command_status=0, reason=0, command_id=12, route_epoch=136, correlation_id=1765319169, gateway_sequence=0, host_session_id=1765319169, host_sequence=41473, event_sequence=51904634, anchor_id=0, pair_initiator_id=0, pair_responder_id=0, previous_hop_id=0, progress_count=0, total_count=0, success_count=0, failure_count=0, duplicate_count=0, lost_event_count=0, hop_count=0, discovery_slot=255)
BLE_HOST_RECEIPT type=0x56 src=0x9999888877776666 session=51904634 seq=122
BLE_CHUNK len=118 hex=475701280106010056047c007c00180366667777888899996666777788889999000000004e00ae7e014e0304000100000c00880001a238697b00180301a2386901a200007c001803000000000000000000000000000000000000000000000000000000000000000004000000000000000000000000ff
BLE_PACKET type=0x56 src=0x9999888877776666 dst=0x9999888877776666 session=51904636 seq=124 payload=014e0304000100000c00880001a238697b00180301a2386901a200007c001803000000000000000000000000000000000000000000000000000000000000000004000000000000000000000000ff
GATEWAY_COMMAND_EVENT GatewayCommandEvent(command_kind=3, stage=4, flags=0, attempt=1, command_status=0, reason=0, command_id=12, route_epoch=136, correlation_id=1765319169, gateway_sequence=51904635, host_session_id=1765319169, host_sequence=41473, event_sequence=51904636, anchor_id=0, pair_initiator_id=0, pair_responder_id=0, previous_hop_id=0, progress_count=4, total_count=0, success_count=0, failure_count=0, duplicate_count=0, lost_event_count=0, hop_count=0, discovery_slot=255)
BLE_HOST_RECEIPT type=0x56 src=0x9999888877776666 session=51904636 seq=124
BLE_CHUNK len=51 hex=4757012801020100410401a201a2386966667777888899996666777788889999000000000b00a18510020c00110200001e0100
BLE_PACKET type=0x41 src=0x9999888877776666 dst=0x9999888877776666 session=1765319169 seq=41473 payload=10020c00110200001e0100
BLE_HOST_RECEIPT type=0x41 src=0x9999888877776666 session=1765319169 seq=41473
BLE_CHUNK len=118 hex=475701280106000056047d007d00180366667777888899996666777788889999000000004e00fa86014e030c030100000c00880001a238697b00180301a2386901a200007d001803000000000000000000000000000000000000000000000000000000000000000004000000000000000000000000ff
BLE_PACKET type=0x56 src=0x9999888877776666 dst=0x9999888877776666 session=51904637 seq=125 payload=014e030c030100000c00880001a238697b00180301a2386901a200007d001803000000000000000000000000000000000000000000000000000000000000000004000000000000000000000000ff
GATEWAY_COMMAND_EVENT GatewayCommandEvent(command_kind=3, stage=12, flags=3, attempt=1, command_status=0, reason=0, command_id=12, route_epoch=136, correlation_id=1765319169, gateway_sequence=51904635, host_session_id=1765319169, host_sequence=41473, event_sequence=51904637, anchor_id=0, pair_initiator_id=0, pair_responder_id=0, previous_hop_id=0, progress_count=4, total_count=0, success_count=0, failure_count=0, duplicate_count=0, lost_event_count=0, hop_count=0, discovery_slot=255)
BLE_HOST_RECEIPT type=0x56 src=0x9999888877776666 session=51904637 seq=125
HERE_I_AM_LOCAL_FLOOD_OK attempts=1 retries=0 delivery_claim=local-broadcast-only
BLE_CONNECTED gateway_id=0x9999888877776666 command=assign-slots session=1765319170 frame=04c10140020101010101010111666677778888999902a2386902a2011b010101081002040178020306ab04dc620607ae0b0101010304dc620605e80340c200
BLE_CHUNK len=118 hex=475701280106010056047e007e00180366667777888899996666777788889999000000004e00b59f014e0102000000000401880002a238690000000002a2386902a200007e001803000000000000000000000000000000000000000000000000000000000000000000000000000000000000000000ff
BLE_PACKET type=0x56 src=0x9999888877776666 dst=0x9999888877776666 session=51904638 seq=126 payload=014e0102000000000401880002a238690000000002a2386902a200007e001803000000000000000000000000000000000000000000000000000000000000000000000000000000000000000000ff
GATEWAY_COMMAND_EVENT GatewayCommandEvent(command_kind=1, stage=2, flags=0, attempt=0, command_status=0, reason=0, command_id=260, route_epoch=136, correlation_id=1765319170, gateway_sequence=0, host_session_id=1765319170, host_sequence=41474, event_sequence=51904638, anchor_id=0, pair_initiator_id=0, pair_responder_id=0, previous_hop_id=0, progress_count=0, total_count=0, success_count=0, failure_count=0, duplicate_count=0, lost_event_count=0, hop_count=0, discovery_slot=255)
BLE_CHUNK len=118 hex=475701280106010056047f007f00180366667777888899996666777788889999000000004e00fd7e014e0103000000000401880002a238690000000002a2386902a200007f001803000000000000000000000000000000000000000000000000000000000000000000000000000000000000000000ff
BLE_PACKET type=0x56 src=0x9999888877776666 dst=0x9999888877776666 session=51904639 seq=127 payload=014e0103000000000401880002a238690000000002a2386902a200007f001803000000000000000000000000000000000000000000000000000000000000000000000000000000000000000000ff
GATEWAY_COMMAND_EVENT GatewayCommandEvent(command_kind=1, stage=3, flags=0, attempt=0, command_status=0, reason=0, command_id=260, route_epoch=136, correlation_id=1765319170, gateway_sequence=0, host_session_id=1765319170, host_sequence=41474, event_sequence=51904639, anchor_id=0, pair_initiator_id=0, pair_responder_id=0, previous_hop_id=0, progress_count=0, total_count=0, success_count=0, failure_count=0, duplicate_count=0, lost_event_count=0, hop_count=0, discovery_slot=255)
BLE_HOST_RECEIPT type=0x56 src=0x9999888877776666 session=51904638 seq=126
BLE_HOST_RECEIPT type=0x56 src=0x9999888877776666 session=51904639 seq=127
BLE_CHUNK len=118 hex=4757012801060100560481008100180366667777888899996666777788889999000000004e00ecd7014e0103000000000401880002a238698000180302a2386902a2000081001803000000000000000000000000000000000000000000000000000000000000000000000000000000000000000000ff
BLE_PACKET type=0x56 src=0x9999888877776666 dst=0x9999888877776666 session=51904641 seq=129 payload=014e0103000000000401880002a238698000180302a2386902a2000081001803000000000000000000000000000000000000000000000000000000000000000000000000000000000000000000ff
GATEWAY_COMMAND_EVENT GatewayCommandEvent(command_kind=1, stage=3, flags=0, attempt=0, command_status=0, reason=0, command_id=260, route_epoch=136, correlation_id=1765319170, gateway_sequence=51904640, host_session_id=1765319170, host_sequence=41474, event_sequence=51904641, anchor_id=0, pair_initiator_id=0, pair_responder_id=0, previous_hop_id=0, progress_count=0, total_count=0, success_count=0, failure_count=0, duplicate_count=0, lost_event_count=0, hop_count=0, discovery_slot=255)
BLE_HOST_RECEIPT type=0x56 src=0x9999888877776666 session=51904641 seq=129
BLE_CHUNK len=118 hex=4757012801060100560483008300180366667777888899996666777788889999000000004e00d88e014e0104000100000401880002a238698000180302a2386902a2000083001803000000000000000000000000000000000000000000000000000000000000000000000000000000000000000000ff
BLE_PACKET type=0x56 src=0x9999888877776666 dst=0x9999888877776666 session=51904643 seq=131 payload=014e0104000100000401880002a238698000180302a2386902a2000083001803000000000000000000000000000000000000000000000000000000000000000000000000000000000000000000ff
GATEWAY_COMMAND_EVENT GatewayCommandEvent(command_kind=1, stage=4, flags=0, attempt=1, command_status=0, reason=0, command_id=260, route_epoch=136, correlation_id=1765319170, gateway_sequence=51904640, host_session_id=1765319170, host_sequence=41474, event_sequence=51904643, anchor_id=0, pair_initiator_id=0, pair_responder_id=0, previous_hop_id=0, progress_count=0, total_count=0, success_count=0, failure_count=0, duplicate_count=0, lost_event_count=0, hop_count=0, discovery_slot=255)
BLE_HOST_RECEIPT type=0x56 src=0x9999888877776666 session=51904643 seq=131
BLE_CHUNK len=118 hex=4757012801060100560484008400180366667777888899996666777788889999000000004e009cad014e0106000000000401880002a238698000180302a2386902a200008400180307cbc8c619961a190000000000000000000000000000000007cbc8c619961a1901000000000000000000000001ff
BLE_PACKET type=0x56 src=0x9999888877776666 dst=0x9999888877776666 session=51904644 seq=132 payload=014e0106000000000401880002a238698000180302a2386902a200008400180307cbc8c619961a190000000000000000000000000000000007cbc8c619961a1901000000000000000000000001ff
GATEWAY_COMMAND_EVENT GatewayCommandEvent(command_kind=1, stage=6, flags=0, attempt=0, command_status=0, reason=0, command_id=260, route_epoch=136, correlation_id=1765319170, gateway_sequence=51904640, host_session_id=1765319170, host_sequence=41474, event_sequence=51904644, anchor_id=1808923237796072199, pair_initiator_id=0, pair_responder_id=0, previous_hop_id=1808923237796072199, progress_count=1, total_count=0, success_count=0, failure_count=0, duplicate_count=0, lost_event_count=0, hop_count=1, discovery_slot=255)
BLE_HOST_RECEIPT type=0x56 src=0x9999888877776666 session=51904644 seq=132
BLE_CHUNK len=118 hex=4757012801060100560485008500180366667777888899996666777788889999000000004e007c7a014e0106000000000401880002a238698000180302a2386902a20000850018030e3070b9aac08b70000000000000000000000000000000000e3070b9aac08b7002000000000000000000000001ff
BLE_PACKET type=0x56 src=0x9999888877776666 dst=0x9999888877776666 session=51904645 seq=133 payload=014e0106000000000401880002a238698000180302a2386902a20000850018030e3070b9aac08b70000000000000000000000000000000000e3070b9aac08b7002000000000000000000000001ff
GATEWAY_COMMAND_EVENT GatewayCommandEvent(command_kind=1, stage=6, flags=0, attempt=0, command_status=0, reason=0, command_id=260, route_epoch=136, correlation_id=1765319170, gateway_sequence=51904640, host_session_id=1765319170, host_sequence=41474, event_sequence=51904645, anchor_id=8109787393498820622, pair_initiator_id=0, pair_responder_id=0, previous_hop_id=8109787393498820622, progress_count=2, total_count=0, success_count=0, failure_count=0, duplicate_count=0, lost_event_count=0, hop_count=1, discovery_slot=255)
BLE_HOST_RECEIPT type=0x56 src=0x9999888877776666 session=51904645 seq=133
BLE_CHUNK len=118 hex=4757012801060100560486008600180366667777888899996666777788889999000000004e00c013014e0106000000000401880002a238698000180302a2386902a200008600180341d1f64afe25da560000000000000000000000000000000041d1f64afe25da5603000000000000000000000001ff
BLE_PACKET type=0x56 src=0x9999888877776666 dst=0x9999888877776666 session=51904646 seq=134 payload=014e0106000000000401880002a238698000180302a2386902a200008600180341d1f64afe25da560000000000000000000000000000000041d1f64afe25da5603000000000000000000000001ff
GATEWAY_COMMAND_EVENT GatewayCommandEvent(command_kind=1, stage=6, flags=0, attempt=0, command_status=0, reason=0, command_id=260, route_epoch=136, correlation_id=1765319170, gateway_sequence=51904640, host_session_id=1765319170, host_sequence=41474, event_sequence=51904646, anchor_id=6258356406294335809, pair_initiator_id=0, pair_responder_id=0, previous_hop_id=6258356406294335809, progress_count=3, total_count=0, success_count=0, failure_count=0, duplicate_count=0, lost_event_count=0, hop_count=1, discovery_slot=255)
BLE_HOST_RECEIPT type=0x56 src=0x9999888877776666 session=51904646 seq=134
BLE_CHUNK len=118 hex=475701280106010056048b008b00180366667777888899996666777788889999000000004e000cc3014e0106000000000401880002a238698000180302a2386902a200008b0018030e3070b9aac08b700000000000000000000000000000000000000000000000000100030001000000000000000100
BLE_PACKET type=0x56 src=0x9999888877776666 dst=0x9999888877776666 session=51904651 seq=139 payload=014e0106000000000401880002a238698000180302a2386902a200008b0018030e3070b9aac08b700000000000000000000000000000000000000000000000000100030001000000000000000100
GATEWAY_COMMAND_EVENT GatewayCommandEvent(command_kind=1, stage=6, flags=0, attempt=0, command_status=0, reason=0, command_id=260, route_epoch=136, correlation_id=1765319170, gateway_sequence=51904640, host_session_id=1765319170, host_sequence=41474, event_sequence=51904651, anchor_id=8109787393498820622, pair_initiator_id=0, pair_responder_id=0, previous_hop_id=0, progress_count=1, total_count=3, success_count=1, failure_count=0, duplicate_count=0, lost_event_count=0, hop_count=1, discovery_slot=0)
BLE_HOST_RECEIPT type=0x56 src=0x9999888877776666 session=51904651 seq=139
BLE_CHUNK len=51 hex=4757012801020100410402a202a2386966667777888899996666777788889999000000000b00eedb10020401110200001e0103
BLE_PACKET type=0x41 src=0x9999888877776666 dst=0x9999888877776666 session=1765319170 seq=41474 payload=10020401110200001e0103
BLE_HOST_RECEIPT type=0x41 src=0x9999888877776666 session=1765319170 seq=41474
BLE_CHUNK len=118 hex=475701280106010056048c008c00180366667777888899996666777788889999000000004e005d9e014e0106000000000401880002a238698000180302a2386902a200008c00180341d1f64afe25da560000000000000000000000000000000000000000000000000200030001000000000000000101
BLE_PACKET type=0x56 src=0x9999888877776666 dst=0x9999888877776666 session=51904652 seq=140 payload=014e0106000000000401880002a238698000180302a2386902a200008c00180341d1f64afe25da560000000000000000000000000000000000000000000000000200030001000000000000000101
GATEWAY_COMMAND_EVENT GatewayCommandEvent(command_kind=1, stage=6, flags=0, attempt=0, command_status=0, reason=0, command_id=260, route_epoch=136, correlation_id=1765319170, gateway_sequence=51904640, host_session_id=1765319170, host_sequence=41474, event_sequence=51904652, anchor_id=6258356406294335809, pair_initiator_id=0, pair_responder_id=0, previous_hop_id=0, progress_count=2, total_count=3, success_count=1, failure_count=0, duplicate_count=0, lost_event_count=0, hop_count=1, discovery_slot=1)
BLE_CHUNK len=118 hex=475701280106010056048d008d00180366667777888899996666777788889999000000004e00ad04014e0106000000000401880002a238698000180302a2386902a200008d00180307cbc8c619961a190000000000000000000000000000000000000000000000000300030001000000000000000102
BLE_PACKET type=0x56 src=0x9999888877776666 dst=0x9999888877776666 session=51904653 seq=141 payload=014e0106000000000401880002a238698000180302a2386902a200008d00180307cbc8c619961a190000000000000000000000000000000000000000000000000300030001000000000000000102
GATEWAY_COMMAND_EVENT GatewayCommandEvent(command_kind=1, stage=6, flags=0, attempt=0, command_status=0, reason=0, command_id=260, route_epoch=136, correlation_id=1765319170, gateway_sequence=51904640, host_session_id=1765319170, host_sequence=41474, event_sequence=51904653, anchor_id=1808923237796072199, pair_initiator_id=0, pair_responder_id=0, previous_hop_id=0, progress_count=3, total_count=3, success_count=1, failure_count=0, duplicate_count=0, lost_event_count=0, hop_count=1, discovery_slot=2)
BLE_HOST_RECEIPT type=0x56 src=0x9999888877776666 session=51904652 seq=140
BLE_HOST_RECEIPT type=0x56 src=0x9999888877776666 session=51904653 seq=141
BLE_CHUNK len=118 hex=475701280106010056048e008e00180366667777888899996666777788889999000000004e0076fe014e0107000000000401880002a238698000180302a2386902a200008e001803000000000000000000000000000000000000000000000000000000000000000003000300030000000000000000ff
BLE_PACKET type=0x56 src=0x9999888877776666 dst=0x9999888877776666 session=51904654 seq=142 payload=014e0107000000000401880002a238698000180302a2386902a200008e001803000000000000000000000000000000000000000000000000000000000000000003000300030000000000000000ff
GATEWAY_COMMAND_EVENT GatewayCommandEvent(command_kind=1, stage=7, flags=0, attempt=0, command_status=0, reason=0, command_id=260, route_epoch=136, correlation_id=1765319170, gateway_sequence=51904640, host_session_id=1765319170, host_sequence=41474, event_sequence=51904654, anchor_id=0, pair_initiator_id=0, pair_responder_id=0, previous_hop_id=0, progress_count=3, total_count=3, success_count=3, failure_count=0, duplicate_count=0, lost_event_count=0, hop_count=0, discovery_slot=255)
BLE_HOST_RECEIPT type=0x56 src=0x9999888877776666 session=51904654 seq=142
BLE_CHUNK len=118 hex=475701280106010056048f008f00180366667777888899996666777788889999000000004e0000c9014e0108000100000401880002a238698000180302a2386902a200008f001803000000000000000000000000000000000000000000000000000000000000000003000300000000000000000000ff
BLE_PACKET type=0x56 src=0x9999888877776666 dst=0x9999888877776666 session=51904655 seq=143 payload=014e0108000100000401880002a238698000180302a2386902a200008f001803000000000000000000000000000000000000000000000000000000000000000003000300000000000000000000ff
GATEWAY_COMMAND_EVENT GatewayCommandEvent(command_kind=1, stage=8, flags=0, attempt=1, command_status=0, reason=0, command_id=260, route_epoch=136, correlation_id=1765319170, gateway_sequence=51904640, host_session_id=1765319170, host_sequence=41474, event_sequence=51904655, anchor_id=0, pair_initiator_id=0, pair_responder_id=0, previous_hop_id=0, progress_count=3, total_count=3, success_count=0, failure_count=0, duplicate_count=0, lost_event_count=0, hop_count=0, discovery_slot=255)
BLE_HOST_RECEIPT type=0x56 src=0x9999888877776666 session=51904655 seq=143
BLE_CHUNK len=118 hex=4757012801060000560490009000180366667777888899996666777788889999000000004e00cb2a014e010c010000000401880002a238698000180302a2386902a2000090001803000000000000000000000000000000000000000000000000000000000000000003000300030000000000000000ff
BLE_PACKET type=0x56 src=0x9999888877776666 dst=0x9999888877776666 session=51904656 seq=144 payload=014e010c010000000401880002a238698000180302a2386902a2000090001803000000000000000000000000000000000000000000000000000000000000000003000300030000000000000000ff
GATEWAY_COMMAND_EVENT GatewayCommandEvent(command_kind=1, stage=12, flags=1, attempt=0, command_status=0, reason=0, command_id=260, route_epoch=136, correlation_id=1765319170, gateway_sequence=51904640, host_session_id=1765319170, host_sequence=41474, event_sequence=51904656, anchor_id=0, pair_initiator_id=0, pair_responder_id=0, previous_hop_id=0, progress_count=3, total_count=3, success_count=3, failure_count=0, duplicate_count=0, lost_event_count=0, hop_count=0, discovery_slot=255)
BLE_HOST_RECEIPT type=0x56 src=0x9999888877776666 session=51904656 seq=144
HERE_I_AM_REACHABILITY_QUALIFICATION_OK anchors=3 direct=3 multihop=0 retries=0
BLE_COMPLETE packets=19
