DBG_STACK_BOOT preset=mesh_gateway build=imec-stack-v1:mesh_gateway:951c6e22de67cae0ee159049f7f60500cfb022e2b2067237f7f1b55d411f1192 epoch=18156053414285668215 uptime=2
mesh node identity: ficr=0xeefc9670907f2ef7 node=0x9999888877776666 preset=mesh_gateway
DBG_LED_SELFTEST_CH5_RX
DBG_DIRECT_GW_PROBE_BOOT resetreas=0x00000000 phase=none
DBG_NODE_COMM_BOOT stage=init ret=0 running=1 uptime=1009
DBG_GATEWAY_BOOT stage=ble_begin uptime=1018
DBG_GATEWAY_BLE stage=entry enabled=1 uptime=1018
DBG_GATEWAY_BLE stage=bt_enable ret=0 uptime=1024
DBG_GATEWAY_BLE stage=adv_start ret=0 active=1 quiet=0 uptime=1025
DBG_GATEWAY_BOOT stage=ble_done ret=0 uptime=1025
DBG_GATEWAY_BOOT stage=ch9_begin uptime=1025
DBG_GATEWAY_RX_START reason=gateway startup active=1 qrx=0 qtx=0 adv_due=0
DBG_GATEWAY_BOOT stage=ch9_done ret=0 uptime=1025
DBG_COORD state=gateway-rx owner=uwb-rx reason=gateway-rx rx=0 tx=0 relay=0 route=0 ack=0 qack=0
DBG_DWM_INVALIDATE tag=configure_radio_from_reset active_phy=0 configured=0 awake=0
DBG_GATEWAY_BLE event=connected err=0 uptime=123771
DBG_GATEWAY_COMMAND_PRIORITY_SUBMIT ret=0 now=125665
DBG_STACK_RUN_BEGIN epoch=18156053414285668215 run=1 kind=ble_backpressure owner=system_workqueue queue=1 custody=1 credit=0 retry=0 drain=1 src=11068027678940948070 dst=11068027678940948070 session=19660801 seq=1 type=86 sequence=0 previous=0 uptime=125665
DBG_STACK_SAMPLE_BEGIN epoch=18156053414285668215 run=1 sample=1 kind=ble_backpressure owner=system_workqueue queue=1 custody=1 credit=0 retry=0 drain=1 src=11068027678940948070 dst=11068027678940948070 session=19660801 seq=1 type=86 uptime=125666
DBG_STACK_ISR_CONFIG size=8192 run=1 sample=1
DBG_STACK name=BT RX WQ tid=0x2000fe18 used=760 free=776 size=1536 ret=0 run=1 sample=1
DBG_STACK name=mesh_route tid=0x2000d560 used=2008 free=6184 size=8192 ret=0 run=1 sample=1
DBG_STACK name=sysworkq tid=0x20010d70 used=2304 free=2176 size=4480 ret=0 run=1 sample=1
DBG_STACK name=MPSL Work tid=0x20010b28 used=344 free=680 size=1024 ret=0 run=1 sample=1
DBG_STACK name=logging tid=0x2000f920 used=480 free=1568 size=2048 ret=0 run=1 sample=1
DBG_STACK name=idle tid=0x20010c00 used=64 free=256 size=320 ret=0 run=1 sample=1
DBG_STACK_SAMPLE_END run=1 sample=1
DBG_STACK_RUN_END epoch=18156053414285668215 run=1 kind=ble_backpressure owner=system_workqueue outcome=ack queue=3 custody=0 credit=1 retry=0 drain=3 src=11068027678940948070 dst=11068027678940948070 session=19660801 seq=1 type=86 samples=1 sequence=0 previous=0 uptime=125692
DBG_GATEWAY_CH9_RX_COMMAND_PREEMPT now=125693 rem=100 frames=0
DBG_GATEWAY_CH9_RX_CONT_DONE ret=-140 len=0 fail=0 recover=0
DBG_NODE_COMM_TX_BEGIN handle=1 profile=0 msg=64 dst=0x0 seq=1
DBG_CONTROL_RX_HANDOFF_READY abort=0
DBG_COORD state=idle owner=c5-flood reason=idle rx=0 tx=0 relay=0 route=0 ack=0 qack=0
DBG_WAKE_TRAIN_GUARD_OK
DBG_DWM_INVALIDATE tag=configure_radio_from_reset active_phy=3 configured=1 awake=1
DBG_DWM_MARK_UNCONFIGURED tag=initialise_radio prev_phy=0
DBG_WAKE_TRAIN_CONFIG_BEGIN
DBG_DWM_INVALIDATE tag=configure_radio_from_reset active_phy=2 configured=1 awake=0
DBG_STACK_RUN_BEGIN epoch=18156053414285668215 run=2 kind=ble_backpressure owner=system_workqueue queue=2 custody=2 credit=0 retry=0 drain=2 src=11068027678940948070 dst=11068027678940948070 session=19660802 seq=2 type=86 sequence=0 previous=0 uptime=125755
DBG_STACK_SAMPLE_BEGIN epoch=18156053414285668215 run=2 sample=2 kind=ble_backpressure owner=system_workqueue queue=2 custody=2 credit=0 retry=0 drain=2 src=11068027678940948070 dst=11068027678940948070 session=19660802 seq=2 type=86 uptime=125756
DBG_STACK_ISR_CONFIG size=8192 run=2 sample=2
DBG_STACK name=BT RX WQ tid=0x2000fe18 used=760 free=776 size=1536 ret=0 run=2 sample=2
DBG_STACK name=mesh_route tid=0x2000d560 used=3704 free=4488 size=8192 ret=0 run=2 sample=2
DBG_STACK name=sysworkq tid=0x20010d70 used=2304 free=2176 size=4480 ret=0 run=2 sample=2
DBG_STACK name=MPSL Work tid=0x20010b28 used=360 free=664 size=1024 ret=0 run=2 sample=2
DBG_STACK name=logging tid=0x2000f920 used=480 free=1568 size=2048 ret=0 run=2 sample=2
DBG_STACK name=idle tid=0x20010c00 used=64 free=256 size=320 ret=0 run=2 sample=2
DBG_STACK_SAMPLE_END run=2 sample=2
DBG_STACK_RUN_END epoch=18156053414285668215 run=2 kind=ble_backpressure owner=system_workqueue outcome=ack queue=2 custody=0 credit=1 retry=0 drain=2 src=11068027678940948070 dst=11068027678940948070 session=19660802 seq=2 type=86 samples=1 sequence=0 previous=0 uptime=125774
DBG_UWB_TX_CH5
DBG_TX_WAKE_CLAIM_SENT
DBG_UWB_TX_CH5
DBG_TX_WAKE_CLAIM_SENT
DBG_UWB_TX_CH5
DBG_TX_WAKE_CLAIM_SENT
DBG_UWB_TX_CH5
DBG_TX_WAKE_CLAIM_SENT
DBG_UWB_TX_CH5
DBG_TX_WAKE_CLAIM_SENT
DBG_UWB_TX_CH5
DBG_TX_WAKE_CLAIM_SENT
DBG_UWB_TX_CH5
DBG_TX_WAKE_CLAIM_SENT
DBG_UWB_TX_CH5
DBG_TX_WAKE_CLAIM_SENT
DBG_UWB_TX_CH5
DBG_TX_WAKE_CLAIM_SENT
DBG_UWB_TX_CH5
DBG_TX_WAKE_CLAIM_SENT
DBG_UWB_TX_CH5
DBG_TX_WAKE_CLAIM_SENT
DBG_STACK_RUN_BEGIN epoch=18156053414285668215 run=3 kind=ble_backpressure owner=system_workqueue queue=1 custody=1 credit=0 retry=0 drain=1 src=11068027678940948070 dst=11068027678940948070 session=19660804 seq=4 type=86 sequence=0 previous=0 uptime=125845
DBG_STACK_SAMPLE_BEGIN epoch=18156053414285668215 run=3 sample=3 kind=ble_backpressure owner=system_workqueue queue=1 custody=1 credit=0 retry=0 drain=1 src=11068027678940948070 dst=11068027678940948070 session=19660804 seq=4 type=86 uptime=125846
DBG_STACK_ISR_CONFIG size=8192 run=3 sample=3
DBG_STACK name=BT RX WQ tid=0x2000fe18 used=760 free=776 size=1536 ret=0 run=3 sample=3
DBG_STACK name=mesh_route tid=0x2000d560 used=3776 free=4416 size=8192 ret=0 run=3 sample=3
DBG_STACK name=sysworkq tid=0x20010d70 used=2304 free=2176 size=4480 ret=0 run=3 sample=3
DBG_STACK name=MPSL Work tid=0x20010b28 used=376 free=648 size=1024 ret=0 run=3 sample=3
DBG_STACK name=logging tid=0x2000f920 used=480 free=1568 size=2048 ret=0 run=3 sample=3
DBG_STACK name=idle tid=0x20010c00 used=64 free=256 size=320 ret=0 run=3 sample=3
DBG_STACK_SAMPLE_END run=3 sample=3
DBG_STACK_RUN_END epoch=18156053414285668215 run=3 kind=ble_backpressure owner=system_workqueue outcome=ack queue=1 custody=0 credit=1 retry=0 drain=1 src=11068027678940948070 dst=11068027678940948070 session=19660804 seq=4 type=86 samples=1 sequence=0 previous=0 uptime=125872
DBG_UWB_TX_CH5
DBG_TX_WAKE_CLAIM_SENT
DBG_UWB_TX_CH5
DBG_TX_WAKE_CLAIM_SENT
DBG_UWB_TX_CH5
DBG_TX_WAKE_CLAIM_SENT
DBG_UWB_TX_CH5
DBG_TX_WAKE_CLAIM_SENT
DBG_UWB_TX_CH5
DBG_TX_WAKE_CLAIM_SENT
DBG_UWB_TX_CH5
DBG_TX_WAKE_CLAIM_SENT
DBG_UWB_TX_CH5
DBG_TX_WAKE_CLAIM_SENT
DBG_UWB_TX_CH5
DBG_TX_WAKE_CLAIM_SENT
DBG_UWB_TX_CH5
DBG_TX_WAKE_CLAIM_SENT
DBG_UWB_TX_CH5
DBG_TX_WAKE_CLAIM_SENT
DBG_UWB_TX_CH5
DBG_TX_WAKE_CLAIM_SENT
DBG_UWB_TX_CH5
DBG_TX_WAKE_CLAIM_SENT
DBG_UWB_TX_CH5
DBG_TX_WAKE_CLAIM_SENT
DBG_UWB_TX_CH5
DBG_TX_WAKE_CLAIM_SENT
DBG_UWB_TX_CH5
DBG_TX_WAKE_CLAIM_SENT
DBG_UWB_TX_CH5
DBG_TX_WAKE_CLAIM_SENT
DBG_UWB_TX_CH5
DBG_TX_WAKE_CLAIM_SENT
DBG_UWB_TX_CH5
DBG_TX_WAKE_CLAIM_SENT
DBG_UWB_TX_CH5
DBG_TX_WAKE_CLAIM_SENT
DBG_UWB_TX_CH5
DBG_TX_WAKE_CLAIM_SENT
DBG_UWB_TX_CH5
DBG_TX_WAKE_CLAIM_SENT
DBG_UWB_TX_CH5
DBG_TX_WAKE_CLAIM_SENT
DBG_UWB_TX_CH5
DBG_TX_WAKE_CLAIM_SENT
DBG_UWB_TX_CH5
DBG_TX_WAKE_CLAIM_SENT
DBG_UWB_TX_CH5
DBG_TX_WAKE_CLAIM_SENT
DBG_UWB_TX_CH5
DBG_TX_WAKE_CLAIM_SENT
DBG_UWB_TX_CH5
DBG_TX_WAKE_CLAIM_SENT
DBG_UWB_TX_CH5
DBG_TX_WAKE_CLAIM_SENT
DBG_UWB_TX_CH5
DBG_TX_WAKE_CLAIM_SENT
DBG_UWB_TX_CH5
DBG_TX_WAKE_CLAIM_SENT
DBG_UWB_TX_CH5
DBG_TX_WAKE_CLAIM_SENT
DBG_UWB_TX_CH5
DBG_TX_WAKE_CLAIM_SENT
DBG_UWB_TX_CH5
DBG_TX_WAKE_CLAIM_SENT
DBG_UWB_TX_CH5
DBG_TX_WAKE_CLAIM_SENT
DBG_UWB_TX_CH5
DBG_TX_WAKE_CLAIM_SENT
DBG_UWB_TX_CH5
DBG_TX_WAKE_CLAIM_SENT
DBG_UWB_TX_CH5
DBG_TX_WAKE_CLAIM_SENT
DBG_UWB_TX_CH5
DBG_TX_WAKE_CLAIM_SENT
DBG_UWB_TX_CH5
DBG_TX_WAKE_CLAIM_SENT
DBG_UWB_TX_CH5
DBG_TX_WAKE_CLAIM_SENT
DBG_UWB_TX_CH5
DBG_TX_WAKE_CLAIM_SENT
DBG_UWB_TX_CH5
DBG_TX_WAKE_CLAIM_SENT
DBG_UWB_TX_CH5
DBG_TX_WAKE_CLAIM_SENT
DBG_UWB_TX_CH5
DBG_TX_WAKE_CLAIM_SENT
DBG_UWB_TX_CH5
DBG_TX_WAKE_CLAIM_SENT
DBG_UWB_TX_CH5
DBG_TX_WAKE_CLAIM_SENT
DBG_UWB_TX_CH5
DBG_TX_WAKE_CLAIM_SENT
DBG_DWM_INVALIDATE tag=configure_radio_from_reset active_phy=2 configured=1 awake=1
DBG_DWM_MARK_UNCONFIGURED tag=initialise_radio prev_phy=0
DBG_C5_CONTROL_FOLLOWUP_TURNAROUND delay=60 msg=40 reason=node-comm-bounded-control-flood
DBG_DWM_INVALIDATE tag=configure_radio_from_reset active_phy=2 configured=1 awake=0
DBG_DWM_MARK_UNCONFIGURED tag=initialise_radio prev_phy=0
DBG_DWM_INVALIDATE tag=configure_radio_from_reset active_phy=2 configured=1 awake=0
DBG_DWM_MARK_UNCONFIGURED tag=initialise_radio prev_phy=0
DBG_DWM_WAKE_MESH_CTRL_OK sfd=4073
DBG_C5_TX_CONFIG ret=0 ext=1 len=133 msg=40 reason=bounded-c5-flood
DBG_UWB_TX_CH5
DBG_NC o=0000000000000001 g=00000001 w=00 e=00000022 s=00000005 q=0004>0005 r=00000000 f=00000001 t=00000000 p=00000000 a=00
DBG_NC o=0000000000000001 g=00000001 w=00 e=00000042 s=00000005 q=0005>0006 r=00000000 f=00000001 t=00000000 p=00000000 a=00
DBG_NODE_COMM_ATTEMPT handle=1 profile=0 attempt=1 ret=0 rf=1 scheduled=0 state=0
DBG_GATEWAY_RX_START reason=gateway mesh restart active=1 qrx=0 qtx=0 adv_due=0
DBG_ENUM_RF_BEGIN kind=1 handle=1 attempt=1 tries=1
DBG_STACK_RUN_BEGIN epoch=18156053414285668215 run=4 kind=ble_backpressure owner=system_workqueue queue=1 custody=1 credit=0 retry=0 drain=1 src=11068027678940948070 dst=11068027678940948070 session=19660806 seq=6 type=86 sequence=0 previous=0 uptime=126332
DBG_STACK_SAMPLE_BEGIN epoch=18156053414285668215 run=4 sample=4 kind=ble_backpressure owner=system_workqueue queue=1 custody=1 credit=0 retry=0 drain=1 src=11068027678940948070 dst=11068027678940948070 session=19660806 seq=6 type=86 uptime=126332
DBG_STACK_ISR_CONFIG size=8192 run=4 sample=4
DBG_STACK name=BT RX WQ tid=0x2000fe18 used=760 free=776 size=1536 ret=0 run=4 sample=4
DBG_STACK name=mesh_route tid=0x2000d560 used=5880 free=2312 size=8192 ret=0 run=4 sample=4
DBG_STACK name=sysworkq tid=0x20010d70 used=2304 free=2176 size=4480 ret=0 run=4 sample=4
DBG_STACK name=MPSL Work tid=0x20010b28 used=376 free=648 size=1024 ret=0 run=4 sample=4
DBG_STACK name=logging tid=0x2000f920 used=480 free=1568 size=2048 ret=0 run=4 sample=4
DBG_STACK name=idle tid=0x20010c00 used=64 free=256 size=320 ret=0 run=4 sample=4
DBG_STACK_SAMPLE_END run=4 sample=4
DBG_STACK_RUN_END epoch=18156053414285668215 run=4 kind=ble_backpressure owner=system_workqueue outcome=ack queue=1 custody=0 credit=1 retry=0 drain=1 src=11068027678940948070 dst=11068027678940948070 session=19660806 seq=6 type=86 samples=1 sequence=0 previous=0 uptime=126357
DBG_GATEWAY_CH9_RX_COMMAND_PREEMPT now=126368 rem=100 frames=0
DBG_GATEWAY_CH9_RX_CONT_DONE ret=-140 len=0 fail=0 recover=0
DBG_NC o=0000000000000001 g=00000001 w=00 e=00000023 s=00000005 q=0006>0004 r=00000000 f=00000024 t=00000000 p=00000000 a=00
DBG_GATEWAY_RX_START reason=gateway mesh restart active=1 qrx=0 qtx=0 adv_due=0
DBG_NODE_COMM_TX_BEGIN handle=1 profile=0 msg=64 dst=0x0 seq=1
DBG_CONTROL_RX_HANDOFF_READY abort=0
DBG_COORD state=idle owner=c5-flood reason=idle rx=0 tx=0 relay=0 route=0 ack=0 qack=0
DBG_DWM_INVALIDATE tag=configure_radio_from_reset active_phy=3 configured=1 awake=1
DBG_DWM_MARK_UNCONFIGURED tag=initialise_radio prev_phy=0
DBG_DWM_INVALIDATE tag=configure_radio_from_reset active_phy=2 configured=1 awake=0
DBG_DWM_MARK_UNCONFIGURED tag=initialise_radio prev_phy=0
DBG_DWM_WAKE_MESH_CTRL_OK sfd=4073
DBG_C5_TX_CONFIG ret=0 ext=1 len=133 msg=40 reason=bounded-c5-flood
DBG_UWB_TX_CH5
DBG_GATEWAY_RX_START reason=gateway mesh restart active=1 qrx=0 qtx=0 adv_due=0
DBG_NC o=0000000000000001 g=00000001 w=00 e=00000022 s=00000005 q=0004>0005 r=00000000 f=00000001 t=00000000 p=00000000 a=00
DBG_NC o=0000000000000001 g=00000001 w=00 e=00000042 s=00000005 q=0005>0006 r=00000000 f=00000001 t=00000000 p=00000000 a=00
DBG_NODE_COMM_ATTEMPT handle=1 profile=0 attempt=2 ret=0 rf=1 scheduled=0 state=0
DBG_GATEWAY_RX_START reason=gateway mesh restart active=1 qrx=0 qtx=0 adv_due=0
DBG_COORD state=gateway-rx owner=uwb-rx reason=gateway-rx rx=0 tx=0 relay=0 route=0 ack=0 qack=0
DBG_DWM_INVALIDATE tag=configure_radio_from_reset active_phy=4 configured=1 awake=1
DBG_DWM_MARK_UNCONFIGURED tag=initialise_radio prev_phy=0
DBG_GATEWAY_CH9_RX_COMMAND_PREEMPT now=126466 rem=100 frames=0
DBG_GATEWAY_CH9_RX_CONT_DONE ret=-140 len=0 fail=0 recover=0
DBG_NC o=0000000000000001 g=00000001 w=00 e=00000023 s=00000005 q=0006>0004 r=00000000 f=00000024 t=00000000 p=00000000 a=00
DBG_GATEWAY_RX_START reason=gateway mesh restart active=1 qrx=0 qtx=0 adv_due=0
DBG_NODE_COMM_TX_BEGIN handle=1 profile=0 msg=64 dst=0x0 seq=1
DBG_CONTROL_RX_HANDOFF_READY abort=0
DBG_COORD state=idle owner=c5-flood reason=idle rx=0 tx=0 relay=0 route=0 ack=0 qack=0
DBG_DWM_INVALIDATE tag=configure_radio_from_reset active_phy=3 configured=1 awake=1
DBG_DWM_MARK_UNCONFIGURED tag=initialise_radio prev_phy=0
DBG_DWM_INVALIDATE tag=configure_radio_from_reset active_phy=2 configured=1 awake=0
DBG_DWM_MARK_UNCONFIGURED tag=initialise_radio prev_phy=0
DBG_DWM_WAKE_MESH_CTRL_OK sfd=4073
DBG_C5_TX_CONFIG ret=0 ext=1 len=133 msg=40 reason=bounded-c5-flood
DBG_UWB_TX_CH5
DBG_GATEWAY_RX_START reason=gateway mesh restart active=1 qrx=0 qtx=0 adv_due=0
DBG_NC o=0000000000000001 g=00000001 w=00 e=00000022 s=00000005 q=0004>0005 r=00000000 f=00000001 t=00000000 p=00000000 a=00
DBG_NC o=0000000000000001 g=00000001 w=00 e=00000042 s=00000005 q=0005>0006 r=00000000 f=00000001 t=00000000 p=00000000 a=00
DBG_NODE_COMM_ATTEMPT handle=1 profile=0 attempt=3 ret=0 rf=1 scheduled=0 state=0
DBG_GATEWAY_RX_START reason=gateway mesh restart active=1 qrx=0 qtx=0 adv_due=0
DBG_COORD state=gateway-rx owner=uwb-rx reason=gateway-rx rx=0 tx=0 relay=0 route=0 ack=0 qack=0
DBG_DWM_INVALIDATE tag=configure_radio_from_reset active_phy=4 configured=1 awake=1
DBG_DWM_MARK_UNCONFIGURED tag=initialise_radio prev_phy=0
DBG_GATEWAY_CH9_RX_COMMAND_PREEMPT now=126564 rem=100 frames=0
DBG_GATEWAY_CH9_RX_CONT_DONE ret=-140 len=0 fail=0 recover=0
DBG_NC o=0000000000000001 g=00000001 w=00 e=00000023 s=00000005 q=0006>0004 r=00000000 f=00000024 t=00000000 p=00000000 a=00
DBG_NODE_COMM_TX_BEGIN handle=1 profile=0 msg=64 dst=0x0 seq=1
DBG_CONTROL_RX_HANDOFF_READY abort=0
DBG_COORD state=idle owner=c5-flood reason=idle rx=0 tx=0 relay=0 route=0 ack=0 qack=0
DBG_DWM_INVALIDATE tag=configure_radio_from_reset active_phy=3 configured=1 awake=1
DBG_DWM_MARK_UNCONFIGURED tag=initialise_radio prev_phy=0
DBG_DWM_INVALIDATE tag=configure_radio_from_reset active_phy=2 configured=1 awake=0
DBG_DWM_MARK_UNCONFIGURED tag=initialise_radio prev_phy=0
DBG_DWM_WAKE_MESH_CTRL_OK sfd=4073
DBG_C5_TX_CONFIG ret=0 ext=1 len=133 msg=40 reason=bounded-c5-flood
DBG_UWB_TX_CH5
DBG_NC o=0000000000000001 g=00000001 w=00 e=00000022 s=00000005 q=0004>0005 r=00000000 f=00000001 t=00000000 p=00000000 a=00
DBG_NC o=0000000000000001 g=00000001 w=00 e=00000041 s=00000005 q=0005>0008 r=00000000 f=00000026 t=00000000 p=00000001 a=04
DBG_NODE_COMM_ATTEMPT handle=1 profile=0 attempt=4 ret=0 rf=1 scheduled=0 state=0
DBG_GATEWAY_RX_START reason=gateway mesh restart active=1 qrx=0 qtx=0 adv_due=0
DBG_ENUM_RF_RESULT kind=1 handle=1 success=1 reason=0 tries=4
DBG_COORD state=gateway-rx owner=uwb-rx reason=gateway-rx rx=0 tx=0 relay=0 route=0 ack=0 qack=0
DBG_DWM_INVALIDATE tag=configure_radio_from_reset active_phy=4 configured=1 awake=1
DBG_DWM_MARK_UNCONFIGURED tag=initialise_radio prev_phy=0
DBG_GATEWAY_COMMAND_PRIORITY_SUBMIT ret=0 now=279992
DBG_GATEWAY_CH9_RX_COMMAND_PREEMPT now=280004 rem=100 frames=0
DBG_GATEWAY_CH9_RX_CONT_DONE ret=-140 len=0 fail=0 recover=0
DBG_NC o=0000000000000002 g=00000002 w=00 e=0000003c s=00000005 q=0000>0004 r=00000000 f=00000024 t=00000000 p=00000000 a=00
DBG_NODE_COMM_SUBMIT handle=2 profile=6 token=17039362 deadline=290004
DBG_ENUM_FLOOD kind=4 handle=2
DBG_ENUM_ABORT_TX epoch=19660803 claim_session=19660803 claim_seq=19660803 ret=0
DBG_NODE_COMM_TX_BEGIN handle=2 profile=6 msg=64 dst=0x0 seq=2
DBG_CONTROL_RX_HANDOFF_READY abort=0
DBG_COORD state=idle owner=c5-flood reason=idle rx=0 tx=0 relay=0 route=0 ack=0 qack=0
DBG_DWM_INVALIDATE tag=configure_radio_from_reset active_phy=3 configured=1 awake=1
DBG_DWM_MARK_UNCONFIGURED tag=initialise_radio prev_phy=0
DBG_DWM_INVALIDATE tag=configure_radio_from_reset active_phy=2 configured=1 awake=0
DBG_DWM_MARK_UNCONFIGURED tag=initialise_radio prev_phy=0
DBG_DWM_WAKE_MESH_CTRL_OK sfd=4073
DBG_C5_TX_CONFIG ret=0 ext=1 len=147 msg=40 reason=bounded-c5-flood
DBG_UWB_TX_CH5
DBG_NC o=0000000000000002 g=00000002 w=00 e=00000022 s=00000005 q=0004>0005 r=00000000 f=00000001 t=00000000 p=00000000 a=00
DBG_NC o=0000000000000002 g=00000002 w=00 e=00000041 s=00000005 q=0005>0008 r=00000000 f=00000026 t=00000000 p=00000001 a=01
DBG_NODE_COMM_ATTEMPT handle=2 profile=6 attempt=1 ret=0 rf=1 scheduled=0 state=0
DBG_GATEWAY_RX_START reason=gateway mesh restart active=1 qrx=0 qtx=0 adv_due=0
DBG_ENUM_RF_RESULT kind=4 handle=2 success=1 reason=0 tries=1
DBG_STACK_RUN_BEGIN epoch=18156053414285668215 run=5 kind=ble_backpressure owner=system_workqueue queue=1 custody=1 credit=0 retry=0 drain=1 src=11068027678940948070 dst=11068027678940948070 session=303615029 seq=52277 type=65 sequence=0 previous=0 uptime=280063
DBG_STACK_SAMPLE_BEGIN epoch=18156053414285668215 run=5 sample=5 kind=ble_backpressure owner=system_workqueue queue=1 custody=1 credit=0 retry=0 drain=1 src=11068027678940948070 dst=11068027678940948070 session=303615029 seq=52277 type=65 uptime=280064
DBG_STACK_ISR_CONFIG size=8192 run=5 sample=5
DBG_STACK name=BT RX WQ tid=0x2000fe18 used=760 free=776 size=1536 ret=0 run=5 sample=5
DBG_STACK name=mesh_route tid=0x2000d560 used=5880 free=2312 size=8192 ret=0 run=5 sample=5
DBG_STACK name=sysworkq tid=0x20010d70 used=2304 free=2176 size=4480 ret=0 run=5 sample=5
DBG_STACK name=MPSL Work tid=0x20010b28 used=376 free=648 size=1024 ret=0 run=5 sample=5
DBG_STACK name=logging tid=0x2000f920 used=480 free=1568 size=2048 ret=0 run=5 sample=5
DBG_STACK name=idle tid=0x20010c00 used=64 free=256 size=320 ret=0 run=5 sample=5
DBG_STACK_SAMPLE_END run=5 sample=5
DBG_STACK_RUN_END epoch=18156053414285668215 run=5 kind=ble_backpressure owner=system_workqueue outcome=ack queue=2 custody=0 credit=1 retry=0 drain=2 src=11068027678940948070 dst=11068027678940948070 session=303615029 seq=52277 type=65 samples=1 sequence=0 previous=0 uptime=280092
DBG_STACK_RUN_BEGIN epoch=18156053414285668215 run=6 kind=ble_backpressure owner=system_workqueue queue=1 custody=1 credit=0 retry=0 drain=1 src=11068027678940948070 dst=11068027678940948070 session=19660809 seq=9 type=86 sequence=0 previous=0 uptime=280151
DBG_STACK_SAMPLE_BEGIN epoch=18156053414285668215 run=6 sample=6 kind=ble_backpressure owner=system_workqueue queue=1 custody=1 credit=0 retry=0 drain=1 src=11068027678940948070 dst=11068027678940948070 session=19660809 seq=9 type=86 uptime=280151
DBG_STACK_ISR_CONFIG size=8192 run=6 sample=6
DBG_STACK name=BT RX WQ tid=0x2000fe18 used=760 free=776 size=1536 ret=0 run=6 sample=6
DBG_STACK name=mesh_route tid=0x2000d560 used=5880 free=2312 size=8192 ret=0 run=6 sample=6
DBG_STACK name=sysworkq tid=0x20010d70 used=2304 free=2176 size=4480 ret=0 run=6 sample=6
DBG_STACK name=MPSL Work tid=0x20010b28 used=376 free=648 size=1024 ret=0 run=6 sample=6
DBG_STACK name=logging tid=0x2000f920 used=480 free=1568 size=2048 ret=0 run=6 sample=6
DBG_STACK name=idle tid=0x20010c00 used=64 free=256 size=320 ret=0 run=6 sample=6
DBG_STACK_SAMPLE_END run=6 sample=6
DBG_STACK_RUN_END epoch=18156053414285668215 run=6 kind=ble_backpressure owner=system_workqueue outcome=ack queue=1 custody=0 credit=1 retry=0 drain=1 src=11068027678940948070 dst=11068027678940948070 session=19660809 seq=9 type=86 samples=1 sequence=0 previous=0 uptime=280165
DBG_GATEWAY_BLE event=disconnected reason=19 uptime=282219
DBG_GATEWAY_BLE event=recovery round=1 delay_ms=417 reason=disconnected uptime=282219
