[34m0000525[0m [36mI[0m Target type is nrf52833 [2m[board][0m
[34m0000554[0m [36mI[0m Performing connect pre-reset [2m[coresight_target][0m
[34m0000807[0m [36mI[0m DAP is not accessible after reset; attempting reconnect [2m[dap][0m
[34m0000913[0m [36mI[0m DP IDR = 0x2ba01477 (v1 rev2) [2m[dap][0m
[34m0000920[0m [36mI[0m AHB-AP#0 IDR = 0x24770011 (AHB-AP var1 rev2) [2m[discovery][0m
[34m0000920[0m [36mI[0m AP#1 IDR = 0x02880000 (AP var0 rev0) [2m[discovery][0m
[34m0000921[0m [36mI[0m NRF52833 not in secure state [2m[target_nRF52][0m
[34m0000924[0m [36mI[0m AHB-AP#0 Class 0x1 ROM table #0 @ 0xe00ff000 (designer=244 part=00d) [2m[rom_table][0m
[34m0000927[0m [36mI[0m [0]<e000e000:SCS v7-M class=14 designer=43b:Arm part=00c> [2m[rom_table][0m
[34m0000928[0m [36mI[0m [1]<e0001000:DWT v7-M class=14 designer=43b:Arm part=002> [2m[rom_table][0m
[34m0000930[0m [36mI[0m [2]<e0002000:FPB v7-M class=14 designer=43b:Arm part=003> [2m[rom_table][0m
[34m0000931[0m [36mI[0m [3]<e0000000:ITM v7-M class=14 designer=43b:Arm part=001> [2m[rom_table][0m
[34m0000934[0m [36mI[0m [4]<e0040000:TPIU M4 class=9 designer=43b:Arm part=9a1 devtype=11 archid=0000 devid=ca1:0:0> [2m[rom_table][0m
[34m0000936[0m [36mI[0m [5]<e0041000:ETM M4 class=9 designer=43b:Arm part=925 devtype=13 archid=0000 devid=0:0:0> [2m[rom_table][0m
[34m0000940[0m [36mI[0m CPU core #0: Cortex-M4 r0p1, v7.0-M architecture [2m[cortex_m][0m
[34m0000940[0m [36mI[0m   Extensions: [DSP, FPU, FPU_V4, MPU] [2m[cortex_m][0m
[34m0000940[0m [36mI[0m   FPU present: FPv4-SP-D16-M [2m[cortex_m][0m
[34m0000942[0m [36mI[0m This appears to be an nRF52833 AA B0 [2m[target_nRF52][0m
[34m0000946[0m [36mI[0m 4 hardware watchpoints [2m[dwt][0m
[34m0000948[0m [36mI[0m 6 hardware breakpoints, 4 literal comparators [2m[fpb][0m
[34m0000972[0m [36mI[0m 3 up channels and 3 down channels found [2m[rtt_cmd][0m
[34m0000972[0m [36mI[0m Reading from up channel 0 ("Terminal") [2m[rtt_cmd][0m
[34m0000974[0m [36mI[0m Writing to down channel 0 ("Terminal") [2m[rtt_cmd][0m
DBG_STACK_BOOT preset=mesh_gateway build=imec-stack-v1:mesh_gateway:ef598760ad091ed9f2e45293a9190a0b9065f1b7e09bf81faefd77bbb228b932 epoch=17114734054514057858 uptime=2
mesh node identity: ficr=0xeefc9670907f2ef7 node=0x9999888877776666 preset=mesh_gateway
DBG_LED_SELFTEST_CH5_RX
DBG_DIRECT_GW_PROBE_BOOT resetreas=0x00000000 phase=none
DBG_NODE_COMM_BOOT stage=init ret=0 running=1 uptime=1010
DBG_GATEWAY_BOOT stage=ble_begin uptime=1018
DBG_GATEWAY_BLE stage=entry enabled=1 uptime=1019
DBG_GATEWAY_BLE stage=bt_enable ret=0 uptime=1024
DBG_GATEWAY_BLE stage=adv_start ret=0 active=1 quiet=0 uptime=1026
DBG_GATEWAY_BOOT stage=ble_done ret=0 uptime=1026
DBG_GATEWAY_BOOT stage=ch9_begin uptime=1026
DBG_GATEWAY_RX_START reason=gateway startup active=1 qrx=0 qtx=0 adv_due=0
DBG_GATEWAY_BOOT stage=ch9_done ret=0 uptime=1026
DBG_COORD state=gateway-rx owner=uwb-rx reason=gateway-rx rx=0 tx=0 relay=0 route=0 ack=0 qack=0
DBG_DWM_INVALIDATE tag=configure_radio_from_reset active_phy=0 configured=0 awake=0
DBG_GATEWAY_CH9_RX_CONT_RESULT start=154964 end=155465 ret=-116 fail=0 status=0x00000000 len=0 frames=0
DBG_GATEWAY_CH9_RX_CONT_ARM now=155467 rem=500 frames=0 errors=0
DBG_GATEWAY_CH9_RX_CONT_RESULT start=155467 end=155968 ret=-116 fail=0 status=0x00000000 len=0 frames=0
DBG_GATEWAY_CH9_RX_CONT_ARM now=155970 rem=500 frames=0 errors=0
DBG_GATEWAY_CH9_RX_CONT_RESULT start=155970 end=156471 ret=-116 fail=0 status=0x00000000 len=0 frames=0
DBG_GATEWAY_CH9_RX_CONT_ARM now=156473 rem=500 frames=0 errors=0
DBG_GATEWAY_CH9_RX_CONT_RESULT start=156473 end=156974 ret=-116 fail=0 status=0x00000000 len=0 frames=0
DBG_GATEWAY_CH9_RX_CONT_ARM now=156976 rem=500 frames=0 errors=0
DBG_GATEWAY_CH9_RX_CONT_RESULT start=156976 end=157477 ret=-116 fail=0 status=0x00000000 len=0 frames=0
DBG_GATEWAY_CH9_RX_CONT_ARM now=157479 rem=500 frames=0 errors=0
DBG_GATEWAY_CH9_RX_CONT_RESULT start=157479 end=157980 ret=-116 fail=0 status=0x00000000 len=0 frames=0
DBG_GATEWAY_CH9_RX_CONT_ARM now=157982 rem=500 frames=0 errors=0
DBG_GATEWAY_CH9_RX_CONT_RESULT start=157982 end=158483 ret=-116 fail=0 status=0x00000000 len=0 frames=0
DBG_GATEWAY_CH9_RX_CONT_ARM now=158485 rem=500 frames=0 errors=0
DBG_GATEWAY_CH9_RX_CONT_RESULT start=158485 end=158986 ret=-116 fail=0 status=0x00000000 len=0 frames=0
DBG_GATEWAY_CH9_RX_CONT_ARM now=158988 rem=500 frames=0 errors=0
DBG_GATEWAY_CH9_RX_CONT_RESULT start=158988 end=159489 ret=-116 fail=0 status=0x00000000 len=0 frames=0
DBG_GATEWAY_CH9_RX_CONT_ARM now=159491 rem=500 frames=0 errors=0
DBG_GATEWAY_CH9_RX_CONT_RESULT start=159491 end=159992 ret=-116 fail=0 status=0x00000000 len=0 frames=0
DBG_GATEWAY_CH9_RX_CONT_ARM now=159994 rem=500 frames=0 errors=0
DBG_GATEWAY_CH9_RX_CONT_RESULT start=159994 end=160495 ret=-116 fail=0 status=0x00000000 len=0 frames=0
DBG_GATEWAY_CH9_RX_CONT_ARM now=160497 rem=500 frames=0 errors=0
DBG_GATEWAY_CH9_RX_CONT_RESULT start=160497 end=160998 ret=-116 fail=0 status=0x00000000 len=0 frames=0
DBG_GATEWAY_CH9_RX_CONT_ARM now=161000 rem=500 frames=0 errors=0
DBG_GATEWAY_CH9_RX_CONT_RESULT start=161000 end=161501 ret=-116 fail=0 status=0x00000000 len=0 frames=0
DBG_GATEWAY_CH9_RX_CONT_ARM now=161503 rem=500 frames=0 errors=0
DBG_GATEWAY_CH9_RX_CONT_RESULT start=161503 end=162004 ret=-116 fail=0 status=0x00000000 len=0 frames=0
DBG_GATEWAY_CH9_RX_CONT_ARM now=162006 rem=500 frames=0 errors=0
DBG_GATEWAY_CH9_RX_CONT_RESULT start=162006 end=162507 ret=-116 fail=0 status=0x00000000 len=0 frames=0
DBG_GATEWAY_CH9_RX_CONT_ARM now=162509 rem=500 frames=0 errors=0
DBG_GATEWAY_CH9_RX_CONT_RESULT start=162509 end=163010 ret=-116 fail=0 status=0x00000000 len=0 frames=0
DBG_GATEWAY_CH9_RX_CONT_ARM now=163012 rem=500 frames=0 errors=0
DBG_GATEWAY_CH9_RX_CONT_RESULT start=163012 end=163513 ret=-116 fail=0 status=0x00000000 len=0 frames=0
DBG_GATEWAY_CH9_RX_CONT_ARM now=163515 rem=500 frames=0 errors=0
DBG_GATEWAY_CH9_RX_CONT_RESULT start=163515 end=164016 ret=-116 fail=0 status=0x00000000 len=0 frames=0
DBG_GATEWAY_CH9_RX_CONT_ARM now=164018 rem=500 frames=0 errors=0
DBG_GATEWAY_CH9_RX_CONT_RESULT start=164018 end=164519 ret=-116 fail=0 status=0x00000000 len=0 frames=0
DBG_GATEWAY_CH9_RX_CONT_ARM now=164521 rem=500 frames=0 errors=0
DBG_GATEWAY_CH9_RX_CONT_RESULT start=164521 end=165022 ret=-116 fail=0 status=0x00000000 len=0 frames=0
DBG_GATEWAY_CH9_RX_CONT_ARM now=165024 rem=500 frames=0 errors=0
DBG_GATEWAY_CH9_RX_CONT_RESULT start=165024 end=165525 ret=-116 fail=0 status=0x00000000 len=0 frames=0
DBG_GATEWAY_CH9_RX_CONT_ARM now=165527 rem=500 frames=0 errors=0
DBG_GATEWAY_CH9_RX_CONT_RESULT start=165527 end=166028 ret=-116 fail=0 status=0x00000000 len=0 frames=0
DBG_GATEWAY_CH9_RX_CONT_ARM now=166030 rem=500 frames=0 errors=0
DBG_GATEWAY_CH9_RX_CONT_RESULT start=166030 end=166531 ret=-116 fail=0 status=0x00000000 len=0 frames=0
DBG_GATEWAY_CH9_RX_CONT_ARM now=166533 rem=500 frames=0 errors=0
DBG_GATEWAY_CH9_RX_CONT_RESULT start=166533 end=167034 ret=-116 fail=0 status=0x00000000 len=0 frames=0
DBG_GATEWAY_CH9_RX_CONT_ARM now=167036 rem=500 frames=0 errors=0
DBG_GATEWAY_CH9_RX_CONT_RESULT start=167036 end=167537 ret=-116 fail=0 status=0x00000000 len=0 frames=0
DBG_GATEWAY_CH9_RX_CONT_ARM now=167539 rem=500 frames=0 errors=0
DBG_GATEWAY_CH9_RX_CONT_RESULT start=167539 end=168040 ret=-116 fail=0 status=0x00000000 len=0 frames=0
DBG_GATEWAY_CH9_RX_CONT_ARM now=168042 rem=500 frames=0 errors=0
DBG_GATEWAY_CH9_RX_CONT_RESULT start=168042 end=168543 ret=-116 fail=0 status=0x00000000 len=0 frames=0
DBG_GATEWAY_CH9_RX_CONT_ARM now=168545 rem=500 frames=0 errors=0
DBG_GATEWAY_CH9_RX_CONT_RESULT start=168545 end=169046 ret=-116 fail=0 status=0x00000000 len=0 frames=0
DBG_GATEWAY_CH9_RX_CONT_ARM now=169048 rem=500 frames=0 errors=0
DBG_GATEWAY_CH9_RX_CONT_RESULT start=169048 end=169549 ret=-116 fail=0 status=0x00000000 len=0 frames=0
DBG_GATEWAY_CH9_RX_CONT_ARM now=169551 rem=500 frames=0 errors=0
DBG_GATEWAY_CH9_RX_CONT_RESULT start=169551 end=170052 ret=-116 fail=0 status=0x00000000 len=0 frames=0
DBG_GATEWAY_CH9_RX_CONT_ARM now=170054 rem=500 frames=0 errors=0
DBG_GATEWAY_CH9_RX_CONT_RESULT start=170054 end=170555 ret=-116 fail=0 status=0x00000000 len=0 frames=0
DBG_GATEWAY_CH9_RX_CONT_ARM now=170557 rem=500 frames=0 errors=0
DBG_GATEWAY_CH9_RX_CONT_RESULT start=170557 end=171058 ret=-116 fail=0 status=0x00000000 len=0 frames=0
DBG_GATEWAY_CH9_RX_CONT_ARM now=171060 rem=500 frames=0 errors=0
DBG_GATEWAY_CH9_RX_CONT_RESULT start=171060 end=171561 ret=-116 fail=0 status=0x00000000 len=0 frames=0
DBG_GATEWAY_CH9_RX_CONT_ARM now=171563 rem=500 frames=0 errors=0
DBG_GATEWAY_CH9_RX_CONT_RESULT start=171563 end=172064 ret=-116 fail=0 status=0x00000000 len=0 frames=0
DBG_GATEWAY_CH9_RX_CONT_ARM now=172066 rem=500 frames=0 errors=0
DBG_GATEWAY_CH9_RX_CONT_RESULT start=172066 end=172567 ret=-116 fail=0 status=0x00000000 len=0 frames=0
DBG_GATEWAY_CH9_RX_CONT_ARM now=172569 rem=500 frames=0 errors=0
DBG_GATEWAY_CH9_RX_CONT_RESULT start=172569 end=173070 ret=-116 fail=0 status=0x00000000 len=0 frames=0
DBG_GATEWAY_CH9_RX_CONT_ARM now=173072 rem=500 frames=0 errors=0
DBG_GATEWAY_CH9_RX_CONT_RESULT start=173072 end=173573 ret=-116 fail=0 status=0x00000000 len=0 frames=0
DBG_GATEWAY_CH9_RX_CONT_ARM now=173575 rem=500 frames=0 errors=0
DBG_GATEWAY_CH9_RX_CONT_RESULT start=173575 end=174076 ret=-116 fail=0 status=0x00000000 len=0 frames=0
DBG_GATEWAY_CH9_RX_CONT_ARM now=174078 rem=500 frames=0 errors=0
DBG_GATEWAY_CH9_RX_CONT_RESULT start=174078 end=174579 ret=-116 fail=0 status=0x00000000 len=0 frames=0
DBG_GATEWAY_CH9_RX_CONT_ARM now=174581 rem=500 frames=0 errors=0
DBG_GATEWAY_CH9_RX_CONT_RESULT start=174581 end=175082 ret=-116 fail=0 status=0x00000000 len=0 frames=0
DBG_GATEWAY_CH9_RX_CONT_ARM now=175084 rem=500 frames=0 errors=0
DBG_GATEWAY_CH9_RX_CONT_RESULT start=175084 end=175585 ret=-116 fail=0 status=0x00000000 len=0 frames=0
DBG_GATEWAY_CH9_RX_CONT_ARM now=175587 rem=500 frames=0 errors=0
DBG_GATEWAY_CH9_RX_CONT_RESULT start=175587 end=176088 ret=-116 fail=0 status=0x00000000 len=0 frames=0
DBG_GATEWAY_CH9_RX_CONT_ARM now=176090 rem=500 frames=0 errors=0
DBG_GATEWAY_CH9_RX_CONT_RESULT start=176090 end=176591 ret=-116 fail=0 status=0x00000000 len=0 frames=0
DBG_GATEWAY_CH9_RX_CONT_ARM now=176593 rem=500 frames=0 errors=0
DBG_GATEWAY_CH9_RX_CONT_RESULT start=176593 end=177094 ret=-116 fail=0 status=0x00000000 len=0 frames=0
DBG_GATEWAY_CH9_RX_CONT_ARM now=177096 rem=500 frames=0 errors=0
DBG_GATEWAY_CH9_RX_CONT_RESULT start=177096 end=177597 ret=-116 fail=0 status=0x00000000 len=0 frames=0
DBG_GATEWAY_CH9_RX_CONT_ARM now=177599 rem=500 frames=0 errors=0
DBG_GATEWAY_CH9_RX_CONT_RESULT start=177599 end=178100 ret=-116 fail=0 status=0x00000000 len=0 frames=0
DBG_GATEWAY_CH9_RX_CONT_ARM now=178102 rem=500 frames=0 errors=0
DBG_GATEWAY_CH9_RX_CONT_RESULT start=178102 end=178603 ret=-116 fail=0 status=0x00000000 len=0 frames=0
DBG_GATEWAY_CH9_RX_CONT_ARM now=178605 rem=500 frames=0 errors=0
DBG_GATEWAY_CH9_RX_CONT_RESULT start=178605 end=179106 ret=-116 fail=0 status=0x00000000 len=0 frames=0
DBG_GATEWAY_CH9_RX_CONT_ARM now=179108 rem=500 frames=0 errors=0
DBG_GATEWAY_CH9_RX_CONT_RESULT start=179108 end=179609 ret=-116 fail=0 status=0x00000000 len=0 frames=0
DBG_GATEWAY_CH9_RX_CONT_ARM now=179611 rem=500 frames=0 errors=0
DBG_GATEWAY_CH9_RX_CONT_RESULT start=179611 end=180112 ret=-116 fail=0 status=0x00000000 len=0 frames=0
DBG_GATEWAY_CH9_RX_CONT_ARM now=180114 rem=500 frames=0 errors=0
DBG_GATEWAY_CH9_RX_CONT_RESULT start=180114 end=180615 ret=-116 fail=0 status=0x00000000 len=0 frames=0
DBG_GATEWAY_CH9_RX_CONT_ARM now=180617 rem=500 frames=0 errors=0
DBG_GATEWAY_CH9_RX_CONT_RESULT start=180617 end=181118 ret=-116 fail=0 status=0x00000000 len=0 frames=0
DBG_GATEWAY_CH9_RX_CONT_ARM now=181120 rem=500 frames=0 errors=0
DBG_GATEWAY_CH9_RX_CONT_RESULT start=181120 end=181621 ret=-116 fail=0 status=0x00000000 len=0 frames=0
DBG_GATEWAY_CH9_RX_CONT_ARM now=181623 rem=500 frames=0 errors=0
DBG_GATEWAY_CH9_RX_CONT_RESULT start=181623 end=182124 ret=-116 fail=0 status=0x00000000 len=0 frames=0
DBG_GATEWAY_CH9_RX_CONT_ARM now=182126 rem=500 frames=0 errors=0
DBG_GATEWAY_CH9_RX_CONT_RESULT start=182126 end=182627 ret=-116 fail=0 status=0x00000000 len=0 frames=0
DBG_GATEWAY_CH9_RX_CONT_ARM now=182629 rem=500 frames=0 errors=0
DBG_GATEWAY_CH9_RX_CONT_RESULT start=182629 end=183130 ret=-116 fail=0 status=0x00000000 len=0 frames=0
DBG_GATEWAY_CH9_RX_CONT_ARM now=183132 rem=500 frames=0 errors=0
DBG_GATEWAY_CH9_RX_CONT_RESULT start=183132 end=183633 ret=-116 fail=0 status=0x00000000 len=0 frames=0
DBG_GATEWAY_CH9_RX_CONT_ARM now=183635 rem=500 frames=0 errors=0
DBG_GATEWAY_CH9_RX_CONT_RESULT start=183635 end=184136 ret=-116 fail=0 status=0x00000000 len=0 frames=0
DBG_GATEWAY_CH9_RX_CONT_ARM now=184138 rem=500 frames=0 errors=0
DBG_GATEWAY_CH9_RX_CONT_RESULT start=184138 end=184639 ret=-116 fail=0 status=0x00000000 len=0 frames=0
DBG_GATEWAY_CH9_RX_CONT_ARM now=184641 rem=500 frames=0 errors=0
DBG_GATEWAY_CH9_RX_CONT_RESULT start=184641 end=185142 ret=-116 fail=0 status=0x00000000 len=0 frames=0
DBG_GATEWAY_CH9_RX_CONT_ARM now=185144 rem=500 frames=0 errors=0
DBG_GATEWAY_CH9_RX_CONT_RESULT start=185144 end=185645 ret=-116 fail=0 status=0x00000000 len=0 frames=0
DBG_GATEWAY_CH9_RX_CONT_ARM now=185647 rem=500 frames=0 errors=0
DBG_GATEWAY_CH9_RX_CONT_RESULT start=185647 end=186148 ret=-116 fail=0 status=0x00000000 len=0 frames=0
DBG_GATEWAY_CH9_RX_CONT_ARM now=186150 rem=500 frames=0 errors=0
DBG_GATEWAY_CH9_RX_CONT_RESULT start=186150 end=186651 ret=-116 fail=0 status=0x00000000 len=0 frames=0
DBG_GATEWAY_CH9_RX_CONT_ARM now=186653 rem=500 frames=0 errors=0
DBG_GATEWAY_BLE event=connected err=0 uptime=186839
DBG_GATEWAY_BLE event=param-request ret=0 interval=24-40 latency=0 timeout_ms=12000 uptime=186840
DBG_GATEWAY_CH9_RX_CONT_RESULT start=186653 end=187154 ret=-116 fail=0 status=0x00000000 len=0 frames=0
DBG_GATEWAY_CH9_RX_CONT_ARM now=187156 rem=500 frames=0 errors=0
DBG_GATEWAY_CH9_RX_CONT_RESULT start=187156 end=187657 ret=-116 fail=0 status=0x00000000 len=0 frames=0
DBG_GATEWAY_CH9_RX_CONT_ARM now=187659 rem=500 frames=0 errors=0
DBG_GATEWAY_CH9_RX_CONT_RESULT start=187659 end=188160 ret=-116 fail=0 status=0x00000000 len=0 frames=0
DBG_GATEWAY_CH9_RX_CONT_ARM now=188162 rem=500 frames=0 errors=0
DBG_GATEWAY_COMMAND_PRIORITY_SUBMIT ret=0 now=188491
DBG_STACK_RUN_BEGIN epoch=17114734054514057858 run=1 kind=ble_backpressure owner=system_workqueue queue=1 custody=1 credit=0 retry=0 drain=1 src=11068027678940948070 dst=11068027678940948070 session=48758785 seq=1 type=86 sequence=0 previous=0 uptime=188491
DBG_STACK_SAMPLE_BEGIN epoch=17114734054514057858 run=1 sample=1 kind=ble_backpressure owner=system_workqueue queue=1 custody=1 credit=0 retry=0 drain=1 src=11068027678940948070 dst=11068027678940948070 session=48758785 seq=1 type=86 uptime=188492
DBG_STACK_ISR_CONFIG size=8192 run=1 sample=1
DBG_STACK name=BT RX WQ tid=0x2000fe28 used=760 free=776 size=1536 ret=0 run=1 sample=1
DBG_STACK name=mesh_route tid=0x2000d560 used=2248 free=5944 size=8192 ret=0 run=1 sample=1
DBG_STACK name=sysworkq tid=0x20010d80 used=2304 free=2176 size=4480 ret=0 run=1 sample=1
DBG_STACK name=MPSL Work tid=0x20010b38 used=344 free=680 size=1024 ret=0 run=1 sample=1
DBG_STACK name=logging tid=0x2000f930 used=480 free=1568 size=2048 ret=0 run=1 sample=1
DBG_STACK name=idle tid=0x20010c10 used=64 free=256 size=320 ret=0 run=1 sample=1
DBG_STACK_SAMPLE_END run=1 sample=1
DBG_STACK_RUN_END epoch=17114734054514057858 run=1 kind=ble_backpressure owner=system_workqueue outcome=ack queue=2 custody=0 credit=1 retry=0 drain=2 src=11068027678940948070 dst=11068027678940948070 session=48758785 seq=1 type=86 samples=1 sequence=0 previous=0 uptime=188503
DBG_GATEWAY_BLE event=param-updated interval=36 latency=0 timeout_ms=420 uptime=188535
DBG_WAKE_TRAIN_CONFIG_BEGIN
DBG_DWM_INVALIDATE tag=configure_radio_from_reset active_phy=2 configured=1 awake=0
DBG_DWM_MARK_UNCONFIGURED tag=initialise_radio prev_phy=0
DBG_WAKE_TRAIN_CONFIG_OK
DBG_WAKE_TRAIN_FIRST_SEND_BEGIN
DBG_WAKE_TRAIN_FIRST_SEND_OK
DBG_UWB_TX_CH5
DBG_TX_WAKE_CLAIM_SENT
DBG_UWB_TX_CH5
DBG_TX_WAKE_CLAIM_SENT
DBG_STACK_RUN_BEGIN epoch=17114734054514057858 run=2 kind=ble_backpressure owner=system_workqueue queue=1 custody=1 credit=0 retry=0 drain=1 src=11068027678940948070 dst=11068027678940948070 session=48758786 seq=2 type=86 sequence=0 previous=0 uptime=188581
DBG_STACK_SAMPLE_BEGIN epoch=17114734054514057858 run=2 sample=2 kind=ble_backpressure owner=system_workqueue queue=1 custody=1 credit=0 retry=0 drain=1 src=11068027678940948070 dst=11068027678940948070 session=48758786 seq=2 type=86 uptime=188581
DBG_STACK_ISR_CONFIG size=8192 run=2 sample=2
DBG_STACK name=BT RX WQ tid=0x2000fe28 used=760 free=776 size=1536 ret=0 run=2 sample=2
DBG_STACK name=mesh_route tid=0x2000d560 used=2264 free=5928 size=8192 ret=0 run=2 sample=2
DBG_STACK name=sysworkq tid=0x20010d80 used=2304 free=2176 size=4480 ret=0 run=2 sample=2
DBG_STACK name=MPSL Work tid=0x20010b38 used=344 free=680 size=1024 ret=0 run=2 sample=2
DBG_STACK name=logging tid=0x2000f930 used=480 free=1568 size=2048 ret=0 run=2 sample=2
DBG_STACK name=idle tid=0x20010c10 used=64 free=256 size=320 ret=0 run=2 sample=2
DBG_STACK_SAMPLE_END run=2 sample=2
DBG_STACK_RUN_END epoch=17114734054514057858 run=2 kind=ble_backpressure owner=system_workqueue outcome=ack queue=1 custody=0 credit=1 retry=0 drain=1 src=11068027678940948070 dst=11068027678940948070 session=48758786 seq=2 type=86 samples=1 sequence=0 previous=0 uptime=188598
DBG_UWB_TX_CH5
DBG_TX_WAKE_CLAIM_SENT
DBG_UWB_TX_CH5
DBG_TX_WAKE_CLAIM_SENT
DBG_UWB_TX_CH5
DBG_TX_WAKE_CLAIM_SENT
DBG_UWB_TX_CH5
DBG_TX_WAKE_CLAIM_SENT
DBG_UWB_TX_CH5
DBG_TX_WAKE_CLAIM_SENT
DBG_UWB_TX_CH5
DBG_TX_WAKE_CLAIM_SENT
DBG_UWB_TX_CH5
DBG_TX_WAKE_CLAIM_SENT
DBG_UWB_TX_CH5
DBG_TX_WAKE_CLAIM_SENT
DBG_UWB_TX_CH5
DBG_TX_WAKE_CLAIM_SENT
DBG_UWB_TX_CH5
DBG_TX_WAKE_CLAIM_SENT
DBG_UWB_TX_CH5
DBG_TX_WAKE_CLAIM_SENT
DBG_UWB_TX_CH5
DBG_TX_WAKE_CLAIM_SENT
DBG_UWB_TX_CH5
DBG_TX_WAKE_CLAIM_SENT
DBG_UWB_TX_CH5
DBG_TX_WAKE_CLAIM_SENT
DBG_UWB_TX_CH5
DBG_TX_WAKE_CLAIM_SENT
DBG_UWB_TX_CH5
DBG_TX_WAKE_CLAIM_SENT
DBG_UWB_TX_CH5
DBG_TX_WAKE_CLAIM_SENT
DBG_UWB_TX_CH5
DBG_TX_WAKE_CLAIM_SENT
DBG_UWB_TX_CH5
DBG_TX_WAKE_CLAIM_SENT
DBG_UWB_TX_CH5
DBG_TX_WAKE_CLAIM_SENT
DBG_UWB_TX_CH5
DBG_TX_WAKE_CLAIM_SENT
DBG_UWB_TX_CH5
DBG_TX_WAKE_CLAIM_SENT
DBG_UWB_TX_CH5
DBG_TX_WAKE_CLAIM_SENT
DBG_UWB_TX_CH5
DBG_TX_WAKE_CLAIM_SENT
DBG_UWB_TX_CH5
DBG_TX_WAKE_CLAIM_SENT
DBG_UWB_TX_CH5
DBG_TX_WAKE_CLAIM_SENT
DBG_UWB_TX_CH5
DBG_TX_WAKE_CLAIM_SENT
DBG_UWB_TX_CH5
DBG_TX_WAKE_CLAIM_SENT
DBG_UWB_TX_CH5
DBG_TX_WAKE_CLAIM_SENT
DBG_UWB_TX_CH5
DBG_TX_WAKE_CLAIM_SENT
DBG_UWB_TX_CH5
DBG_TX_WAKE_CLAIM_SENT
DBG_UWB_TX_CH5
DBG_TX_WAKE_CLAIM_SENT
DBG_UWB_TX_CH5
DBG_TX_WAKE_CLAIM_SENT
DBG_UWB_TX_CH5
DBG_TX_WAKE_CLAIM_SENT
DBG_UWB_TX_CH5
DBG_TX_WAKE_CLAIM_SENT
DBG_UWB_TX_CH5
DBG_TX_WAKE_CLAIM_SENT
DBG_UWB_TX_CH5
DBG_TX_WAKE_CLAIM_SENT
DBG_UWB_TX_CH5
DBG_TX_WAKE_CLAIM_SENT
DBG_UWB_TX_CH5
DBG_TX_WAKE_CLAIM_SENT
DBG_UWB_TX_CH5
DBG_TX_WAKE_CLAIM_SENT
DBG_UWB_TX_CH5
DBG_TX_WAKE_CLAIM_SENT
DBG_UWB_TX_CH5
DBG_TX_WAKE_CLAIM_SENT
DBG_UWB_TX_CH5
DBG_TX_WAKE_CLAIM_SENT
DBG_UWB_TX_CH5
DBG_TX_WAKE_CLAIM_SENT
DBG_UWB_TX_CH5
DBG_TX_WAKE_CLAIM_SENT
DBG_UWB_TX_CH5
DBG_TX_WAKE_CLAIM_SENT
DBG_UWB_TX_CH5
DBG_TX_WAKE_CLAIM_SENT
DBG_UWB_TX_CH5
DBG_TX_WAKE_CLAIM_SENT
DBG_UWB_TX_CH5
DBG_TX_WAKE_CLAIM_SENT
DBG_UWB_TX_CH5
DBG_TX_WAKE_CLAIM_SENT
DBG_UWB_TX_CH5
DBG_TX_WAKE_CLAIM_SENT
DBG_UWB_TX_CH5
DBG_TX_WAKE_CLAIM_SENT
DBG_UWB_TX_CH5
DBG_TX_WAKE_CLAIM_SENT
DBG_UWB_TX_CH5
DBG_TX_WAKE_CLAIM_SENT
DBG_UWB_TX_CH5
DBG_TX_WAKE_CLAIM_SENT
DBG_UWB_TX_CH5
DBG_TX_WAKE_CLAIM_SENT
DBG_UWB_TX_CH5
DBG_TX_WAKE_CLAIM_SENT
DBG_DWM_INVALIDATE tag=configure_radio_from_reset active_phy=2 configured=1 awake=1
DBG_DWM_MARK_UNCONFIGURED tag=initialise_radio prev_phy=0
DBG_DWM_INVALIDATE tag=configure_radio_from_reset active_phy=2 configured=1 awake=0
DBG_DWM_MARK_UNCONFIGURED tag=initialise_radio prev_phy=0
DBG_DWM_INVALIDATE tag=configure_radio_from_reset active_phy=2 configured=1 awake=0
DBG_DWM_MARK_UNCONFIGURED tag=initialise_radio prev_phy=0
DBG_DWM_WAKE_MESH_CTRL_OK sfd=4073
DBG_C5_TX_CONFIG ret=0 ext=1 len=178 msg=3c reason=bounded-c5-flood
DBG_UWB_TX_CH5
DBG_DWM_INVALIDATE tag=configure_radio_from_reset active_phy=4 configured=1 awake=0
DBG_DWM_MARK_UNCONFIGURED tag=initialise_radio prev_phy=0
DBG_DWM_WAKE_MESH_CTRL_OK sfd=4073
DBG_DWM_INVALIDATE tag=configure_radio_from_reset active_phy=4 configured=1 awake=0
DBG_DWM_MARK_UNCONFIGURED tag=initialise_radio prev_phy=0
DBG_DWM_INVALIDATE tag=configure_radio_from_reset active_phy=2 configured=1 awake=0
DBG_DWM_MARK_UNCONFIGURED tag=initialise_radio prev_phy=0
DBG_DWM_WAKE_MESH_CTRL_OK sfd=4073
DBG_C5_TX_CONFIG ret=0 ext=1 len=178 msg=3c reason=bounded-c5-flood
DBG_UWB_TX_CH5
DBG_DWM_INVALIDATE tag=configure_radio_from_reset active_phy=4 configured=1 awake=0
DBG_DWM_MARK_UNCONFIGURED tag=initialise_radio prev_phy=0
DBG_DWM_WAKE_MESH_CTRL_OK sfd=4073
DBG_DWM_INVALIDATE tag=configure_radio_from_reset active_phy=4 configured=1 awake=0
DBG_DWM_MARK_UNCONFIGURED tag=initialise_radio prev_phy=0
DBG_DWM_INVALIDATE tag=configure_radio_from_reset active_phy=2 configured=1 awake=0
DBG_DWM_MARK_UNCONFIGURED tag=initialise_radio prev_phy=0
DBG_DWM_WAKE_MESH_CTRL_OK sfd=4073
DBG_C5_TX_CONFIG ret=0 ext=1 len=178 msg=3c reason=bounded-c5-flood
DBG_UWB_TX_CH5
DBG_DWM_INVALIDATE tag=configure_radio_from_reset active_phy=4 configured=1 awake=0
DBG_DWM_MARK_UNCONFIGURED tag=initialise_radio prev_phy=0
DBG_DWM_WAKE_MESH_CTRL_OK sfd=4073
DBG_DWM_INVALIDATE tag=configure_radio_from_reset active_phy=4 configured=1 awake=0
DBG_DWM_MARK_UNCONFIGURED tag=initialise_radio prev_phy=0
DBG_DWM_INVALIDATE tag=configure_radio_from_reset active_phy=2 configured=1 awake=0
DBG_DWM_MARK_UNCONFIGURED tag=initialise_radio prev_phy=0
DBG_DWM_WAKE_MESH_CTRL_OK sfd=4073
DBG_C5_TX_CONFIG ret=0 ext=1 len=178 msg=3c reason=bounded-c5-flood
DBG_UWB_TX_CH5
DBG_GATEWAY_RX_START reason=gateway mesh restart active=1 qrx=0 qtx=0 adv_due=0
DBG_STACK_RUN_BEGIN epoch=17114734054514057858 run=3 kind=ble_backpressure owner=system_workqueue queue=1 custody=1 credit=0 retry=0 drain=1 src=11068027678940948070 dst=11068027678940948070 session=48758788 seq=4 type=86 sequence=0 previous=0 uptime=189424
DBG_STACK_SAMPLE_BEGIN epoch=17114734054514057858 run=3 sample=3 kind=ble_backpressure owner=system_workqueue queue=1 custody=1 credit=0 retry=0 drain=1 src=11068027678940948070 dst=11068027678940948070 session=48758788 seq=4 type=86 uptime=189424
DBG_STACK_ISR_CONFIG size=8192 run=3 sample=3
DBG_STACK name=BT RX WQ tid=0x2000fe28 used=760 free=776 size=1536 ret=0 run=3 sample=3
DBG_STACK name=mesh_route tid=0x2000d560 used=4336 free=3856 size=8192 ret=0 run=3 sample=3
DBG_STACK name=sysworkq tid=0x20010d80 used=2304 free=2176 size=4480 ret=0 run=3 sample=3
DBG_STACK name=MPSL Work tid=0x20010b38 used=344 free=680 size=1024 ret=0 run=3 sample=3
DBG_STACK name=logging tid=0x2000f930 used=480 free=1568 size=2048 ret=0 run=3 sample=3
DBG_STACK name=idle tid=0x20010c10 used=64 free=256 size=320 ret=0 run=3 sample=3
DBG_STACK_SAMPLE_END run=3 sample=3
DBG_STACK_RUN_END epoch=17114734054514057858 run=3 kind=ble_backpressure owner=system_workqueue outcome=ack queue=1 custody=0 credit=1 retry=0 drain=1 src=11068027678940948070 dst=11068027678940948070 session=48758788 seq=4 type=86 samples=1 sequence=0 previous=0 uptime=189451
DBG_GATEWAY_CH9_RX_CONT_ARM now=189454 rem=500 frames=0 errors=0
DBG_GATEWAY_CH9_RX_CONT_RESULT start=189454 end=189955 ret=-116 fail=0 status=0x02000000 len=0 frames=0
DBG_GATEWAY_CH9_RX_CONT_CAP now=189957 win=12167 adv_wait=12167 due=202124
DBG_GATEWAY_CH9_RX_CONT_ARM now=189957 rem=500 frames=0 errors=0
DBG_GATEWAY_CH9_RX_CONT_RESULT start=189957 end=190458 ret=-116 fail=0 status=0x00000000 len=0 frames=0
DBG_GATEWAY_CH9_RX_CONT_CAP now=190460 win=11664 adv_wait=11664 due=202124
DBG_GATEWAY_CH9_RX_CONT_ARM now=190460 rem=500 frames=0 errors=0
DBG_GATEWAY_CH9_RX_CONT_RESULT start=190460 end=190961 ret=-116 fail=0 status=0x00000000 len=0 frames=0
DBG_GATEWAY_CH9_RX_CONT_CAP now=190963 win=11161 adv_wait=11161 due=202124
DBG_GATEWAY_CH9_RX_CONT_ARM now=190963 rem=500 frames=0 errors=0
DBG_GATEWAY_CH9_RX_CONT_RESULT start=190963 end=191464 ret=-116 fail=0 status=0x00000000 len=0 frames=0
DBG_GATEWAY_CH9_RX_CONT_CAP now=191466 win=10658 adv_wait=10658 due=202124
DBG_GATEWAY_CH9_RX_CONT_ARM now=191466 rem=500 frames=0 errors=0
DBG_GATEWAY_CH9_RX_CONT_RESULT start=191466 end=191967 ret=-116 fail=0 status=0x00000000 len=0 frames=0
DBG_GATEWAY_CH9_RX_CONT_CAP now=191969 win=10155 adv_wait=10155 due=202124
DBG_GATEWAY_CH9_RX_CONT_ARM now=191969 rem=500 frames=0 errors=0
DBG_GATEWAY_BLE event=param-updated interval=36 latency=0 timeout_ms=12000 uptime=192179
DBG_GATEWAY_CH9_RX_CONT_RESULT start=191969 end=192470 ret=-116 fail=0 status=0x00000000 len=0 frames=0
DBG_GATEWAY_CH9_RX_CONT_CAP now=192472 win=9652 adv_wait=9652 due=202124
DBG_GATEWAY_CH9_RX_CONT_ARM now=192472 rem=500 frames=0 errors=0
DBG_GATEWAY_CH9_RX_CONT_RESULT start=192472 end=192973 ret=-116 fail=0 status=0x00000000 len=0 frames=0
DBG_GATEWAY_CH9_RX_CONT_CAP now=192975 win=9149 adv_wait=9149 due=202124
DBG_GATEWAY_CH9_RX_CONT_ARM now=192975 rem=500 frames=0 errors=0
DBG_GATEWAY_CH9_RX_CONT_RESULT start=192975 end=193476 ret=-116 fail=0 status=0x00000000 len=0 frames=0
DBG_GATEWAY_CH9_RX_CONT_CAP now=193478 win=8646 adv_wait=8646 due=202124
DBG_GATEWAY_CH9_RX_CONT_ARM now=193478 rem=500 frames=0 errors=0
DBG_GATEWAY_CH9_RX_CONT_RESULT start=193478 end=193979 ret=-116 fail=0 status=0x00000000 len=0 frames=0
DBG_GATEWAY_CH9_RX_CONT_CAP now=193981 win=8143 adv_wait=8143 due=202124
DBG_GATEWAY_CH9_RX_CONT_ARM now=193981 rem=500 frames=0 errors=0
DBG_GATEWAY_CH9_RX_CONT_RESULT start=193981 end=194482 ret=-116 fail=0 status=0x00000000 len=0 frames=0
DBG_GATEWAY_CH9_RX_CONT_CAP now=194484 win=7640 adv_wait=7640 due=202124
DBG_GATEWAY_CH9_RX_CONT_ARM now=194484 rem=500 frames=0 errors=0
DBG_GATEWAY_CH9_RX_CONT_RESULT start=194484 end=194985 ret=-116 fail=0 status=0x00000000 len=0 frames=0
DBG_GATEWAY_CH9_RX_CONT_CAP now=194987 win=7137 adv_wait=7137 due=202124
DBG_GATEWAY_CH9_RX_CONT_ARM now=194987 rem=500 frames=0 errors=0
DBG_GATEWAY_CH9_RX_CONT_RESULT start=194987 end=195488 ret=-116 fail=0 status=0x00000000 len=0 frames=0
DBG_GATEWAY_CH9_RX_CONT_CAP now=195490 win=6634 adv_wait=6634 due=202124
DBG_GATEWAY_CH9_RX_CONT_ARM now=195490 rem=500 frames=0 errors=0
DBG_GATEWAY_CH9_RX_CONT_RESULT start=195490 end=195991 ret=-116 fail=0 status=0x00000000 len=0 frames=0
DBG_GATEWAY_CH9_RX_CONT_CAP now=195993 win=6131 adv_wait=6131 due=202124
DBG_GATEWAY_CH9_RX_CONT_ARM now=195993 rem=500 frames=0 errors=0
DBG_GATEWAY_CH9_RX_CONT_RESULT start=195993 end=196494 ret=-116 fail=0 status=0x00000000 len=0 frames=0
DBG_GATEWAY_CH9_RX_CONT_CAP now=196496 win=5628 adv_wait=5628 due=202124
DBG_GATEWAY_CH9_RX_CONT_ARM now=196496 rem=500 frames=0 errors=0
DBG_GATEWAY_CH9_RX_CONT_RESULT start=196496 end=196997 ret=-116 fail=0 status=0x00000000 len=0 frames=0
DBG_GATEWAY_CH9_RX_CONT_CAP now=196999 win=5125 adv_wait=5125 due=202124
DBG_GATEWAY_CH9_RX_CONT_ARM now=196999 rem=500 frames=0 errors=0
DBG_GATEWAY_CH9_RX_CONT_RESULT start=196999 end=197500 ret=-116 fail=0 status=0x00000000 len=0 frames=0
DBG_GATEWAY_CH9_RX_CONT_CAP now=197502 win=4622 adv_wait=4622 due=202124
DBG_GATEWAY_CH9_RX_CONT_ARM now=197502 rem=500 frames=0 errors=0
DBG_GATEWAY_CH9_RX_CONT_RESULT start=197502 end=198003 ret=-116 fail=0 status=0x00000000 len=0 frames=0
DBG_GATEWAY_CH9_RX_CONT_CAP now=198005 win=4119 adv_wait=4119 due=202124
DBG_GATEWAY_CH9_RX_CONT_ARM now=198005 rem=500 frames=0 errors=0
DBG_GATEWAY_CH9_RX_CONT_RESULT start=198005 end=198506 ret=-116 fail=0 status=0x00000000 len=0 frames=0
DBG_GATEWAY_CH9_RX_CONT_CAP now=198508 win=3616 adv_wait=3616 due=202124
DBG_GATEWAY_CH9_RX_CONT_ARM now=198508 rem=500 frames=0 errors=0
DBG_GATEWAY_CH9_RX_CONT_RESULT start=198508 end=199009 ret=-116 fail=0 status=0x00000000 len=0 frames=0
DBG_GATEWAY_CH9_RX_CONT_CAP now=199011 win=3113 adv_wait=3113 due=202124
DBG_GATEWAY_CH9_RX_CONT_ARM now=199011 rem=500 frames=0 errors=0
DBG_GATEWAY_CH9_RX_CONT_RESULT start=199011 end=199512 ret=-116 fail=0 status=0x00000000 len=0 frames=0
DBG_GATEWAY_CH9_RX_CONT_CAP now=199514 win=2610 adv_wait=2610 due=202124
DBG_GATEWAY_CH9_RX_CONT_ARM now=199514 rem=500 frames=0 errors=0
DBG_GATEWAY_CH9_RX_CONT_RESULT start=199514 end=200015 ret=-116 fail=0 status=0x00000000 len=0 frames=0
DBG_GATEWAY_CH9_RX_CONT_CAP now=200017 win=2107 adv_wait=2107 due=202124
DBG_GATEWAY_CH9_RX_CONT_ARM now=200017 rem=500 frames=0 errors=0
DBG_GATEWAY_CH9_RX_CONT_RESULT start=200017 end=200518 ret=-116 fail=0 status=0x00000000 len=0 frames=0
DBG_GATEWAY_CH9_RX_CONT_CAP now=200520 win=1604 adv_wait=1604 due=202124
DBG_GATEWAY_CH9_RX_CONT_ARM now=200520 rem=500 frames=0 errors=0
DBG_GATEWAY_CH9_RX_CONT_RESULT start=200520 end=201021 ret=-116 fail=0 status=0x00000000 len=0 frames=0
DBG_GATEWAY_CH9_RX_CONT_CAP now=201023 win=1101 adv_wait=1101 due=202124
DBG_GATEWAY_CH9_RX_CONT_ARM now=201023 rem=500 frames=0 errors=0
DBG_GATEWAY_CH9_RX_CONT_RESULT start=201023 end=201524 ret=-116 fail=0 status=0x00000000 len=0 frames=0
DBG_GATEWAY_CH9_RX_CONT_CAP now=201526 win=598 adv_wait=598 due=202124
DBG_GATEWAY_CH9_RX_CONT_ARM now=201526 rem=500 frames=0 errors=0
DBG_GATEWAY_CH9_RX_CONT_RESULT start=201526 end=202027 ret=-116 fail=0 status=0x00000000 len=0 frames=0
DBG_GATEWAY_CH9_RX_CONT_CAP now=202029 win=95 adv_wait=95 due=202124
DBG_GATEWAY_CH9_RX_CONT_ARM now=202029 rem=95 frames=0 errors=0
DBG_GATEWAY_CH9_RX_CONT_RESULT start=202029 end=202125 ret=-116 fail=0 status=0x00000000 len=0 frames=0
DBG_GATEWAY_CH9_RX_DONE_YIELD_ADV now=202126 due=202124
DBG_GATEWAY_ROUTE_REFRESH_RESULT token=1 ret=0 src=0x0000000000000001 dst=0x9999888877776666 session=796727679 seq=6527
DBG_GATEWAY_CH9_RX_CONT_ARM now=202136 rem=500 frames=0 errors=0
DBG_GATEWAY_CH9_RX_CONT_RESULT start=202136 end=202637 ret=-116 fail=0 status=0x00000000 len=0 frames=0
DBG_GATEWAY_CH9_RX_CONT_ARM now=202639 rem=500 frames=0 errors=0
DBG_GATEWAY_CH9_RX_CONT_RESULT start=202639 end=203140 ret=-116 fail=0 status=0x00000000 len=0 frames=0
DBG_GATEWAY_CH9_RX_CONT_ARM now=203142 rem=500 frames=0 errors=0
DBG_GATEWAY_CH9_RX_CONT_RESULT start=203142 end=203643 ret=-116 fail=0 status=0x00000000 len=0 frames=0
DBG_GATEWAY_CH9_RX_CONT_ARM now=203645 rem=500 frames=0 errors=0
DBG_GATEWAY_CH9_RX_CONT_RESULT start=203645 end=204146 ret=-116 fail=0 status=0x00000000 len=0 frames=0
DBG_GATEWAY_CH9_RX_CONT_ARM now=204148 rem=500 frames=0 errors=0
DBG_GATEWAY_CH9_RX_CONT_RESULT start=204148 end=204649 ret=-116 fail=0 status=0x00000000 len=0 frames=0
DBG_GATEWAY_CH9_RX_CONT_ARM now=204651 rem=500 frames=0 errors=0
DBG_GATEWAY_CH9_RX_CONT_RESULT start=204651 end=205152 ret=-116 fail=0 status=0x00000000 len=0 frames=0
DBG_GATEWAY_CH9_RX_CONT_ARM now=205154 rem=500 frames=0 errors=0
DBG_GATEWAY_CH9_RX_CONT_RESULT start=205154 end=205655 ret=-116 fail=0 status=0x00000000 len=0 frames=0
DBG_GATEWAY_CH9_RX_CONT_ARM now=205657 rem=500 frames=0 errors=0
DBG_GATEWAY_CH9_RX_CONT_RESULT start=205657 end=206158 ret=-116 fail=0 status=0x00000000 len=0 frames=0
DBG_GATEWAY_CH9_RX_CONT_ARM now=206160 rem=500 frames=0 errors=0
