BLE_CONNECTED gateway_id=0x9999888877776666 command=assign-slots session=1234325363 frame=04c101400201010101010101116666777788889999734f9249734f011b010101081002040178020306ab04dc620607ae0b0101010304dc620605e803862200
BLE_CHUNK len=118 hex=4757012801060100560401000100880166667777888899996666777788889999000000004e008c6f014e01020000000004012400734f924900000000734f9249734f000001008801000000000000000000000000000000000000000000000000000000000000000000000000000000000000000000ff
BLE_PACKET type=0x56 src=0x9999888877776666 dst=0x9999888877776666 session=25690113 seq=1 payload=014e01020000000004012400734f924900000000734f9249734f000001008801000000000000000000000000000000000000000000000000000000000000000000000000000000000000000000ff
GATEWAY_COMMAND_EVENT GatewayCommandEvent(command_kind=1, stage=2, flags=0, attempt=0, command_status=0, reason=0, command_id=260, route_epoch=36, correlation_id=1234325363, gateway_sequence=0, host_session_id=1234325363, host_sequence=20339, event_sequence=25690113, anchor_id=0, pair_initiator_id=0, pair_responder_id=0, previous_hop_id=0, progress_count=0, total_count=0, success_count=0, failure_count=0, duplicate_count=0, lost_event_count=0, hop_count=0, discovery_slot=255)
BLE_HOST_RECEIPT type=0x56 src=0x9999888877776666 session=25690113 seq=1
BLE_CHUNK len=118 hex=4757012801060100560402000200880166667777888899996666777788889999000000004e0028aa014e01030000000004012400734f924900000000734f9249734f000002008801000000000000000000000000000000000000000000000000000000000000000000000000000000000000000000ff
BLE_PACKET type=0x56 src=0x9999888877776666 dst=0x9999888877776666 session=25690114 seq=2 payload=014e01030000000004012400734f924900000000734f9249734f000002008801000000000000000000000000000000000000000000000000000000000000000000000000000000000000000000ff
GATEWAY_COMMAND_EVENT GatewayCommandEvent(command_kind=1, stage=3, flags=0, attempt=0, command_status=0, reason=0, command_id=260, route_epoch=36, correlation_id=1234325363, gateway_sequence=0, host_session_id=1234325363, host_sequence=20339, event_sequence=25690114, anchor_id=0, pair_initiator_id=0, pair_responder_id=0, previous_hop_id=0, progress_count=0, total_count=0, success_count=0, failure_count=0, duplicate_count=0, lost_event_count=0, hop_count=0, discovery_slot=255)
BLE_HOST_RECEIPT type=0x56 src=0x9999888877776666 session=25690114 seq=2
BLE_CHUNK len=118 hex=4757012801060100560404000400880166667777888899996666777788889999000000004e002348014e01030000000004012400734f924903008801734f9249734f000004008801000000000000000000000000000000000000000000000000000000000000000000000000000000000000000000ff
BLE_PACKET type=0x56 src=0x9999888877776666 dst=0x9999888877776666 session=25690116 seq=4 payload=014e01030000000004012400734f924903008801734f9249734f000004008801000000000000000000000000000000000000000000000000000000000000000000000000000000000000000000ff
GATEWAY_COMMAND_EVENT GatewayCommandEvent(command_kind=1, stage=3, flags=0, attempt=0, command_status=0, reason=0, command_id=260, route_epoch=36, correlation_id=1234325363, gateway_sequence=25690115, host_session_id=1234325363, host_sequence=20339, event_sequence=25690116, anchor_id=0, pair_initiator_id=0, pair_responder_id=0, previous_hop_id=0, progress_count=0, total_count=0, success_count=0, failure_count=0, duplicate_count=0, lost_event_count=0, hop_count=0, discovery_slot=255)
BLE_HOST_RECEIPT type=0x56 src=0x9999888877776666 session=25690116 seq=4
BLE_CHUNK len=118 hex=4757012801060100560406000600880166667777888899996666777788889999000000004e001711014e01040001000004012400734f924903008801734f9249734f000006008801000000000000000000000000000000000000000000000000000000000000000000000000000000000000000000ff
BLE_PACKET type=0x56 src=0x9999888877776666 dst=0x9999888877776666 session=25690118 seq=6 payload=014e01040001000004012400734f924903008801734f9249734f000006008801000000000000000000000000000000000000000000000000000000000000000000000000000000000000000000ff
GATEWAY_COMMAND_EVENT GatewayCommandEvent(command_kind=1, stage=4, flags=0, attempt=1, command_status=0, reason=0, command_id=260, route_epoch=36, correlation_id=1234325363, gateway_sequence=25690115, host_session_id=1234325363, host_sequence=20339, event_sequence=25690118, anchor_id=0, pair_initiator_id=0, pair_responder_id=0, previous_hop_id=0, progress_count=0, total_count=0, success_count=0, failure_count=0, duplicate_count=0, lost_event_count=0, hop_count=0, discovery_slot=255)
BLE_HOST_RECEIPT type=0x56 src=0x9999888877776666 session=25690118 seq=6
BLE_CHUNK len=51 hex=47570128010201004144734f734f924966667777888899996666777788889999000000000b00dac810020401110205001e0100
BLE_PACKET type=0x41 src=0x9999888877776666 dst=0x9999888877776666 session=1234325363 seq=20339 payload=10020401110205001e0100
BLE_HOST_RECEIPT type=0x41 src=0x9999888877776666 session=1234325363 seq=20339
BLE_CHUNK len=118 hex=4757012801060000560409000900880166667777888899996666777788889999000000004e003037014e010c0301050304012400734f924903008801734f9249734f000009008801000000000000000000000000000000000000000000000000000000000000000000000000000000000000000000ff
BLE_PACKET type=0x56 src=0x9999888877776666 dst=0x9999888877776666 session=25690121 seq=9 payload=014e010c0301050304012400734f924903008801734f9249734f000009008801000000000000000000000000000000000000000000000000000000000000000000000000000000000000000000ff
GATEWAY_COMMAND_EVENT GatewayCommandEvent(command_kind=1, stage=12, flags=3, attempt=1, command_status=5, reason=3, command_id=260, route_epoch=36, correlation_id=1234325363, gateway_sequence=25690115, host_session_id=1234325363, host_sequence=20339, event_sequence=25690121, anchor_id=0, pair_initiator_id=0, pair_responder_id=0, previous_hop_id=0, progress_count=0, total_count=0, success_count=0, failure_count=0, duplicate_count=0, lost_event_count=0, hop_count=0, discovery_slot=255)
BLE_HOST_RECEIPT type=0x56 src=0x9999888877776666 session=25690121 seq=9
Traceback (most recent call last):
  File "/home/tommie/Projects/IMEC2/firmware/scripts/provision_mesh_anchor.py", line 2225, in <module>
    main()
    ~~~~^^
  File "/home/tommie/Projects/IMEC2/firmware/scripts/provision_mesh_anchor.py", line 2221, in main
    asyncio.run(run(args))
    ~~~~~~~~~~~^^^^^^^^^^^
  File "/home/tommie/.local/share/uv/python/cpython-3.13.11-linux-x86_64-gnu/lib/python3.13/asyncio/runners.py", line 195, in run
    return runner.run(main)
           ~~~~~~~~~~^^^^^^
  File "/home/tommie/.local/share/uv/python/cpython-3.13.11-linux-x86_64-gnu/lib/python3.13/asyncio/runners.py", line 118, in run
    return self._loop.run_until_complete(task)
           ~~~~~~~~~~~~~~~~~~~~~~~~~~~~~^^^^^^
  File "/home/tommie/.local/share/uv/python/cpython-3.13.11-linux-x86_64-gnu/lib/python3.13/asyncio/base_events.py", line 725, in run_until_complete
    return future.result()
           ~~~~~~~~~~~~~^^
  File "/home/tommie/Projects/IMEC2/firmware/scripts/provision_mesh_anchor.py", line 1972, in run
    await await_qualification(
    ...<8 lines>...
    )
  File "/home/tommie/Projects/IMEC2/firmware/scripts/provision_mesh_anchor.py", line 1534, in await_qualification
    current.validate()
    ~~~~~~~~~~~~~~~~^^
  File "/home/tommie/Projects/IMEC2/firmware/scripts/provision_mesh_anchor.py", line 690, in validate
    raise RuntimeError("assignment qualification failed: " + "; ".join(self.errors))
RuntimeError: assignment qualification failed: assignment terminal preceded required lifecycle progress; expected 3 unique anchor claims, got 0; expected 3 published slot mappings, got 0; assignment collection-complete event was not received; successful assignment table publication was not observed; terminal assignment counters do not prove every table ACK completed (status=5 reason=3 total=0 success=0 failure=0 lost=0)
