[34m0000485[0m [36mI[0m Target type is nrf52833 [2m[board][0m
[34m0000506[0m [36mI[0m Performing connect pre-reset [2m[coresight_target][0m
[34m0000711[0m [36mI[0m DP IDR = 0x2ba01477 (v1 rev2) [2m[dap][0m
[34m0000717[0m [36mI[0m AHB-AP#0 IDR = 0x24770011 (AHB-AP var1 rev2) [2m[discovery][0m
[34m0000718[0m [36mI[0m AP#1 IDR = 0x02880000 (AP var0 rev0) [2m[discovery][0m
[34m0000719[0m [36mI[0m NRF52833 not in secure state [2m[target_nRF52][0m
[34m0000722[0m [36mI[0m AHB-AP#0 Class 0x1 ROM table #0 @ 0xe00ff000 (designer=244 part=00d) [2m[rom_table][0m
[34m0000725[0m [36mI[0m [0]<e000e000:SCS v7-M class=14 designer=43b:Arm part=00c> [2m[rom_table][0m
[34m0000726[0m [36mI[0m [1]<e0001000:DWT v7-M class=14 designer=43b:Arm part=002> [2m[rom_table][0m
[34m0000728[0m [36mI[0m [2]<e0002000:FPB v7-M class=14 designer=43b:Arm part=003> [2m[rom_table][0m
[34m0000729[0m [36mI[0m [3]<e0000000:ITM v7-M class=14 designer=43b:Arm part=001> [2m[rom_table][0m
[34m0000732[0m [36mI[0m [4]<e0040000:TPIU M4 class=9 designer=43b:Arm part=9a1 devtype=11 archid=0000 devid=ca1:0:0> [2m[rom_table][0m
[34m0000734[0m [36mI[0m [5]<e0041000:ETM M4 class=9 designer=43b:Arm part=925 devtype=13 archid=0000 devid=0:0:0> [2m[rom_table][0m
[34m0000738[0m [36mI[0m CPU core #0: Cortex-M4 r0p1, v7.0-M architecture [2m[cortex_m][0m
[34m0000738[0m [36mI[0m   Extensions: [DSP, FPU, FPU_V4, MPU] [2m[cortex_m][0m
[34m0000738[0m [36mI[0m   FPU present: FPv4-SP-D16-M [2m[cortex_m][0m
[34m0000740[0m [36mI[0m This appears to be an nRF52833 AA B0 [2m[target_nRF52][0m
[34m0000745[0m [36mI[0m 4 hardware watchpoints [2m[dwt][0m
[34m0000746[0m [36mI[0m 6 hardware breakpoints, 4 literal comparators [2m[fpb][0m
[34m0000770[0m [36mI[0m 3 up channels and 3 down channels found [2m[rtt_cmd][0m
[34m0000770[0m [36mI[0m Reading from up channel 0 ("Terminal") [2m[rtt_cmd][0m
[34m0000772[0m [36mI[0m Writing to down channel 0 ("Terminal") [2m[rtt_cmd][0m
DBG_GATEWAY_CH9_RX_CONT_RESULT start=78219 end=78720 ret=-116 fail=0 status=0x00000000 len=0 frames=0
DBG_GATEWAY_CH9_RX_CONT_ARM now=78722 rem=500 frames=0 errors=0
DBG_GATEWAY_CH9_RX_CONT_RESULT start=78722 end=79223 ret=-116 fail=0 status=0x00000000 len=0 frames=0
DBG_GATEWAY_CH9_RX_CONT_ARM now=79225 rem=500 frames=0 errors=0
DBG_GATEWAY_CH9_RX_CONT_RESULT start=79225 end=79726 ret=-116 fail=0 status=0x00000000 len=0 frames=0
DBG_GATEWAY_CH9_RX_CONT_ARM now=79728 rem=500 frames=0 errors=0
DBG_GATEWAY_CH9_RX_CONT_RESULT start=79728 end=80229 ret=-116 fail=0 status=0x00000000 len=0 frames=0
DBG_GATEWAY_CH9_RX_CONT_ARM now=80231 rem=500 frames=0 errors=0
DBG_GATEWAY_CH9_RX_CONT_RESULT start=80231 end=80732 ret=-116 fail=0 status=0x00000000 len=0 frames=0
DBG_GATEWAY_CH9_RX_CONT_ARM now=80734 rem=500 frames=0 errors=0
DBG_GATEWAY_CH9_RX_CONT_RESULT start=80734 end=81235 ret=-116 fail=0 status=0x00000000 len=0 frames=0
DBG_GATEWAY_CH9_RX_CONT_ARM now=81237 rem=500 frames=0 errors=0
DBG_GATEWAY_CH9_RX_CONT_RESULT start=490171 end=490672 ret=-116 fail=0 status=0x00000000 len=0 frames=0
DBG_GATEWAY_CH9_RX_CONT_ARM now=490674 rem=500 frames=0 errors=0
DBG_GATEWAY_CH9_RX_CONT_RESULT start=490674 end=491175 ret=-116 fail=0 status=0x00000000 len=0 frames=0
DBG_GATEWAY_CH9_RX_CONT_ARM now=491177 rem=500 frames=0 errors=0
DBG_GATEWAY_CH9_RX_CONT_RESULT start=491177 end=491678 ret=-116 fail=0 status=0x00000000 len=0 frames=0
DBG_GATEWAY_CH9_RX_CONT_ARM now=491680 rem=500 frames=0 errors=0
DBG_GATEWAY_CH9_RX_CONT_RESULT start=491680 end=492181 ret=-116 fail=0 status=0x00000000 len=0 frames=0
DBG_GATEWAY_CH9_RX_CONT_ARM now=492183 rem=500 frames=0 errors=0
DBG_GATEWAY_CH9_RX_CONT_RESULT start=492183 end=492684 ret=-116 fail=0 status=0x00000000 len=0 frames=0
DBG_GATEWAY_CH9_RX_CONT_ARM now=492686 rem=500 frames=0 errors=0
DBG_GATEWAY_CH9_RX_CONT_RESULT start=492686 end=493187 ret=-116 fail=0 status=0x00000000 len=0 frames=0
DBG_GATEWAY_CH9_RX_CONT_ARM now=493189 rem=500 frames=0 errors=0
DBG_GATEWAY_CH9_RX_CONT_RESULT start=493189 end=493690 ret=-116 fail=0 status=0x00000000 len=0 frames=0
DBG_GATEWAY_CH9_RX_CONT_ARM now=493692 rem=500 frames=0 errors=0
DBG_GATEWAY_CH9_RX_CONT_RESULT start=493692 end=494193 ret=-116 fail=0 status=0x00000000 len=0 frames=0
DBG_GATEWAY_CH9_RX_CONT_ARM now=494195 rem=500 frames=0 errors=0
DBG_GATEWAY_CH9_RX_CONT_RESULT start=494195 end=494696 ret=-116 fail=0 status=0x00000000 len=0 frames=0
DBG_GATEWAY_CH9_RX_CONT_ARM now=494698 rem=500 frames=0 errors=0
DBG_GATEWAY_CH9_RX_CONT_RESULT start=494698 end=495199 ret=-116 fail=0 status=0x00000000 len=0 frames=0
DBG_GATEWAY_CH9_RX_CONT_ARM now=495201 rem=500 frames=0 errors=0
DBG_GATEWAY_CH9_RX_CONT_RESULT start=495201 end=495702 ret=-116 fail=0 status=0x00000000 len=0 frames=0
DBG_GATEWAY_CH9_RX_CONT_ARM now=495704 rem=500 frames=0 errors=0
DBG_GATEWAY_CH9_RX_CONT_RESULT start=495704 end=496205 ret=-116 fail=0 status=0x00000000 len=0 frames=0
DBG_GATEWAY_CH9_RX_CONT_ARM now=496207 rem=500 frames=0 errors=0
DBG_GATEWAY_CH9_RX_CONT_RESULT start=496207 end=496708 ret=-116 fail=0 status=0x00000000 len=0 frames=0
DBG_GATEWAY_CH9_RX_CONT_ARM now=496710 rem=500 frames=0 errors=0
DBG_GATEWAY_CH9_RX_CONT_RESULT start=496710 end=497211 ret=-116 fail=0 status=0x00000000 len=0 frames=0
DBG_GATEWAY_CH9_RX_CONT_ARM now=497213 rem=500 frames=0 errors=0
DBG_GATEWAY_CH9_RX_CONT_RESULT start=497213 end=497714 ret=-116 fail=0 status=0x00000000 len=0 frames=0
DBG_GATEWAY_CH9_RX_CONT_ARM now=497716 rem=500 frames=0 errors=0
DBG_GATEWAY_CH9_RX_CONT_RESULT start=497716 end=498217 ret=-116 fail=0 status=0x00000000 len=0 frames=0
DBG_GATEWAY_CH9_RX_CONT_ARM now=498219 rem=500 frames=0 errors=0
DBG_GATEWAY_CH9_RX_CONT_RESULT start=498219 end=498720 ret=-116 fail=0 status=0x00000000 len=0 frames=0
DBG_GATEWAY_CH9_RX_CONT_ARM now=498722 rem=500 frames=0 errors=0
DBG_GATEWAY_CH9_RX_CONT_RESULT start=498722 end=499223 ret=-116 fail=0 status=0x00000000 len=0 frames=0
DBG_GATEWAY_CH9_RX_CONT_ARM now=499225 rem=500 frames=0 errors=0
DBG_GATEWAY_CH9_RX_CONT_RESULT start=499225 end=499726 ret=-116 fail=0 status=0x00000000 len=0 frames=0
DBG_GATEWAY_CH9_RX_CONT_ARM now=499728 rem=500 frames=0 errors=0
DBG_GATEWAY_CH9_RX_CONT_RESULT start=499728 end=500229 ret=-116 fail=0 status=0x00000000 len=0 frames=0
DBG_GATEWAY_CH9_RX_CONT_ARM now=500231 rem=500 frames=0 errors=0
DBG_GATEWAY_CH9_RX_CONT_RESULT start=500231 end=500732 ret=-116 fail=0 status=0x00000000 len=0 frames=0
DBG_GATEWAY_CH9_RX_CONT_ARM now=500734 rem=500 frames=0 errors=0
DBG_GATEWAY_CH9_RX_CONT_RESULT start=500734 end=501235 ret=-116 fail=0 status=0x00000000 len=0 frames=0
DBG_GATEWAY_CH9_RX_CONT_ARM now=501237 rem=500 frames=0 errors=0
DBG_GATEWAY_CH9_RX_CONT_RESULT start=501237 end=501738 ret=-116 fail=0 status=0x00000000 len=0 frames=0
DBG_GATEWAY_CH9_RX_CONT_ARM now=501740 rem=500 frames=0 errors=0
DBG_GATEWAY_CH9_RX_CONT_RESULT start=501740 end=502241 ret=-116 fail=0 status=0x00000000 len=0 frames=0
DBG_GATEWAY_CH9_RX_CONT_ARM now=502243 rem=500 frames=0 errors=0
DBG_GATEWAY_CH9_RX_CONT_RESULT start=502243 end=502744 ret=-116 fail=0 status=0x00000000 len=0 frames=0
DBG_GATEWAY_CH9_RX_CONT_ARM now=502746 rem=500 frames=0 errors=0
DBG_GATEWAY_CH9_RX_CONT_RESULT start=502746 end=503247 ret=-116 fail=0 status=0x00000000 len=0 frames=0
DBG_GATEWAY_CH9_RX_CONT_ARM now=503249 rem=500 frames=0 errors=0
DBG_GATEWAY_CH9_RX_CONT_RESULT start=503249 end=503750 ret=-116 fail=0 status=0x00000000 len=0 frames=0
DBG_GATEWAY_CH9_RX_CONT_ARM now=503752 rem=500 frames=0 errors=0
DBG_GATEWAY_CH9_RX_CONT_RESULT start=503752 end=504253 ret=-116 fail=0 status=0x00000000 len=0 frames=0
DBG_GATEWAY_CH9_RX_CONT_ARM now=504255 rem=500 frames=0 errors=0
DBG_GATEWAY_CH9_RX_CONT_RESULT start=504255 end=504756 ret=-116 fail=0 status=0x00000000 len=0 frames=0
DBG_GATEWAY_CH9_RX_CONT_ARM now=504758 rem=500 frames=0 errors=0
DBG_GATEWAY_CH9_RX_CONT_RESULT start=504758 end=505259 ret=-116 fail=0 status=0x00000000 len=0 frames=0
DBG_GATEWAY_CH9_RX_CONT_ARM now=505261 rem=500 frames=0 errors=0
DBG_GATEWAY_CH9_RX_CONT_RESULT start=505261 end=505762 ret=-116 fail=0 status=0x00000000 len=0 frames=0
DBG_GATEWAY_CH9_RX_CONT_ARM now=505764 rem=500 frames=0 errors=0
DBG_GATEWAY_CH9_RX_CONT_RESULT start=505764 end=506265 ret=-116 fail=0 status=0x00000000 len=0 frames=0
DBG_GATEWAY_CH9_RX_CONT_ARM now=506267 rem=500 frames=0 errors=0
DBG_GATEWAY_CH9_RX_CONT_RESULT start=506267 end=506768 ret=-116 fail=0 status=0x00000000 len=0 frames=0
DBG_GATEWAY_CH9_RX_CONT_ARM now=506770 rem=500 frames=0 errors=0
DBG_GATEWAY_CH9_RX_CONT_RESULT start=506770 end=507271 ret=-116 fail=0 status=0x00000000 len=0 frames=0
DBG_GATEWAY_CH9_RX_CONT_ARM now=507273 rem=500 frames=0 errors=0
DBG_GATEWAY_CH9_RX_CONT_RESULT start=507273 end=507774 ret=-116 fail=0 status=0x00000000 len=0 frames=0
DBG_GATEWAY_CH9_RX_CONT_ARM now=507776 rem=500 frames=0 errors=0
DBG_GATEWAY_CH9_RX_CONT_RESULT start=507776 end=508277 ret=-116 fail=0 status=0x00000000 len=0 frames=0
DBG_GATEWAY_CH9_RX_CONT_ARM now=508279 rem=500 frames=0 errors=0
DBG_GATEWAY_CH9_RX_CONT_RESULT start=508279 end=508780 ret=-116 fail=0 status=0x00000000 len=0 frames=0
DBG_GATEWAY_CH9_RX_CONT_ARM now=508782 rem=500 frames=0 errors=0
DBG_GATEWAY_CH9_RX_CONT_RESULT start=508782 end=509283 ret=-116 fail=0 status=0x00000000 len=0 frames=0
DBG_GATEWAY_CH9_RX_CONT_ARM now=509285 rem=500 frames=0 errors=0
DBG_GATEWAY_CH9_RX_CONT_RESULT start=509285 end=509786 ret=-116 fail=0 status=0x00000000 len=0 frames=0
DBG_GATEWAY_CH9_RX_CONT_ARM now=509788 rem=500 frames=0 errors=0
DBG_GATEWAY_CH9_RX_CONT_RESULT start=509788 end=510289 ret=-116 fail=0 status=0x00000000 len=0 frames=0
DBG_GATEWAY_CH9_RX_CONT_ARM now=510291 rem=500 frames=0 errors=0
DBG_GATEWAY_CH9_RX_CONT_RESULT start=510291 end=510792 ret=-116 fail=0 status=0x00000000 len=0 frames=0
DBG_GATEWAY_CH9_RX_CONT_ARM now=510794 rem=500 frames=0 errors=0
DBG_GATEWAY_CH9_RX_CONT_RESULT start=510794 end=511295 ret=-116 fail=0 status=0x00000000 len=0 frames=0
DBG_GATEWAY_CH9_RX_CONT_ARM now=511297 rem=500 frames=0 errors=0
DBG_GATEWAY_CH9_RX_CONT_RESULT start=511297 end=511798 ret=-116 fail=0 status=0x00000000 len=0 frames=0
DBG_GATEWAY_CH9_RX_CONT_ARM now=511800 rem=500 frames=0 errors=0
DBG_GATEWAY_CH9_RX_CONT_RESULT start=511800 end=512301 ret=-116 fail=0 status=0x00000000 len=0 frames=0
DBG_GATEWAY_CH9_RX_CONT_ARM now=512303 rem=500 frames=0 errors=0
DBG_GATEWAY_CH9_RX_CONT_RESULT start=512303 end=512804 ret=-116 fail=0 status=0x00000000 len=0 frames=0
DBG_GATEWAY_CH9_RX_CONT_ARM now=512806 rem=500 frames=0 errors=0
DBG_GATEWAY_CH9_RX_CONT_RESULT start=512806 end=513307 ret=-116 fail=0 status=0x00000000 len=0 frames=0
DBG_GATEWAY_CH9_RX_CONT_ARM now=513309 rem=500 frames=0 errors=0
DBG_GATEWAY_CH9_RX_CONT_RESULT start=513309 end=513810 ret=-116 fail=0 status=0x00000000 len=0 frames=0
DBG_GATEWAY_CH9_RX_CONT_ARM now=513812 rem=500 frames=0 errors=0
DBG_GATEWAY_CH9_RX_CONT_RESULT start=513812 end=514313 ret=-116 fail=0 status=0x00000000 len=0 frames=0
DBG_GATEWAY_CH9_RX_CONT_ARM now=514315 rem=500 frames=0 errors=0
DBG_GATEWAY_CH9_RX_CONT_RESULT start=514315 end=514816 ret=-116 fail=0 status=0x00000000 len=0 frames=0
DBG_GATEWAY_CH9_RX_CONT_ARM now=514818 rem=500 frames=0 errors=0
DBG_GATEWAY_CH9_RX_CONT_RESULT start=514818 end=515319 ret=-116 fail=0 status=0x00000000 len=0 frames=0
DBG_GATEWAY_CH9_RX_CONT_ARM now=515321 rem=500 frames=0 errors=0
DBG_GATEWAY_CH9_RX_CONT_RESULT start=515321 end=515822 ret=-116 fail=0 status=0x00000000 len=0 frames=0
DBG_GATEWAY_CH9_RX_CONT_ARM now=515824 rem=500 frames=0 errors=0
DBG_GATEWAY_CH9_RX_CONT_RESULT start=515824 end=516325 ret=-116 fail=0 status=0x00000000 len=0 frames=0
DBG_GATEWAY_CH9_RX_CONT_ARM now=516327 rem=500 frames=0 errors=0
DBG_GATEWAY_CH9_RX_CONT_RESULT start=516327 end=516828 ret=-116 fail=0 status=0x00000000 len=0 frames=0
DBG_GATEWAY_CH9_RX_CONT_ARM now=516830 rem=500 frames=0 errors=0
DBG_GATEWAY_CH9_RX_CONT_RESULT start=516830 end=517331 ret=-116 fail=0 status=0x00000000 len=0 frames=0
DBG_GATEWAY_CH9_RX_CONT_ARM now=517333 rem=500 frames=0 errors=0
DBG_GATEWAY_CH9_RX_CONT_RESULT start=517333 end=517834 ret=-116 fail=0 status=0x00000000 len=0 frames=0
DBG_GATEWAY_CH9_RX_CONT_ARM now=517836 rem=500 frames=0 errors=0
DBG_GATEWAY_CH9_RX_CONT_RESULT start=517836 end=518337 ret=-116 fail=0 status=0x00000000 len=0 frames=0
DBG_GATEWAY_CH9_RX_CONT_ARM now=518339 rem=500 frames=0 errors=0
DBG_GATEWAY_CH9_RX_CONT_RESULT start=518339 end=518840 ret=-116 fail=0 status=0x00000000 len=0 frames=0
DBG_GATEWAY_CH9_RX_CONT_ARM now=518842 rem=500 frames=0 errors=0
DBG_GATEWAY_CH9_RX_CONT_RESULT start=518842 end=519343 ret=-116 fail=0 status=0x00000000 len=0 frames=0
DBG_GATEWAY_CH9_RX_CONT_ARM now=519345 rem=500 frames=0 errors=0
DBG_GATEWAY_CH9_RX_CONT_RESULT start=519345 end=519846 ret=-116 fail=0 status=0x00000000 len=0 frames=0
DBG_GATEWAY_CH9_RX_CONT_ARM now=519848 rem=500 frames=0 errors=0
DBG_GATEWAY_CH9_RX_CONT_RESULT start=519848 end=520349 ret=-116 fail=0 status=0x00000000 len=0 frames=0
DBG_GATEWAY_CH9_RX_CONT_ARM now=520351 rem=500 frames=0 errors=0
DBG_GATEWAY_CH9_RX_CONT_RESULT start=520351 end=520852 ret=-116 fail=0 status=0x00000000 len=0 frames=0
DBG_GATEWAY_CH9_RX_CONT_ARM now=520854 rem=500 frames=0 errors=0
DBG_GATEWAY_CH9_RX_CONT_RESULT start=520854 end=521355 ret=-116 fail=0 status=0x00000000 len=0 frames=0
DBG_GATEWAY_CH9_RX_CONT_ARM now=521357 rem=500 frames=0 errors=0
DBG_GATEWAY_CH9_RX_CONT_RESULT start=521357 end=521858 ret=-116 fail=0 status=0x00000000 len=0 frames=0
DBG_GATEWAY_CH9_RX_CONT_ARM now=521860 rem=500 frames=0 errors=0
DBG_GATEWAY_BLE event=connected err=0 uptime=521932
DBG_GATEWAY_BLE event=param-request ret=0 interval=24-40 latency=0 timeout_ms=12000 uptime=521932
DBG_GATEWAY_CH9_RX_CONT_RESULT start=521860 end=522361 ret=-116 fail=0 status=0x00000000 len=0 frames=0
DBG_GATEWAY_CH9_RX_CONT_ARM now=522363 rem=500 frames=0 errors=0
DBG_GATEWAY_CH9_RX_CONT_RESULT start=522363 end=522864 ret=-116 fail=0 status=0x00000000 len=0 frames=0
DBG_GATEWAY_CH9_RX_CONT_ARM now=522866 rem=500 frames=0 errors=0
DBG_GATEWAY_CH9_RX_CONT_RESULT start=522866 end=523367 ret=-116 fail=0 status=0x00000000 len=0 frames=0
DBG_GATEWAY_CH9_RX_CONT_ARM now=523369 rem=500 frames=0 errors=0
DBG_GATEWAY_CH9_RX_CONT_RESULT start=523369 end=523870 ret=-116 fail=0 status=0x00000000 len=0 frames=0
DBG_GATEWAY_CH9_RX_CONT_ARM now=523872 rem=500 frames=0 errors=0
DBG_GATEWAY_CH9_RX_CONT_RESULT start=523872 end=524373 ret=-116 fail=0 status=0x00000000 len=0 frames=0
DBG_GATEWAY_CH9_RX_CONT_ARM now=524375 rem=500 frames=0 errors=0
DBG_GATEWAY_CH9_RX_CONT_RESULT start=524375 end=524876 ret=-116 fail=0 status=0x00000000 len=0 frames=0
DBG_GATEWAY_CH9_RX_CONT_ARM now=524878 rem=500 frames=0 errors=0
DBG_GATEWAY_CH9_RX_CONT_RESULT start=524878 end=525379 ret=-116 fail=0 status=0x00000000 len=0 frames=0
DBG_GATEWAY_CH9_RX_CONT_ARM now=525381 rem=500 frames=0 errors=0
DBG_GATEWAY_BLE event=param-updated interval=36 latency=0 timeout_ms=420 uptime=525490
DBG_GATEWAY_COMMAND_PRIORITY_SUBMIT ret=0 now=525582
DBG_STACK_RUN_BEGIN epoch=7638218915498322018 run=15 kind=ble_backpressure owner=system_workqueue queue=1 custody=1 credit=0 retry=0 drain=1 src=11068027678940948070 dst=11068027678940948070 session=43515923 seq=19 type=86 sequence=0 previous=0 uptime=525582
DBG_STACK_SAMPLE_BEGIN epoch=7638218915498322018 run=15 sample=15 kind=ble_backpressure owner=system_workqueue queue=1 custody=1 credit=0 retry=0 drain=1 src=11068027678940948070 dst=11068027678940948070 session=43515923 seq=19 type=86 uptime=525582
DBG_STACK_ISR_CONFIG size=8192 run=15 sample=15
DBG_STACK name=BT RX WQ tid=0x2000fe18 used=760 free=776 size=1536 ret=0 run=15 sample=15
DBG_STACK name=mesh_route tid=0x2000d560 used=5888 free=2304 size=8192 ret=0 run=15 sample=15
DBG_STACK name=sysworkq tid=0x20010d70 used=2304 free=2176 size=4480 ret=0 run=15 sample=15
DBG_STACK name=MPSL Work tid=0x20010b28 used=440 free=584 size=1024 ret=0 run=15 sample=15
DBG_STACK name=logging tid=0x2000f920 used=480 free=1568 size=2048 ret=0 run=15 sample=15
DBG_STACK name=idle tid=0x20010c00 used=64 free=256 size=320 ret=0 run=15 sample=15
DBG_STACK_SAMPLE_END run=15 sample=15
DBG_STACK_RUN_END epoch=7638218915498322018 run=15 kind=ble_backpressure owner=system_workqueue outcome=ack queue=2 custody=0 credit=1 retry=0 drain=2 src=11068027678940948070 dst=11068027678940948070 session=43515923 seq=19 type=86 samples=1 sequence=0 previous=0 uptime=525599
DBG_DWM_MARK_UNCONFIGURED tag=initialise_radio prev_phy=0
DBG_WAKE_TRAIN_CONFIG_BEGIN
DBG_DWM_INVALIDATE tag=configure_radio_from_reset active_phy=2 configured=1 awake=0
DBG_DWM_MARK_UNCONFIGURED tag=initialise_radio prev_phy=0
DBG_WAKE_TRAIN_CONFIG_OK
DBG_WAKE_TRAIN_FIRST_SEND_BEGIN
DBG_WAKE_TRAIN_FIRST_SEND_OK
DBG_UWB_TX_CH5
DBG_TX_WAKE_CLAIM_SENT
DBG_UWB_TX_CH5
DBG_TX_WAKE_CLAIM_SENT
DBG_UWB_TX_CH5
DBG_TX_WAKE_CLAIM_SENT
DBG_UWB_TX_CH5
DBG_TX_WAKE_CLAIM_SENT
DBG_UWB_TX_CH5
DBG_TX_WAKE_CLAIM_SENT
DBG_UWB_TX_CH5
DBG_TX_WAKE_CLAIM_SENT
DBG_UWB_TX_CH5
DBG_TX_WAKE_CLAIM_SENT
DBG_UWB_TX_CH5
DBG_TX_WAKE_CLAIM_SENT
DBG_UWB_TX_CH5
DBG_TX_WAKE_CLAIM_SENT
DBG_STACK_RUN_BEGIN epoch=7638218915498322018 run=16 kind=ble_backpressure owner=system_workqueue queue=1 custody=1 credit=0 retry=0 drain=1 src=11068027678940948070 dst=11068027678940948070 session=43515924 seq=20 type=86 sequence=0 previous=0 uptime=525716
DBG_STACK_SAMPLE_BEGIN epoch=7638218915498322018 run=16 sample=16 kind=ble_backpressure owner=system_workqueue queue=1 custody=1 credit=0 retry=0 drain=1 src=11068027678940948070 dst=11068027678940948070 session=43515924 seq=20 type=86 uptime=525717
DBG_STACK_ISR_CONFIG size=8192 run=16 sample=16
DBG_STACK name=BT RX WQ tid=0x2000fe18 used=760 free=776 size=1536 ret=0 run=16 sample=16
DBG_STACK name=mesh_route tid=0x2000d560 used=5888 free=2304 size=8192 ret=0 run=16 sample=16
DBG_STACK name=sysworkq tid=0x20010d70 used=2304 free=2176 size=4480 ret=0 run=16 sample=16
DBG_STACK name=MPSL Work tid=0x20010b28 used=440 free=584 size=1024 ret=0 run=16 sample=16
DBG_STACK name=logging tid=0x2000f920 used=480 free=1568 size=2048 ret=0 run=16 sample=16
DBG_STACK name=idle tid=0x20010c00 used=64 free=256 size=320 ret=0 run=16 sample=16
DBG_STACK_SAMPLE_END run=16 sample=16
DBG_STACK_RUN_END epoch=7638218915498322018 run=16 kind=ble_backpressure owner=system_workqueue outcome=ack queue=1 custody=0 credit=1 retry=0 drain=1 src=11068027678940948070 dst=11068027678940948070 session=43515924 seq=20 type=86 samples=1 sequence=0 previous=0 uptime=525735
DBG_UWB_TX_CH5
DBG_TX_WAKE_CLAIM_SENT
DBG_UWB_TX_CH5
DBG_TX_WAKE_CLAIM_SENT
DBG_UWB_TX_CH5
DBG_TX_WAKE_CLAIM_SENT
DBG_UWB_TX_CH5
DBG_TX_WAKE_CLAIM_SENT
DBG_UWB_TX_CH5
DBG_TX_WAKE_CLAIM_SENT
DBG_UWB_TX_CH5
DBG_TX_WAKE_CLAIM_SENT
DBG_UWB_TX_CH5
DBG_TX_WAKE_CLAIM_SENT
DBG_UWB_TX_CH5
DBG_TX_WAKE_CLAIM_SENT
DBG_UWB_TX_CH5
DBG_TX_WAKE_CLAIM_SENT
DBG_UWB_TX_CH5
DBG_TX_WAKE_CLAIM_SENT
DBG_UWB_TX_CH5
DBG_TX_WAKE_CLAIM_SENT
DBG_UWB_TX_CH5
DBG_TX_WAKE_CLAIM_SENT
DBG_UWB_TX_CH5
DBG_TX_WAKE_CLAIM_SENT
DBG_UWB_TX_CH5
DBG_TX_WAKE_CLAIM_SENT
DBG_UWB_TX_CH5
DBG_TX_WAKE_CLAIM_SENT
DBG_UWB_TX_CH5
DBG_TX_WAKE_CLAIM_SENT
DBG_UWB_TX_CH5
DBG_TX_WAKE_CLAIM_SENT
DBG_UWB_TX_CH5
DBG_TX_WAKE_CLAIM_SENT
DBG_UWB_TX_CH5
DBG_TX_WAKE_CLAIM_SENT
DBG_UWB_TX_CH5
DBG_TX_WAKE_CLAIM_SENT
DBG_UWB_TX_CH5
DBG_TX_WAKE_CLAIM_SENT
DBG_UWB_TX_CH5
DBG_TX_WAKE_CLAIM_SENT
DBG_UWB_TX_CH5
DBG_TX_WAKE_CLAIM_SENT
DBG_UWB_TX_CH5
DBG_TX_WAKE_CLAIM_SENT
DBG_UWB_TX_CH5
DBG_TX_WAKE_CLAIM_SENT
DBG_UWB_TX_CH5
DBG_TX_WAKE_CLAIM_SENT
DBG_UWB_TX_CH5
DBG_TX_WAKE_CLAIM_SENT
DBG_UWB_TX_CH5
DBG_TX_WAKE_CLAIM_SENT
DBG_UWB_TX_CH5
DBG_TX_WAKE_CLAIM_SENT
DBG_UWB_TX_CH5
DBG_TX_WAKE_CLAIM_SENT
DBG_UWB_TX_CH5
DBG_TX_WAKE_CLAIM_SENT
DBG_UWB_TX_CH5
DBG_TX_WAKE_CLAIM_SENT
DBG_UWB_TX_CH5
DBG_TX_WAKE_CLAIM_SENT
DBG_UWB_TX_CH5
DBG_TX_WAKE_CLAIM_SENT
DBG_UWB_TX_CH5
DBG_TX_WAKE_CLAIM_SENT
DBG_UWB_TX_CH5
DBG_TX_WAKE_CLAIM_SENT
DBG_UWB_TX_CH5
DBG_TX_WAKE_CLAIM_SENT
DBG_UWB_TX_CH5
DBG_TX_WAKE_CLAIM_SENT
DBG_UWB_TX_CH5
DBG_TX_WAKE_CLAIM_SENT
DBG_UWB_TX_CH5
DBG_TX_WAKE_CLAIM_SENT
DBG_UWB_TX_CH5
DBG_TX_WAKE_CLAIM_SENT
DBG_UWB_TX_CH5
DBG_TX_WAKE_CLAIM_SENT
DBG_UWB_TX_CH5
DBG_TX_WAKE_CLAIM_SENT
DBG_UWB_TX_CH5
DBG_TX_WAKE_CLAIM_SENT
DBG_UWB_TX_CH5
DBG_TX_WAKE_CLAIM_SENT
DBG_UWB_TX_CH5
DBG_TX_WAKE_CLAIM_SENT
DBG_UWB_TX_CH5
DBG_TX_WAKE_CLAIM_SENT
DBG_UWB_TX_CH5
DBG_TX_WAKE_CLAIM_SENT
DBG_UWB_TX_CH5
DBG_TX_WAKE_CLAIM_SENT
DBG_UWB_TX_CH5
DBG_TX_WAKE_CLAIM_SENT
DBG_DWM_INVALIDATE tag=configure_radio_from_reset active_phy=2 configured=1 awake=1
DBG_DWM_MARK_UNCONFIGURED tag=initialise_radio prev_phy=0
DBG_DWM_INVALIDATE tag=configure_radio_from_reset active_phy=2 configured=1 awake=0
DBG_DWM_MARK_UNCONFIGURED tag=initialise_radio prev_phy=0
DBG_DWM_INVALIDATE tag=configure_radio_from_reset active_phy=2 configured=1 awake=0
DBG_DWM_MARK_UNCONFIGURED tag=initialise_radio prev_phy=0
DBG_DWM_WAKE_MESH_CTRL_OK sfd=4073
DBG_C5_TX_CONFIG ret=0 ext=1 len=178 msg=3c reason=bounded-c5-flood
DBG_UWB_TX_CH5
DBG_DWM_INVALIDATE tag=configure_radio_from_reset active_phy=4 configured=1 awake=0
DBG_DWM_MARK_UNCONFIGURED tag=initialise_radio prev_phy=0
DBG_DWM_WAKE_MESH_CTRL_OK sfd=4073
DBG_DWM_INVALIDATE tag=configure_radio_from_reset active_phy=4 configured=1 awake=0
DBG_DWM_MARK_UNCONFIGURED tag=initialise_radio prev_phy=0
DBG_DWM_INVALIDATE tag=configure_radio_from_reset active_phy=2 configured=1 awake=0
DBG_DWM_MARK_UNCONFIGURED tag=initialise_radio prev_phy=0
DBG_DWM_WAKE_MESH_CTRL_OK sfd=4073
DBG_C5_TX_CONFIG ret=0 ext=1 len=178 msg=3c reason=bounded-c5-flood
DBG_UWB_TX_CH5
DBG_DWM_INVALIDATE tag=configure_radio_from_reset active_phy=4 configured=1 awake=0
DBG_DWM_MARK_UNCONFIGURED tag=initialise_radio prev_phy=0
DBG_DWM_WAKE_MESH_CTRL_OK sfd=4073
DBG_DWM_INVALIDATE tag=configure_radio_from_reset active_phy=4 configured=1 awake=0
DBG_DWM_MARK_UNCONFIGURED tag=initialise_radio prev_phy=0
DBG_DWM_INVALIDATE tag=configure_radio_from_reset active_phy=2 configured=1 awake=0
DBG_DWM_MARK_UNCONFIGURED tag=initialise_radio prev_phy=0
DBG_DWM_WAKE_MESH_CTRL_OK sfd=4073
DBG_C5_TX_CONFIG ret=0 ext=1 len=178 msg=3c reason=bounded-c5-flood
DBG_UWB_TX_CH5
DBG_DWM_INVALIDATE tag=configure_radio_from_reset active_phy=4 configured=1 awake=0
DBG_DWM_MARK_UNCONFIGURED tag=initialise_radio prev_phy=0
DBG_DWM_WAKE_MESH_CTRL_OK sfd=4073
DBG_DWM_INVALIDATE tag=configure_radio_from_reset active_phy=4 configured=1 awake=0
DBG_DWM_MARK_UNCONFIGURED tag=initialise_radio prev_phy=0
DBG_DWM_INVALIDATE tag=configure_radio_from_reset active_phy=2 configured=1 awake=0
DBG_DWM_MARK_UNCONFIGURED tag=initialise_radio prev_phy=0
DBG_DWM_WAKE_MESH_CTRL_OK sfd=4073
DBG_C5_TX_CONFIG ret=0 ext=1 len=178 msg=3c reason=bounded-c5-flood
DBG_UWB_TX_CH5
DBG_GATEWAY_RX_START reason=gateway mesh restart active=1 qrx=0 qtx=0 adv_due=0
DBG_STACK_RUN_BEGIN epoch=7638218915498322018 run=17 kind=ble_backpressure owner=system_workqueue queue=1 custody=1 credit=0 retry=0 drain=1 src=11068027678940948070 dst=11068027678940948070 session=43515926 seq=22 type=86 sequence=0 previous=0 uptime=526518
DBG_STACK_SAMPLE_BEGIN epoch=7638218915498322018 run=17 sample=17 kind=ble_backpressure owner=system_workqueue queue=1 custody=1 credit=0 retry=0 drain=1 src=11068027678940948070 dst=11068027678940948070 session=43515926 seq=22 type=86 uptime=526518
DBG_STACK_ISR_CONFIG size=8192 run=17 sample=17
DBG_STACK name=BT RX WQ tid=0x2000fe18 used=760 free=776 size=1536 ret=0 run=17 sample=17
DBG_STACK name=mesh_route tid=0x2000d560 used=5888 free=2304 size=8192 ret=0 run=17 sample=17
DBG_STACK name=sysworkq tid=0x20010d70 used=2304 free=2176 size=4480 ret=0 run=17 sample=17
DBG_STACK name=MPSL Work tid=0x20010b28 used=440 free=584 size=1024 ret=0 run=17 sample=17
DBG_STACK name=logging tid=0x2000f920 used=480 free=1568 size=2048 ret=0 run=17 sample=17
DBG_STACK name=idle tid=0x20010c00 used=64 free=256 size=320 ret=0 run=17 sample=17
DBG_STACK_SAMPLE_END run=17 sample=17
DBG_STACK_RUN_END epoch=7638218915498322018 run=17 kind=ble_backpressure owner=system_workqueue outcome=ack queue=1 custody=0 credit=1 retry=0 drain=1 src=11068027678940948070 dst=11068027678940948070 session=43515926 seq=22 type=86 samples=1 sequence=0 previous=0 uptime=526540
DBG_DWM_MARK_UNCONFIGURED tag=initialise_radio prev_phy=0
DBG_GATEWAY_CH9_RX_CONT_ARM now=526548 rem=500 frames=0 errors=0
DBG_GATEWAY_CH9_RX_CONT_RESULT start=526548 end=527049 ret=-116 fail=0 status=0x02000000 len=0 frames=0
DBG_GATEWAY_CH9_RX_CONT_CAP now=527051 win=12167 adv_wait=12167 due=539218
DBG_GATEWAY_CH9_RX_CONT_ARM now=527051 rem=500 frames=0 errors=0
DBG_GATEWAY_BLE event=param-updated interval=36 latency=0 timeout_ms=12000 uptime=527335
DBG_GATEWAY_CH9_RX_CONT_RESULT start=527051 end=527552 ret=-116 fail=0 status=0x00000000 len=0 frames=0
DBG_GATEWAY_CH9_RX_CONT_CAP now=527554 win=11664 adv_wait=11664 due=539218
DBG_GATEWAY_CH9_RX_CONT_ARM now=527554 rem=500 frames=0 errors=0
DBG_GATEWAY_CH9_RX_CONT_RESULT start=527554 end=528055 ret=-116 fail=0 status=0x00000000 len=0 frames=0
DBG_GATEWAY_CH9_RX_CONT_CAP now=528057 win=11161 adv_wait=11161 due=539218
DBG_GATEWAY_CH9_RX_CONT_ARM now=528057 rem=500 frames=0 errors=0
DBG_GATEWAY_CH9_RX_CONT_RESULT start=528057 end=528558 ret=-116 fail=0 status=0x00000000 len=0 frames=0
DBG_GATEWAY_CH9_RX_CONT_CAP now=528560 win=10658 adv_wait=10658 due=539218
DBG_GATEWAY_CH9_RX_CONT_ARM now=528560 rem=500 frames=0 errors=0
DBG_GATEWAY_CH9_RX_CONT_RESULT start=528560 end=529061 ret=-116 fail=0 status=0x00000000 len=0 frames=0
DBG_GATEWAY_CH9_RX_CONT_CAP now=529063 win=10155 adv_wait=10155 due=539218
DBG_GATEWAY_CH9_RX_CONT_ARM now=529063 rem=500 frames=0 errors=0
DBG_GATEWAY_CH9_RX_CONT_RESULT start=529063 end=529564 ret=-116 fail=0 status=0x00000000 len=0 frames=0
DBG_GATEWAY_CH9_RX_CONT_CAP now=529566 win=9652 adv_wait=9652 due=539218
DBG_GATEWAY_CH9_RX_CONT_ARM now=529566 rem=500 frames=0 errors=0
DBG_GATEWAY_CH9_RX_CONT_RESULT start=529566 end=530067 ret=-116 fail=0 status=0x00000000 len=0 frames=0
DBG_GATEWAY_CH9_RX_CONT_CAP now=530069 win=9149 adv_wait=9149 due=539218
DBG_GATEWAY_CH9_RX_CONT_ARM now=530069 rem=500 frames=0 errors=0
DBG_GATEWAY_CH9_RX_CONT_RESULT start=530069 end=530570 ret=-116 fail=0 status=0x00000000 len=0 frames=0
DBG_GATEWAY_CH9_RX_CONT_CAP now=530572 win=8646 adv_wait=8646 due=539218
DBG_GATEWAY_CH9_RX_CONT_ARM now=530572 rem=500 frames=0 errors=0
DBG_GATEWAY_CH9_RX_CONT_RESULT start=530572 end=531073 ret=-116 fail=0 status=0x00000000 len=0 frames=0
DBG_GATEWAY_CH9_RX_CONT_CAP now=531075 win=8143 adv_wait=8143 due=539218
DBG_GATEWAY_CH9_RX_CONT_ARM now=531075 rem=500 frames=0 errors=0
DBG_GATEWAY_CH9_RX_CONT_RESULT start=531075 end=531576 ret=-116 fail=0 status=0x00000000 len=0 frames=0
DBG_GATEWAY_CH9_RX_CONT_CAP now=531578 win=7640 adv_wait=7640 due=539218
DBG_GATEWAY_CH9_RX_CONT_ARM now=531578 rem=500 frames=0 errors=0
DBG_GATEWAY_CH9_RX_CONT_RESULT start=531578 end=532079 ret=-116 fail=0 status=0x00000000 len=0 frames=0
DBG_GATEWAY_CH9_RX_CONT_CAP now=532081 win=7137 adv_wait=7137 due=539218
DBG_GATEWAY_CH9_RX_CONT_ARM now=532081 rem=500 frames=0 errors=0
DBG_GATEWAY_CH9_RX_CONT_RESULT start=532081 end=532582 ret=-116 fail=0 status=0x00000000 len=0 frames=0
DBG_GATEWAY_CH9_RX_CONT_CAP now=532584 win=6634 adv_wait=6634 due=539218
DBG_GATEWAY_CH9_RX_CONT_ARM now=532584 rem=500 frames=0 errors=0
DBG_GATEWAY_CH9_RX_CONT_RESULT start=532584 end=533085 ret=-116 fail=0 status=0x00000000 len=0 frames=0
DBG_GATEWAY_CH9_RX_CONT_CAP now=533087 win=6131 adv_wait=6131 due=539218
DBG_GATEWAY_CH9_RX_CONT_ARM now=533087 rem=500 frames=0 errors=0
DBG_GATEWAY_CH9_RX_CONT_RESULT start=533087 end=533588 ret=-116 fail=0 status=0x00000000 len=0 frames=0
DBG_GATEWAY_CH9_RX_CONT_CAP now=533590 win=5628 adv_wait=5628 due=539218
DBG_GATEWAY_CH9_RX_CONT_ARM now=533590 rem=500 frames=0 errors=0
DBG_GATEWAY_CH9_RX_CONT_RESULT start=533590 end=534091 ret=-116 fail=0 status=0x00000000 len=0 frames=0
DBG_GATEWAY_CH9_RX_CONT_CAP now=534093 win=5125 adv_wait=5125 due=539218
DBG_GATEWAY_CH9_RX_CONT_ARM now=534093 rem=500 frames=0 errors=0
DBG_GATEWAY_CH9_RX_CONT_RESULT start=534093 end=534594 ret=-116 fail=0 status=0x00000000 len=0 frames=0
DBG_GATEWAY_CH9_RX_CONT_CAP now=534596 win=4622 adv_wait=4622 due=539218
DBG_GATEWAY_CH9_RX_CONT_ARM now=534596 rem=500 frames=0 errors=0
DBG_GATEWAY_CH9_RX_CONT_RESULT start=534596 end=535097 ret=-116 fail=0 status=0x00000000 len=0 frames=0
DBG_GATEWAY_CH9_RX_CONT_CAP now=535099 win=4119 adv_wait=4119 due=539218
DBG_GATEWAY_CH9_RX_CONT_ARM now=535099 rem=500 frames=0 errors=0
DBG_GATEWAY_CH9_RX_CONT_RESULT start=535099 end=535600 ret=-116 fail=0 status=0x00000000 len=0 frames=0
DBG_GATEWAY_CH9_RX_CONT_CAP now=535602 win=3616 adv_wait=3616 due=539218
DBG_GATEWAY_CH9_RX_CONT_ARM now=535602 rem=500 frames=0 errors=0
DBG_GATEWAY_CH9_RX_CONT_RESULT start=535602 end=536103 ret=-116 fail=0 status=0x00000000 len=0 frames=0
DBG_GATEWAY_CH9_RX_CONT_CAP now=536105 win=3113 adv_wait=3113 due=539218
DBG_GATEWAY_CH9_RX_CONT_ARM now=536105 rem=500 frames=0 errors=0
DBG_GATEWAY_CH9_RX_CONT_RESULT start=536105 end=536606 ret=-116 fail=0 status=0x00000000 len=0 frames=0
DBG_GATEWAY_CH9_RX_CONT_CAP now=536608 win=2610 adv_wait=2610 due=539218
DBG_GATEWAY_CH9_RX_CONT_ARM now=536608 rem=500 frames=0 errors=0
DBG_GATEWAY_CH9_RX_CONT_RESULT start=536608 end=537109 ret=-116 fail=0 status=0x00000000 len=0 frames=0
DBG_GATEWAY_CH9_RX_CONT_CAP now=537111 win=2107 adv_wait=2107 due=539218
DBG_GATEWAY_CH9_RX_CONT_ARM now=537111 rem=500 frames=0 errors=0
DBG_GATEWAY_CH9_RX_CONT_RESULT start=537111 end=537612 ret=-116 fail=0 status=0x00000000 len=0 frames=0
DBG_GATEWAY_CH9_RX_CONT_CAP now=537614 win=1604 adv_wait=1604 due=539218
DBG_GATEWAY_CH9_RX_CONT_ARM now=537614 rem=500 frames=0 errors=0
DBG_GATEWAY_CH9_RX_CONT_RESULT start=537614 end=538115 ret=-116 fail=0 status=0x00000000 len=0 frames=0
DBG_GATEWAY_CH9_RX_CONT_CAP now=538117 win=1101 adv_wait=1101 due=539218
DBG_GATEWAY_CH9_RX_CONT_ARM now=538117 rem=500 frames=0 errors=0
DBG_GATEWAY_CH9_RX_CONT_RESULT start=538117 end=538618 ret=-116 fail=0 status=0x00000000 len=0 frames=0
DBG_GATEWAY_CH9_RX_CONT_CAP now=538620 win=598 adv_wait=598 due=539218
DBG_GATEWAY_CH9_RX_CONT_ARM now=538620 rem=500 frames=0 errors=0
DBG_GATEWAY_CH9_RX_CONT_RESULT start=538620 end=539121 ret=-116 fail=0 status=0x00000000 len=0 frames=0
DBG_GATEWAY_CH9_RX_CONT_CAP now=539123 win=95 adv_wait=95 due=539218
DBG_GATEWAY_CH9_RX_CONT_ARM now=539123 rem=95 frames=0 errors=0
DBG_GATEWAY_CH9_RX_CONT_RESULT start=539123 end=539219 ret=-116 fail=0 status=0x00000000 len=0 frames=0
DBG_GATEWAY_CH9_RX_DONE_YIELD_ADV now=539220 due=539218
DBG_STACK_RUN_BEGIN epoch=7638218915498322018 run=18 kind=ble_backpressure owner=system_workqueue queue=1 custody=1 credit=0 retry=0 drain=1 src=11068027678940948070 dst=11068027678940948070 session=1315713746 seq=13010 type=65 sequence=0 previous=0 uptime=539220
DBG_STACK_SAMPLE_BEGIN epoch=7638218915498322018 run=18 sample=18 kind=ble_backpressure owner=system_workqueue queue=1 custody=1 credit=0 retry=0 drain=1 src=11068027678940948070 dst=11068027678940948070 session=1315713746 seq=13010 type=65 uptime=539221
DBG_STACK_ISR_CONFIG size=8192 run=18 sample=18
DBG_STACK name=BT RX WQ tid=0x2000fe18 used=760 free=776 size=1536 ret=0 run=18 sample=18
DBG_STACK name=mesh_route tid=0x2000d560 used=5888 free=2304 size=8192 ret=0 run=18 sample=18
DBG_STACK name=sysworkq tid=0x20010d70 used=2304 free=2176 size=4480 ret=0 run=18 sample=18
DBG_STACK name=MPSL Work tid=0x20010b28 used=440 free=584 size=1024 ret=0 run=18 sample=18
DBG_STACK name=logging tid=0x2000f920 used=480 free=1568 size=2048 ret=0 run=18 sample=18
DBG_STACK name=idle tid=0x20010c00 used=64 free=256 size=320 ret=0 run=18 sample=18
DBG_STACK_SAMPLE_END run=18 sample=18
DBG_STACK_RUN_END epoch=7638218915498322018 run=18 kind=ble_backpressure owner=system_workqueue outcome=ack queue=2 custody=0 credit=1 retry=0 drain=2 src=11068027678940948070 dst=11068027678940948070 session=1315713746 seq=13010 type=65 samples=1 sequence=0 previous=0 uptime=539244
DBG_STACK_RUN_BEGIN epoch=7638218915498322018 run=19 kind=ble_backpressure owner=system_workqueue queue=1 custody=1 credit=0 retry=0 drain=1 src=11068027678940948070 dst=11068027678940948070 session=43515927 seq=23 type=86 sequence=0 previous=0 uptime=539621
DBG_STACK_SAMPLE_BEGIN epoch=7638218915498322018 run=19 sample=19 kind=ble_backpressure owner=system_workqueue queue=1 custody=1 credit=0 retry=0 drain=1 src=11068027678940948070 dst=11068027678940948070 session=43515927 seq=23 type=86 uptime=539622
DBG_STACK_ISR_CONFIG size=8192 run=19 sample=19
DBG_STACK name=BT RX WQ tid=0x2000fe18 used=760 free=776 size=1536 ret=0 run=19 sample=19
DBG_STACK name=mesh_route tid=0x2000d560 used=5888 free=2304 size=8192 ret=0 run=19 sample=19
DBG_STACK name=sysworkq tid=0x20010d70 used=2304 free=2176 size=4480 ret=0 run=19 sample=19
DBG_STACK name=MPSL Work tid=0x20010b28 used=440 free=584 size=1024 ret=0 run=19 sample=19
DBG_STACK name=logging tid=0x2000f920 used=480 free=1568 size=2048 ret=0 run=19 sample=19
DBG_STACK name=idle tid=0x20010c00 used=64 free=256 size=320 ret=0 run=19 sample=19
DBG_STACK_SAMPLE_END run=19 sample=19
DBG_STACK_RUN_END epoch=7638218915498322018 run=19 kind=ble_backpressure owner=system_workqueue outcome=ack queue=1 custody=0 credit=1 retry=0 drain=1 src=11068027678940948070 dst=11068027678940948070 session=43515927 seq=23 type=86 samples=1 sequence=0 previous=0 uptime=539645
DBG_GATEWAY_CH9_RX_CONT_RESULT start=539230 end=539731 ret=-116 fail=0 status=0x00000000 len=0 frames=0
DBG_GATEWAY_CH9_RX_CONT_ARM now=539733 rem=500 frames=0 errors=0
DBG_GATEWAY_COMMAND_PRIORITY_SUBMIT ret=0 now=539981
DBG_STACK_RUN_BEGIN epoch=7638218915498322018 run=20 kind=ble_backpressure owner=system_workqueue queue=1 custody=1 credit=0 retry=0 drain=1 src=11068027678940948070 dst=11068027678940948070 session=43515928 seq=24 type=86 sequence=0 previous=0 uptime=539982
DBG_STACK_SAMPLE_BEGIN epoch=7638218915498322018 run=20 sample=20 kind=ble_backpressure owner=system_workqueue queue=1 custody=1 credit=0 retry=0 drain=1 src=11068027678940948070 dst=11068027678940948070 session=43515928 seq=24 type=86 uptime=539982
DBG_STACK_ISR_CONFIG size=8192 run=20 sample=20
DBG_STACK name=BT RX WQ tid=0x2000fe18 used=760 free=776 size=1536 ret=0 run=20 sample=20
DBG_STACK name=mesh_route tid=0x2000d560 used=5888 free=2304 size=8192 ret=0 run=20 sample=20
DBG_STACK name=sysworkq tid=0x20010d70 used=2304 free=2176 size=4480 ret=0 run=20 sample=20
DBG_STACK name=MPSL Work tid=0x20010b28 used=440 free=584 size=1024 ret=0 run=20 sample=20
DBG_STACK name=logging tid=0x2000f920 used=480 free=1568 size=2048 ret=0 run=20 sample=20
DBG_STACK name=idle tid=0x20010c00 used=64 free=256 size=320 ret=0 run=20 sample=20
DBG_STACK_SAMPLE_END run=20 sample=20
DBG_STACK_RUN_END epoch=7638218915498322018 run=20 kind=ble_backpressure owner=system_workqueue outcome=ack queue=3 custody=0 credit=1 retry=0 drain=3 src=11068027678940948070 dst=11068027678940948070 session=43515928 seq=24 type=86 samples=1 sequence=0 previous=0 uptime=540009
DBG_STACK_RUN_BEGIN epoch=7638218915498322018 run=21 kind=ble_backpressure owner=system_workqueue queue=2 custody=2 credit=0 retry=0 drain=2 src=11068027678940948070 dst=11068027678940948070 session=43515929 seq=25 type=86 sequence=0 previous=0 uptime=540071
DBG_STACK_SAMPLE_BEGIN epoch=7638218915498322018 run=21 sample=21 kind=ble_backpressure owner=system_workqueue queue=2 custody=2 credit=0 retry=0 drain=2 src=11068027678940948070 dst=11068027678940948070 session=43515929 seq=25 type=86 uptime=540072
DBG_STACK_ISR_CONFIG size=8192 run=21 sample=21
DBG_STACK name=BT RX WQ tid=0x2000fe18 used=760 free=776 size=1536 ret=0 run=21 sample=21
DBG_STACK name=mesh_route tid=0x2000d560 used=5888 free=2304 size=8192 ret=0 run=21 sample=21
DBG_STACK name=sysworkq tid=0x20010d70 used=2304 free=2176 size=4480 ret=0 run=21 sample=21
DBG_STACK name=MPSL Work tid=0x20010b28 used=440 free=584 size=1024 ret=0 run=21 sample=21
DBG_STACK name=logging tid=0x2000f920 used=480 free=1568 size=2048 ret=0 run=21 sample=21
DBG_STACK name=idle tid=0x20010c00 used=64 free=256 size=320 ret=0 run=21 sample=21
DBG_STACK_SAMPLE_END run=21 sample=21
DBG_STACK_RUN_END epoch=7638218915498322018 run=21 kind=ble_backpressure owner=system_workqueue outcome=ack queue=2 custody=0 credit=1 retry=0 drain=2 src=11068027678940948070 dst=11068027678940948070 session=43515929 seq=25 type=86 samples=1 sequence=0 previous=0 uptime=540089
DBG_STACK_RUN_BEGIN epoch=7638218915498322018 run=22 kind=ble_backpressure owner=system_workqueue queue=1 custody=1 credit=0 retry=0 drain=1 src=11068027678940948070 dst=11068027678940948070 session=43515931 seq=27 type=86 sequence=0 previous=0 uptime=540207
DBG_STACK_SAMPLE_BEGIN epoch=7638218915498322018 run=22 sample=22 kind=ble_backpressure owner=system_workqueue queue=1 custody=1 credit=0 retry=0 drain=1 src=11068027678940948070 dst=11068027678940948070 session=43515931 seq=27 type=86 uptime=540207
DBG_STACK_ISR_CONFIG size=8192 run=22 sample=22
DBG_STACK name=BT RX WQ tid=0x2000fe18 used=760 free=776 size=1536 ret=0 run=22 sample=22
DBG_STACK name=mesh_route tid=0x2000d560 used=5888 free=2304 size=8192 ret=0 run=22 sample=22
DBG_STACK name=sysworkq tid=0x20010d70 used=2304 free=2176 size=4480 ret=0 run=22 sample=22
DBG_STACK name=MPSL Work tid=0x20010b28 used=440 free=584 size=1024 ret=0 run=22 sample=22
DBG_STACK name=logging tid=0x2000f920 used=480 free=1568 size=2048 ret=0 run=22 sample=22
DBG_STACK name=idle tid=0x20010c00 used=64 free=256 size=320 ret=0 run=22 sample=22
DBG_STACK_SAMPLE_END run=22 sample=22
DBG_STACK_RUN_END epoch=7638218915498322018 run=22 kind=ble_backpressure owner=system_workqueue outcome=ack queue=1 custody=0 credit=1 retry=0 drain=1 src=11068027678940948070 dst=11068027678940948070 session=43515931 seq=27 type=86 samples=1 sequence=0 previous=0 uptime=540224
DBG_GATEWAY_CH9_RX_CONT_RESULT start=539988 end=540488 ret=-116 fail=0 status=0x00000000 len=0 frames=0
DBG_GATEWAY_COMMAND_PRIORITY_SUBMIT ret=0 now=540489
DBG_GATEWAY_CH9_RX_CONT_ARM now=540490 rem=500 frames=0 errors=0
DBG_GATEWAY_CH9_RX_CONT_RESULT start=540490 end=540491 ret=-140 fail=0 status=0x00000000 len=0 frames=0
DBG_GATEWAY_CH9_RX_COMMAND_PREEMPT now=540492 rem=500 frames=0
DBG_GATEWAY_CH9_RX_CONT_DONE ret=-140 len=0 fail=0 recover=0
DBG_NC o=0000000000000004 g=00000004 w=00 e=0000003c s=00000005 q=0000>0004 r=00000000 f=00000024 t=00000000 p=00000000 a=00
DBG_NODE_COMM_SUBMIT handle=4 profile=0 token=17039364 deadline=550492
DBG_ENUM_FLOOD kind=1 handle=4
DBG_ENUM_CLAIM_TX epoch=43515930 round=1 ret=0
DBG_NODE_COMM_TX_BEGIN handle=4 profile=0 msg=64 dst=0x0 seq=4
DBG_CONTROL_RX_HANDOFF_READY abort=0
DBG_COORD state=idle owner=c5-flood reason=idle rx=0 tx=0 relay=0 route=0 ack=0 qack=0
DBG_WAKE_TRAIN_GUARD_OK
DBG_DWM_INVALIDATE tag=configure_radio_from_reset active_phy=3 configured=1 awake=1
DBG_DWM_MARK_UNCONFIGURED tag=initialise_radio prev_phy=0
DBG_WAKE_TRAIN_CONFIG_BEGIN
DBG_DWM_INVALIDATE tag=configure_radio_from_reset active_phy=2 configured=1 awake=0
DBG_DWM_MARK_UNCONFIGURED tag=initialise_radio prev_phy=0
DBG_WAKE_TRAIN_CONFIG_OK
DBG_WAKE_TRAIN_FIRST_SEND_BEGIN
DBG_WAKE_TRAIN_FIRST_SEND_OK
DBG_UWB_TX_CH5
DBG_TX_WAKE_CLAIM_SENT
DBG_UWB_TX_CH5
DBG_TX_WAKE_CLAIM_SENT
DBG_UWB_TX_CH5
DBG_TX_WAKE_CLAIM_SENT
DBG_UWB_TX_CH5
DBG_TX_WAKE_CLAIM_SENT
DBG_UWB_TX_CH5
DBG_TX_WAKE_CLAIM_SENT
DBG_UWB_TX_CH5
DBG_TX_WAKE_CLAIM_SENT
DBG_UWB_TX_CH5
DBG_TX_WAKE_CLAIM_SENT
DBG_UWB_TX_CH5
DBG_TX_WAKE_CLAIM_SENT
DBG_UWB_TX_CH5
DBG_TX_WAKE_CLAIM_SENT
DBG_UWB_TX_CH5
DBG_TX_WAKE_CLAIM_SENT
DBG_UWB_TX_CH5
DBG_TX_WAKE_CLAIM_SENT
DBG_UWB_TX_CH5
DBG_TX_WAKE_CLAIM_SENT
DBG_UWB_TX_CH5
DBG_TX_WAKE_CLAIM_SENT
DBG_UWB_TX_CH5
DBG_TX_WAKE_CLAIM_SENT
DBG_UWB_TX_CH5
DBG_TX_WAKE_CLAIM_SENT
DBG_UWB_TX_CH5
DBG_TX_WAKE_CLAIM_SENT
DBG_UWB_TX_CH5
DBG_TX_WAKE_CLAIM_SENT
DBG_UWB_TX_CH5
DBG_TX_WAKE_CLAIM_SENT
DBG_UWB_TX_CH5
DBG_TX_WAKE_CLAIM_SENT
DBG_UWB_TX_CH5
DBG_TX_WAKE_CLAIM_SENT
DBG_UWB_TX_CH5
DBG_TX_WAKE_CLAIM_SENT
DBG_UWB_TX_CH5
DBG_TX_WAKE_CLAIM_SENT
DBG_UWB_TX_CH5
DBG_TX_WAKE_CLAIM_SENT
DBG_UWB_TX_CH5
DBG_TX_WAKE_CLAIM_SENT
DBG_UWB_TX_CH5
DBG_TX_WAKE_CLAIM_SENT
DBG_UWB_TX_CH5
DBG_TX_WAKE_CLAIM_SENT
DBG_UWB_TX_CH5
DBG_TX_WAKE_CLAIM_SENT
DBG_UWB_TX_CH5
DBG_TX_WAKE_CLAIM_SENT
DBG_UWB_TX_CH5
DBG_TX_WAKE_CLAIM_SENT
DBG_UWB_TX_CH5
DBG_TX_WAKE_CLAIM_SENT
DBG_UWB_TX_CH5
DBG_TX_WAKE_CLAIM_SENT
DBG_UWB_TX_CH5
DBG_TX_WAKE_CLAIM_SENT
DBG_UWB_TX_CH5
DBG_TX_WAKE_CLAIM_SENT
DBG_UWB_TX_CH5
DBG_TX_WAKE_CLAIM_SENT
DBG_UWB_TX_CH5
DBG_TX_WAKE_CLAIM_SENT
DBG_UWB_TX_CH5
DBG_TX_WAKE_CLAIM_SENT
DBG_UWB_TX_CH5
DBG_TX_WAKE_CLAIM_SENT
DBG_UWB_TX_CH5
DBG_TX_WAKE_CLAIM_SENT
DBG_UWB_TX_CH5
DBG_TX_WAKE_CLAIM_SENT
DBG_UWB_TX_CH5
DBG_TX_WAKE_CLAIM_SENT
DBG_UWB_TX_CH5
DBG_TX_WAKE_CLAIM_SENT
DBG_UWB_TX_CH5
DBG_TX_WAKE_CLAIM_SENT
DBG_UWB_TX_CH5
DBG_TX_WAKE_CLAIM_SENT
DBG_UWB_TX_CH5
DBG_TX_WAKE_CLAIM_SENT
DBG_UWB_TX_CH5
DBG_TX_WAKE_CLAIM_SENT
DBG_UWB_TX_CH5
DBG_TX_WAKE_CLAIM_SENT
DBG_UWB_TX_CH5
DBG_TX_WAKE_CLAIM_SENT
DBG_UWB_TX_CH5
DBG_TX_WAKE_CLAIM_SENT
DBG_UWB_TX_CH5
DBG_TX_WAKE_CLAIM_SENT
DBG_UWB_TX_CH5
DBG_TX_WAKE_CLAIM_SENT
DBG_UWB_TX_CH5
DBG_TX_WAKE_CLAIM_SENT
DBG_UWB_TX_CH5
DBG_TX_WAKE_CLAIM_SENT
DBG_UWB_TX_CH5
DBG_TX_WAKE_CLAIM_SENT
DBG_UWB_TX_CH5
DBG_TX_WAKE_CLAIM_SENT
DBG_UWB_TX_CH5
DBG_TX_WAKE_CLAIM_SENT
DBG_UWB_TX_CH5
DBG_TX_WAKE_CLAIM_SENT
DBG_UWB_TX_CH5
DBG_TX_WAKE_CLAIM_SENT
DBG_UWB_TX_CH5
DBG_TX_WAKE_CLAIM_SENT
DBG_UWB_TX_CH5
DBG_TX_WAKE_CLAIM_SENT
DBG_UWB_TX_CH5
DBG_TX_WAKE_CLAIM_SENT
DBG_UWB_TX_CH5
DBG_TX_WAKE_CLAIM_SENT
DBG_UWB_TX_CH5
DBG_TX_WAKE_CLAIM_SENT
DBG_UWB_TX_CH5
DBG_TX_WAKE_CLAIM_SENT
DBG_UWB_TX_CH5
DBG_TX_WAKE_CLAIM_SENT
DBG_UWB_TX_CH5
DBG_TX_WAKE_CLAIM_SENT
DBG_UWB_TX_CH5
DBG_TX_WAKE_CLAIM_SENT
DBG_UWB_TX_CH5
DBG_TX_WAKE_CLAIM_SENT
DBG_UWB_TX_CH5
DBG_TX_WAKE_CLAIM_SENT
DBG_UWB_TX_CH5
DBG_TX_WAKE_CLAIM_SENT
DBG_UWB_TX_CH5
DBG_TX_WAKE_CLAIM_SENT
DBG_UWB_TX_CH5
DBG_TX_WAKE_CLAIM_SENT
DBG_UWB_TX_CH5
DBG_TX_WAKE_CLAIM_SENT
DBG_UWB_TX_CH5
DBG_TX_WAKE_CLAIM_SENT
DBG_UWB_TX_CH5
DBG_TX_WAKE_CLAIM_SENT
DBG_UWB_TX_CH5
DBG_TX_WAKE_CLAIM_SENT
DBG_UWB_TX_CH5
DBG_TX_WAKE_CLAIM_SENT
DBG_UWB_TX_CH5
DBG_TX_WAKE_CLAIM_SENT
DBG_UWB_TX_CH5
DBG_TX_WAKE_CLAIM_SENT
DBG_UWB_TX_CH5
DBG_TX_WAKE_CLAIM_SENT
DBG_UWB_TX_CH5
DBG_TX_WAKE_CLAIM_SENT
DBG_UWB_TX_CH5
DBG_TX_WAKE_CLAIM_SENT
DBG_UWB_TX_CH5
DBG_TX_WAKE_CLAIM_SENT
DBG_UWB_TX_CH5
DBG_TX_WAKE_CLAIM_SENT
DBG_UWB_TX_CH5
DBG_TX_WAKE_CLAIM_SENT
DBG_UWB_TX_CH5
DBG_TX_WAKE_CLAIM_SENT
DBG_UWB_TX_CH5
DBG_TX_WAKE_CLAIM_SENT
DBG_UWB_TX_CH5
DBG_TX_WAKE_CLAIM_SENT
DBG_UWB_TX_CH5
DBG_TX_WAKE_CLAIM_SENT
DBG_UWB_TX_CH5
DBG_TX_WAKE_CLAIM_SENT
DBG_UWB_TX_CH5
DBG_TX_WAKE_CLAIM_SENT
DBG_UWB_TX_CH5
DBG_TX_WAKE_CLAIM_SENT
DBG_UWB_TX_CH5
DBG_TX_WAKE_CLAIM_SENT
DBG_UWB_TX_CH5
DBG_TX_WAKE_CLAIM_SENT
DBG_UWB_TX_CH5
DBG_TX_WAKE_CLAIM_SENT
DBG_UWB_TX_CH5
DBG_TX_WAKE_CLAIM_SENT
DBG_UWB_TX_CH5
DBG_TX_WAKE_CLAIM_SENT
DBG_UWB_TX_CH5
DBG_TX_WAKE_CLAIM_SENT
DBG_UWB_TX_CH5
DBG_TX_WAKE_CLAIM_SENT
DBG_UWB_TX_CH5
DBG_TX_WAKE_CLAIM_SENT
DBG_UWB_TX_CH5
DBG_TX_WAKE_CLAIM_SENT
DBG_UWB_TX_CH5
DBG_TX_WAKE_CLAIM_SENT
DBG_UWB_TX_CH5
DBG_TX_WAKE_CLAIM_SENT
DBG_UWB_TX_CH5
DBG_TX_WAKE_CLAIM_SENT
DBG_UWB_TX_CH5
DBG_TX_WAKE_CLAIM_SENT
DBG_UWB_TX_CH5
DBG_TX_WAKE_CLAIM_SENT
DBG_UWB_TX_CH5
DBG_TX_WAKE_CLAIM_SENT
DBG_UWB_TX_CH5
DBG_TX_WAKE_CLAIM_SENT
DBG_UWB_TX_CH5
DBG_TX_WAKE_CLAIM_SENT
DBG_UWB_TX_CH5
DBG_TX_WAKE_CLAIM_SENT
DBG_UWB_TX_CH5
DBG_TX_WAKE_CLAIM_SENT
DBG_UWB_TX_CH5
DBG_TX_WAKE_CLAIM_SENT
DBG_UWB_TX_CH5
DBG_TX_WAKE_CLAIM_SENT
DBG_UWB_TX_CH5
DBG_TX_WAKE_CLAIM_SENT
DBG_UWB_TX_CH5
DBG_TX_WAKE_CLAIM_SENT
DBG_UWB_TX_CH5
DBG_TX_WAKE_CLAIM_SENT
DBG_UWB_TX_CH5
DBG_TX_WAKE_CLAIM_SENT
DBG_UWB_TX_CH5
DBG_TX_WAKE_CLAIM_SENT
DBG_UWB_TX_CH5
DBG_TX_WAKE_CLAIM_SENT
DBG_UWB_TX_CH5
DBG_TX_WAKE_CLAIM_SENT
DBG_UWB_TX_CH5
DBG_TX_WAKE_CLAIM_SENT
DBG_UWB_TX_CH5
DBG_TX_WAKE_CLAIM_SENT
DBG_UWB_TX_CH5
DBG_TX_WAKE_CLAIM_SENT
DBG_UWB_TX_CH5
DBG_TX_WAKE_CLAIM_SENT
DBG_UWB_TX_CH5
DBG_TX_WAKE_CLAIM_SENT
DBG_UWB_TX_CH5
DBG_TX_WAKE_CLAIM_SENT
DBG_UWB_TX_CH5
DBG_TX_WAKE_CLAIM_SENT
DBG_UWB_TX_CH5
DBG_TX_WAKE_CLAIM_SENT
DBG_UWB_TX_CH5
DBG_TX_WAKE_CLAIM_SENT
DBG_UWB_TX_CH5
DBG_TX_WAKE_CLAIM_SENT
DBG_UWB_TX_CH5
DBG_TX_WAKE_CLAIM_SENT
DBG_UWB_TX_CH5
DBG_TX_WAKE_CLAIM_SENT
DBG_UWB_TX_CH5
DBG_TX_WAKE_CLAIM_SENT
DBG_UWB_TX_CH5
DBG_TX_WAKE_CLAIM_SENT
DBG_UWB_TX_CH5
DBG_TX_WAKE_CLAIM_SENT
DBG_UWB_TX_CH5
DBG_TX_WAKE_CLAIM_SENT
DBG_UWB_TX_CH5
DBG_TX_WAKE_CLAIM_SENT
DBG_UWB_TX_CH5
DBG_TX_WAKE_CLAIM_SENT
DBG_UWB_TX_CH5
DBG_TX_WAKE_CLAIM_SENT
DBG_UWB_TX_CH5
DBG_TX_WAKE_CLAIM_SENT
DBG_UWB_TX_CH5
DBG_TX_WAKE_CLAIM_SENT
DBG_UWB_TX_CH5
DBG_TX_WAKE_CLAIM_SENT
DBG_UWB_TX_CH5
DBG_TX_WAKE_CLAIM_SENT
DBG_UWB_TX_CH5
DBG_TX_WAKE_CLAIM_SENT
DBG_UWB_TX_CH5
DBG_TX_WAKE_CLAIM_SENT
DBG_UWB_TX_CH5
DBG_TX_WAKE_CLAIM_SENT
DBG_UWB_TX_CH5
DBG_TX_WAKE_CLAIM_SENT
DBG_UWB_TX_CH5
DBG_TX_WAKE_CLAIM_SENT
DBG_DWM_INVALIDATE tag=configure_radio_from_reset active_phy=2 configured=1 awake=1
DBG_DWM_MARK_UNCONFIGURED tag=initialise_radio prev_phy=0
DBG_C5_CONTROL_FOLLOWUP_TURNAROUND delay=60 msg=40 reason=node-comm-bounded-control-flood
DBG_DWM_INVALIDATE tag=configure_radio_from_reset active_phy=2 configured=1 awake=0
DBG_DWM_MARK_UNCONFIGURED tag=initialise_radio prev_phy=0
DBG_DWM_INVALIDATE tag=configure_radio_from_reset active_phy=2 configured=1 awake=0
DBG_DWM_MARK_UNCONFIGURED tag=initialise_radio prev_phy=0
DBG_DWM_WAKE_MESH_CTRL_OK sfd=4073
DBG_C5_TX_CONFIG ret=0 ext=1 len=127 msg=40 reason=bounded-c5-flood
DBG_UWB_TX_CH5
DBG_NC o=0000000000000004 g=00000004 w=00 e=00000022 s=00000005 q=0004>0005 r=00000000 f=00000001 t=00000000 p=00000000 a=00
DBG_NC o=0000000000000004 g=00000004 w=00 e=00000042 s=00000005 q=0005>0006 r=00000000 f=00000001 t=00000000 p=00000000 a=00
DBG_NODE_COMM_ATTEMPT handle=4 profile=0 attempt=1 ret=0 rf=1 scheduled=0 state=0
DBG_GATEWAY_RX_START reason=gateway mesh restart active=1 qrx=0 qtx=0 adv_due=0
DBG_ENUM_RF_BEGIN kind=1 handle=4 attempt=1 tries=1
DBG_STACK_RUN_BEGIN epoch=7638218915498322018 run=23 kind=ble_backpressure owner=system_workqueue queue=1 custody=1 credit=0 retry=0 drain=1 src=11068027678940948070 dst=11068027678940948070 session=43515933 seq=29 type=86 sequence=0 previous=0 uptime=541720
DBG_STACK_SAMPLE_BEGIN epoch=7638218915498322018 run=23 sample=23 kind=ble_backpressure owner=system_workqueue queue=1 custody=1 credit=0 retry=0 drain=1 src=11068027678940948070 dst=11068027678940948070 session=43515933 seq=29 type=86 uptime=541720
DBG_STACK_ISR_CONFIG size=8192 run=23 sample=23
DBG_STACK name=BT RX WQ tid=0x2000fe18 used=760 free=776 size=1536 ret=0 run=23 sample=23
DBG_STACK name=mesh_route tid=0x2000d560 used=5888 free=2304 size=8192 ret=0 run=23 sample=23
DBG_STACK name=sysworkq tid=0x20010d70 used=2304 free=2176 size=4480 ret=0 run=23 sample=23
DBG_STACK name=MPSL Work tid=0x20010b28 used=440 free=584 size=1024 ret=0 run=23 sample=23
DBG_STACK name=logging tid=0x2000f920 used=480 free=1568 size=2048 ret=0 run=23 sample=23
DBG_STACK name=idle tid=0x20010c00 used=64 free=256 size=320 ret=0 run=23 sample=23
DBG_STACK_SAMPLE_END run=23 sample=23
DBG_STACK_RUN_END epoch=7638218915498322018 run=23 kind=ble_backpressure owner=system_workqueue outcome=ack queue=1 custody=0 credit=1 retry=0 drain=1 src=11068027678940948070 dst=11068027678940948070 session=43515933 seq=29 type=86 samples=1 sequence=0 previous=0 uptime=541747
DBG_GATEWAY_CH9_RX_CONT_ARM now=541749 rem=500 frames=0 errors=0
DBG_GATEWAY_CH9_RX_CONT_RESULT start=541749 end=541757 ret=-140 fail=0 status=0x02000000 len=0 frames=0
DBG_GATEWAY_CH9_RX_COMMAND_PREEMPT now=541758 rem=500 frames=0
DBG_DWM_MARK_UNCONFIGURED tag=initialise_radio prev_phy=0
DBG_DWM_INVALIDATE tag=configure_radio_from_reset active_phy=2 configured=1 awake=0
DBG_DWM_MARK_UNCONFIGURED tag=initialise_radio prev_phy=0
DBG_DWM_WAKE_MESH_CTRL_OK sfd=4073
DBG_C5_TX_CONFIG ret=0 ext=1 len=127 msg=40 reason=bounded-c5-flood
DBG_UWB_TX_CH5
DBG_NC o=0000000000000004 g=00000004 w=00 e=00000022 s=00000005 q=0004>0005 r=00000000 f=00000001 t=00000000 p=00000000 a=00
DBG_NC o=0000000000000004 g=00000004 w=00 e=00000042 s=00000005 q=0005>0006 r=00000000 f=00000001 t=00000000 p=00000000 a=00
DBG_NODE_COMM_ATTEMPT handle=4 profile=0 attempt=2 ret=0 rf=1 scheduled=0 state=0
DBG_GATEWAY_RX_START reason=gateway mesh restart active=1 qrx=0 qtx=0 adv_due=0
DBG_COORD state=gateway-rx owner=uwb-rx reason=gateway-rx rx=0 tx=0 relay=0 route=0 ack=0 qack=0
DBG_DWM_INVALIDATE tag=configure_radio_from_reset active_phy=4 configured=1 awake=1
DBG_DWM_MARK_UNCONFIGURED tag=initialise_radio prev_phy=0
DBG_GATEWAY_CH9_RX_CONT_ARM now=541841 rem=500 frames=0 errors=0
DBG_GATEWAY_CH9_RX_CONT_RESULT start=541841 end=541854 ret=-140 fail=0 status=0x02000000 len=0 frames=0
DBG_GATEWAY_CH9_RX_COMMAND_PREEMPT now=541854 rem=500 frames=0
DBG_GATEWAY_CH9_RX_CONT_DONE ret=-140 len=0 fail=0 recover=0
DBG_NC o=0000000000000004 g=00000004 w=00 e=00000023 s=00000005 q=0006>0004 r=00000000 f=00000024 t=00000000 p=00000000 a=00
DBG_NODE_COMM_TX_BEGIN handle=4 profile=0 msg=64 dst=0x0 seq=4
DBG_CONTROL_RX_HANDOFF_READY abort=0
DBG_COORD state=idle owner=c5-flood reason=idle rx=0 tx=0 relay=0 route=0 ack=0 qack=0
DBG_DWM_INVALIDATE tag=configure_radio_from_reset active_phy=3 configured=1 awake=1
DBG_DWM_MARK_UNCONFIGURED tag=initialise_radio prev_phy=0
DBG_DWM_INVALIDATE tag=configure_radio_from_reset active_phy=2 configured=1 awake=0
DBG_DWM_MARK_UNCONFIGURED tag=initialise_radio prev_phy=0
DBG_DWM_WAKE_MESH_CTRL_OK sfd=4073
DBG_C5_TX_CONFIG ret=0 ext=1 len=127 msg=40 reason=bounded-c5-flood
DBG_UWB_TX_CH5
DBG_NC o=0000000000000004 g=00000004 w=00 e=00000022 s=00000005 q=0004>0005 r=00000000 f=00000001 t=00000000 p=00000000 a=00
DBG_NC o=0000000000000004 g=00000004 w=00 e=00000042 s=00000005 q=0005>0006 r=00000000 f=00000001 t=00000000 p=00000000 a=00
DBG_NODE_COMM_ATTEMPT handle=4 profile=0 attempt=3 ret=0 rf=1 scheduled=0 state=0
DBG_GATEWAY_RX_START reason=gateway mesh restart active=1 qrx=0 qtx=0 adv_due=0
DBG_COORD state=gateway-rx owner=uwb-rx reason=gateway-rx rx=0 tx=0 relay=0 route=0 ack=0 qack=0
DBG_DWM_INVALIDATE tag=configure_radio_from_reset active_phy=4 configured=1 awake=1
DBG_DWM_MARK_UNCONFIGURED tag=initialise_radio prev_phy=0
DBG_GATEWAY_CH9_RX_CONT_ARM now=541938 rem=500 frames=0 errors=0
DBG_GATEWAY_CH9_RX_CONT_RESULT start=541938 end=541951 ret=-140 fail=0 status=0x02000000 len=0 frames=0
DBG_GATEWAY_CH9_RX_COMMAND_PREEMPT now=541951 rem=500 frames=0
DBG_GATEWAY_CH9_RX_CONT_DONE ret=-140 len=0 fail=0 recover=0
DBG_NC o=0000000000000004 g=00000004 w=00 e=00000023 s=00000005 q=0006>0004 r=00000000 f=00000024 t=00000000 p=00000000 a=00
DBG_NODE_COMM_TX_BEGIN handle=4 profile=0 msg=64 dst=0x0 seq=4
DBG_CONTROL_RX_HANDOFF_READY abort=0
DBG_COORD state=idle owner=c5-flood reason=idle rx=0 tx=0 relay=0 route=0 ack=0 qack=0
DBG_DWM_INVALIDATE tag=configure_radio_from_reset active_phy=3 configured=1 awake=1
DBG_DWM_MARK_UNCONFIGURED tag=initialise_radio prev_phy=0
DBG_DWM_INVALIDATE tag=configure_radio_from_reset active_phy=2 configured=1 awake=0
DBG_DWM_MARK_UNCONFIGURED tag=initialise_radio prev_phy=0
DBG_DWM_WAKE_MESH_CTRL_OK sfd=4073
DBG_C5_TX_CONFIG ret=0 ext=1 len=127 msg=40 reason=bounded-c5-flood
DBG_UWB_TX_CH5
DBG_NC o=0000000000000004 g=00000004 w=00 e=00000022 s=00000005 q=0004>0005 r=00000000 f=00000001 t=00000000 p=00000000 a=00
DBG_NC o=0000000000000004 g=00000004 w=00 e=00000041 s=00000005 q=0005>0008 r=00000000 f=00000026 t=00000000 p=00000001 a=04
DBG_NODE_COMM_ATTEMPT handle=4 profile=0 attempt=4 ret=0 rf=1 scheduled=0 state=0
DBG_GATEWAY_RX_START reason=gateway mesh restart active=1 qrx=0 qtx=0 adv_due=0
DBG_ENUM_RF_RESULT kind=1 handle=4 success=1 reason=0 tries=4
DBG_COORD state=gateway-rx owner=uwb-rx reason=gateway-rx rx=0 tx=0 relay=0 route=0 ack=0 qack=0
DBG_DWM_INVALIDATE tag=configure_radio_from_reset active_phy=4 configured=1 awake=1
DBG_DWM_MARK_UNCONFIGURED tag=initialise_radio prev_phy=0
DBG_GATEWAY_CH9_RX_CONT_ARM now=542033 rem=500 frames=0 errors=0
DBG_GATEWAY_CH9_RX_CONT_RESULT start=542033 end=542225 ret=0 fail=0 status=0x02006f00 len=97 frames=0
DBG_UWB_RX_CH9
DBG_GATEWAY_CH9_RX_RELEASE_IDLE
DBG_GATEWAY_RX_DECODE ch=9 msg=0x41 src=0x191a9619c6c8cb07 dst=0x9999888877776666 prev=0x191a9619c6c8cb07 seq=4 flags=0x14 ple
DBG_UWB_RX_CH9
DBG_MESH_RX_QUEUED ch=9 msg=0x41 src=0x191a9619c6c8cb07 dst=0x9999888877776666 prev=0x191a9619c6c8cb07 seq=4 q=1
DBG_MESH_RX_DIRECT_WAIT q=1 reason=gateway-ch9-continuous-rx
DBG_MESH_RX_DIRECT_ENTER q=1 reason=gateway-ch9-continuous-rx
DBG_MESH_RX_DRAIN_ENTER owner=gateway-ch9-continuous-rx q=1
DBG_ENUM_ADAPTIVE_DEADLINE stage=0 observed_hop=1 next_hop=2 offset=6034 remaining=5809 deadline=548039
DBG_ENUM_CLAIM_RX epoch=43515930 anchor=0x191a9619c6c8cb07 hop=1 responders=1 roster=1 retained=0
DBG_GATEWAY_ACK_INPUT type=65 src=0x191a9619c6c8cb07 dst=0x9999888877776666 rxseq=4 ackseq=9 len=36 flags=0x14 meta=0
DBG_GATEWAY_ACK_GUARD ms=10 seq=9 owner=control
DBG_STACK_RUN_BEGIN epoch=7638218915498322018 run=24 kind=ble_backpressure owner=system_workqueue queue=1 custody=1 credit=0 retry=0 drain=1 src=11068027678940948070 dst=11068027678940948070 session=43515934 seq=30 type=86 sequence=0 previous=0 uptime=542232
DBG_STACK_SAMPLE_BEGIN epoch=7638218915498322018 run=24 sample=24 kind=ble_backpressure owner=system_workqueue queue=1 custody=1 credit=0 retry=0 drain=1 src=11068027678940948070 dst=11068027678940948070 session=43515934 seq=30 type=86 uptime=542254
DBG_STACK_ISR_CONFIG size=8192 run=24 sample=24
DBG_STACK name=BT RX WQ tid=0x2000fe18 used=760 free=776 size=1536 ret=0 run=24 sample=24
DBG_STACK name=mesh_route tid=0x2000d560 used=5888 free=2304 size=8192 ret=0 run=24 sample=24
DBG_STACK name=sysworkq tid=0x20010d70 used=2304 free=2176 size=4480 ret=0 run=24 sample=24
DBG_STACK name=MPSL Work tid=0x20010b28 used=440 free=584 size=1024 ret=0 run=24 sample=24
DBG_STACK name=logging tid=0x2000f920 used=480 free=1568 size=2048 ret=0 run=24 sample=24
DBG_STACK name=idle tid=0x20010c00 used=64 free=256 size=320 ret=0 run=24 sample=24
DBG_STACK_SAMPLE_END run=24 sample=24
DBG_STACK_RUN_END epoch=7638218915498322018 run=24 kind=ble_backpressure owner=system_workqueue outcome=ack queue=1 custody=0 credit=1 retry=0 drain=1 src=11068027678940948070 dst=11068027678940948070 session=43515934 seq=30 type=86 samples=1 sequence=0 previous=0 uptime=542273
DBG_GATEWAY_CH9_RX_CONT_RESULT start=542248 end=542509 ret=-116 fail=0 status=0x00000000 len=0 frames=1
DBG_MESH_RX_WORK_WAIT q=0
DBG_MESH_RX_WORK_ENTER q=0
DBG_MESH_RX_DRAIN_ENTER owner=work q=0
DBG_MESH_RX_DRAIN_EXIT owner=work handled=0 q=0
DBG_MESH_RX_WORK_EXIT handled=0 q=0
DBG_GATEWAY_RX_REARM_RUN delay=0 ret=1 active=1
DBG_COORD state=gateway-rx owner=uwb-rx reason=gateway-rx rx=0 tx=0 relay=0 route=0 ack=0 qack=0
DBG_GATEWAY_CH9_RX_CONT_ARM now=542510 rem=500 frames=0 errors=0
DBG_GATEWAY_CH9_RX_CONT_RESULT start=542510 end=542631 ret=0 fail=0 status=0x00006f00 len=97 frames=0
DBG_UWB_RX_CH9
DBG_GATEWAY_CH9_RX_RELEASE_IDLE
DBG_GATEWAY_RX_DECODE ch=9 msg=0x41 src=0x708bc0aab970300e dst=0x9999888877776666 prev=0x708bc0aab970300e seq=4 flags=0x14 ple
DBG_UWB_RX_CH9
DBG_MESH_RX_QUEUED ch=9 msg=0x41 src=0x708bc0aab970300e dst=0x9999888877776666 prev=0x708bc0aab970300e seq=4 q=1
DBG_MESH_RX_DIRECT_WAIT q=1 reason=gateway-ch9-continuous-rx
DBG_MESH_RX_DIRECT_ENTER q=1 reason=gateway-ch9-continuous-rx
DBG_MESH_RX_DRAIN_ENTER owner=gateway-ch9-continuous-rx q=1
DBG_ENUM_ADAPTIVE_DEADLINE stage=0 observed_hop=1 next_hop=2 offset=6034 remaining=5403 deadline=548039
DBG_ENUM_CLAIM_RX epoch=43515930 anchor=0x708bc0aab970300e hop=1 responders=2 roster=2 retained=0
DBG_GATEWAY_ACK_INPUT type=65 src=0x708bc0aab970300e dst=0x9999888877776666 rxseq=4 ackseq=10 len=36 flags=0x14 meta=0
DBG_GATEWAY_ACK_GUARD ms=10 seq=10 owner=control
DBG_STACK_RUN_BEGIN epoch=7638218915498322018 run=25 kind=ble_backpressure owner=system_workqueue queue=1 custody=1 credit=0 retry=0 drain=1 src=11068027678940948070 dst=11068027678940948070 session=43515935 seq=31 type=86 sequence=0 previous=0 uptime=542639
DBG_STACK_SAMPLE_BEGIN epoch=7638218915498322018 run=25 sample=25 kind=ble_backpressure owner=system_workqueue queue=1 custody=1 credit=0 retry=0 drain=1 src=11068027678940948070 dst=11068027678940948070 session=43515935 seq=31 type=86 uptime=542656
DBG_STACK_ISR_CONFIG size=8192 run=25 sample=25
DBG_STACK name=BT RX WQ tid=0x2000fe18 used=760 free=776 size=1536 ret=0 run=25 sample=25
DBG_STACK name=mesh_route tid=0x2000d560 used=5888 free=2304 size=8192 ret=0 run=25 sample=25
DBG_STACK name=sysworkq tid=0x20010d70 used=2304 free=2176 size=4480 ret=0 run=25 sample=25
DBG_STACK name=MPSL Work tid=0x20010b28 used=440 free=584 size=1024 ret=0 run=25 sample=25
DBG_STACK name=logging tid=0x2000f920 used=480 free=1568 size=2048 ret=0 run=25 sample=25
DBG_STACK name=idle tid=0x20010c00 used=64 free=256 size=320 ret=0 run=25 sample=25
DBG_STACK_SAMPLE_END run=25 sample=25
DBG_STACK_RUN_END epoch=7638218915498322018 run=25 kind=ble_backpressure owner=system_workqueue outcome=ack queue=1 custody=0 credit=1 retry=0 drain=1 src=11068027678940948070 dst=11068027678940948070 session=43515935 seq=31 type=86 samples=1 sequence=0 previous=0 uptime=542684
DBG_GATEWAY_CH9_RX_CONT_RESULT start=542654 end=543011 ret=-116 fail=0 status=0x00000000 len=0 frames=1
DBG_MESH_RX_WORK_WAIT q=0
DBG_MESH_RX_WORK_ENTER q=0
DBG_MESH_RX_DRAIN_ENTER owner=work q=0
DBG_MESH_RX_DRAIN_EXIT owner=work handled=0 q=0
DBG_MESH_RX_WORK_EXIT handled=0 q=0
DBG_GATEWAY_RX_REARM_RUN delay=0 ret=1 active=1
DBG_COORD state=gateway-rx owner=uwb-rx reason=gateway-rx rx=0 tx=0 relay=0 route=0 ack=0 qack=0
DBG_GATEWAY_CH9_RX_CONT_ARM now=543012 rem=500 frames=0 errors=0
DBG_GATEWAY_CH9_RX_CONT_RESULT start=543012 end=543513 ret=-116 fail=0 status=0x00000000 len=0 frames=0
DBG_GATEWAY_CH9_RX_CONT_ARM now=543515 rem=500 frames=0 errors=0
DBG_GATEWAY_CH9_RX_CONT_RESULT start=543515 end=544016 ret=-116 fail=0 status=0x00000000 len=0 frames=0
DBG_GATEWAY_CH9_RX_CONT_ARM now=544018 rem=500 frames=0 errors=0
DBG_GATEWAY_CH9_RX_CONT_RESULT start=544018 end=544519 ret=-116 fail=0 status=0x00000000 len=0 frames=0
DBG_GATEWAY_CH9_RX_CONT_ARM now=544521 rem=500 frames=0 errors=0
DBG_GATEWAY_CH9_RX_CONT_RESULT start=544521 end=545022 ret=-116 fail=0 status=0x00000000 len=0 frames=0
DBG_GATEWAY_CH9_RX_CONT_ARM now=545024 rem=500 frames=0 errors=0
DBG_GATEWAY_CH9_RX_CONT_RESULT start=545024 end=545525 ret=-116 fail=0 status=0x00000000 len=0 frames=0
DBG_GATEWAY_CH9_RX_CONT_ARM now=545527 rem=500 frames=0 errors=0
DBG_GATEWAY_CH9_RX_CONT_RESULT start=545527 end=546028 ret=-116 fail=0 status=0x00000000 len=0 frames=0
DBG_GATEWAY_CH9_RX_CONT_ARM now=546030 rem=500 frames=0 errors=0
DBG_GATEWAY_CH9_RX_CONT_RESULT start=546030 end=546531 ret=-116 fail=0 status=0x00000000 len=0 frames=0
DBG_GATEWAY_CH9_RX_CONT_ARM now=546533 rem=500 frames=0 errors=0
DBG_GATEWAY_CH9_RX_CONT_RESULT start=546533 end=547034 ret=-116 fail=0 status=0x00000000 len=0 frames=0
DBG_GATEWAY_CH9_RX_CONT_ARM now=547036 rem=500 frames=0 errors=0
DBG_GATEWAY_CH9_RX_CONT_RESULT start=547036 end=547537 ret=-116 fail=0 status=0x00000000 len=0 frames=0
DBG_GATEWAY_CH9_RX_CONT_ARM now=547539 rem=500 frames=0 errors=0
DBG_GATEWAY_CH9_RX_CONT_RESULT start=547539 end=547602 ret=0 fail=0 status=0x00006f00 len=97 frames=0
DBG_UWB_RX_CH9
DBG_GATEWAY_CH9_RX_RELEASE_IDLE
DBG_GATEWAY_RX_DECODE_FAIL ch=9 len=97 q=100
DBG_RX_REJECT mode=9 len=97 q=100
DBG_GATEWAY_CH9_RX_CONT_ARM now=547603 rem=436 frames=1 errors=0
DBG_GATEWAY_CH9_RX_CONT_RESULT start=547603 end=547769 ret=0 fail=0 status=0x00006f00 len=97 frames=1
DBG_UWB_RX_CH9
DBG_GATEWAY_CH9_RX_RELEASE_IDLE
DBG_GATEWAY_RX_DECODE ch=9 msg=0x41 src=0x56da25fe4af6d141 dst=0x9999888877776666 prev=0x191a9619c6c8cb07 seq=4 flags=0x14 ple
DBG_UWB_RX_CH9
DBG_MESH_RX_QUEUED ch=9 msg=0x41 src=0x56da25fe4af6d141 dst=0x9999888877776666 prev=0x191a9619c6c8cb07 seq=4 q=1
DBG_MESH_RX_DIRECT_WAIT q=1 reason=gateway-ch9-continuous-rx
DBG_MESH_RX_DIRECT_ENTER q=1 reason=gateway-ch9-continuous-rx
DBG_MESH_RX_DRAIN_ENTER owner=gateway-ch9-continuous-rx q=1
DBG_ENUM_ADAPTIVE_DEADLINE stage=0 observed_hop=2 next_hop=3 offset=11224 remaining=5455 deadline=553229
DBG_ENUM_CONFIRM ret=1
DBG_ENUM_CLAIM_RX epoch=43515930 anchor=0x56da25fe4af6d141 hop=2 responders=3 roster=3 retained=0
DBG_GATEWAY_ACK_INPUT type=65 src=0x56da25fe4af6d141 dst=0x9999888877776666 rxseq=4 ackseq=11 len=36 flags=0x14 meta=0
DBG_GATEWAY_ACK_GUARD ms=10 seq=11 owner=control
DBG_STACK_RUN_BEGIN epoch=7638218915498322018 run=26 kind=ble_backpressure owner=system_workqueue queue=1 custody=1 credit=0 retry=0 drain=1 src=11068027678940948070 dst=11068027678940948070 session=43515936 seq=32 type=86 sequence=0 previous=0 uptime=547777
DBG_STACK_SAMPLE_BEGIN epoch=7638218915498322018 run=26 sample=26 kind=ble_backpressure owner=system_workqueue queue=1 custody=1 credit=0 retry=0 drain=1 src=11068027678940948070 dst=11068027678940948070 session=43515936 seq=32 type=86 uptime=547797
DBG_STACK_ISR_CONFIG size=8192 run=26 sample=26
DBG_STACK name=BT RX WQ tid=0x2000fe18 used=760 free=776 size=1536 ret=0 run=26 sample=26
DBG_STACK name=mesh_route tid=0x2000d560 used=5888 free=2304 size=8192 ret=0 run=26 sample=26
DBG_STACK name=sysworkq tid=0x20010d70 used=2304 free=2176 size=4480 ret=0 run=26 sample=26
DBG_STACK name=MPSL Work tid=0x20010b28 used=440 free=584 size=1024 ret=0 run=26 sample=26
DBG_STACK name=logging tid=0x2000f920 used=480 free=1568 size=2048 ret=0 run=26 sample=26
DBG_STACK name=idle tid=0x20010c00 used=64 free=256 size=320 ret=0 run=26 sample=26
DBG_STACK_SAMPLE_END run=26 sample=26
DBG_STACK_RUN_END epoch=7638218915498322018 run=26 kind=ble_backpressure owner=system_workqueue outcome=ack queue=1 custody=0 credit=1 retry=0 drain=1 src=11068027678940948070 dst=11068027678940948070 session=43515936 seq=32 type=86 samples=1 sequence=0 previous=0 uptime=547818
DBG_GATEWAY_CH9_RX_CONT_RESULT start=547792 end=548040 ret=-116 fail=0 status=0x00000000 len=0 frames=2
DBG_MESH_RX_WORK_WAIT q=0
DBG_MESH_RX_WORK_ENTER q=0
DBG_MESH_RX_DRAIN_ENTER owner=work q=0
DBG_MESH_RX_DRAIN_EXIT owner=work handled=0 q=0
DBG_MESH_RX_WORK_EXIT handled=0 q=0
DBG_GATEWAY_RX_REARM_RUN delay=0 ret=1 active=1
DBG_COORD state=gateway-rx owner=uwb-rx reason=gateway-rx rx=0 tx=0 relay=0 route=0 ack=0 qack=0
DBG_GATEWAY_CH9_RX_CONT_ARM now=548041 rem=500 frames=0 errors=0
DBG_GATEWAY_CH9_RX_CONT_RESULT start=548041 end=548240 ret=0 fail=0 status=0x00006f00 len=121 frames=0
DBG_UWB_RX_CH9
DBG_GATEWAY_CH9_RX_RELEASE_IDLE
DBG_GATEWAY_RX_DECODE_FAIL ch=9 len=121 q=100
DBG_RX_REJECT mode=9 len=121 q=100
DBG_GATEWAY_CH9_RX_CONT_ARM now=548241 rem=300 frames=1 errors=0
DBG_GATEWAY_CH9_RX_CONT_RESULT start=548241 end=548542 ret=-116 fail=0 status=0x00000000 len=0 frames=1
DBG_GATEWAY_CH9_RX_CONT_ARM now=548544 rem=500 frames=0 errors=0
DBG_GATEWAY_CH9_RX_CONT_RESULT start=548544 end=549045 ret=-116 fail=0 status=0x00000000 len=0 frames=0
DBG_GATEWAY_COMMAND_PRIORITY_SUBMIT ret=0 now=549046
DBG_GATEWAY_CH9_RX_CONT_ARM now=549047 rem=500 frames=0 errors=0
DBG_GATEWAY_CH9_RX_CONT_RESULT start=549047 end=549048 ret=-140 fail=0 status=0x00000000 len=0 frames=0
DBG_GATEWAY_CH9_RX_COMMAND_PREEMPT now=549049 rem=500 frames=0
DBG_GATEWAY_CH9_RX_CONT_DONE ret=-140 len=0 fail=0 recover=0
DBG_NC o=0000000000000005 g=00000005 w=00 e=0000003c s=00000005 q=0000>0004 r=00000000 f=00000024 t=00000000 p=00000000 a=00
DBG_NODE_COMM_SUBMIT handle=5 profile=6 token=17039365 deadline=559052
DBG_ENUM_FLOOD kind=2 handle=5
DBG_ENUM_TABLE_TX epoch=43515930 count=3 round=1 ret=0
DBG_NODE_COMM_TX_BEGIN handle=5 profile=6 msg=64 dst=0x0 seq=5
DBG_CONTROL_RX_HANDOFF_READY abort=0
DBG_COORD state=idle owner=c5-flood reason=idle rx=0 tx=0 relay=0 route=0 ack=0 qack=0
DBG_DWM_INVALIDATE tag=configure_radio_from_reset active_phy=3 configured=1 awake=1
DBG_DWM_MARK_UNCONFIGURED tag=initialise_radio prev_phy=0
DBG_DWM_INVALIDATE tag=configure_radio_from_reset active_phy=2 configured=1 awake=0
DBG_DWM_MARK_UNCONFIGURED tag=initialise_radio prev_phy=0
DBG_DWM_WAKE_MESH_CTRL_OK sfd=4073
DBG_C5_TX_CONFIG ret=0 ext=1 len=187 msg=40 reason=bounded-c5-flood
DBG_UWB_TX_CH5
DBG_NC o=0000000000000005 g=00000005 w=00 e=00000022 s=00000005 q=0004>0005 r=00000000 f=00000001 t=00000000 p=00000000 a=00
DBG_NC o=0000000000000005 g=00000005 w=00 e=00000041 s=00000005 q=0005>0008 r=00000000 f=00000026 t=00000000 p=00000001 a=01
DBG_NODE_COMM_ATTEMPT handle=5 profile=6 attempt=1 ret=0 rf=1 scheduled=0 state=0
DBG_GATEWAY_RX_START reason=gateway mesh restart active=1 qrx=0 qtx=0 adv_due=0
DBG_ENUM_RF_RESULT kind=2 handle=5 success=1 reason=0 tries=1
DBG_COORD state=gateway-rx owner=uwb-rx reason=gateway-rx rx=0 tx=0 relay=0 route=0 ack=0 qack=0
DBG_DWM_INVALIDATE tag=configure_radio_from_reset active_phy=4 configured=1 awake=1
DBG_DWM_MARK_UNCONFIGURED tag=initialise_radio prev_phy=0
DBG_GATEWAY_CH9_RX_CONT_ARM now=549137 rem=500 frames=0 errors=0
DBG_GATEWAY_CH9_RX_CONT_RESULT start=549137 end=549638 ret=-116 fail=0 status=0x02000000 len=0 frames=0
DBG_GATEWAY_CH9_RX_CONT_ARM now=549640 rem=500 frames=0 errors=0
DBG_GATEWAY_CH9_RX_CONT_RESULT start=549640 end=550066 ret=0 fail=0 status=0x00006f00 len=131 frames=0
DBG_UWB_RX_CH9
DBG_GATEWAY_CH9_RX_RELEASE_IDLE
DBG_GATEWAY_RX_DECODE ch=9 msg=0x41 src=0x191a9619c6c8cb07 dst=0x9999888877776666 prev=0x191a9619c6c8cb07 seq=5 flags=0x14 ple
DBG_UWB_RX_CH9
DBG_MESH_RX_QUEUED ch=9 msg=0x41 src=0x191a9619c6c8cb07 dst=0x9999888877776666 prev=0x191a9619c6c8cb07 seq=5 q=1
DBG_MESH_RX_DIRECT_WAIT q=1 reason=gateway-ch9-continuous-rx
DBG_MESH_RX_DIRECT_ENTER q=1 reason=gateway-ch9-continuous-rx
DBG_MESH_RX_DRAIN_ENTER owner=gateway-ch9-continuous-rx q=1
DBG_ENUM_ADAPTIVE_DEADLINE stage=1 observed_hop=1 next_hop=2 offset=6034 remaining=5071 deadline=555142
DBG_DISCOVERY_SLOT_ACK_RX epoch=43515930 anchor=0x191a9619c6c8cb07 hop=1 acked=1 missing=2
DBG_GATEWAY_ACK_INPUT type=65 src=0x191a9619c6c8cb07 dst=0x9999888877776666 rxseq=5 ackseq=12 len=70 flags=0x14 meta=0
DBG_GATEWAY_ACK_GUARD ms=10 seq=12 owner=control
DBG_COORD state=idle owner=gateway-ack-immediate-channel9 reason=idle rx=0 tx=0 relay=0 route=0 ack=0 qack=0
DBG_CH9_TX_CONFIG ret=0 now=550084 earliest=0 msg=32
DBG_UWB_TX_CH9
DBG_GATEWAY_CH9_RX_CONT_RESULT start=550089 end=550141 ret=-116 fail=0 status=0x00000000 len=0 frames=1
DBG_MESH_RX_WORK_WAIT q=0
DBG_MESH_RX_WORK_ENTER q=0
DBG_MESH_RX_DRAIN_ENTER owner=work q=0
DBG_MESH_RX_DRAIN_EXIT owner=work handled=0 q=0
DBG_MESH_RX_WORK_EXIT handled=0 q=0
DBG_GATEWAY_RX_REARM_RUN delay=0 ret=1 active=1
DBG_COORD state=gateway-rx owner=uwb-rx reason=gateway-rx rx=0 tx=0 relay=0 route=0 ack=0 qack=0
DBG_GATEWAY_CH9_RX_CONT_ARM now=550142 rem=500 frames=0 errors=0
DBG_GATEWAY_CH9_RX_CONT_RESULT start=550142 end=550157 ret=0 fail=0 status=0x00006f00 len=131 frames=0
DBG_UWB_RX_CH9
DBG_GATEWAY_CH9_RX_RELEASE_IDLE
DBG_GATEWAY_RX_DECODE ch=9 msg=0x41 src=0x708bc0aab970300e dst=0x9999888877776666 prev=0x708bc0aab970300e seq=5 flags=0x14 ple
DBG_UWB_RX_CH9
DBG_MESH_RX_QUEUED ch=9 msg=0x41 src=0x708bc0aab970300e dst=0x9999888877776666 prev=0x708bc0aab970300e seq=5 q=1
DBG_MESH_RX_DIRECT_WAIT q=1 reason=gateway-ch9-continuous-rx
DBG_MESH_RX_DIRECT_ENTER q=1 reason=gateway-ch9-continuous-rx
DBG_MESH_RX_DRAIN_ENTER owner=gateway-ch9-continuous-rx q=1
DBG_ENUM_ADAPTIVE_DEADLINE stage=1 observed_hop=1 next_hop=2 offset=6034 remaining=4981 deadline=555142
DBG_GATEWAY_ACK_INPUT type=65 src=0x708bc0aab970300e dst=0x9999888877776666 rxseq=5 ackseq=13 len=70 flags=0x14 meta=0
DBG_GATEWAY_ACK_GUARD ms=10 seq=13 owner=control
DBG_COORD state=idle owner=gateway-ack-immediate-channel9 reason=idle rx=0 tx=0 relay=0 route=0 ack=0 qack=0
DBG_CH9_TX_CONFIG ret=0 now=550174 earliest=0 msg=32
DBG_GATEWAY_RX_START reason=gateway mesh restart active=1 qrx=0 qtx=0 adv_due=0
DBG_GATEWAY_ACK_SEND ret=0 seq=13 dst=0x708bc0aab970300e next=0x708bc0aab970300e
DBG_MESH_RX_DRAIN_EXIT owner=gateway-ch9-continuous-rx handled=1 q=0
DBG_MESH_RX_DIRECT_EXIT handled=1 q=0 reason=gateway-ch9-continuous-rx
DBG_GATEWAY_CH9_RX_CONT_ARM now=550179 rem=463 frames=1 errors=0
DBG_GATEWAY_CH9_RX_CONT_RESULT start=550179 end=550643 ret=-116 fail=0 status=0x00000000 len=0 frames=1
DBG_MESH_RX_WORK_WAIT q=0
DBG_MESH_RX_WORK_ENTER q=0
DBG_MESH_RX_DRAIN_ENTER owner=work q=0
DBG_MESH_RX_DRAIN_EXIT owner=work handled=0 q=0
DBG_MESH_RX_WORK_EXIT handled=0 q=0
DBG_GATEWAY_RX_REARM_RUN delay=0 ret=1 active=1
DBG_COORD state=gateway-rx owner=uwb-rx reason=gateway-rx rx=0 tx=0 relay=0 route=0 ack=0 qack=0
DBG_GATEWAY_CH9_RX_CONT_ARM now=550645 rem=500 frames=0 errors=0
DBG_GATEWAY_CH9_RX_CONT_RESULT start=550645 end=551146 ret=-116 fail=0 status=0x00000000 len=0 frames=0
DBG_GATEWAY_CH9_RX_CONT_ARM now=551148 rem=500 frames=0 errors=0
DBG_GATEWAY_CH9_RX_CONT_RESULT start=551148 end=551649 ret=-116 fail=0 status=0x00000000 len=0 frames=0
DBG_GATEWAY_CH9_RX_CONT_ARM now=551651 rem=500 frames=0 errors=0
DBG_GATEWAY_CH9_RX_CONT_RESULT start=551651 end=552152 ret=-116 fail=0 status=0x00000000 len=0 frames=0
DBG_GATEWAY_CH9_RX_CONT_ARM now=552154 rem=500 frames=0 errors=0
DBG_GATEWAY_CH9_RX_CONT_RESULT start=552154 end=552655 ret=-116 fail=0 status=0x00000000 len=0 frames=0
DBG_GATEWAY_CH9_RX_CONT_ARM now=552657 rem=500 frames=0 errors=0
DBG_GATEWAY_CH9_RX_CONT_RESULT start=552657 end=553158 ret=-116 fail=0 status=0x00000000 len=0 frames=0
DBG_GATEWAY_CH9_RX_CONT_ARM now=553160 rem=500 frames=0 errors=0
DBG_GATEWAY_CH9_RX_CONT_RESULT start=553160 end=553661 ret=-116 fail=0 status=0x00000000 len=0 frames=0
DBG_GATEWAY_CH9_RX_CONT_ARM now=553663 rem=500 frames=0 errors=0
DBG_GATEWAY_CH9_RX_CONT_RESULT start=553663 end=554003 ret=0 fail=0 status=0x00006f00 len=131 frames=0
DBG_UWB_RX_CH9
DBG_GATEWAY_CH9_RX_RELEASE_IDLE
DBG_GATEWAY_RX_DECODE_FAIL ch=9 len=131 q=100
DBG_RX_REJECT mode=9 len=131 q=100
DBG_GATEWAY_CH9_RX_CONT_ARM now=554004 rem=159 frames=1 errors=0
DBG_GATEWAY_CH9_RX_CONT_RESULT start=554004 end=554164 ret=-116 fail=0 status=0x00000000 len=0 frames=1
DBG_GATEWAY_CH9_RX_CONT_ARM now=554166 rem=500 frames=0 errors=0
DBG_GATEWAY_CH9_RX_CONT_RESULT start=554166 end=554667 ret=-116 fail=0 status=0x00000000 len=0 frames=0
DBG_GATEWAY_CH9_RX_CONT_ARM now=554669 rem=500 frames=0 errors=0
DBG_GATEWAY_CH9_RX_CONT_RESULT start=554669 end=555170 ret=-116 fail=0 status=0x00000000 len=0 frames=0
DBG_GATEWAY_COMMAND_PRIORITY_SUBMIT ret=0 now=555171
DBG_GATEWAY_CH9_RX_CONT_ARM now=555172 rem=500 frames=0 errors=0
DBG_GATEWAY_CH9_RX_CONT_RESULT start=555172 end=555173 ret=-140 fail=0 status=0x00000000 len=0 frames=0
DBG_GATEWAY_CH9_RX_COMMAND_PREEMPT now=555174 rem=500 frames=0
DBG_GATEWAY_CH9_RX_CONT_DONE ret=-140 len=0 fail=0 recover=0
DBG_NC o=0000000000000006 g=00000006 w=00 e=0000003c s=00000005 q=0000>0004 r=00000000 f=00000024 t=00000000 p=00000000 a=00
DBG_NODE_COMM_SUBMIT handle=6 profile=6 token=17039366 deadline=565174
DBG_ENUM_FLOOD kind=4 handle=6
DBG_ENUM_ABORT_TX epoch=43515930 claim_session=43515930 claim_seq=43515930 ret=0
DBG_NODE_COMM_TX_BEGIN handle=6 profile=6 msg=64 dst=0x0 seq=6
DBG_CONTROL_RX_HANDOFF_READY abort=0
DBG_COORD state=idle owner=c5-flood reason=idle rx=0 tx=0 relay=0 route=0 ack=0 qack=0
DBG_DWM_MARK_UNCONFIGURED tag=initialise_radio prev_phy=0
DBG_DWM_INVALIDATE tag=configure_radio_from_reset active_phy=2 configured=1 awake=0
DBG_DWM_MARK_UNCONFIGURED tag=initialise_radio prev_phy=0
DBG_DWM_WAKE_MESH_CTRL_OK sfd=4073
DBG_C5_TX_CONFIG ret=0 ext=1 len=141 msg=40 reason=bounded-c5-flood
DBG_UWB_TX_CH5
DBG_NC o=0000000000000006 g=00000006 w=00 e=00000022 s=00000005 q=0004>0005 r=00000000 f=00000001 t=00000000 p=00000000 a=00
DBG_NC o=0000000000000006 g=00000006 w=00 e=00000041 s=00000005 q=0005>0008 r=00000000 f=00000026 t=00000000 p=00000001 a=01
DBG_NODE_COMM_ATTEMPT handle=6 profile=6 attempt=1 ret=0 rf=1 scheduled=0 state=0
DBG_GATEWAY_RX_START reason=gateway mesh restart active=1 qrx=0 qtx=0 adv_due=0
DBG_ENUM_RF_RESULT kind=4 handle=6 success=1 reason=0 tries=1
DBG_STACK_RUN_BEGIN epoch=7638218915498322018 run=27 kind=ble_backpressure owner=system_workqueue queue=1 custody=1 credit=0 retry=0 drain=1 src=11068027678940948070 dst=11068027678940948070 session=1315713747 seq=13011 type=65 sequence=0 previous=0 uptime=555233
DBG_STACK_SAMPLE_BEGIN epoch=7638218915498322018 run=27 sample=27 kind=ble_backpressure owner=system_workqueue queue=1 custody=1 credit=0 retry=0 drain=1 src=11068027678940948070 dst=11068027678940948070 session=1315713747 seq=13011 type=65 uptime=555233
DBG_STACK_ISR_CONFIG size=8192 run=27 sample=27
DBG_STACK name=BT RX WQ tid=0x2000fe18 used=760 free=776 size=1536 ret=0 run=27 sample=27
DBG_STACK name=mesh_route tid=0x2000d560 used=5888 free=2304 size=8192 ret=0 run=27 sample=27
DBG_STACK name=sysworkq tid=0x20010d70 used=2304 free=2176 size=4480 ret=0 run=27 sample=27
DBG_STACK name=MPSL Work tid=0x20010b28 used=440 free=584 size=1024 ret=0 run=27 sample=27
DBG_STACK name=logging tid=0x2000f920 used=480 free=1568 size=2048 ret=0 run=27 sample=27
DBG_STACK name=idle tid=0x20010c00 used=64 free=256 size=320 ret=0 run=27 sample=27
DBG_STACK_SAMPLE_END run=27 sample=27
DBG_STACK_RUN_END epoch=7638218915498322018 run=27 kind=ble_backpressure owner=system_workqueue outcome=ack queue=1 custody=0 credit=1 retry=0 drain=1 src=11068027678940948070 dst=11068027678940948070 session=1315713747 seq=13011 type=65 samples=1 sequence=0 previous=0 uptime=555252
DBG_GATEWAY_CH9_RX_CONT_ARM now=555262 rem=500 frames=0 errors=0
DBG_GATEWAY_CH9_RX_CONT_RESULT start=555262 end=555763 ret=-116 fail=0 status=0x02000000 len=0 frames=0
DBG_GATEWAY_CH9_RX_CONT_ARM now=555765 rem=500 frames=0 errors=0
DBG_GATEWAY_CH9_RX_CONT_RESULT start=555765 end=556266 ret=-116 fail=0 status=0x00000000 len=0 frames=0
DBG_GATEWAY_CH9_RX_CONT_ARM now=556268 rem=500 frames=0 errors=0
DBG_GATEWAY_CH9_RX_CONT_RESULT start=556268 end=556769 ret=-116 fail=0 status=0x00000000 len=0 frames=0
DBG_GATEWAY_CH9_RX_CONT_ARM now=556771 rem=500 frames=0 errors=0
DBG_GATEWAY_CH9_RX_CONT_RESULT start=556771 end=557272 ret=-116 fail=0 status=0x00000000 len=0 frames=0
DBG_GATEWAY_CH9_RX_CONT_ARM now=557274 rem=500 frames=0 errors=0
DBG_GATEWAY_BLE event=disconnected reason=19 uptime=557350
DBG_GATEWAY_BLE event=recovery round=1 delay_ms=269 reason=disconnected uptime=557350
DBG_GATEWAY_CH9_RX_CONT_RESULT start=557274 end=557775 ret=-116 fail=0 status=0x00000000 len=0 frames=0
DBG_GATEWAY_CH9_RX_CONT_ARM now=557777 rem=500 frames=0 errors=0
DBG_GATEWAY_CH9_RX_CONT_RESULT start=557777 end=558278 ret=-116 fail=0 status=0x00000000 len=0 frames=0
DBG_GATEWAY_CH9_RX_CONT_ARM now=558280 rem=500 frames=0 errors=0
