[34m0000583[0m [36mI[0m Target type is nrf52833 [2m[board][0m
[34m0000604[0m [36mI[0m Performing connect pre-reset [2m[coresight_target][0m
[34m0000809[0m [36mI[0m DP IDR = 0x2ba01477 (v1 rev2) [2m[dap][0m
[34m0000815[0m [36mI[0m AHB-AP#0 IDR = 0x24770011 (AHB-AP var1 rev2) [2m[discovery][0m
[34m0000816[0m [36mI[0m AP#1 IDR = 0x02880000 (AP var0 rev0) [2m[discovery][0m
[34m0000816[0m [36mI[0m NRF52833 not in secure state [2m[target_nRF52][0m
[34m0000820[0m [36mI[0m AHB-AP#0 Class 0x1 ROM table #0 @ 0xe00ff000 (designer=244 part=00d) [2m[rom_table][0m
[34m0000822[0m [36mI[0m [0]<e000e000:SCS v7-M class=14 designer=43b:Arm part=00c> [2m[rom_table][0m
[34m0000824[0m [36mI[0m [1]<e0001000:DWT v7-M class=14 designer=43b:Arm part=002> [2m[rom_table][0m
[34m0000825[0m [36mI[0m [2]<e0002000:FPB v7-M class=14 designer=43b:Arm part=003> [2m[rom_table][0m
[34m0000827[0m [36mI[0m [3]<e0000000:ITM v7-M class=14 designer=43b:Arm part=001> [2m[rom_table][0m
[34m0000829[0m [36mI[0m [4]<e0040000:TPIU M4 class=9 designer=43b:Arm part=9a1 devtype=11 archid=0000 devid=ca1:0:0> [2m[rom_table][0m
[34m0000832[0m [36mI[0m [5]<e0041000:ETM M4 class=9 designer=43b:Arm part=925 devtype=13 archid=0000 devid=0:0:0> [2m[rom_table][0m
[34m0000835[0m [36mI[0m CPU core #0: Cortex-M4 r0p1, v7.0-M architecture [2m[cortex_m][0m
[34m0000835[0m [36mI[0m   Extensions: [DSP, FPU, FPU_V4, MPU] [2m[cortex_m][0m
[34m0000835[0m [36mI[0m   FPU present: FPv4-SP-D16-M [2m[cortex_m][0m
[34m0000838[0m [36mI[0m This appears to be an nRF52833 AA B0 [2m[target_nRF52][0m
[34m0000842[0m [36mI[0m 4 hardware watchpoints [2m[dwt][0m
[34m0000843[0m [36mI[0m 6 hardware breakpoints, 4 literal comparators [2m[fpb][0m
[34m0000861[0m [36mI[0m 3 up channels and 3 down channels found [2m[rtt_cmd][0m
[34m0000861[0m [36mI[0m Reading from up channel 0 ("Terminal") [2m[rtt_cmd][0m
[34m0000863[0m [36mI[0m Writing to down channel 0 ("Terminal") [2m[rtt_cmd][0m
DBG_GATEWAY_CH9_RX_CONT_RESULT start=765652 end=766153 ret=-116 fail=0 status=0x00000000 len=0 frames=0
DBG_GATEWAY_CH9_RX_CONT_ARM now=766155 rem=500 frames=0 errors=0
DBG_GATEWAY_CH9_RX_CONT_RESULT start=766155 end=766656 ret=-116 fail=0 status=0x00000000 len=0 frames=0
DBG_GATEWAY_CH9_RX_CONT_ARM now=766658 rem=500 frames=0 errors=0
DBG_GATEWAY_CH9_RX_CONT_RESULT start=766658 end=767159 ret=-116 fail=0 status=0x00000000 len=0 frames=0
DBG_GATEWAY_CH9_RX_CONT_ARM now=767161 rem=500 frames=0 errors=0
DBG_GATEWAY_CH9_RX_CONT_RESULT start=767161 end=767662 ret=-116 fail=0 status=0x00000000 len=0 frames=0
DBG_GATEWAY_CH9_RX_CONT_ARM now=767664 rem=500 frames=0 errors=0
DBG_GATEWAY_CH9_RX_CONT_RESULT start=767664 end=768165 ret=-116 fail=0 status=0x00000000 len=0 frames=0
DBG_GATEWAY_CH9_RX_CONT_ARM now=768167 rem=500 frames=0 errors=0
DBG_GATEWAY_CH9_RX_CONT_RESULT start=768167 end=768668 ret=-116 fail=0 status=0x00000000 len=0 frames=0
DBG_GATEWAY_CH9_RX_CONT_ARM now=768670 rem=500 frames=0 errors=0
DBG_GATEWAY_CH9_RX_CONT_RESULT start=768670 end=769171 ret=-116 fail=0 status=0x00000000 len=0 frames=0
DBG_GATEWAY_CH9_RX_CONT_ARM now=769173 rem=500 frames=0 errors=0
DBG_GATEWAY_CH9_RX_CONT_RESULT start=769173 end=769674 ret=-116 fail=0 status=0x00000000 len=0 frames=0
DBG_GATEWAY_CH9_RX_CONT_ARM now=769676 rem=500 frames=0 errors=0
DBG_GATEWAY_CH9_RX_CONT_RESULT start=769676 end=770177 ret=-116 fail=0 status=0x00000000 len=0 frames=0
DBG_GATEWAY_CH9_RX_CONT_ARM now=770179 rem=500 frames=0 errors=0
DBG_GATEWAY_CH9_RX_CONT_RESULT start=770179 end=770680 ret=-116 fail=0 status=0x00000000 len=0 frames=0
DBG_GATEWAY_CH9_RX_CONT_ARM now=770682 rem=500 frames=0 errors=0
DBG_GATEWAY_CH9_RX_CONT_RESULT start=770682 end=771183 ret=-116 fail=0 status=0x00000000 len=0 frames=0
DBG_GATEWAY_CH9_RX_CONT_ARM now=771185 rem=500 frames=0 errors=0
DBG_GATEWAY_CH9_RX_CONT_RESULT start=771185 end=771686 ret=-116 fail=0 status=0x00000000 len=0 frames=0
DBG_GATEWAY_CH9_RX_CONT_ARM now=771688 rem=500 frames=0 errors=0
DBG_GATEWAY_CH9_RX_CONT_RESULT start=771688 end=772189 ret=-116 fail=0 status=0x00000000 len=0 frames=0
DBG_GATEWAY_CH9_RX_CONT_ARM now=772191 rem=500 frames=0 errors=0
DBG_GATEWAY_CH9_RX_CONT_RESULT start=772191 end=772692 ret=-116 fail=0 status=0x00000000 len=0 frames=0
DBG_GATEWAY_CH9_RX_CONT_ARM now=772694 rem=500 frames=0 errors=0
DBG_GATEWAY_CH9_RX_CONT_RESULT start=772694 end=773195 ret=-116 fail=0 status=0x00000000 len=0 frames=0
DBG_GATEWAY_CH9_RX_CONT_ARM now=773197 rem=500 frames=0 errors=0
DBG_GATEWAY_CH9_RX_CONT_RESULT start=773197 end=773698 ret=-116 fail=0 status=0x00000000 len=0 frames=0
DBG_GATEWAY_CH9_RX_CONT_ARM now=773700 rem=500 frames=0 errors=0
DBG_GATEWAY_CH9_RX_CONT_RESULT start=773700 end=774201 ret=-116 fail=0 status=0x00000000 len=0 frames=0
DBG_GATEWAY_CH9_RX_CONT_ARM now=774203 rem=500 frames=0 errors=0
DBG_GATEWAY_CH9_RX_CONT_RESULT start=774203 end=774704 ret=-116 fail=0 status=0x00000000 len=0 frames=0
DBG_GATEWAY_CH9_RX_CONT_ARM now=774706 rem=500 frames=0 errors=0
DBG_GATEWAY_CH9_RX_CONT_RESULT start=774706 end=775207 ret=-116 fail=0 status=0x00000000 len=0 frames=0
DBG_GATEWAY_CH9_RX_CONT_ARM now=775209 rem=500 frames=0 errors=0
DBG_GATEWAY_CH9_RX_CONT_RESULT start=775209 end=775710 ret=-116 fail=0 status=0x00000000 len=0 frames=0
DBG_GATEWAY_CH9_RX_CONT_ARM now=775712 rem=500 frames=0 errors=0
DBG_GATEWAY_CH9_RX_CONT_RESULT start=775712 end=776213 ret=-116 fail=0 status=0x00000000 len=0 frames=0
DBG_GATEWAY_CH9_RX_CONT_ARM now=776215 rem=500 frames=0 errors=0
DBG_GATEWAY_CH9_RX_CONT_RESULT start=776215 end=776716 ret=-116 fail=0 status=0x00000000 len=0 frames=0
DBG_GATEWAY_CH9_RX_CONT_ARM now=776718 rem=500 frames=0 errors=0
DBG_GATEWAY_CH9_RX_CONT_RESULT start=776718 end=777219 ret=-116 fail=0 status=0x00000000 len=0 frames=0
DBG_GATEWAY_CH9_RX_CONT_ARM now=777221 rem=500 frames=0 errors=0
DBG_GATEWAY_CH9_RX_CONT_RESULT start=777221 end=777722 ret=-116 fail=0 status=0x00000000 len=0 frames=0
DBG_GATEWAY_CH9_RX_CONT_ARM now=777724 rem=500 frames=0 errors=0
DBG_GATEWAY_CH9_RX_CONT_RESULT start=777724 end=778225 ret=-116 fail=0 status=0x00000000 len=0 frames=0
DBG_GATEWAY_CH9_RX_CONT_ARM now=778227 rem=500 frames=0 errors=0
DBG_GATEWAY_CH9_RX_CONT_RESULT start=778227 end=778728 ret=-116 fail=0 status=0x00000000 len=0 frames=0
DBG_GATEWAY_CH9_RX_CONT_ARM now=778730 rem=500 frames=0 errors=0
DBG_GATEWAY_CH9_RX_CONT_RESULT start=778730 end=779231 ret=-116 fail=0 status=0x00000000 len=0 frames=0
DBG_GATEWAY_CH9_RX_CONT_ARM now=779233 rem=500 frames=0 errors=0
DBG_GATEWAY_CH9_RX_CONT_RESULT start=779233 end=779734 ret=-116 fail=0 status=0x00000000 len=0 frames=0
DBG_GATEWAY_CH9_RX_CONT_ARM now=779736 rem=500 frames=0 errors=0
DBG_GATEWAY_CH9_RX_CONT_RESULT start=779736 end=780237 ret=-116 fail=0 status=0x00000000 len=0 frames=0
DBG_GATEWAY_CH9_RX_CONT_ARM now=780239 rem=500 frames=0 errors=0
DBG_GATEWAY_CH9_RX_CONT_RESULT start=780239 end=780740 ret=-116 fail=0 status=0x00000000 len=0 frames=0
DBG_GATEWAY_CH9_RX_CONT_ARM now=780742 rem=500 frames=0 errors=0
DBG_GATEWAY_CH9_RX_CONT_RESULT start=780742 end=781243 ret=-116 fail=0 status=0x00000000 len=0 frames=0
DBG_GATEWAY_CH9_RX_CONT_ARM now=781245 rem=500 frames=0 errors=0
DBG_GATEWAY_CH9_RX_CONT_RESULT start=781245 end=781746 ret=-116 fail=0 status=0x00000000 len=0 frames=0
DBG_GATEWAY_CH9_RX_CONT_ARM now=781748 rem=500 frames=0 errors=0
DBG_GATEWAY_CH9_RX_CONT_RESULT start=781748 end=782249 ret=-116 fail=0 status=0x00000000 len=0 frames=0
DBG_GATEWAY_CH9_RX_CONT_ARM now=782251 rem=500 frames=0 errors=0
DBG_GATEWAY_CH9_RX_CONT_RESULT start=782251 end=782752 ret=-116 fail=0 status=0x00000000 len=0 frames=0
DBG_GATEWAY_CH9_RX_CONT_ARM now=782754 rem=500 frames=0 errors=0
DBG_GATEWAY_CH9_RX_CONT_RESULT start=782754 end=783255 ret=-116 fail=0 status=0x00000000 len=0 frames=0
DBG_GATEWAY_CH9_RX_CONT_ARM now=783257 rem=500 frames=0 errors=0
DBG_GATEWAY_CH9_RX_CONT_RESULT start=783257 end=783758 ret=-116 fail=0 status=0x00000000 len=0 frames=0
DBG_GATEWAY_CH9_RX_CONT_ARM now=783760 rem=500 frames=0 errors=0
DBG_GATEWAY_CH9_RX_CONT_RESULT start=783760 end=784261 ret=-116 fail=0 status=0x00000000 len=0 frames=0
DBG_GATEWAY_CH9_RX_CONT_ARM now=784263 rem=500 frames=0 errors=0
DBG_GATEWAY_CH9_RX_CONT_RESULT start=784263 end=784764 ret=-116 fail=0 status=0x00000000 len=0 frames=0
DBG_GATEWAY_CH9_RX_CONT_ARM now=784766 rem=500 frames=0 errors=0
DBG_GATEWAY_CH9_RX_CONT_RESULT start=784766 end=785267 ret=-116 fail=0 status=0x00000000 len=0 frames=0
DBG_GATEWAY_CH9_RX_CONT_ARM now=785269 rem=500 frames=0 errors=0
DBG_GATEWAY_CH9_RX_CONT_RESULT start=785269 end=785770 ret=-116 fail=0 status=0x00000000 len=0 frames=0
DBG_GATEWAY_CH9_RX_CONT_ARM now=785772 rem=500 frames=0 errors=0
DBG_GATEWAY_CH9_RX_CONT_RESULT start=785772 end=786273 ret=-116 fail=0 status=0x00000000 len=0 frames=0
DBG_GATEWAY_CH9_RX_CONT_ARM now=786275 rem=500 frames=0 errors=0
DBG_GATEWAY_CH9_RX_CONT_RESULT start=786275 end=786776 ret=-116 fail=0 status=0x00000000 len=0 frames=0
DBG_GATEWAY_CH9_RX_CONT_ARM now=786778 rem=500 frames=0 errors=0
DBG_GATEWAY_CH9_RX_CONT_RESULT start=786778 end=787279 ret=-116 fail=0 status=0x00000000 len=0 frames=0
DBG_GATEWAY_CH9_RX_CONT_ARM now=787281 rem=500 frames=0 errors=0
DBG_GATEWAY_CH9_RX_CONT_RESULT start=787281 end=787782 ret=-116 fail=0 status=0x00000000 len=0 frames=0
DBG_GATEWAY_CH9_RX_CONT_ARM now=787784 rem=500 frames=0 errors=0
DBG_GATEWAY_CH9_RX_CONT_RESULT start=787784 end=788285 ret=-116 fail=0 status=0x00000000 len=0 frames=0
DBG_GATEWAY_CH9_RX_CONT_ARM now=788287 rem=500 frames=0 errors=0
DBG_GATEWAY_CH9_RX_CONT_RESULT start=788287 end=788788 ret=-116 fail=0 status=0x00000000 len=0 frames=0
DBG_GATEWAY_CH9_RX_CONT_ARM now=788790 rem=500 frames=0 errors=0
DBG_GATEWAY_CH9_RX_CONT_RESULT start=788790 end=789291 ret=-116 fail=0 status=0x00000000 len=0 frames=0
DBG_GATEWAY_CH9_RX_CONT_ARM now=789293 rem=500 frames=0 errors=0
DBG_GATEWAY_CH9_RX_CONT_RESULT start=789293 end=789794 ret=-116 fail=0 status=0x00000000 len=0 frames=0
DBG_GATEWAY_CH9_RX_CONT_ARM now=789796 rem=500 frames=0 errors=0
DBG_GATEWAY_CH9_RX_CONT_RESULT start=789796 end=790297 ret=-116 fail=0 status=0x00000000 len=0 frames=0
DBG_GATEWAY_CH9_RX_CONT_ARM now=790299 rem=500 frames=0 errors=0
DBG_GATEWAY_CH9_RX_CONT_RESULT start=790299 end=790800 ret=-116 fail=0 status=0x00000000 len=0 frames=0
DBG_GATEWAY_CH9_RX_CONT_ARM now=790802 rem=500 frames=0 errors=0
DBG_GATEWAY_CH9_RX_CONT_RESULT start=790802 end=791303 ret=-116 fail=0 status=0x00000000 len=0 frames=0
DBG_GATEWAY_CH9_RX_CONT_ARM now=791305 rem=500 frames=0 errors=0
DBG_GATEWAY_CH9_RX_CONT_RESULT start=791305 end=791806 ret=-116 fail=0 status=0x00000000 len=0 frames=0
DBG_GATEWAY_CH9_RX_CONT_ARM now=791808 rem=500 frames=0 errors=0
DBG_GATEWAY_CH9_RX_CONT_RESULT start=791808 end=792309 ret=-116 fail=0 status=0x00000000 len=0 frames=0
DBG_GATEWAY_CH9_RX_CONT_ARM now=792311 rem=500 frames=0 errors=0
DBG_GATEWAY_CH9_RX_CONT_RESULT start=792311 end=792812 ret=-116 fail=0 status=0x00000000 len=0 frames=0
DBG_GATEWAY_CH9_RX_CONT_ARM now=792814 rem=500 frames=0 errors=0
DBG_GATEWAY_CH9_RX_CONT_RESULT start=792814 end=793315 ret=-116 fail=0 status=0x00000000 len=0 frames=0
DBG_GATEWAY_CH9_RX_CONT_ARM now=793317 rem=500 frames=0 errors=0
DBG_GATEWAY_CH9_RX_CONT_RESULT start=793317 end=793818 ret=-116 fail=0 status=0x00000000 len=0 frames=0
DBG_GATEWAY_CH9_RX_CONT_ARM now=793820 rem=500 frames=0 errors=0
DBG_GATEWAY_CH9_RX_CONT_RESULT start=793820 end=794321 ret=-116 fail=0 status=0x00000000 len=0 frames=0
DBG_GATEWAY_CH9_RX_CONT_ARM now=794323 rem=500 frames=0 errors=0
DBG_GATEWAY_CH9_RX_CONT_RESULT start=794323 end=794824 ret=-116 fail=0 status=0x00000000 len=0 frames=0
DBG_GATEWAY_CH9_RX_CONT_ARM now=794826 rem=500 frames=0 errors=0
DBG_GATEWAY_CH9_RX_CONT_RESULT start=794826 end=795327 ret=-116 fail=0 status=0x00000000 len=0 frames=0
DBG_GATEWAY_CH9_RX_CONT_ARM now=795329 rem=500 frames=0 errors=0
DBG_GATEWAY_CH9_RX_CONT_RESULT start=795329 end=795830 ret=-116 fail=0 status=0x00000000 len=0 frames=0
DBG_GATEWAY_CH9_RX_CONT_ARM now=795832 rem=500 frames=0 errors=0
DBG_GATEWAY_CH9_RX_CONT_RESULT start=795832 end=796333 ret=-116 fail=0 status=0x00000000 len=0 frames=0
DBG_GATEWAY_CH9_RX_CONT_ARM now=796335 rem=500 frames=0 errors=0
DBG_GATEWAY_CH9_RX_CONT_RESULT start=796335 end=796836 ret=-116 fail=0 status=0x00000000 len=0 frames=0
DBG_GATEWAY_CH9_RX_CONT_ARM now=796838 rem=500 frames=0 errors=0
DBG_GATEWAY_CH9_RX_CONT_RESULT start=796838 end=797339 ret=-116 fail=0 status=0x00000000 len=0 frames=0
DBG_GATEWAY_CH9_RX_CONT_ARM now=797341 rem=500 frames=0 errors=0
DBG_GATEWAY_CH9_RX_CONT_RESULT start=797341 end=797842 ret=-116 fail=0 status=0x00000000 len=0 frames=0
DBG_GATEWAY_CH9_RX_CONT_ARM now=797844 rem=500 frames=0 errors=0
DBG_GATEWAY_CH9_RX_CONT_RESULT start=797844 end=798345 ret=-116 fail=0 status=0x00000000 len=0 frames=0
DBG_GATEWAY_CH9_RX_CONT_ARM now=798347 rem=500 frames=0 errors=0
DBG_GATEWAY_CH9_RX_CONT_RESULT start=798347 end=798848 ret=-116 fail=0 status=0x00000000 len=0 frames=0
DBG_GATEWAY_CH9_RX_CONT_ARM now=798850 rem=500 frames=0 errors=0
DBG_GATEWAY_CH9_RX_CONT_RESULT start=798850 end=799351 ret=-116 fail=0 status=0x00000000 len=0 frames=0
DBG_GATEWAY_CH9_RX_CONT_ARM now=799353 rem=500 frames=0 errors=0
DBG_GATEWAY_BLE event=connected err=0 uptime=799792
DBG_GATEWAY_BLE event=param-request ret=0 interval=24-40 latency=0 timeout_ms=12000 uptime=799792
DBG_GATEWAY_CH9_RX_CONT_RESULT start=799353 end=799854 ret=-116 fail=0 status=0x00000000 len=0 frames=0
DBG_GATEWAY_CH9_RX_CONT_ARM now=799856 rem=500 frames=0 errors=0
DBG_GATEWAY_CH9_RX_CONT_RESULT start=799856 end=800357 ret=-116 fail=0 status=0x00000000 len=0 frames=0
DBG_GATEWAY_CH9_RX_CONT_ARM now=800359 rem=500 frames=0 errors=0
DBG_GATEWAY_CH9_RX_CONT_RESULT start=800359 end=800860 ret=-116 fail=0 status=0x00000000 len=0 frames=0
DBG_GATEWAY_CH9_RX_CONT_ARM now=800862 rem=500 frames=0 errors=0
DBG_GATEWAY_COMMAND_PRIORITY_SUBMIT ret=0 now=801027
DBG_STACK_RUN_BEGIN epoch=3361548465503702798 run=39 kind=ble_backpressure owner=system_workqueue queue=1 custody=1 credit=0 retry=0 drain=1 src=11068027678940948070 dst=11068027678940948070 session=51118129 seq=49 type=86 sequence=0 previous=0 uptime=801027
DBG_STACK_SAMPLE_BEGIN epoch=3361548465503702798 run=39 sample=39 kind=ble_backpressure owner=system_workqueue queue=1 custody=1 credit=0 retry=0 drain=1 src=11068027678940948070 dst=11068027678940948070 session=51118129 seq=49 type=86 uptime=801028
DBG_STACK_ISR_CONFIG size=8192 run=39 sample=39
DBG_STACK name=BT RX WQ tid=0x2000fe28 used=760 free=776 size=1536 ret=0 run=39 sample=39
DBG_STACK name=mesh_route tid=0x2000d560 used=5904 free=2288 size=8192 ret=0 run=39 sample=39
DBG_STACK name=sysworkq tid=0x20010d80 used=2408 free=2072 size=4480 ret=0 run=39 sample=39
DBG_STACK name=MPSL Work tid=0x20010b38 used=440 free=584 size=1024 ret=0 run=39 sample=39
DBG_STACK name=logging tid=0x2000f930 used=480 free=1568 size=2048 ret=0 run=39 sample=39
DBG_STACK name=idle tid=0x20010c10 used=64 free=256 size=320 ret=0 run=39 sample=39
DBG_STACK_SAMPLE_END run=39 sample=39
DBG_STACK_RUN_END epoch=3361548465503702798 run=39 kind=ble_backpressure owner=system_workqueue outcome=ack queue=2 custody=0 credit=1 retry=0 drain=2 src=11068027678940948070 dst=11068027678940948070 session=51118129 seq=49 type=86 samples=1 sequence=0 previous=0 uptime=801047
DBG_DWM_MARK_UNCONFIGURED tag=initialise_radio prev_phy=0
DBG_WAKE_TRAIN_CONFIG_BEGIN
DBG_DWM_INVALIDATE tag=configure_radio_from_reset active_phy=2 configured=1 awake=0
DBG_DWM_MARK_UNCONFIGURED tag=initialise_radio prev_phy=0
DBG_WAKE_TRAIN_CONFIG_OK
DBG_WAKE_TRAIN_FIRST_SEND_BEGIN
DBG_WAKE_TRAIN_FIRST_SEND_OK
DBG_UWB_TX_CH5
DBG_TX_WAKE_CLAIM_SENT
DBG_UWB_TX_CH5
DBG_TX_WAKE_CLAIM_SENT
DBG_UWB_TX_CH5
DBG_TX_WAKE_CLAIM_SENT
DBG_UWB_TX_CH5
DBG_TX_WAKE_CLAIM_SENT
DBG_UWB_TX_CH5
DBG_TX_WAKE_CLAIM_SENT
DBG_UWB_TX_CH5
DBG_TX_WAKE_CLAIM_SENT
DBG_UWB_TX_CH5
DBG_TX_WAKE_CLAIM_SENT
DBG_UWB_TX_CH5
DBG_TX_WAKE_CLAIM_SENT
DBG_UWB_TX_CH5
DBG_TX_WAKE_CLAIM_SENT
DBG_UWB_TX_CH5
DBG_TX_WAKE_CLAIM_SENT
DBG_UWB_TX_CH5
DBG_TX_WAKE_CLAIM_SENT
DBG_UWB_TX_CH5
DBG_TX_WAKE_CLAIM_SENT
DBG_UWB_TX_CH5
DBG_TX_WAKE_CLAIM_SENT
DBG_UWB_TX_CH5
DBG_TX_WAKE_CLAIM_SENT
DBG_UWB_TX_CH5
DBG_TX_WAKE_CLAIM_SENT
DBG_UWB_TX_CH5
DBG_TX_WAKE_CLAIM_SENT
DBG_UWB_TX_CH5
DBG_TX_WAKE_CLAIM_SENT
DBG_UWB_TX_CH5
DBG_TX_WAKE_CLAIM_SENT
DBG_UWB_TX_CH5
DBG_TX_WAKE_CLAIM_SENT
DBG_UWB_TX_CH5
DBG_TX_WAKE_CLAIM_SENT
DBG_UWB_TX_CH5
DBG_TX_WAKE_CLAIM_SENT
DBG_UWB_TX_CH5
DBG_TX_WAKE_CLAIM_SENT
DBG_UWB_TX_CH5
DBG_TX_WAKE_CLAIM_SENT
DBG_UWB_TX_CH5
DBG_TX_WAKE_CLAIM_SENT
DBG_UWB_TX_CH5
DBG_TX_WAKE_CLAIM_SENT
DBG_UWB_TX_CH5
DBG_TX_WAKE_CLAIM_SENT
DBG_UWB_TX_CH5
DBG_TX_WAKE_CLAIM_SENT
DBG_UWB_TX_CH5
DBG_TX_WAKE_CLAIM_SENT
DBG_UWB_TX_CH5
DBG_TX_WAKE_CLAIM_SENT
DBG_UWB_TX_CH5
DBG_TX_WAKE_CLAIM_SENT
DBG_UWB_TX_CH5
DBG_TX_WAKE_CLAIM_SENT
DBG_UWB_TX_CH5
DBG_TX_WAKE_CLAIM_SENT
DBG_UWB_TX_CH5
DBG_TX_WAKE_CLAIM_SENT
DBG_UWB_TX_CH5
DBG_TX_WAKE_CLAIM_SENT
DBG_UWB_TX_CH5
DBG_TX_WAKE_CLAIM_SENT
DBG_UWB_TX_CH5
DBG_TX_WAKE_CLAIM_SENT
DBG_UWB_TX_CH5
DBG_TX_WAKE_CLAIM_SENT
DBG_UWB_TX_CH5
DBG_TX_WAKE_CLAIM_SENT
DBG_UWB_TX_CH5
DBG_TX_WAKE_CLAIM_SENT
DBG_UWB_TX_CH5
DBG_TX_WAKE_CLAIM_SENT
DBG_UWB_TX_CH5
DBG_TX_WAKE_CLAIM_SENT
DBG_UWB_TX_CH5
DBG_TX_WAKE_CLAIM_SENT
DBG_UWB_TX_CH5
DBG_TX_WAKE_CLAIM_SENT
DBG_UWB_TX_CH5
DBG_TX_WAKE_CLAIM_SENT
DBG_UWB_TX_CH5
DBG_TX_WAKE_CLAIM_SENT
DBG_UWB_TX_CH5
DBG_TX_WAKE_CLAIM_SENT
DBG_UWB_TX_CH5
DBG_TX_WAKE_CLAIM_SENT
DBG_UWB_TX_CH5
DBG_TX_WAKE_CLAIM_SENT
DBG_UWB_TX_CH5
DBG_TX_WAKE_CLAIM_SENT
DBG_UWB_TX_CH5
DBG_TX_WAKE_CLAIM_SENT
DBG_UWB_TX_CH5
DBG_TX_WAKE_CLAIM_SENT
DBG_UWB_TX_CH5
DBG_TX_WAKE_CLAIM_SENT
DBG_UWB_TX_CH5
DBG_TX_WAKE_CLAIM_SENT
DBG_UWB_TX_CH5
DBG_TX_WAKE_CLAIM_SENT
DBG_UWB_TX_CH5
DBG_TX_WAKE_CLAIM_SENT
DBG_UWB_TX_CH5
DBG_TX_WAKE_CLAIM_SENT
DBG_UWB_TX_CH5
DBG_TX_WAKE_CLAIM_SENT
DBG_STACK_RUN_BEGIN epoch=3361548465503702798 run=40 kind=ble_backpressure owner=system_workqueue queue=1 custody=1 credit=0 retry=0 drain=1 src=11068027678940948070 dst=11068027678940948070 session=51118130 seq=50 type=86 sequence=0 previous=0 uptime=801477
DBG_STACK_SAMPLE_BEGIN epoch=3361548465503702798 run=40 sample=40 kind=ble_backpressure owner=system_workqueue queue=1 custody=1 credit=0 retry=0 drain=1 src=11068027678940948070 dst=11068027678940948070 session=51118130 seq=50 type=86 uptime=801477
DBG_STACK_ISR_CONFIG size=8192 run=40 sample=40
DBG_STACK name=BT RX WQ tid=0x2000fe28 used=760 free=776 size=1536 ret=0 run=40 sample=40
DBG_STACK name=mesh_route tid=0x2000d560 used=5904 free=2288 size=8192 ret=0 run=40 sample=40
DBG_STACK name=sysworkq tid=0x20010d80 used=2408 free=2072 size=4480 ret=0 run=40 sample=40
DBG_STACK name=MPSL Work tid=0x20010b38 used=440 free=584 size=1024 ret=0 run=40 sample=40
DBG_STACK name=logging tid=0x2000f930 used=480 free=1568 size=2048 ret=0 run=40 sample=40
DBG_STACK name=idle tid=0x20010c10 used=64 free=256 size=320 ret=0 run=40 sample=40
DBG_STACK_SAMPLE_END run=40 sample=40
DBG_STACK_RUN_END epoch=3361548465503702798 run=40 kind=ble_backpressure owner=system_workqueue outcome=ack queue=1 custody=0 credit=1 retry=0 drain=1 src=11068027678940948070 dst=11068027678940948070 session=51118130 seq=50 type=86 samples=1 sequence=0 previous=0 uptime=801501
DBG_DWM_MARK_UNCONFIGURED tag=initialise_radio prev_phy=0
DBG_DWM_INVALIDATE tag=configure_radio_from_reset active_phy=2 configured=1 awake=0
DBG_DWM_MARK_UNCONFIGURED tag=initialise_radio prev_phy=0
DBG_DWM_INVALIDATE tag=configure_radio_from_reset active_phy=2 configured=1 awake=0
DBG_DWM_MARK_UNCONFIGURED tag=initialise_radio prev_phy=0
DBG_DWM_WAKE_MESH_CTRL_OK sfd=4073
DBG_C5_TX_CONFIG ret=0 ext=1 len=178 msg=3c reason=bounded-c5-flood
DBG_UWB_TX_CH5
DBG_DWM_INVALIDATE tag=configure_radio_from_reset active_phy=4 configured=1 awake=0
DBG_DWM_MARK_UNCONFIGURED tag=initialise_radio prev_phy=0
DBG_DWM_WAKE_MESH_CTRL_OK sfd=4073
DBG_GATEWAY_RX_DECODE ch=5 msg=0x3c src=0x9999888877776666 dst=0x0 prev=0x56da25fe4af6d141 seq=4 flags=0x00 plen=125 q=100
DBG_UWB_RX_CH5
DBG_MESH_RX_QUEUED ch=5 msg=0x3c src=0x9999888877776666 dst=0x0 prev=0x56da25fe4af6d141 seq=4 q=1
DBG_ROUTE_ADV_QUEUED q=1 prev=0x56da25fe4af6d141 seq=4
DBG_MESH_RX_DEFERRED q=1 msg=0x3c
DBG_C5_FLOOD_DELAY_RX_YIELD queued=1 q=1 rem=40
DBG_GATEWAY_RX_START reason=gateway mesh restart active=1 qrx=1 qtx=0 adv_due=0
DBG_MESH_RX_WORK_WAIT q=1
DBG_MESH_RX_WORK_ENTER q=1
DBG_MESH_RX_DRAIN_ENTER owner=work q=1
DBG_MESH_RX_DRAIN_EXIT owner=work handled=0 q=0
DBG_MESH_RX_WORK_EXIT handled=0 q=0
DBG_COORD state=gateway-rx owner=uwb-rx reason=gateway-rx rx=0 tx=0 relay=0 route=0 ack=0 qack=0
DBG_GATEWAY_CH9_RX_CONT_CAP now=801666 win=9 adv_wait=9 due=801675
DBG_DWM_INVALIDATE tag=configure_radio_from_reset active_phy=4 configured=1 awake=1
DBG_DWM_MARK_UNCONFIGURED tag=initialise_radio prev_phy=0
DBG_GATEWAY_CH9_RX_CONT_ARM now=801692 rem=9 frames=0 errors=0
DBG_GATEWAY_CH9_RX_CONT_RESULT start=801692 end=801702 ret=-116 fail=0 status=0x02000000 len=0 frames=0
DBG_GATEWAY_CH9_RX_DONE_YIELD_ADV now=801703 due=801675
DBG_ROUTE_REFRESH_RX_HANDOFF_READY abort=0
DBG_COORD state=idle owner=c5-flood reason=idle rx=0 tx=0 relay=0 route=0 ack=0 qack=0
DBG_DWM_INVALIDATE tag=configure_radio_from_reset active_phy=3 configured=1 awake=1
DBG_DWM_MARK_UNCONFIGURED tag=initialise_radio prev_phy=0
DBG_DWM_INVALIDATE tag=configure_radio_from_reset active_phy=2 configured=1 awake=0
DBG_DWM_MARK_UNCONFIGURED tag=initialise_radio prev_phy=0
DBG_DWM_WAKE_MESH_CTRL_OK sfd=4073
DBG_C5_TX_CONFIG ret=0 ext=1 len=178 msg=3c reason=bounded-c5-flood
DBG_UWB_TX_CH5
DBG_DWM_INVALIDATE tag=configure_radio_from_reset active_phy=4 configured=1 awake=0
DBG_DWM_MARK_UNCONFIGURED tag=initialise_radio prev_phy=0
DBG_DWM_WAKE_MESH_CTRL_OK sfd=4073
DBG_DWM_INVALIDATE tag=configure_radio_from_reset active_phy=4 configured=1 awake=0
DBG_DWM_MARK_UNCONFIGURED tag=initialise_radio prev_phy=0
DBG_GATEWAY_RX_START reason=gateway mesh restart active=1 qrx=0 qtx=0 adv_due=0
DBG_COORD state=gateway-rx owner=uwb-rx reason=gateway-rx rx=0 tx=0 relay=0 route=0 ack=0 qack=0
DBG_GATEWAY_CH9_RX_CONT_CAP now=801849 win=10 adv_wait=10 due=801859
DBG_DWM_INVALIDATE tag=configure_radio_from_reset active_phy=2 configured=1 awake=1
DBG_DWM_MARK_UNCONFIGURED tag=initialise_radio prev_phy=0
DBG_GATEWAY_CH9_RX_CONT_ARM now=801875 rem=10 frames=0 errors=0
DBG_GATEWAY_CH9_RX_CONT_RESULT start=801875 end=801886 ret=-116 fail=0 status=0x02000000 len=0 frames=0
DBG_GATEWAY_CH9_RX_DONE_YIELD_ADV now=801887 due=801859
DBG_ROUTE_REFRESH_RX_HANDOFF_READY abort=0
DBG_COORD state=idle owner=c5-flood reason=idle rx=0 tx=0 relay=0 route=0 ack=0 qack=0
DBG_DWM_INVALIDATE tag=configure_radio_from_reset active_phy=3 configured=1 awake=1
DBG_DWM_MARK_UNCONFIGURED tag=initialise_radio prev_phy=0
DBG_DWM_INVALIDATE tag=configure_radio_from_reset active_phy=2 configured=1 awake=0
DBG_DWM_MARK_UNCONFIGURED tag=initialise_radio prev_phy=0
DBG_DWM_WAKE_MESH_CTRL_OK sfd=4073
DBG_C5_TX_CONFIG ret=0 ext=1 len=178 msg=3c reason=bounded-c5-flood
DBG_UWB_TX_CH5
DBG_DWM_INVALIDATE tag=configure_radio_from_reset active_phy=4 configured=1 awake=0
DBG_DWM_MARK_UNCONFIGURED tag=initialise_radio prev_phy=0
DBG_DWM_WAKE_MESH_CTRL_OK sfd=4073
DBG_GATEWAY_RX_DECODE ch=5 msg=0x3c src=0x9999888877776666 dst=0x0 prev=0x56da25fe4af6d141 seq=4 flags=0x00 plen=125 q=100
DBG_UWB_RX_CH5
DBG_MESH_RX_QUEUED ch=5 msg=0x3c src=0x9999888877776666 dst=0x0 prev=0x56da25fe4af6d141 seq=4 q=1
DBG_ROUTE_ADV_QUEUED q=1 prev=0x56da25fe4af6d141 seq=4
DBG_MESH_RX_DEFERRED q=1 msg=0x3c
DBG_C5_FLOOD_DELAY_RX_YIELD queued=1 q=1 rem=40
DBG_GATEWAY_RX_START reason=gateway mesh restart active=1 qrx=1 qtx=0 adv_due=0
DBG_MESH_RX_WORK_WAIT q=1
DBG_MESH_RX_WORK_ENTER q=1
DBG_MESH_RX_DRAIN_ENTER owner=work q=1
DBG_MESH_RX_DRAIN_EXIT owner=work handled=0 q=0
DBG_MESH_RX_WORK_EXIT handled=0 q=0
DBG_COORD state=gateway-rx owner=uwb-rx reason=gateway-rx rx=0 tx=0 relay=0 route=0 ack=0 qack=0
DBG_GATEWAY_CH9_RX_CONT_CAP now=802002 win=9 adv_wait=9 due=802011
DBG_DWM_INVALIDATE tag=configure_radio_from_reset active_phy=4 configured=1 awake=1
DBG_DWM_MARK_UNCONFIGURED tag=initialise_radio prev_phy=0
DBG_GATEWAY_CH9_RX_CONT_ARM now=802028 rem=9 frames=0 errors=0
DBG_GATEWAY_CH9_RX_CONT_RESULT start=802028 end=802037 ret=-116 fail=0 status=0x02000000 len=0 frames=0
DBG_GATEWAY_CH9_RX_DONE_YIELD_ADV now=802038 due=802011
DBG_ROUTE_REFRESH_RX_HANDOFF_READY abort=0
DBG_COORD state=idle owner=c5-flood reason=idle rx=0 tx=0 relay=0 route=0 ack=0 qack=0
DBG_DWM_INVALIDATE tag=configure_radio_from_reset active_phy=3 configured=1 awake=1
DBG_DWM_MARK_UNCONFIGURED tag=initialise_radio prev_phy=0
DBG_DWM_INVALIDATE tag=configure_radio_from_reset active_phy=2 configured=1 awake=0
DBG_DWM_MARK_UNCONFIGURED tag=initialise_radio prev_phy=0
DBG_DWM_WAKE_MESH_CTRL_OK sfd=4073
DBG_C5_TX_CONFIG ret=0 ext=1 len=178 msg=3c reason=bounded-c5-flood
DBG_UWB_TX_CH5
DBG_GATEWAY_RX_START reason=gateway mesh restart active=1 qrx=0 qtx=0 adv_due=0
DBG_STACK_RUN_BEGIN epoch=3361548465503702798 run=41 kind=ble_backpressure owner=system_workqueue queue=1 custody=1 credit=0 retry=0 drain=1 src=11068027678940948070 dst=11068027678940948070 session=51118132 seq=52 type=86 sequence=0 previous=0 uptime=802094
DBG_STACK_SAMPLE_BEGIN epoch=3361548465503702798 run=41 sample=41 kind=ble_backpressure owner=system_workqueue queue=1 custody=1 credit=0 retry=0 drain=1 src=11068027678940948070 dst=11068027678940948070 session=51118132 seq=52 type=86 uptime=802094
DBG_STACK_ISR_CONFIG size=8192 run=41 sample=41
DBG_STACK name=BT RX WQ tid=0x2000fe28 used=760 free=776 size=1536 ret=0 run=41 sample=41
DBG_STACK name=mesh_route tid=0x2000d560 used=5904 free=2288 size=8192 ret=0 run=41 sample=41
DBG_STACK name=sysworkq tid=0x20010d80 used=2408 free=2072 size=4480 ret=0 run=41 sample=41
DBG_STACK name=MPSL Work tid=0x20010b38 used=440 free=584 size=1024 ret=0 run=41 sample=41
DBG_STACK name=logging tid=0x2000f930 used=480 free=1568 size=2048 ret=0 run=41 sample=41
DBG_STACK name=idle tid=0x20010c10 used=64 free=256 size=320 ret=0 run=41 sample=41
DBG_STACK_SAMPLE_END run=41 sample=41
DBG_STACK_RUN_END epoch=3361548465503702798 run=41 kind=ble_backpressure owner=system_workqueue outcome=ack queue=1 custody=0 credit=1 retry=0 drain=1 src=11068027678940948070 dst=11068027678940948070 session=51118132 seq=52 type=86 samples=1 sequence=0 previous=0 uptime=802121
DBG_GATEWAY_CH9_RX_CONT_ARM now=802124 rem=500 frames=0 errors=0
DBG_GATEWAY_CH9_RX_CONT_RESULT start=802124 end=802625 ret=-116 fail=0 status=0x02000000 len=0 frames=0
DBG_GATEWAY_CH9_RX_CONT_CAP now=802627 win=943 adv_wait=943 due=803570
DBG_GATEWAY_CH9_RX_CONT_ARM now=802627 rem=500 frames=0 errors=0
DBG_GATEWAY_CH9_RX_CONT_RESULT start=802627 end=803128 ret=-116 fail=0 status=0x00000000 len=0 frames=0
DBG_GATEWAY_CH9_RX_CONT_CAP now=803130 win=440 adv_wait=440 due=803570
DBG_GATEWAY_CH9_RX_CONT_ARM now=803130 rem=440 frames=0 errors=0
DBG_GATEWAY_CH9_RX_CONT_RESULT start=803130 end=803571 ret=-116 fail=0 status=0x00000000 len=0 frames=0
DBG_GATEWAY_CH9_RX_DONE_YIELD_ADV now=803572 due=803570
DBG_STACK_RUN_BEGIN epoch=3361548465503702798 run=42 kind=ble_backpressure owner=system_workqueue queue=1 custody=1 credit=0 retry=0 drain=1 src=11068027678940948070 dst=11068027678940948070 session=3852715362 seq=50530 type=65 sequence=0 previous=0 uptime=803572
DBG_STACK_SAMPLE_BEGIN epoch=3361548465503702798 run=42 sample=42 kind=ble_backpressure owner=system_workqueue queue=1 custody=1 credit=0 retry=0 drain=1 src=11068027678940948070 dst=11068027678940948070 session=3852715362 seq=50530 type=65 uptime=803573
DBG_STACK_ISR_CONFIG size=8192 run=42 sample=42
DBG_STACK name=BT RX WQ tid=0x2000fe28 used=760 free=776 size=1536 ret=0 run=42 sample=42
DBG_STACK name=mesh_route tid=0x2000d560 used=5904 free=2288 size=8192 ret=0 run=42 sample=42
DBG_STACK name=sysworkq tid=0x20010d80 used=2408 free=2072 size=4480 ret=0 run=42 sample=42
DBG_STACK name=MPSL Work tid=0x20010b38 used=440 free=584 size=1024 ret=0 run=42 sample=42
DBG_STACK name=logging tid=0x2000f930 used=480 free=1568 size=2048 ret=0 run=42 sample=42
DBG_STACK name=idle tid=0x20010c10 used=64 free=256 size=320 ret=0 run=42 sample=42
DBG_STACK_SAMPLE_END run=42 sample=42
DBG_STACK_RUN_END epoch=3361548465503702798 run=42 kind=ble_backpressure owner=system_workqueue outcome=ack queue=2 custody=0 credit=1 retry=0 drain=2 src=11068027678940948070 dst=11068027678940948070 session=3852715362 seq=50530 type=65 samples=1 sequence=0 previous=0 uptime=803588
DBG_STACK_RUN_BEGIN epoch=3361548465503702798 run=43 kind=ble_backpressure owner=system_workqueue queue=1 custody=1 credit=0 retry=0 drain=1 src=11068027678940948070 dst=11068027678940948070 session=51118133 seq=53 type=86 sequence=0 previous=0 uptime=803997
DBG_STACK_SAMPLE_BEGIN epoch=3361548465503702798 run=43 sample=43 kind=ble_backpressure owner=system_workqueue queue=1 custody=1 credit=0 retry=0 drain=1 src=11068027678940948070 dst=11068027678940948070 session=51118133 seq=53 type=86 uptime=803997
DBG_STACK_ISR_CONFIG size=8192 run=43 sample=43
DBG_STACK name=BT RX WQ tid=0x2000fe28 used=760 free=776 size=1536 ret=0 run=43 sample=43
DBG_STACK name=mesh_route tid=0x2000d560 used=5904 free=2288 size=8192 ret=0 run=43 sample=43
DBG_STACK name=sysworkq tid=0x20010d80 used=2408 free=2072 size=4480 ret=0 run=43 sample=43
DBG_STACK name=MPSL Work tid=0x20010b38 used=440 free=584 size=1024 ret=0 run=43 sample=43
DBG_STACK name=logging tid=0x2000f930 used=480 free=1568 size=2048 ret=0 run=43 sample=43
DBG_STACK name=idle tid=0x20010c10 used=64 free=256 size=320 ret=0 run=43 sample=43
DBG_STACK_SAMPLE_END run=43 sample=43
DBG_STACK_RUN_END epoch=3361548465503702798 run=43 kind=ble_backpressure owner=system_workqueue outcome=ack queue=1 custody=0 credit=1 retry=0 drain=1 src=11068027678940948070 dst=11068027678940948070 session=51118133 seq=53 type=86 samples=1 sequence=0 previous=0 uptime=804018
DBG_GATEWAY_CH9_RX_CONT_RESULT start=803582 end=804083 ret=-116 fail=0 status=0x00000000 len=0 frames=0
DBG_GATEWAY_CH9_RX_CONT_ARM now=804085 rem=500 frames=0 errors=0
DBG_GATEWAY_CH9_RX_CONT_RESULT start=804085 end=804587 ret=-116 fail=0 status=0x00000000 len=0 frames=0
DBG_GATEWAY_CH9_RX_CONT_ARM now=804589 rem=500 frames=0 errors=0
DBG_GATEWAY_COMMAND_PRIORITY_SUBMIT ret=0 now=804852
DBG_STACK_RUN_BEGIN epoch=3361548465503702798 run=44 kind=ble_backpressure owner=system_workqueue queue=1 custody=1 credit=0 retry=0 drain=1 src=11068027678940948070 dst=11068027678940948070 session=51118134 seq=54 type=86 sequence=0 previous=0 uptime=804853
DBG_STACK_SAMPLE_BEGIN epoch=3361548465503702798 run=44 sample=44 kind=ble_backpressure owner=system_workqueue queue=1 custody=1 credit=0 retry=0 drain=1 src=11068027678940948070 dst=11068027678940948070 session=51118134 seq=54 type=86 uptime=804853
DBG_STACK_ISR_CONFIG size=8192 run=44 sample=44
DBG_STACK name=BT RX WQ tid=0x2000fe28 used=760 free=776 size=1536 ret=0 run=44 sample=44
DBG_STACK name=mesh_route tid=0x2000d560 used=5904 free=2288 size=8192 ret=0 run=44 sample=44
DBG_STACK name=sysworkq tid=0x20010d80 used=2408 free=2072 size=4480 ret=0 run=44 sample=44
DBG_STACK name=MPSL Work tid=0x20010b38 used=440 free=584 size=1024 ret=0 run=44 sample=44
DBG_STACK name=logging tid=0x2000f930 used=480 free=1568 size=2048 ret=0 run=44 sample=44
DBG_STACK name=idle tid=0x20010c10 used=64 free=256 size=320 ret=0 run=44 sample=44
DBG_STACK_SAMPLE_END run=44 sample=44
DBG_STACK_RUN_END epoch=3361548465503702798 run=44 kind=ble_backpressure owner=system_workqueue outcome=ack queue=3 custody=0 credit=1 retry=0 drain=3 src=11068027678940948070 dst=11068027678940948070 session=51118134 seq=54 type=86 samples=1 sequence=0 previous=0 uptime=804870
DBG_STACK_RUN_BEGIN epoch=3361548465503702798 run=45 kind=ble_backpressure owner=system_workqueue queue=2 custody=2 credit=0 retry=0 drain=2 src=11068027678940948070 dst=11068027678940948070 session=51118135 seq=55 type=86 sequence=0 previous=0 uptime=805302
DBG_STACK_SAMPLE_BEGIN epoch=3361548465503702798 run=45 sample=45 kind=ble_backpressure owner=system_workqueue queue=2 custody=2 credit=0 retry=0 drain=2 src=11068027678940948070 dst=11068027678940948070 session=51118135 seq=55 type=86 uptime=805302
DBG_STACK_ISR_CONFIG size=8192 run=45 sample=45
DBG_STACK name=BT RX WQ tid=0x2000fe28 used=760 free=776 size=1536 ret=0 run=45 sample=45
DBG_STACK name=mesh_route tid=0x2000d560 used=5904 free=2288 size=8192 ret=0 run=45 sample=45
DBG_STACK name=sysworkq tid=0x20010d80 used=2408 free=2072 size=4480 ret=0 run=45 sample=45
DBG_STACK name=MPSL Work tid=0x20010b38 used=440 free=584 size=1024 ret=0 run=45 sample=45
DBG_STACK name=logging tid=0x2000f930 used=480 free=1568 size=2048 ret=0 run=45 sample=45
DBG_STACK name=idle tid=0x20010c10 used=64 free=256 size=320 ret=0 run=45 sample=45
DBG_STACK_SAMPLE_END run=45 sample=45
DBG_STACK_RUN_END epoch=3361548465503702798 run=45 kind=ble_backpressure owner=system_workqueue outcome=ack queue=2 custody=0 credit=1 retry=0 drain=2 src=11068027678940948070 dst=11068027678940948070 session=51118135 seq=55 type=86 samples=1 sequence=0 previous=0 uptime=805322
DBG_GATEWAY_CH9_RX_CONT_RESULT start=804858 end=805359 ret=-116 fail=0 status=0x00000000 len=0 frames=0
DBG_GATEWAY_COMMAND_PRIORITY_SUBMIT ret=0 now=805360
DBG_GATEWAY_CH9_RX_CONT_ARM now=805361 rem=500 frames=0 errors=0
DBG_GATEWAY_CH9_RX_CONT_RESULT start=805361 end=805362 ret=-140 fail=0 status=0x00000000 len=0 frames=0
DBG_GATEWAY_CH9_RX_COMMAND_PREEMPT now=805363 rem=500 frames=0
DBG_GATEWAY_CH9_RX_CONT_DONE ret=-140 len=0 fail=0 recover=0
DBG_NC o=0000000000000007 g=00000007 w=00 e=0000003c s=00000005 q=0000>0004 r=00000000 f=00000024 t=00000000 p=00000000 a=00
DBG_NODE_COMM_SUBMIT handle=7 profile=0 token=17039367 deadline=815363
DBG_ENUM_FLOOD kind=1 handle=7
DBG_ENUM_CLAIM_TX epoch=51118136 round=1 max_hop=5 first_wait_ms=1125 ceiling_ms=8125 ret=0
DBG_NODE_COMM_TX_BEGIN handle=7 profile=0 msg=64 dst=0x0 seq=7
DBG_CONTROL_RX_HANDOFF_READY abort=0
DBG_COORD state=idle owner=c5-flood reason=idle rx=0 tx=0 relay=0 route=0 ack=0 qack=0
DBG_WAKE_TRAIN_GUARD_OK
DBG_DWM_MARK_UNCONFIGURED tag=initialise_radio prev_phy=0
DBG_WAKE_TRAIN_CONFIG_BEGIN
DBG_DWM_INVALIDATE tag=configure_radio_from_reset active_phy=2 configured=1 awake=0
DBG_DWM_MARK_UNCONFIGURED tag=initialise_radio prev_phy=0
DBG_WAKE_TRAIN_CONFIG_OK
DBG_WAKE_TRAIN_FIRST_SEND_BEGIN
DBG_WAKE_TRAIN_FIRST_SEND_OK
DBG_UWB_TX_CH5
DBG_TX_WAKE_CLAIM_SENT
DBG_UWB_TX_CH5
DBG_TX_WAKE_CLAIM_SENT
DBG_UWB_TX_CH5
DBG_TX_WAKE_CLAIM_SENT
DBG_UWB_TX_CH5
DBG_TX_WAKE_CLAIM_SENT
DBG_UWB_TX_CH5
DBG_TX_WAKE_CLAIM_SENT
DBG_UWB_TX_CH5
DBG_TX_WAKE_CLAIM_SENT
DBG_UWB_TX_CH5
DBG_TX_WAKE_CLAIM_SENT
DBG_UWB_TX_CH5
DBG_TX_WAKE_CLAIM_SENT
DBG_UWB_TX_CH5
DBG_TX_WAKE_CLAIM_SENT
DBG_UWB_TX_CH5
DBG_TX_WAKE_CLAIM_SENT
DBG_UWB_TX_CH5
DBG_TX_WAKE_CLAIM_SENT
DBG_UWB_TX_CH5
DBG_TX_WAKE_CLAIM_SENT
DBG_UWB_TX_CH5
DBG_TX_WAKE_CLAIM_SENT
DBG_UWB_TX_CH5
DBG_TX_WAKE_CLAIM_SENT
DBG_UWB_TX_CH5
DBG_TX_WAKE_CLAIM_SENT
DBG_UWB_TX_CH5
DBG_TX_WAKE_CLAIM_SENT
DBG_UWB_TX_CH5
DBG_TX_WAKE_CLAIM_SENT
DBG_UWB_TX_CH5
DBG_TX_WAKE_CLAIM_SENT
DBG_UWB_TX_CH5
DBG_TX_WAKE_CLAIM_SENT
DBG_UWB_TX_CH5
DBG_TX_WAKE_CLAIM_SENT
DBG_UWB_TX_CH5
DBG_TX_WAKE_CLAIM_SENT
DBG_UWB_TX_CH5
DBG_TX_WAKE_CLAIM_SENT
DBG_UWB_TX_CH5
DBG_TX_WAKE_CLAIM_SENT
DBG_UWB_TX_CH5
DBG_TX_WAKE_CLAIM_SENT
DBG_UWB_TX_CH5
DBG_TX_WAKE_CLAIM_SENT
DBG_UWB_TX_CH5
DBG_TX_WAKE_CLAIM_SENT
DBG_UWB_TX_CH5
DBG_TX_WAKE_CLAIM_SENT
DBG_UWB_TX_CH5
DBG_TX_WAKE_CLAIM_SENT
DBG_UWB_TX_CH5
DBG_TX_WAKE_CLAIM_SENT
DBG_UWB_TX_CH5
DBG_TX_WAKE_CLAIM_SENT
DBG_UWB_TX_CH5
DBG_TX_WAKE_CLAIM_SENT
DBG_UWB_TX_CH5
DBG_TX_WAKE_CLAIM_SENT
DBG_UWB_TX_CH5
DBG_TX_WAKE_CLAIM_SENT
DBG_UWB_TX_CH5
DBG_TX_WAKE_CLAIM_SENT
DBG_UWB_TX_CH5
DBG_TX_WAKE_CLAIM_SENT
DBG_UWB_TX_CH5
DBG_TX_WAKE_CLAIM_SENT
DBG_UWB_TX_CH5
DBG_TX_WAKE_CLAIM_SENT
DBG_UWB_TX_CH5
DBG_TX_WAKE_CLAIM_SENT
DBG_UWB_TX_CH5
DBG_TX_WAKE_CLAIM_SENT
DBG_UWB_TX_CH5
DBG_TX_WAKE_CLAIM_SENT
DBG_UWB_TX_CH5
DBG_TX_WAKE_CLAIM_SENT
DBG_UWB_TX_CH5
DBG_TX_WAKE_CLAIM_SENT
DBG_UWB_TX_CH5
DBG_TX_WAKE_CLAIM_SENT
DBG_UWB_TX_CH5
DBG_TX_WAKE_CLAIM_SENT
DBG_UWB_TX_CH5
DBG_TX_WAKE_CLAIM_SENT
DBG_UWB_TX_CH5
DBG_TX_WAKE_CLAIM_SENT
DBG_UWB_TX_CH5
DBG_TX_WAKE_CLAIM_SENT
DBG_STACK_RUN_BEGIN epoch=3361548465503702798 run=46 kind=ble_backpressure owner=system_workqueue queue=1 custody=1 credit=0 retry=0 drain=1 src=11068027678940948070 dst=11068027678940948070 session=51118137 seq=57 type=86 sequence=0 previous=0 uptime=805752
DBG_STACK_SAMPLE_BEGIN epoch=3361548465503702798 run=46 sample=46 kind=ble_backpressure owner=system_workqueue queue=1 custody=1 credit=0 retry=0 drain=1 src=11068027678940948070 dst=11068027678940948070 session=51118137 seq=57 type=86 uptime=805752
DBG_STACK_ISR_CONFIG size=8192 run=46 sample=46
DBG_STACK name=BT RX WQ tid=0x2000fe28 used=760 free=776 size=1536 ret=0 run=46 sample=46
DBG_STACK name=mesh_route tid=0x2000d560 used=5904 free=2288 size=8192 ret=0 run=46 sample=46
DBG_STACK name=sysworkq tid=0x20010d80 used=2408 free=2072 size=4480 ret=0 run=46 sample=46
DBG_STACK name=MPSL Work tid=0x20010b38 used=440 free=584 size=1024 ret=0 run=46 sample=46
DBG_STACK name=logging tid=0x2000f930 used=480 free=1568 size=2048 ret=0 run=46 sample=46
DBG_STACK name=idle tid=0x20010c10 used=64 free=256 size=320 ret=0 run=46 sample=46
DBG_STACK_SAMPLE_END run=46 sample=46
DBG_STACK_RUN_END epoch=3361548465503702798 run=46 kind=ble_backpressure owner=system_workqueue outcome=ack queue=1 custody=0 credit=1 retry=0 drain=1 src=11068027678940948070 dst=11068027678940948070 session=51118137 seq=57 type=86 samples=1 sequence=0 previous=0 uptime=805772
DBG_UWB_TX_CH5
DBG_TX_WAKE_CLAIM_SENT
DBG_UWB_TX_CH5
DBG_TX_WAKE_CLAIM_SENT
DBG_UWB_TX_CH5
DBG_TX_WAKE_CLAIM_SENT
DBG_UWB_TX_CH5
DBG_TX_WAKE_CLAIM_SENT
DBG_UWB_TX_CH5
DBG_TX_WAKE_CLAIM_SENT
DBG_UWB_TX_CH5
DBG_TX_WAKE_CLAIM_SENT
DBG_UWB_TX_CH5
DBG_TX_WAKE_CLAIM_SENT
DBG_UWB_TX_CH5
DBG_TX_WAKE_CLAIM_SENT
DBG_UWB_TX_CH5
DBG_TX_WAKE_CLAIM_SENT
DBG_UWB_TX_CH5
DBG_TX_WAKE_CLAIM_SENT
DBG_UWB_TX_CH5
DBG_TX_WAKE_CLAIM_SENT
DBG_UWB_TX_CH5
DBG_TX_WAKE_CLAIM_SENT
DBG_UWB_TX_CH5
DBG_TX_WAKE_CLAIM_SENT
DBG_UWB_TX_CH5
DBG_TX_WAKE_CLAIM_SENT
DBG_UWB_TX_CH5
DBG_TX_WAKE_CLAIM_SENT
DBG_UWB_TX_CH5
DBG_TX_WAKE_CLAIM_SENT
DBG_UWB_TX_CH5
DBG_TX_WAKE_CLAIM_SENT
DBG_UWB_TX_CH5
DBG_TX_WAKE_CLAIM_SENT
DBG_UWB_TX_CH5
DBG_TX_WAKE_CLAIM_SENT
DBG_UWB_TX_CH5
DBG_TX_WAKE_CLAIM_SENT
DBG_UWB_TX_CH5
DBG_TX_WAKE_CLAIM_SENT
DBG_UWB_TX_CH5
DBG_TX_WAKE_CLAIM_SENT
DBG_UWB_TX_CH5
DBG_TX_WAKE_CLAIM_SENT
DBG_UWB_TX_CH5
DBG_TX_WAKE_CLAIM_SENT
DBG_UWB_TX_CH5
DBG_TX_WAKE_CLAIM_SENT
DBG_UWB_TX_CH5
DBG_TX_WAKE_CLAIM_SENT
DBG_UWB_TX_CH5
DBG_TX_WAKE_CLAIM_SENT
DBG_UWB_TX_CH5
DBG_TX_WAKE_CLAIM_SENT
DBG_UWB_TX_CH5
DBG_TX_WAKE_CLAIM_SENT
DBG_UWB_TX_CH5
DBG_TX_WAKE_CLAIM_SENT
DBG_UWB_TX_CH5
DBG_TX_WAKE_CLAIM_SENT
DBG_UWB_TX_CH5
DBG_TX_WAKE_CLAIM_SENT
DBG_UWB_TX_CH5
DBG_TX_WAKE_CLAIM_SENT
DBG_UWB_TX_CH5
DBG_TX_WAKE_CLAIM_SENT
DBG_UWB_TX_CH5
DBG_TX_WAKE_CLAIM_SENT
DBG_UWB_TX_CH5
DBG_TX_WAKE_CLAIM_SENT
DBG_UWB_TX_CH5
DBG_TX_WAKE_CLAIM_SENT
DBG_UWB_TX_CH5
DBG_TX_WAKE_CLAIM_SENT
DBG_UWB_TX_CH5
DBG_TX_WAKE_CLAIM_SENT
DBG_UWB_TX_CH5
DBG_TX_WAKE_CLAIM_SENT
DBG_UWB_TX_CH5
DBG_TX_WAKE_CLAIM_SENT
DBG_UWB_TX_CH5
DBG_TX_WAKE_CLAIM_SENT
DBG_UWB_TX_CH5
DBG_TX_WAKE_CLAIM_SENT
DBG_UWB_TX_CH5
DBG_TX_WAKE_CLAIM_SENT
DBG_UWB_TX_CH5
DBG_TX_WAKE_CLAIM_SENT
DBG_UWB_TX_CH5
DBG_TX_WAKE_CLAIM_SENT
DBG_UWB_TX_CH5
DBG_TX_WAKE_CLAIM_SENT
DBG_UWB_TX_CH5
DBG_TX_WAKE_CLAIM_SENT
DBG_UWB_TX_CH5
DBG_TX_WAKE_CLAIM_SENT
DBG_UWB_TX_CH5
DBG_TX_WAKE_CLAIM_SENT
DBG_UWB_TX_CH5
DBG_TX_WAKE_CLAIM_SENT
DBG_UWB_TX_CH5
DBG_TX_WAKE_CLAIM_SENT
DBG_UWB_TX_CH5
DBG_TX_WAKE_CLAIM_SENT
DBG_UWB_TX_CH5
DBG_TX_WAKE_CLAIM_SENT
DBG_UWB_TX_CH5
DBG_TX_WAKE_CLAIM_SENT
DBG_UWB_TX_CH5
DBG_TX_WAKE_CLAIM_SENT
DBG_UWB_TX_CH5
DBG_TX_WAKE_CLAIM_SENT
DBG_UWB_TX_CH5
DBG_TX_WAKE_CLAIM_SENT
DBG_UWB_TX_CH5
DBG_TX_WAKE_CLAIM_SENT
DBG_UWB_TX_CH5
DBG_TX_WAKE_CLAIM_SENT
DBG_UWB_TX_CH5
DBG_TX_WAKE_CLAIM_SENT
DBG_UWB_TX_CH5
DBG_TX_WAKE_CLAIM_SENT
DBG_UWB_TX_CH5
DBG_TX_WAKE_CLAIM_SENT
DBG_UWB_TX_CH5
DBG_TX_WAKE_CLAIM_SENT
DBG_UWB_TX_CH5
DBG_TX_WAKE_CLAIM_SENT
DBG_UWB_TX_CH5
DBG_TX_WAKE_CLAIM_SENT
DBG_UWB_TX_CH5
DBG_TX_WAKE_CLAIM_SENT
DBG_UWB_TX_CH5
DBG_TX_WAKE_CLAIM_SENT
DBG_UWB_TX_CH5
DBG_TX_WAKE_CLAIM_SENT
DBG_UWB_TX_CH5
DBG_TX_WAKE_CLAIM_SENT
DBG_UWB_TX_CH5
DBG_TX_WAKE_CLAIM_SENT
DBG_UWB_TX_CH5
DBG_TX_WAKE_CLAIM_SENT
DBG_UWB_TX_CH5
DBG_TX_WAKE_CLAIM_SENT
DBG_UWB_TX_CH5
DBG_TX_WAKE_CLAIM_SENT
DBG_UWB_TX_CH5
DBG_TX_WAKE_CLAIM_SENT
DBG_UWB_TX_CH5
DBG_TX_WAKE_CLAIM_SENT
DBG_UWB_TX_CH5
DBG_TX_WAKE_CLAIM_SENT
DBG_UWB_TX_CH5
DBG_TX_WAKE_CLAIM_SENT
DBG_UWB_TX_CH5
DBG_TX_WAKE_CLAIM_SENT
DBG_UWB_TX_CH5
DBG_TX_WAKE_CLAIM_SENT
DBG_UWB_TX_CH5
DBG_TX_WAKE_CLAIM_SENT
DBG_UWB_TX_CH5
DBG_TX_WAKE_CLAIM_SENT
DBG_UWB_TX_CH5
DBG_TX_WAKE_CLAIM_SENT
DBG_UWB_TX_CH5
DBG_TX_WAKE_CLAIM_SENT
DBG_UWB_TX_CH5
DBG_TX_WAKE_CLAIM_SENT
DBG_UWB_TX_CH5
DBG_TX_WAKE_CLAIM_SENT
DBG_UWB_TX_CH5
DBG_TX_WAKE_CLAIM_SENT
DBG_UWB_TX_CH5
DBG_TX_WAKE_CLAIM_SENT
DBG_UWB_TX_CH5
DBG_TX_WAKE_CLAIM_SENT
DBG_UWB_TX_CH5
DBG_TX_WAKE_CLAIM_SENT
DBG_UWB_TX_CH5
DBG_TX_WAKE_CLAIM_SENT
DBG_UWB_TX_CH5
DBG_TX_WAKE_CLAIM_SENT
DBG_UWB_TX_CH5
DBG_TX_WAKE_CLAIM_SENT
DBG_UWB_TX_CH5
DBG_TX_WAKE_CLAIM_SENT
DBG_UWB_TX_CH5
DBG_TX_WAKE_CLAIM_SENT
DBG_UWB_TX_CH5
DBG_TX_WAKE_CLAIM_SENT
DBG_UWB_TX_CH5
DBG_TX_WAKE_CLAIM_SENT
DBG_UWB_TX_CH5
DBG_TX_WAKE_CLAIM_SENT
DBG_DWM_INVALIDATE tag=configure_radio_from_reset active_phy=2 configured=1 awake=1
DBG_DWM_MARK_UNCONFIGURED tag=initialise_radio prev_phy=0
DBG_C5_CONTROL_FOLLOWUP_TURNAROUND delay=60 msg=40 reason=node-comm-bounded-control-flood
DBG_DWM_INVALIDATE tag=configure_radio_from_reset active_phy=2 configured=1 awake=0
DBG_DWM_MARK_UNCONFIGURED tag=initialise_radio prev_phy=0
DBG_DWM_INVALIDATE tag=configure_radio_from_reset active_phy=2 configured=1 awake=0
DBG_DWM_MARK_UNCONFIGURED tag=initialise_radio prev_phy=0
DBG_DWM_WAKE_MESH_CTRL_OK sfd=4073
DBG_C5_TX_CONFIG ret=0 ext=1 len=136 msg=40 reason=bounded-c5-flood
DBG_UWB_TX_CH5
DBG_NC o=0000000000000007 g=00000007 w=00 e=00000022 s=00000005 q=0004>0005 r=00000000 f=00000001 t=00000000 p=00000000 a=00
DBG_NC o=0000000000000007 g=00000007 w=00 e=00000042 s=00000005 q=0005>0006 r=00000000 f=00000001 t=00000000 p=00000000 a=00
DBG_NODE_COMM_ATTEMPT handle=7 profile=0 attempt=1 ret=0 rf=1 scheduled=0 state=0
DBG_GATEWAY_RX_START reason=gateway mesh restart active=1 qrx=0 qtx=0 adv_due=0
DBG_ENUM_RF_BEGIN kind=1 handle=7 attempt=1 tries=1
DBG_STACK_RUN_BEGIN epoch=3361548465503702798 run=47 kind=ble_backpressure owner=system_workqueue queue=1 custody=1 credit=0 retry=0 drain=1 src=11068027678940948070 dst=11068027678940948070 session=51118139 seq=59 type=86 sequence=0 previous=0 uptime=806592
DBG_STACK_SAMPLE_BEGIN epoch=3361548465503702798 run=47 sample=47 kind=ble_backpressure owner=system_workqueue queue=1 custody=1 credit=0 retry=0 drain=1 src=11068027678940948070 dst=11068027678940948070 session=51118139 seq=59 type=86 uptime=806593
DBG_STACK_ISR_CONFIG size=8192 run=47 sample=47
DBG_STACK name=BT RX WQ tid=0x2000fe28 used=760 free=776 size=1536 ret=0 run=47 sample=47
DBG_STACK name=mesh_route tid=0x2000d560 used=5904 free=2288 size=8192 ret=0 run=47 sample=47
DBG_STACK name=sysworkq tid=0x20010d80 used=2408 free=2072 size=4480 ret=0 run=47 sample=47
DBG_STACK name=MPSL Work tid=0x20010b38 used=440 free=584 size=1024 ret=0 run=47 sample=47
DBG_STACK name=logging tid=0x2000f930 used=480 free=1568 size=2048 ret=0 run=47 sample=47
DBG_STACK name=idle tid=0x20010c10 used=64 free=256 size=320 ret=0 run=47 sample=47
DBG_STACK_SAMPLE_END run=47 sample=47
DBG_STACK_RUN_END epoch=3361548465503702798 run=47 kind=ble_backpressure owner=system_workqueue outcome=ack queue=1 custody=0 credit=1 retry=0 drain=1 src=11068027678940948070 dst=11068027678940948070 session=51118139 seq=59 type=86 samples=1 sequence=0 previous=0 uptime=806622
DBG_GATEWAY_CH9_RX_CONT_RESULT start=806620 end=806630 ret=-140 fail=0 status=0x02000000 len=0 frames=0
DBG_GATEWAY_CH9_RX_COMMAND_PREEMPT now=806630 rem=500 frames=0
DBG_GATEWAY_CH9_RX_CONT_DONE ret=-140 len=0 fail=0 recover=0
DBG_DWM_MARK_UNCONFIGURED tag=initialise_radio prev_phy=0
DBG_DWM_INVALIDATE tag=configure_radio_from_reset active_phy=2 configured=1 awake=0
DBG_DWM_MARK_UNCONFIGURED tag=initialise_radio prev_phy=0
DBG_DWM_WAKE_MESH_CTRL_OK sfd=4073
DBG_C5_TX_CONFIG ret=0 ext=1 len=136 msg=40 reason=bounded-c5-flood
DBG_UWB_TX_CH5
DBG_NC o=0000000000000007 g=00000007 w=00 e=00000022 s=00000005 q=0004>0005 r=00000000 f=00000001 t=00000000 p=00000000 a=00
DBG_NC o=0000000000000007 g=00000007 w=00 e=00000042 s=00000005 q=0005>0006 r=00000000 f=00000001 t=00000000 p=00000000 a=00
DBG_NODE_COMM_ATTEMPT handle=7 profile=0 attempt=2 ret=0 rf=1 scheduled=0 state=0
DBG_GATEWAY_RX_START reason=gateway mesh restart active=1 qrx=0 qtx=0 adv_due=0
DBG_COORD state=gateway-rx owner=uwb-rx reason=gateway-rx rx=0 tx=0 relay=0 route=0 ack=0 qack=0
DBG_DWM_INVALIDATE tag=configure_radio_from_reset active_phy=4 configured=1 awake=1
DBG_DWM_MARK_UNCONFIGURED tag=initialise_radio prev_phy=0
DBG_GATEWAY_CH9_RX_CONT_ARM now=806714 rem=500 frames=0 errors=0
DBG_GATEWAY_CH9_RX_CONT_RESULT start=806714 end=806726 ret=-140 fail=0 status=0x02000000 len=0 frames=0
DBG_GATEWAY_CH9_RX_COMMAND_PREEMPT now=806727 rem=500 frames=0
DBG_GATEWAY_CH9_RX_CONT_DONE ret=-140 len=0 fail=0 recover=0
DBG_NC o=0000000000000007 g=00000007 w=00 e=00000023 s=00000005 q=0006>0004 r=00000000 f=00000024 t=00000000 p=00000000 a=00
DBG_NODE_COMM_TX_BEGIN handle=7 profile=0 msg=64 dst=0x0 seq=7
DBG_CONTROL_RX_HANDOFF_READY abort=0
DBG_COORD state=idle owner=c5-flood reason=idle rx=0 tx=0 relay=0 route=0 ack=0 qack=0
DBG_DWM_INVALIDATE tag=configure_radio_from_reset active_phy=3 configured=1 awake=1
DBG_DWM_MARK_UNCONFIGURED tag=initialise_radio prev_phy=0
DBG_DWM_INVALIDATE tag=configure_radio_from_reset active_phy=2 configured=1 awake=0
DBG_DWM_MARK_UNCONFIGURED tag=initialise_radio prev_phy=0
DBG_DWM_WAKE_MESH_CTRL_OK sfd=4073
DBG_C5_TX_CONFIG ret=0 ext=1 len=136 msg=40 reason=bounded-c5-flood
DBG_UWB_TX_CH5
DBG_NC o=0000000000000007 g=00000007 w=00 e=00000022 s=00000005 q=0004>0005 r=00000000 f=00000001 t=00000000 p=00000000 a=00
DBG_NC o=0000000000000007 g=00000007 w=00 e=00000042 s=00000005 q=0005>0006 r=00000000 f=00000001 t=00000000 p=00000000 a=00
DBG_NODE_COMM_ATTEMPT handle=7 profile=0 attempt=3 ret=0 rf=1 scheduled=0 state=0
DBG_GATEWAY_RX_START reason=gateway mesh restart active=1 qrx=0 qtx=0 adv_due=0
DBG_COORD state=gateway-rx owner=uwb-rx reason=gateway-rx rx=0 tx=0 relay=0 route=0 ack=0 qack=0
DBG_DWM_INVALIDATE tag=configure_radio_from_reset active_phy=4 configured=1 awake=1
DBG_DWM_MARK_UNCONFIGURED tag=initialise_radio prev_phy=0
DBG_GATEWAY_CH9_RX_CONT_ARM now=806811 rem=500 frames=0 errors=0
DBG_GATEWAY_CH9_RX_CONT_RESULT start=806811 end=806823 ret=-140 fail=0 status=0x02000000 len=0 frames=0
DBG_GATEWAY_CH9_RX_COMMAND_PREEMPT now=806823 rem=500 frames=0
DBG_GATEWAY_CH9_RX_CONT_DONE ret=-140 len=0 fail=0 recover=0
DBG_NC o=0000000000000007 g=00000007 w=00 e=00000023 s=00000005 q=0006>0004 r=00000000 f=00000024 t=00000000 p=00000000 a=00
DBG_NODE_COMM_TX_BEGIN handle=7 profile=0 msg=64 dst=0x0 seq=7
DBG_CONTROL_RX_HANDOFF_READY abort=0
DBG_COORD state=idle owner=c5-flood reason=idle rx=0 tx=0 relay=0 route=0 ack=0 qack=0
DBG_DWM_INVALIDATE tag=configure_radio_from_reset active_phy=3 configured=1 awake=1
DBG_DWM_MARK_UNCONFIGURED tag=initialise_radio prev_phy=0
DBG_DWM_INVALIDATE tag=configure_radio_from_reset active_phy=2 configured=1 awake=0
DBG_DWM_MARK_UNCONFIGURED tag=initialise_radio prev_phy=0
DBG_DWM_WAKE_MESH_CTRL_OK sfd=4073
DBG_C5_TX_CONFIG ret=0 ext=1 len=136 msg=40 reason=bounded-c5-flood
DBG_UWB_TX_CH5
DBG_NC o=0000000000000007 g=00000007 w=00 e=00000022 s=00000005 q=0004>0005 r=00000000 f=00000001 t=00000000 p=00000000 a=00
DBG_NC o=0000000000000007 g=00000007 w=00 e=00000041 s=00000005 q=0005>0008 r=00000000 f=00000026 t=00000000 p=00000001 a=04
DBG_NODE_COMM_ATTEMPT handle=7 profile=0 attempt=4 ret=0 rf=1 scheduled=0 state=0
DBG_GATEWAY_RX_START reason=gateway mesh restart active=1 qrx=0 qtx=0 adv_due=0
DBG_ENUM_RF_RESULT kind=1 handle=7 success=1 reason=0 tries=4
DBG_ENUM_COMPACT_GATEWAY_SCHEDULE now=806880 start=808863 deadline=809988 wait=3108
DBG_GATEWAY_RX_START reason=compact-enumeration active=1 qrx=0 qtx=0 adv_due=0
DBG_COORD state=gateway-rx owner=uwb-rx reason=gateway-rx rx=0 tx=0 relay=0 route=0 ack=0 qack=0
DBG_DWM_INVALIDATE tag=configure_radio_from_reset active_phy=4 configured=1 awake=1
DBG_DWM_MARK_UNCONFIGURED tag=initialise_radio prev_phy=0
DBG_GATEWAY_CH9_RX_CONT_ARM now=806906 rem=500 frames=0 errors=0
DBG_GATEWAY_CH9_RX_CONT_RESULT start=806906 end=807406 ret=-116 fail=0 status=0x02000000 len=0 frames=0
DBG_GATEWAY_CH9_RX_CONT_ARM now=807408 rem=500 frames=0 errors=0
DBG_GATEWAY_CH9_RX_CONT_RESULT start=807408 end=807909 ret=-116 fail=0 status=0x00000000 len=0 frames=0
DBG_GATEWAY_CH9_RX_CONT_ARM now=807911 rem=500 frames=0 errors=0
DBG_GATEWAY_CH9_RX_CONT_RESULT start=807911 end=808412 ret=-116 fail=0 status=0x00000000 len=0 frames=0
DBG_GATEWAY_CH9_RX_CONT_ARM now=808414 rem=500 frames=0 errors=0
DBG_GATEWAY_CH9_RX_CONT_RESULT start=808414 end=808915 ret=-116 fail=0 status=0x00000000 len=0 frames=0
DBG_DWM_INVALIDATE tag=configure_radio_from_reset active_phy=3 configured=1 awake=1
DBG_DWM_MARK_UNCONFIGURED tag=initialise_radio prev_phy=0
DBG_DWM_WAKE_MESH_CTRL_OK sfd=4073
DBG_ENUM_COMPACT_GATEWAY_BEGIN now=808938 first_window=0 ret=0
DBG_ENUM_COMPACT_RECORD epoch=51118136 anchor=0x708bc0aab970300e hop=1 via=0x708bc0aab970300e responders=1
DBG_ENUM_COMPACT_DEPTH_WAIT observed_hop=1 through_hop=2 deadline=811363
DBG_STACK_RUN_BEGIN epoch=3361548465503702798 run=48 kind=ble_backpressure owner=system_workqueue queue=1 custody=1 credit=0 retry=0 drain=1 src=11068027678940948070 dst=11068027678940948070 session=51118140 seq=60 type=86 sequence=0 previous=0 uptime=809052
DBG_STACK_SAMPLE_BEGIN epoch=3361548465503702798 run=48 sample=48 kind=ble_backpressure owner=system_workqueue queue=1 custody=1 credit=0 retry=0 drain=1 src=11068027678940948070 dst=11068027678940948070 session=51118140 seq=60 type=86 uptime=809052
DBG_STACK_ISR_CONFIG size=8192 run=48 sample=48
DBG_STACK name=BT RX WQ tid=0x2000fe28 used=760 free=776 size=1536 ret=0 run=48 sample=48
DBG_STACK name=mesh_route tid=0x2000d560 used=5904 free=2288 size=8192 ret=0 run=48 sample=48
DBG_STACK name=sysworkq tid=0x20010d80 used=2408 free=2072 size=4480 ret=0 run=48 sample=48
DBG_STACK name=MPSL Work tid=0x20010b38 used=440 free=584 size=1024 ret=0 run=48 sample=48
DBG_STACK name=logging tid=0x2000f930 used=480 free=1568 size=2048 ret=0 run=48 sample=48
DBG_STACK name=idle tid=0x20010c10 used=64 free=256 size=320 ret=0 run=48 sample=48
DBG_STACK_SAMPLE_END run=48 sample=48
DBG_STACK_RUN_END epoch=3361548465503702798 run=48 kind=ble_backpressure owner=system_workqueue outcome=ack queue=1 custody=0 credit=1 retry=0 drain=1 src=11068027678940948070 dst=11068027678940948070 session=51118140 seq=60 type=86 samples=1 sequence=0 previous=0 uptime=809075
DBG_ENUM_COMPACT_RECORD epoch=51118136 anchor=0x56da25fe4af6d141 hop=1 via=0x56da25fe4af6d141 responders=2
DBG_ENUM_COMPACT_GATEWAY_ACK_TX epoch=51118136 child=0x56da25fe4af6d141 seq=0 remaining=11 ret=0
DBG_ENUM_COMPACT_GATEWAY_RX epoch=51118136 child=0x56da25fe4af6d141 seq=0 records=1 ret=0
DBG_ENUM_COMPACT_RECORD epoch=51118136 anchor=0x191a9619c6c8cb07 hop=1 via=0x191a9619c6c8cb07 responders=3
DBG_ENUM_COMPACT_GATEWAY_ACK_TX epoch=51118136 child=0x191a9619c6c8cb07 seq=0 remaining=13 ret=0
DBG_ENUM_COMPACT_GATEWAY_RX epoch=51118136 child=0x191a9619c6c8cb07 seq=0 records=1 ret=0
DBG_STACK_RUN_BEGIN epoch=3361548465503702798 run=49 kind=ble_backpressure owner=system_workqueue queue=2 custody=2 credit=0 retry=0 drain=2 src=11068027678940948070 dst=11068027678940948070 session=51118141 seq=61 type=86 sequence=0 previous=0 uptime=809487
DBG_STACK_SAMPLE_BEGIN epoch=3361548465503702798 run=49 sample=49 kind=ble_backpressure owner=system_workqueue queue=2 custody=2 credit=0 retry=0 drain=2 src=11068027678940948070 dst=11068027678940948070 session=51118141 seq=61 type=86 uptime=809488
DBG_STACK_ISR_CONFIG size=8192 run=49 sample=49
DBG_STACK name=BT RX WQ tid=0x2000fe28 used=760 free=776 size=1536 ret=0 run=49 sample=49
DBG_STACK name=mesh_route tid=0x2000d560 used=5904 free=2288 size=8192 ret=0 run=49 sample=49
DBG_STACK name=sysworkq tid=0x20010d80 used=2408 free=2072 size=4480 ret=0 run=49 sample=49
DBG_STACK name=MPSL Work tid=0x20010b38 used=440 free=584 size=1024 ret=0 run=49 sample=49
DBG_STACK name=logging tid=0x2000f930 used=480 free=1568 size=2048 ret=0 run=49 sample=49
DBG_STACK name=idle tid=0x20010c10 used=64 free=256 size=320 ret=0 run=49 sample=49
DBG_STACK_SAMPLE_END run=49 sample=49
DBG_STACK_RUN_END epoch=3361548465503702798 run=49 kind=ble_backpressure owner=system_workqueue outcome=ack queue=2 custody=0 credit=1 retry=0 drain=2 src=11068027678940948070 dst=11068027678940948070 session=51118141 seq=61 type=86 samples=1 sequence=0 previous=0 uptime=809505
DBG_STACK_RUN_BEGIN epoch=3361548465503702798 run=50 kind=ble_backpressure owner=system_workqueue queue=1 custody=1 credit=0 retry=0 drain=1 src=11068027678940948070 dst=11068027678940948070 session=51118142 seq=62 type=86 sequence=0 previous=0 uptime=809982
DBG_STACK_SAMPLE_BEGIN epoch=3361548465503702798 run=50 sample=50 kind=ble_backpressure owner=system_workqueue queue=1 custody=1 credit=0 retry=0 drain=1 src=11068027678940948070 dst=11068027678940948070 session=51118142 seq=62 type=86 uptime=809982
DBG_STACK_ISR_CONFIG size=8192 run=50 sample=50
DBG_STACK name=BT RX WQ tid=0x2000fe28 used=760 free=776 size=1536 ret=0 run=50 sample=50
DBG_STACK name=mesh_route tid=0x2000d560 used=5904 free=2288 size=8192 ret=0 run=50 sample=50
DBG_STACK name=sysworkq tid=0x20010d80 used=2408 free=2072 size=4480 ret=0 run=50 sample=50
DBG_STACK name=MPSL Work tid=0x20010b38 used=440 free=584 size=1024 ret=0 run=50 sample=50
DBG_STACK name=logging tid=0x2000f930 used=480 free=1568 size=2048 ret=0 run=50 sample=50
DBG_STACK name=idle tid=0x20010c10 used=64 free=256 size=320 ret=0 run=50 sample=50
DBG_STACK_SAMPLE_END run=50 sample=50
DBG_STACK_RUN_END epoch=3361548465503702798 run=50 kind=ble_backpressure owner=system_workqueue outcome=ack queue=1 custody=0 credit=1 retry=0 drain=1 src=11068027678940948070 dst=11068027678940948070 session=51118142 seq=62 type=86 samples=1 sequence=0 previous=0 uptime=810000
DBG_ENUM_COMPACT_GATEWAY_END now=811364 timeouts=97 raw=0 bundles=3 errors=0 ret=0
DBG_GATEWAY_COMMAND_PRIORITY_SUBMIT ret=0 now=811365
DBG_DWM_INVALIDATE tag=configure_radio_from_reset active_phy=4 configured=1 awake=1
DBG_DWM_MARK_UNCONFIGURED tag=initialise_radio prev_phy=0
DBG_GATEWAY_CH9_RX_CONT_ARM now=811387 rem=500 frames=0 errors=0
DBG_GATEWAY_CH9_RX_CONT_RESULT start=811387 end=811388 ret=-140 fail=0 status=0x02000000 len=0 frames=0
DBG_GATEWAY_CH9_RX_COMMAND_PREEMPT now=811389 rem=500 frames=0
DBG_GATEWAY_CH9_RX_CONT_DONE ret=-140 len=0 fail=0 recover=0
DBG_NC o=0000000000000008 g=00000008 w=00 e=0000003c s=00000005 q=0000>0004 r=00000000 f=00000024 t=00000000 p=00000000 a=00
DBG_NODE_COMM_SUBMIT handle=8 profile=6 token=17039368 deadline=821392
DBG_ENUM_FLOOD kind=2 handle=8
DBG_ENUM_TABLE_TX epoch=51118136 count=3 round=1 ret=0
DBG_NODE_COMM_TX_BEGIN handle=8 profile=6 msg=64 dst=0x0 seq=8
DBG_CONTROL_RX_HANDOFF_READY abort=0
DBG_COORD state=idle owner=c5-flood reason=idle rx=0 tx=0 relay=0 route=0 ack=0 qack=0
DBG_DWM_INVALIDATE tag=configure_radio_from_reset active_phy=3 configured=1 awake=1
DBG_DWM_MARK_UNCONFIGURED tag=initialise_radio prev_phy=0
DBG_DWM_INVALIDATE tag=configure_radio_from_reset active_phy=2 configured=1 awake=0
DBG_DWM_MARK_UNCONFIGURED tag=initialise_radio prev_phy=0
DBG_DWM_WAKE_MESH_CTRL_OK sfd=4073
DBG_C5_TX_CONFIG ret=0 ext=1 len=187 msg=40 reason=bounded-c5-flood
DBG_UWB_TX_CH5
DBG_C5_FLOOD_WAIT now=811450 wake=811451 first=811451 msg=40 attempt=2/3 reason=node-comm-bounded-control-flood
DBG_DWM_INVALIDATE tag=configure_radio_from_reset active_phy=4 configured=1 awake=0
DBG_DWM_MARK_UNCONFIGURED tag=initialise_radio prev_phy=0
DBG_DWM_INVALIDATE tag=configure_radio_from_reset active_phy=2 configured=1 awake=0
DBG_DWM_MARK_UNCONFIGURED tag=initialise_radio prev_phy=0
DBG_DWM_WAKE_MESH_CTRL_OK sfd=4073
DBG_C5_TX_CONFIG ret=0 ext=1 len=187 msg=40 reason=bounded-c5-flood
DBG_UWB_TX_CH5
DBG_C5_FLOOD_WAIT now=811507 wake=811508 first=811508 msg=40 attempt=3/3 reason=node-comm-bounded-control-flood
DBG_DWM_INVALIDATE tag=configure_radio_from_reset active_phy=4 configured=1 awake=0
DBG_DWM_MARK_UNCONFIGURED tag=initialise_radio prev_phy=0
DBG_DWM_INVALIDATE tag=configure_radio_from_reset active_phy=2 configured=1 awake=0
DBG_DWM_MARK_UNCONFIGURED tag=initialise_radio prev_phy=0
DBG_DWM_WAKE_MESH_CTRL_OK sfd=4073
DBG_C5_TX_CONFIG ret=0 ext=1 len=187 msg=40 reason=bounded-c5-flood
DBG_UWB_TX_CH5
DBG_NC o=0000000000000008 g=00000008 w=00 e=00000022 s=00000005 q=0004>0005 r=00000000 f=00000001 t=00000000 p=00000000 a=00
DBG_NC o=0000000000000008 g=00000008 w=00 e=00000041 s=00000005 q=0005>0008 r=00000000 f=00000026 t=00000000 p=00000001 a=01
DBG_NODE_COMM_ATTEMPT handle=8 profile=6 attempt=1 ret=0 rf=1 scheduled=0 state=0
DBG_GATEWAY_RX_START reason=gateway mesh restart active=1 qrx=0 qtx=0 adv_due=0
DBG_ENUM_RF_RESULT kind=2 handle=8 success=1 reason=0 tries=1
DBG_COORD state=gateway-rx owner=uwb-rx reason=gateway-rx rx=0 tx=0 relay=0 route=0 ack=0 qack=0
DBG_DWM_INVALIDATE tag=configure_radio_from_reset active_phy=4 configured=1 awake=1
DBG_DWM_MARK_UNCONFIGURED tag=initialise_radio prev_phy=0
DBG_GATEWAY_CH9_RX_CONT_ARM now=811591 rem=500 frames=0 errors=0
DBG_GATEWAY_CH9_RX_CONT_RESULT start=811591 end=812092 ret=-116 fail=0 status=0x02000000 len=0 frames=0
DBG_GATEWAY_CH9_RX_CONT_ARM now=812094 rem=500 frames=0 errors=0
DBG_GATEWAY_CH9_RX_CONT_RESULT start=812094 end=812595 ret=-116 fail=0 status=0x00000000 len=0 frames=0
DBG_NC o=0000000000000009 g=00000009 w=00 e=0000003c s=00000005 q=0000>0004 r=00000000 f=00000024 t=00000000 p=00000000 a=00
DBG_NODE_COMM_SUBMIT handle=9 profile=6 token=17039369 deadline=822596
DBG_ENUM_FLOOD kind=3 handle=9
DBG_ENUM_END_TX epoch=51118136 table_seq=51118143 ret=0
DBG_NODE_COMM_TX_BEGIN handle=9 profile=6 msg=64 dst=0x0 seq=9
DBG_CONTROL_RX_HANDOFF_READY abort=0
DBG_COORD state=idle owner=c5-flood reason=idle rx=0 tx=0 relay=0 route=0 ack=0 qack=0
DBG_DWM_INVALIDATE tag=configure_radio_from_reset active_phy=3 configured=1 awake=1
DBG_DWM_MARK_UNCONFIGURED tag=initialise_radio prev_phy=0
DBG_DWM_INVALIDATE tag=configure_radio_from_reset active_phy=2 configured=1 awake=0
DBG_DWM_MARK_UNCONFIGURED tag=initialise_radio prev_phy=0
DBG_DWM_WAKE_MESH_CTRL_OK sfd=4073
DBG_C5_TX_CONFIG ret=0 ext=1 len=169 msg=40 reason=bounded-c5-flood
DBG_UWB_TX_CH5
DBG_DWM_INVALIDATE tag=configure_radio_from_reset active_phy=4 configured=1 awake=0
DBG_DWM_MARK_UNCONFIGURED tag=initialise_radio prev_phy=0
DBG_DWM_INVALIDATE tag=configure_radio_from_reset active_phy=2 configured=1 awake=0
DBG_DWM_MARK_UNCONFIGURED tag=initialise_radio prev_phy=0
DBG_DWM_WAKE_MESH_CTRL_OK sfd=4073
DBG_C5_TX_CONFIG ret=0 ext=1 len=169 msg=40 reason=bounded-c5-flood
DBG_UWB_TX_CH5
DBG_DWM_INVALIDATE tag=configure_radio_from_reset active_phy=4 configured=1 awake=0
DBG_DWM_MARK_UNCONFIGURED tag=initialise_radio prev_phy=0
DBG_DWM_INVALIDATE tag=configure_radio_from_reset active_phy=2 configured=1 awake=0
DBG_DWM_MARK_UNCONFIGURED tag=initialise_radio prev_phy=0
DBG_DWM_WAKE_MESH_CTRL_OK sfd=4073
DBG_C5_TX_CONFIG ret=0 ext=1 len=169 msg=40 reason=bounded-c5-flood
DBG_UWB_TX_CH5
DBG_NC o=0000000000000009 g=00000009 w=00 e=00000022 s=00000005 q=0004>0005 r=00000000 f=00000001 t=00000000 p=00000000 a=00
DBG_NC o=0000000000000009 g=00000009 w=00 e=00000041 s=00000005 q=0005>0008 r=00000000 f=00000026 t=00000000 p=00000001 a=01
DBG_NODE_COMM_ATTEMPT handle=9 profile=6 attempt=1 ret=0 rf=1 scheduled=0 state=0
DBG_GATEWAY_RX_START reason=gateway mesh restart active=1 qrx=0 qtx=0 adv_due=0
DBG_ENUM_RF_RESULT kind=3 handle=9 success=1 reason=0 tries=1
DBG_COORD state=gateway-rx owner=uwb-rx reason=gateway-rx rx=0 tx=0 relay=0 route=0 ack=0 qack=0
DBG_DWM_INVALIDATE tag=configure_radio_from_reset active_phy=4 configured=1 awake=1
DBG_DWM_MARK_UNCONFIGURED tag=initialise_radio prev_phy=0
DBG_GATEWAY_CH9_RX_CONT_ARM now=812794 rem=500 frames=0 errors=0
DBG_GATEWAY_CH9_RX_CONT_RESULT start=812794 end=813294 ret=-116 fail=0 status=0x02000000 len=0 frames=0
DBG_GATEWAY_CH9_RX_CONT_ARM now=813296 rem=500 frames=0 errors=0
DBG_GATEWAY_CH9_RX_CONT_RESULT start=813296 end=813797 ret=-116 fail=0 status=0x00000000 len=0 frames=0
DBG_GATEWAY_COMMAND_PRIORITY_SUBMIT ret=0 now=813798
DBG_GATEWAY_CH9_RX_CONT_ARM now=813799 rem=500 frames=0 errors=0
DBG_GATEWAY_CH9_RX_CONT_RESULT start=813799 end=813800 ret=-140 fail=0 status=0x00000000 len=0 frames=0
DBG_GATEWAY_CH9_RX_COMMAND_PREEMPT now=813801 rem=500 frames=0
DBG_GATEWAY_CH9_RX_CONT_DONE ret=-140 len=0 fail=0 recover=0
DBG_STACK_RUN_BEGIN epoch=3361548465503702798 run=51 kind=ble_backpressure owner=system_workqueue queue=2 custody=2 credit=0 retry=0 drain=2 src=11068027678940948070 dst=11068027678940948070 session=51118147 seq=67 type=86 sequence=0 previous=0 uptime=813802
DBG_STACK_SAMPLE_BEGIN epoch=3361548465503702798 run=51 sample=51 kind=ble_backpressure owner=system_workqueue queue=2 custody=2 credit=0 retry=0 drain=2 src=11068027678940948070 dst=11068027678940948070 session=51118147 seq=67 type=86 uptime=813802
DBG_STACK_ISR_CONFIG size=8192 run=51 sample=51
DBG_STACK name=BT RX WQ tid=0x2000fe28 used=760 free=776 size=1536 ret=0 run=51 sample=51
DBG_STACK name=mesh_route tid=0x2000d560 used=5904 free=2288 size=8192 ret=0 run=51 sample=51
DBG_STACK name=sysworkq tid=0x20010d80 used=2408 free=2072 size=4480 ret=0 run=51 sample=51
DBG_STACK name=MPSL Work tid=0x20010b38 used=440 free=584 size=1024 ret=0 run=51 sample=51
DBG_STACK name=logging tid=0x2000f930 used=480 free=1568 size=2048 ret=0 run=51 sample=51
DBG_STACK name=idle tid=0x20010c10 used=64 free=256 size=320 ret=0 run=51 sample=51
DBG_STACK_SAMPLE_END run=51 sample=51
DBG_STACK_RUN_END epoch=3361548465503702798 run=51 kind=ble_backpressure owner=system_workqueue outcome=ack queue=2 custody=0 credit=1 retry=0 drain=2 src=11068027678940948070 dst=11068027678940948070 session=51118147 seq=67 type=86 samples=1 sequence=0 previous=0 uptime=813829
DBG_STACK_RUN_BEGIN epoch=3361548465503702798 run=52 kind=ble_backpressure owner=system_workqueue queue=2 custody=2 credit=0 retry=0 drain=2 src=11068027678940948070 dst=11068027678940948070 session=3852715363 seq=50531 type=65 sequence=0 previous=0 uptime=814258
DBG_STACK_SAMPLE_BEGIN epoch=3361548465503702798 run=52 sample=52 kind=ble_backpressure owner=system_workqueue queue=2 custody=2 credit=0 retry=0 drain=2 src=11068027678940948070 dst=11068027678940948070 session=3852715363 seq=50531 type=65 uptime=814258
DBG_STACK_ISR_CONFIG size=8192 run=52 sample=52
DBG_STACK name=BT RX WQ tid=0x2000fe28 used=760 free=776 size=1536 ret=0 run=52 sample=52
DBG_STACK name=mesh_route tid=0x2000d560 used=5904 free=2288 size=8192 ret=0 run=52 sample=52
DBG_STACK name=sysworkq tid=0x20010d80 used=2408 free=2072 size=4480 ret=0 run=52 sample=52
DBG_STACK name=MPSL Work tid=0x20010b38 used=440 free=584 size=1024 ret=0 run=52 sample=52
DBG_STACK name=logging tid=0x2000f930 used=480 free=1568 size=2048 ret=0 run=52 sample=52
DBG_STACK name=idle tid=0x20010c10 used=64 free=256 size=320 ret=0 run=52 sample=52
DBG_STACK_SAMPLE_END run=52 sample=52
DBG_STACK_RUN_END epoch=3361548465503702798 run=52 kind=ble_backpressure owner=system_workqueue outcome=ack queue=2 custody=0 credit=1 retry=0 drain=2 src=11068027678940948070 dst=11068027678940948070 session=3852715363 seq=50531 type=65 samples=1 sequence=0 previous=0 uptime=814275
DBG_GATEWAY_CH9_RX_CONT_RESULT start=813803 end=814304 ret=-116 fail=0 status=0x00000000 len=0 frames=0
DBG_GATEWAY_CH9_RX_CONT_ARM now=814306 rem=500 frames=0 errors=0
DBG_STACK_RUN_BEGIN epoch=3361548465503702798 run=53 kind=ble_backpressure owner=system_workqueue queue=1 custody=1 credit=0 retry=0 drain=1 src=11068027678940948070 dst=11068027678940948070 session=51118148 seq=68 type=86 sequence=0 previous=0 uptime=814707
DBG_STACK_SAMPLE_BEGIN epoch=3361548465503702798 run=53 sample=53 kind=ble_backpressure owner=system_workqueue queue=1 custody=1 credit=0 retry=0 drain=1 src=11068027678940948070 dst=11068027678940948070 session=51118148 seq=68 type=86 uptime=814707
DBG_STACK_ISR_CONFIG size=8192 run=53 sample=53
DBG_STACK name=BT RX WQ tid=0x2000fe28 used=760 free=776 size=1536 ret=0 run=53 sample=53
DBG_STACK name=mesh_route tid=0x2000d560 used=5904 free=2288 size=8192 ret=0 run=53 sample=53
DBG_STACK name=sysworkq tid=0x20010d80 used=2408 free=2072 size=4480 ret=0 run=53 sample=53
DBG_STACK name=MPSL Work tid=0x20010b38 used=440 free=584 size=1024 ret=0 run=53 sample=53
DBG_STACK name=logging tid=0x2000f930 used=480 free=1568 size=2048 ret=0 run=53 sample=53
DBG_STACK name=idle tid=0x20010c10 used=64 free=256 size=320 ret=0 run=53 sample=53
DBG_STACK_SAMPLE_END run=53 sample=53
DBG_STACK_RUN_END epoch=3361548465503702798 run=53 kind=ble_backpressure owner=system_workqueue outcome=ack queue=1 custody=0 credit=1 retry=0 drain=1 src=11068027678940948070 dst=11068027678940948070 session=51118148 seq=68 type=86 samples=1 sequence=0 previous=0 uptime=814729
DBG_GATEWAY_CH9_RX_CONT_RESULT start=814306 end=814807 ret=-116 fail=0 status=0x00000000 len=0 frames=0
DBG_GATEWAY_CH9_RX_CONT_ARM now=814809 rem=500 frames=0 errors=0
DBG_STACK_RUN_BEGIN epoch=3361548465503702798 run=54 kind=ble_backpressure owner=system_workqueue queue=1 custody=1 credit=0 retry=0 drain=1 src=11068027678940948070 dst=11068027678940948070 session=51118149 seq=69 type=86 sequence=0 previous=0 uptime=815158
DBG_STACK_SAMPLE_BEGIN epoch=3361548465503702798 run=54 sample=54 kind=ble_backpressure owner=system_workqueue queue=1 custody=1 credit=0 retry=0 drain=1 src=11068027678940948070 dst=11068027678940948070 session=51118149 seq=69 type=86 uptime=815158
DBG_STACK_ISR_CONFIG size=8192 run=54 sample=54
DBG_STACK name=BT RX WQ tid=0x2000fe28 used=760 free=776 size=1536 ret=0 run=54 sample=54
DBG_STACK name=mesh_route tid=0x2000d560 used=5904 free=2288 size=8192 ret=0 run=54 sample=54
DBG_STACK name=sysworkq tid=0x20010d80 used=2408 free=2072 size=4480 ret=0 run=54 sample=54
DBG_STACK name=MPSL Work tid=0x20010b38 used=440 free=584 size=1024 ret=0 run=54 sample=54
DBG_STACK name=logging tid=0x2000f930 used=480 free=1568 size=2048 ret=0 run=54 sample=54
DBG_STACK name=idle tid=0x20010c10 used=64 free=256 size=320 ret=0 run=54 sample=54
DBG_STACK_SAMPLE_END run=54 sample=54
DBG_STACK_RUN_END epoch=3361548465503702798 run=54 kind=ble_backpressure owner=system_workqueue outcome=ack queue=1 custody=0 credit=1 retry=0 drain=1 src=11068027678940948070 dst=11068027678940948070 session=51118149 seq=69 type=86 samples=1 sequence=0 previous=0 uptime=815179
DBG_GATEWAY_CH9_RX_CONT_RESULT start=814809 end=815310 ret=-116 fail=0 status=0x00000000 len=0 frames=0
DBG_GATEWAY_CH9_RX_CONT_ARM now=815312 rem=500 frames=0 errors=0
DBG_STACK_RUN_BEGIN epoch=3361548465503702798 run=55 kind=ble_backpressure owner=system_workqueue queue=1 custody=1 credit=0 retry=0 drain=1 src=11068027678940948070 dst=11068027678940948070 session=51118150 seq=70 type=86 sequence=0 previous=0 uptime=815608
DBG_STACK_SAMPLE_BEGIN epoch=3361548465503702798 run=55 sample=55 kind=ble_backpressure owner=system_workqueue queue=1 custody=1 credit=0 retry=0 drain=1 src=11068027678940948070 dst=11068027678940948070 session=51118150 seq=70 type=86 uptime=815608
DBG_STACK_ISR_CONFIG size=8192 run=55 sample=55
DBG_STACK name=BT RX WQ tid=0x2000fe28 used=760 free=776 size=1536 ret=0 run=55 sample=55
DBG_STACK name=mesh_route tid=0x2000d560 used=5904 free=2288 size=8192 ret=0 run=55 sample=55
DBG_STACK name=sysworkq tid=0x20010d80 used=2408 free=2072 size=4480 ret=0 run=55 sample=55
DBG_STACK name=MPSL Work tid=0x20010b38 used=440 free=584 size=1024 ret=0 run=55 sample=55
DBG_STACK name=logging tid=0x2000f930 used=480 free=1568 size=2048 ret=0 run=55 sample=55
DBG_STACK name=idle tid=0x20010c10 used=64 free=256 size=320 ret=0 run=55 sample=55
DBG_STACK_SAMPLE_END run=55 sample=55
DBG_STACK_RUN_END epoch=3361548465503702798 run=55 kind=ble_backpressure owner=system_workqueue outcome=ack queue=1 custody=0 credit=1 retry=0 drain=1 src=11068027678940948070 dst=11068027678940948070 session=51118150 seq=70 type=86 samples=1 sequence=0 previous=0 uptime=815628
DBG_GATEWAY_CH9_RX_CONT_RESULT start=815312 end=815813 ret=-116 fail=0 status=0x00000000 len=0 frames=0
DBG_GATEWAY_CH9_RX_CONT_ARM now=815815 rem=500 frames=0 errors=0
DBG_STACK_RUN_BEGIN epoch=3361548465503702798 run=56 kind=ble_backpressure owner=system_workqueue queue=1 custody=1 credit=0 retry=0 drain=1 src=11068027678940948070 dst=11068027678940948070 session=51118151 seq=71 type=86 sequence=0 previous=0 uptime=816058
DBG_STACK_SAMPLE_BEGIN epoch=3361548465503702798 run=56 sample=56 kind=ble_backpressure owner=system_workqueue queue=1 custody=1 credit=0 retry=0 drain=1 src=11068027678940948070 dst=11068027678940948070 session=51118151 seq=71 type=86 uptime=816058
DBG_STACK_ISR_CONFIG size=8192 run=56 sample=56
DBG_STACK name=BT RX WQ tid=0x2000fe28 used=760 free=776 size=1536 ret=0 run=56 sample=56
DBG_STACK name=mesh_route tid=0x2000d560 used=5904 free=2288 size=8192 ret=0 run=56 sample=56
DBG_STACK name=sysworkq tid=0x20010d80 used=2408 free=2072 size=4480 ret=0 run=56 sample=56
DBG_STACK name=MPSL Work tid=0x20010b38 used=440 free=584 size=1024 ret=0 run=56 sample=56
DBG_STACK name=logging tid=0x2000f930 used=480 free=1568 size=2048 ret=0 run=56 sample=56
DBG_STACK name=idle tid=0x20010c10 used=64 free=256 size=320 ret=0 run=56 sample=56
DBG_STACK_SAMPLE_END run=56 sample=56
DBG_STACK_RUN_END epoch=3361548465503702798 run=56 kind=ble_backpressure owner=system_workqueue outcome=ack queue=1 custody=0 credit=1 retry=0 drain=1 src=11068027678940948070 dst=11068027678940948070 session=51118151 seq=71 type=86 samples=1 sequence=0 previous=0 uptime=816068
DBG_GATEWAY_CH9_RX_CONT_RESULT start=815815 end=816316 ret=-116 fail=0 status=0x00000000 len=0 frames=0
DBG_GATEWAY_CH9_RX_CONT_ARM now=816318 rem=500 frames=0 errors=0
DBG_STACK_RUN_BEGIN epoch=3361548465503702798 run=57 kind=ble_backpressure owner=system_workqueue queue=1 custody=1 credit=0 retry=0 drain=1 src=11068027678940948070 dst=11068027678940948070 session=51118152 seq=72 type=86 sequence=0 previous=0 uptime=816508
DBG_STACK_SAMPLE_BEGIN epoch=3361548465503702798 run=57 sample=57 kind=ble_backpressure owner=system_workqueue queue=1 custody=1 credit=0 retry=0 drain=1 src=11068027678940948070 dst=11068027678940948070 session=51118152 seq=72 type=86 uptime=816508
DBG_STACK_ISR_CONFIG size=8192 run=57 sample=57
DBG_STACK name=BT RX WQ tid=0x2000fe28 used=760 free=776 size=1536 ret=0 run=57 sample=57
DBG_STACK name=mesh_route tid=0x2000d560 used=5904 free=2288 size=8192 ret=0 run=57 sample=57
DBG_STACK name=sysworkq tid=0x20010d80 used=2408 free=2072 size=4480 ret=0 run=57 sample=57
DBG_STACK name=MPSL Work tid=0x20010b38 used=440 free=584 size=1024 ret=0 run=57 sample=57
DBG_STACK name=logging tid=0x2000f930 used=480 free=1568 size=2048 ret=0 run=57 sample=57
DBG_STACK name=idle tid=0x20010c10 used=64 free=256 size=320 ret=0 run=57 sample=57
DBG_STACK_SAMPLE_END run=57 sample=57
DBG_STACK_RUN_END epoch=3361548465503702798 run=57 kind=ble_backpressure owner=system_workqueue outcome=ack queue=1 custody=0 credit=1 retry=0 drain=1 src=11068027678940948070 dst=11068027678940948070 session=51118152 seq=72 type=86 samples=1 sequence=0 previous=0 uptime=816529
DBG_GATEWAY_CH9_RX_CONT_RESULT start=816318 end=816819 ret=-116 fail=0 status=0x00000000 len=0 frames=0
DBG_GATEWAY_CH9_RX_CONT_ARM now=816821 rem=500 frames=0 errors=0
DBG_GATEWAY_CH9_RX_CONT_RESULT start=816821 end=817322 ret=-116 fail=0 status=0x00000000 len=0 frames=0
DBG_GATEWAY_CH9_RX_CONT_ARM now=817327 rem=500 frames=0 errors=0
DBG_GATEWAY_CH9_RX_CONT_RESULT start=817327 end=817828 ret=-116 fail=0 status=0x00000000 len=0 frames=0
DBG_GATEWAY_CH9_RX_CONT_ARM now=817830 rem=500 frames=0 errors=0
DBG_GATEWAY_CH9_RX_CONT_RESULT start=817830 end=818331 ret=-116 fail=0 status=0x00000000 len=0 frames=0
DBG_GATEWAY_CH9_RX_CONT_ARM now=818333 rem=500 frames=0 errors=0
DBG_GATEWAY_CH9_RX_CONT_RESULT start=818333 end=818834 ret=-116 fail=0 status=0x00000000 len=0 frames=0
DBG_GATEWAY_CH9_RX_CONT_ARM now=818836 rem=500 frames=0 errors=0
DBG_GATEWAY_BLE event=disconnected reason=19 uptime=818981
DBG_GATEWAY_BLE event=recovery round=1 delay_ms=262 reason=disconnected uptime=818981
DBG_GATEWAY_CH9_RX_CONT_RESULT start=818836 end=819337 ret=-116 fail=0 status=0x00000000 len=0 frames=0
DBG_GATEWAY_CH9_RX_CONT_ARM now=819339 rem=500 frames=0 errors=0
DBG_GATEWAY_CH9_RX_CONT_RESULT start=819339 end=819840 ret=-116 fail=0 status=0x00000000 len=0 frames=0
DBG_GATEWAY_CH9_RX_CONT_ARM now=819842 rem=500 frames=0 errors=0
DBG_GATEWAY_CH9_RX_CONT_RESULT start=819842 end=820343 ret=-116 fail=0 status=0x00000000 len=0 frames=0
DBG_GATEWAY_CH9_RX_CONT_ARM now=820345 rem=500 frames=0 errors=0
DBG_GATEWAY_CH9_RX_CONT_RESULT start=820345 end=820846 ret=-116 fail=0 status=0x00000000 len=0 frames=0
DBG_GATEWAY_CH9_RX_CONT_ARM now=820848 rem=500 frames=0 errors=0
DBG_GATEWAY_CH9_RX_CONT_RESULT start=820848 end=821349 ret=-116 fail=0 status=0x00000000 len=0 frames=0
DBG_GATEWAY_CH9_RX_CONT_ARM now=821351 rem=500 frames=0 errors=0
DBG_GATEWAY_CH9_RX_CONT_RESULT start=821351 end=821852 ret=-116 fail=0 status=0x00000000 len=0 frames=0
DBG_GATEWAY_CH9_RX_CONT_ARM now=821854 rem=500 frames=0 errors=0
DBG_GATEWAY_CH9_RX_CONT_RESULT start=821854 end=822355 ret=-116 fail=0 status=0x00000000 len=0 frames=0
DBG_GATEWAY_CH9_RX_CONT_ARM now=822357 rem=500 frames=0 errors=0
DBG_GATEWAY_CH9_RX_CONT_RESULT start=822357 end=822858 ret=-116 fail=0 status=0x00000000 len=0 frames=0
DBG_GATEWAY_CH9_RX_CONT_ARM now=822860 rem=500 frames=0 errors=0
DBG_GATEWAY_CH9_RX_CONT_RESULT start=822860 end=823361 ret=-116 fail=0 status=0x00000000 len=0 frames=0
DBG_GATEWAY_CH9_RX_CONT_ARM now=823363 rem=500 frames=0 errors=0
DBG_GATEWAY_CH9_RX_CONT_RESULT start=823363 end=823864 ret=-116 fail=0 status=0x00000000 len=0 frames=0
DBG_GATEWAY_CH9_RX_CONT_ARM now=823866 rem=500 frames=0 errors=0
DBG_GATEWAY_CH9_RX_CONT_RESULT start=823866 end=824367 ret=-116 fail=0 status=0x00000000 len=0 frames=0
DBG_GATEWAY_CH9_RX_CONT_ARM now=824369 rem=500 frames=0 errors=0
DBG_GATEWAY_CH9_RX_CONT_RESULT start=824369 end=824870 ret=-116 fail=0 status=0x00000000 len=0 frames=0
DBG_GATEWAY_CH9_RX_CONT_ARM now=824872 rem=500 frames=0 errors=0
DBG_GATEWAY_CH9_RX_CONT_RESULT start=824872 end=825373 ret=-116 fail=0 status=0x00000000 len=0 frames=0
DBG_GATEWAY_CH9_RX_CONT_ARM now=825375 rem=500 frames=0 errors=0
DBG_GATEWAY_CH9_RX_CONT_RESULT start=825375 end=825876 ret=-116 fail=0 status=0x00000000 len=0 frames=0
DBG_GATEWAY_CH9_RX_CONT_ARM now=825878 rem=500 frames=0 errors=0
DBG_GATEWAY_CH9_RX_CONT_RESULT start=825878 end=826379 ret=-116 fail=0 status=0x00000000 len=0 frames=0
DBG_GATEWAY_CH9_RX_CONT_ARM now=826381 rem=500 frames=0 errors=0
DBG_GATEWAY_CH9_RX_CONT_RESULT start=826381 end=826882 ret=-116 fail=0 status=0x00000000 len=0 frames=0
DBG_GATEWAY_CH9_RX_CONT_ARM now=826884 rem=500 frames=0 errors=0
