[34m0000535[0m [36mI[0m Target type is nrf52833 [2m[board][0m
[34m0000560[0m [36mI[0m Performing connect pre-reset [2m[coresight_target][0m
[34m0000813[0m [36mI[0m DAP is not accessible after reset; attempting reconnect [2m[dap][0m
[34m0000919[0m [36mI[0m DP IDR = 0x2ba01477 (v1 rev2) [2m[dap][0m
[34m0000925[0m [36mI[0m AHB-AP#0 IDR = 0x24770011 (AHB-AP var1 rev2) [2m[discovery][0m
[34m0000925[0m [36mI[0m AP#1 IDR = 0x02880000 (AP var0 rev0) [2m[discovery][0m
[34m0000926[0m [36mI[0m NRF52833 not in secure state [2m[target_nRF52][0m
[34m0000929[0m [36mI[0m AHB-AP#0 Class 0x1 ROM table #0 @ 0xe00ff000 (designer=244 part=00d) [2m[rom_table][0m
[34m0000931[0m [36mI[0m [0]<e000e000:SCS v7-M class=14 designer=43b:Arm part=00c> [2m[rom_table][0m
[34m0000933[0m [36mI[0m [1]<e0001000:DWT v7-M class=14 designer=43b:Arm part=002> [2m[rom_table][0m
[34m0000934[0m [36mI[0m [2]<e0002000:FPB v7-M class=14 designer=43b:Arm part=003> [2m[rom_table][0m
[34m0000936[0m [36mI[0m [3]<e0000000:ITM v7-M class=14 designer=43b:Arm part=001> [2m[rom_table][0m
[34m0000938[0m [36mI[0m [4]<e0040000:TPIU M4 class=9 designer=43b:Arm part=9a1 devtype=11 archid=0000 devid=ca1:0:0> [2m[rom_table][0m
[34m0000941[0m [36mI[0m [5]<e0041000:ETM M4 class=9 designer=43b:Arm part=925 devtype=13 archid=0000 devid=0:0:0> [2m[rom_table][0m
[34m0000945[0m [36mI[0m CPU core #0: Cortex-M4 r0p1, v7.0-M architecture [2m[cortex_m][0m
[34m0000945[0m [36mI[0m   Extensions: [DSP, FPU, FPU_V4, MPU] [2m[cortex_m][0m
[34m0000945[0m [36mI[0m   FPU present: FPv4-SP-D16-M [2m[cortex_m][0m
[34m0000947[0m [36mI[0m This appears to be an nRF52833 AA B0 [2m[target_nRF52][0m
[34m0000951[0m [36mI[0m 4 hardware watchpoints [2m[dwt][0m
[34m0000953[0m [36mI[0m 6 hardware breakpoints, 4 literal comparators [2m[fpb][0m
[34m0000970[0m [36mI[0m 3 up channels and 3 down channels found [2m[rtt_cmd][0m
[34m0000970[0m [36mI[0m Reading from up channel 0 ("Terminal") [2m[rtt_cmd][0m
[34m0000972[0m [36mI[0m Writing to down channel 0 ("Terminal") [2m[rtt_cmd][0m
DBG_STACK_BOOT preset=mesh_gateway build=imec-stack-v1:mesh_gateway:ef598760ad091ed9f2e45293a9190a0b9065f1b7e09bf81faefd77bbb228b932 epoch=13370222513784847366 uptime=2
mesh node identity: ficr=0xeefc9670907f2ef7 node=0x9999888877776666 preset=mesh_gateway
DBG_LED_SELFTEST_CH5_RX
DBG_DIRECT_GW_PROBE_BOOT resetreas=0x00000000 phase=none
DBG_NODE_COMM_BOOT stage=init ret=0 running=1 uptime=1009
DBG_GATEWAY_BOOT stage=ble_begin uptime=1018
DBG_GATEWAY_BLE stage=entry enabled=1 uptime=1018
DBG_GATEWAY_BLE stage=bt_enable ret=0 uptime=1024
DBG_GATEWAY_BLE stage=adv_start ret=0 active=1 quiet=0 uptime=1026
DBG_GATEWAY_BOOT stage=ble_done ret=0 uptime=1026
DBG_GATEWAY_BOOT stage=ch9_begin uptime=1026
DBG_GATEWAY_RX_START reason=gateway startup active=1 qrx=0 qtx=0 adv_due=0
DBG_GATEWAY_BOOT stage=ch9_done ret=0 uptime=1026
DBG_COORD state=gateway-rx owner=uwb-rx reason=gateway-rx rx=0 tx=0 relay=0 route=0 ack=0 qack=0
DBG_DWM_INVALIDATE tag=configure_radio_from_reset active_phy=0 configured=0 awake=0
DBG_GATEWAY_CH9_RX_CONT_RESULT start=22174 end=22675 ret=-116 fail=0 status=0x00000000 len=0 frames=0
DBG_GATEWAY_CH9_RX_CONT_ARM now=22677 rem=500 frames=0 errors=0
DBG_GATEWAY_CH9_RX_CONT_RESULT start=22677 end=23178 ret=-116 fail=0 status=0x00000000 len=0 frames=0
DBG_GATEWAY_CH9_RX_CONT_ARM now=23180 rem=500 frames=0 errors=0
DBG_GATEWAY_CH9_RX_CONT_RESULT start=23180 end=23681 ret=-116 fail=0 status=0x00000000 len=0 frames=0
DBG_GATEWAY_CH9_RX_CONT_ARM now=23683 rem=500 frames=0 errors=0
DBG_GATEWAY_CH9_RX_CONT_RESULT start=23683 end=24184 ret=-116 fail=0 status=0x00000000 len=0 frames=0
DBG_GATEWAY_CH9_RX_CONT_ARM now=24186 rem=500 frames=0 errors=0
DBG_GATEWAY_CH9_RX_CONT_RESULT start=24186 end=24687 ret=-116 fail=0 status=0x00000000 len=0 frames=0
DBG_GATEWAY_CH9_RX_CONT_ARM now=24689 rem=500 frames=0 errors=0
DBG_GATEWAY_CH9_RX_CONT_RESULT start=24689 end=25190 ret=-116 fail=0 status=0x00000000 len=0 frames=0
DBG_GATEWAY_CH9_RX_CONT_ARM now=25192 rem=500 frames=0 errors=0
DBG_GATEWAY_CH9_RX_CONT_RESULT start=25192 end=25693 ret=-116 fail=0 status=0x00000000 len=0 frames=0
DBG_GATEWAY_CH9_RX_CONT_ARM now=25695 rem=500 frames=0 errors=0
DBG_GATEWAY_CH9_RX_CONT_RESULT start=25695 end=26196 ret=-116 fail=0 status=0x00000000 len=0 frames=0
DBG_GATEWAY_CH9_RX_CONT_ARM now=26198 rem=500 frames=0 errors=0
DBG_GATEWAY_CH9_RX_CONT_RESULT start=26198 end=26699 ret=-116 fail=0 status=0x00000000 len=0 frames=0
DBG_GATEWAY_CH9_RX_CONT_ARM now=26701 rem=500 frames=0 errors=0
DBG_GATEWAY_CH9_RX_CONT_RESULT start=26701 end=27202 ret=-116 fail=0 status=0x00000000 len=0 frames=0
DBG_GATEWAY_CH9_RX_CONT_ARM now=27204 rem=500 frames=0 errors=0
DBG_GATEWAY_CH9_RX_CONT_RESULT start=27204 end=27705 ret=-116 fail=0 status=0x00000000 len=0 frames=0
DBG_GATEWAY_CH9_RX_CONT_ARM now=27707 rem=500 frames=0 errors=0
DBG_GATEWAY_CH9_RX_CONT_RESULT start=27707 end=28208 ret=-116 fail=0 status=0x00000000 len=0 frames=0
DBG_GATEWAY_CH9_RX_CONT_ARM now=28210 rem=500 frames=0 errors=0
DBG_GATEWAY_CH9_RX_CONT_RESULT start=28210 end=28711 ret=-116 fail=0 status=0x00000000 len=0 frames=0
DBG_GATEWAY_CH9_RX_CONT_ARM now=28713 rem=500 frames=0 errors=0
DBG_GATEWAY_CH9_RX_CONT_RESULT start=28713 end=29214 ret=-116 fail=0 status=0x00000000 len=0 frames=0
DBG_GATEWAY_CH9_RX_CONT_ARM now=29216 rem=500 frames=0 errors=0
DBG_GATEWAY_CH9_RX_CONT_RESULT start=29216 end=29717 ret=-116 fail=0 status=0x00000000 len=0 frames=0
DBG_GATEWAY_CH9_RX_CONT_ARM now=29719 rem=500 frames=0 errors=0
DBG_GATEWAY_CH9_RX_CONT_RESULT start=29719 end=30220 ret=-116 fail=0 status=0x00000000 len=0 frames=0
DBG_GATEWAY_CH9_RX_CONT_ARM now=30222 rem=500 frames=0 errors=0
DBG_GATEWAY_CH9_RX_CONT_RESULT start=30222 end=30723 ret=-116 fail=0 status=0x00000000 len=0 frames=0
DBG_GATEWAY_CH9_RX_CONT_ARM now=30725 rem=500 frames=0 errors=0
DBG_GATEWAY_CH9_RX_CONT_RESULT start=30725 end=31226 ret=-116 fail=0 status=0x00000000 len=0 frames=0
DBG_GATEWAY_CH9_RX_CONT_ARM now=31228 rem=500 frames=0 errors=0
DBG_GATEWAY_CH9_RX_CONT_RESULT start=31228 end=31729 ret=-116 fail=0 status=0x00000000 len=0 frames=0
DBG_GATEWAY_CH9_RX_CONT_ARM now=31731 rem=500 frames=0 errors=0
DBG_GATEWAY_CH9_RX_CONT_RESULT start=31731 end=32232 ret=-116 fail=0 status=0x00000000 len=0 frames=0
DBG_GATEWAY_CH9_RX_CONT_ARM now=32234 rem=500 frames=0 errors=0
DBG_GATEWAY_CH9_RX_CONT_RESULT start=32234 end=32735 ret=-116 fail=0 status=0x00000000 len=0 frames=0
DBG_GATEWAY_CH9_RX_CONT_ARM now=32737 rem=500 frames=0 errors=0
DBG_GATEWAY_CH9_RX_CONT_RESULT start=32737 end=33238 ret=-116 fail=0 status=0x00000000 len=0 frames=0
DBG_GATEWAY_CH9_RX_CONT_ARM now=33240 rem=500 frames=0 errors=0
DBG_GATEWAY_CH9_RX_CONT_RESULT start=33240 end=33741 ret=-116 fail=0 status=0x00000000 len=0 frames=0
DBG_GATEWAY_CH9_RX_CONT_ARM now=33743 rem=500 frames=0 errors=0
DBG_GATEWAY_CH9_RX_CONT_RESULT start=33743 end=34244 ret=-116 fail=0 status=0x00000000 len=0 frames=0
DBG_GATEWAY_CH9_RX_CONT_ARM now=34246 rem=500 frames=0 errors=0
DBG_GATEWAY_CH9_RX_CONT_RESULT start=34246 end=34747 ret=-116 fail=0 status=0x00000000 len=0 frames=0
DBG_GATEWAY_CH9_RX_CONT_ARM now=34749 rem=500 frames=0 errors=0
DBG_GATEWAY_CH9_RX_CONT_RESULT start=34749 end=35250 ret=-116 fail=0 status=0x00000000 len=0 frames=0
DBG_GATEWAY_CH9_RX_CONT_ARM now=35252 rem=500 frames=0 errors=0
DBG_GATEWAY_CH9_RX_CONT_RESULT start=35252 end=35753 ret=-116 fail=0 status=0x00000000 len=0 frames=0
DBG_GATEWAY_CH9_RX_CONT_ARM now=35755 rem=500 frames=0 errors=0
DBG_GATEWAY_CH9_RX_CONT_RESULT start=35755 end=36256 ret=-116 fail=0 status=0x00000000 len=0 frames=0
DBG_GATEWAY_CH9_RX_CONT_ARM now=36258 rem=500 frames=0 errors=0
DBG_GATEWAY_CH9_RX_CONT_RESULT start=36258 end=36759 ret=-116 fail=0 status=0x00000000 len=0 frames=0
DBG_GATEWAY_CH9_RX_CONT_ARM now=36761 rem=500 frames=0 errors=0
DBG_GATEWAY_CH9_RX_CONT_RESULT start=36761 end=37262 ret=-116 fail=0 status=0x00000000 len=0 frames=0
DBG_GATEWAY_CH9_RX_CONT_ARM now=37264 rem=500 frames=0 errors=0
DBG_GATEWAY_CH9_RX_CONT_RESULT start=37264 end=37765 ret=-116 fail=0 status=0x00000000 len=0 frames=0
DBG_GATEWAY_CH9_RX_CONT_ARM now=37767 rem=500 frames=0 errors=0
DBG_GATEWAY_CH9_RX_CONT_RESULT start=37767 end=38268 ret=-116 fail=0 status=0x00000000 len=0 frames=0
DBG_GATEWAY_CH9_RX_CONT_ARM now=38270 rem=500 frames=0 errors=0
DBG_GATEWAY_CH9_RX_CONT_RESULT start=38270 end=38771 ret=-116 fail=0 status=0x00000000 len=0 frames=0
DBG_GATEWAY_CH9_RX_CONT_ARM now=38773 rem=500 frames=0 errors=0
DBG_GATEWAY_CH9_RX_CONT_RESULT start=38773 end=39274 ret=-116 fail=0 status=0x00000000 len=0 frames=0
DBG_GATEWAY_CH9_RX_CONT_ARM now=39276 rem=500 frames=0 errors=0
DBG_GATEWAY_CH9_RX_CONT_RESULT start=39276 end=39777 ret=-116 fail=0 status=0x00000000 len=0 frames=0
DBG_GATEWAY_CH9_RX_CONT_ARM now=39779 rem=500 frames=0 errors=0
DBG_GATEWAY_CH9_RX_CONT_RESULT start=39779 end=40280 ret=-116 fail=0 status=0x00000000 len=0 frames=0
DBG_GATEWAY_CH9_RX_CONT_ARM now=40282 rem=500 frames=0 errors=0
DBG_GATEWAY_CH9_RX_CONT_RESULT start=40282 end=40783 ret=-116 fail=0 status=0x00000000 len=0 frames=0
DBG_GATEWAY_CH9_RX_CONT_ARM now=40785 rem=500 frames=0 errors=0
DBG_GATEWAY_CH9_RX_CONT_RESULT start=40785 end=41286 ret=-116 fail=0 status=0x00000000 len=0 frames=0
DBG_GATEWAY_CH9_RX_CONT_ARM now=41288 rem=500 frames=0 errors=0
DBG_GATEWAY_CH9_RX_CONT_RESULT start=41288 end=41789 ret=-116 fail=0 status=0x00000000 len=0 frames=0
DBG_GATEWAY_CH9_RX_CONT_ARM now=41791 rem=500 frames=0 errors=0
DBG_GATEWAY_CH9_RX_CONT_RESULT start=41791 end=42292 ret=-116 fail=0 status=0x00000000 len=0 frames=0
DBG_GATEWAY_CH9_RX_CONT_ARM now=42294 rem=500 frames=0 errors=0
DBG_GATEWAY_CH9_RX_CONT_RESULT start=42294 end=42795 ret=-116 fail=0 status=0x00000000 len=0 frames=0
DBG_GATEWAY_CH9_RX_CONT_ARM now=42797 rem=500 frames=0 errors=0
DBG_GATEWAY_CH9_RX_CONT_RESULT start=42797 end=43298 ret=-116 fail=0 status=0x00000000 len=0 frames=0
DBG_GATEWAY_CH9_RX_CONT_ARM now=43300 rem=500 frames=0 errors=0
DBG_GATEWAY_CH9_RX_CONT_RESULT start=43300 end=43801 ret=-116 fail=0 status=0x00000000 len=0 frames=0
DBG_GATEWAY_CH9_RX_CONT_ARM now=43803 rem=500 frames=0 errors=0
DBG_GATEWAY_CH9_RX_CONT_RESULT start=43803 end=44304 ret=-116 fail=0 status=0x00000000 len=0 frames=0
DBG_GATEWAY_CH9_RX_CONT_ARM now=44306 rem=500 frames=0 errors=0
DBG_GATEWAY_CH9_RX_CONT_RESULT start=44306 end=44807 ret=-116 fail=0 status=0x00000000 len=0 frames=0
DBG_GATEWAY_CH9_RX_CONT_ARM now=44809 rem=500 frames=0 errors=0
DBG_GATEWAY_CH9_RX_CONT_RESULT start=44809 end=45310 ret=-116 fail=0 status=0x00000000 len=0 frames=0
DBG_GATEWAY_CH9_RX_CONT_ARM now=45312 rem=500 frames=0 errors=0
DBG_GATEWAY_CH9_RX_CONT_RESULT start=45312 end=45813 ret=-116 fail=0 status=0x00000000 len=0 frames=0
DBG_GATEWAY_CH9_RX_CONT_ARM now=45815 rem=500 frames=0 errors=0
DBG_GATEWAY_CH9_RX_CONT_RESULT start=45815 end=46316 ret=-116 fail=0 status=0x00000000 len=0 frames=0
DBG_GATEWAY_CH9_RX_CONT_ARM now=46318 rem=500 frames=0 errors=0
DBG_GATEWAY_CH9_RX_CONT_RESULT start=46318 end=46819 ret=-116 fail=0 status=0x00000000 len=0 frames=0
DBG_GATEWAY_CH9_RX_CONT_ARM now=46821 rem=500 frames=0 errors=0
DBG_GATEWAY_CH9_RX_CONT_RESULT start=46821 end=47322 ret=-116 fail=0 status=0x00000000 len=0 frames=0
DBG_GATEWAY_CH9_RX_CONT_ARM now=47324 rem=500 frames=0 errors=0
DBG_GATEWAY_CH9_RX_CONT_RESULT start=47324 end=47825 ret=-116 fail=0 status=0x00000000 len=0 frames=0
DBG_GATEWAY_CH9_RX_CONT_ARM now=47827 rem=500 frames=0 errors=0
DBG_GATEWAY_CH9_RX_CONT_RESULT start=47827 end=48328 ret=-116 fail=0 status=0x00000000 len=0 frames=0
DBG_GATEWAY_CH9_RX_CONT_ARM now=48330 rem=500 frames=0 errors=0
DBG_GATEWAY_CH9_RX_CONT_RESULT start=48330 end=48831 ret=-116 fail=0 status=0x00000000 len=0 frames=0
DBG_GATEWAY_CH9_RX_CONT_ARM now=48833 rem=500 frames=0 errors=0
DBG_GATEWAY_CH9_RX_CONT_RESULT start=48833 end=49334 ret=-116 fail=0 status=0x00000000 len=0 frames=0
DBG_GATEWAY_CH9_RX_CONT_ARM now=49336 rem=500 frames=0 errors=0
DBG_GATEWAY_CH9_RX_CONT_RESULT start=49336 end=49837 ret=-116 fail=0 status=0x00000000 len=0 frames=0
DBG_GATEWAY_CH9_RX_CONT_ARM now=49839 rem=500 frames=0 errors=0
DBG_GATEWAY_CH9_RX_CONT_RESULT start=49839 end=50340 ret=-116 fail=0 status=0x00000000 len=0 frames=0
DBG_GATEWAY_CH9_RX_CONT_ARM now=50342 rem=500 frames=0 errors=0
DBG_GATEWAY_CH9_RX_CONT_RESULT start=50342 end=50843 ret=-116 fail=0 status=0x00000000 len=0 frames=0
DBG_GATEWAY_CH9_RX_CONT_ARM now=50845 rem=500 frames=0 errors=0
DBG_GATEWAY_CH9_RX_CONT_RESULT start=50845 end=51346 ret=-116 fail=0 status=0x00000000 len=0 frames=0
DBG_GATEWAY_CH9_RX_CONT_ARM now=51348 rem=500 frames=0 errors=0
DBG_GATEWAY_CH9_RX_CONT_RESULT start=51348 end=51849 ret=-116 fail=0 status=0x00000000 len=0 frames=0
DBG_GATEWAY_CH9_RX_CONT_ARM now=51851 rem=500 frames=0 errors=0
DBG_GATEWAY_CH9_RX_CONT_RESULT start=51851 end=52352 ret=-116 fail=0 status=0x00000000 len=0 frames=0
DBG_GATEWAY_CH9_RX_CONT_ARM now=52354 rem=500 frames=0 errors=0
DBG_GATEWAY_CH9_RX_CONT_RESULT start=52354 end=52855 ret=-116 fail=0 status=0x00000000 len=0 frames=0
DBG_GATEWAY_CH9_RX_CONT_ARM now=52857 rem=500 frames=0 errors=0
DBG_GATEWAY_CH9_RX_CONT_RESULT start=52857 end=53358 ret=-116 fail=0 status=0x00000000 len=0 frames=0
DBG_GATEWAY_CH9_RX_CONT_ARM now=53360 rem=500 frames=0 errors=0
DBG_GATEWAY_CH9_RX_CONT_RESULT start=53360 end=53861 ret=-116 fail=0 status=0x00000000 len=0 frames=0
DBG_GATEWAY_CH9_RX_CONT_ARM now=53863 rem=500 frames=0 errors=0
DBG_GATEWAY_CH9_RX_CONT_RESULT start=53863 end=54364 ret=-116 fail=0 status=0x00000000 len=0 frames=0
DBG_GATEWAY_CH9_RX_CONT_ARM now=54366 rem=500 frames=0 errors=0
DBG_GATEWAY_BLE event=connected err=0 uptime=54470
DBG_GATEWAY_BLE event=param-request ret=0 interval=24-40 latency=0 timeout_ms=12000 uptime=54470
DBG_GATEWAY_CH9_RX_CONT_RESULT start=54366 end=54867 ret=-116 fail=0 status=0x00000000 len=0 frames=0
DBG_GATEWAY_CH9_RX_CONT_ARM now=54869 rem=500 frames=0 errors=0
DBG_GATEWAY_CH9_RX_CONT_RESULT start=54869 end=55370 ret=-116 fail=0 status=0x00000000 len=0 frames=0
DBG_GATEWAY_CH9_RX_CONT_ARM now=55372 rem=500 frames=0 errors=0
DBG_GATEWAY_CH9_RX_CONT_RESULT start=55372 end=55873 ret=-116 fail=0 status=0x00000000 len=0 frames=0
DBG_GATEWAY_CH9_RX_CONT_ARM now=55875 rem=500 frames=0 errors=0
DBG_GATEWAY_CH9_RX_CONT_RESULT start=55875 end=56376 ret=-116 fail=0 status=0x00000000 len=0 frames=0
DBG_GATEWAY_CH9_RX_CONT_ARM now=56378 rem=500 frames=0 errors=0
DBG_GATEWAY_BLE event=param-updated interval=36 latency=0 timeout_ms=420 uptime=56557
DBG_GATEWAY_CH9_RX_CONT_RESULT start=56378 end=56879 ret=-116 fail=0 status=0x00000000 len=0 frames=0
DBG_GATEWAY_CH9_RX_CONT_ARM now=56881 rem=500 frames=0 errors=0
DBG_GATEWAY_CH9_RX_CONT_RESULT start=56881 end=57382 ret=-116 fail=0 status=0x00000000 len=0 frames=0
DBG_GATEWAY_CH9_RX_CONT_ARM now=57384 rem=500 frames=0 errors=0
DBG_GATEWAY_CH9_RX_CONT_RESULT start=57384 end=57885 ret=-116 fail=0 status=0x00000000 len=0 frames=0
DBG_GATEWAY_CH9_RX_CONT_ARM now=57887 rem=500 frames=0 errors=0
DBG_GATEWAY_CH9_RX_CONT_RESULT start=57887 end=58388 ret=-116 fail=0 status=0x00000000 len=0 frames=0
DBG_GATEWAY_CH9_RX_CONT_ARM now=58390 rem=500 frames=0 errors=0
DBG_GATEWAY_BLE event=disconnected reason=19 uptime=58807
DBG_GATEWAY_BLE event=recovery round=1 delay_ms=283 reason=disconnected uptime=58807
DBG_GATEWAY_CH9_RX_CONT_RESULT start=58390 end=58891 ret=-116 fail=0 status=0x00000000 len=0 frames=0
DBG_GATEWAY_CH9_RX_CONT_ARM now=58893 rem=500 frames=0 errors=0
DBG_GATEWAY_BLE event=connected err=0 uptime=59204
DBG_GATEWAY_BLE event=param-request ret=0 interval=24-40 latency=0 timeout_ms=12000 uptime=59204
DBG_GATEWAY_CH9_RX_CONT_RESULT start=58893 end=59394 ret=-116 fail=0 status=0x00000000 len=0 frames=0
DBG_GATEWAY_CH9_RX_CONT_ARM now=59396 rem=500 frames=0 errors=0
DBG_GATEWAY_CH9_RX_CONT_RESULT start=59396 end=59897 ret=-116 fail=0 status=0x00000000 len=0 frames=0
DBG_GATEWAY_CH9_RX_CONT_ARM now=59899 rem=500 frames=0 errors=0
DBG_GATEWAY_COMMAND_PRIORITY_SUBMIT ret=0 now=60069
DBG_STACK_RUN_BEGIN epoch=13370222513784847366 run=1 kind=ble_backpressure owner=system_workqueue queue=1 custody=1 credit=0 retry=0 drain=1 src=11068027678940948070 dst=11068027678940948070 session=49545217 seq=1 type=86 sequence=0 previous=0 uptime=60069
DBG_STACK_SAMPLE_BEGIN epoch=13370222513784847366 run=1 sample=1 kind=ble_backpressure owner=system_workqueue queue=1 custody=1 credit=0 retry=0 drain=1 src=11068027678940948070 dst=11068027678940948070 session=49545217 seq=1 type=86 uptime=60070
DBG_STACK_ISR_CONFIG size=8192 run=1 sample=1
DBG_STACK name=BT RX WQ tid=0x2000fe28 used=760 free=776 size=1536 ret=0 run=1 sample=1
DBG_STACK name=mesh_route tid=0x2000d560 used=2264 free=5928 size=8192 ret=0 run=1 sample=1
DBG_STACK name=sysworkq tid=0x20010d80 used=2304 free=2176 size=4480 ret=0 run=1 sample=1
DBG_STACK name=MPSL Work tid=0x20010b38 used=360 free=664 size=1024 ret=0 run=1 sample=1
DBG_STACK name=logging tid=0x2000f930 used=480 free=1568 size=2048 ret=0 run=1 sample=1
DBG_STACK name=idle tid=0x20010c10 used=64 free=256 size=320 ret=0 run=1 sample=1
DBG_STACK_SAMPLE_END run=1 sample=1
DBG_STACK_RUN_END epoch=13370222513784847366 run=1 kind=ble_backpressure owner=system_workqueue outcome=ack queue=2 custody=0 credit=1 retry=0 drain=2 src=11068027678940948070 dst=11068027678940948070 session=49545217 seq=1 type=86 samples=1 sequence=0 previous=0 uptime=60079
DBG_WAKE_TRAIN_CONFIG_BEGIN
DBG_DWM_INVALIDATE tag=configure_radio_from_reset active_phy=2 configured=1 awake=0
DBG_DWM_MARK_UNCONFIGURED tag=initialise_radio prev_phy=0
DBG_WAKE_TRAIN_CONFIG_OK
DBG_WAKE_TRAIN_FIRST_SEND_BEGIN
DBG_WAKE_TRAIN_FIRST_SEND_OK
DBG_UWB_TX_CH5
DBG_TX_WAKE_CLAIM_SENT
DBG_UWB_TX_CH5
DBG_TX_WAKE_CLAIM_SENT
DBG_STACK_RUN_BEGIN epoch=13370222513784847366 run=2 kind=ble_backpressure owner=system_workqueue queue=1 custody=1 credit=0 retry=0 drain=1 src=11068027678940948070 dst=11068027678940948070 session=49545218 seq=2 type=86 sequence=0 previous=0 uptime=60159
DBG_STACK_SAMPLE_BEGIN epoch=13370222513784847366 run=2 sample=2 kind=ble_backpressure owner=system_workqueue queue=1 custody=1 credit=0 retry=0 drain=1 src=11068027678940948070 dst=11068027678940948070 session=49545218 seq=2 type=86 uptime=60159
DBG_STACK_ISR_CONFIG size=8192 run=2 sample=2
DBG_STACK name=BT RX WQ tid=0x2000fe28 used=760 free=776 size=1536 ret=0 run=2 sample=2
DBG_STACK name=mesh_route tid=0x2000d560 used=2264 free=5928 size=8192 ret=0 run=2 sample=2
DBG_STACK name=sysworkq tid=0x20010d80 used=2304 free=2176 size=4480 ret=0 run=2 sample=2
DBG_STACK name=MPSL Work tid=0x20010b38 used=360 free=664 size=1024 ret=0 run=2 sample=2
DBG_STACK name=logging tid=0x2000f930 used=480 free=1568 size=2048 ret=0 run=2 sample=2
DBG_STACK name=idle tid=0x20010c10 used=64 free=256 size=320 ret=0 run=2 sample=2
DBG_STACK_SAMPLE_END run=2 sample=2
DBG_STACK_RUN_END epoch=13370222513784847366 run=2 kind=ble_backpressure owner=system_workqueue outcome=ack queue=1 custody=0 credit=1 retry=0 drain=1 src=11068027678940948070 dst=11068027678940948070 session=49545218 seq=2 type=86 samples=1 sequence=0 previous=0 uptime=60172
DBG_UWB_TX_CH5
DBG_TX_WAKE_CLAIM_SENT
DBG_UWB_TX_CH5
DBG_TX_WAKE_CLAIM_SENT
DBG_UWB_TX_CH5
DBG_TX_WAKE_CLAIM_SENT
DBG_UWB_TX_CH5
DBG_TX_WAKE_CLAIM_SENT
DBG_UWB_TX_CH5
DBG_TX_WAKE_CLAIM_SENT
DBG_UWB_TX_CH5
DBG_TX_WAKE_CLAIM_SENT
DBG_UWB_TX_CH5
DBG_TX_WAKE_CLAIM_SENT
DBG_UWB_TX_CH5
DBG_TX_WAKE_CLAIM_SENT
DBG_UWB_TX_CH5
DBG_TX_WAKE_CLAIM_SENT
DBG_UWB_TX_CH5
DBG_TX_WAKE_CLAIM_SENT
DBG_UWB_TX_CH5
DBG_TX_WAKE_CLAIM_SENT
DBG_UWB_TX_CH5
DBG_TX_WAKE_CLAIM_SENT
DBG_UWB_TX_CH5
DBG_TX_WAKE_CLAIM_SENT
DBG_UWB_TX_CH5
DBG_TX_WAKE_CLAIM_SENT
DBG_UWB_TX_CH5
DBG_TX_WAKE_CLAIM_SENT
DBG_UWB_TX_CH5
DBG_TX_WAKE_CLAIM_SENT
DBG_UWB_TX_CH5
DBG_TX_WAKE_CLAIM_SENT
DBG_UWB_TX_CH5
DBG_TX_WAKE_CLAIM_SENT
DBG_UWB_TX_CH5
DBG_TX_WAKE_CLAIM_SENT
DBG_UWB_TX_CH5
DBG_TX_WAKE_CLAIM_SENT
DBG_UWB_TX_CH5
DBG_TX_WAKE_CLAIM_SENT
DBG_UWB_TX_CH5
DBG_TX_WAKE_CLAIM_SENT
DBG_UWB_TX_CH5
DBG_TX_WAKE_CLAIM_SENT
DBG_UWB_TX_CH5
DBG_TX_WAKE_CLAIM_SENT
DBG_UWB_TX_CH5
DBG_TX_WAKE_CLAIM_SENT
DBG_UWB_TX_CH5
DBG_TX_WAKE_CLAIM_SENT
DBG_UWB_TX_CH5
DBG_TX_WAKE_CLAIM_SENT
DBG_UWB_TX_CH5
DBG_TX_WAKE_CLAIM_SENT
DBG_UWB_TX_CH5
DBG_TX_WAKE_CLAIM_SENT
DBG_UWB_TX_CH5
DBG_TX_WAKE_CLAIM_SENT
DBG_UWB_TX_CH5
DBG_TX_WAKE_CLAIM_SENT
DBG_UWB_TX_CH5
DBG_TX_WAKE_CLAIM_SENT
DBG_UWB_TX_CH5
DBG_TX_WAKE_CLAIM_SENT
DBG_UWB_TX_CH5
DBG_TX_WAKE_CLAIM_SENT
DBG_UWB_TX_CH5
DBG_TX_WAKE_CLAIM_SENT
DBG_UWB_TX_CH5
DBG_TX_WAKE_CLAIM_SENT
DBG_UWB_TX_CH5
DBG_TX_WAKE_CLAIM_SENT
DBG_UWB_TX_CH5
DBG_TX_WAKE_CLAIM_SENT
DBG_UWB_TX_CH5
DBG_TX_WAKE_CLAIM_SENT
DBG_UWB_TX_CH5
DBG_TX_WAKE_CLAIM_SENT
DBG_UWB_TX_CH5
DBG_TX_WAKE_CLAIM_SENT
DBG_UWB_TX_CH5
DBG_TX_WAKE_CLAIM_SENT
DBG_UWB_TX_CH5
DBG_TX_WAKE_CLAIM_SENT
DBG_UWB_TX_CH5
DBG_TX_WAKE_CLAIM_SENT
DBG_UWB_TX_CH5
DBG_TX_WAKE_CLAIM_SENT
DBG_UWB_TX_CH5
DBG_TX_WAKE_CLAIM_SENT
DBG_UWB_TX_CH5
DBG_TX_WAKE_CLAIM_SENT
DBG_UWB_TX_CH5
DBG_TX_WAKE_CLAIM_SENT
DBG_UWB_TX_CH5
DBG_TX_WAKE_CLAIM_SENT
DBG_UWB_TX_CH5
DBG_TX_WAKE_CLAIM_SENT
DBG_UWB_TX_CH5
DBG_TX_WAKE_CLAIM_SENT
DBG_UWB_TX_CH5
DBG_TX_WAKE_CLAIM_SENT
DBG_UWB_TX_CH5
DBG_TX_WAKE_CLAIM_SENT
DBG_UWB_TX_CH5
DBG_TX_WAKE_CLAIM_SENT
DBG_UWB_TX_CH5
DBG_TX_WAKE_CLAIM_SENT
DBG_UWB_TX_CH5
DBG_TX_WAKE_CLAIM_SENT
DBG_UWB_TX_CH5
DBG_TX_WAKE_CLAIM_SENT
DBG_DWM_INVALIDATE tag=configure_radio_from_reset active_phy=2 configured=1 awake=1
DBG_DWM_MARK_UNCONFIGURED tag=initialise_radio prev_phy=0
DBG_DWM_INVALIDATE tag=configure_radio_from_reset active_phy=2 configured=1 awake=0
DBG_DWM_MARK_UNCONFIGURED tag=initialise_radio prev_phy=0
DBG_DWM_INVALIDATE tag=configure_radio_from_reset active_phy=2 configured=1 awake=0
DBG_DWM_MARK_UNCONFIGURED tag=initialise_radio prev_phy=0
DBG_DWM_WAKE_MESH_CTRL_OK sfd=4073
DBG_C5_TX_CONFIG ret=0 ext=1 len=178 msg=3c reason=bounded-c5-flood
DBG_UWB_TX_CH5
DBG_DWM_INVALIDATE tag=configure_radio_from_reset active_phy=4 configured=1 awake=0
DBG_DWM_MARK_UNCONFIGURED tag=initialise_radio prev_phy=0
DBG_DWM_WAKE_MESH_CTRL_OK sfd=4073
DBG_DWM_INVALIDATE tag=configure_radio_from_reset active_phy=4 configured=1 awake=0
DBG_DWM_MARK_UNCONFIGURED tag=initialise_radio prev_phy=0
DBG_DWM_INVALIDATE tag=configure_radio_from_reset active_phy=2 configured=1 awake=0
DBG_DWM_MARK_UNCONFIGURED tag=initialise_radio prev_phy=0
DBG_DWM_WAKE_MESH_CTRL_OK sfd=4073
DBG_C5_TX_CONFIG ret=0 ext=1 len=178 msg=3c reason=bounded-c5-flood
DBG_UWB_TX_CH5
DBG_DWM_INVALIDATE tag=configure_radio_from_reset active_phy=4 configured=1 awake=0
DBG_DWM_MARK_UNCONFIGURED tag=initialise_radio prev_phy=0
DBG_DWM_WAKE_MESH_CTRL_OK sfd=4073
DBG_DWM_INVALIDATE tag=configure_radio_from_reset active_phy=4 configured=1 awake=0
DBG_DWM_MARK_UNCONFIGURED tag=initialise_radio prev_phy=0
DBG_DWM_INVALIDATE tag=configure_radio_from_reset active_phy=2 configured=1 awake=0
DBG_DWM_MARK_UNCONFIGURED tag=initialise_radio prev_phy=0
DBG_DWM_WAKE_MESH_CTRL_OK sfd=4073
DBG_C5_TX_CONFIG ret=0 ext=1 len=178 msg=3c reason=bounded-c5-flood
DBG_UWB_TX_CH5
DBG_DWM_INVALIDATE tag=configure_radio_from_reset active_phy=4 configured=1 awake=0
DBG_DWM_MARK_UNCONFIGURED tag=initialise_radio prev_phy=0
DBG_DWM_WAKE_MESH_CTRL_OK sfd=4073
DBG_DWM_INVALIDATE tag=configure_radio_from_reset active_phy=4 configured=1 awake=0
DBG_DWM_MARK_UNCONFIGURED tag=initialise_radio prev_phy=0
DBG_DWM_INVALIDATE tag=configure_radio_from_reset active_phy=2 configured=1 awake=0
DBG_DWM_MARK_UNCONFIGURED tag=initialise_radio prev_phy=0
DBG_DWM_WAKE_MESH_CTRL_OK sfd=4073
DBG_C5_TX_CONFIG ret=0 ext=1 len=178 msg=3c reason=bounded-c5-flood
DBG_UWB_TX_CH5
DBG_GATEWAY_RX_START reason=gateway mesh restart active=1 qrx=0 qtx=0 adv_due=0
DBG_STACK_RUN_BEGIN epoch=13370222513784847366 run=3 kind=ble_backpressure owner=system_workqueue queue=1 custody=1 credit=0 retry=0 drain=1 src=11068027678940948070 dst=11068027678940948070 session=49545220 seq=4 type=86 sequence=0 previous=0 uptime=60995
DBG_STACK_SAMPLE_BEGIN epoch=13370222513784847366 run=3 sample=3 kind=ble_backpressure owner=system_workqueue queue=1 custody=1 credit=0 retry=0 drain=1 src=11068027678940948070 dst=11068027678940948070 session=49545220 seq=4 type=86 uptime=60995
DBG_STACK_ISR_CONFIG size=8192 run=3 sample=3
DBG_STACK name=BT RX WQ tid=0x2000fe28 used=760 free=776 size=1536 ret=0 run=3 sample=3
DBG_STACK name=mesh_route tid=0x2000d560 used=4328 free=3864 size=8192 ret=0 run=3 sample=3
DBG_STACK name=sysworkq tid=0x20010d80 used=2304 free=2176 size=4480 ret=0 run=3 sample=3
DBG_STACK name=MPSL Work tid=0x20010b38 used=360 free=664 size=1024 ret=0 run=3 sample=3
DBG_STACK name=logging tid=0x2000f930 used=480 free=1568 size=2048 ret=0 run=3 sample=3
DBG_STACK name=idle tid=0x20010c10 used=64 free=256 size=320 ret=0 run=3 sample=3
DBG_STACK_SAMPLE_END run=3 sample=3
DBG_STACK_RUN_END epoch=13370222513784847366 run=3 kind=ble_backpressure owner=system_workqueue outcome=ack queue=1 custody=0 credit=1 retry=0 drain=1 src=11068027678940948070 dst=11068027678940948070 session=49545220 seq=4 type=86 samples=1 sequence=0 previous=0 uptime=61010
DBG_DWM_MARK_UNCONFIGURED tag=initialise_radio prev_phy=0
DBG_GATEWAY_CH9_RX_CONT_ARM now=61024 rem=500 frames=0 errors=0
DBG_GATEWAY_CH9_RX_CONT_RESULT start=61024 end=61525 ret=-116 fail=0 status=0x02000000 len=0 frames=0
DBG_GATEWAY_CH9_RX_CONT_CAP now=61527 win=12168 adv_wait=12168 due=73695
DBG_GATEWAY_CH9_RX_CONT_ARM now=61527 rem=500 frames=0 errors=0
DBG_GATEWAY_CH9_RX_CONT_RESULT start=61527 end=62028 ret=-116 fail=0 status=0x00000000 len=0 frames=0
DBG_GATEWAY_CH9_RX_CONT_CAP now=62030 win=11665 adv_wait=11665 due=73695
DBG_GATEWAY_CH9_RX_CONT_ARM now=62030 rem=500 frames=0 errors=0
DBG_GATEWAY_CH9_RX_CONT_RESULT start=62030 end=62531 ret=-116 fail=0 status=0x00000000 len=0 frames=0
DBG_GATEWAY_CH9_RX_CONT_CAP now=62533 win=11162 adv_wait=11162 due=73695
DBG_GATEWAY_CH9_RX_CONT_ARM now=62533 rem=500 frames=0 errors=0
DBG_GATEWAY_CH9_RX_CONT_RESULT start=62533 end=63034 ret=-116 fail=0 status=0x00000000 len=0 frames=0
DBG_GATEWAY_CH9_RX_CONT_CAP now=63036 win=10659 adv_wait=10659 due=73695
DBG_GATEWAY_CH9_RX_CONT_ARM now=63036 rem=500 frames=0 errors=0
DBG_GATEWAY_CH9_RX_CONT_RESULT start=63036 end=63537 ret=-116 fail=0 status=0x00000000 len=0 frames=0
DBG_GATEWAY_CH9_RX_CONT_CAP now=63539 win=10156 adv_wait=10156 due=73695
DBG_GATEWAY_CH9_RX_CONT_ARM now=63539 rem=500 frames=0 errors=0
DBG_GATEWAY_CH9_RX_CONT_RESULT start=63539 end=64040 ret=-116 fail=0 status=0x00000000 len=0 frames=0
DBG_GATEWAY_CH9_RX_CONT_CAP now=64042 win=9653 adv_wait=9653 due=73695
DBG_GATEWAY_CH9_RX_CONT_ARM now=64042 rem=500 frames=0 errors=0
DBG_GATEWAY_BLE event=param-updated interval=36 latency=0 timeout_ms=12000 uptime=64522
DBG_GATEWAY_CH9_RX_CONT_RESULT start=64042 end=64543 ret=-116 fail=0 status=0x00000000 len=0 frames=0
DBG_GATEWAY_CH9_RX_CONT_CAP now=64545 win=9150 adv_wait=9150 due=73695
DBG_GATEWAY_CH9_RX_CONT_ARM now=64545 rem=500 frames=0 errors=0
DBG_GATEWAY_CH9_RX_CONT_RESULT start=64545 end=65046 ret=-116 fail=0 status=0x00000000 len=0 frames=0
DBG_GATEWAY_CH9_RX_CONT_CAP now=65048 win=8647 adv_wait=8647 due=73695
DBG_GATEWAY_CH9_RX_CONT_ARM now=65048 rem=500 frames=0 errors=0
DBG_GATEWAY_CH9_RX_CONT_RESULT start=65048 end=65549 ret=-116 fail=0 status=0x00000000 len=0 frames=0
DBG_GATEWAY_CH9_RX_CONT_CAP now=65551 win=8144 adv_wait=8144 due=73695
DBG_GATEWAY_CH9_RX_CONT_ARM now=65551 rem=500 frames=0 errors=0
DBG_GATEWAY_CH9_RX_CONT_RESULT start=65551 end=66052 ret=-116 fail=0 status=0x00000000 len=0 frames=0
DBG_GATEWAY_CH9_RX_CONT_CAP now=66054 win=7641 adv_wait=7641 due=73695
DBG_GATEWAY_CH9_RX_CONT_ARM now=66054 rem=500 frames=0 errors=0
DBG_GATEWAY_CH9_RX_CONT_RESULT start=66054 end=66555 ret=-116 fail=0 status=0x00000000 len=0 frames=0
DBG_GATEWAY_CH9_RX_CONT_CAP now=66557 win=7138 adv_wait=7138 due=73695
DBG_GATEWAY_CH9_RX_CONT_ARM now=66557 rem=500 frames=0 errors=0
DBG_GATEWAY_CH9_RX_CONT_RESULT start=66557 end=67058 ret=-116 fail=0 status=0x00000000 len=0 frames=0
DBG_GATEWAY_CH9_RX_CONT_CAP now=67060 win=6635 adv_wait=6635 due=73695
DBG_GATEWAY_CH9_RX_CONT_ARM now=67060 rem=500 frames=0 errors=0
DBG_GATEWAY_CH9_RX_CONT_RESULT start=67060 end=67561 ret=-116 fail=0 status=0x00000000 len=0 frames=0
DBG_GATEWAY_CH9_RX_CONT_CAP now=67563 win=6132 adv_wait=6132 due=73695
DBG_GATEWAY_CH9_RX_CONT_ARM now=67563 rem=500 frames=0 errors=0
DBG_GATEWAY_CH9_RX_CONT_RESULT start=67563 end=68064 ret=-116 fail=0 status=0x00000000 len=0 frames=0
DBG_GATEWAY_CH9_RX_CONT_CAP now=68066 win=5629 adv_wait=5629 due=73695
DBG_GATEWAY_CH9_RX_CONT_ARM now=68066 rem=500 frames=0 errors=0
DBG_GATEWAY_CH9_RX_CONT_RESULT start=68066 end=68567 ret=-116 fail=0 status=0x00000000 len=0 frames=0
DBG_GATEWAY_CH9_RX_CONT_CAP now=68569 win=5126 adv_wait=5126 due=73695
DBG_GATEWAY_CH9_RX_CONT_ARM now=68569 rem=500 frames=0 errors=0
DBG_GATEWAY_CH9_RX_CONT_RESULT start=68569 end=69070 ret=-116 fail=0 status=0x00000000 len=0 frames=0
DBG_GATEWAY_CH9_RX_CONT_CAP now=69072 win=4623 adv_wait=4623 due=73695
DBG_GATEWAY_CH9_RX_CONT_ARM now=69072 rem=500 frames=0 errors=0
DBG_GATEWAY_CH9_RX_CONT_RESULT start=69072 end=69573 ret=-116 fail=0 status=0x00000000 len=0 frames=0
DBG_GATEWAY_CH9_RX_CONT_CAP now=69575 win=4120 adv_wait=4120 due=73695
DBG_GATEWAY_CH9_RX_CONT_ARM now=69575 rem=500 frames=0 errors=0
DBG_GATEWAY_CH9_RX_CONT_RESULT start=69575 end=70076 ret=-116 fail=0 status=0x00000000 len=0 frames=0
DBG_GATEWAY_CH9_RX_CONT_CAP now=70078 win=3617 adv_wait=3617 due=73695
DBG_GATEWAY_CH9_RX_CONT_ARM now=70078 rem=500 frames=0 errors=0
DBG_GATEWAY_CH9_RX_CONT_RESULT start=70078 end=70579 ret=-116 fail=0 status=0x00000000 len=0 frames=0
DBG_GATEWAY_CH9_RX_CONT_CAP now=70581 win=3114 adv_wait=3114 due=73695
DBG_GATEWAY_CH9_RX_CONT_ARM now=70581 rem=500 frames=0 errors=0
DBG_GATEWAY_CH9_RX_CONT_RESULT start=70581 end=71082 ret=-116 fail=0 status=0x00000000 len=0 frames=0
DBG_GATEWAY_CH9_RX_CONT_CAP now=71084 win=2611 adv_wait=2611 due=73695
DBG_GATEWAY_CH9_RX_CONT_ARM now=71084 rem=500 frames=0 errors=0
DBG_GATEWAY_CH9_RX_CONT_RESULT start=71084 end=71585 ret=-116 fail=0 status=0x00000000 len=0 frames=0
DBG_GATEWAY_CH9_RX_CONT_CAP now=71587 win=2108 adv_wait=2108 due=73695
DBG_GATEWAY_CH9_RX_CONT_ARM now=71587 rem=500 frames=0 errors=0
DBG_GATEWAY_CH9_RX_CONT_RESULT start=71587 end=72088 ret=-116 fail=0 status=0x00000000 len=0 frames=0
DBG_GATEWAY_CH9_RX_CONT_CAP now=72090 win=1605 adv_wait=1605 due=73695
DBG_GATEWAY_CH9_RX_CONT_ARM now=72090 rem=500 frames=0 errors=0
DBG_GATEWAY_CH9_RX_CONT_RESULT start=72090 end=72591 ret=-116 fail=0 status=0x00000000 len=0 frames=0
DBG_GATEWAY_CH9_RX_CONT_CAP now=72593 win=1102 adv_wait=1102 due=73695
DBG_GATEWAY_CH9_RX_CONT_ARM now=72593 rem=500 frames=0 errors=0
DBG_GATEWAY_CH9_RX_CONT_RESULT start=72593 end=73094 ret=-116 fail=0 status=0x00000000 len=0 frames=0
DBG_GATEWAY_CH9_RX_CONT_CAP now=73096 win=599 adv_wait=599 due=73695
DBG_GATEWAY_CH9_RX_CONT_ARM now=73096 rem=500 frames=0 errors=0
DBG_GATEWAY_CH9_RX_CONT_RESULT start=73096 end=73597 ret=-116 fail=0 status=0x00000000 len=0 frames=0
DBG_GATEWAY_CH9_RX_CONT_CAP now=73599 win=96 adv_wait=96 due=73695
DBG_GATEWAY_CH9_RX_CONT_ARM now=73599 rem=96 frames=0 errors=0
DBG_GATEWAY_CH9_RX_CONT_RESULT start=73599 end=73696 ret=-116 fail=0 status=0x00000000 len=0 frames=0
DBG_GATEWAY_CH9_RX_DONE_YIELD_ADV now=73697 due=73695
DBG_STACK_RUN_BEGIN epoch=13370222513784847366 run=4 kind=ble_backpressure owner=system_workqueue queue=1 custody=1 credit=0 retry=0 drain=1 src=11068027678940948070 dst=11068027678940948070 session=1662106435 seq=47939 type=65 sequence=0 previous=0 uptime=73697
DBG_STACK_SAMPLE_BEGIN epoch=13370222513784847366 run=4 sample=4 kind=ble_backpressure owner=system_workqueue queue=1 custody=1 credit=0 retry=0 drain=1 src=11068027678940948070 dst=11068027678940948070 session=1662106435 seq=47939 type=65 uptime=73698
DBG_STACK_ISR_CONFIG size=8192 run=4 sample=4
DBG_STACK name=BT RX WQ tid=0x2000fe28 used=760 free=776 size=1536 ret=0 run=4 sample=4
DBG_STACK name=mesh_route tid=0x2000d560 used=4328 free=3864 size=8192 ret=0 run=4 sample=4
DBG_STACK name=sysworkq tid=0x20010d80 used=2304 free=2176 size=4480 ret=0 run=4 sample=4
DBG_STACK name=MPSL Work tid=0x20010b38 used=360 free=664 size=1024 ret=0 run=4 sample=4
DBG_STACK name=logging tid=0x2000f930 used=480 free=1568 size=2048 ret=0 run=4 sample=4
DBG_STACK name=idle tid=0x20010c10 used=64 free=256 size=320 ret=0 run=4 sample=4
DBG_STACK_SAMPLE_END run=4 sample=4
DBG_STACK_RUN_END epoch=13370222513784847366 run=4 kind=ble_backpressure owner=system_workqueue outcome=ack queue=2 custody=0 credit=1 retry=0 drain=2 src=11068027678940948070 dst=11068027678940948070 session=1662106435 seq=47939 type=65 samples=1 sequence=0 previous=0 uptime=73725
DBG_STACK_RUN_BEGIN epoch=13370222513784847366 run=5 kind=ble_backpressure owner=system_workqueue queue=1 custody=1 credit=0 retry=0 drain=1 src=11068027678940948070 dst=11068027678940948070 session=49545221 seq=5 type=86 sequence=0 previous=0 uptime=73793
DBG_STACK_SAMPLE_BEGIN epoch=13370222513784847366 run=5 sample=5 kind=ble_backpressure owner=system_workqueue queue=1 custody=1 credit=0 retry=0 drain=1 src=11068027678940948070 dst=11068027678940948070 session=49545221 seq=5 type=86 uptime=73794
DBG_STACK_ISR_CONFIG size=8192 run=5 sample=5
DBG_STACK name=BT RX WQ tid=0x2000fe28 used=760 free=776 size=1536 ret=0 run=5 sample=5
DBG_STACK name=mesh_route tid=0x2000d560 used=4328 free=3864 size=8192 ret=0 run=5 sample=5
DBG_STACK name=sysworkq tid=0x20010d80 used=2304 free=2176 size=4480 ret=0 run=5 sample=5
DBG_STACK name=MPSL Work tid=0x20010b38 used=360 free=664 size=1024 ret=0 run=5 sample=5
DBG_STACK name=logging tid=0x2000f930 used=480 free=1568 size=2048 ret=0 run=5 sample=5
DBG_STACK name=idle tid=0x20010c10 used=64 free=256 size=320 ret=0 run=5 sample=5
DBG_STACK_SAMPLE_END run=5 sample=5
DBG_STACK_RUN_END epoch=13370222513784847366 run=5 kind=ble_backpressure owner=system_workqueue outcome=ack queue=1 custody=0 credit=1 retry=0 drain=1 src=11068027678940948070 dst=11068027678940948070 session=49545221 seq=5 type=86 samples=1 sequence=0 previous=0 uptime=73811
DBG_GATEWAY_COMMAND_PRIORITY_SUBMIT ret=0 now=73974
DBG_STACK_RUN_BEGIN epoch=13370222513784847366 run=6 kind=ble_backpressure owner=system_workqueue queue=1 custody=1 credit=0 retry=0 drain=1 src=11068027678940948070 dst=11068027678940948070 session=49545222 seq=6 type=86 sequence=0 previous=0 uptime=73974
DBG_STACK_SAMPLE_BEGIN epoch=13370222513784847366 run=6 sample=6 kind=ble_backpressure owner=system_workqueue queue=1 custody=1 credit=0 retry=0 drain=1 src=11068027678940948070 dst=11068027678940948070 session=49545222 seq=6 type=86 uptime=73974
DBG_STACK_ISR_CONFIG size=8192 run=6 sample=6
DBG_STACK name=BT RX WQ tid=0x2000fe28 used=760 free=776 size=1536 ret=0 run=6 sample=6
DBG_STACK name=mesh_route tid=0x2000d560 used=4328 free=3864 size=8192 ret=0 run=6 sample=6
DBG_STACK name=sysworkq tid=0x20010d80 used=2304 free=2176 size=4480 ret=0 run=6 sample=6
DBG_STACK name=MPSL Work tid=0x20010b38 used=360 free=664 size=1024 ret=0 run=6 sample=6
DBG_STACK name=logging tid=0x2000f930 used=480 free=1568 size=2048 ret=0 run=6 sample=6
DBG_STACK name=idle tid=0x20010c10 used=64 free=256 size=320 ret=0 run=6 sample=6
DBG_STACK_SAMPLE_END run=6 sample=6
DBG_STACK_RUN_END epoch=13370222513784847366 run=6 kind=ble_backpressure owner=system_workqueue outcome=ack queue=3 custody=0 credit=1 retry=0 drain=3 src=11068027678940948070 dst=11068027678940948070 session=49545222 seq=6 type=86 samples=1 sequence=0 previous=0 uptime=74000
DBG_STACK_RUN_BEGIN epoch=13370222513784847366 run=7 kind=ble_backpressure owner=system_workqueue queue=2 custody=2 credit=0 retry=0 drain=2 src=11068027678940948070 dst=11068027678940948070 session=49545223 seq=7 type=86 sequence=0 previous=0 uptime=74064
DBG_STACK_SAMPLE_BEGIN epoch=13370222513784847366 run=7 sample=7 kind=ble_backpressure owner=system_workqueue queue=2 custody=2 credit=0 retry=0 drain=2 src=11068027678940948070 dst=11068027678940948070 session=49545223 seq=7 type=86 uptime=74064
DBG_STACK_ISR_CONFIG size=8192 run=7 sample=7
DBG_STACK name=BT RX WQ tid=0x2000fe28 used=760 free=776 size=1536 ret=0 run=7 sample=7
DBG_STACK name=mesh_route tid=0x2000d560 used=4328 free=3864 size=8192 ret=0 run=7 sample=7
DBG_STACK name=sysworkq tid=0x20010d80 used=2304 free=2176 size=4480 ret=0 run=7 sample=7
DBG_STACK name=MPSL Work tid=0x20010b38 used=360 free=664 size=1024 ret=0 run=7 sample=7
DBG_STACK name=logging tid=0x2000f930 used=480 free=1568 size=2048 ret=0 run=7 sample=7
DBG_STACK name=idle tid=0x20010c10 used=64 free=256 size=320 ret=0 run=7 sample=7
DBG_STACK_SAMPLE_END run=7 sample=7
DBG_STACK_RUN_END epoch=13370222513784847366 run=7 kind=ble_backpressure owner=system_workqueue outcome=ack queue=2 custody=0 credit=1 retry=0 drain=2 src=11068027678940948070 dst=11068027678940948070 session=49545223 seq=7 type=86 samples=1 sequence=0 previous=0 uptime=74074
DBG_STACK_RUN_BEGIN epoch=13370222513784847366 run=8 kind=ble_backpressure owner=system_workqueue queue=1 custody=1 credit=0 retry=0 drain=1 src=11068027678940948070 dst=11068027678940948070 session=49545225 seq=9 type=86 sequence=0 previous=0 uptime=74154
DBG_STACK_SAMPLE_BEGIN epoch=13370222513784847366 run=8 sample=8 kind=ble_backpressure owner=system_workqueue queue=1 custody=1 credit=0 retry=0 drain=1 src=11068027678940948070 dst=11068027678940948070 session=49545225 seq=9 type=86 uptime=74154
DBG_STACK_ISR_CONFIG size=8192 run=8 sample=8
DBG_STACK name=BT RX WQ tid=0x2000fe28 used=760 free=776 size=1536 ret=0 run=8 sample=8
DBG_STACK name=mesh_route tid=0x2000d560 used=4328 free=3864 size=8192 ret=0 run=8 sample=8
DBG_STACK name=sysworkq tid=0x20010d80 used=2304 free=2176 size=4480 ret=0 run=8 sample=8
DBG_STACK name=MPSL Work tid=0x20010b38 used=360 free=664 size=1024 ret=0 run=8 sample=8
DBG_STACK name=logging tid=0x2000f930 used=480 free=1568 size=2048 ret=0 run=8 sample=8
DBG_STACK name=idle tid=0x20010c10 used=64 free=256 size=320 ret=0 run=8 sample=8
DBG_STACK_SAMPLE_END run=8 sample=8
DBG_STACK_RUN_END epoch=13370222513784847366 run=8 kind=ble_backpressure owner=system_workqueue outcome=ack queue=1 custody=0 credit=1 retry=0 drain=1 src=11068027678940948070 dst=11068027678940948070 session=49545225 seq=9 type=86 samples=1 sequence=0 previous=0 uptime=74172
DBG_GATEWAY_CH9_RX_CONT_RESULT start=73980 end=74481 ret=-116 fail=0 status=0x00000000 len=0 frames=0
DBG_GATEWAY_COMMAND_PRIORITY_SUBMIT ret=0 now=74482
DBG_GATEWAY_CH9_RX_CONT_ARM now=74483 rem=500 frames=0 errors=0
DBG_GATEWAY_CH9_RX_CONT_RESULT start=74483 end=74484 ret=-140 fail=0 status=0x00000000 len=0 frames=0
DBG_GATEWAY_CH9_RX_COMMAND_PREEMPT now=74485 rem=500 frames=0
DBG_GATEWAY_CH9_RX_CONT_DONE ret=-140 len=0 fail=0 recover=0
DBG_NC o=0000000000000001 g=00000001 w=00 e=0000003c s=00000005 q=0000>0004 r=00000000 f=00000024 t=00000000 p=00000000 a=00
DBG_NODE_COMM_SUBMIT handle=1 profile=0 token=17039361 deadline=84485
DBG_ENUM_FLOOD kind=1 handle=1
DBG_ENUM_CLAIM_TX epoch=49545224 round=1 max_hop=5 first_wait_ms=1125 ceiling_ms=8125 ret=0
DBG_NODE_COMM_TX_BEGIN handle=1 profile=0 msg=64 dst=0x0 seq=1
DBG_CONTROL_RX_HANDOFF_READY abort=0
DBG_COORD state=idle owner=c5-flood reason=idle rx=0 tx=0 relay=0 route=0 ack=0 qack=0
DBG_WAKE_TRAIN_GUARD_OK
DBG_DWM_MARK_UNCONFIGURED tag=initialise_radio prev_phy=0
DBG_WAKE_TRAIN_CONFIG_BEGIN
DBG_DWM_INVALIDATE tag=configure_radio_from_reset active_phy=2 configured=1 awake=0
DBG_DWM_MARK_UNCONFIGURED tag=initialise_radio prev_phy=0
DBG_WAKE_TRAIN_CONFIG_OK
DBG_WAKE_TRAIN_FIRST_SEND_BEGIN
DBG_WAKE_TRAIN_FIRST_SEND_OK
DBG_UWB_TX_CH5
DBG_TX_WAKE_CLAIM_SENT
DBG_UWB_TX_CH5
DBG_TX_WAKE_CLAIM_SENT
DBG_UWB_TX_CH5
DBG_TX_WAKE_CLAIM_SENT
DBG_UWB_TX_CH5
DBG_TX_WAKE_CLAIM_SENT
DBG_UWB_TX_CH5
DBG_TX_WAKE_CLAIM_SENT
DBG_UWB_TX_CH5
DBG_TX_WAKE_CLAIM_SENT
DBG_UWB_TX_CH5
DBG_TX_WAKE_CLAIM_SENT
DBG_UWB_TX_CH5
DBG_TX_WAKE_CLAIM_SENT
DBG_UWB_TX_CH5
DBG_TX_WAKE_CLAIM_SENT
DBG_UWB_TX_CH5
DBG_TX_WAKE_CLAIM_SENT
DBG_UWB_TX_CH5
DBG_TX_WAKE_CLAIM_SENT
DBG_UWB_TX_CH5
DBG_TX_WAKE_CLAIM_SENT
DBG_UWB_TX_CH5
DBG_TX_WAKE_CLAIM_SENT
DBG_UWB_TX_CH5
DBG_TX_WAKE_CLAIM_SENT
DBG_UWB_TX_CH5
DBG_TX_WAKE_CLAIM_SENT
DBG_UWB_TX_CH5
DBG_TX_WAKE_CLAIM_SENT
DBG_UWB_TX_CH5
DBG_TX_WAKE_CLAIM_SENT
DBG_UWB_TX_CH5
DBG_TX_WAKE_CLAIM_SENT
DBG_UWB_TX_CH5
DBG_TX_WAKE_CLAIM_SENT
DBG_UWB_TX_CH5
DBG_TX_WAKE_CLAIM_SENT
DBG_UWB_TX_CH5
DBG_TX_WAKE_CLAIM_SENT
DBG_UWB_TX_CH5
DBG_TX_WAKE_CLAIM_SENT
DBG_UWB_TX_CH5
DBG_TX_WAKE_CLAIM_SENT
DBG_UWB_TX_CH5
DBG_TX_WAKE_CLAIM_SENT
DBG_UWB_TX_CH5
DBG_TX_WAKE_CLAIM_SENT
DBG_UWB_TX_CH5
DBG_TX_WAKE_CLAIM_SENT
DBG_UWB_TX_CH5
DBG_TX_WAKE_CLAIM_SENT
DBG_UWB_TX_CH5
DBG_TX_WAKE_CLAIM_SENT
DBG_UWB_TX_CH5
DBG_TX_WAKE_CLAIM_SENT
DBG_UWB_TX_CH5
DBG_TX_WAKE_CLAIM_SENT
DBG_UWB_TX_CH5
DBG_TX_WAKE_CLAIM_SENT
DBG_UWB_TX_CH5
DBG_TX_WAKE_CLAIM_SENT
DBG_UWB_TX_CH5
DBG_TX_WAKE_CLAIM_SENT
DBG_UWB_TX_CH5
DBG_TX_WAKE_CLAIM_SENT
DBG_UWB_TX_CH5
DBG_TX_WAKE_CLAIM_SENT
DBG_UWB_TX_CH5
DBG_TX_WAKE_CLAIM_SENT
DBG_UWB_TX_CH5
DBG_TX_WAKE_CLAIM_SENT
DBG_UWB_TX_CH5
DBG_TX_WAKE_CLAIM_SENT
DBG_UWB_TX_CH5
DBG_TX_WAKE_CLAIM_SENT
DBG_UWB_TX_CH5
DBG_TX_WAKE_CLAIM_SENT
DBG_UWB_TX_CH5
DBG_TX_WAKE_CLAIM_SENT
DBG_UWB_TX_CH5
DBG_TX_WAKE_CLAIM_SENT
DBG_UWB_TX_CH5
DBG_TX_WAKE_CLAIM_SENT
DBG_UWB_TX_CH5
DBG_TX_WAKE_CLAIM_SENT
DBG_UWB_TX_CH5
DBG_TX_WAKE_CLAIM_SENT
DBG_UWB_TX_CH5
DBG_TX_WAKE_CLAIM_SENT
DBG_UWB_TX_CH5
DBG_TX_WAKE_CLAIM_SENT
DBG_UWB_TX_CH5
DBG_TX_WAKE_CLAIM_SENT
DBG_UWB_TX_CH5
DBG_TX_WAKE_CLAIM_SENT
DBG_UWB_TX_CH5
DBG_TX_WAKE_CLAIM_SENT
DBG_UWB_TX_CH5
DBG_TX_WAKE_CLAIM_SENT
DBG_UWB_TX_CH5
DBG_TX_WAKE_CLAIM_SENT
DBG_UWB_TX_CH5
DBG_TX_WAKE_CLAIM_SENT
DBG_UWB_TX_CH5
DBG_TX_WAKE_CLAIM_SENT
DBG_UWB_TX_CH5
DBG_TX_WAKE_CLAIM_SENT
DBG_UWB_TX_CH5
DBG_TX_WAKE_CLAIM_SENT
DBG_UWB_TX_CH5
DBG_TX_WAKE_CLAIM_SENT
DBG_UWB_TX_CH5
DBG_TX_WAKE_CLAIM_SENT
DBG_UWB_TX_CH5
DBG_TX_WAKE_CLAIM_SENT
DBG_UWB_TX_CH5
DBG_TX_WAKE_CLAIM_SENT
DBG_UWB_TX_CH5
DBG_TX_WAKE_CLAIM_SENT
DBG_UWB_TX_CH5
DBG_TX_WAKE_CLAIM_SENT
DBG_UWB_TX_CH5
DBG_TX_WAKE_CLAIM_SENT
DBG_UWB_TX_CH5
DBG_TX_WAKE_CLAIM_SENT
DBG_UWB_TX_CH5
DBG_TX_WAKE_CLAIM_SENT
DBG_UWB_TX_CH5
DBG_TX_WAKE_CLAIM_SENT
DBG_UWB_TX_CH5
DBG_TX_WAKE_CLAIM_SENT
DBG_UWB_TX_CH5
DBG_TX_WAKE_CLAIM_SENT
DBG_UWB_TX_CH5
DBG_TX_WAKE_CLAIM_SENT
DBG_UWB_TX_CH5
DBG_TX_WAKE_CLAIM_SENT
DBG_UWB_TX_CH5
DBG_TX_WAKE_CLAIM_SENT
DBG_UWB_TX_CH5
DBG_TX_WAKE_CLAIM_SENT
DBG_UWB_TX_CH5
DBG_TX_WAKE_CLAIM_SENT
DBG_UWB_TX_CH5
DBG_TX_WAKE_CLAIM_SENT
DBG_UWB_TX_CH5
DBG_TX_WAKE_CLAIM_SENT
DBG_UWB_TX_CH5
DBG_TX_WAKE_CLAIM_SENT
DBG_UWB_TX_CH5
DBG_TX_WAKE_CLAIM_SENT
DBG_UWB_TX_CH5
DBG_TX_WAKE_CLAIM_SENT
DBG_UWB_TX_CH5
DBG_TX_WAKE_CLAIM_SENT
DBG_UWB_TX_CH5
DBG_TX_WAKE_CLAIM_SENT
DBG_UWB_TX_CH5
DBG_TX_WAKE_CLAIM_SENT
DBG_UWB_TX_CH5
DBG_TX_WAKE_CLAIM_SENT
DBG_UWB_TX_CH5
DBG_TX_WAKE_CLAIM_SENT
DBG_UWB_TX_CH5
DBG_TX_WAKE_CLAIM_SENT
DBG_UWB_TX_CH5
DBG_TX_WAKE_CLAIM_SENT
DBG_UWB_TX_CH5
DBG_TX_WAKE_CLAIM_SENT
DBG_UWB_TX_CH5
DBG_TX_WAKE_CLAIM_SENT
DBG_UWB_TX_CH5
DBG_TX_WAKE_CLAIM_SENT
DBG_UWB_TX_CH5
DBG_TX_WAKE_CLAIM_SENT
DBG_UWB_TX_CH5
DBG_TX_WAKE_CLAIM_SENT
DBG_UWB_TX_CH5
DBG_TX_WAKE_CLAIM_SENT
DBG_UWB_TX_CH5
DBG_TX_WAKE_CLAIM_SENT
DBG_UWB_TX_CH5
DBG_TX_WAKE_CLAIM_SENT
DBG_UWB_TX_CH5
DBG_TX_WAKE_CLAIM_SENT
DBG_UWB_TX_CH5
DBG_TX_WAKE_CLAIM_SENT
DBG_UWB_TX_CH5
DBG_TX_WAKE_CLAIM_SENT
DBG_UWB_TX_CH5
DBG_TX_WAKE_CLAIM_SENT
DBG_UWB_TX_CH5
DBG_TX_WAKE_CLAIM_SENT
DBG_UWB_TX_CH5
DBG_TX_WAKE_CLAIM_SENT
DBG_UWB_TX_CH5
DBG_TX_WAKE_CLAIM_SENT
DBG_UWB_TX_CH5
DBG_TX_WAKE_CLAIM_SENT
DBG_UWB_TX_CH5
DBG_TX_WAKE_CLAIM_SENT
DBG_UWB_TX_CH5
DBG_TX_WAKE_CLAIM_SENT
DBG_UWB_TX_CH5
DBG_TX_WAKE_CLAIM_SENT
DBG_UWB_TX_CH5
DBG_TX_WAKE_CLAIM_SENT
DBG_UWB_TX_CH5
DBG_TX_WAKE_CLAIM_SENT
DBG_UWB_TX_CH5
DBG_TX_WAKE_CLAIM_SENT
DBG_UWB_TX_CH5
DBG_TX_WAKE_CLAIM_SENT
DBG_UWB_TX_CH5
DBG_TX_WAKE_CLAIM_SENT
DBG_UWB_TX_CH5
DBG_TX_WAKE_CLAIM_SENT
DBG_UWB_TX_CH5
DBG_TX_WAKE_CLAIM_SENT
DBG_UWB_TX_CH5
DBG_TX_WAKE_CLAIM_SENT
DBG_UWB_TX_CH5
DBG_TX_WAKE_CLAIM_SENT
DBG_UWB_TX_CH5
DBG_TX_WAKE_CLAIM_SENT
DBG_UWB_TX_CH5
DBG_TX_WAKE_CLAIM_SENT
DBG_UWB_TX_CH5
DBG_TX_WAKE_CLAIM_SENT
DBG_UWB_TX_CH5
DBG_TX_WAKE_CLAIM_SENT
DBG_UWB_TX_CH5
DBG_TX_WAKE_CLAIM_SENT
DBG_UWB_TX_CH5
DBG_TX_WAKE_CLAIM_SENT
DBG_UWB_TX_CH5
DBG_TX_WAKE_CLAIM_SENT
DBG_UWB_TX_CH5
DBG_TX_WAKE_CLAIM_SENT
DBG_UWB_TX_CH5
DBG_TX_WAKE_CLAIM_SENT
DBG_UWB_TX_CH5
DBG_TX_WAKE_CLAIM_SENT
DBG_UWB_TX_CH5
DBG_TX_WAKE_CLAIM_SENT
DBG_UWB_TX_CH5
DBG_TX_WAKE_CLAIM_SENT
DBG_UWB_TX_CH5
DBG_TX_WAKE_CLAIM_SENT
DBG_UWB_TX_CH5
DBG_TX_WAKE_CLAIM_SENT
DBG_UWB_TX_CH5
DBG_TX_WAKE_CLAIM_SENT
DBG_UWB_TX_CH5
DBG_TX_WAKE_CLAIM_SENT
DBG_UWB_TX_CH5
DBG_TX_WAKE_CLAIM_SENT
DBG_UWB_TX_CH5
DBG_TX_WAKE_CLAIM_SENT
DBG_UWB_TX_CH5
DBG_TX_WAKE_CLAIM_SENT
DBG_UWB_TX_CH5
DBG_TX_WAKE_CLAIM_SENT
DBG_UWB_TX_CH5
DBG_TX_WAKE_CLAIM_SENT
DBG_UWB_TX_CH5
DBG_TX_WAKE_CLAIM_SENT
DBG_UWB_TX_CH5
DBG_TX_WAKE_CLAIM_SENT
DBG_UWB_TX_CH5
DBG_TX_WAKE_CLAIM_SENT
DBG_UWB_TX_CH5
DBG_TX_WAKE_CLAIM_SENT
DBG_UWB_TX_CH5
DBG_TX_WAKE_CLAIM_SENT
DBG_UWB_TX_CH5
DBG_TX_WAKE_CLAIM_SENT
DBG_UWB_TX_CH5
DBG_TX_WAKE_CLAIM_SENT
DBG_UWB_TX_CH5
DBG_TX_WAKE_CLAIM_SENT
DBG_UWB_TX_CH5
DBG_TX_WAKE_CLAIM_SENT
DBG_UWB_TX_CH5
DBG_TX_WAKE_CLAIM_SENT
DBG_UWB_TX_CH5
DBG_TX_WAKE_CLAIM_SENT
DBG_UWB_TX_CH5
DBG_TX_WAKE_CLAIM_SENT
DBG_UWB_TX_CH5
DBG_TX_WAKE_CLAIM_SENT
DBG_UWB_TX_CH5
DBG_TX_WAKE_CLAIM_SENT
DBG_DWM_INVALIDATE tag=configure_radio_from_reset active_phy=2 configured=1 awake=1
DBG_DWM_MARK_UNCONFIGURED tag=initialise_radio prev_phy=0
DBG_C5_CONTROL_FOLLOWUP_TURNAROUND delay=60 msg=40 reason=node-comm-bounded-control-flood
DBG_DWM_INVALIDATE tag=configure_radio_from_reset active_phy=2 configured=1 awake=0
DBG_DWM_MARK_UNCONFIGURED tag=initialise_radio prev_phy=0
DBG_DWM_INVALIDATE tag=configure_radio_from_reset active_phy=2 configured=1 awake=0
DBG_DWM_MARK_UNCONFIGURED tag=initialise_radio prev_phy=0
DBG_DWM_WAKE_MESH_CTRL_OK sfd=4073
DBG_C5_TX_CONFIG ret=0 ext=1 len=136 msg=40 reason=bounded-c5-flood
DBG_UWB_TX_CH5
DBG_NC o=0000000000000001 g=00000001 w=00 e=00000022 s=00000005 q=0004>0005 r=00000000 f=00000001 t=00000000 p=00000000 a=00
DBG_NC o=0000000000000001 g=00000001 w=00 e=00000042 s=00000005 q=0005>0006 r=00000000 f=00000001 t=00000000 p=00000000 a=00
DBG_NODE_COMM_ATTEMPT handle=1 profile=0 attempt=1 ret=0 rf=1 scheduled=0 state=0
DBG_GATEWAY_RX_START reason=gateway mesh restart active=1 qrx=0 qtx=0 adv_due=0
DBG_ENUM_RF_BEGIN kind=1 handle=1 attempt=1 tries=1
DBG_STACK_RUN_BEGIN epoch=13370222513784847366 run=9 kind=ble_backpressure owner=system_workqueue queue=1 custody=1 credit=0 retry=0 drain=1 src=11068027678940948070 dst=11068027678940948070 session=49545227 seq=11 type=86 sequence=0 previous=0 uptime=75715
DBG_STACK_SAMPLE_BEGIN epoch=13370222513784847366 run=9 sample=9 kind=ble_backpressure owner=system_workqueue queue=1 custody=1 credit=0 retry=0 drain=1 src=11068027678940948070 dst=11068027678940948070 session=49545227 seq=11 type=86 uptime=75715
DBG_STACK_ISR_CONFIG size=8192 run=9 sample=9
DBG_STACK name=BT RX WQ tid=0x2000fe28 used=760 free=776 size=1536 ret=0 run=9 sample=9
DBG_STACK name=mesh_route tid=0x2000d560 used=5888 free=2304 size=8192 ret=0 run=9 sample=9
DBG_STACK name=sysworkq tid=0x20010d80 used=2304 free=2176 size=4480 ret=0 run=9 sample=9
DBG_STACK name=MPSL Work tid=0x20010b38 used=360 free=664 size=1024 ret=0 run=9 sample=9
DBG_STACK name=logging tid=0x2000f930 used=480 free=1568 size=2048 ret=0 run=9 sample=9
DBG_STACK name=idle tid=0x20010c10 used=64 free=256 size=320 ret=0 run=9 sample=9
DBG_STACK_SAMPLE_END run=9 sample=9
DBG_STACK_RUN_END epoch=13370222513784847366 run=9 kind=ble_backpressure owner=system_workqueue outcome=ack queue=1 custody=0 credit=1 retry=0 drain=1 src=11068027678940948070 dst=11068027678940948070 session=49545227 seq=11 type=86 samples=1 sequence=0 previous=0 uptime=75742
DBG_GATEWAY_CH9_RX_CONT_ARM now=75743 rem=500 frames=0 errors=0
DBG_GATEWAY_CH9_RX_CONT_RESULT start=75743 end=75752 ret=-140 fail=0 status=0x02000000 len=0 frames=0
DBG_GATEWAY_CH9_RX_COMMAND_PREEMPT now=75753 rem=500 frames=0
DBG_GATEWAY_CH9_RX_CONT_DONE ret=-140 len=0 fail=0 recover=0
DBG_NODE_COMM_TX_BEGIN handle=1 profile=0 msg=64 dst=0x0 seq=1
DBG_DWM_MARK_UNCONFIGURED tag=initialise_radio prev_phy=0
DBG_DWM_INVALIDATE tag=configure_radio_from_reset active_phy=2 configured=1 awake=0
DBG_DWM_MARK_UNCONFIGURED tag=initialise_radio prev_phy=0
DBG_DWM_WAKE_MESH_CTRL_OK sfd=4073
DBG_C5_TX_CONFIG ret=0 ext=1 len=136 msg=40 reason=bounded-c5-flood
DBG_UWB_TX_CH5
DBG_NC o=0000000000000001 g=00000001 w=00 e=00000022 s=00000005 q=0004>0005 r=00000000 f=00000001 t=00000000 p=00000000 a=00
DBG_NC o=0000000000000001 g=00000001 w=00 e=00000042 s=00000005 q=0005>0006 r=00000000 f=00000001 t=00000000 p=00000000 a=00
DBG_NODE_COMM_ATTEMPT handle=1 profile=0 attempt=2 ret=0 rf=1 scheduled=0 state=0
DBG_GATEWAY_RX_START reason=gateway mesh restart active=1 qrx=0 qtx=0 adv_due=0
DBG_COORD state=gateway-rx owner=uwb-rx reason=gateway-rx rx=0 tx=0 relay=0 route=0 ack=0 qack=0
DBG_DWM_INVALIDATE tag=configure_radio_from_reset active_phy=4 configured=1 awake=1
DBG_DWM_MARK_UNCONFIGURED tag=initialise_radio prev_phy=0
DBG_GATEWAY_CH9_RX_CONT_ARM now=75837 rem=500 frames=0 errors=0
DBG_GATEWAY_CH9_RX_CONT_RESULT start=75837 end=75849 ret=-140 fail=0 status=0x02000000 len=0 frames=0
DBG_GATEWAY_CH9_RX_COMMAND_PREEMPT now=75850 rem=500 frames=0
DBG_GATEWAY_CH9_RX_CONT_DONE ret=-140 len=0 fail=0 recover=0
DBG_NC o=0000000000000001 g=00000001 w=00 e=00000023 s=00000005 q=0006>0004 r=00000000 f=00000024 t=00000000 p=00000000 a=00
DBG_NODE_COMM_TX_BEGIN handle=1 profile=0 msg=64 dst=0x0 seq=1
DBG_CONTROL_RX_HANDOFF_READY abort=0
DBG_COORD state=idle owner=c5-flood reason=idle rx=0 tx=0 relay=0 route=0 ack=0 qack=0
DBG_DWM_INVALIDATE tag=configure_radio_from_reset active_phy=3 configured=1 awake=1
DBG_DWM_MARK_UNCONFIGURED tag=initialise_radio prev_phy=0
DBG_DWM_INVALIDATE tag=configure_radio_from_reset active_phy=2 configured=1 awake=0
DBG_DWM_MARK_UNCONFIGURED tag=initialise_radio prev_phy=0
DBG_DWM_WAKE_MESH_CTRL_OK sfd=4073
DBG_C5_TX_CONFIG ret=0 ext=1 len=136 msg=40 reason=bounded-c5-flood
DBG_UWB_TX_CH5
DBG_NC o=0000000000000001 g=00000001 w=00 e=00000022 s=00000005 q=0004>0005 r=00000000 f=00000001 t=00000000 p=00000000 a=00
DBG_NC o=0000000000000001 g=00000001 w=00 e=00000042 s=00000005 q=0005>0006 r=00000000 f=00000001 t=00000000 p=00000000 a=00
DBG_NODE_COMM_ATTEMPT handle=1 profile=0 attempt=3 ret=0 rf=1 scheduled=0 state=0
DBG_GATEWAY_RX_START reason=gateway mesh restart active=1 qrx=0 qtx=0 adv_due=0
DBG_COORD state=gateway-rx owner=uwb-rx reason=gateway-rx rx=0 tx=0 relay=0 route=0 ack=0 qack=0
DBG_DWM_INVALIDATE tag=configure_radio_from_reset active_phy=4 configured=1 awake=1
DBG_DWM_MARK_UNCONFIGURED tag=initialise_radio prev_phy=0
DBG_GATEWAY_CH9_RX_CONT_ARM now=75932 rem=500 frames=0 errors=0
DBG_GATEWAY_CH9_RX_CONT_RESULT start=75932 end=75944 ret=-140 fail=0 status=0x02000000 len=0 frames=0
DBG_GATEWAY_CH9_RX_COMMAND_PREEMPT now=75945 rem=500 frames=0
DBG_GATEWAY_CH9_RX_CONT_DONE ret=-140 len=0 fail=0 recover=0
DBG_NC o=0000000000000001 g=00000001 w=00 e=00000023 s=00000005 q=0006>0004 r=00000000 f=00000024 t=00000000 p=00000000 a=00
DBG_NODE_COMM_TX_BEGIN handle=1 profile=0 msg=64 dst=0x0 seq=1
DBG_CONTROL_RX_HANDOFF_READY abort=0
DBG_COORD state=idle owner=c5-flood reason=idle rx=0 tx=0 relay=0 route=0 ack=0 qack=0
DBG_DWM_INVALIDATE tag=configure_radio_from_reset active_phy=3 configured=1 awake=1
DBG_DWM_MARK_UNCONFIGURED tag=initialise_radio prev_phy=0
DBG_DWM_INVALIDATE tag=configure_radio_from_reset active_phy=2 configured=1 awake=0
DBG_DWM_MARK_UNCONFIGURED tag=initialise_radio prev_phy=0
DBG_DWM_WAKE_MESH_CTRL_OK sfd=4073
DBG_C5_TX_CONFIG ret=0 ext=1 len=136 msg=40 reason=bounded-c5-flood
DBG_UWB_TX_CH5
DBG_NC o=0000000000000001 g=00000001 w=00 e=00000022 s=00000005 q=0004>0005 r=00000000 f=00000001 t=00000000 p=00000000 a=00
DBG_NC o=0000000000000001 g=00000001 w=00 e=00000041 s=00000005 q=0005>0008 r=00000000 f=00000026 t=00000000 p=00000001 a=04
DBG_NODE_COMM_ATTEMPT handle=1 profile=0 attempt=4 ret=0 rf=1 scheduled=0 state=0
DBG_GATEWAY_RX_START reason=gateway mesh restart active=1 qrx=0 qtx=0 adv_due=0
DBG_ENUM_RF_RESULT kind=1 handle=1 success=1 reason=0 tries=4
DBG_ENUM_COMPACT_GATEWAY_SCHEDULE now=76001 start=77985 deadline=79110 wait=3109
DBG_GATEWAY_RX_START reason=compact-enumeration active=1 qrx=0 qtx=0 adv_due=0
DBG_COORD state=gateway-rx owner=uwb-rx reason=gateway-rx rx=0 tx=0 relay=0 route=0 ack=0 qack=0
DBG_DWM_INVALIDATE tag=configure_radio_from_reset active_phy=4 configured=1 awake=1
DBG_DWM_MARK_UNCONFIGURED tag=initialise_radio prev_phy=0
DBG_GATEWAY_CH9_RX_CONT_ARM now=76028 rem=500 frames=0 errors=0
DBG_GATEWAY_CH9_RX_CONT_RESULT start=76028 end=76528 ret=-116 fail=0 status=0x02000000 len=0 frames=0
DBG_GATEWAY_CH9_RX_CONT_ARM now=76530 rem=500 frames=0 errors=0
DBG_GATEWAY_CH9_RX_CONT_RESULT start=76530 end=77031 ret=-116 fail=0 status=0x00000000 len=0 frames=0
DBG_GATEWAY_CH9_RX_CONT_ARM now=77033 rem=500 frames=0 errors=0
DBG_GATEWAY_CH9_RX_CONT_RESULT start=77033 end=77534 ret=-116 fail=0 status=0x00000000 len=0 frames=0
DBG_GATEWAY_CH9_RX_CONT_ARM now=77536 rem=500 frames=0 errors=0
DBG_GATEWAY_CH9_RX_CONT_RESULT start=77536 end=78037 ret=-116 fail=0 status=0x00000000 len=0 frames=0
DBG_DWM_INVALIDATE tag=configure_radio_from_reset active_phy=3 configured=1 awake=1
DBG_DWM_MARK_UNCONFIGURED tag=initialise_radio prev_phy=0
DBG_DWM_WAKE_MESH_CTRL_OK sfd=4073
DBG_ENUM_COMPACT_GATEWAY_BEGIN now=78060 first_window=0 ret=0
DBG_ENUM_COMPACT_RECORD epoch=49545224 anchor=0x708bc0aab970300e hop=1 via=0x708bc0aab970300e responders=1
DBG_ENUM_COMPACT_DEPTH_WAIT observed_hop=1 through_hop=2 deadline=80485
DBG_STACK_RUN_BEGIN epoch=13370222513784847366 run=10 kind=ble_backpressure owner=system_workqueue queue=1 custody=1 credit=0 retry=0 drain=1 src=11068027678940948070 dst=11068027678940948070 session=49545228 seq=12 type=86 sequence=0 previous=0 uptime=78100
DBG_STACK_SAMPLE_BEGIN epoch=13370222513784847366 run=10 sample=10 kind=ble_backpressure owner=system_workqueue queue=1 custody=1 credit=0 retry=0 drain=1 src=11068027678940948070 dst=11068027678940948070 session=49545228 seq=12 type=86 uptime=78100
DBG_STACK_ISR_CONFIG size=8192 run=10 sample=10
DBG_STACK name=BT RX WQ tid=0x2000fe28 used=760 free=776 size=1536 ret=0 run=10 sample=10
DBG_STACK name=mesh_route tid=0x2000d560 used=5888 free=2304 size=8192 ret=0 run=10 sample=10
DBG_STACK name=sysworkq tid=0x20010d80 used=2304 free=2176 size=4480 ret=0 run=10 sample=10
DBG_STACK name=MPSL Work tid=0x20010b38 used=360 free=664 size=1024 ret=0 run=10 sample=10
DBG_STACK name=logging tid=0x2000f930 used=480 free=1568 size=2048 ret=0 run=10 sample=10
DBG_STACK name=idle tid=0x20010c10 used=64 free=256 size=320 ret=0 run=10 sample=10
DBG_STACK_SAMPLE_END run=10 sample=10
DBG_STACK_RUN_END epoch=13370222513784847366 run=10 kind=ble_backpressure owner=system_workqueue outcome=ack queue=1 custody=0 credit=1 retry=0 drain=1 src=11068027678940948070 dst=11068027678940948070 session=49545228 seq=12 type=86 samples=1 sequence=0 previous=0 uptime=78121
DBG_ENUM_COMPACT_RECORD epoch=49545224 anchor=0x191a9619c6c8cb07 hop=1 via=0x191a9619c6c8cb07 responders=2
DBG_ENUM_COMPACT_GATEWAY_ACK_TX epoch=49545224 child=0x191a9619c6c8cb07 seq=0 remaining=11 ret=0
DBG_ENUM_COMPACT_GATEWAY_RX epoch=49545224 child=0x191a9619c6c8cb07 seq=0 records=1 ret=0
DBG_STACK_RUN_BEGIN epoch=13370222513784847366 run=11 kind=ble_backpressure owner=system_workqueue queue=1 custody=1 credit=0 retry=0 drain=1 src=11068027678940948070 dst=11068027678940948070 session=49545229 seq=13 type=86 sequence=0 previous=0 uptime=78204
DBG_STACK_SAMPLE_BEGIN epoch=13370222513784847366 run=11 sample=11 kind=ble_backpressure owner=system_workqueue queue=1 custody=1 credit=0 retry=0 drain=1 src=11068027678940948070 dst=11068027678940948070 session=49545229 seq=13 type=86 uptime=78204
DBG_STACK_ISR_CONFIG size=8192 run=11 sample=11
DBG_STACK name=BT RX WQ tid=0x2000fe28 used=760 free=776 size=1536 ret=0 run=11 sample=11
DBG_STACK name=mesh_route tid=0x2000d560 used=5888 free=2304 size=8192 ret=0 run=11 sample=11
DBG_STACK name=sysworkq tid=0x20010d80 used=2304 free=2176 size=4480 ret=0 run=11 sample=11
DBG_STACK name=MPSL Work tid=0x20010b38 used=360 free=664 size=1024 ret=0 run=11 sample=11
DBG_STACK name=logging tid=0x2000f930 used=480 free=1568 size=2048 ret=0 run=11 sample=11
DBG_STACK name=idle tid=0x20010c10 used=64 free=256 size=320 ret=0 run=11 sample=11
DBG_STACK_SAMPLE_END run=11 sample=11
DBG_STACK_RUN_END epoch=13370222513784847366 run=11 kind=ble_backpressure owner=system_workqueue outcome=ack queue=1 custody=0 credit=1 retry=0 drain=1 src=11068027678940948070 dst=11068027678940948070 session=49545229 seq=13 type=86 samples=1 sequence=0 previous=0 uptime=78223
DBG_ENUM_COMPACT_RECORD epoch=49545224 anchor=0x56da25fe4af6d141 hop=1 via=0x56da25fe4af6d141 responders=3
DBG_ENUM_COMPACT_GATEWAY_ACK_TX epoch=49545224 child=0x56da25fe4af6d141 seq=0 remaining=10 ret=0
DBG_ENUM_COMPACT_GATEWAY_RX epoch=49545224 child=0x56da25fe4af6d141 seq=0 records=1 ret=0
DBG_STACK_RUN_BEGIN epoch=13370222513784847366 run=12 kind=ble_backpressure owner=system_workqueue queue=1 custody=1 credit=0 retry=0 drain=1 src=11068027678940948070 dst=11068027678940948070 session=49545230 seq=14 type=86 sequence=0 previous=0 uptime=78294
DBG_STACK_SAMPLE_BEGIN epoch=13370222513784847366 run=12 sample=12 kind=ble_backpressure owner=system_workqueue queue=1 custody=1 credit=0 retry=0 drain=1 src=11068027678940948070 dst=11068027678940948070 session=49545230 seq=14 type=86 uptime=78294
DBG_STACK_ISR_CONFIG size=8192 run=12 sample=12
DBG_STACK name=BT RX WQ tid=0x2000fe28 used=760 free=776 size=1536 ret=0 run=12 sample=12
DBG_STACK name=mesh_route tid=0x2000d560 used=5888 free=2304 size=8192 ret=0 run=12 sample=12
DBG_STACK name=sysworkq tid=0x20010d80 used=2304 free=2176 size=4480 ret=0 run=12 sample=12
DBG_STACK name=MPSL Work tid=0x20010b38 used=360 free=664 size=1024 ret=0 run=12 sample=12
DBG_STACK name=logging tid=0x2000f930 used=480 free=1568 size=2048 ret=0 run=12 sample=12
DBG_STACK name=idle tid=0x20010c10 used=64 free=256 size=320 ret=0 run=12 sample=12
DBG_STACK_SAMPLE_END run=12 sample=12
DBG_STACK_RUN_END epoch=13370222513784847366 run=12 kind=ble_backpressure owner=system_workqueue outcome=ack queue=1 custody=0 credit=1 retry=0 drain=1 src=11068027678940948070 dst=11068027678940948070 session=49545230 seq=14 type=86 samples=1 sequence=0 previous=0 uptime=78310
DBG_ENUM_COMPACT_GATEWAY_END now=80486 timeouts=97 raw=0 bundles=3 errors=0 ret=0
DBG_GATEWAY_COMMAND_PRIORITY_SUBMIT ret=0 now=80487
DBG_DWM_INVALIDATE tag=configure_radio_from_reset active_phy=4 configured=1 awake=1
DBG_DWM_MARK_UNCONFIGURED tag=initialise_radio prev_phy=0
DBG_GATEWAY_CH9_RX_CONT_ARM now=80509 rem=500 frames=0 errors=0
DBG_GATEWAY_CH9_RX_CONT_RESULT start=80509 end=80510 ret=-140 fail=0 status=0x02000000 len=0 frames=0
DBG_GATEWAY_CH9_RX_COMMAND_PREEMPT now=80511 rem=500 frames=0
DBG_GATEWAY_CH9_RX_CONT_DONE ret=-140 len=0 fail=0 recover=0
DBG_ENUM_TABLE_TX epoch=49545224 count=3 round=1 ret=-22
DBG_GATEWAY_CH9_RX_CONT_ARM now=80514 rem=500 frames=0 errors=0
DBG_GATEWAY_CH9_RX_CONT_RESULT start=80514 end=81015 ret=-116 fail=0 status=0x00000000 len=0 frames=0
DBG_GATEWAY_COMMAND_PRIORITY_SUBMIT ret=0 now=81016
DBG_GATEWAY_CH9_RX_CONT_ARM now=81017 rem=500 frames=0 errors=0
DBG_GATEWAY_CH9_RX_CONT_RESULT start=81017 end=81018 ret=-140 fail=0 status=0x00000000 len=0 frames=0
DBG_GATEWAY_CH9_RX_COMMAND_PREEMPT now=81019 rem=500 frames=0
DBG_GATEWAY_CH9_RX_CONT_DONE ret=-140 len=0 fail=0 recover=0
DBG_ENUM_TABLE_TX epoch=49545224 count=3 round=1 ret=-22
DBG_GATEWAY_CH9_RX_CONT_ARM now=81020 rem=500 frames=0 errors=0
DBG_GATEWAY_CH9_RX_CONT_RESULT start=81020 end=81521 ret=-116 fail=0 status=0x00000000 len=0 frames=0
DBG_GATEWAY_COMMAND_PRIORITY_SUBMIT ret=0 now=81522
DBG_GATEWAY_CH9_RX_CONT_ARM now=81523 rem=500 frames=0 errors=0
DBG_GATEWAY_CH9_RX_CONT_RESULT start=81523 end=81524 ret=-140 fail=0 status=0x00000000 len=0 frames=0
DBG_GATEWAY_CH9_RX_COMMAND_PREEMPT now=81525 rem=500 frames=0
DBG_GATEWAY_CH9_RX_CONT_DONE ret=-140 len=0 fail=0 recover=0
DBG_ENUM_TABLE_TX epoch=49545224 count=3 round=1 ret=-22
DBG_GATEWAY_CH9_RX_CONT_ARM now=81526 rem=500 frames=0 errors=0
DBG_GATEWAY_CH9_RX_CONT_RESULT start=81526 end=82027 ret=-116 fail=0 status=0x00000000 len=0 frames=0
DBG_GATEWAY_CH9_RX_CONT_ARM now=82029 rem=500 frames=0 errors=0
DBG_GATEWAY_CH9_RX_CONT_RESULT start=82029 end=82530 ret=-116 fail=0 status=0x00000000 len=0 frames=0
DBG_GATEWAY_COMMAND_PRIORITY_SUBMIT ret=0 now=82531
DBG_GATEWAY_CH9_RX_CONT_ARM now=82532 rem=500 frames=0 errors=0
DBG_GATEWAY_CH9_RX_CONT_RESULT start=82532 end=82533 ret=-140 fail=0 status=0x00000000 len=0 frames=0
DBG_GATEWAY_CH9_RX_COMMAND_PREEMPT now=82534 rem=500 frames=0
DBG_GATEWAY_CH9_RX_CONT_DONE ret=-140 len=0 fail=0 recover=0
DBG_ENUM_TABLE_TX epoch=49545224 count=3 round=1 ret=-22
DBG_GATEWAY_CH9_RX_CONT_ARM now=82535 rem=500 frames=0 errors=0
DBG_GATEWAY_CH9_RX_CONT_RESULT start=82535 end=83036 ret=-116 fail=0 status=0x00000000 len=0 frames=0
DBG_GATEWAY_CH9_RX_CONT_ARM now=83038 rem=500 frames=0 errors=0
DBG_GATEWAY_CH9_RX_CONT_RESULT start=83038 end=83539 ret=-116 fail=0 status=0x00000000 len=0 frames=0
DBG_GATEWAY_CH9_RX_CONT_ARM now=83541 rem=500 frames=0 errors=0
DBG_GATEWAY_CH9_RX_CONT_RESULT start=83541 end=84042 ret=-116 fail=0 status=0x00000000 len=0 frames=0
DBG_GATEWAY_COMMAND_PRIORITY_SUBMIT ret=0 now=84043
DBG_GATEWAY_CH9_RX_CONT_ARM now=84044 rem=500 frames=0 errors=0
DBG_GATEWAY_CH9_RX_CONT_RESULT start=84044 end=84045 ret=-140 fail=0 status=0x00000000 len=0 frames=0
DBG_GATEWAY_CH9_RX_COMMAND_PREEMPT now=84046 rem=500 frames=0
DBG_GATEWAY_CH9_RX_CONT_DONE ret=-140 len=0 fail=0 recover=0
DBG_ENUM_TABLE_TX epoch=49545224 count=3 round=1 ret=-22
DBG_GATEWAY_CH9_RX_CONT_ARM now=84047 rem=500 frames=0 errors=0
DBG_GATEWAY_CH9_RX_CONT_RESULT start=84047 end=84548 ret=-116 fail=0 status=0x00000000 len=0 frames=0
DBG_GATEWAY_CH9_RX_CONT_ARM now=84550 rem=500 frames=0 errors=0
DBG_GATEWAY_CH9_RX_CONT_RESULT start=84550 end=85051 ret=-116 fail=0 status=0x00000000 len=0 frames=0
DBG_GATEWAY_CH9_RX_CONT_ARM now=85053 rem=500 frames=0 errors=0
DBG_GATEWAY_CH9_RX_CONT_RESULT start=85053 end=85554 ret=-116 fail=0 status=0x00000000 len=0 frames=0
DBG_GATEWAY_CH9_RX_CONT_ARM now=85556 rem=500 frames=0 errors=0
DBG_GATEWAY_CH9_RX_CONT_RESULT start=85556 end=86057 ret=-116 fail=0 status=0x00000000 len=0 frames=0
DBG_GATEWAY_CH9_RX_CONT_ARM now=86059 rem=500 frames=0 errors=0
DBG_GATEWAY_CH9_RX_CONT_RESULT start=86059 end=86560 ret=-116 fail=0 status=0x00000000 len=0 frames=0
DBG_GATEWAY_CH9_RX_CONT_ARM now=86562 rem=500 frames=0 errors=0
DBG_GATEWAY_CH9_RX_CONT_RESULT start=86562 end=87063 ret=-116 fail=0 status=0x00000000 len=0 frames=0
DBG_GATEWAY_COMMAND_PRIORITY_SUBMIT ret=0 now=87064
DBG_GATEWAY_CH9_RX_CONT_ARM now=87065 rem=500 frames=0 errors=0
DBG_GATEWAY_CH9_RX_CONT_RESULT start=87065 end=87066 ret=-140 fail=0 status=0x00000000 len=0 frames=0
DBG_GATEWAY_CH9_RX_COMMAND_PREEMPT now=87067 rem=500 frames=0
DBG_GATEWAY_CH9_RX_CONT_DONE ret=-140 len=0 fail=0 recover=0
DBG_ENUM_TABLE_TX epoch=49545224 count=3 round=1 ret=-22
DBG_GATEWAY_CH9_RX_CONT_ARM now=87069 rem=500 frames=0 errors=0
DBG_GATEWAY_CH9_RX_CONT_RESULT start=87069 end=87569 ret=-116 fail=0 status=0x00000000 len=0 frames=0
DBG_GATEWAY_CH9_RX_CONT_ARM now=87571 rem=500 frames=0 errors=0
DBG_GATEWAY_CH9_RX_CONT_RESULT start=87571 end=88072 ret=-116 fail=0 status=0x00000000 len=0 frames=0
DBG_GATEWAY_CH9_RX_CONT_ARM now=88074 rem=500 frames=0 errors=0
DBG_GATEWAY_CH9_RX_CONT_RESULT start=88074 end=88575 ret=-116 fail=0 status=0x00000000 len=0 frames=0
DBG_GATEWAY_CH9_RX_CONT_ARM now=88577 rem=500 frames=0 errors=0
DBG_GATEWAY_CH9_RX_CONT_RESULT start=88577 end=89078 ret=-116 fail=0 status=0x00000000 len=0 frames=0
DBG_GATEWAY_CH9_RX_CONT_ARM now=89080 rem=500 frames=0 errors=0
DBG_GATEWAY_CH9_RX_CONT_RESULT start=89080 end=89581 ret=-116 fail=0 status=0x00000000 len=0 frames=0
DBG_GATEWAY_CH9_RX_CONT_ARM now=89583 rem=500 frames=0 errors=0
DBG_GATEWAY_CH9_RX_CONT_RESULT start=89583 end=90084 ret=-116 fail=0 status=0x00000000 len=0 frames=0
DBG_GATEWAY_CH9_RX_CONT_ARM now=90086 rem=500 frames=0 errors=0
DBG_GATEWAY_CH9_RX_CONT_RESULT start=90086 end=90587 ret=-116 fail=0 status=0x00000000 len=0 frames=0
DBG_GATEWAY_CH9_RX_CONT_ARM now=90589 rem=500 frames=0 errors=0
DBG_GATEWAY_CH9_RX_CONT_RESULT start=90589 end=91090 ret=-116 fail=0 status=0x00000000 len=0 frames=0
DBG_GATEWAY_CH9_RX_CONT_ARM now=91092 rem=500 frames=0 errors=0
DBG_GATEWAY_CH9_RX_CONT_RESULT start=91092 end=91593 ret=-116 fail=0 status=0x00000000 len=0 frames=0
DBG_GATEWAY_CH9_RX_CONT_ARM now=91595 rem=500 frames=0 errors=0
DBG_GATEWAY_CH9_RX_CONT_RESULT start=91595 end=92096 ret=-116 fail=0 status=0x00000000 len=0 frames=0
DBG_GATEWAY_CH9_RX_CONT_ARM now=92098 rem=500 frames=0 errors=0
DBG_GATEWAY_CH9_RX_CONT_RESULT start=92098 end=92599 ret=-116 fail=0 status=0x00000000 len=0 frames=0
DBG_GATEWAY_COMMAND_PRIORITY_SUBMIT ret=0 now=92600
DBG_GATEWAY_CH9_RX_CONT_ARM now=92601 rem=500 frames=0 errors=0
DBG_GATEWAY_CH9_RX_CONT_RESULT start=92601 end=92602 ret=-140 fail=0 status=0x00000000 len=0 frames=0
DBG_GATEWAY_CH9_RX_COMMAND_PREEMPT now=92603 rem=500 frames=0
DBG_GATEWAY_CH9_RX_CONT_DONE ret=-140 len=0 fail=0 recover=0
DBG_ENUM_TABLE_TX epoch=49545224 count=3 round=1 ret=-22
DBG_GATEWAY_CH9_RX_CONT_ARM now=92605 rem=500 frames=0 errors=0
DBG_GATEWAY_CH9_RX_CONT_RESULT start=92605 end=93105 ret=-116 fail=0 status=0x00000000 len=0 frames=0
DBG_GATEWAY_CH9_RX_CONT_ARM now=93107 rem=500 frames=0 errors=0
DBG_GATEWAY_CH9_RX_CONT_RESULT start=93107 end=93608 ret=-116 fail=0 status=0x00000000 len=0 frames=0
DBG_GATEWAY_CH9_RX_CONT_ARM now=93610 rem=500 frames=0 errors=0
DBG_GATEWAY_CH9_RX_CONT_RESULT start=93610 end=94111 ret=-116 fail=0 status=0x00000000 len=0 frames=0
DBG_GATEWAY_CH9_RX_CONT_ARM now=94113 rem=500 frames=0 errors=0
DBG_GATEWAY_CH9_RX_CONT_RESULT start=94113 end=94614 ret=-116 fail=0 status=0x00000000 len=0 frames=0
DBG_GATEWAY_CH9_RX_CONT_ARM now=94616 rem=500 frames=0 errors=0
DBG_GATEWAY_CH9_RX_CONT_RESULT start=94616 end=95117 ret=-116 fail=0 status=0x00000000 len=0 frames=0
DBG_GATEWAY_CH9_RX_CONT_ARM now=95119 rem=500 frames=0 errors=0
DBG_GATEWAY_CH9_RX_CONT_RESULT start=95119 end=95620 ret=-116 fail=0 status=0x00000000 len=0 frames=0
DBG_GATEWAY_CH9_RX_CONT_ARM now=95622 rem=500 frames=0 errors=0
DBG_GATEWAY_CH9_RX_CONT_RESULT start=95622 end=96123 ret=-116 fail=0 status=0x00000000 len=0 frames=0
DBG_GATEWAY_CH9_RX_CONT_ARM now=96125 rem=500 frames=0 errors=0
DBG_GATEWAY_CH9_RX_CONT_RESULT start=96125 end=96626 ret=-116 fail=0 status=0x00000000 len=0 frames=0
DBG_GATEWAY_CH9_RX_CONT_ARM now=96628 rem=500 frames=0 errors=0
DBG_GATEWAY_CH9_RX_CONT_RESULT start=96628 end=97129 ret=-116 fail=0 status=0x00000000 len=0 frames=0
DBG_GATEWAY_CH9_RX_CONT_ARM now=97131 rem=500 frames=0 errors=0
DBG_GATEWAY_CH9_RX_CONT_RESULT start=97131 end=97632 ret=-116 fail=0 status=0x00000000 len=0 frames=0
DBG_GATEWAY_CH9_RX_CONT_ARM now=97634 rem=500 frames=0 errors=0
DBG_GATEWAY_CH9_RX_CONT_RESULT start=97634 end=98135 ret=-116 fail=0 status=0x00000000 len=0 frames=0
DBG_GATEWAY_CH9_RX_CONT_ARM now=98137 rem=500 frames=0 errors=0
DBG_GATEWAY_CH9_RX_CONT_RESULT start=98137 end=98638 ret=-116 fail=0 status=0x00000000 len=0 frames=0
DBG_GATEWAY_CH9_RX_CONT_ARM now=98640 rem=500 frames=0 errors=0
DBG_GATEWAY_CH9_RX_CONT_RESULT start=98640 end=99141 ret=-116 fail=0 status=0x00000000 len=0 frames=0
DBG_GATEWAY_COMMAND_PRIORITY_SUBMIT ret=0 now=99142
DBG_GATEWAY_CH9_RX_CONT_ARM now=99143 rem=500 frames=0 errors=0
DBG_GATEWAY_CH9_RX_CONT_RESULT start=99143 end=99144 ret=-140 fail=0 status=0x00000000 len=0 frames=0
DBG_GATEWAY_CH9_RX_COMMAND_PREEMPT now=99145 rem=500 frames=0
DBG_GATEWAY_CH9_RX_CONT_DONE ret=-140 len=0 fail=0 recover=0
DBG_ENUM_TABLE_TX epoch=49545224 count=3 round=1 ret=-22
DBG_GATEWAY_CH9_RX_CONT_ARM now=99146 rem=500 frames=0 errors=0
DBG_GATEWAY_CH9_RX_CONT_RESULT start=99146 end=99647 ret=-116 fail=0 status=0x00000000 len=0 frames=0
DBG_GATEWAY_CH9_RX_CONT_ARM now=99649 rem=500 frames=0 errors=0
DBG_GATEWAY_CH9_RX_CONT_RESULT start=99649 end=100150 ret=-116 fail=0 status=0x00000000 len=0 frames=0
DBG_GATEWAY_CH9_RX_CONT_ARM now=100152 rem=500 frames=0 errors=0
DBG_GATEWAY_CH9_RX_CONT_RESULT start=100152 end=100653 ret=-116 fail=0 status=0x00000000 len=0 frames=0
DBG_GATEWAY_CH9_RX_CONT_ARM now=100655 rem=500 frames=0 errors=0
DBG_GATEWAY_CH9_RX_CONT_RESULT start=100655 end=101156 ret=-116 fail=0 status=0x00000000 len=0 frames=0
DBG_GATEWAY_CH9_RX_CONT_ARM now=101158 rem=500 frames=0 errors=0
DBG_GATEWAY_CH9_RX_CONT_RESULT start=101158 end=101659 ret=-116 fail=0 status=0x00000000 len=0 frames=0
DBG_GATEWAY_CH9_RX_CONT_ARM now=101661 rem=500 frames=0 errors=0
DBG_GATEWAY_CH9_RX_CONT_RESULT start=101661 end=102162 ret=-116 fail=0 status=0x00000000 len=0 frames=0
DBG_GATEWAY_CH9_RX_CONT_ARM now=102164 rem=500 frames=0 errors=0
DBG_GATEWAY_CH9_RX_CONT_RESULT start=102164 end=102665 ret=-116 fail=0 status=0x00000000 len=0 frames=0
DBG_GATEWAY_CH9_RX_CONT_ARM now=102667 rem=500 frames=0 errors=0
DBG_GATEWAY_CH9_RX_CONT_RESULT start=102667 end=103168 ret=-116 fail=0 status=0x00000000 len=0 frames=0
DBG_GATEWAY_CH9_RX_CONT_ARM now=103170 rem=500 frames=0 errors=0
DBG_GATEWAY_CH9_RX_CONT_RESULT start=103170 end=103671 ret=-116 fail=0 status=0x00000000 len=0 frames=0
DBG_GATEWAY_CH9_RX_CONT_ARM now=103673 rem=500 frames=0 errors=0
DBG_GATEWAY_CH9_RX_CONT_RESULT start=103673 end=104174 ret=-116 fail=0 status=0x00000000 len=0 frames=0
DBG_GATEWAY_CH9_RX_CONT_ARM now=104176 rem=500 frames=0 errors=0
DBG_GATEWAY_CH9_RX_CONT_RESULT start=104176 end=104677 ret=-116 fail=0 status=0x00000000 len=0 frames=0
DBG_GATEWAY_CH9_RX_CONT_ARM now=104679 rem=500 frames=0 errors=0
DBG_GATEWAY_CH9_RX_CONT_RESULT start=104679 end=105180 ret=-116 fail=0 status=0x00000000 len=0 frames=0
DBG_GATEWAY_CH9_RX_CONT_ARM now=105182 rem=500 frames=0 errors=0
DBG_GATEWAY_CH9_RX_CONT_RESULT start=105182 end=105683 ret=-116 fail=0 status=0x00000000 len=0 frames=0
DBG_GATEWAY_COMMAND_PRIORITY_SUBMIT ret=0 now=105684
DBG_GATEWAY_CH9_RX_CONT_ARM now=105685 rem=500 frames=0 errors=0
DBG_GATEWAY_CH9_RX_CONT_RESULT start=105685 end=105686 ret=-140 fail=0 status=0x00000000 len=0 frames=0
DBG_GATEWAY_CH9_RX_COMMAND_PREEMPT now=105687 rem=500 frames=0
DBG_GATEWAY_CH9_RX_CONT_DONE ret=-140 len=0 fail=0 recover=0
DBG_ENUM_TABLE_TX epoch=49545224 count=3 round=1 ret=-22
DBG_GATEWAY_CH9_RX_CONT_ARM now=105688 rem=500 frames=0 errors=0
DBG_GATEWAY_CH9_RX_CONT_RESULT start=105688 end=106189 ret=-116 fail=0 status=0x00000000 len=0 frames=0
DBG_GATEWAY_CH9_RX_CONT_ARM now=106191 rem=500 frames=0 errors=0
DBG_GATEWAY_CH9_RX_CONT_RESULT start=106191 end=106692 ret=-116 fail=0 status=0x00000000 len=0 frames=0
DBG_GATEWAY_CH9_RX_CONT_ARM now=106694 rem=500 frames=0 errors=0
DBG_GATEWAY_CH9_RX_CONT_RESULT start=106694 end=107195 ret=-116 fail=0 status=0x00000000 len=0 frames=0
DBG_GATEWAY_CH9_RX_CONT_ARM now=107197 rem=500 frames=0 errors=0
DBG_GATEWAY_CH9_RX_CONT_RESULT start=107197 end=107698 ret=-116 fail=0 status=0x00000000 len=0 frames=0
DBG_GATEWAY_CH9_RX_CONT_ARM now=107700 rem=500 frames=0 errors=0
DBG_GATEWAY_CH9_RX_CONT_RESULT start=107700 end=108201 ret=-116 fail=0 status=0x00000000 len=0 frames=0
DBG_GATEWAY_CH9_RX_CONT_ARM now=108203 rem=500 frames=0 errors=0
DBG_GATEWAY_CH9_RX_CONT_RESULT start=108203 end=108704 ret=-116 fail=0 status=0x00000000 len=0 frames=0
DBG_GATEWAY_CH9_RX_CONT_ARM now=108706 rem=500 frames=0 errors=0
DBG_GATEWAY_CH9_RX_CONT_RESULT start=108706 end=109207 ret=-116 fail=0 status=0x00000000 len=0 frames=0
DBG_GATEWAY_CH9_RX_CONT_ARM now=109209 rem=500 frames=0 errors=0
DBG_GATEWAY_CH9_RX_CONT_RESULT start=109209 end=109710 ret=-116 fail=0 status=0x00000000 len=0 frames=0
DBG_GATEWAY_CH9_RX_CONT_ARM now=109712 rem=500 frames=0 errors=0
DBG_GATEWAY_CH9_RX_CONT_RESULT start=109712 end=110213 ret=-116 fail=0 status=0x00000000 len=0 frames=0
DBG_GATEWAY_CH9_RX_CONT_ARM now=110215 rem=500 frames=0 errors=0
DBG_GATEWAY_CH9_RX_CONT_RESULT start=110215 end=110716 ret=-116 fail=0 status=0x00000000 len=0 frames=0
DBG_GATEWAY_CH9_RX_CONT_ARM now=110718 rem=500 frames=0 errors=0
DBG_GATEWAY_CH9_RX_CONT_RESULT start=110718 end=111219 ret=-116 fail=0 status=0x00000000 len=0 frames=0
DBG_GATEWAY_CH9_RX_CONT_ARM now=111221 rem=500 frames=0 errors=0
DBG_GATEWAY_CH9_RX_CONT_RESULT start=111221 end=111722 ret=-116 fail=0 status=0x00000000 len=0 frames=0
DBG_GATEWAY_COMMAND_PRIORITY_SUBMIT ret=0 now=111723
DBG_GATEWAY_CH9_RX_CONT_ARM now=111724 rem=500 frames=0 errors=0
DBG_GATEWAY_CH9_RX_CONT_RESULT start=111724 end=111725 ret=-140 fail=0 status=0x00000000 len=0 frames=0
DBG_GATEWAY_CH9_RX_COMMAND_PREEMPT now=111726 rem=500 frames=0
DBG_GATEWAY_CH9_RX_CONT_DONE ret=-140 len=0 fail=0 recover=0
DBG_ENUM_TABLE_TX epoch=49545224 count=3 round=1 ret=-22
DBG_GATEWAY_CH9_RX_CONT_ARM now=111727 rem=500 frames=0 errors=0
DBG_GATEWAY_CH9_RX_CONT_RESULT start=111727 end=112228 ret=-116 fail=0 status=0x00000000 len=0 frames=0
DBG_GATEWAY_CH9_RX_CONT_ARM now=112230 rem=500 frames=0 errors=0
DBG_GATEWAY_CH9_RX_CONT_RESULT start=112230 end=112731 ret=-116 fail=0 status=0x00000000 len=0 frames=0
DBG_GATEWAY_CH9_RX_CONT_ARM now=112733 rem=500 frames=0 errors=0
DBG_GATEWAY_CH9_RX_CONT_RESULT start=112733 end=113234 ret=-116 fail=0 status=0x00000000 len=0 frames=0
DBG_GATEWAY_CH9_RX_CONT_ARM now=113236 rem=500 frames=0 errors=0
DBG_GATEWAY_CH9_RX_CONT_RESULT start=113236 end=113737 ret=-116 fail=0 status=0x00000000 len=0 frames=0
DBG_GATEWAY_CH9_RX_CONT_ARM now=113739 rem=500 frames=0 errors=0
DBG_GATEWAY_CH9_RX_CONT_RESULT start=113739 end=114240 ret=-116 fail=0 status=0x00000000 len=0 frames=0
DBG_GATEWAY_CH9_RX_CONT_ARM now=114242 rem=500 frames=0 errors=0
DBG_GATEWAY_CH9_RX_CONT_RESULT start=114242 end=114743 ret=-116 fail=0 status=0x00000000 len=0 frames=0
DBG_GATEWAY_CH9_RX_CONT_ARM now=114745 rem=500 frames=0 errors=0
DBG_GATEWAY_CH9_RX_CONT_RESULT start=114745 end=115246 ret=-116 fail=0 status=0x00000000 len=0 frames=0
DBG_GATEWAY_CH9_RX_CONT_ARM now=115248 rem=500 frames=0 errors=0
DBG_GATEWAY_CH9_RX_CONT_RESULT start=115248 end=115749 ret=-116 fail=0 status=0x00000000 len=0 frames=0
DBG_GATEWAY_CH9_RX_CONT_ARM now=115751 rem=500 frames=0 errors=0
DBG_GATEWAY_CH9_RX_CONT_RESULT start=115751 end=116252 ret=-116 fail=0 status=0x00000000 len=0 frames=0
DBG_GATEWAY_COMMAND_PRIORITY_SUBMIT ret=0 now=116253
DBG_GATEWAY_CH9_RX_CONT_ARM now=116254 rem=500 frames=0 errors=0
DBG_GATEWAY_CH9_RX_CONT_RESULT start=116254 end=116255 ret=-140 fail=0 status=0x00000000 len=0 frames=0
DBG_GATEWAY_CH9_RX_COMMAND_PREEMPT now=116256 rem=500 frames=0
DBG_GATEWAY_CH9_RX_CONT_DONE ret=-140 len=0 fail=0 recover=0
DBG_ENUM_TABLE_TX epoch=49545224 count=3 round=1 ret=-22
DBG_GATEWAY_CH9_RX_CONT_ARM now=116257 rem=500 frames=0 errors=0
DBG_GATEWAY_CH9_RX_CONT_RESULT start=116257 end=116758 ret=-116 fail=0 status=0x00000000 len=0 frames=0
DBG_GATEWAY_CH9_RX_CONT_ARM now=116760 rem=500 frames=0 errors=0
DBG_GATEWAY_CH9_RX_CONT_RESULT start=116760 end=117261 ret=-116 fail=0 status=0x00000000 len=0 frames=0
DBG_GATEWAY_CH9_RX_CONT_ARM now=117263 rem=500 frames=0 errors=0
DBG_GATEWAY_CH9_RX_CONT_RESULT start=117263 end=117764 ret=-116 fail=0 status=0x00000000 len=0 frames=0
DBG_GATEWAY_CH9_RX_CONT_ARM now=117766 rem=500 frames=0 errors=0
DBG_GATEWAY_CH9_RX_CONT_RESULT start=117766 end=118267 ret=-116 fail=0 status=0x00000000 len=0 frames=0
DBG_GATEWAY_CH9_RX_CONT_ARM now=118269 rem=500 frames=0 errors=0
DBG_GATEWAY_CH9_RX_CONT_RESULT start=118269 end=118770 ret=-116 fail=0 status=0x00000000 len=0 frames=0
DBG_GATEWAY_CH9_RX_CONT_ARM now=118772 rem=500 frames=0 errors=0
DBG_GATEWAY_CH9_RX_CONT_RESULT start=118772 end=119273 ret=-116 fail=0 status=0x00000000 len=0 frames=0
DBG_GATEWAY_CH9_RX_CONT_ARM now=119275 rem=500 frames=0 errors=0
DBG_GATEWAY_CH9_RX_CONT_RESULT start=119275 end=119776 ret=-116 fail=0 status=0x00000000 len=0 frames=0
DBG_GATEWAY_CH9_RX_CONT_ARM now=119778 rem=500 frames=0 errors=0
DBG_GATEWAY_CH9_RX_CONT_RESULT start=119778 end=120279 ret=-116 fail=0 status=0x00000000 len=0 frames=0
DBG_GATEWAY_CH9_RX_CONT_ARM now=120281 rem=500 frames=0 errors=0
DBG_GATEWAY_CH9_RX_CONT_RESULT start=120281 end=120782 ret=-116 fail=0 status=0x00000000 len=0 frames=0
DBG_GATEWAY_CH9_RX_CONT_ARM now=120784 rem=500 frames=0 errors=0
DBG_GATEWAY_CH9_RX_CONT_RESULT start=120784 end=121285 ret=-116 fail=0 status=0x00000000 len=0 frames=0
DBG_GATEWAY_COMMAND_PRIORITY_SUBMIT ret=0 now=121286
DBG_GATEWAY_CH9_RX_CONT_ARM now=121287 rem=500 frames=0 errors=0
DBG_GATEWAY_CH9_RX_CONT_RESULT start=121287 end=121288 ret=-140 fail=0 status=0x00000000 len=0 frames=0
DBG_GATEWAY_CH9_RX_COMMAND_PREEMPT now=121289 rem=500 frames=0
DBG_GATEWAY_CH9_RX_CONT_DONE ret=-140 len=0 fail=0 recover=0
DBG_ENUM_TABLE_TX epoch=49545224 count=3 round=1 ret=-22
DBG_GATEWAY_CH9_RX_CONT_ARM now=121290 rem=500 frames=0 errors=0
