BLE_CONNECTED gateway_id=0x9999888877776666 command=monitor
BLE_CHUNK len=244 hex=47570128010100002024010009d1e35d58f8c0da3b3a6d0f666677778888999900000000dc00ee0f0b082dab38516a30c2c10a0858f8c0da3b3a6d0f161858f8c0da3b3a6d0fe3640ad62b129996ae4a1008b5f535ea060401001601a90101aa01010708d3bf0100000000000c04410100000f0204002510430100003e010000370100004b010000280400010203292086c5010000000000e8c50100000000004bc6010000000000aec60100000000003404010100163304060000003502e880360290013804b8c5f30e3904060000003a04060000003b04000000003c04000000003d0201004201054d02de004e048b1600000d
BLE_CHUNK len=16 hex=01642401a5260692c4ff910e00210100
BLE_PACKET type=0x20 src=0x0f6d3a3bdac0f858 dst=0x9999888877776666 session=1575211273 seq=1 payload=0b082dab38516a30c2c10a0858f8c0da3b3a6d0f161858f8c0da3b3a6d0fe3640ad62b129996ae4a1008b5f535ea060401001601a90101aa01010708d3bf0100000000000c04410100000f0204002510430100003e010000370100004b010000280400010203292086c5010000000000e8c50100000000004bc6010000000000aec60100000000003404010100163304060000003502e880360290013804b8c5f30e3904060000003a04060000003b04000000003c04000000003d0201004201054d02de004e048b1600000d01642401a5260692c4ff910e00210100
BLE_HOST_RECEIPT type=0x20 src=0x0f6d3a3bdac0f858 session=1575211273 seq=1
BLE_CHUNK len=244 hex=47570128010100002024010009d1e35dae4a1008b5f535ea666677778888999900000000dc00b8030b082dab38516a30c2c10a08ae4a1008b5f535ea161858f8c0da3b3a6d0fe3640ad62b129996ae4a1008b5f535ea060401001601a90101aa0101070846b90100000000000c04420200000f020400251057020000530200002b0200003402000028040001020329201abf0100000000007dbf010000000000e0bf01000000000043c00100000000003404010100163304060000003502e880360290013804b5e073023904060000003a04060000003b04000000003c04000000003d0201004201054d023f004e04410600000d
BLE_CHUNK len=16 hex=01642401a32606f06200a89cff210100
BLE_PACKET type=0x20 src=0xea35f5b508104aae dst=0x9999888877776666 session=1575211273 seq=1 payload=0b082dab38516a30c2c10a08ae4a1008b5f535ea161858f8c0da3b3a6d0fe3640ad62b129996ae4a1008b5f535ea060401001601a90101aa0101070846b90100000000000c04420200000f020400251057020000530200002b0200003402000028040001020329201abf0100000000007dbf010000000000e0bf01000000000043c00100000000003404010100163304060000003502e880360290013804b5e073023904060000003a04060000003b04000000003c04000000003d0201004201054d023f004e04410600000d01642401a32606f06200a89cff210100
BLE_HOST_RECEIPT type=0x20 src=0xea35f5b508104aae session=1575211273 seq=1
BLE_CHUNK len=244 hex=47570128010100002024010009d1e35de3640ad62b129996666677778888999900000000dc001d630b082dab38516a30c2c10a08e3640ad62b129996161858f8c0da3b3a6d0fe3640ad62b129996ae4a1008b5f535ea060401001601a90101aa0101070877bc0100000000000c04e90100000f0204002510cb010000d0010000f50100001502000028040001020329206cc2010000000000cfc201000000000032c301000000000095c30100000000003404010100163304060000003502e880360290013804fda718023904060000003a04060000003b04000000003c04000000003d0201004201054d02fbff4e0484ffffff0d
BLE_CHUNK len=16 hex=01642401a326069b0300d389ff210100
BLE_PACKET type=0x20 src=0x9699122bd60a64e3 dst=0x9999888877776666 session=1575211273 seq=1 payload=0b082dab38516a30c2c10a08e3640ad62b129996161858f8c0da3b3a6d0fe3640ad62b129996ae4a1008b5f535ea060401001601a90101aa0101070877bc0100000000000c04e90100000f0204002510cb010000d0010000f50100001502000028040001020329206cc2010000000000cfc201000000000032c301000000000095c30100000000003404010100163304060000003502e880360290013804fda718023904060000003a04060000003b04000000003c04000000003d0201004201054d02fbff4e0484ffffff0d01642401a326069b0300d389ff210100
BLE_HOST_RECEIPT type=0x20 src=0x9699122bd60a64e3 session=1575211273 seq=1
BLE_CHUNK len=244 hex=47570128010100002024010092eead7458f8c0da3b3a6d0f666677778888999900000000dc0094a00b082dab38516a30c2c10a0858f8c0da3b3a6d0f161858f8c0da3b3a6d0fe3640ad62b129996ae4a1008b5f535ea060402001601a90101aa010107081fd40100000000000c04530100000f0204002510430100005e0100005b0100004e010000280400010203292085de010000000000e8de0100000000004bdf010000000000aedf0100000000003404010200163304060000003502e8803602900138049729250f3904060000003a04060000003b04000000003c04000000003d0201004201054d02df004e04d31600000d
BLE_CHUNK len=16 hex=01642401a52606f7330052c3ff210100
BLE_PACKET type=0x20 src=0x0f6d3a3bdac0f858 dst=0x9999888877776666 session=1957555858 seq=1 payload=0b082dab38516a30c2c10a0858f8c0da3b3a6d0f161858f8c0da3b3a6d0fe3640ad62b129996ae4a1008b5f535ea060402001601a90101aa010107081fd40100000000000c04530100000f0204002510430100005e0100005b0100004e010000280400010203292085de010000000000e8de0100000000004bdf010000000000aedf0100000000003404010200163304060000003502e8803602900138049729250f3904060000003a04060000003b04000000003c04000000003d0201004201054d02df004e04d31600000d01642401a52606f7330052c3ff210100
BLE_HOST_RECEIPT type=0x20 src=0x0f6d3a3bdac0f858 session=1957555858 seq=1
BLE_CHUNK len=244 hex=47570128010100002024010092eead74e3640ad62b129996666677778888999900000000dc00a7560b082dab38516a30c2c10a08e3640ad62b129996161858f8c0da3b3a6d0fe3640ad62b129996ae4a1008b5f535ea060402001601a90101aa01010708c4d00100000000000c04c90100000f0204002510b4010000c4010000dc010000d001000028040001020329206bdb010000000000cedb01000000000031dc01000000000095dc0100000000003404010200163304060000003502e880360290013804a55a4a023904060000003a04060000003b04000000003c04000000003d0201004201054d02f9ff4e04cbffffff0d
BLE_CHUNK len=16 hex=01642401a52606985500a10700210100
BLE_PACKET type=0x20 src=0x9699122bd60a64e3 dst=0x9999888877776666 session=1957555858 seq=1 payload=0b082dab38516a30c2c10a08e3640ad62b129996161858f8c0da3b3a6d0fe3640ad62b129996ae4a1008b5f535ea060402001601a90101aa01010708c4d00100000000000c04c90100000f0204002510b4010000c4010000dc010000d001000028040001020329206bdb010000000000cedb01000000000031dc01000000000095dc0100000000003404010200163304060000003502e880360290013804a55a4a023904060000003a04060000003b04000000003c04000000003d0201004201054d02f9ff4e04cbffffff0d01642401a52606985500a10700210100
BLE_HOST_RECEIPT type=0x20 src=0x9699122bd60a64e3 session=1957555858 seq=1
BLE_CHUNK len=244 hex=47570128010100002024010092eead74ae4a1008b5f535ea666677778888999900000000dc0046c50b082dab38516a30c2c10a08ae4a1008b5f535ea161858f8c0da3b3a6d0fe3640ad62b129996ae4a1008b5f535ea060402001601a90101aa0101070892cd0100000000000c049f0200000f02040025109a0200009f0200009a020000aa020000280400010203292019d80100000000007cd8010000000000dfd801000000000042d90100000000003404010200163304060000003502e880360290013804437c9f023904060000003a04060000003b04000000003c04000000003d0201004201054d0245004e041d0700000d
BLE_CHUNK len=16 hex=01642401a326068d2b00e288ff210100
BLE_PACKET type=0x20 src=0xea35f5b508104aae dst=0x9999888877776666 session=1957555858 seq=1 payload=0b082dab38516a30c2c10a08ae4a1008b5f535ea161858f8c0da3b3a6d0fe3640ad62b129996ae4a1008b5f535ea060402001601a90101aa0101070892cd0100000000000c049f0200000f02040025109a0200009f0200009a020000aa020000280400010203292019d80100000000007cd8010000000000dfd801000000000042d90100000000003404010200163304060000003502e880360290013804437c9f023904060000003a04060000003b04000000003c04000000003d0201004201054d0245004e041d0700000d01642401a326068d2b00e288ff210100
BLE_HOST_RECEIPT type=0x20 src=0xea35f5b508104aae session=1957555858 seq=1
BLE_CHUNK len=244 hex=475701280101000020240100a7b2812658f8c0da3b3a6d0f666677778888999901000000dc00b9f20b082dab38516a30c2c10a0858f8c0da3b3a6d0f161858f8c0da3b3a6d0fe3640ad62b129996ae4a1008b5f535ea060403001601a90101aa0101070838e80100000000000c04480100000f02040025105b010000550100003b0100003601000028040001020329205001020000000000b301020000000000160202000000000078020200000000003404010300163304060000003502e880360290013804e95c730f3904060000003a04060000003b04000000003c04000000003d0201004201054d02de004e04981600000d
BLE_CHUNK len=16 hex=01642401a52606fe2e00708bff210100
BLE_PACKET type=0x20 src=0x0f6d3a3bdac0f858 dst=0x9999888877776666 session=646034087 seq=1 payload=0b082dab38516a30c2c10a0858f8c0da3b3a6d0f161858f8c0da3b3a6d0fe3640ad62b129996ae4a1008b5f535ea060403001601a90101aa0101070838e80100000000000c04480100000f02040025105b010000550100003b0100003601000028040001020329205001020000000000b301020000000000160202000000000078020200000000003404010300163304060000003502e880360290013804e95c730f3904060000003a04060000003b04000000003c04000000003d0201004201054d02de004e04981600000d01642401a52606fe2e00708bff210100
BLE_HOST_RECEIPT type=0x20 src=0x0f6d3a3bdac0f858 session=646034087 seq=1
BLE_CHUNK len=244 hex=475701280101000020240100a7b28126ae4a1008b5f535ea666677778888999900000000dc00bab60b082dab38516a30c2c10a08ae4a1008b5f535ea161858f8c0da3b3a6d0fe3640ad62b129996ae4a1008b5f535ea060403001601a90101aa01010708abe10100000000000c045b0200000f0204002510610200004c02000056020000670200002804000102032920e4fa01000000000047fb010000000000aafb0100000000000efc0100000000003404010300163304060000003502e8803602900138044578d1023904060000003a04060000003b04000000003c04000000003d0201004201054d0247004e041c0700000d
BLE_CHUNK len=16 hex=01642401a42606f53400c05f00210100
BLE_PACKET type=0x20 src=0xea35f5b508104aae dst=0x9999888877776666 session=646034087 seq=1 payload=0b082dab38516a30c2c10a08ae4a1008b5f535ea161858f8c0da3b3a6d0fe3640ad62b129996ae4a1008b5f535ea060403001601a90101aa01010708abe10100000000000c045b0200000f0204002510610200004c02000056020000670200002804000102032920e4fa01000000000047fb010000000000aafb0100000000000efc0100000000003404010300163304060000003502e8803602900138044578d1023904060000003a04060000003b04000000003c04000000003d0201004201054d0247004e041c0700000d01642401a42606f53400c05f00210100
BLE_HOST_RECEIPT type=0x20 src=0xea35f5b508104aae session=646034087 seq=1
BLE_CHUNK len=244 hex=475701280101000020240100f035adbc58f8c0da3b3a6d0f666677778888999900000000dc0022b20b082dab38516a30c2c10a0858f8c0da3b3a6d0f161858f8c0da3b3a6d0fe3640ad62b129996ae4a1008b5f535ea060404001601a90101aa0101070839fc0100000000000c04530100000f0204002510510100004e010000500100005c010000280400010203292021100200000000008410020000000000e71002000000000049110200000000003404010400163304060000003502e8803602900138048c43910f3904060000003a04060000003b04000000003c04000000003d0201004201054d02e0004e04bc1600000d
BLE_CHUNK len=16 hex=01642401a52606065e00b75700210100
BLE_PACKET type=0x20 src=0x0f6d3a3bdac0f858 dst=0x9999888877776666 session=3165468144 seq=1 payload=0b082dab38516a30c2c10a0858f8c0da3b3a6d0f161858f8c0da3b3a6d0fe3640ad62b129996ae4a1008b5f535ea060404001601a90101aa0101070839fc0100000000000c04530100000f0204002510510100004e010000500100005c010000280400010203292021100200000000008410020000000000e71002000000000049110200000000003404010400163304060000003502e8803602900138048c43910f3904060000003a04060000003b04000000003c04000000003d0201004201054d02e0004e04bc1600000d01642401a52606065e00b75700210100
BLE_HOST_RECEIPT type=0x20 src=0x0f6d3a3bdac0f858 session=3165468144 seq=1
BLE_CHUNK len=244 hex=475701280101000020240100a7b28126e3640ad62b129996666677778888999900000000dc00b0eb0b082dab38516a30c2c10a08e3640ad62b129996161858f8c0da3b3a6d0fe3640ad62b129996ae4a1008b5f535ea060403001601a90101aa01010708dce40100000000000c04350200000f02040025101e0200000e0200004a0200005d020000280400010203292036fe01000000000099fe010000000000fcfe01000000000060ff0100000000003404010300163304060000003502e880360290013804459c95023904060000003a04060000003b04000000003c04000000003d0201004201054d0200004e04daffffff0d
BLE_CHUNK len=16 hex=01642401a526066964ffdcfc00210100
BLE_PACKET type=0x20 src=0x9699122bd60a64e3 dst=0x9999888877776666 session=646034087 seq=1 payload=0b082dab38516a30c2c10a08e3640ad62b129996161858f8c0da3b3a6d0fe3640ad62b129996ae4a1008b5f535ea060403001601a90101aa01010708dce40100000000000c04350200000f02040025101e0200000e0200004a0200005d020000280400010203292036fe01000000000099fe010000000000fcfe01000000000060ff0100000000003404010300163304060000003502e880360290013804459c95023904060000003a04060000003b04000000003c04000000003d0201004201054d0200004e04daffffff0d01642401a526066964ffdcfc00210100
BLE_HOST_RECEIPT type=0x20 src=0x9699122bd60a64e3 session=646034087 seq=1
BLE_CHUNK len=244 hex=47570128010100002024010005fa806e58f8c0da3b3a6d0f666677778888999900000000dc00b18c0b082dab38516a30c2c10a0858f8c0da3b3a6d0f161858f8c0da3b3a6d0fe3640ad62b129996ae4a1008b5f535ea060405001601a90101aa0101070873100200000000000c04dc0100000f0204002510be010000dd010000ee010000e60100002804000102032920d22402000000000035250200000000009825020000000000fb250200000000003404010500163304060000003502e88036029001380464eec20f3904060000003a04060000003b04000000003c04000000003d0201004201054d02e1004e046d1600000d
BLE_CHUNK len=16 hex=01642401a42606797a00336000210100
BLE_PACKET type=0x20 src=0x0f6d3a3bdac0f858 dst=0x9999888877776666 session=1853946373 seq=1 payload=0b082dab38516a30c2c10a0858f8c0da3b3a6d0f161858f8c0da3b3a6d0fe3640ad62b129996ae4a1008b5f535ea060405001601a90101aa0101070873100200000000000c04dc0100000f0204002510be010000dd010000ee010000e60100002804000102032920d22402000000000035250200000000009825020000000000fb250200000000003404010500163304060000003502e88036029001380464eec20f3904060000003a04060000003b04000000003c04000000003d0201004201054d02e1004e046d1600000d01642401a42606797a00336000210100
BLE_HOST_RECEIPT type=0x20 src=0x0f6d3a3bdac0f858 session=1853946373 seq=1
BLE_CHUNK len=244 hex=475701280101000020240100f035adbcae4a1008b5f535ea666677778888999900000000dc00ad480b082dab38516a30c2c10a08ae4a1008b5f535ea161858f8c0da3b3a6d0fe3640ad62b129996ae4a1008b5f535ea060404001601a90101aa01010708acf50100000000000c046c0200000f02040025103d02000090020000790200006b0200002804000102032920b509020000000000180a0200000000007b0a020000000000de0a0200000000003404010400163304060000003502e8803602900138044d66e6023904060000003a04060000003b04000000003c04000000003d0201004201054d0246004e04350700000d
BLE_CHUNK len=16 hex=01642401a42606320601da1fff210100
BLE_PACKET type=0x20 src=0xea35f5b508104aae dst=0x9999888877776666 session=3165468144 seq=1 payload=0b082dab38516a30c2c10a08ae4a1008b5f535ea161858f8c0da3b3a6d0fe3640ad62b129996ae4a1008b5f535ea060404001601a90101aa01010708acf50100000000000c046c0200000f02040025103d02000090020000790200006b0200002804000102032920b509020000000000180a0200000000007b0a020000000000de0a0200000000003404010400163304060000003502e8803602900138044d66e6023904060000003a04060000003b04000000003c04000000003d0201004201054d0246004e04350700000d01642401a42606320601da1fff210100
BLE_HOST_RECEIPT type=0x20 src=0xea35f5b508104aae session=3165468144 seq=1
BLE_CHUNK len=244 hex=47570128010100002024010005fa806eae4a1008b5f535ea666677778888999900000000dc0068e30b082dab38516a30c2c10a08ae4a1008b5f535ea161858f8c0da3b3a6d0fe3640ad62b129996ae4a1008b5f535ea060405001601a90101aa01010708e6090200000000000c04af0200000f0204002510b30200009e020000af020000ba0200002804000102032920661e020000000000c91e0200000000002c1f0200000000008f1f0200000000003404010500163304060000003502e880360290013804ff1e12033904060000003a04060000003b04000000003c04000000003d0201004201054d0249004e04300700000d
BLE_CHUNK len=16 hex=01642401a326067a7600da6800210100
BLE_PACKET type=0x20 src=0xea35f5b508104aae dst=0x9999888877776666 session=1853946373 seq=1 payload=0b082dab38516a30c2c10a08ae4a1008b5f535ea161858f8c0da3b3a6d0fe3640ad62b129996ae4a1008b5f535ea060405001601a90101aa01010708e6090200000000000c04af0200000f0204002510b30200009e020000af020000ba0200002804000102032920661e020000000000c91e0200000000002c1f0200000000008f1f0200000000003404010500163304060000003502e880360290013804ff1e12033904060000003a04060000003b04000000003c04000000003d0201004201054d0249004e04300700000d01642401a326067a7600da6800210100
BLE_HOST_RECEIPT type=0x20 src=0xea35f5b508104aae session=1853946373 seq=1
BLE_CHUNK len=244 hex=475701280101000020240100f035adbce3640ad62b129996666677778888999900000000dc0008850b082dab38516a30c2c10a08e3640ad62b129996161858f8c0da3b3a6d0fe3640ad62b129996ae4a1008b5f535ea060404001601a90101aa01010708ddf80100000000000c04dc0100000f0204002510d8010000e7010000d5010000dd0100002804000102032920070d0200000000006a0d020000000000cd0d020000000000300e0200000000003404010400163304060000003502e8803602900138042fb7bd023904060000003a04060000003b04000000003c04000000003d0201004201054d0201004e041a0000000d
BLE_CHUNK len=16 hex=01642401a5260611edff432c00210100
BLE_PACKET type=0x20 src=0x9699122bd60a64e3 dst=0x9999888877776666 session=3165468144 seq=1 payload=0b082dab38516a30c2c10a08e3640ad62b129996161858f8c0da3b3a6d0fe3640ad62b129996ae4a1008b5f535ea060404001601a90101aa01010708ddf80100000000000c04dc0100000f0204002510d8010000e7010000d5010000dd0100002804000102032920070d0200000000006a0d020000000000cd0d020000000000300e0200000000003404010400163304060000003502e8803602900138042fb7bd023904060000003a04060000003b04000000003c04000000003d0201004201054d0201004e041a0000000d01642401a5260611edff432c00210100
BLE_HOST_RECEIPT type=0x20 src=0x9699122bd60a64e3 session=3165468144 seq=1
BLE_CHUNK len=244 hex=4757012801010000202401008e174b8558f8c0da3b3a6d0f666677778888999900000000dc00ccf10b082dab38516a30c2c10a0858f8c0da3b3a6d0f161858f8c0da3b3a6d0fe3640ad62b129996ae4a1008b5f535ea060406001601a90101aa010107088d240200000000000c04d80100000f0204002510bc010000cc010000ee010000ea0100002804000102032920ad3e020000000000103f020000000000733f020000000000d63f0200000000003404010600163304060000003502e8803602900138045453ff0f3904060000003a04060000003b04000000003c04000000003d0201004201054d02e1004e04e41600000d
BLE_CHUNK len=16 hex=01642401a32606e2b0ffdd4800210100
BLE_PACKET type=0x20 src=0x0f6d3a3bdac0f858 dst=0x9999888877776666 session=2236290958 seq=1 payload=0b082dab38516a30c2c10a0858f8c0da3b3a6d0f161858f8c0da3b3a6d0fe3640ad62b129996ae4a1008b5f535ea060406001601a90101aa010107088d240200000000000c04d80100000f0204002510bc010000cc010000ee010000ea0100002804000102032920ad3e020000000000103f020000000000733f020000000000d63f0200000000003404010600163304060000003502e8803602900138045453ff0f3904060000003a04060000003b04000000003c04000000003d0201004201054d02e1004e04e41600000d01642401a32606e2b0ffdd4800210100
BLE_HOST_RECEIPT type=0x20 src=0x0f6d3a3bdac0f858 session=2236290958 seq=1
BLE_CHUNK len=244 hex=47570128010100002024010005fa806ee3640ad62b129996666677778888999900000000dc00982f0b082dab38516a30c2c10a08e3640ad62b129996161858f8c0da3b3a6d0fe3640ad62b129996ae4a1008b5f535ea060405001601a90101aa01010708170d0200000000000c04e30100000f0204002510e8010000d3010000e1010000f00100002804000102032920b8210200000000001b220200000000007e22020000000000e1220200000000003404010500163304060000003502e88036029001380447c3e4023904060000003a04060000003b04000000003c04000000003d0201004201054d0201004e040d0000000d
BLE_CHUNK len=16 hex=01642401a52606842c00c53f00210100
BLE_PACKET type=0x20 src=0x9699122bd60a64e3 dst=0x9999888877776666 session=1853946373 seq=1 payload=0b082dab38516a30c2c10a08e3640ad62b129996161858f8c0da3b3a6d0fe3640ad62b129996ae4a1008b5f535ea060405001601a90101aa01010708170d0200000000000c04e30100000f0204002510e8010000d3010000e1010000f00100002804000102032920b8210200000000001b220200000000007e22020000000000e1220200000000003404010500163304060000003502e88036029001380447c3e4023904060000003a04060000003b04000000003c04000000003d0201004201054d0201004e040d0000000d01642401a52606842c00c53f00210100
BLE_HOST_RECEIPT type=0x20 src=0x9699122bd60a64e3 session=1853946373 seq=1
BLE_CHUNK len=244 hex=475701280101000020240100a3db1e3758f8c0da3b3a6d0f666677778888999900000000dc00c2720b082dab38516a30c2c10a0858f8c0da3b3a6d0f161858f8c0da3b3a6d0fe3640ad62b129996ae4a1008b5f535ea060407001601a90101aa01010708d6380200000000000c04420100000f020400251040010000480100003e0100004001000028040001020329207d4d020000000000e04d020000000000424e020000000000a54e0200000000003404010700163304060000003502e8803602900138049ca519103904060000003a04060000003b04000000003c04000000003d0201004201054d02de004e048e1600000d
BLE_CHUNK len=16 hex=01642401a52606d544ffe39b00210100
BLE_PACKET type=0x20 src=0x0f6d3a3bdac0f858 dst=0x9999888877776666 session=924769187 seq=1 payload=0b082dab38516a30c2c10a0858f8c0da3b3a6d0f161858f8c0da3b3a6d0fe3640ad62b129996ae4a1008b5f535ea060407001601a90101aa01010708d6380200000000000c04420100000f020400251040010000480100003e0100004001000028040001020329207d4d020000000000e04d020000000000424e020000000000a54e0200000000003404010700163304060000003502e8803602900138049ca519103904060000003a04060000003b04000000003c04000000003d0201004201054d02de004e048e1600000d01642401a52606d544ffe39b00210100
BLE_HOST_RECEIPT type=0x20 src=0x0f6d3a3bdac0f858 session=924769187 seq=1
BLE_CHUNK len=244 hex=4757012801010000202401008e174b85e3640ad62b129996666677778888999901000000dc008dfb0b082dab38516a30c2c10a08e3640ad62b129996161858f8c0da3b3a6d0fe3640ad62b129996ae4a1008b5f535ea060406001601a90101aa0101070832210200000000000c04e30100000f0204002510e4010000c1010000f9010000ee0100002804000102032920933b020000000000f73b020000000000593c020000000000bc3c0200000000003404010600163304060000003502e8803602900138045df717033904060000003a04060000003b04000000003c04000000003d0201004201054d0203004e04290000000d
BLE_CHUNK len=16 hex=01642401a5260684a000bf3400210100
BLE_PACKET type=0x20 src=0x9699122bd60a64e3 dst=0x9999888877776666 session=2236290958 seq=1 payload=0b082dab38516a30c2c10a08e3640ad62b129996161858f8c0da3b3a6d0fe3640ad62b129996ae4a1008b5f535ea060406001601a90101aa0101070832210200000000000c04e30100000f0204002510e4010000c1010000f9010000ee0100002804000102032920933b020000000000f73b020000000000593c020000000000bc3c0200000000003404010600163304060000003502e8803602900138045df717033904060000003a04060000003b04000000003c04000000003d0201004201054d0203004e04290000000d01642401a5260684a000bf3400210100
BLE_HOST_RECEIPT type=0x20 src=0x9699122bd60a64e3 session=2236290958 seq=1
BLE_CHUNK len=244 hex=4757012801010000202401009c52c1ed58f8c0da3b3a6d0f666677778888999900000000dc00e95e0b082dab38516a30c2c10a0858f8c0da3b3a6d0f161858f8c0da3b3a6d0fe3640ad62b129996ae4a1008b5f535ea060408001601a90101aa01010708e64c0200000000000c04590100000f02040025105c0100004f010000590100006001000028040001020329204e5c020000000000b05c020000000000135d020000000000775d0200000000003404010800163304060000003502e880360290013804cc6c36103904060000003a04060000003b04000000003c04000000003d0201004201054d02de004e047a1600000d
BLE_CHUNK len=16 hex=01642401a52606580eff889400210100
BLE_PACKET type=0x20 src=0x0f6d3a3bdac0f858 dst=0x9999888877776666 session=3988869788 seq=1 payload=0b082dab38516a30c2c10a0858f8c0da3b3a6d0f161858f8c0da3b3a6d0fe3640ad62b129996ae4a1008b5f535ea060408001601a90101aa01010708e64c0200000000000c04590100000f02040025105c0100004f010000590100006001000028040001020329204e5c020000000000b05c020000000000135d020000000000775d0200000000003404010800163304060000003502e880360290013804cc6c36103904060000003a04060000003b04000000003c04000000003d0201004201054d02de004e047a1600000d01642401a52606580eff889400210100
BLE_HOST_RECEIPT type=0x20 src=0x0f6d3a3bdac0f858 session=3988869788 seq=1
BLE_CHUNK len=244 hex=4757012801010000202401008e174b85ae4a1008b5f535ea666677778888999901000000dc0031130b082dab38516a30c2c10a08ae4a1008b5f535ea161858f8c0da3b3a6d0fe3640ad62b129996ae4a1008b5f535ea060406001601a90101aa01010708001e0200000000000c044d0200000f0204002510460200006c0200003d0200004602000028040001020329204138020000000000a43802000000000007390200000000006a390200000000003404010600163304060000003502e8803602900138046f8743033904060000003a04060000003b04000000003c04000000003d0201004201054d0248004e048a0700000d
BLE_CHUNK len=16 hex=01642401a4260631560005c3ff210100
BLE_PACKET type=0x20 src=0xea35f5b508104aae dst=0x9999888877776666 session=2236290958 seq=1 payload=0b082dab38516a30c2c10a08ae4a1008b5f535ea161858f8c0da3b3a6d0fe3640ad62b129996ae4a1008b5f535ea060406001601a90101aa01010708001e0200000000000c044d0200000f0204002510460200006c0200003d0200004602000028040001020329204138020000000000a43802000000000007390200000000006a390200000000003404010600163304060000003502e8803602900138046f8743033904060000003a04060000003b04000000003c04000000003d0201004201054d0248004e048a0700000d01642401a4260631560005c3ff210100
BLE_HOST_RECEIPT type=0x20 src=0xea35f5b508104aae session=2236290958 seq=1
BLE_CHUNK len=244 hex=47570128010100002024010091c945df58f8c0da3b3a6d0f666677778888999900000000dc00906a0b082dab38516a30c2c10a0858f8c0da3b3a6d0f161858f8c0da3b3a6d0fe3640ad62b129996ae4a1008b5f535ea060409001601a90101aa010107081f610200000000000c04d70100000f0204002510d7010000dc010000cc010000dd01000028040001020329201e6b020000000000816b020000000000e46b020000000000476c0200000000003404010900163304060000003502e880360290013804e4fb5c103904060000003a04060000003b04000000003c04000000003d0201004201054d02df004e04d21600000d
BLE_CHUNK len=16 hex=01642401a32606d4d600d9da00210100
BLE_PACKET type=0x20 src=0x0f6d3a3bdac0f858 dst=0x9999888877776666 session=3745892753 seq=1 payload=0b082dab38516a30c2c10a0858f8c0da3b3a6d0f161858f8c0da3b3a6d0fe3640ad62b129996ae4a1008b5f535ea060409001601a90101aa010107081f610200000000000c04d70100000f0204002510d7010000dc010000cc010000dd01000028040001020329201e6b020000000000816b020000000000e46b020000000000476c0200000000003404010900163304060000003502e880360290013804e4fb5c103904060000003a04060000003b04000000003c04000000003d0201004201054d02df004e04d21600000d01642401a32606d4d600d9da00210100
BLE_HOST_RECEIPT type=0x20 src=0x0f6d3a3bdac0f858 session=3745892753 seq=1
BLE_CHUNK len=244 hex=475701280101000020240100a3db1e37e3640ad62b129996666677778888999900000000df00ba320b082dab38516a30c2c10a08e3640ad62b129996161858f8c0da3b3a6d0fe3640ad62b129996ae4a1008b5f535ea060407001601a90101aa010107087a350200000000000c04d70100000f0204002510d5010000ca010000d9010000e30100002804000102032920634a020000000000c74a0200000000002a4b0200000000008d4b0200000000003404010700163304060000003502e880360290013804a7f72c033904060000003a04060000003b04000000003c04000000003d0201004201054d0206004e04d60000000d
BLE_CHUNK len=19 hex=01642401a52606ef0500793300210100cd0102
BLE_PACKET type=0x20 src=0x9699122bd60a64e3 dst=0x9999888877776666 session=924769187 seq=1 payload=0b082dab38516a30c2c10a08e3640ad62b129996161858f8c0da3b3a6d0fe3640ad62b129996ae4a1008b5f535ea060407001601a90101aa010107087a350200000000000c04d70100000f0204002510d5010000ca010000d9010000e30100002804000102032920634a020000000000c74a0200000000002a4b0200000000008d4b0200000000003404010700163304060000003502e880360290013804a7f72c033904060000003a04060000003b04000000003c04000000003d0201004201054d0206004e04d60000000d01642401a52606ef0500793300210100cd0102
BLE_HOST_RECEIPT type=0x20 src=0x9699122bd60a64e3 session=924769187 seq=1
BLE_CHUNK len=244 hex=4757012801010000202401009c52c1ede3640ad62b129996666677778888999900000000df00e25d0b082dab38516a30c2c10a08e3640ad62b129996161858f8c0da3b3a6d0fe3640ad62b129996ae4a1008b5f535ea060408001601a90101aa010107088a490200000000000c04f60100000f0204002510fe010000fb01000010020000d0010000280400010203292034590200000000009859020000000000fb590200000000005e5a0200000000003404010800163304060000003502e880360290013804bdcd45033904060000003a04060000003b04000000003c04000000003d0201004201054d0207004e041b0000000d
BLE_CHUNK len=19 hex=01642401a52606d458004e2400210100cf0101
BLE_PACKET type=0x20 src=0x9699122bd60a64e3 dst=0x9999888877776666 session=3988869788 seq=1 payload=0b082dab38516a30c2c10a08e3640ad62b129996161858f8c0da3b3a6d0fe3640ad62b129996ae4a1008b5f535ea060408001601a90101aa010107088a490200000000000c04f60100000f0204002510fe010000fb01000010020000d0010000280400010203292034590200000000009859020000000000fb590200000000005e5a0200000000003404010800163304060000003502e880360290013804bdcd45033904060000003a04060000003b04000000003c04000000003d0201004201054d0207004e041b0000000d01642401a52606d458004e2400210100cf0101
BLE_HOST_RECEIPT type=0x20 src=0x9699122bd60a64e3 session=3988869788 seq=1
BLE_CHUNK len=244 hex=47570128010100002024010091c945dfe3640ad62b129996666677778888999900000000dc003b4f0b082dab38516a30c2c10a08e3640ad62b129996161858f8c0da3b3a6d0fe3640ad62b129996ae4a1008b5f535ea060409001601a90101aa01010708c45d0200000000000c04ee0100000f02040025100902000023020000da010000b3010000280400010203292005680200000000006768020000000000cb680200000000002d690200000000003404010900163304060000003502e880360290013804e7906c033904060000003a04060000003b04000000003c04000000003d0201004201054d0208004e042e0000000d
BLE_CHUNK len=16 hex=01642401a52606f8330084daff210100
BLE_PACKET type=0x20 src=0x9699122bd60a64e3 dst=0x9999888877776666 session=3745892753 seq=1 payload=0b082dab38516a30c2c10a08e3640ad62b129996161858f8c0da3b3a6d0fe3640ad62b129996ae4a1008b5f535ea060409001601a90101aa01010708c45d0200000000000c04ee0100000f02040025100902000023020000da010000b3010000280400010203292005680200000000006768020000000000cb680200000000002d690200000000003404010900163304060000003502e880360290013804e7906c033904060000003a04060000003b04000000003c04000000003d0201004201054d0208004e042e0000000d01642401a52606f8330084daff210100
BLE_HOST_RECEIPT type=0x20 src=0x9699122bd60a64e3 session=3745892753 seq=1
BLE_CHUNK len=244 hex=475701280101000020240100fa99c03558f8c0da3b3a6d0f666677778888999900000000dc00a16e0b082dab38516a30c2c10a0858f8c0da3b3a6d0f161858f8c0da3b3a6d0fe3640ad62b129996ae4a1008b5f535ea06040a001601a90101aa0101070867750200000000000c044d0100000f02040025104f010000540100004d0100004501000028040001020329200d7c020000000000707c020000000000d37c020000000000367d0200000000003404010a00163304060000003502e8803602900138043c2185103904060000003a04060000003b04000000003c04000000003d0201004201054d02e1004e04001700000d
BLE_CHUNK len=16 hex=01642401a52606ec89ff3e5800210100
BLE_PACKET type=0x20 src=0x0f6d3a3bdac0f858 dst=0x9999888877776666 session=901814778 seq=1 payload=0b082dab38516a30c2c10a0858f8c0da3b3a6d0f161858f8c0da3b3a6d0fe3640ad62b129996ae4a1008b5f535ea06040a001601a90101aa0101070867750200000000000c044d0100000f02040025104f010000540100004d0100004501000028040001020329200d7c020000000000707c020000000000d37c020000000000367d0200000000003404010a00163304060000003502e8803602900138043c2185103904060000003a04060000003b04000000003c04000000003d0201004201054d02e1004e04001700000d01642401a52606ec89ff3e5800210100
BLE_HOST_RECEIPT type=0x20 src=0x0f6d3a3bdac0f858 session=901814778 seq=1
BLE_CHUNK len=244 hex=475701280101000020240100a3db1e37ae4a1008b5f535ea666677778888999900000000df0011bd0b082dab38516a30c2c10a08ae4a1008b5f535ea161858f8c0da3b3a6d0fe3640ad62b129996ae4a1008b5f535ea060407001601a90101aa0101070849320200000000000c04530200000f0204002510350200003e0200006002000079020000280400010203292011470200000000007447020000000000d7470200000000003a480200000000003404010700163304060000003502e8803602900138045d2774033904060000003a04060000003b04000000003c04000000003d0201004201054d0248004e04380700000d
BLE_CHUNK len=19 hex=01642401a4260604adff4d73ff210100cd0101
BLE_PACKET type=0x20 src=0xea35f5b508104aae dst=0x9999888877776666 session=924769187 seq=1 payload=0b082dab38516a30c2c10a08ae4a1008b5f535ea161858f8c0da3b3a6d0fe3640ad62b129996ae4a1008b5f535ea060407001601a90101aa0101070849320200000000000c04530200000f0204002510350200003e0200006002000079020000280400010203292011470200000000007447020000000000d7470200000000003a480200000000003404010700163304060000003502e8803602900138045d2774033904060000003a04060000003b04000000003c04000000003d0201004201054d0248004e04380700000d01642401a4260604adff4d73ff210100cd0101
BLE_HOST_RECEIPT type=0x20 src=0xea35f5b508104aae session=924769187 seq=1
BLE_CHUNK len=244 hex=4757012801010000202401009c52c1edae4a1008b5f535ea666677778888999901000000dc0037220b082dab38516a30c2c10a08ae4a1008b5f535ea161858f8c0da3b3a6d0fe3640ad62b129996ae4a1008b5f535ea060408001601a90101aa0101070859460200000000000c04740200000f0204002510380200007c0200007f0200009e0200002804000102032920e2550200000000004656020000000000a9560200000000000c570200000000003404010800163304060000003502e8803602900138047de4a0033904060000003a04060000003b04000000003c04000000003d0201004201054d0246004e04300700000d
BLE_CHUNK len=16 hex=01642401a326068f4dffe757ff210100
BLE_PACKET type=0x20 src=0xea35f5b508104aae dst=0x9999888877776666 session=3988869788 seq=1 payload=0b082dab38516a30c2c10a08ae4a1008b5f535ea161858f8c0da3b3a6d0fe3640ad62b129996ae4a1008b5f535ea060408001601a90101aa0101070859460200000000000c04740200000f0204002510380200007c0200007f0200009e0200002804000102032920e2550200000000004656020000000000a9560200000000000c570200000000003404010800163304060000003502e8803602900138047de4a0033904060000003a04060000003b04000000003c04000000003d0201004201054d0246004e04300700000d01642401a326068f4dffe757ff210100
BLE_HOST_RECEIPT type=0x20 src=0xea35f5b508104aae session=3988869788 seq=1
BLE_CHUNK len=244 hex=475701280101000020240100fa99c035e3640ad62b129996666677778888999900000000dc009cb30b082dab38516a30c2c10a08e3640ad62b129996161858f8c0da3b3a6d0fe3640ad62b129996ae4a1008b5f535ea06040a001601a90101aa010107080c720200000000000c04010200000f0204002510d201000002020000200200000e0200002804000102032920f4780200000000005779020000000000b9790200000000001c7a0200000000003404010a00163304060000003502e880360290013804b5ef85033904060000003a04060000003b04000000003c04000000003d0201004201054d0205004e04780000000d
BLE_CHUNK len=16 hex=01642401a52606b6bcff80f7ff210100
BLE_PACKET type=0x20 src=0x9699122bd60a64e3 dst=0x9999888877776666 session=901814778 seq=1 payload=0b082dab38516a30c2c10a08e3640ad62b129996161858f8c0da3b3a6d0fe3640ad62b129996ae4a1008b5f535ea06040a001601a90101aa010107080c720200000000000c04010200000f0204002510d201000002020000200200000e0200002804000102032920f4780200000000005779020000000000b9790200000000001c7a0200000000003404010a00163304060000003502e880360290013804b5ef85033904060000003a04060000003b04000000003c04000000003d0201004201054d0205004e04780000000d01642401a52606b6bcff80f7ff210100
BLE_HOST_RECEIPT type=0x20 src=0x9699122bd60a64e3 session=901814778 seq=1
BLE_CHUNK len=244 hex=47570128010100002024010091c945dfae4a1008b5f535ea666677778888999900000000df00060f0b082dab38516a30c2c10a08ae4a1008b5f535ea161858f8c0da3b3a6d0fe3640ad62b129996ae4a1008b5f535ea060409001601a90101aa01010708925a0200000000000c04770200000f02040025103d0200007d020000880200009b0200002804000102032920b26402000000000015650200000000007865020000000000db650200000000003404010900163304060000003502e880360290013804fd98b7033904060000003a04060000003b04000000003c04000000003d0201004201054d0246004e04480700000d
BLE_CHUNK len=19 hex=01642401a426065ad200951f00210100cd0101
BLE_PACKET type=0x20 src=0xea35f5b508104aae dst=0x9999888877776666 session=3745892753 seq=1 payload=0b082dab38516a30c2c10a08ae4a1008b5f535ea161858f8c0da3b3a6d0fe3640ad62b129996ae4a1008b5f535ea060409001601a90101aa01010708925a0200000000000c04770200000f02040025103d0200007d020000880200009b0200002804000102032920b26402000000000015650200000000007865020000000000db650200000000003404010900163304060000003502e880360290013804fd98b7033904060000003a04060000003b04000000003c04000000003d0201004201054d0246004e04480700000d01642401a426065ad200951f00210100cd0101
BLE_HOST_RECEIPT type=0x20 src=0xea35f5b508104aae session=3745892753 seq=1
BLE_CHUNK len=244 hex=475701280101000020240100fa99c035ae4a1008b5f535ea666677778888999900000000dc00ae3c0b082dab38516a30c2c10a08ae4a1008b5f535ea161858f8c0da3b3a6d0fe3640ad62b129996ae4a1008b5f535ea06040a001601a90101aa01010708da6e0200000000000c04610200000f0204002510660200005602000053020000760200002804000102032920a17502000000000004760200000000006776020000000000ca760200000000003404010a00163304060000003502e88036029001380420c7e6033904060000003a04060000003b04000000003c04000000003d0201004201054d0248004e04020700000d
BLE_CHUNK len=16 hex=01642401a42606a3d9ff08c000210100
BLE_PACKET type=0x20 src=0xea35f5b508104aae dst=0x9999888877776666 session=901814778 seq=1 payload=0b082dab38516a30c2c10a08ae4a1008b5f535ea161858f8c0da3b3a6d0fe3640ad62b129996ae4a1008b5f535ea06040a001601a90101aa01010708da6e0200000000000c04610200000f0204002510660200005602000053020000760200002804000102032920a17502000000000004760200000000006776020000000000ca760200000000003404010a00163304060000003502e88036029001380420c7e6033904060000003a04060000003b04000000003c04000000003d0201004201054d0248004e04020700000d01642401a42606a3d9ff08c000210100
BLE_HOST_RECEIPT type=0x20 src=0xea35f5b508104aae session=901814778 seq=1
Traceback (most recent call last):
  File "/home/tommie/Projects/IMEC2/firmware/scripts/provision_mesh_anchor.py", line 666, in _ble_client_session
    yield client
  File "/home/tommie/Projects/IMEC2/firmware/scripts/provision_mesh_anchor.py", line 1664, in run
    await await_transport_duration(
    ...<3 lines>...
    )
  File "/home/tommie/Projects/IMEC2/firmware/scripts/provision_mesh_anchor.py", line 1219, in await_transport_duration
    await wait_for_event_before(transport_failed, deadline, label)
  File "/home/tommie/Projects/IMEC2/firmware/scripts/provision_mesh_anchor.py", line 1154, in wait_for_event_before
    done, _pending = await asyncio.wait(
                     ^^^^^^^^^^^^^^^^^^^
    ...<3 lines>...
    )
    ^
  File "/home/tommie/.local/share/uv/python/cpython-3.13.11-linux-x86_64-gnu/lib/python3.13/asyncio/tasks.py", line 451, in wait
    return await _wait(fs, timeout, return_when, loop)
           ^^^^^^^^^^^^^^^^^^^^^^^^^^^^^^^^^^^^^^^^^^^
  File "/home/tommie/.local/share/uv/python/cpython-3.13.11-linux-x86_64-gnu/lib/python3.13/asyncio/tasks.py", line 537, in _wait
    await waiter
asyncio.exceptions.CancelledError

During handling of the above exception, another exception occurred:

Traceback (most recent call last):
  File "/home/tommie/Projects/IMEC2/firmware/scripts/provision_mesh_anchor.py", line 1843, in <module>
    main()
    ~~~~^^
  File "/home/tommie/Projects/IMEC2/firmware/scripts/provision_mesh_anchor.py", line 1835, in main
    asyncio.run(run(args))
    ~~~~~~~~~~~^^^^^^^^^^^
  File "/home/tommie/.local/share/uv/python/cpython-3.13.11-linux-x86_64-gnu/lib/python3.13/asyncio/runners.py", line 195, in run
    return runner.run(main)
           ~~~~~~~~~~^^^^^^
  File "/home/tommie/.local/share/uv/python/cpython-3.13.11-linux-x86_64-gnu/lib/python3.13/asyncio/runners.py", line 118, in run
    return self._loop.run_until_complete(task)
           ~~~~~~~~~~~~~~~~~~~~~~~~~~~~~^^^^^^
  File "/home/tommie/.local/share/uv/python/cpython-3.13.11-linux-x86_64-gnu/lib/python3.13/asyncio/base_events.py", line 725, in run_until_complete
    return future.result()
           ~~~~~~~~~~~~~^^
  File "/home/tommie/Projects/IMEC2/firmware/scripts/provision_mesh_anchor.py", line 1300, in run
    async with _ble_client_session(
               ~~~~~~~~~~~~~~~~~~~^
        gateway_target,
        ^^^^^^^^^^^^^^^
        timeout=args.connect_timeout,
        ^^^^^^^^^^^^^^^^^^^^^^^^^^^^^
        disconnected_callback=on_disconnect,
        ^^^^^^^^^^^^^^^^^^^^^^^^^^^^^^^^^^^^
    ) as client:
    ^
  File "/home/tommie/.local/share/uv/python/cpython-3.13.11-linux-x86_64-gnu/lib/python3.13/contextlib.py", line 235, in __aexit__
    await self.gen.athrow(value)
  File "/home/tommie/Projects/IMEC2/firmware/scripts/provision_mesh_anchor.py", line 665, in _ble_client_session
    async with BleakClient(*args, **kwargs) as client:
               ~~~~~~~~~~~^^^^^^^^^^^^^^^^^
  File "/home/tommie/Projects/IMEC2/.venv/lib/python3.13/site-packages/bleak/__init__.py", line 567, in __aexit__
    await self.disconnect()
  File "/home/tommie/Projects/IMEC2/.venv/lib/python3.13/site-packages/bleak/__init__.py", line 588, in disconnect
    await self._backend.disconnect()
  File "/home/tommie/Projects/IMEC2/.venv/lib/python3.13/site-packages/bleak/backends/bluezdbus/client.py", line 452, in disconnect
    reply = await self._bus.call(
            ^^^^^^^^^^^^^^^^^^^^^
    ...<6 lines>...
    )
    ^
  File "/home/tommie/Projects/IMEC2/.venv/lib/python3.13/site-packages/dbus_fast/aio/message_bus.py", line 478, in call
    await future
  File "src/dbus_fast/aio/message_reader.py", line 25, in dbus_fast.aio.message_reader._message_reader
  File "src/dbus_fast/_private/unmarshaller.py", line 1042, in dbus_fast._private.unmarshaller.Unmarshaller._unmarshall
  File "src/dbus_fast/_private/unmarshaller.py", line 879, in dbus_fast._private.unmarshaller.Unmarshaller._read_header
  File "src/dbus_fast/_private/unmarshaller.py", line 518, in dbus_fast._private.unmarshaller.Unmarshaller._read_to_pos
  File "src/dbus_fast/_private/unmarshaller.py", line 458, in dbus_fast._private.unmarshaller.Unmarshaller._read_sock_with_fds
EOFError
