BLE_CONNECTED gateway_id=0x9999888877776666 command=here-i-am session=3300719480 frame=04c10140020101010101010111666677778888999978fbbcc478fb01330101010410020c06ab04dc620607ae0b0101010304dc620607e803ae1301020310620102c8040604fa010104b5f80305ae050103050201cc3500
BLE_CHUNK len=118 hex=4757012801060100560482008200980266667777888899996666777788889999000000004e00b65e014e0302000000000c00680078fbbcc40000000078fbbcc478fb000082009802000000000000000000000000000000000000000000000000000000000000000000000000000000000000000000ff
BLE_PACKET type=0x56 src=0x9999888877776666 dst=0x9999888877776666 session=43516034 seq=130 payload=014e0302000000000c00680078fbbcc40000000078fbbcc478fb000082009802000000000000000000000000000000000000000000000000000000000000000000000000000000000000000000ff
GATEWAY_COMMAND_EVENT GatewayCommandEvent(command_kind=3, stage=2, flags=0, attempt=0, command_status=0, reason=0, command_id=12, route_epoch=104, correlation_id=3300719480, gateway_sequence=0, host_session_id=3300719480, host_sequence=64376, event_sequence=43516034, anchor_id=0, pair_initiator_id=0, pair_responder_id=0, previous_hop_id=0, progress_count=0, total_count=0, success_count=0, failure_count=0, duplicate_count=0, lost_event_count=0, hop_count=0, discovery_slot=255)
BLE_HOST_RECEIPT type=0x56 src=0x9999888877776666 session=43516034 seq=130
BLE_CHUNK len=118 hex=4757012801060100560483008300980266667777888899996666777788889999000000004e00febf014e0303000000000c00680078fbbcc40000000078fbbcc478fb000083009802000000000000000000000000000000000000000000000000000000000000000000000000000000000000000000ff
BLE_PACKET type=0x56 src=0x9999888877776666 dst=0x9999888877776666 session=43516035 seq=131 payload=014e0303000000000c00680078fbbcc40000000078fbbcc478fb000083009802000000000000000000000000000000000000000000000000000000000000000000000000000000000000000000ff
GATEWAY_COMMAND_EVENT GatewayCommandEvent(command_kind=3, stage=3, flags=0, attempt=0, command_status=0, reason=0, command_id=12, route_epoch=104, correlation_id=3300719480, gateway_sequence=0, host_session_id=3300719480, host_sequence=64376, event_sequence=43516035, anchor_id=0, pair_initiator_id=0, pair_responder_id=0, previous_hop_id=0, progress_count=0, total_count=0, success_count=0, failure_count=0, duplicate_count=0, lost_event_count=0, hop_count=0, discovery_slot=255)
BLE_HOST_RECEIPT type=0x56 src=0x9999888877776666 session=43516035 seq=131
BLE_CHUNK len=118 hex=4757012801060100560485008500980266667777888899996666777788889999000000004e001b5d014e0304000100000c00680078fbbcc48400980278fbbcc478fb000085009802000000000000000000000000000000000000000000000000000000000000000004000000000000000000000000ff
BLE_PACKET type=0x56 src=0x9999888877776666 dst=0x9999888877776666 session=43516037 seq=133 payload=014e0304000100000c00680078fbbcc48400980278fbbcc478fb000085009802000000000000000000000000000000000000000000000000000000000000000004000000000000000000000000ff
GATEWAY_COMMAND_EVENT GatewayCommandEvent(command_kind=3, stage=4, flags=0, attempt=1, command_status=0, reason=0, command_id=12, route_epoch=104, correlation_id=3300719480, gateway_sequence=43516036, host_session_id=3300719480, host_sequence=64376, event_sequence=43516037, anchor_id=0, pair_initiator_id=0, pair_responder_id=0, previous_hop_id=0, progress_count=4, total_count=0, success_count=0, failure_count=0, duplicate_count=0, lost_event_count=0, hop_count=0, discovery_slot=255)
BLE_HOST_RECEIPT type=0x56 src=0x9999888877776666 session=43516037 seq=133
BLE_CHUNK len=51 hex=4757012801020100410478fb78fbbcc466667777888899996666777788889999000000000b00a18510020c00110200001e0100
BLE_PACKET type=0x41 src=0x9999888877776666 dst=0x9999888877776666 session=3300719480 seq=64376 payload=10020c00110200001e0100
BLE_HOST_RECEIPT type=0x41 src=0x9999888877776666 session=3300719480 seq=64376
BLE_CHUNK len=118 hex=4757012801060000560486008600980266667777888899996666777788889999000000004e00a381014e030c030100000c00680078fbbcc48400980278fbbcc478fb000086009802000000000000000000000000000000000000000000000000000000000000000004000000000000000000000000ff
BLE_PACKET type=0x56 src=0x9999888877776666 dst=0x9999888877776666 session=43516038 seq=134 payload=014e030c030100000c00680078fbbcc48400980278fbbcc478fb000086009802000000000000000000000000000000000000000000000000000000000000000004000000000000000000000000ff
GATEWAY_COMMAND_EVENT GatewayCommandEvent(command_kind=3, stage=12, flags=3, attempt=1, command_status=0, reason=0, command_id=12, route_epoch=104, correlation_id=3300719480, gateway_sequence=43516036, host_session_id=3300719480, host_sequence=64376, event_sequence=43516038, anchor_id=0, pair_initiator_id=0, pair_responder_id=0, previous_hop_id=0, progress_count=4, total_count=0, success_count=0, failure_count=0, duplicate_count=0, lost_event_count=0, hop_count=0, discovery_slot=255)
BLE_HOST_RECEIPT type=0x56 src=0x9999888877776666 session=43516038 seq=134
HERE_I_AM_LOCAL_FLOOD_OK attempts=1 retries=0 delivery_claim=local-broadcast-only
BLE_CONNECTED gateway_id=0x9999888877776666 command=assign-slots session=3300719481 frame=04c10140020101010101010111666677778888999979fbbcc479fb011b010101081002040178020306ab04dc620607ae0b0101010304dc620605e803ad5f00
BLE_CHUNK len=118 hex=4757012801060100560487008700980266667777888899996666777788889999000000004e00256d014e0102000000000401680079fbbcc40000000079fbbcc479fb000087009802000000000000000000000000000000000000000000000000000000000000000000000000000000000000000000ff
BLE_PACKET type=0x56 src=0x9999888877776666 dst=0x9999888877776666 session=43516039 seq=135 payload=014e0102000000000401680079fbbcc40000000079fbbcc479fb000087009802000000000000000000000000000000000000000000000000000000000000000000000000000000000000000000ff
GATEWAY_COMMAND_EVENT GatewayCommandEvent(command_kind=1, stage=2, flags=0, attempt=0, command_status=0, reason=0, command_id=260, route_epoch=104, correlation_id=3300719481, gateway_sequence=0, host_session_id=3300719481, host_sequence=64377, event_sequence=43516039, anchor_id=0, pair_initiator_id=0, pair_responder_id=0, previous_hop_id=0, progress_count=0, total_count=0, success_count=0, failure_count=0, duplicate_count=0, lost_event_count=0, hop_count=0, discovery_slot=255)
BLE_HOST_RECEIPT type=0x56 src=0x9999888877776666 session=43516039 seq=135
BLE_CHUNK len=118 hex=4757012801060100560488008800980266667777888899996666777788889999000000004e00e972014e0103000000000401680079fbbcc40000000079fbbcc479fb000088009802000000000000000000000000000000000000000000000000000000000000000000000000000000000000000000ff
BLE_PACKET type=0x56 src=0x9999888877776666 dst=0x9999888877776666 session=43516040 seq=136 payload=014e0103000000000401680079fbbcc40000000079fbbcc479fb000088009802000000000000000000000000000000000000000000000000000000000000000000000000000000000000000000ff
GATEWAY_COMMAND_EVENT GatewayCommandEvent(command_kind=1, stage=3, flags=0, attempt=0, command_status=0, reason=0, command_id=260, route_epoch=104, correlation_id=3300719481, gateway_sequence=0, host_session_id=3300719481, host_sequence=64377, event_sequence=43516040, anchor_id=0, pair_initiator_id=0, pair_responder_id=0, previous_hop_id=0, progress_count=0, total_count=0, success_count=0, failure_count=0, duplicate_count=0, lost_event_count=0, hop_count=0, discovery_slot=255)
BLE_HOST_RECEIPT type=0x56 src=0x9999888877776666 session=43516040 seq=136
BLE_CHUNK len=118 hex=475701280106010056048a008a00980266667777888899996666777788889999000000004e00a733014e0103000000000401680079fbbcc48900980279fbbcc479fb00008a009802000000000000000000000000000000000000000000000000000000000000000000000000000000000000000000ff
BLE_PACKET type=0x56 src=0x9999888877776666 dst=0x9999888877776666 session=43516042 seq=138 payload=014e0103000000000401680079fbbcc48900980279fbbcc479fb00008a009802000000000000000000000000000000000000000000000000000000000000000000000000000000000000000000ff
GATEWAY_COMMAND_EVENT GatewayCommandEvent(command_kind=1, stage=3, flags=0, attempt=0, command_status=0, reason=0, command_id=260, route_epoch=104, correlation_id=3300719481, gateway_sequence=43516041, host_session_id=3300719481, host_sequence=64377, event_sequence=43516042, anchor_id=0, pair_initiator_id=0, pair_responder_id=0, previous_hop_id=0, progress_count=0, total_count=0, success_count=0, failure_count=0, duplicate_count=0, lost_event_count=0, hop_count=0, discovery_slot=255)
BLE_HOST_RECEIPT type=0x56 src=0x9999888877776666 session=43516042 seq=138
BLE_CHUNK len=118 hex=475701280106010056048c008c00980266667777888899996666777788889999000000004e004b23014e0104000100000401680079fbbcc48900980279fbbcc479fb00008c009802000000000000000000000000000000000000000000000000000000000000000000000000000000000000000000ff
BLE_PACKET type=0x56 src=0x9999888877776666 dst=0x9999888877776666 session=43516044 seq=140 payload=014e0104000100000401680079fbbcc48900980279fbbcc479fb00008c009802000000000000000000000000000000000000000000000000000000000000000000000000000000000000000000ff
GATEWAY_COMMAND_EVENT GatewayCommandEvent(command_kind=1, stage=4, flags=0, attempt=1, command_status=0, reason=0, command_id=260, route_epoch=104, correlation_id=3300719481, gateway_sequence=43516041, host_session_id=3300719481, host_sequence=64377, event_sequence=43516044, anchor_id=0, pair_initiator_id=0, pair_responder_id=0, previous_hop_id=0, progress_count=0, total_count=0, success_count=0, failure_count=0, duplicate_count=0, lost_event_count=0, hop_count=0, discovery_slot=255)
BLE_HOST_RECEIPT type=0x56 src=0x9999888877776666 session=43516044 seq=140
BLE_CHUNK len=118 hex=475701280106010056048d008d00980266667777888899996666777788889999000000004e003b6d014e0106000000000401680079fbbcc48900980279fbbcc479fb00008d00980207cbc8c619961a190000000000000000000000000000000007cbc8c619961a1901000000000000000000000001ff
BLE_PACKET type=0x56 src=0x9999888877776666 dst=0x9999888877776666 session=43516045 seq=141 payload=014e0106000000000401680079fbbcc48900980279fbbcc479fb00008d00980207cbc8c619961a190000000000000000000000000000000007cbc8c619961a1901000000000000000000000001ff
GATEWAY_COMMAND_EVENT GatewayCommandEvent(command_kind=1, stage=6, flags=0, attempt=0, command_status=0, reason=0, command_id=260, route_epoch=104, correlation_id=3300719481, gateway_sequence=43516041, host_session_id=3300719481, host_sequence=64377, event_sequence=43516045, anchor_id=1808923237796072199, pair_initiator_id=0, pair_responder_id=0, previous_hop_id=1808923237796072199, progress_count=1, total_count=0, success_count=0, failure_count=0, duplicate_count=0, lost_event_count=0, hop_count=1, discovery_slot=255)
BLE_HOST_RECEIPT type=0x56 src=0x9999888877776666 session=43516045 seq=141
BLE_CHUNK len=118 hex=475701280106010056048e008e00980266667777888899996666777788889999000000004e00379e014e0106000000000401680079fbbcc48900980279fbbcc479fb00008e0098020e3070b9aac08b70000000000000000000000000000000000e3070b9aac08b7002000000000000000000000001ff
BLE_PACKET type=0x56 src=0x9999888877776666 dst=0x9999888877776666 session=43516046 seq=142 payload=014e0106000000000401680079fbbcc48900980279fbbcc479fb00008e0098020e3070b9aac08b70000000000000000000000000000000000e3070b9aac08b7002000000000000000000000001ff
GATEWAY_COMMAND_EVENT GatewayCommandEvent(command_kind=1, stage=6, flags=0, attempt=0, command_status=0, reason=0, command_id=260, route_epoch=104, correlation_id=3300719481, gateway_sequence=43516041, host_session_id=3300719481, host_sequence=64377, event_sequence=43516046, anchor_id=8109787393498820622, pair_initiator_id=0, pair_responder_id=0, previous_hop_id=8109787393498820622, progress_count=2, total_count=0, success_count=0, failure_count=0, duplicate_count=0, lost_event_count=0, hop_count=1, discovery_slot=255)
BLE_HOST_RECEIPT type=0x56 src=0x9999888877776666 session=43516046 seq=142
BLE_CHUNK len=118 hex=475701280106010056048f008f00980266667777888899996666777788889999000000004e00c229014e0106000000000401680079fbbcc48900980279fbbcc479fb00008f00980241d1f64afe25da560000000000000000000000000000000007cbc8c619961a1903000000000000000000000002ff
BLE_PACKET type=0x56 src=0x9999888877776666 dst=0x9999888877776666 session=43516047 seq=143 payload=014e0106000000000401680079fbbcc48900980279fbbcc479fb00008f00980241d1f64afe25da560000000000000000000000000000000007cbc8c619961a1903000000000000000000000002ff
GATEWAY_COMMAND_EVENT GatewayCommandEvent(command_kind=1, stage=6, flags=0, attempt=0, command_status=0, reason=0, command_id=260, route_epoch=104, correlation_id=3300719481, gateway_sequence=43516041, host_session_id=3300719481, host_sequence=64377, event_sequence=43516047, anchor_id=6258356406294335809, pair_initiator_id=0, pair_responder_id=0, previous_hop_id=1808923237796072199, progress_count=3, total_count=0, success_count=0, failure_count=0, duplicate_count=0, lost_event_count=0, hop_count=2, discovery_slot=255)
BLE_HOST_RECEIPT type=0x56 src=0x9999888877776666 session=43516047 seq=143
BLE_CHUNK len=118 hex=4757012801060100560494009400980266667777888899996666777788889999000000004e00de59014e0106000000000401680079fbbcc48900980279fbbcc479fb0000940098020e3070b9aac08b700000000000000000000000000000000000000000000000000100030001000000000000000100
BLE_PACKET type=0x56 src=0x9999888877776666 dst=0x9999888877776666 session=43516052 seq=148 payload=014e0106000000000401680079fbbcc48900980279fbbcc479fb0000940098020e3070b9aac08b700000000000000000000000000000000000000000000000000100030001000000000000000100
GATEWAY_COMMAND_EVENT GatewayCommandEvent(command_kind=1, stage=6, flags=0, attempt=0, command_status=0, reason=0, command_id=260, route_epoch=104, correlation_id=3300719481, gateway_sequence=43516041, host_session_id=3300719481, host_sequence=64377, event_sequence=43516052, anchor_id=8109787393498820622, pair_initiator_id=0, pair_responder_id=0, previous_hop_id=0, progress_count=1, total_count=3, success_count=1, failure_count=0, duplicate_count=0, lost_event_count=0, hop_count=1, discovery_slot=0)
BLE_HOST_RECEIPT type=0x56 src=0x9999888877776666 session=43516052 seq=148
BLE_CHUNK len=51 hex=4757012801020100410479fb79fbbcc466667777888899996666777788889999000000000b00eedb10020401110200001e0103
BLE_PACKET type=0x41 src=0x9999888877776666 dst=0x9999888877776666 session=3300719481 seq=64377 payload=10020401110200001e0103
BLE_HOST_RECEIPT type=0x41 src=0x9999888877776666 session=3300719481 seq=64377
BLE_CHUNK len=118 hex=4757012801060100560495009500980266667777888899996666777788889999000000004e003faa014e0106000000000401680079fbbcc48900980279fbbcc479fb00009500980207cbc8c619961a190000000000000000000000000000000000000000000000000200030001000000000000000101
BLE_PACKET type=0x56 src=0x9999888877776666 dst=0x9999888877776666 session=43516053 seq=149 payload=014e0106000000000401680079fbbcc48900980279fbbcc479fb00009500980207cbc8c619961a190000000000000000000000000000000000000000000000000200030001000000000000000101
GATEWAY_COMMAND_EVENT GatewayCommandEvent(command_kind=1, stage=6, flags=0, attempt=0, command_status=0, reason=0, command_id=260, route_epoch=104, correlation_id=3300719481, gateway_sequence=43516041, host_session_id=3300719481, host_sequence=64377, event_sequence=43516053, anchor_id=1808923237796072199, pair_initiator_id=0, pair_responder_id=0, previous_hop_id=0, progress_count=2, total_count=3, success_count=1, failure_count=0, duplicate_count=0, lost_event_count=0, hop_count=1, discovery_slot=1)
BLE_HOST_RECEIPT type=0x56 src=0x9999888877776666 session=43516053 seq=149
BLE_CHUNK len=118 hex=4757012801060100560496009600980266667777888899996666777788889999000000004e007041014e0106000000000401680079fbbcc48900980279fbbcc479fb00009600980241d1f64afe25da560000000000000000000000000000000000000000000000000300030001000000000000000202
BLE_PACKET type=0x56 src=0x9999888877776666 dst=0x9999888877776666 session=43516054 seq=150 payload=014e0106000000000401680079fbbcc48900980279fbbcc479fb00009600980241d1f64afe25da560000000000000000000000000000000000000000000000000300030001000000000000000202
GATEWAY_COMMAND_EVENT GatewayCommandEvent(command_kind=1, stage=6, flags=0, attempt=0, command_status=0, reason=0, command_id=260, route_epoch=104, correlation_id=3300719481, gateway_sequence=43516041, host_session_id=3300719481, host_sequence=64377, event_sequence=43516054, anchor_id=6258356406294335809, pair_initiator_id=0, pair_responder_id=0, previous_hop_id=0, progress_count=3, total_count=3, success_count=1, failure_count=0, duplicate_count=0, lost_event_count=0, hop_count=2, discovery_slot=2)
BLE_HOST_RECEIPT type=0x56 src=0x9999888877776666 session=43516054 seq=150
BLE_CHUNK len=118 hex=4757012801060100560497009700980266667777888899996666777788889999000000004e009009014e0107000000000401680079fbbcc48900980279fbbcc479fb000097009802000000000000000000000000000000000000000000000000000000000000000003000300030000000000000000ff
BLE_PACKET type=0x56 src=0x9999888877776666 dst=0x9999888877776666 session=43516055 seq=151 payload=014e0107000000000401680079fbbcc48900980279fbbcc479fb000097009802000000000000000000000000000000000000000000000000000000000000000003000300030000000000000000ff
GATEWAY_COMMAND_EVENT GatewayCommandEvent(command_kind=1, stage=7, flags=0, attempt=0, command_status=0, reason=0, command_id=260, route_epoch=104, correlation_id=3300719481, gateway_sequence=43516041, host_session_id=3300719481, host_sequence=64377, event_sequence=43516055, anchor_id=0, pair_initiator_id=0, pair_responder_id=0, previous_hop_id=0, progress_count=3, total_count=3, success_count=3, failure_count=0, duplicate_count=0, lost_event_count=0, hop_count=0, discovery_slot=255)
BLE_HOST_RECEIPT type=0x56 src=0x9999888877776666 session=43516055 seq=151
BLE_CHUNK len=118 hex=4757012801060100560498009800980266667777888899996666777788889999000000004e0062c0014e0108000100000401680079fbbcc48900980279fbbcc479fb000098009802000000000000000000000000000000000000000000000000000000000000000003000300000000000000000000ff
BLE_PACKET type=0x56 src=0x9999888877776666 dst=0x9999888877776666 session=43516056 seq=152 payload=014e0108000100000401680079fbbcc48900980279fbbcc479fb000098009802000000000000000000000000000000000000000000000000000000000000000003000300000000000000000000ff
GATEWAY_COMMAND_EVENT GatewayCommandEvent(command_kind=1, stage=8, flags=0, attempt=1, command_status=0, reason=0, command_id=260, route_epoch=104, correlation_id=3300719481, gateway_sequence=43516041, host_session_id=3300719481, host_sequence=64377, event_sequence=43516056, anchor_id=0, pair_initiator_id=0, pair_responder_id=0, previous_hop_id=0, progress_count=3, total_count=3, success_count=0, failure_count=0, duplicate_count=0, lost_event_count=0, hop_count=0, discovery_slot=255)
BLE_HOST_RECEIPT type=0x56 src=0x9999888877776666 session=43516056 seq=152
BLE_CHUNK len=118 hex=4757012801060000560499009900980266667777888899996666777788889999000000004e006cea014e010c010000000401680079fbbcc48900980279fbbcc479fb000099009802000000000000000000000000000000000000000000000000000000000000000003000300030000000000000000ff
BLE_PACKET type=0x56 src=0x9999888877776666 dst=0x9999888877776666 session=43516057 seq=153 payload=014e010c010000000401680079fbbcc48900980279fbbcc479fb000099009802000000000000000000000000000000000000000000000000000000000000000003000300030000000000000000ff
GATEWAY_COMMAND_EVENT GatewayCommandEvent(command_kind=1, stage=12, flags=1, attempt=0, command_status=0, reason=0, command_id=260, route_epoch=104, correlation_id=3300719481, gateway_sequence=43516041, host_session_id=3300719481, host_sequence=64377, event_sequence=43516057, anchor_id=0, pair_initiator_id=0, pair_responder_id=0, previous_hop_id=0, progress_count=3, total_count=3, success_count=3, failure_count=0, duplicate_count=0, lost_event_count=0, hop_count=0, discovery_slot=255)
BLE_HOST_RECEIPT type=0x56 src=0x9999888877776666 session=43516057 seq=153
HERE_I_AM_REACHABILITY_QUALIFICATION_OK anchors=3 direct=2 multihop=1 retries=0
BLE_COMPLETE packets=19
