[34m0000489[0m [36mI[0m Target type is nrf52833 [2m[board][0m
[34m0000510[0m [36mI[0m Performing connect pre-reset [2m[coresight_target][0m
[34m0000714[0m [36mI[0m DP IDR = 0x2ba01477 (v1 rev2) [2m[dap][0m
[34m0000719[0m [36mI[0m AHB-AP#0 IDR = 0x24770011 (AHB-AP var1 rev2) [2m[discovery][0m
[34m0000720[0m [36mI[0m AP#1 IDR = 0x02880000 (AP var0 rev0) [2m[discovery][0m
[34m0000720[0m [36mI[0m NRF52833 not in secure state [2m[target_nRF52][0m
[34m0000723[0m [36mI[0m AHB-AP#0 Class 0x1 ROM table #0 @ 0xe00ff000 (designer=244 part=00d) [2m[rom_table][0m
[34m0000726[0m [36mI[0m [0]<e000e000:SCS v7-M class=14 designer=43b:Arm part=00c> [2m[rom_table][0m
[34m0000727[0m [36mI[0m [1]<e0001000:DWT v7-M class=14 designer=43b:Arm part=002> [2m[rom_table][0m
[34m0000729[0m [36mI[0m [2]<e0002000:FPB v7-M class=14 designer=43b:Arm part=003> [2m[rom_table][0m
[34m0000730[0m [36mI[0m [3]<e0000000:ITM v7-M class=14 designer=43b:Arm part=001> [2m[rom_table][0m
[34m0000733[0m [36mI[0m [4]<e0040000:TPIU M4 class=9 designer=43b:Arm part=9a1 devtype=11 archid=0000 devid=ca1:0:0> [2m[rom_table][0m
[34m0000735[0m [36mI[0m [5]<e0041000:ETM M4 class=9 designer=43b:Arm part=925 devtype=13 archid=0000 devid=0:0:0> [2m[rom_table][0m
[34m0000739[0m [36mI[0m CPU core #0: Cortex-M4 r0p1, v7.0-M architecture [2m[cortex_m][0m
[34m0000739[0m [36mI[0m   Extensions: [DSP, FPU, FPU_V4, MPU] [2m[cortex_m][0m
[34m0000739[0m [36mI[0m   FPU present: FPv4-SP-D16-M [2m[cortex_m][0m
[34m0000741[0m [36mI[0m This appears to be an nRF52833 AA B0 [2m[target_nRF52][0m
[34m0000746[0m [36mI[0m 4 hardware watchpoints [2m[dwt][0m
[34m0000747[0m [36mI[0m 6 hardware breakpoints, 4 literal comparators [2m[fpb][0m
[34m0000771[0m [36mI[0m 3 up channels and 3 down channels found [2m[rtt_cmd][0m
[34m0000771[0m [36mI[0m Reading from up channel 0 ("Terminal") [2m[rtt_cmd][0m
[34m0000773[0m [36mI[0m Writing to down channel 0 ("Terminal") [2m[rtt_cmd][0m
DBG_GATEWAY_CH9_RX_CONT_RESULT start=3454083 end=3454584 ret=-116 fail=0 status=0x00000000 len=0 frames=0
DBG_GATEWAY_CH9_RX_CONT_ARM now=3454586 rem=500 frames=0 errors=0
DBG_GATEWAY_CH9_RX_CONT_RESULT start=3454586 end=3455087 ret=-116 fail=0 status=0x00000000 len=0 frames=0
DBG_GATEWAY_CH9_RX_CONT_ARM now=3455089 rem=500 frames=0 errors=0
DBG_GATEWAY_CH9_RX_CONT_RESULT start=3455089 end=3455590 ret=-116 fail=0 status=0x00000000 len=0 frames=0
DBG_GATEWAY_CH9_RX_CONT_ARM now=3455592 rem=500 frames=0 errors=0
DBG_GATEWAY_CH9_RX_CONT_RESULT start=3455592 end=3456093 ret=-116 fail=0 status=0x00000000 len=0 frames=0
DBG_GATEWAY_CH9_RX_CONT_ARM now=3456095 rem=500 frames=0 errors=0
DBG_GATEWAY_CH9_RX_CONT_RESULT start=3456095 end=3456596 ret=-116 fail=0 status=0x00000000 len=0 frames=0
DBG_GATEWAY_CH9_RX_CONT_ARM now=3456598 rem=500 frames=0 errors=0
DBG_GATEWAY_CH9_RX_CONT_RESULT start=3456598 end=3457099 ret=-116 fail=0 status=0x00000000 len=0 frames=0
DBG_GATEWAY_CH9_RX_CONT_RESULT start=3497341 end=3497842 ret=-116 fail=0 status=0x00000000 len=0 frames=0
DBG_GATEWAY_CH9_RX_CONT_ARM now=3497844 rem=500 frames=0 errors=0
DBG_GATEWAY_CH9_RX_CONT_RESULT start=3497844 end=3498345 ret=-116 fail=0 status=0x00000000 len=0 frames=0
DBG_GATEWAY_CH9_RX_CONT_ARM now=3498347 rem=500 frames=0 errors=0
DBG_GATEWAY_CH9_RX_CONT_RESULT start=3498347 end=3498848 ret=-116 fail=0 status=0x00000000 len=0 frames=0
DBG_GATEWAY_CH9_RX_CONT_ARM now=3498850 rem=500 frames=0 errors=0
DBG_GATEWAY_CH9_RX_CONT_RESULT start=3498850 end=3499351 ret=-116 fail=0 status=0x00000000 len=0 frames=0
DBG_GATEWAY_CH9_RX_CONT_ARM now=3499353 rem=500 frames=0 errors=0
DBG_GATEWAY_CH9_RX_CONT_RESULT start=3499353 end=3499854 ret=-116 fail=0 status=0x00000000 len=0 frames=0
DBG_GATEWAY_CH9_RX_CONT_ARM now=3499856 rem=500 frames=0 errors=0
DBG_GATEWAY_CH9_RX_CONT_RESULT start=3499856 end=3500357 ret=-116 fail=0 status=0x00000000 len=0 frames=0
DBG_GATEWAY_CH9_RX_CONT_ARM now=3500359 rem=500 frames=0 errors=0
DBG_GATEWAY_CH9_RX_CONT_RESULT start=3500359 end=3500860 ret=-116 fail=0 status=0x00000000 len=0 frames=0
DBG_GATEWAY_CH9_RX_CONT_ARM now=3500862 rem=500 frames=0 errors=0
DBG_GATEWAY_CH9_RX_CONT_RESULT start=3500862 end=3501363 ret=-116 fail=0 status=0x00000000 len=0 frames=0
DBG_GATEWAY_CH9_RX_CONT_ARM now=3501365 rem=500 frames=0 errors=0
DBG_GATEWAY_CH9_RX_CONT_RESULT start=3501365 end=3501866 ret=-116 fail=0 status=0x00000000 len=0 frames=0
DBG_GATEWAY_CH9_RX_CONT_ARM now=3501868 rem=500 frames=0 errors=0
DBG_GATEWAY_CH9_RX_CONT_RESULT start=3501868 end=3502369 ret=-116 fail=0 status=0x00000000 len=0 frames=0
DBG_GATEWAY_CH9_RX_CONT_ARM now=3502371 rem=500 frames=0 errors=0
DBG_GATEWAY_CH9_RX_CONT_RESULT start=3502371 end=3502872 ret=-116 fail=0 status=0x00000000 len=0 frames=0
DBG_GATEWAY_CH9_RX_CONT_ARM now=3502874 rem=500 frames=0 errors=0
DBG_GATEWAY_CH9_RX_CONT_RESULT start=3502874 end=3503375 ret=-116 fail=0 status=0x00000000 len=0 frames=0
DBG_GATEWAY_CH9_RX_CONT_ARM now=3503377 rem=500 frames=0 errors=0
DBG_GATEWAY_CH9_RX_CONT_RESULT start=3503377 end=3503878 ret=-116 fail=0 status=0x00000000 len=0 frames=0
DBG_GATEWAY_CH9_RX_CONT_ARM now=3503880 rem=500 frames=0 errors=0
DBG_GATEWAY_CH9_RX_CONT_RESULT start=3503880 end=3504381 ret=-116 fail=0 status=0x00000000 len=0 frames=0
DBG_GATEWAY_CH9_RX_CONT_ARM now=3504383 rem=500 frames=0 errors=0
DBG_GATEWAY_CH9_RX_CONT_RESULT start=3504383 end=3504884 ret=-116 fail=0 status=0x00000000 len=0 frames=0
DBG_GATEWAY_CH9_RX_CONT_ARM now=3504886 rem=500 frames=0 errors=0
DBG_GATEWAY_CH9_RX_CONT_RESULT start=3504886 end=3505387 ret=-116 fail=0 status=0x00000000 len=0 frames=0
DBG_GATEWAY_CH9_RX_CONT_ARM now=3505389 rem=500 frames=0 errors=0
DBG_GATEWAY_CH9_RX_CONT_RESULT start=3505389 end=3505890 ret=-116 fail=0 status=0x00000000 len=0 frames=0
DBG_GATEWAY_CH9_RX_CONT_ARM now=3505892 rem=500 frames=0 errors=0
DBG_GATEWAY_CH9_RX_CONT_RESULT start=3505892 end=3506393 ret=-116 fail=0 status=0x00000000 len=0 frames=0
DBG_GATEWAY_CH9_RX_CONT_ARM now=3506395 rem=500 frames=0 errors=0
DBG_GATEWAY_CH9_RX_CONT_RESULT start=3506395 end=3506896 ret=-116 fail=0 status=0x00000000 len=0 frames=0
DBG_GATEWAY_CH9_RX_CONT_ARM now=3506898 rem=500 frames=0 errors=0
DBG_GATEWAY_CH9_RX_CONT_RESULT start=3506898 end=3507399 ret=-116 fail=0 status=0x00000000 len=0 frames=0
DBG_GATEWAY_CH9_RX_CONT_ARM now=3507401 rem=500 frames=0 errors=0
DBG_GATEWAY_CH9_RX_CONT_RESULT start=3507401 end=3507902 ret=-116 fail=0 status=0x00000000 len=0 frames=0
DBG_GATEWAY_CH9_RX_CONT_ARM now=3507904 rem=500 frames=0 errors=0
DBG_GATEWAY_CH9_RX_CONT_RESULT start=3507904 end=3508405 ret=-116 fail=0 status=0x00000000 len=0 frames=0
DBG_GATEWAY_CH9_RX_CONT_ARM now=3508407 rem=500 frames=0 errors=0
DBG_GATEWAY_CH9_RX_CONT_RESULT start=3508407 end=3508908 ret=-116 fail=0 status=0x00000000 len=0 frames=0
DBG_GATEWAY_CH9_RX_CONT_ARM now=3508910 rem=500 frames=0 errors=0
DBG_GATEWAY_CH9_RX_CONT_RESULT start=3508910 end=3509411 ret=-116 fail=0 status=0x00000000 len=0 frames=0
DBG_GATEWAY_CH9_RX_CONT_ARM now=3509413 rem=500 frames=0 errors=0
DBG_GATEWAY_CH9_RX_CONT_RESULT start=3509413 end=3509914 ret=-116 fail=0 status=0x00000000 len=0 frames=0
DBG_GATEWAY_CH9_RX_CONT_ARM now=3509916 rem=500 frames=0 errors=0
DBG_GATEWAY_CH9_RX_CONT_RESULT start=3509916 end=3510417 ret=-116 fail=0 status=0x00000000 len=0 frames=0
DBG_GATEWAY_CH9_RX_CONT_ARM now=3510419 rem=500 frames=0 errors=0
DBG_GATEWAY_CH9_RX_CONT_RESULT start=3510419 end=3510920 ret=-116 fail=0 status=0x00000000 len=0 frames=0
DBG_GATEWAY_CH9_RX_CONT_ARM now=3510922 rem=500 frames=0 errors=0
DBG_GATEWAY_CH9_RX_CONT_RESULT start=3510922 end=3511423 ret=-116 fail=0 status=0x00000000 len=0 frames=0
DBG_GATEWAY_CH9_RX_CONT_ARM now=3511425 rem=500 frames=0 errors=0
DBG_GATEWAY_CH9_RX_CONT_RESULT start=3511425 end=3511926 ret=-116 fail=0 status=0x00000000 len=0 frames=0
DBG_GATEWAY_CH9_RX_CONT_ARM now=3511928 rem=500 frames=0 errors=0
DBG_GATEWAY_CH9_RX_CONT_RESULT start=3511928 end=3512429 ret=-116 fail=0 status=0x00000000 len=0 frames=0
DBG_GATEWAY_CH9_RX_CONT_ARM now=3512431 rem=500 frames=0 errors=0
DBG_GATEWAY_CH9_RX_CONT_RESULT start=3512431 end=3512932 ret=-116 fail=0 status=0x00000000 len=0 frames=0
DBG_GATEWAY_CH9_RX_CONT_ARM now=3512934 rem=500 frames=0 errors=0
DBG_GATEWAY_CH9_RX_CONT_RESULT start=3512934 end=3513435 ret=-116 fail=0 status=0x00000000 len=0 frames=0
DBG_GATEWAY_CH9_RX_CONT_ARM now=3513437 rem=500 frames=0 errors=0
DBG_GATEWAY_CH9_RX_CONT_RESULT start=3513437 end=3513938 ret=-116 fail=0 status=0x00000000 len=0 frames=0
DBG_GATEWAY_CH9_RX_CONT_ARM now=3513940 rem=500 frames=0 errors=0
DBG_GATEWAY_CH9_RX_CONT_RESULT start=3513940 end=3514441 ret=-116 fail=0 status=0x00000000 len=0 frames=0
DBG_GATEWAY_CH9_RX_CONT_ARM now=3514443 rem=500 frames=0 errors=0
DBG_GATEWAY_CH9_RX_CONT_RESULT start=3514443 end=3514944 ret=-116 fail=0 status=0x00000000 len=0 frames=0
DBG_GATEWAY_CH9_RX_CONT_ARM now=3514946 rem=500 frames=0 errors=0
DBG_GATEWAY_CH9_RX_CONT_RESULT start=3514946 end=3515447 ret=-116 fail=0 status=0x00000000 len=0 frames=0
DBG_GATEWAY_CH9_RX_CONT_ARM now=3515449 rem=500 frames=0 errors=0
DBG_GATEWAY_CH9_RX_CONT_RESULT start=3515449 end=3515950 ret=-116 fail=0 status=0x00000000 len=0 frames=0
DBG_GATEWAY_CH9_RX_CONT_ARM now=3515952 rem=500 frames=0 errors=0
DBG_GATEWAY_CH9_RX_CONT_RESULT start=3515952 end=3516453 ret=-116 fail=0 status=0x00000000 len=0 frames=0
DBG_GATEWAY_CH9_RX_CONT_ARM now=3516455 rem=500 frames=0 errors=0
DBG_GATEWAY_CH9_RX_CONT_RESULT start=3516455 end=3516956 ret=-116 fail=0 status=0x00000000 len=0 frames=0
DBG_GATEWAY_CH9_RX_CONT_ARM now=3516958 rem=500 frames=0 errors=0
DBG_GATEWAY_CH9_RX_CONT_RESULT start=3516958 end=3517459 ret=-116 fail=0 status=0x00000000 len=0 frames=0
DBG_GATEWAY_CH9_RX_CONT_ARM now=3517461 rem=500 frames=0 errors=0
DBG_GATEWAY_CH9_RX_CONT_RESULT start=3517461 end=3517962 ret=-116 fail=0 status=0x00000000 len=0 frames=0
DBG_GATEWAY_CH9_RX_CONT_ARM now=3517964 rem=500 frames=0 errors=0
DBG_GATEWAY_CH9_RX_CONT_RESULT start=3517964 end=3518465 ret=-116 fail=0 status=0x00000000 len=0 frames=0
DBG_GATEWAY_CH9_RX_CONT_ARM now=3518467 rem=500 frames=0 errors=0
DBG_GATEWAY_CH9_RX_CONT_RESULT start=3518467 end=3518968 ret=-116 fail=0 status=0x00000000 len=0 frames=0
DBG_GATEWAY_CH9_RX_CONT_ARM now=3518970 rem=500 frames=0 errors=0
DBG_GATEWAY_CH9_RX_CONT_RESULT start=3518970 end=3519471 ret=-116 fail=0 status=0x00000000 len=0 frames=0
DBG_GATEWAY_CH9_RX_CONT_ARM now=3519473 rem=500 frames=0 errors=0
DBG_GATEWAY_CH9_RX_CONT_RESULT start=3519473 end=3519974 ret=-116 fail=0 status=0x00000000 len=0 frames=0
DBG_GATEWAY_CH9_RX_CONT_ARM now=3519976 rem=500 frames=0 errors=0
DBG_GATEWAY_CH9_RX_CONT_RESULT start=3519976 end=3520477 ret=-116 fail=0 status=0x00000000 len=0 frames=0
DBG_GATEWAY_CH9_RX_CONT_ARM now=3520479 rem=500 frames=0 errors=0
DBG_GATEWAY_CH9_RX_CONT_RESULT start=3520479 end=3520980 ret=-116 fail=0 status=0x00000000 len=0 frames=0
DBG_GATEWAY_CH9_RX_CONT_ARM now=3520982 rem=500 frames=0 errors=0
DBG_GATEWAY_CH9_RX_CONT_RESULT start=3520982 end=3521483 ret=-116 fail=0 status=0x00000000 len=0 frames=0
DBG_GATEWAY_CH9_RX_CONT_ARM now=3521485 rem=500 frames=0 errors=0
DBG_GATEWAY_CH9_RX_CONT_RESULT start=3521485 end=3521986 ret=-116 fail=0 status=0x00000000 len=0 frames=0
DBG_GATEWAY_CH9_RX_CONT_ARM now=3521988 rem=500 frames=0 errors=0
DBG_GATEWAY_CH9_RX_CONT_RESULT start=3521988 end=3522489 ret=-116 fail=0 status=0x00000000 len=0 frames=0
DBG_GATEWAY_CH9_RX_CONT_ARM now=3522491 rem=500 frames=0 errors=0
DBG_GATEWAY_CH9_RX_CONT_RESULT start=3522491 end=3522992 ret=-116 fail=0 status=0x00000000 len=0 frames=0
DBG_GATEWAY_CH9_RX_CONT_ARM now=3522994 rem=500 frames=0 errors=0
DBG_GATEWAY_CH9_RX_CONT_RESULT start=3522994 end=3523495 ret=-116 fail=0 status=0x00000000 len=0 frames=0
DBG_GATEWAY_CH9_RX_CONT_ARM now=3523497 rem=500 frames=0 errors=0
DBG_GATEWAY_CH9_RX_CONT_RESULT start=3523497 end=3523998 ret=-116 fail=0 status=0x00000000 len=0 frames=0
DBG_GATEWAY_CH9_RX_CONT_ARM now=3524000 rem=500 frames=0 errors=0
DBG_GATEWAY_CH9_RX_CONT_RESULT start=3524000 end=3524501 ret=-116 fail=0 status=0x00000000 len=0 frames=0
DBG_GATEWAY_CH9_RX_CONT_ARM now=3524503 rem=500 frames=0 errors=0
DBG_GATEWAY_CH9_RX_CONT_RESULT start=3524503 end=3525004 ret=-116 fail=0 status=0x00000000 len=0 frames=0
DBG_GATEWAY_CH9_RX_CONT_ARM now=3525006 rem=500 frames=0 errors=0
DBG_GATEWAY_CH9_RX_CONT_RESULT start=3525006 end=3525507 ret=-116 fail=0 status=0x00000000 len=0 frames=0
DBG_GATEWAY_CH9_RX_CONT_ARM now=3525509 rem=500 frames=0 errors=0
DBG_GATEWAY_CH9_RX_CONT_RESULT start=3525509 end=3526010 ret=-116 fail=0 status=0x00000000 len=0 frames=0
DBG_GATEWAY_CH9_RX_CONT_ARM now=3526012 rem=500 frames=0 errors=0
DBG_GATEWAY_CH9_RX_CONT_RESULT start=3526012 end=3526513 ret=-116 fail=0 status=0x00000000 len=0 frames=0
DBG_GATEWAY_CH9_RX_CONT_ARM now=3526515 rem=500 frames=0 errors=0
DBG_GATEWAY_CH9_RX_CONT_RESULT start=3526515 end=3527016 ret=-116 fail=0 status=0x00000000 len=0 frames=0
DBG_GATEWAY_CH9_RX_CONT_ARM now=3527018 rem=500 frames=0 errors=0
DBG_GATEWAY_CH9_RX_CONT_RESULT start=3527018 end=3527519 ret=-116 fail=0 status=0x00000000 len=0 frames=0
DBG_GATEWAY_CH9_RX_CONT_ARM now=3527521 rem=500 frames=0 errors=0
DBG_GATEWAY_CH9_RX_CONT_RESULT start=3527521 end=3528022 ret=-116 fail=0 status=0x00000000 len=0 frames=0
DBG_GATEWAY_CH9_RX_CONT_ARM now=3528024 rem=500 frames=0 errors=0
DBG_GATEWAY_CH9_RX_CONT_RESULT start=3528024 end=3528525 ret=-116 fail=0 status=0x00000000 len=0 frames=0
DBG_GATEWAY_CH9_RX_CONT_ARM now=3528527 rem=500 frames=0 errors=0
DBG_GATEWAY_CH9_RX_CONT_RESULT start=3528527 end=3529028 ret=-116 fail=0 status=0x00000000 len=0 frames=0
DBG_GATEWAY_CH9_RX_CONT_ARM now=3529030 rem=500 frames=0 errors=0
DBG_GATEWAY_BLE event=connected err=0 uptime=3529266
DBG_GATEWAY_BLE event=param-request ret=0 interval=24-40 latency=0 timeout_ms=12000 uptime=3529266
DBG_GATEWAY_CH9_RX_CONT_RESULT start=3529030 end=3529531 ret=-116 fail=0 status=0x00000000 len=0 frames=0
DBG_GATEWAY_CH9_RX_CONT_ARM now=3529533 rem=500 frames=0 errors=0
DBG_GATEWAY_CH9_RX_CONT_RESULT start=3529533 end=3530034 ret=-116 fail=0 status=0x00000000 len=0 frames=0
DBG_GATEWAY_CH9_RX_CONT_ARM now=3530036 rem=500 frames=0 errors=0
DBG_GATEWAY_CH9_RX_CONT_RESULT start=3530036 end=3530537 ret=-116 fail=0 status=0x00000000 len=0 frames=0
DBG_GATEWAY_CH9_RX_CONT_ARM now=3530539 rem=500 frames=0 errors=0
DBG_GATEWAY_CH9_RX_CONT_RESULT start=3530539 end=3531040 ret=-116 fail=0 status=0x00000000 len=0 frames=0
DBG_GATEWAY_CH9_RX_CONT_ARM now=3531042 rem=500 frames=0 errors=0
DBG_GATEWAY_CH9_RX_CONT_RESULT start=3531042 end=3531543 ret=-116 fail=0 status=0x00000000 len=0 frames=0
DBG_GATEWAY_CH9_RX_CONT_ARM now=3531545 rem=500 frames=0 errors=0
DBG_GATEWAY_CH9_RX_CONT_RESULT start=3531545 end=3532046 ret=-116 fail=0 status=0x00000000 len=0 frames=0
DBG_GATEWAY_CH9_RX_CONT_ARM now=3532048 rem=500 frames=0 errors=0
DBG_GATEWAY_CH9_RX_CONT_RESULT start=3532048 end=3532549 ret=-116 fail=0 status=0x00000000 len=0 frames=0
DBG_GATEWAY_CH9_RX_CONT_ARM now=3532551 rem=500 frames=0 errors=0
DBG_GATEWAY_CH9_RX_CONT_RESULT start=3532551 end=3533052 ret=-116 fail=0 status=0x00000000 len=0 frames=0
DBG_GATEWAY_CH9_RX_CONT_ARM now=3533054 rem=500 frames=0 errors=0
DBG_GATEWAY_BLE event=param-updated interval=36 latency=0 timeout_ms=420 uptime=3533444
DBG_GATEWAY_COMMAND_PRIORITY_SUBMIT ret=0 now=3533490
DBG_STACK_RUN_BEGIN epoch=7638218915498322018 run=115 kind=ble_backpressure owner=system_workqueue queue=1 custody=1 credit=0 retry=0 drain=1 src=11068027678940948070 dst=11068027678940948070 session=43516058 seq=154 type=86 sequence=0 previous=0 uptime=3533491
DBG_STACK_SAMPLE_BEGIN epoch=7638218915498322018 run=115 sample=115 kind=ble_backpressure owner=system_workqueue queue=1 custody=1 credit=0 retry=0 drain=1 src=11068027678940948070 dst=11068027678940948070 session=43516058 seq=154 type=86 uptime=3533491
DBG_STACK_ISR_CONFIG size=8192 run=115 sample=115
DBG_STACK name=BT RX WQ tid=0x2000fe18 used=760 free=776 size=1536 ret=0 run=115 sample=115
DBG_STACK name=mesh_route tid=0x2000d560 used=5888 free=2304 size=8192 ret=0 run=115 sample=115
DBG_STACK name=sysworkq tid=0x20010d70 used=2408 free=2072 size=4480 ret=0 run=115 sample=115
DBG_STACK name=MPSL Work tid=0x20010b28 used=440 free=584 size=1024 ret=0 run=115 sample=115
DBG_STACK name=logging tid=0x2000f920 used=480 free=1568 size=2048 ret=0 run=115 sample=115
DBG_STACK name=idle tid=0x20010c00 used=64 free=256 size=320 ret=0 run=115 sample=115
DBG_STACK_SAMPLE_END run=115 sample=115
DBG_STACK_RUN_END epoch=7638218915498322018 run=115 kind=ble_backpressure owner=system_workqueue outcome=ack queue=2 custody=0 credit=1 retry=0 drain=2 src=11068027678940948070 dst=11068027678940948070 session=43516058 seq=154 type=86 samples=1 sequence=0 previous=0 uptime=3533507
DBG_DWM_MARK_UNCONFIGURED tag=initialise_radio prev_phy=0
DBG_WAKE_TRAIN_CONFIG_BEGIN
DBG_DWM_INVALIDATE tag=configure_radio_from_reset active_phy=2 configured=1 awake=0
DBG_DWM_MARK_UNCONFIGURED tag=initialise_radio prev_phy=0
DBG_WAKE_TRAIN_CONFIG_OK
DBG_WAKE_TRAIN_FIRST_SEND_BEGIN
DBG_WAKE_TRAIN_FIRST_SEND_OK
DBG_UWB_TX_CH5
DBG_TX_WAKE_CLAIM_SENT
DBG_UWB_TX_CH5
DBG_TX_WAKE_CLAIM_SENT
DBG_UWB_TX_CH5
DBG_TX_WAKE_CLAIM_SENT
DBG_UWB_TX_CH5
DBG_TX_WAKE_CLAIM_SENT
DBG_UWB_TX_CH5
DBG_TX_WAKE_CLAIM_SENT
DBG_UWB_TX_CH5
DBG_TX_WAKE_CLAIM_SENT
DBG_UWB_TX_CH5
DBG_TX_WAKE_CLAIM_SENT
DBG_UWB_TX_CH5
DBG_TX_WAKE_CLAIM_SENT
DBG_UWB_TX_CH5
DBG_TX_WAKE_CLAIM_SENT
DBG_UWB_TX_CH5
DBG_TX_WAKE_CLAIM_SENT
DBG_UWB_TX_CH5
DBG_TX_WAKE_CLAIM_SENT
DBG_UWB_TX_CH5
DBG_TX_WAKE_CLAIM_SENT
DBG_UWB_TX_CH5
DBG_TX_WAKE_CLAIM_SENT
DBG_UWB_TX_CH5
DBG_TX_WAKE_CLAIM_SENT
DBG_UWB_TX_CH5
DBG_TX_WAKE_CLAIM_SENT
DBG_UWB_TX_CH5
DBG_TX_WAKE_CLAIM_SENT
DBG_UWB_TX_CH5
DBG_TX_WAKE_CLAIM_SENT
DBG_UWB_TX_CH5
DBG_TX_WAKE_CLAIM_SENT
DBG_UWB_TX_CH5
DBG_TX_WAKE_CLAIM_SENT
DBG_UWB_TX_CH5
DBG_TX_WAKE_CLAIM_SENT
DBG_UWB_TX_CH5
DBG_TX_WAKE_CLAIM_SENT
DBG_UWB_TX_CH5
DBG_TX_WAKE_CLAIM_SENT
DBG_UWB_TX_CH5
DBG_TX_WAKE_CLAIM_SENT
DBG_STACK_RUN_BEGIN epoch=7638218915498322018 run=116 kind=ble_backpressure owner=system_workqueue queue=1 custody=1 credit=0 retry=0 drain=1 src=11068027678940948070 dst=11068027678940948070 session=43516059 seq=155 type=86 sequence=0 previous=0 uptime=3533715
DBG_STACK_SAMPLE_BEGIN epoch=7638218915498322018 run=116 sample=116 kind=ble_backpressure owner=system_workqueue queue=1 custody=1 credit=0 retry=0 drain=1 src=11068027678940948070 dst=11068027678940948070 session=43516059 seq=155 type=86 uptime=3533716
DBG_STACK_ISR_CONFIG size=8192 run=116 sample=116
DBG_STACK name=BT RX WQ tid=0x2000fe18 used=760 free=776 size=1536 ret=0 run=116 sample=116
DBG_STACK name=mesh_route tid=0x2000d560 used=5888 free=2304 size=8192 ret=0 run=116 sample=116
DBG_STACK name=sysworkq tid=0x20010d70 used=2408 free=2072 size=4480 ret=0 run=116 sample=116
DBG_STACK name=MPSL Work tid=0x20010b28 used=440 free=584 size=1024 ret=0 run=116 sample=116
DBG_STACK name=logging tid=0x2000f920 used=480 free=1568 size=2048 ret=0 run=116 sample=116
DBG_STACK name=idle tid=0x20010c00 used=64 free=256 size=320 ret=0 run=116 sample=116
DBG_STACK_SAMPLE_END run=116 sample=116
DBG_STACK_RUN_END epoch=7638218915498322018 run=116 kind=ble_backpressure owner=system_workqueue outcome=ack queue=1 custody=0 credit=1 retry=0 drain=1 src=11068027678940948070 dst=11068027678940948070 session=43516059 seq=155 type=86 samples=1 sequence=0 previous=0 uptime=3533725
DBG_UWB_TX_CH5
DBG_TX_WAKE_CLAIM_SENT
DBG_UWB_TX_CH5
DBG_TX_WAKE_CLAIM_SENT
DBG_UWB_TX_CH5
DBG_TX_WAKE_CLAIM_SENT
DBG_UWB_TX_CH5
DBG_TX_WAKE_CLAIM_SENT
DBG_UWB_TX_CH5
DBG_TX_WAKE_CLAIM_SENT
DBG_UWB_TX_CH5
DBG_TX_WAKE_CLAIM_SENT
DBG_UWB_TX_CH5
DBG_TX_WAKE_CLAIM_SENT
DBG_UWB_TX_CH5
DBG_TX_WAKE_CLAIM_SENT
DBG_UWB_TX_CH5
DBG_TX_WAKE_CLAIM_SENT
DBG_UWB_TX_CH5
DBG_TX_WAKE_CLAIM_SENT
DBG_UWB_TX_CH5
DBG_TX_WAKE_CLAIM_SENT
DBG_UWB_TX_CH5
DBG_TX_WAKE_CLAIM_SENT
DBG_UWB_TX_CH5
DBG_TX_WAKE_CLAIM_SENT
DBG_UWB_TX_CH5
DBG_TX_WAKE_CLAIM_SENT
DBG_UWB_TX_CH5
DBG_TX_WAKE_CLAIM_SENT
DBG_UWB_TX_CH5
DBG_TX_WAKE_CLAIM_SENT
DBG_UWB_TX_CH5
DBG_TX_WAKE_CLAIM_SENT
DBG_UWB_TX_CH5
DBG_TX_WAKE_CLAIM_SENT
DBG_UWB_TX_CH5
DBG_TX_WAKE_CLAIM_SENT
DBG_UWB_TX_CH5
DBG_TX_WAKE_CLAIM_SENT
DBG_UWB_TX_CH5
DBG_TX_WAKE_CLAIM_SENT
DBG_UWB_TX_CH5
DBG_TX_WAKE_CLAIM_SENT
DBG_UWB_TX_CH5
DBG_TX_WAKE_CLAIM_SENT
DBG_UWB_TX_CH5
DBG_TX_WAKE_CLAIM_SENT
DBG_UWB_TX_CH5
DBG_TX_WAKE_CLAIM_SENT
DBG_UWB_TX_CH5
DBG_TX_WAKE_CLAIM_SENT
DBG_UWB_TX_CH5
DBG_TX_WAKE_CLAIM_SENT
DBG_UWB_TX_CH5
DBG_TX_WAKE_CLAIM_SENT
DBG_UWB_TX_CH5
DBG_TX_WAKE_CLAIM_SENT
DBG_UWB_TX_CH5
DBG_TX_WAKE_CLAIM_SENT
DBG_UWB_TX_CH5
DBG_TX_WAKE_CLAIM_SENT
DBG_UWB_TX_CH5
DBG_TX_WAKE_CLAIM_SENT
DBG_UWB_TX_CH5
DBG_TX_WAKE_CLAIM_SENT
DBG_UWB_TX_CH5
DBG_TX_WAKE_CLAIM_SENT
DBG_UWB_TX_CH5
DBG_TX_WAKE_CLAIM_SENT
DBG_DWM_INVALIDATE tag=configure_radio_from_reset active_phy=2 configured=1 awake=1
DBG_DWM_MARK_UNCONFIGURED tag=initialise_radio prev_phy=0
DBG_DWM_INVALIDATE tag=configure_radio_from_reset active_phy=2 configured=1 awake=0
DBG_DWM_MARK_UNCONFIGURED tag=initialise_radio prev_phy=0
DBG_DWM_INVALIDATE tag=configure_radio_from_reset active_phy=2 configured=1 awake=0
DBG_DWM_MARK_UNCONFIGURED tag=initialise_radio prev_phy=0
DBG_DWM_WAKE_MESH_CTRL_OK sfd=4073
DBG_C5_TX_CONFIG ret=0 ext=1 len=178 msg=3c reason=bounded-c5-flood
DBG_UWB_TX_CH5
DBG_DWM_INVALIDATE tag=configure_radio_from_reset active_phy=4 configured=1 awake=0
DBG_DWM_MARK_UNCONFIGURED tag=initialise_radio prev_phy=0
DBG_DWM_WAKE_MESH_CTRL_OK sfd=4073
DBG_DWM_INVALIDATE tag=configure_radio_from_reset active_phy=4 configured=1 awake=0
DBG_DWM_MARK_UNCONFIGURED tag=initialise_radio prev_phy=0
DBG_DWM_INVALIDATE tag=configure_radio_from_reset active_phy=2 configured=1 awake=0
DBG_DWM_MARK_UNCONFIGURED tag=initialise_radio prev_phy=0
DBG_DWM_WAKE_MESH_CTRL_OK sfd=4073
DBG_C5_TX_CONFIG ret=0 ext=1 len=178 msg=3c reason=bounded-c5-flood
DBG_UWB_TX_CH5
DBG_DWM_INVALIDATE tag=configure_radio_from_reset active_phy=4 configured=1 awake=0
DBG_DWM_MARK_UNCONFIGURED tag=initialise_radio prev_phy=0
DBG_DWM_WAKE_MESH_CTRL_OK sfd=4073
DBG_DWM_INVALIDATE tag=configure_radio_from_reset active_phy=4 configured=1 awake=0
DBG_DWM_MARK_UNCONFIGURED tag=initialise_radio prev_phy=0
DBG_DWM_INVALIDATE tag=configure_radio_from_reset active_phy=2 configured=1 awake=0
DBG_DWM_MARK_UNCONFIGURED tag=initialise_radio prev_phy=0
DBG_DWM_WAKE_MESH_CTRL_OK sfd=4073
DBG_C5_TX_CONFIG ret=0 ext=1 len=178 msg=3c reason=bounded-c5-flood
DBG_UWB_TX_CH5
DBG_DWM_INVALIDATE tag=configure_radio_from_reset active_phy=4 configured=1 awake=0
DBG_DWM_MARK_UNCONFIGURED tag=initialise_radio prev_phy=0
DBG_DWM_WAKE_MESH_CTRL_OK sfd=4073
DBG_DWM_INVALIDATE tag=configure_radio_from_reset active_phy=4 configured=1 awake=0
DBG_DWM_MARK_UNCONFIGURED tag=initialise_radio prev_phy=0
DBG_DWM_INVALIDATE tag=configure_radio_from_reset active_phy=2 configured=1 awake=0
DBG_DWM_MARK_UNCONFIGURED tag=initialise_radio prev_phy=0
DBG_DWM_WAKE_MESH_CTRL_OK sfd=4073
DBG_C5_TX_CONFIG ret=0 ext=1 len=178 msg=3c reason=bounded-c5-flood
DBG_UWB_TX_CH5
DBG_GATEWAY_RX_START reason=gateway mesh restart active=1 qrx=0 qtx=0 adv_due=0
DBG_STACK_RUN_BEGIN epoch=7638218915498322018 run=117 kind=ble_backpressure owner=system_workqueue queue=1 custody=1 credit=0 retry=0 drain=1 src=11068027678940948070 dst=11068027678940948070 session=43516061 seq=157 type=86 sequence=0 previous=0 uptime=3534419
DBG_STACK_SAMPLE_BEGIN epoch=7638218915498322018 run=117 sample=117 kind=ble_backpressure owner=system_workqueue queue=1 custody=1 credit=0 retry=0 drain=1 src=11068027678940948070 dst=11068027678940948070 session=43516061 seq=157 type=86 uptime=3534419
DBG_STACK_ISR_CONFIG size=8192 run=117 sample=117
DBG_STACK name=BT RX WQ tid=0x2000fe18 used=760 free=776 size=1536 ret=0 run=117 sample=117
DBG_STACK name=mesh_route tid=0x2000d560 used=5888 free=2304 size=8192 ret=0 run=117 sample=117
DBG_STACK name=sysworkq tid=0x20010d70 used=2408 free=2072 size=4480 ret=0 run=117 sample=117
DBG_STACK name=MPSL Work tid=0x20010b28 used=440 free=584 size=1024 ret=0 run=117 sample=117
DBG_STACK name=logging tid=0x2000f920 used=480 free=1568 size=2048 ret=0 run=117 sample=117
DBG_STACK name=idle tid=0x20010c00 used=64 free=256 size=320 ret=0 run=117 sample=117
DBG_STACK_SAMPLE_END run=117 sample=117
DBG_STACK_RUN_END epoch=7638218915498322018 run=117 kind=ble_backpressure owner=system_workqueue outcome=ack queue=1 custody=0 credit=1 retry=0 drain=1 src=11068027678940948070 dst=11068027678940948070 session=43516061 seq=157 type=86 samples=1 sequence=0 previous=0 uptime=3534436
DBG_DWM_MARK_UNCONFIGURED tag=initialise_radio prev_phy=0
DBG_GATEWAY_CH9_RX_CONT_ARM now=3534449 rem=500 frames=0 errors=0
DBG_GATEWAY_CH9_RX_CONT_RESULT start=3534449 end=3534949 ret=-116 fail=0 status=0x02000000 len=0 frames=0
DBG_GATEWAY_CH9_RX_CONT_CAP now=3534951 win=12167 adv_wait=12167 due=3547118
DBG_GATEWAY_CH9_RX_CONT_ARM now=3534951 rem=500 frames=0 errors=0
DBG_GATEWAY_BLE event=param-updated interval=36 latency=0 timeout_ms=12000 uptime=3535198
DBG_GATEWAY_CH9_RX_CONT_RESULT start=3534951 end=3535452 ret=-116 fail=0 status=0x00000000 len=0 frames=0
DBG_GATEWAY_CH9_RX_CONT_CAP now=3535454 win=11664 adv_wait=11664 due=3547118
DBG_GATEWAY_CH9_RX_CONT_ARM now=3535454 rem=500 frames=0 errors=0
DBG_GATEWAY_CH9_RX_CONT_RESULT start=3535454 end=3535955 ret=-116 fail=0 status=0x00000000 len=0 frames=0
DBG_GATEWAY_CH9_RX_CONT_CAP now=3535957 win=11161 adv_wait=11161 due=3547118
DBG_GATEWAY_CH9_RX_CONT_ARM now=3535957 rem=500 frames=0 errors=0
DBG_GATEWAY_CH9_RX_CONT_RESULT start=3535957 end=3536458 ret=-116 fail=0 status=0x00000000 len=0 frames=0
DBG_GATEWAY_CH9_RX_CONT_CAP now=3536460 win=10658 adv_wait=10658 due=3547118
DBG_GATEWAY_CH9_RX_CONT_ARM now=3536460 rem=500 frames=0 errors=0
DBG_GATEWAY_CH9_RX_CONT_RESULT start=3536460 end=3536961 ret=-116 fail=0 status=0x00000000 len=0 frames=0
DBG_GATEWAY_CH9_RX_CONT_CAP now=3536963 win=10155 adv_wait=10155 due=3547118
DBG_GATEWAY_CH9_RX_CONT_ARM now=3536963 rem=500 frames=0 errors=0
DBG_GATEWAY_CH9_RX_CONT_RESULT start=3536963 end=3537464 ret=-116 fail=0 status=0x00000000 len=0 frames=0
DBG_GATEWAY_CH9_RX_CONT_CAP now=3537466 win=9652 adv_wait=9652 due=3547118
DBG_GATEWAY_CH9_RX_CONT_ARM now=3537466 rem=500 frames=0 errors=0
DBG_GATEWAY_CH9_RX_CONT_RESULT start=3537466 end=3537967 ret=-116 fail=0 status=0x00000000 len=0 frames=0
DBG_GATEWAY_CH9_RX_CONT_CAP now=3537969 win=9149 adv_wait=9149 due=3547118
DBG_GATEWAY_CH9_RX_CONT_ARM now=3537969 rem=500 frames=0 errors=0
DBG_GATEWAY_CH9_RX_CONT_RESULT start=3537969 end=3538470 ret=-116 fail=0 status=0x00000000 len=0 frames=0
DBG_GATEWAY_CH9_RX_CONT_CAP now=3538472 win=8646 adv_wait=8646 due=3547118
DBG_GATEWAY_CH9_RX_CONT_ARM now=3538472 rem=500 frames=0 errors=0
DBG_GATEWAY_CH9_RX_CONT_RESULT start=3538472 end=3538973 ret=-116 fail=0 status=0x00000000 len=0 frames=0
DBG_GATEWAY_CH9_RX_CONT_CAP now=3538975 win=8143 adv_wait=8143 due=3547118
DBG_GATEWAY_CH9_RX_CONT_ARM now=3538975 rem=500 frames=0 errors=0
DBG_GATEWAY_CH9_RX_CONT_RESULT start=3538975 end=3539476 ret=-116 fail=0 status=0x00000000 len=0 frames=0
DBG_GATEWAY_CH9_RX_CONT_CAP now=3539478 win=7640 adv_wait=7640 due=3547118
DBG_GATEWAY_CH9_RX_CONT_ARM now=3539478 rem=500 frames=0 errors=0
DBG_GATEWAY_CH9_RX_CONT_RESULT start=3539478 end=3539979 ret=-116 fail=0 status=0x00000000 len=0 frames=0
DBG_GATEWAY_CH9_RX_CONT_CAP now=3539981 win=7137 adv_wait=7137 due=3547118
DBG_GATEWAY_CH9_RX_CONT_ARM now=3539981 rem=500 frames=0 errors=0
DBG_GATEWAY_CH9_RX_CONT_RESULT start=3539981 end=3540482 ret=-116 fail=0 status=0x00000000 len=0 frames=0
DBG_GATEWAY_CH9_RX_CONT_CAP now=3540484 win=6634 adv_wait=6634 due=3547118
DBG_GATEWAY_CH9_RX_CONT_ARM now=3540484 rem=500 frames=0 errors=0
DBG_GATEWAY_CH9_RX_CONT_RESULT start=3540484 end=3540985 ret=-116 fail=0 status=0x00000000 len=0 frames=0
DBG_GATEWAY_CH9_RX_CONT_CAP now=3540987 win=6131 adv_wait=6131 due=3547118
DBG_GATEWAY_CH9_RX_CONT_ARM now=3540987 rem=500 frames=0 errors=0
DBG_GATEWAY_CH9_RX_CONT_RESULT start=3540987 end=3541488 ret=-116 fail=0 status=0x00000000 len=0 frames=0
DBG_GATEWAY_CH9_RX_CONT_CAP now=3541490 win=5628 adv_wait=5628 due=3547118
DBG_GATEWAY_CH9_RX_CONT_ARM now=3541490 rem=500 frames=0 errors=0
DBG_GATEWAY_CH9_RX_CONT_RESULT start=3541490 end=3541991 ret=-116 fail=0 status=0x00000000 len=0 frames=0
DBG_GATEWAY_CH9_RX_CONT_CAP now=3541993 win=5125 adv_wait=5125 due=3547118
DBG_GATEWAY_CH9_RX_CONT_ARM now=3541993 rem=500 frames=0 errors=0
DBG_GATEWAY_CH9_RX_CONT_RESULT start=3541993 end=3542494 ret=-116 fail=0 status=0x00000000 len=0 frames=0
DBG_GATEWAY_CH9_RX_CONT_CAP now=3542496 win=4622 adv_wait=4622 due=3547118
DBG_GATEWAY_CH9_RX_CONT_ARM now=3542496 rem=500 frames=0 errors=0
DBG_GATEWAY_CH9_RX_CONT_RESULT start=3542496 end=3542997 ret=-116 fail=0 status=0x00000000 len=0 frames=0
DBG_GATEWAY_CH9_RX_CONT_CAP now=3542999 win=4119 adv_wait=4119 due=3547118
DBG_GATEWAY_CH9_RX_CONT_ARM now=3542999 rem=500 frames=0 errors=0
DBG_GATEWAY_CH9_RX_CONT_RESULT start=3542999 end=3543500 ret=-116 fail=0 status=0x00000000 len=0 frames=0
DBG_GATEWAY_CH9_RX_CONT_CAP now=3543502 win=3616 adv_wait=3616 due=3547118
DBG_GATEWAY_CH9_RX_CONT_ARM now=3543502 rem=500 frames=0 errors=0
DBG_GATEWAY_CH9_RX_CONT_RESULT start=3543502 end=3544003 ret=-116 fail=0 status=0x00000000 len=0 frames=0
DBG_GATEWAY_CH9_RX_CONT_CAP now=3544005 win=3113 adv_wait=3113 due=3547118
DBG_GATEWAY_CH9_RX_CONT_ARM now=3544005 rem=500 frames=0 errors=0
DBG_GATEWAY_CH9_RX_CONT_RESULT start=3544005 end=3544506 ret=-116 fail=0 status=0x00000000 len=0 frames=0
DBG_GATEWAY_CH9_RX_CONT_CAP now=3544508 win=2610 adv_wait=2610 due=3547118
DBG_GATEWAY_CH9_RX_CONT_ARM now=3544508 rem=500 frames=0 errors=0
DBG_GATEWAY_CH9_RX_CONT_RESULT start=3544508 end=3545009 ret=-116 fail=0 status=0x00000000 len=0 frames=0
DBG_GATEWAY_CH9_RX_CONT_CAP now=3545011 win=2107 adv_wait=2107 due=3547118
DBG_GATEWAY_CH9_RX_CONT_ARM now=3545011 rem=500 frames=0 errors=0
DBG_GATEWAY_CH9_RX_CONT_RESULT start=3545011 end=3545512 ret=-116 fail=0 status=0x00000000 len=0 frames=0
DBG_GATEWAY_CH9_RX_CONT_CAP now=3545514 win=1604 adv_wait=1604 due=3547118
DBG_GATEWAY_CH9_RX_CONT_ARM now=3545514 rem=500 frames=0 errors=0
DBG_GATEWAY_CH9_RX_CONT_RESULT start=3545514 end=3546015 ret=-116 fail=0 status=0x00000000 len=0 frames=0
DBG_GATEWAY_CH9_RX_CONT_CAP now=3546017 win=1101 adv_wait=1101 due=3547118
DBG_GATEWAY_CH9_RX_CONT_ARM now=3546017 rem=500 frames=0 errors=0
DBG_GATEWAY_CH9_RX_CONT_RESULT start=3546017 end=3546518 ret=-116 fail=0 status=0x00000000 len=0 frames=0
DBG_GATEWAY_CH9_RX_CONT_CAP now=3546520 win=598 adv_wait=598 due=3547118
DBG_GATEWAY_CH9_RX_CONT_ARM now=3546520 rem=500 frames=0 errors=0
DBG_GATEWAY_CH9_RX_CONT_RESULT start=3546520 end=3547021 ret=-116 fail=0 status=0x00000000 len=0 frames=0
DBG_GATEWAY_CH9_RX_CONT_CAP now=3547023 win=95 adv_wait=95 due=3547118
DBG_GATEWAY_CH9_RX_CONT_ARM now=3547023 rem=95 frames=0 errors=0
DBG_GATEWAY_CH9_RX_CONT_RESULT start=3547023 end=3547119 ret=-116 fail=0 status=0x00000000 len=0 frames=0
DBG_GATEWAY_CH9_RX_DONE_YIELD_ADV now=3547120 due=3547118
DBG_STACK_RUN_BEGIN epoch=7638218915498322018 run=118 kind=ble_backpressure owner=system_workqueue queue=1 custody=1 credit=0 retry=0 drain=1 src=11068027678940948070 dst=11068027678940948070 session=4250319186 seq=47442 type=65 sequence=0 previous=0 uptime=3547120
DBG_STACK_SAMPLE_BEGIN epoch=7638218915498322018 run=118 sample=118 kind=ble_backpressure owner=system_workqueue queue=1 custody=1 credit=0 retry=0 drain=1 src=11068027678940948070 dst=11068027678940948070 session=4250319186 seq=47442 type=65 uptime=3547121
DBG_STACK_ISR_CONFIG size=8192 run=118 sample=118
DBG_STACK name=BT RX WQ tid=0x2000fe18 used=760 free=776 size=1536 ret=0 run=118 sample=118
DBG_STACK name=mesh_route tid=0x2000d560 used=5888 free=2304 size=8192 ret=0 run=118 sample=118
DBG_STACK name=sysworkq tid=0x20010d70 used=2408 free=2072 size=4480 ret=0 run=118 sample=118
DBG_STACK name=MPSL Work tid=0x20010b28 used=440 free=584 size=1024 ret=0 run=118 sample=118
DBG_STACK name=logging tid=0x2000f920 used=480 free=1568 size=2048 ret=0 run=118 sample=118
DBG_STACK name=idle tid=0x20010c00 used=64 free=256 size=320 ret=0 run=118 sample=118
DBG_STACK_SAMPLE_END run=118 sample=118
DBG_STACK_RUN_END epoch=7638218915498322018 run=118 kind=ble_backpressure owner=system_workqueue outcome=ack queue=2 custody=0 credit=1 retry=0 drain=2 src=11068027678940948070 dst=11068027678940948070 session=4250319186 seq=47442 type=65 samples=1 sequence=0 previous=0 uptime=3547149
DBG_STACK_RUN_BEGIN epoch=7638218915498322018 run=119 kind=ble_backpressure owner=system_workqueue queue=1 custody=1 credit=0 retry=0 drain=1 src=11068027678940948070 dst=11068027678940948070 session=43516062 seq=158 type=86 sequence=0 previous=0 uptime=3547350
DBG_STACK_SAMPLE_BEGIN epoch=7638218915498322018 run=119 sample=119 kind=ble_backpressure owner=system_workqueue queue=1 custody=1 credit=0 retry=0 drain=1 src=11068027678940948070 dst=11068027678940948070 session=43516062 seq=158 type=86 uptime=3547350
DBG_STACK_ISR_CONFIG size=8192 run=119 sample=119
DBG_STACK name=BT RX WQ tid=0x2000fe18 used=760 free=776 size=1536 ret=0 run=119 sample=119
DBG_STACK name=mesh_route tid=0x2000d560 used=5888 free=2304 size=8192 ret=0 run=119 sample=119
DBG_STACK name=sysworkq tid=0x20010d70 used=2408 free=2072 size=4480 ret=0 run=119 sample=119
DBG_STACK name=MPSL Work tid=0x20010b28 used=440 free=584 size=1024 ret=0 run=119 sample=119
DBG_STACK name=logging tid=0x2000f920 used=480 free=1568 size=2048 ret=0 run=119 sample=119
DBG_STACK name=idle tid=0x20010c00 used=64 free=256 size=320 ret=0 run=119 sample=119
DBG_STACK_SAMPLE_END run=119 sample=119
DBG_STACK_RUN_END epoch=7638218915498322018 run=119 kind=ble_backpressure owner=system_workqueue outcome=ack queue=1 custody=0 credit=1 retry=0 drain=1 src=11068027678940948070 dst=11068027678940948070 session=43516062 seq=158 type=86 samples=1 sequence=0 previous=0 uptime=3547371
DBG_GATEWAY_CH9_RX_CONT_RESULT start=3547130 end=3547631 ret=-116 fail=0 status=0x00000000 len=0 frames=0
DBG_GATEWAY_CH9_RX_CONT_ARM now=3547633 rem=500 frames=0 errors=0
DBG_GATEWAY_COMMAND_PRIORITY_SUBMIT ret=0 now=3547665
DBG_STACK_RUN_BEGIN epoch=7638218915498322018 run=120 kind=ble_backpressure owner=system_workqueue queue=1 custody=1 credit=0 retry=0 drain=1 src=11068027678940948070 dst=11068027678940948070 session=43516063 seq=159 type=86 sequence=0 previous=0 uptime=3547666
DBG_STACK_SAMPLE_BEGIN epoch=7638218915498322018 run=120 sample=120 kind=ble_backpressure owner=system_workqueue queue=1 custody=1 credit=0 retry=0 drain=1 src=11068027678940948070 dst=11068027678940948070 session=43516063 seq=159 type=86 uptime=3547666
DBG_STACK_ISR_CONFIG size=8192 run=120 sample=120
DBG_STACK name=BT RX WQ tid=0x2000fe18 used=760 free=776 size=1536 ret=0 run=120 sample=120
DBG_STACK name=mesh_route tid=0x2000d560 used=5888 free=2304 size=8192 ret=0 run=120 sample=120
DBG_STACK name=sysworkq tid=0x20010d70 used=2408 free=2072 size=4480 ret=0 run=120 sample=120
DBG_STACK name=MPSL Work tid=0x20010b28 used=440 free=584 size=1024 ret=0 run=120 sample=120
DBG_STACK name=logging tid=0x2000f920 used=480 free=1568 size=2048 ret=0 run=120 sample=120
DBG_STACK name=idle tid=0x20010c00 used=64 free=256 size=320 ret=0 run=120 sample=120
DBG_STACK_SAMPLE_END run=120 sample=120
DBG_STACK_RUN_END epoch=7638218915498322018 run=120 kind=ble_backpressure owner=system_workqueue outcome=ack queue=3 custody=0 credit=1 retry=0 drain=3 src=11068027678940948070 dst=11068027678940948070 session=43516063 seq=159 type=86 samples=1 sequence=0 previous=0 uptime=3547688
DBG_STACK_RUN_BEGIN epoch=7638218915498322018 run=121 kind=ble_backpressure owner=system_workqueue queue=2 custody=2 credit=0 retry=0 drain=2 src=11068027678940948070 dst=11068027678940948070 session=43516064 seq=160 type=86 sequence=0 previous=0 uptime=3547755
DBG_STACK_SAMPLE_BEGIN epoch=7638218915498322018 run=121 sample=121 kind=ble_backpressure owner=system_workqueue queue=2 custody=2 credit=0 retry=0 drain=2 src=11068027678940948070 dst=11068027678940948070 session=43516064 seq=160 type=86 uptime=3547756
DBG_STACK_ISR_CONFIG size=8192 run=121 sample=121
DBG_STACK name=BT RX WQ tid=0x2000fe18 used=760 free=776 size=1536 ret=0 run=121 sample=121
DBG_STACK name=mesh_route tid=0x2000d560 used=5888 free=2304 size=8192 ret=0 run=121 sample=121
DBG_STACK name=sysworkq tid=0x20010d70 used=2408 free=2072 size=4480 ret=0 run=121 sample=121
DBG_STACK name=MPSL Work tid=0x20010b28 used=440 free=584 size=1024 ret=0 run=121 sample=121
DBG_STACK name=logging tid=0x2000f920 used=480 free=1568 size=2048 ret=0 run=121 sample=121
DBG_STACK name=idle tid=0x20010c00 used=64 free=256 size=320 ret=0 run=121 sample=121
DBG_STACK_SAMPLE_END run=121 sample=121
DBG_STACK_RUN_END epoch=7638218915498322018 run=121 kind=ble_backpressure owner=system_workqueue outcome=ack queue=2 custody=0 credit=1 retry=0 drain=2 src=11068027678940948070 dst=11068027678940948070 session=43516064 seq=160 type=86 samples=1 sequence=0 previous=0 uptime=3547771
DBG_STACK_RUN_BEGIN epoch=7638218915498322018 run=122 kind=ble_backpressure owner=system_workqueue queue=1 custody=1 credit=0 retry=0 drain=1 src=11068027678940948070 dst=11068027678940948070 session=43516066 seq=162 type=86 sequence=0 previous=0 uptime=3547980
DBG_STACK_SAMPLE_BEGIN epoch=7638218915498322018 run=122 sample=122 kind=ble_backpressure owner=system_workqueue queue=1 custody=1 credit=0 retry=0 drain=1 src=11068027678940948070 dst=11068027678940948070 session=43516066 seq=162 type=86 uptime=3547981
DBG_STACK_ISR_CONFIG size=8192 run=122 sample=122
DBG_STACK name=BT RX WQ tid=0x2000fe18 used=760 free=776 size=1536 ret=0 run=122 sample=122
DBG_STACK name=mesh_route tid=0x2000d560 used=5888 free=2304 size=8192 ret=0 run=122 sample=122
DBG_STACK name=sysworkq tid=0x20010d70 used=2408 free=2072 size=4480 ret=0 run=122 sample=122
DBG_STACK name=MPSL Work tid=0x20010b28 used=440 free=584 size=1024 ret=0 run=122 sample=122
DBG_STACK name=logging tid=0x2000f920 used=480 free=1568 size=2048 ret=0 run=122 sample=122
DBG_STACK name=idle tid=0x20010c00 used=64 free=256 size=320 ret=0 run=122 sample=122
DBG_STACK_SAMPLE_END run=122 sample=122
DBG_STACK_RUN_END epoch=7638218915498322018 run=122 kind=ble_backpressure owner=system_workqueue outcome=ack queue=1 custody=0 credit=1 retry=0 drain=1 src=11068027678940948070 dst=11068027678940948070 session=43516066 seq=162 type=86 samples=1 sequence=0 previous=0 uptime=3547999
DBG_GATEWAY_CH9_RX_CONT_RESULT start=3547672 end=3548172 ret=-116 fail=0 status=0x00000000 len=0 frames=0
DBG_GATEWAY_COMMAND_PRIORITY_SUBMIT ret=0 now=3548173
DBG_GATEWAY_CH9_RX_CONT_ARM now=3548174 rem=500 frames=0 errors=0
DBG_GATEWAY_CH9_RX_CONT_RESULT start=3548174 end=3548175 ret=-140 fail=0 status=0x00000000 len=0 frames=0
DBG_GATEWAY_CH9_RX_COMMAND_PREEMPT now=3548176 rem=500 frames=0
DBG_GATEWAY_CH9_RX_CONT_DONE ret=-140 len=0 fail=0 recover=0
DBG_NC o=0000000000000019 g=00000019 w=00 e=0000003c s=00000005 q=0000>0004 r=00000000 f=00000024 t=00000000 p=00000000 a=00
DBG_NODE_COMM_SUBMIT handle=25 profile=0 token=17039385 deadline=3558176
DBG_ENUM_FLOOD kind=1 handle=25
DBG_ENUM_CLAIM_TX epoch=43516065 round=1 ret=0
DBG_NODE_COMM_TX_BEGIN handle=25 profile=0 msg=64 dst=0x0 seq=25
DBG_CONTROL_RX_HANDOFF_READY abort=0
DBG_COORD state=idle owner=c5-flood reason=idle rx=0 tx=0 relay=0 route=0 ack=0 qack=0
DBG_WAKE_TRAIN_GUARD_OK
DBG_DWM_INVALIDATE tag=configure_radio_from_reset active_phy=3 configured=1 awake=1
DBG_DWM_MARK_UNCONFIGURED tag=initialise_radio prev_phy=0
DBG_WAKE_TRAIN_CONFIG_BEGIN
DBG_DWM_INVALIDATE tag=configure_radio_from_reset active_phy=2 configured=1 awake=0
DBG_DWM_MARK_UNCONFIGURED tag=initialise_radio prev_phy=0
DBG_WAKE_TRAIN_CONFIG_OK
DBG_WAKE_TRAIN_FIRST_SEND_BEGIN
DBG_WAKE_TRAIN_FIRST_SEND_OK
DBG_UWB_TX_CH5
DBG_TX_WAKE_CLAIM_SENT
DBG_UWB_TX_CH5
DBG_TX_WAKE_CLAIM_SENT
DBG_UWB_TX_CH5
DBG_TX_WAKE_CLAIM_SENT
DBG_UWB_TX_CH5
DBG_TX_WAKE_CLAIM_SENT
DBG_UWB_TX_CH5
DBG_TX_WAKE_CLAIM_SENT
DBG_UWB_TX_CH5
DBG_TX_WAKE_CLAIM_SENT
DBG_UWB_TX_CH5
DBG_TX_WAKE_CLAIM_SENT
DBG_UWB_TX_CH5
DBG_TX_WAKE_CLAIM_SENT
DBG_UWB_TX_CH5
DBG_TX_WAKE_CLAIM_SENT
DBG_UWB_TX_CH5
DBG_TX_WAKE_CLAIM_SENT
DBG_UWB_TX_CH5
DBG_TX_WAKE_CLAIM_SENT
DBG_UWB_TX_CH5
DBG_TX_WAKE_CLAIM_SENT
DBG_UWB_TX_CH5
DBG_TX_WAKE_CLAIM_SENT
DBG_UWB_TX_CH5
DBG_TX_WAKE_CLAIM_SENT
DBG_UWB_TX_CH5
DBG_TX_WAKE_CLAIM_SENT
DBG_UWB_TX_CH5
DBG_TX_WAKE_CLAIM_SENT
DBG_UWB_TX_CH5
DBG_TX_WAKE_CLAIM_SENT
DBG_UWB_TX_CH5
DBG_TX_WAKE_CLAIM_SENT
DBG_UWB_TX_CH5
DBG_TX_WAKE_CLAIM_SENT
DBG_UWB_TX_CH5
DBG_TX_WAKE_CLAIM_SENT
DBG_UWB_TX_CH5
DBG_TX_WAKE_CLAIM_SENT
DBG_UWB_TX_CH5
DBG_TX_WAKE_CLAIM_SENT
DBG_UWB_TX_CH5
DBG_TX_WAKE_CLAIM_SENT
DBG_UWB_TX_CH5
DBG_TX_WAKE_CLAIM_SENT
DBG_UWB_TX_CH5
DBG_TX_WAKE_CLAIM_SENT
DBG_UWB_TX_CH5
DBG_TX_WAKE_CLAIM_SENT
DBG_UWB_TX_CH5
DBG_TX_WAKE_CLAIM_SENT
DBG_UWB_TX_CH5
DBG_TX_WAKE_CLAIM_SENT
DBG_UWB_TX_CH5
DBG_TX_WAKE_CLAIM_SENT
DBG_UWB_TX_CH5
DBG_TX_WAKE_CLAIM_SENT
DBG_UWB_TX_CH5
DBG_TX_WAKE_CLAIM_SENT
DBG_UWB_TX_CH5
DBG_TX_WAKE_CLAIM_SENT
DBG_UWB_TX_CH5
DBG_TX_WAKE_CLAIM_SENT
DBG_UWB_TX_CH5
DBG_TX_WAKE_CLAIM_SENT
DBG_UWB_TX_CH5
DBG_TX_WAKE_CLAIM_SENT
DBG_UWB_TX_CH5
DBG_TX_WAKE_CLAIM_SENT
DBG_UWB_TX_CH5
DBG_TX_WAKE_CLAIM_SENT
DBG_UWB_TX_CH5
DBG_TX_WAKE_CLAIM_SENT
DBG_UWB_TX_CH5
DBG_TX_WAKE_CLAIM_SENT
DBG_UWB_TX_CH5
DBG_TX_WAKE_CLAIM_SENT
DBG_UWB_TX_CH5
DBG_TX_WAKE_CLAIM_SENT
DBG_UWB_TX_CH5
DBG_TX_WAKE_CLAIM_SENT
DBG_UWB_TX_CH5
DBG_TX_WAKE_CLAIM_SENT
DBG_UWB_TX_CH5
DBG_TX_WAKE_CLAIM_SENT
DBG_UWB_TX_CH5
DBG_TX_WAKE_CLAIM_SENT
DBG_UWB_TX_CH5
DBG_TX_WAKE_CLAIM_SENT
DBG_UWB_TX_CH5
DBG_TX_WAKE_CLAIM_SENT
DBG_UWB_TX_CH5
DBG_TX_WAKE_CLAIM_SENT
DBG_UWB_TX_CH5
DBG_TX_WAKE_CLAIM_SENT
DBG_UWB_TX_CH5
DBG_TX_WAKE_CLAIM_SENT
DBG_UWB_TX_CH5
DBG_TX_WAKE_CLAIM_SENT
DBG_UWB_TX_CH5
DBG_TX_WAKE_CLAIM_SENT
DBG_UWB_TX_CH5
DBG_TX_WAKE_CLAIM_SENT
DBG_UWB_TX_CH5
DBG_TX_WAKE_CLAIM_SENT
DBG_UWB_TX_CH5
DBG_TX_WAKE_CLAIM_SENT
DBG_UWB_TX_CH5
DBG_TX_WAKE_CLAIM_SENT
DBG_UWB_TX_CH5
DBG_TX_WAKE_CLAIM_SENT
DBG_UWB_TX_CH5
DBG_TX_WAKE_CLAIM_SENT
DBG_UWB_TX_CH5
DBG_TX_WAKE_CLAIM_SENT
DBG_UWB_TX_CH5
DBG_TX_WAKE_CLAIM_SENT
DBG_UWB_TX_CH5
DBG_TX_WAKE_CLAIM_SENT
DBG_UWB_TX_CH5
DBG_TX_WAKE_CLAIM_SENT
DBG_UWB_TX_CH5
DBG_TX_WAKE_CLAIM_SENT
DBG_UWB_TX_CH5
DBG_TX_WAKE_CLAIM_SENT
DBG_UWB_TX_CH5
DBG_TX_WAKE_CLAIM_SENT
DBG_UWB_TX_CH5
DBG_TX_WAKE_CLAIM_SENT
DBG_UWB_TX_CH5
DBG_TX_WAKE_CLAIM_SENT
DBG_UWB_TX_CH5
DBG_TX_WAKE_CLAIM_SENT
DBG_UWB_TX_CH5
DBG_TX_WAKE_CLAIM_SENT
DBG_UWB_TX_CH5
DBG_TX_WAKE_CLAIM_SENT
DBG_UWB_TX_CH5
DBG_TX_WAKE_CLAIM_SENT
DBG_UWB_TX_CH5
DBG_TX_WAKE_CLAIM_SENT
DBG_UWB_TX_CH5
DBG_TX_WAKE_CLAIM_SENT
DBG_UWB_TX_CH5
DBG_TX_WAKE_CLAIM_SENT
DBG_UWB_TX_CH5
DBG_TX_WAKE_CLAIM_SENT
DBG_UWB_TX_CH5
DBG_TX_WAKE_CLAIM_SENT
DBG_UWB_TX_CH5
DBG_TX_WAKE_CLAIM_SENT
DBG_UWB_TX_CH5
DBG_TX_WAKE_CLAIM_SENT
DBG_UWB_TX_CH5
DBG_TX_WAKE_CLAIM_SENT
DBG_UWB_TX_CH5
DBG_TX_WAKE_CLAIM_SENT
DBG_UWB_TX_CH5
DBG_TX_WAKE_CLAIM_SENT
DBG_UWB_TX_CH5
DBG_TX_WAKE_CLAIM_SENT
DBG_UWB_TX_CH5
DBG_TX_WAKE_CLAIM_SENT
DBG_UWB_TX_CH5
DBG_TX_WAKE_CLAIM_SENT
DBG_UWB_TX_CH5
DBG_TX_WAKE_CLAIM_SENT
DBG_UWB_TX_CH5
DBG_TX_WAKE_CLAIM_SENT
DBG_UWB_TX_CH5
DBG_TX_WAKE_CLAIM_SENT
DBG_UWB_TX_CH5
DBG_TX_WAKE_CLAIM_SENT
DBG_UWB_TX_CH5
DBG_TX_WAKE_CLAIM_SENT
DBG_UWB_TX_CH5
DBG_TX_WAKE_CLAIM_SENT
DBG_UWB_TX_CH5
DBG_TX_WAKE_CLAIM_SENT
DBG_UWB_TX_CH5
DBG_TX_WAKE_CLAIM_SENT
DBG_UWB_TX_CH5
DBG_TX_WAKE_CLAIM_SENT
DBG_UWB_TX_CH5
DBG_TX_WAKE_CLAIM_SENT
DBG_UWB_TX_CH5
DBG_TX_WAKE_CLAIM_SENT
DBG_UWB_TX_CH5
DBG_TX_WAKE_CLAIM_SENT
DBG_UWB_TX_CH5
DBG_TX_WAKE_CLAIM_SENT
DBG_UWB_TX_CH5
DBG_TX_WAKE_CLAIM_SENT
DBG_UWB_TX_CH5
DBG_TX_WAKE_CLAIM_SENT
DBG_UWB_TX_CH5
DBG_TX_WAKE_CLAIM_SENT
DBG_UWB_TX_CH5
DBG_TX_WAKE_CLAIM_SENT
DBG_UWB_TX_CH5
DBG_TX_WAKE_CLAIM_SENT
DBG_UWB_TX_CH5
DBG_TX_WAKE_CLAIM_SENT
DBG_UWB_TX_CH5
DBG_TX_WAKE_CLAIM_SENT
DBG_UWB_TX_CH5
DBG_TX_WAKE_CLAIM_SENT
DBG_UWB_TX_CH5
DBG_TX_WAKE_CLAIM_SENT
DBG_UWB_TX_CH5
DBG_TX_WAKE_CLAIM_SENT
DBG_UWB_TX_CH5
DBG_TX_WAKE_CLAIM_SENT
DBG_UWB_TX_CH5
DBG_TX_WAKE_CLAIM_SENT
DBG_UWB_TX_CH5
DBG_TX_WAKE_CLAIM_SENT
DBG_UWB_TX_CH5
DBG_TX_WAKE_CLAIM_SENT
DBG_UWB_TX_CH5
DBG_TX_WAKE_CLAIM_SENT
DBG_UWB_TX_CH5
DBG_TX_WAKE_CLAIM_SENT
DBG_UWB_TX_CH5
DBG_TX_WAKE_CLAIM_SENT
DBG_UWB_TX_CH5
DBG_TX_WAKE_CLAIM_SENT
DBG_UWB_TX_CH5
DBG_TX_WAKE_CLAIM_SENT
DBG_UWB_TX_CH5
DBG_TX_WAKE_CLAIM_SENT
DBG_UWB_TX_CH5
DBG_TX_WAKE_CLAIM_SENT
DBG_UWB_TX_CH5
DBG_TX_WAKE_CLAIM_SENT
DBG_UWB_TX_CH5
DBG_TX_WAKE_CLAIM_SENT
DBG_UWB_TX_CH5
DBG_TX_WAKE_CLAIM_SENT
DBG_UWB_TX_CH5
DBG_TX_WAKE_CLAIM_SENT
DBG_UWB_TX_CH5
DBG_TX_WAKE_CLAIM_SENT
DBG_UWB_TX_CH5
DBG_TX_WAKE_CLAIM_SENT
DBG_UWB_TX_CH5
DBG_TX_WAKE_CLAIM_SENT
DBG_UWB_TX_CH5
DBG_TX_WAKE_CLAIM_SENT
DBG_UWB_TX_CH5
DBG_TX_WAKE_CLAIM_SENT
DBG_UWB_TX_CH5
DBG_TX_WAKE_CLAIM_SENT
DBG_UWB_TX_CH5
DBG_TX_WAKE_CLAIM_SENT
DBG_UWB_TX_CH5
DBG_TX_WAKE_CLAIM_SENT
DBG_UWB_TX_CH5
DBG_TX_WAKE_CLAIM_SENT
DBG_UWB_TX_CH5
DBG_TX_WAKE_CLAIM_SENT
DBG_UWB_TX_CH5
DBG_TX_WAKE_CLAIM_SENT
DBG_UWB_TX_CH5
DBG_TX_WAKE_CLAIM_SENT
DBG_UWB_TX_CH5
DBG_TX_WAKE_CLAIM_SENT
DBG_UWB_TX_CH5
DBG_TX_WAKE_CLAIM_SENT
DBG_UWB_TX_CH5
DBG_TX_WAKE_CLAIM_SENT
DBG_UWB_TX_CH5
DBG_TX_WAKE_CLAIM_SENT
DBG_UWB_TX_CH5
DBG_TX_WAKE_CLAIM_SENT
DBG_UWB_TX_CH5
DBG_TX_WAKE_CLAIM_SENT
DBG_UWB_TX_CH5
DBG_TX_WAKE_CLAIM_SENT
DBG_UWB_TX_CH5
DBG_TX_WAKE_CLAIM_SENT
DBG_UWB_TX_CH5
DBG_TX_WAKE_CLAIM_SENT
DBG_UWB_TX_CH5
DBG_TX_WAKE_CLAIM_SENT
DBG_UWB_TX_CH5
DBG_TX_WAKE_CLAIM_SENT
DBG_UWB_TX_CH5
DBG_TX_WAKE_CLAIM_SENT
DBG_UWB_TX_CH5
DBG_TX_WAKE_CLAIM_SENT
DBG_UWB_TX_CH5
DBG_TX_WAKE_CLAIM_SENT
DBG_UWB_TX_CH5
DBG_TX_WAKE_CLAIM_SENT
DBG_DWM_INVALIDATE tag=configure_radio_from_reset active_phy=2 configured=1 awake=1
DBG_DWM_MARK_UNCONFIGURED tag=initialise_radio prev_phy=0
DBG_C5_CONTROL_FOLLOWUP_TURNAROUND delay=60 msg=40 reason=node-comm-bounded-control-flood
DBG_DWM_INVALIDATE tag=configure_radio_from_reset active_phy=2 configured=1 awake=0
DBG_DWM_MARK_UNCONFIGURED tag=initialise_radio prev_phy=0
DBG_DWM_INVALIDATE tag=configure_radio_from_reset active_phy=2 configured=1 awake=0
DBG_DWM_MARK_UNCONFIGURED tag=initialise_radio prev_phy=0
DBG_DWM_WAKE_MESH_CTRL_OK sfd=4073
DBG_C5_TX_CONFIG ret=0 ext=1 len=127 msg=40 reason=bounded-c5-flood
DBG_UWB_TX_CH5
DBG_NC o=0000000000000019 g=00000019 w=00 e=00000022 s=00000005 q=0004>0005 r=00000000 f=00000001 t=00000000 p=00000000 a=00
DBG_NC o=0000000000000019 g=00000019 w=00 e=00000042 s=00000005 q=0005>0006 r=00000000 f=00000001 t=00000000 p=00000000 a=00
DBG_NODE_COMM_ATTEMPT handle=25 profile=0 attempt=1 ret=0 rf=1 scheduled=0 state=0
DBG_GATEWAY_RX_START reason=gateway mesh restart active=1 qrx=0 qtx=0 adv_due=0
DBG_ENUM_RF_BEGIN kind=1 handle=25 attempt=1 tries=1
DBG_STACK_RUN_BEGIN epoch=7638218915498322018 run=123 kind=ble_backpressure owner=system_workqueue queue=1 custody=1 credit=0 retry=0 drain=1 src=11068027678940948070 dst=11068027678940948070 session=43516068 seq=164 type=86 sequence=0 previous=0 uptime=3549407
DBG_STACK_SAMPLE_BEGIN epoch=7638218915498322018 run=123 sample=123 kind=ble_backpressure owner=system_workqueue queue=1 custody=1 credit=0 retry=0 drain=1 src=11068027678940948070 dst=11068027678940948070 session=43516068 seq=164 type=86 uptime=3549407
DBG_STACK_ISR_CONFIG size=8192 run=123 sample=123
DBG_STACK name=BT RX WQ tid=0x2000fe18 used=760 free=776 size=1536 ret=0 run=123 sample=123
DBG_STACK name=mesh_route tid=0x2000d560 used=5888 free=2304 size=8192 ret=0 run=123 sample=123
DBG_STACK name=sysworkq tid=0x20010d70 used=2408 free=2072 size=4480 ret=0 run=123 sample=123
DBG_STACK name=MPSL Work tid=0x20010b28 used=440 free=584 size=1024 ret=0 run=123 sample=123
DBG_STACK name=logging tid=0x2000f920 used=480 free=1568 size=2048 ret=0 run=123 sample=123
DBG_STACK name=idle tid=0x20010c00 used=64 free=256 size=320 ret=0 run=123 sample=123
DBG_STACK_SAMPLE_END run=123 sample=123
DBG_STACK_RUN_END epoch=7638218915498322018 run=123 kind=ble_backpressure owner=system_workqueue outcome=ack queue=1 custody=0 credit=1 retry=0 drain=1 src=11068027678940948070 dst=11068027678940948070 session=43516068 seq=164 type=86 samples=1 sequence=0 previous=0 uptime=3549431
DBG_GATEWAY_CH9_RX_CONT_ARM now=3549436 rem=500 frames=0 errors=0
DBG_GATEWAY_CH9_RX_CONT_RESULT start=3549436 end=3549444 ret=-140 fail=0 status=0x02000000 len=0 frames=0
DBG_GATEWAY_CH9_RX_COMMAND_PREEMPT now=3549445 rem=500 frames=0
DBG_DWM_MARK_UNCONFIGURED tag=initialise_radio prev_phy=0
DBG_DWM_INVALIDATE tag=configure_radio_from_reset active_phy=2 configured=1 awake=0
DBG_DWM_MARK_UNCONFIGURED tag=initialise_radio prev_phy=0
DBG_DWM_WAKE_MESH_CTRL_OK sfd=4073
DBG_C5_TX_CONFIG ret=0 ext=1 len=127 msg=40 reason=bounded-c5-flood
DBG_UWB_TX_CH5
DBG_NC o=0000000000000019 g=00000019 w=00 e=00000022 s=00000005 q=0004>0005 r=00000000 f=00000001 t=00000000 p=00000000 a=00
DBG_NC o=0000000000000019 g=00000019 w=00 e=00000042 s=00000005 q=0005>0006 r=00000000 f=00000001 t=00000000 p=00000000 a=00
DBG_NODE_COMM_ATTEMPT handle=25 profile=0 attempt=2 ret=0 rf=1 scheduled=0 state=0
DBG_GATEWAY_RX_START reason=gateway mesh restart active=1 qrx=0 qtx=0 adv_due=0
DBG_COORD state=gateway-rx owner=uwb-rx reason=gateway-rx rx=0 tx=0 relay=0 route=0 ack=0 qack=0
DBG_DWM_INVALIDATE tag=configure_radio_from_reset active_phy=4 configured=1 awake=1
DBG_DWM_MARK_UNCONFIGURED tag=initialise_radio prev_phy=0
DBG_GATEWAY_CH9_RX_CONT_ARM now=3549529 rem=500 frames=0 errors=0
DBG_GATEWAY_CH9_RX_CONT_RESULT start=3549529 end=3549541 ret=-140 fail=0 status=0x02000000 len=0 frames=0
DBG_GATEWAY_CH9_RX_COMMAND_PREEMPT now=3549542 rem=500 frames=0
DBG_GATEWAY_CH9_RX_CONT_DONE ret=-140 len=0 fail=0 recover=0
DBG_NC o=0000000000000019 g=00000019 w=00 e=00000023 s=00000005 q=0006>0004 r=00000000 f=00000024 t=00000000 p=00000000 a=00
DBG_NODE_COMM_TX_BEGIN handle=25 profile=0 msg=64 dst=0x0 seq=25
DBG_CONTROL_RX_HANDOFF_READY abort=0
DBG_COORD state=idle owner=c5-flood reason=idle rx=0 tx=0 relay=0 route=0 ack=0 qack=0
DBG_DWM_INVALIDATE tag=configure_radio_from_reset active_phy=3 configured=1 awake=1
DBG_DWM_MARK_UNCONFIGURED tag=initialise_radio prev_phy=0
DBG_DWM_INVALIDATE tag=configure_radio_from_reset active_phy=2 configured=1 awake=0
DBG_DWM_MARK_UNCONFIGURED tag=initialise_radio prev_phy=0
DBG_DWM_WAKE_MESH_CTRL_OK sfd=4073
DBG_C5_TX_CONFIG ret=0 ext=1 len=127 msg=40 reason=bounded-c5-flood
DBG_UWB_TX_CH5
DBG_NC o=0000000000000019 g=00000019 w=00 e=00000022 s=00000005 q=0004>0005 r=00000000 f=00000001 t=00000000 p=00000000 a=00
DBG_NC o=0000000000000019 g=00000019 w=00 e=00000042 s=00000005 q=0005>0006 r=00000000 f=00000001 t=00000000 p=00000000 a=00
DBG_NODE_COMM_ATTEMPT handle=25 profile=0 attempt=3 ret=0 rf=1 scheduled=0 state=0
DBG_GATEWAY_RX_START reason=gateway mesh restart active=1 qrx=0 qtx=0 adv_due=0
DBG_COORD state=gateway-rx owner=uwb-rx reason=gateway-rx rx=0 tx=0 relay=0 route=0 ack=0 qack=0
DBG_DWM_INVALIDATE tag=configure_radio_from_reset active_phy=4 configured=1 awake=1
DBG_DWM_MARK_UNCONFIGURED tag=initialise_radio prev_phy=0
DBG_GATEWAY_CH9_RX_CONT_ARM now=3549627 rem=500 frames=0 errors=0
DBG_GATEWAY_CH9_RX_CONT_RESULT start=3549627 end=3549638 ret=-140 fail=0 status=0x02000000 len=0 frames=0
DBG_GATEWAY_CH9_RX_COMMAND_PREEMPT now=3549639 rem=500 frames=0
DBG_GATEWAY_CH9_RX_CONT_DONE ret=-140 len=0 fail=0 recover=0
DBG_NC o=0000000000000019 g=00000019 w=00 e=00000023 s=00000005 q=0006>0004 r=00000000 f=00000024 t=00000000 p=00000000 a=00
DBG_NODE_COMM_TX_BEGIN handle=25 profile=0 msg=64 dst=0x0 seq=25
DBG_CONTROL_RX_HANDOFF_READY abort=0
DBG_COORD state=idle owner=c5-flood reason=idle rx=0 tx=0 relay=0 route=0 ack=0 qack=0
DBG_DWM_INVALIDATE tag=configure_radio_from_reset active_phy=3 configured=1 awake=1
DBG_DWM_MARK_UNCONFIGURED tag=initialise_radio prev_phy=0
DBG_DWM_INVALIDATE tag=configure_radio_from_reset active_phy=2 configured=1 awake=0
DBG_DWM_MARK_UNCONFIGURED tag=initialise_radio prev_phy=0
DBG_DWM_WAKE_MESH_CTRL_OK sfd=4073
DBG_C5_TX_CONFIG ret=0 ext=1 len=127 msg=40 reason=bounded-c5-flood
DBG_UWB_TX_CH5
DBG_NC o=0000000000000019 g=00000019 w=00 e=00000022 s=00000005 q=0004>0005 r=00000000 f=00000001 t=00000000 p=00000000 a=00
DBG_NC o=0000000000000019 g=00000019 w=00 e=00000041 s=00000005 q=0005>0008 r=00000000 f=00000026 t=00000000 p=00000001 a=04
DBG_NODE_COMM_ATTEMPT handle=25 profile=0 attempt=4 ret=0 rf=1 scheduled=0 state=0
DBG_GATEWAY_RX_START reason=gateway mesh restart active=1 qrx=0 qtx=0 adv_due=0
DBG_ENUM_RF_RESULT kind=1 handle=25 success=1 reason=0 tries=4
DBG_COORD state=gateway-rx owner=uwb-rx reason=gateway-rx rx=0 tx=0 relay=0 route=0 ack=0 qack=0
DBG_DWM_INVALIDATE tag=configure_radio_from_reset active_phy=4 configured=1 awake=1
DBG_DWM_MARK_UNCONFIGURED tag=initialise_radio prev_phy=0
DBG_GATEWAY_CH9_RX_CONT_ARM now=3549723 rem=500 frames=0 errors=0
DBG_GATEWAY_CH9_RX_CONT_RESULT start=3549723 end=3550224 ret=-116 fail=0 status=0x02000000 len=0 frames=0
DBG_GATEWAY_CH9_RX_CONT_ARM now=3550226 rem=500 frames=0 errors=0
DBG_GATEWAY_CH9_RX_CONT_RESULT start=3550226 end=3550322 ret=0 fail=0 status=0x00006f00 len=97 frames=0
DBG_UWB_RX_CH9
DBG_GATEWAY_CH9_RX_RELEASE_IDLE
DBG_GATEWAY_RX_DECODE ch=9 msg=0x41 src=0x708bc0aab970300e dst=0x9999888877776666 prev=0x708bc0aab970300e seq=25 flags=0x14 pl
DBG_UWB_RX_CH9
DBG_MESH_RX_QUEUED ch=9 msg=0x41 src=0x708bc0aab970300e dst=0x9999888877776666 prev=0x708bc0aab970300e seq=25 q=1
DBG_MESH_RX_DIRECT_WAIT q=1 reason=gateway-ch9-continuous-rx
DBG_MESH_RX_DIRECT_ENTER q=1 reason=gateway-ch9-continuous-rx
DBG_MESH_RX_DRAIN_ENTER owner=gateway-ch9-continuous-rx q=1
DBG_ENUM_ADAPTIVE_DEADLINE stage=0 observed_hop=1 next_hop=2 offset=6034 remaining=5401 deadline=3555728
DBG_ENUM_CLAIM_RX epoch=43516065 anchor=0x708bc0aab970300e hop=1 responders=1 roster=1 retained=0
DBG_GATEWAY_ACK_INPUT type=65 src=0x708bc0aab970300e dst=0x9999888877776666 rxseq=25 ackseq=54 len=36 flags=0x14 meta=0
DBG_GATEWAY_ACK_GUARD ms=10 seq=54 owner=control
DBG_STACK_RUN_BEGIN epoch=7638218915498322018 run=124 kind=ble_backpressure owner=system_workqueue queue=1 custody=1 credit=0 retry=0 drain=1 src=11068027678940948070 dst=11068027678940948070 session=43516069 seq=165 type=86 sequence=0 previous=0 uptime=3550329
DBG_STACK_SAMPLE_BEGIN epoch=7638218915498322018 run=124 sample=124 kind=ble_backpressure owner=system_workqueue queue=1 custody=1 credit=0 retry=0 drain=1 src=11068027678940948070 dst=11068027678940948070 session=43516069 seq=165 type=86 uptime=3550350
DBG_STACK_ISR_CONFIG size=8192 run=124 sample=124
DBG_STACK name=BT RX WQ tid=0x2000fe18 used=760 free=776 size=1536 ret=0 run=124 sample=124
DBG_STACK name=mesh_route tid=0x2000d560 used=5888 free=2304 size=8192 ret=0 run=124 sample=124
DBG_STACK name=sysworkq tid=0x20010d70 used=2408 free=2072 size=4480 ret=0 run=124 sample=124
DBG_STACK name=MPSL Work tid=0x20010b28 used=440 free=584 size=1024 ret=0 run=124 sample=124
DBG_STACK name=logging tid=0x2000f920 used=480 free=1568 size=2048 ret=0 run=124 sample=124
DBG_STACK name=idle tid=0x20010c00 used=64 free=256 size=320 ret=0 run=124 sample=124
DBG_STACK_SAMPLE_END run=124 sample=124
DBG_STACK_RUN_END epoch=7638218915498322018 run=124 kind=ble_backpressure owner=system_workqueue outcome=ack queue=1 custody=0 credit=1 retry=0 drain=1 src=11068027678940948070 dst=11068027678940948070 session=43516069 seq=165 type=86 samples=1 sequence=0 previous=0 uptime=3550369
DBG_GATEWAY_CH9_RX_CONT_RESULT start=3550345 end=3550726 ret=-116 fail=0 status=0x00000000 len=0 frames=1
DBG_MESH_RX_WORK_WAIT q=0
DBG_MESH_RX_WORK_ENTER q=0
DBG_MESH_RX_DRAIN_ENTER owner=work q=0
DBG_MESH_RX_DRAIN_EXIT owner=work handled=0 q=0
DBG_MESH_RX_WORK_EXIT handled=0 q=0
DBG_GATEWAY_RX_REARM_RUN delay=0 ret=1 active=1
DBG_COORD state=gateway-rx owner=uwb-rx reason=gateway-rx rx=0 tx=0 relay=0 route=0 ack=0 qack=0
DBG_GATEWAY_CH9_RX_CONT_ARM now=3550727 rem=500 frames=0 errors=0
DBG_GATEWAY_CH9_RX_CONT_RESULT start=3550727 end=3551228 ret=-116 fail=0 status=0x00000000 len=0 frames=0
DBG_GATEWAY_CH9_RX_CONT_ARM now=3551230 rem=500 frames=0 errors=0
DBG_GATEWAY_CH9_RX_CONT_RESULT start=3551230 end=3551731 ret=-116 fail=0 status=0x00000000 len=0 frames=0
DBG_GATEWAY_CH9_RX_CONT_ARM now=3551733 rem=500 frames=0 errors=0
DBG_GATEWAY_CH9_RX_CONT_RESULT start=3551733 end=3552234 ret=-116 fail=0 status=0x00000000 len=0 frames=0
DBG_GATEWAY_CH9_RX_CONT_ARM now=3552236 rem=500 frames=0 errors=0
DBG_GATEWAY_CH9_RX_CONT_RESULT start=3552236 end=3552737 ret=-116 fail=0 status=0x00000000 len=0 frames=0
DBG_GATEWAY_CH9_RX_CONT_ARM now=3552739 rem=500 frames=0 errors=0
DBG_GATEWAY_CH9_RX_CONT_RESULT start=3552739 end=3553240 ret=-116 fail=0 status=0x00000000 len=0 frames=0
DBG_GATEWAY_CH9_RX_CONT_ARM now=3553242 rem=500 frames=0 errors=0
DBG_GATEWAY_CH9_RX_CONT_RESULT start=3553242 end=3553743 ret=-116 fail=0 status=0x00000000 len=0 frames=0
DBG_GATEWAY_CH9_RX_CONT_ARM now=3553745 rem=500 frames=0 errors=0
DBG_GATEWAY_CH9_RX_CONT_RESULT start=3553745 end=3554165 ret=0 fail=0 status=0x00006f00 len=97 frames=0
DBG_UWB_RX_CH9
DBG_GATEWAY_CH9_RX_RELEASE_IDLE
DBG_GATEWAY_RX_DECODE_FAIL ch=9 len=97 q=100
DBG_RX_REJECT mode=9 len=97 q=100
DBG_GATEWAY_CH9_RX_CONT_ARM now=3554167 rem=79 frames=1 errors=0
DBG_GATEWAY_CH9_RX_CONT_RESULT start=3554167 end=3554246 ret=-116 fail=0 status=0x00000000 len=0 frames=1
DBG_GATEWAY_CH9_RX_CONT_ARM now=3554248 rem=500 frames=0 errors=0
DBG_GATEWAY_CH9_RX_CONT_RESULT start=3554248 end=3554334 ret=0 fail=0 status=0x00006f00 len=97 frames=0
DBG_UWB_RX_CH9
DBG_GATEWAY_CH9_RX_RELEASE_IDLE
DBG_GATEWAY_RX_DECODE ch=9 msg=0x41 src=0x56da25fe4af6d141 dst=0x9999888877776666 prev=0x191a9619c6c8cb07 seq=25 flags=0x14 pl
DBG_UWB_RX_CH9
DBG_MESH_RX_QUEUED ch=9 msg=0x41 src=0x56da25fe4af6d141 dst=0x9999888877776666 prev=0x191a9619c6c8cb07 seq=25 q=1
DBG_MESH_RX_DIRECT_WAIT q=1 reason=gateway-ch9-continuous-rx
DBG_MESH_RX_DIRECT_ENTER q=1 reason=gateway-ch9-continuous-rx
DBG_MESH_RX_DRAIN_ENTER owner=gateway-ch9-continuous-rx q=1
DBG_ENUM_ADAPTIVE_DEADLINE stage=0 observed_hop=2 next_hop=3 offset=11224 remaining=6579 deadline=3560918
DBG_ENUM_CLAIM_RX epoch=43516065 anchor=0x56da25fe4af6d141 hop=2 responders=2 roster=2 retained=0
DBG_GATEWAY_ACK_INPUT type=65 src=0x56da25fe4af6d141 dst=0x9999888877776666 rxseq=25 ackseq=55 len=36 flags=0x14 meta=0
DBG_GATEWAY_ACK_GUARD ms=10 seq=55 owner=control
DBG_STACK_RUN_BEGIN epoch=7638218915498322018 run=125 kind=ble_backpressure owner=system_workqueue queue=1 custody=1 credit=0 retry=0 drain=1 src=11068027678940948070 dst=11068027678940948070 session=43516070 seq=166 type=86 sequence=0 previous=0 uptime=3554342
DBG_STACK_SAMPLE_BEGIN epoch=7638218915498322018 run=125 sample=125 kind=ble_backpressure owner=system_workqueue queue=1 custody=1 credit=0 retry=0 drain=1 src=11068027678940948070 dst=11068027678940948070 session=43516070 seq=166 type=86 uptime=3554349
DBG_STACK_ISR_CONFIG size=8192 run=125 sample=125
DBG_STACK name=BT RX WQ tid=0x2000fe18 used=760 free=776 size=1536 ret=0 run=125 sample=125
DBG_STACK name=mesh_route tid=0x2000d560 used=5888 free=2304 size=8192 ret=0 run=125 sample=125
DBG_STACK name=sysworkq tid=0x20010d70 used=2408 free=2072 size=4480 ret=0 run=125 sample=125
DBG_STACK name=MPSL Work tid=0x20010b28 used=440 free=584 size=1024 ret=0 run=125 sample=125
DBG_STACK name=logging tid=0x2000f920 used=480 free=1568 size=2048 ret=0 run=125 sample=125
DBG_STACK name=idle tid=0x20010c00 used=64 free=256 size=320 ret=0 run=125 sample=125
DBG_STACK_SAMPLE_END run=125 sample=125
DBG_STACK_RUN_END epoch=7638218915498322018 run=125 kind=ble_backpressure owner=system_workqueue outcome=ack queue=1 custody=0 credit=1 retry=0 drain=1 src=11068027678940948070 dst=11068027678940948070 session=43516070 seq=166 type=86 samples=1 sequence=0 previous=0 uptime=3554376
DBG_GATEWAY_CH9_RX_CONT_RESULT start=3554357 end=3554749 ret=-116 fail=0 status=0x00000000 len=0 frames=1
DBG_MESH_RX_WORK_WAIT q=0
DBG_MESH_RX_WORK_ENTER q=0
DBG_MESH_RX_DRAIN_ENTER owner=work q=0
DBG_MESH_RX_DRAIN_EXIT owner=work handled=0 q=0
DBG_MESH_RX_WORK_EXIT handled=0 q=0
DBG_GATEWAY_RX_REARM_RUN delay=0 ret=1 active=1
DBG_COORD state=gateway-rx owner=uwb-rx reason=gateway-rx rx=0 tx=0 relay=0 route=0 ack=0 qack=0
DBG_GATEWAY_CH9_RX_CONT_ARM now=3554750 rem=500 frames=0 errors=0
DBG_GATEWAY_CH9_RX_CONT_RESULT start=3554750 end=3554804 ret=0 fail=0 status=0x00006f00 len=121 frames=0
DBG_UWB_RX_CH9
DBG_GATEWAY_CH9_RX_RELEASE_IDLE
DBG_GATEWAY_RX_DECODE_FAIL ch=9 len=121 q=100
DBG_RX_REJECT mode=9 len=121 q=100
DBG_GATEWAY_CH9_RX_CONT_ARM now=3554806 rem=444 frames=1 errors=0
DBG_GATEWAY_CH9_RX_CONT_RESULT start=3554806 end=3555251 ret=-116 fail=0 status=0x00000000 len=0 frames=1
DBG_GATEWAY_CH9_RX_CONT_ARM now=3555253 rem=500 frames=0 errors=0
DBG_GATEWAY_CH9_RX_CONT_RESULT start=3555253 end=3555754 ret=-116 fail=0 status=0x00000000 len=0 frames=0
DBG_GATEWAY_CH9_RX_CONT_ARM now=3555756 rem=500 frames=0 errors=0
DBG_GATEWAY_CH9_RX_CONT_RESULT start=3555756 end=3556257 ret=-116 fail=0 status=0x00000000 len=0 frames=0
DBG_GATEWAY_CH9_RX_CONT_ARM now=3556259 rem=500 frames=0 errors=0
DBG_GATEWAY_CH9_RX_CONT_RESULT start=3556259 end=3556760 ret=-116 fail=0 status=0x00000000 len=0 frames=0
DBG_GATEWAY_CH9_RX_CONT_ARM now=3556762 rem=500 frames=0 errors=0
DBG_GATEWAY_CH9_RX_CONT_RESULT start=3556762 end=3557263 ret=-116 fail=0 status=0x00000000 len=0 frames=0
DBG_GATEWAY_CH9_RX_CONT_ARM now=3557265 rem=500 frames=0 errors=0
DBG_GATEWAY_CH9_RX_CONT_RESULT start=3557265 end=3557766 ret=-116 fail=0 status=0x00000000 len=0 frames=0
DBG_GATEWAY_CH9_RX_CONT_ARM now=3557768 rem=500 frames=0 errors=0
DBG_GATEWAY_CH9_RX_CONT_RESULT start=3557768 end=3558269 ret=-116 fail=0 status=0x00000000 len=0 frames=0
DBG_GATEWAY_CH9_RX_CONT_ARM now=3558271 rem=500 frames=0 errors=0
DBG_GATEWAY_CH9_RX_CONT_RESULT start=3558271 end=3558772 ret=-116 fail=0 status=0x00000000 len=0 frames=0
DBG_GATEWAY_CH9_RX_CONT_ARM now=3558774 rem=500 frames=0 errors=0
DBG_GATEWAY_CH9_RX_CONT_RESULT start=3558774 end=3559275 ret=-116 fail=0 status=0x00000000 len=0 frames=0
DBG_GATEWAY_CH9_RX_CONT_ARM now=3559277 rem=500 frames=0 errors=0
DBG_GATEWAY_CH9_RX_CONT_RESULT start=3559277 end=3559778 ret=-116 fail=0 status=0x00000000 len=0 frames=0
DBG_GATEWAY_CH9_RX_CONT_ARM now=3559780 rem=500 frames=0 errors=0
DBG_GATEWAY_CH9_RX_CONT_RESULT start=3559780 end=3560281 ret=-116 fail=0 status=0x00000000 len=0 frames=0
DBG_GATEWAY_CH9_RX_CONT_ARM now=3560283 rem=500 frames=0 errors=0
DBG_GATEWAY_CH9_RX_CONT_RESULT start=3560283 end=3560784 ret=-116 fail=0 status=0x00000000 len=0 frames=0
DBG_GATEWAY_CH9_RX_CONT_ARM now=3560786 rem=500 frames=0 errors=0
DBG_GATEWAY_CH9_RX_CONT_RESULT start=3560786 end=3561287 ret=-116 fail=0 status=0x00000000 len=0 frames=0
DBG_GATEWAY_COMMAND_PRIORITY_SUBMIT ret=0 now=3561288
DBG_GATEWAY_CH9_RX_CONT_ARM now=3561289 rem=500 frames=0 errors=0
DBG_GATEWAY_CH9_RX_CONT_RESULT start=3561289 end=3561290 ret=-140 fail=0 status=0x00000000 len=0 frames=0
DBG_GATEWAY_CH9_RX_COMMAND_PREEMPT now=3561291 rem=500 frames=0
DBG_GATEWAY_CH9_RX_CONT_DONE ret=-140 len=0 fail=0 recover=0
DBG_NC o=000000000000001a g=0000001a w=00 e=0000003c s=00000005 q=0000>0004 r=00000000 f=00000024 t=00000000 p=00000000 a=00
DBG_NODE_COMM_SUBMIT handle=26 profile=6 token=17039386 deadline=3571293
DBG_ENUM_FLOOD kind=2 handle=26
DBG_ENUM_TABLE_TX epoch=43516065 count=2 round=1 ret=0
DBG_NODE_COMM_TX_BEGIN handle=26 profile=6 msg=64 dst=0x0 seq=26
DBG_CONTROL_RX_HANDOFF_READY abort=0
DBG_COORD state=idle owner=c5-flood reason=idle rx=0 tx=0 relay=0 route=0 ack=0 qack=0
DBG_DWM_INVALIDATE tag=configure_radio_from_reset active_phy=3 configured=1 awake=1
DBG_DWM_MARK_UNCONFIGURED tag=initialise_radio prev_phy=0
DBG_DWM_INVALIDATE tag=configure_radio_from_reset active_phy=2 configured=1 awake=0
DBG_DWM_MARK_UNCONFIGURED tag=initialise_radio prev_phy=0
DBG_DWM_WAKE_MESH_CTRL_OK sfd=4073
DBG_C5_TX_CONFIG ret=0 ext=1 len=170 msg=40 reason=bounded-c5-flood
DBG_UWB_TX_CH5
DBG_NC o=000000000000001a g=0000001a w=00 e=00000022 s=00000005 q=0004>0005 r=00000000 f=00000001 t=00000000 p=00000000 a=00
DBG_NC o=000000000000001a g=0000001a w=00 e=00000041 s=00000005 q=0005>0008 r=00000000 f=00000026 t=00000000 p=00000001 a=01
DBG_NODE_COMM_ATTEMPT handle=26 profile=6 attempt=1 ret=0 rf=1 scheduled=0 state=0
DBG_GATEWAY_RX_START reason=gateway mesh restart active=1 qrx=0 qtx=0 adv_due=0
DBG_ENUM_RF_RESULT kind=2 handle=26 success=1 reason=0 tries=1
DBG_COORD state=gateway-rx owner=uwb-rx reason=gateway-rx rx=0 tx=0 relay=0 route=0 ack=0 qack=0
DBG_DWM_INVALIDATE tag=configure_radio_from_reset active_phy=4 configured=1 awake=1
DBG_DWM_MARK_UNCONFIGURED tag=initialise_radio prev_phy=0
DBG_GATEWAY_CH9_RX_CONT_ARM now=3561376 rem=500 frames=0 errors=0
DBG_GATEWAY_CH9_RX_CONT_RESULT start=3561376 end=3561877 ret=-116 fail=0 status=0x02000000 len=0 frames=0
DBG_GATEWAY_CH9_RX_CONT_ARM now=3561879 rem=500 frames=0 errors=0
DBG_GATEWAY_CH9_RX_CONT_RESULT start=3561879 end=3561933 ret=0 fail=0 status=0x00006f00 len=131 frames=0
DBG_UWB_RX_CH9
DBG_GATEWAY_CH9_RX_RELEASE_IDLE
DBG_GATEWAY_RX_DECODE ch=9 msg=0x41 src=0x708bc0aab970300e dst=0x9999888877776666 prev=0x708bc0aab970300e seq=26 flags=0x14 pl
DBG_UWB_RX_CH9
DBG_MESH_RX_QUEUED ch=9 msg=0x41 src=0x708bc0aab970300e dst=0x9999888877776666 prev=0x708bc0aab970300e seq=26 q=1
DBG_MESH_RX_DIRECT_WAIT q=1 reason=gateway-ch9-continuous-rx
DBG_MESH_RX_DIRECT_ENTER q=1 reason=gateway-ch9-continuous-rx
DBG_MESH_RX_DRAIN_ENTER owner=gateway-ch9-continuous-rx q=1
DBG_ENUM_ADAPTIVE_DEADLINE stage=1 observed_hop=1 next_hop=2 offset=4700 remaining=4111 deadline=3566048
DBG_DISCOVERY_SLOT_ACK_RX epoch=43516065 anchor=0x708bc0aab970300e hop=1 acked=1 missing=1
DBG_GATEWAY_ACK_INPUT type=65 src=0x708bc0aab970300e dst=0x9999888877776666 rxseq=26 ackseq=56 len=70 flags=0x14 meta=0
DBG_GATEWAY_ACK_GUARD ms=10 seq=56 owner=control
DBG_COORD state=idle owner=gateway-ack-immediate-channel9 reason=idle rx=0 tx=0 relay=0 route=0 ack=0 qack=0
DBG_CH9_TX_CONFIG ret=0 now=3561951 earliest=0 msg=32
DBG_CH9_TX_SEND_AT now=3561951 earliest=0 msg=32 len=105
DBG_CH9_TX_RELEASE_IDLE msg=32 seq=56 reason=gateway-ack-immediate-channel9 ret=0
DBG_UWB_TX_CH9
DBG_GATEWAY_ACK_TX_LED
DBG_GATEWAY_RX_REARM_DEFER delay=0 ret=1 active=1
DBG_GATEWAY_RX_START reason=gateway mesh restart active=1 qrx=0 qtx=0 adv_due=0
DBG_GATEWAY_ACK_SEND ret=0 seq=56 dst=0x708bc0aab970300e next=0x708bc0aab970300e
DBG_GATEWAY_CH9_RX_CONT_RESULT start=3561956 end=3562379 ret=-116 fail=0 status=0x00000000 len=0 frames=1
DBG_MESH_RX_WORK_WAIT q=0
DBG_MESH_RX_WORK_ENTER q=0
DBG_MESH_RX_DRAIN_ENTER owner=work q=0
DBG_MESH_RX_DRAIN_EXIT owner=work handled=0 q=0
DBG_MESH_RX_WORK_EXIT handled=0 q=0
DBG_GATEWAY_RX_REARM_RUN delay=0 ret=1 active=1
DBG_COORD state=gateway-rx owner=uwb-rx reason=gateway-rx rx=0 tx=0 relay=0 route=0 ack=0 qack=0
DBG_GATEWAY_CH9_RX_CONT_ARM now=3562380 rem=500 frames=0 errors=0
DBG_GATEWAY_CH9_RX_CONT_RESULT start=3562380 end=3562881 ret=-116 fail=0 status=0x00000000 len=0 frames=0
DBG_GATEWAY_CH9_RX_CONT_ARM now=3562883 rem=500 frames=0 errors=0
DBG_GATEWAY_CH9_RX_CONT_RESULT start=3562883 end=3563384 ret=-116 fail=0 status=0x00000000 len=0 frames=0
DBG_GATEWAY_CH9_RX_CONT_ARM now=3563386 rem=500 frames=0 errors=0
DBG_GATEWAY_CH9_RX_CONT_RESULT start=3563386 end=3563887 ret=-116 fail=0 status=0x00000000 len=0 frames=0
DBG_GATEWAY_CH9_RX_CONT_ARM now=3563889 rem=500 frames=0 errors=0
DBG_GATEWAY_CH9_RX_CONT_RESULT start=3563889 end=3564390 ret=-116 fail=0 status=0x00000000 len=0 frames=0
DBG_GATEWAY_CH9_RX_CONT_ARM now=3564392 rem=500 frames=0 errors=0
DBG_GATEWAY_CH9_RX_CONT_RESULT start=3564392 end=3564893 ret=-116 fail=0 status=0x00000000 len=0 frames=0
DBG_GATEWAY_CH9_RX_CONT_ARM now=3564895 rem=500 frames=0 errors=0
DBG_GATEWAY_CH9_RX_CONT_RESULT start=3564895 end=3565396 ret=-116 fail=0 status=0x00000000 len=0 frames=0
DBG_GATEWAY_CH9_RX_CONT_ARM now=3565398 rem=500 frames=0 errors=0
DBG_GATEWAY_CH9_RX_CONT_RESULT start=3565398 end=3565686 ret=0 fail=0 status=0x00006f00 len=131 frames=0
DBG_UWB_RX_CH9
DBG_GATEWAY_CH9_RX_RELEASE_IDLE
DBG_GATEWAY_RX_DECODE_FAIL ch=9 len=131 q=100
DBG_RX_REJECT mode=9 len=131 q=100
DBG_GATEWAY_CH9_RX_CONT_ARM now=3565688 rem=211 frames=1 errors=0
DBG_GATEWAY_CH9_RX_CONT_RESULT start=3565688 end=3565854 ret=0 fail=0 status=0x00006f00 len=131 frames=1
DBG_UWB_RX_CH9
DBG_GATEWAY_CH9_RX_RELEASE_IDLE
DBG_GATEWAY_RX_DECODE ch=9 msg=0x41 src=0x56da25fe4af6d141 dst=0x9999888877776666 prev=0x191a9619c6c8cb07 seq=26 flags=0x14 pl
DBG_UWB_RX_CH9
DBG_MESH_RX_QUEUED ch=9 msg=0x41 src=0x56da25fe4af6d141 dst=0x9999888877776666 prev=0x191a9619c6c8cb07 seq=26 q=1
DBG_MESH_RX_DIRECT_WAIT q=1 reason=gateway-ch9-continuous-rx
DBG_MESH_RX_DIRECT_ENTER q=1 reason=gateway-ch9-continuous-rx
DBG_MESH_RX_DRAIN_ENTER owner=gateway-ch9-continuous-rx q=1
DBG_ENUM_ADAPTIVE_DEADLINE stage=1 observed_hop=2 next_hop=3 offset=7954 remaining=3443 deadline=3569302
DBG_DISCOVERY_SLOT_ACK_RX epoch=43516065 anchor=0x56da25fe4af6d141 hop=2 acked=2 missing=0
DBG_GATEWAY_ACK_INPUT type=65 src=0x56da25fe4af6d141 dst=0x9999888877776666 rxseq=26 ackseq=57 len=70 flags=0x14 meta=0
DBG_GATEWAY_ACK_GUARD ms=10 seq=57 owner=control
DBG_COORD state=idle owner=gateway-ack-immediate-channel9 reason=idle rx=0 tx=0 relay=0 route=0 ack=0 qack=0
DBG_CH9_TX_CONFIG ret=0 now=3565872 earliest=0 msg=32
DBG_CH9_TX_SEND_AT now=3565872 earliest=0 msg=32 len=105
DBG_CH9_TX_RELEASE_IDLE msg=32 seq=57 reason=gateway-ack-immediate-channel9 ret=0
DBG_UWB_TX_CH9
DBG_GATEWAY_ACK_TX_LED
DBG_GATEWAY_RX_REARM_DEFER delay=0 ret=1 active=1
DBG_GATEWAY_RX_START reason=gateway mesh restart active=1 qrx=0 qtx=0 adv_due=0
DBG_GATEWAY_ACK_SEND ret=0 seq=57 dst=0x56da25fe4af6d141 next=0x191a9619c6c8cb07
DBG_MESH_RX_DRAIN_EXIT owner=gateway-ch9-continuous-rx handled=1 q=0
DBG_GATEWAY_CH9_RX_CONT_RESULT start=3565877 end=3565899 ret=-116 fail=0 status=0x00000000 len=0 frames=2
DBG_MESH_RX_WORK_WAIT q=0
DBG_MESH_RX_WORK_ENTER q=0
DBG_MESH_RX_DRAIN_ENTER owner=work q=0
DBG_MESH_RX_DRAIN_EXIT owner=work handled=0 q=0
DBG_MESH_RX_WORK_EXIT handled=0 q=0
DBG_GATEWAY_RX_REARM_RUN delay=0 ret=1 active=1
DBG_COORD state=gateway-rx owner=uwb-rx reason=gateway-rx rx=0 tx=0 relay=0 route=0 ack=0 qack=0
DBG_GATEWAY_CH9_RX_CONT_ARM now=3565900 rem=500 frames=0 errors=0
DBG_GATEWAY_CH9_RX_CONT_RESULT start=3565900 end=3566325 ret=0 fail=0 status=0x00006f00 len=121 frames=0
DBG_UWB_RX_CH9
DBG_GATEWAY_CH9_RX_RELEASE_IDLE
DBG_GATEWAY_RX_DECODE_FAIL ch=9 len=121 q=100
DBG_RX_REJECT mode=9 len=121 q=100
DBG_GATEWAY_CH9_RX_CONT_ARM now=3566326 rem=74 frames=1 errors=0
DBG_GATEWAY_CH9_RX_CONT_RESULT start=3566326 end=3566401 ret=-116 fail=0 status=0x00000000 len=0 frames=1
DBG_NC o=000000000000001b g=0000001b w=00 e=0000003c s=00000005 q=0000>0004 r=00000000 f=00000024 t=00000000 p=00000000 a=00
DBG_NODE_COMM_SUBMIT handle=27 profile=6 token=17039387 deadline=3576402
DBG_ENUM_FLOOD kind=3 handle=27
DBG_ENUM_END_TX epoch=43516065 table_seq=43516071 ret=0
DBG_NODE_COMM_TX_BEGIN handle=27 profile=6 msg=64 dst=0x0 seq=27
DBG_CONTROL_RX_HANDOFF_READY abort=0
DBG_COORD state=idle owner=c5-flood reason=idle rx=0 tx=0 relay=0 route=0 ack=0 qack=0
DBG_DWM_INVALIDATE tag=configure_radio_from_reset active_phy=3 configured=1 awake=1
DBG_DWM_MARK_UNCONFIGURED tag=initialise_radio prev_phy=0
DBG_DWM_INVALIDATE tag=configure_radio_from_reset active_phy=2 configured=1 awake=0
DBG_DWM_MARK_UNCONFIGURED tag=initialise_radio prev_phy=0
DBG_DWM_WAKE_MESH_CTRL_OK sfd=4073
DBG_C5_TX_CONFIG ret=0 ext=1 len=169 msg=40 reason=bounded-c5-flood
DBG_UWB_TX_CH5
DBG_NC o=000000000000001b g=0000001b w=00 e=00000022 s=00000005 q=0004>0005 r=00000000 f=00000001 t=00000000 p=00000000 a=00
DBG_NC o=000000000000001b g=0000001b w=00 e=00000041 s=00000005 q=0005>0008 r=00000000 f=00000026 t=00000000 p=00000001 a=01
DBG_NODE_COMM_ATTEMPT handle=27 profile=6 attempt=1 ret=0 rf=1 scheduled=0 state=0
DBG_GATEWAY_RX_START reason=gateway mesh restart active=1 qrx=0 qtx=0 adv_due=0
DBG_ENUM_RF_RESULT kind=3 handle=27 success=1 reason=0 tries=1
DBG_STACK_RUN_BEGIN epoch=7638218915498322018 run=126 kind=ble_backpressure owner=system_workqueue queue=2 custody=2 credit=0 retry=0 drain=2 src=11068027678940948070 dst=11068027678940948070 session=43516075 seq=171 type=86 sequence=0 previous=0 uptime=3566460
DBG_STACK_SAMPLE_BEGIN epoch=7638218915498322018 run=126 sample=126 kind=ble_backpressure owner=system_workqueue queue=2 custody=2 credit=0 retry=0 drain=2 src=11068027678940948070 dst=11068027678940948070 session=43516075 seq=171 type=86 uptime=3566460
DBG_STACK_ISR_CONFIG size=8192 run=126 sample=126
DBG_STACK name=BT RX WQ tid=0x2000fe18 used=760 free=776 size=1536 ret=0 run=126 sample=126
DBG_STACK name=mesh_route tid=0x2000d560 used=5888 free=2304 size=8192 ret=0 run=126 sample=126
DBG_STACK name=sysworkq tid=0x20010d70 used=2408 free=2072 size=4480 ret=0 run=126 sample=126
DBG_STACK name=MPSL Work tid=0x20010b28 used=440 free=584 size=1024 ret=0 run=126 sample=126
DBG_STACK name=logging tid=0x2000f920 used=480 free=1568 size=2048 ret=0 run=126 sample=126
DBG_STACK name=idle tid=0x20010c00 used=64 free=256 size=320 ret=0 run=126 sample=126
DBG_STACK_SAMPLE_END run=126 sample=126
DBG_STACK_RUN_END epoch=7638218915498322018 run=126 kind=ble_backpressure owner=system_workqueue outcome=ack queue=2 custody=0 credit=1 retry=0 drain=2 src=11068027678940948070 dst=11068027678940948070 session=43516075 seq=171 type=86 samples=1 sequence=0 previous=0 uptime=3566487
DBG_GATEWAY_CH9_RX_CONT_ARM now=3566488 rem=500 frames=0 errors=0
DBG_STACK_RUN_BEGIN epoch=7638218915498322018 run=127 kind=ble_backpressure owner=system_workqueue queue=2 custody=2 credit=0 retry=0 drain=2 src=11068027678940948070 dst=11068027678940948070 session=4250319187 seq=47443 type=65 sequence=0 previous=0 uptime=3566566
DBG_STACK_SAMPLE_BEGIN epoch=7638218915498322018 run=127 sample=127 kind=ble_backpressure owner=system_workqueue queue=2 custody=2 credit=0 retry=0 drain=2 src=11068027678940948070 dst=11068027678940948070 session=4250319187 seq=47443 type=65 uptime=3566566
DBG_STACK_ISR_CONFIG size=8192 run=127 sample=127
DBG_STACK name=BT RX WQ tid=0x2000fe18 used=760 free=776 size=1536 ret=0 run=127 sample=127
DBG_STACK name=mesh_route tid=0x2000d560 used=5888 free=2304 size=8192 ret=0 run=127 sample=127
DBG_STACK name=sysworkq tid=0x20010d70 used=2408 free=2072 size=4480 ret=0 run=127 sample=127
DBG_STACK name=MPSL Work tid=0x20010b28 used=440 free=584 size=1024 ret=0 run=127 sample=127
DBG_STACK name=logging tid=0x2000f920 used=480 free=1568 size=2048 ret=0 run=127 sample=127
DBG_STACK name=idle tid=0x20010c00 used=64 free=256 size=320 ret=0 run=127 sample=127
DBG_STACK_SAMPLE_END run=127 sample=127
DBG_STACK_RUN_END epoch=7638218915498322018 run=127 kind=ble_backpressure owner=system_workqueue outcome=ack queue=2 custody=0 credit=1 retry=0 drain=2 src=11068027678940948070 dst=11068027678940948070 session=4250319187 seq=47443 type=65 samples=1 sequence=0 previous=0 uptime=3566576
DBG_STACK_RUN_BEGIN epoch=7638218915498322018 run=128 kind=ble_backpressure owner=system_workqueue queue=1 custody=1 credit=0 retry=0 drain=1 src=11068027678940948070 dst=11068027678940948070 session=43516076 seq=172 type=86 sequence=0 previous=0 uptime=3566790
DBG_STACK_SAMPLE_BEGIN epoch=7638218915498322018 run=128 sample=128 kind=ble_backpressure owner=system_workqueue queue=1 custody=1 credit=0 retry=0 drain=1 src=11068027678940948070 dst=11068027678940948070 session=43516076 seq=172 type=86 uptime=3566791
DBG_STACK_ISR_CONFIG size=8192 run=128 sample=128
DBG_STACK name=BT RX WQ tid=0x2000fe18 used=760 free=776 size=1536 ret=0 run=128 sample=128
DBG_STACK name=mesh_route tid=0x2000d560 used=5888 free=2304 size=8192 ret=0 run=128 sample=128
DBG_STACK name=sysworkq tid=0x20010d70 used=2408 free=2072 size=4480 ret=0 run=128 sample=128
DBG_STACK name=MPSL Work tid=0x20010b28 used=440 free=584 size=1024 ret=0 run=128 sample=128
DBG_STACK name=logging tid=0x2000f920 used=480 free=1568 size=2048 ret=0 run=128 sample=128
DBG_STACK name=idle tid=0x20010c00 used=64 free=256 size=320 ret=0 run=128 sample=128
DBG_STACK_SAMPLE_END run=128 sample=128
DBG_STACK_RUN_END epoch=7638218915498322018 run=128 kind=ble_backpressure owner=system_workqueue outcome=ack queue=1 custody=0 credit=1 retry=0 drain=1 src=11068027678940948070 dst=11068027678940948070 session=43516076 seq=172 type=86 samples=1 sequence=0 previous=0 uptime=3566816
DBG_STACK_RUN_BEGIN epoch=7638218915498322018 run=129 kind=ble_backpressure owner=system_workqueue queue=1 custody=1 credit=0 retry=0 drain=1 src=11068027678940948070 dst=11068027678940948070 session=43516077 seq=173 type=86 sequence=0 previous=0 uptime=3566971
DBG_STACK_SAMPLE_BEGIN epoch=7638218915498322018 run=129 sample=129 kind=ble_backpressure owner=system_workqueue queue=1 custody=1 credit=0 retry=0 drain=1 src=11068027678940948070 dst=11068027678940948070 session=43516077 seq=173 type=86 uptime=3566971
DBG_STACK_ISR_CONFIG size=8192 run=129 sample=129
DBG_STACK name=BT RX WQ tid=0x2000fe18 used=760 free=776 size=1536 ret=0 run=129 sample=129
DBG_STACK name=mesh_route tid=0x2000d560 used=5888 free=2304 size=8192 ret=0 run=129 sample=129
DBG_STACK name=sysworkq tid=0x20010d70 used=2408 free=2072 size=4480 ret=0 run=129 sample=129
DBG_STACK name=MPSL Work tid=0x20010b28 used=440 free=584 size=1024 ret=0 run=129 sample=129
DBG_STACK name=logging tid=0x2000f920 used=480 free=1568 size=2048 ret=0 run=129 sample=129
DBG_STACK name=idle tid=0x20010c00 used=64 free=256 size=320 ret=0 run=129 sample=129
DBG_STACK_SAMPLE_END run=129 sample=129
DBG_STACK_RUN_END epoch=7638218915498322018 run=129 kind=ble_backpressure owner=system_workqueue outcome=ack queue=1 custody=0 credit=1 retry=0 drain=1 src=11068027678940948070 dst=11068027678940948070 session=43516077 seq=173 type=86 samples=1 sequence=0 previous=0 uptime=3566989
DBG_GATEWAY_CH9_RX_CONT_RESULT start=3566488 end=3566990 ret=-116 fail=0 status=0x02000000 len=0 frames=0
DBG_GATEWAY_CH9_RX_CONT_ARM now=3566992 rem=500 frames=0 errors=0
DBG_STACK_RUN_BEGIN epoch=7638218915498322018 run=130 kind=ble_backpressure owner=system_workqueue queue=1 custody=1 credit=0 retry=0 drain=1 src=11068027678940948070 dst=11068027678940948070 session=43516078 seq=174 type=86 sequence=0 previous=0 uptime=3567151
DBG_STACK_SAMPLE_BEGIN epoch=7638218915498322018 run=130 sample=130 kind=ble_backpressure owner=system_workqueue queue=1 custody=1 credit=0 retry=0 drain=1 src=11068027678940948070 dst=11068027678940948070 session=43516078 seq=174 type=86 uptime=3567151
DBG_STACK_ISR_CONFIG size=8192 run=130 sample=130
DBG_STACK name=BT RX WQ tid=0x2000fe18 used=760 free=776 size=1536 ret=0 run=130 sample=130
DBG_STACK name=mesh_route tid=0x2000d560 used=5888 free=2304 size=8192 ret=0 run=130 sample=130
DBG_STACK name=sysworkq tid=0x20010d70 used=2408 free=2072 size=4480 ret=0 run=130 sample=130
DBG_STACK name=MPSL Work tid=0x20010b28 used=440 free=584 size=1024 ret=0 run=130 sample=130
DBG_STACK name=logging tid=0x2000f920 used=480 free=1568 size=2048 ret=0 run=130 sample=130
DBG_STACK name=idle tid=0x20010c00 used=64 free=256 size=320 ret=0 run=130 sample=130
DBG_STACK_SAMPLE_END run=130 sample=130
DBG_STACK_RUN_END epoch=7638218915498322018 run=130 kind=ble_backpressure owner=system_workqueue outcome=ack queue=1 custody=0 credit=1 retry=0 drain=1 src=11068027678940948070 dst=11068027678940948070 session=43516078 seq=174 type=86 samples=1 sequence=0 previous=0 uptime=3567171
DBG_STACK_RUN_BEGIN epoch=7638218915498322018 run=131 kind=ble_backpressure owner=system_workqueue queue=1 custody=1 credit=0 retry=0 drain=1 src=11068027678940948070 dst=11068027678940948070 session=43516079 seq=175 type=86 sequence=0 previous=0 uptime=3567331
DBG_STACK_SAMPLE_BEGIN epoch=7638218915498322018 run=131 sample=131 kind=ble_backpressure owner=system_workqueue queue=1 custody=1 credit=0 retry=0 drain=1 src=11068027678940948070 dst=11068027678940948070 session=43516079 seq=175 type=86 uptime=3567331
DBG_STACK_ISR_CONFIG size=8192 run=131 sample=131
DBG_STACK name=BT RX WQ tid=0x2000fe18 used=760 free=776 size=1536 ret=0 run=131 sample=131
DBG_STACK name=mesh_route tid=0x2000d560 used=5888 free=2304 size=8192 ret=0 run=131 sample=131
DBG_STACK name=sysworkq tid=0x20010d70 used=2408 free=2072 size=4480 ret=0 run=131 sample=131
DBG_STACK name=MPSL Work tid=0x20010b28 used=440 free=584 size=1024 ret=0 run=131 sample=131
DBG_STACK name=logging tid=0x2000f920 used=480 free=1568 size=2048 ret=0 run=131 sample=131
DBG_STACK name=idle tid=0x20010c00 used=64 free=256 size=320 ret=0 run=131 sample=131
DBG_STACK_SAMPLE_END run=131 sample=131
DBG_STACK_RUN_END epoch=7638218915498322018 run=131 kind=ble_backpressure owner=system_workqueue outcome=ack queue=1 custody=0 credit=1 retry=0 drain=1 src=11068027678940948070 dst=11068027678940948070 session=43516079 seq=175 type=86 samples=1 sequence=0 previous=0 uptime=3567349
DBG_GATEWAY_CH9_RX_CONT_RESULT start=3566992 end=3567493 ret=-116 fail=0 status=0x00000000 len=0 frames=0
DBG_GATEWAY_CH9_RX_CONT_ARM now=3567495 rem=500 frames=0 errors=0
DBG_GATEWAY_CH9_RX_CONT_RESULT start=3567495 end=3567996 ret=-116 fail=0 status=0x00000000 len=0 frames=0
DBG_GATEWAY_CH9_RX_CONT_ARM now=3568002 rem=500 frames=0 errors=0
DBG_GATEWAY_CH9_RX_CONT_RESULT start=3568002 end=3568503 ret=-116 fail=0 status=0x00000000 len=0 frames=0
DBG_GATEWAY_CH9_RX_CONT_ARM now=3568505 rem=500 frames=0 errors=0
DBG_GATEWAY_CH9_RX_CONT_RESULT start=3568505 end=3569006 ret=-116 fail=0 status=0x00000000 len=0 frames=0
DBG_GATEWAY_CH9_RX_CONT_ARM now=3569008 rem=500 frames=0 errors=0
DBG_GATEWAY_CH9_RX_CONT_RESULT start=3569008 end=3569509 ret=-116 fail=0 status=0x00000000 len=0 frames=0
DBG_GATEWAY_CH9_RX_CONT_ARM now=3569511 rem=500 frames=0 errors=0
DBG_GATEWAY_CH9_RX_CONT_RESULT start=3569511 end=3570012 ret=-116 fail=0 status=0x00000000 len=0 frames=0
DBG_GATEWAY_CH9_RX_CONT_ARM now=3570014 rem=500 frames=0 errors=0
DBG_GATEWAY_BLE event=disconnected reason=19 uptime=3570344
DBG_GATEWAY_BLE event=recovery round=1 delay_ms=339 reason=disconnected uptime=3570344
DBG_GATEWAY_CH9_RX_CONT_RESULT start=3570014 end=3570515 ret=-116 fail=0 status=0x00000000 len=0 frames=0
DBG_GATEWAY_CH9_RX_CONT_ARM now=3570517 rem=500 frames=0 errors=0
DBG_GATEWAY_CH9_RX_CONT_RESULT start=3570517 end=3571018 ret=-116 fail=0 status=0x00000000 len=0 frames=0
DBG_GATEWAY_CH9_RX_CONT_ARM now=3571020 rem=500 frames=0 errors=0
DBG_GATEWAY_CH9_RX_CONT_RESULT start=3571020 end=3571521 ret=-116 fail=0 status=0x00000000 len=0 frames=0
DBG_GATEWAY_CH9_RX_CONT_ARM now=3571523 rem=500 frames=0 errors=0
DBG_GATEWAY_CH9_RX_CONT_RESULT start=3571523 end=3572024 ret=-116 fail=0 status=0x00000000 len=0 frames=0
DBG_GATEWAY_CH9_RX_CONT_ARM now=3572026 rem=500 frames=0 errors=0
DBG_GATEWAY_CH9_RX_CONT_RESULT start=3572026 end=3572527 ret=-116 fail=0 status=0x00000000 len=0 frames=0
DBG_GATEWAY_CH9_RX_CONT_ARM now=3572529 rem=500 frames=0 errors=0
DBG_GATEWAY_CH9_RX_CONT_RESULT start=3572529 end=3573030 ret=-116 fail=0 status=0x00000000 len=0 frames=0
DBG_GATEWAY_CH9_RX_CONT_ARM now=3573032 rem=500 frames=0 errors=0
