BLE_CONNECTED gateway_id=0x9999888877776666 command=here-i-am session=912416768 frame=04c10140020101010101010109666677778888999904606236046001330101010410020c06ab04dc620607ae0b0101010304dc620607e803ae1301020310620102c8040604fa010104b5f80305ae050103050201a42100
BLE_CHUNK len=118 hex=4757012801060100560412001200900266667777888899996666777788889999000000004e007e49014e0302000000000c0066000060623600000000006062360060000012009002000000000000000000000000000000000000000000000000000000000000000000000000000000000000000000ff
BLE_PACKET type=0x56 src=0x9999888877776666 dst=0x9999888877776666 session=42991634 seq=18 payload=014e0302000000000c0066000060623600000000006062360060000012009002000000000000000000000000000000000000000000000000000000000000000000000000000000000000000000ff
GATEWAY_COMMAND_EVENT GatewayCommandEvent(command_kind=3, stage=2, flags=0, attempt=0, command_status=0, reason=0, command_id=12, route_epoch=102, correlation_id=912416768, gateway_sequence=0, host_session_id=912416768, host_sequence=24576, event_sequence=42991634, anchor_id=0, pair_initiator_id=0, pair_responder_id=0, previous_hop_id=0, progress_count=0, total_count=0, success_count=0, failure_count=0, duplicate_count=0, lost_event_count=0, hop_count=0, discovery_slot=255)
BLE_HOST_RECEIPT type=0x56 src=0x9999888877776666 session=42991634 seq=18
BLE_CHUNK len=118 hex=4757012801060100560413001300900266667777888899996666777788889999000000004e0036a8014e0303000000000c0066000060623600000000006062360060000013009002000000000000000000000000000000000000000000000000000000000000000000000000000000000000000000ff
BLE_PACKET type=0x56 src=0x9999888877776666 dst=0x9999888877776666 session=42991635 seq=19 payload=014e0303000000000c0066000060623600000000006062360060000013009002000000000000000000000000000000000000000000000000000000000000000000000000000000000000000000ff
GATEWAY_COMMAND_EVENT GatewayCommandEvent(command_kind=3, stage=3, flags=0, attempt=0, command_status=0, reason=0, command_id=12, route_epoch=102, correlation_id=912416768, gateway_sequence=0, host_session_id=912416768, host_sequence=24576, event_sequence=42991635, anchor_id=0, pair_initiator_id=0, pair_responder_id=0, previous_hop_id=0, progress_count=0, total_count=0, success_count=0, failure_count=0, duplicate_count=0, lost_event_count=0, hop_count=0, discovery_slot=255)
BLE_HOST_RECEIPT type=0x56 src=0x9999888877776666 session=42991635 seq=19
BLE_CHUNK len=118 hex=4757012801060100560415001500900266667777888899996666777788889999000000004e00d704014e0304000100000c0066000060623614009002006062360060000015009002000000000000000000000000000000000000000000000000000000000000000004000000000000000000000000ff
BLE_PACKET type=0x56 src=0x9999888877776666 dst=0x9999888877776666 session=42991637 seq=21 payload=014e0304000100000c0066000060623614009002006062360060000015009002000000000000000000000000000000000000000000000000000000000000000004000000000000000000000000ff
GATEWAY_COMMAND_EVENT GatewayCommandEvent(command_kind=3, stage=4, flags=0, attempt=1, command_status=0, reason=0, command_id=12, route_epoch=102, correlation_id=912416768, gateway_sequence=42991636, host_session_id=912416768, host_sequence=24576, event_sequence=42991637, anchor_id=0, pair_initiator_id=0, pair_responder_id=0, previous_hop_id=0, progress_count=4, total_count=0, success_count=0, failure_count=0, duplicate_count=0, lost_event_count=0, hop_count=0, discovery_slot=255)
BLE_HOST_RECEIPT type=0x56 src=0x9999888877776666 session=42991637 seq=21
BLE_CHUNK len=51 hex=4757012801020100410400600060623666667777888899996666777788889999000000000b00a18510020c00110200001e0100
BLE_PACKET type=0x41 src=0x9999888877776666 dst=0x9999888877776666 session=912416768 seq=24576 payload=10020c00110200001e0100
BLE_HOST_RECEIPT type=0x41 src=0x9999888877776666 session=912416768 seq=24576
BLE_CHUNK len=118 hex=4757012801060000560416001600900266667777888899996666777788889999000000004e006fd8014e030c030100000c0066000060623614009002006062360060000016009002000000000000000000000000000000000000000000000000000000000000000004000000000000000000000000ff
BLE_PACKET type=0x56 src=0x9999888877776666 dst=0x9999888877776666 session=42991638 seq=22 payload=014e030c030100000c0066000060623614009002006062360060000016009002000000000000000000000000000000000000000000000000000000000000000004000000000000000000000000ff
GATEWAY_COMMAND_EVENT GatewayCommandEvent(command_kind=3, stage=12, flags=3, attempt=1, command_status=0, reason=0, command_id=12, route_epoch=102, correlation_id=912416768, gateway_sequence=42991636, host_session_id=912416768, host_sequence=24576, event_sequence=42991638, anchor_id=0, pair_initiator_id=0, pair_responder_id=0, previous_hop_id=0, progress_count=4, total_count=0, success_count=0, failure_count=0, duplicate_count=0, lost_event_count=0, hop_count=0, discovery_slot=255)
BLE_HOST_RECEIPT type=0x56 src=0x9999888877776666 session=42991638 seq=22
HERE_I_AM_LOCAL_FLOOD_OK attempts=1 retries=0 delivery_claim=local-broadcast-only
BLE_CONNECTED gateway_id=0x9999888877776666 command=assign-slots session=912416769 frame=04c101400201010101010101116666777788889999016062360160011b010101081002040178020306ab04dc620607ae0b0101010304dc620605e803e22e00
BLE_CHUNK len=118 hex=4757012801060100560417001700900266667777888899996666777788889999000000004e00ed7a014e010200000000040166000160623600000000016062360160000017009002000000000000000000000000000000000000000000000000000000000000000000000000000000000000000000ff
BLE_PACKET type=0x56 src=0x9999888877776666 dst=0x9999888877776666 session=42991639 seq=23 payload=014e010200000000040166000160623600000000016062360160000017009002000000000000000000000000000000000000000000000000000000000000000000000000000000000000000000ff
GATEWAY_COMMAND_EVENT GatewayCommandEvent(command_kind=1, stage=2, flags=0, attempt=0, command_status=0, reason=0, command_id=260, route_epoch=102, correlation_id=912416769, gateway_sequence=0, host_session_id=912416769, host_sequence=24577, event_sequence=42991639, anchor_id=0, pair_initiator_id=0, pair_responder_id=0, previous_hop_id=0, progress_count=0, total_count=0, success_count=0, failure_count=0, duplicate_count=0, lost_event_count=0, hop_count=0, discovery_slot=255)
BLE_HOST_RECEIPT type=0x56 src=0x9999888877776666 session=42991639 seq=23
BLE_CHUNK len=118 hex=4757012801060100560418001800900266667777888899996666777788889999000000004e002165014e010300000000040166000160623600000000016062360160000018009002000000000000000000000000000000000000000000000000000000000000000000000000000000000000000000ff
BLE_PACKET type=0x56 src=0x9999888877776666 dst=0x9999888877776666 session=42991640 seq=24 payload=014e010300000000040166000160623600000000016062360160000018009002000000000000000000000000000000000000000000000000000000000000000000000000000000000000000000ff
GATEWAY_COMMAND_EVENT GatewayCommandEvent(command_kind=1, stage=3, flags=0, attempt=0, command_status=0, reason=0, command_id=260, route_epoch=102, correlation_id=912416769, gateway_sequence=0, host_session_id=912416769, host_sequence=24577, event_sequence=42991640, anchor_id=0, pair_initiator_id=0, pair_responder_id=0, previous_hop_id=0, progress_count=0, total_count=0, success_count=0, failure_count=0, duplicate_count=0, lost_event_count=0, hop_count=0, discovery_slot=255)
BLE_HOST_RECEIPT type=0x56 src=0x9999888877776666 session=42991640 seq=24
BLE_CHUNK len=118 hex=475701280106010056041a001a00900266667777888899996666777788889999000000004e006b6a014e01030000000004016600016062361900900201606236016000001a009002000000000000000000000000000000000000000000000000000000000000000000000000000000000000000000ff
BLE_PACKET type=0x56 src=0x9999888877776666 dst=0x9999888877776666 session=42991642 seq=26 payload=014e01030000000004016600016062361900900201606236016000001a009002000000000000000000000000000000000000000000000000000000000000000000000000000000000000000000ff
GATEWAY_COMMAND_EVENT GatewayCommandEvent(command_kind=1, stage=3, flags=0, attempt=0, command_status=0, reason=0, command_id=260, route_epoch=102, correlation_id=912416769, gateway_sequence=42991641, host_session_id=912416769, host_sequence=24577, event_sequence=42991642, anchor_id=0, pair_initiator_id=0, pair_responder_id=0, previous_hop_id=0, progress_count=0, total_count=0, success_count=0, failure_count=0, duplicate_count=0, lost_event_count=0, hop_count=0, discovery_slot=255)
BLE_HOST_RECEIPT type=0x56 src=0x9999888877776666 session=42991642 seq=26
BLE_CHUNK len=118 hex=475701280106010056041c001c00900266667777888899996666777788889999000000004e00877a014e01040001000004016600016062361900900201606236016000001c009002000000000000000000000000000000000000000000000000000000000000000000000000000000000000000000ff
BLE_PACKET type=0x56 src=0x9999888877776666 dst=0x9999888877776666 session=42991644 seq=28 payload=014e01040001000004016600016062361900900201606236016000001c009002000000000000000000000000000000000000000000000000000000000000000000000000000000000000000000ff
GATEWAY_COMMAND_EVENT GatewayCommandEvent(command_kind=1, stage=4, flags=0, attempt=1, command_status=0, reason=0, command_id=260, route_epoch=102, correlation_id=912416769, gateway_sequence=42991641, host_session_id=912416769, host_sequence=24577, event_sequence=42991644, anchor_id=0, pair_initiator_id=0, pair_responder_id=0, previous_hop_id=0, progress_count=0, total_count=0, success_count=0, failure_count=0, duplicate_count=0, lost_event_count=0, hop_count=0, discovery_slot=255)
BLE_HOST_RECEIPT type=0x56 src=0x9999888877776666 session=42991644 seq=28
BLE_CHUNK len=118 hex=475701280106010056041d001d00900266667777888899996666777788889999000000004e00f734014e01060000000004016600016062361900900201606236016000001d00900207cbc8c619961a190000000000000000000000000000000007cbc8c619961a1901000000000000000000000001ff
BLE_PACKET type=0x56 src=0x9999888877776666 dst=0x9999888877776666 session=42991645 seq=29 payload=014e01060000000004016600016062361900900201606236016000001d00900207cbc8c619961a190000000000000000000000000000000007cbc8c619961a1901000000000000000000000001ff
GATEWAY_COMMAND_EVENT GatewayCommandEvent(command_kind=1, stage=6, flags=0, attempt=0, command_status=0, reason=0, command_id=260, route_epoch=102, correlation_id=912416769, gateway_sequence=42991641, host_session_id=912416769, host_sequence=24577, event_sequence=42991645, anchor_id=1808923237796072199, pair_initiator_id=0, pair_responder_id=0, previous_hop_id=1808923237796072199, progress_count=1, total_count=0, success_count=0, failure_count=0, duplicate_count=0, lost_event_count=0, hop_count=1, discovery_slot=255)
BLE_HOST_RECEIPT type=0x56 src=0x9999888877776666 session=42991645 seq=29
BLE_CHUNK len=118 hex=475701280106010056041e001e00900266667777888899996666777788889999000000004e00fbc7014e01060000000004016600016062361900900201606236016000001e0090020e3070b9aac08b70000000000000000000000000000000000e3070b9aac08b7002000000000000000000000001ff
BLE_PACKET type=0x56 src=0x9999888877776666 dst=0x9999888877776666 session=42991646 seq=30 payload=014e01060000000004016600016062361900900201606236016000001e0090020e3070b9aac08b70000000000000000000000000000000000e3070b9aac08b7002000000000000000000000001ff
GATEWAY_COMMAND_EVENT GatewayCommandEvent(command_kind=1, stage=6, flags=0, attempt=0, command_status=0, reason=0, command_id=260, route_epoch=102, correlation_id=912416769, gateway_sequence=42991641, host_session_id=912416769, host_sequence=24577, event_sequence=42991646, anchor_id=8109787393498820622, pair_initiator_id=0, pair_responder_id=0, previous_hop_id=8109787393498820622, progress_count=2, total_count=0, success_count=0, failure_count=0, duplicate_count=0, lost_event_count=0, hop_count=1, discovery_slot=255)
BLE_HOST_RECEIPT type=0x56 src=0x9999888877776666 session=42991646 seq=30
BLE_CHUNK len=51 hex=4757012801020100414401600160623666667777888899996666777788889999000000000b00dac810020401110205001e0100
BLE_PACKET type=0x41 src=0x9999888877776666 dst=0x9999888877776666 session=912416769 seq=24577 payload=10020401110205001e0100
BLE_HOST_RECEIPT type=0x41 src=0x9999888877776666 session=912416769 seq=24577
Traceback (most recent call last):
  File "/home/tommie/Projects/IMEC2/firmware/scripts/provision_mesh_anchor.py", line 931, in _ble_client_session
    yield client
  File "/home/tommie/Projects/IMEC2/firmware/scripts/provision_mesh_anchor.py", line 1859, in run
    await await_qualification(
    ...<4 lines>...
    )
  File "/home/tommie/Projects/IMEC2/firmware/scripts/provision_mesh_anchor.py", line 1575, in await_qualification
    current.validate()
    ~~~~~~~~~~~~~~~~^^
  File "/home/tommie/Projects/IMEC2/firmware/scripts/provision_mesh_anchor.py", line 715, in validate
    raise RuntimeError("assignment qualification failed: " + "; ".join(self.errors))
RuntimeError: assignment qualification failed: gateway command failed before lifecycle terminal (command=260 status=5 reason=0); expected 3 unique anchor claims, got 2; expected 3 published slot mappings, got 0; assignment collection-complete event was not received; successful assignment table publication was not observed; matching assignment terminal event was not received

During handling of the above exception, another exception occurred:

Traceback (most recent call last):
  File "/home/tommie/Projects/IMEC2/firmware/scripts/provision_mesh_anchor.py", line 2267, in <module>
    main()
    ~~~~^^
  File "/home/tommie/Projects/IMEC2/firmware/scripts/provision_mesh_anchor.py", line 2263, in main
    asyncio.run(run(args))
    ~~~~~~~~~~~^^^^^^^^^^^
  File "/home/tommie/.local/share/uv/python/cpython-3.13.11-linux-x86_64-gnu/lib/python3.13/asyncio/runners.py", line 195, in run
    return runner.run(main)
           ~~~~~~~~~~^^^^^^
  File "/home/tommie/.local/share/uv/python/cpython-3.13.11-linux-x86_64-gnu/lib/python3.13/asyncio/runners.py", line 118, in run
    return self._loop.run_until_complete(task)
           ~~~~~~~~~~~~~~~~~~~~~~~~~~~~~^^^^^^
  File "/home/tommie/.local/share/uv/python/cpython-3.13.11-linux-x86_64-gnu/lib/python3.13/asyncio/base_events.py", line 725, in run_until_complete
    return future.result()
           ~~~~~~~~~~~~~^^
  File "/home/tommie/Projects/IMEC2/firmware/scripts/provision_mesh_anchor.py", line 1624, in run
    async with _ble_client_session(
               ~~~~~~~~~~~~~~~~~~~^
        gateway_target,
        ^^^^^^^^^^^^^^^
        timeout=args.connect_timeout,
        ^^^^^^^^^^^^^^^^^^^^^^^^^^^^^
        disconnected_callback=on_disconnect,
        ^^^^^^^^^^^^^^^^^^^^^^^^^^^^^^^^^^^^
    ) as client:
    ^
  File "/home/tommie/.local/share/uv/python/cpython-3.13.11-linux-x86_64-gnu/lib/python3.13/contextlib.py", line 235, in __aexit__
    await self.gen.athrow(value)
  File "/home/tommie/Projects/IMEC2/firmware/scripts/provision_mesh_anchor.py", line 930, in _ble_client_session
    async with BleakClient(*args, **kwargs) as client:
               ~~~~~~~~~~~^^^^^^^^^^^^^^^^^
  File "/home/tommie/Projects/IMEC2/.venv/lib/python3.13/site-packages/bleak/__init__.py", line 567, in __aexit__
    await self.disconnect()
  File "/home/tommie/Projects/IMEC2/.venv/lib/python3.13/site-packages/bleak/__init__.py", line 588, in disconnect
    await self._backend.disconnect()
  File "/home/tommie/Projects/IMEC2/.venv/lib/python3.13/site-packages/bleak/backends/bluezdbus/client.py", line 452, in disconnect
    reply = await self._bus.call(
            ^^^^^^^^^^^^^^^^^^^^^
    ...<6 lines>...
    )
    ^
  File "/home/tommie/Projects/IMEC2/.venv/lib/python3.13/site-packages/dbus_fast/aio/message_bus.py", line 478, in call
    await future
  File "src/dbus_fast/aio/message_reader.py", line 25, in dbus_fast.aio.message_reader._message_reader
  File "src/dbus_fast/_private/unmarshaller.py", line 1042, in dbus_fast._private.unmarshaller.Unmarshaller._unmarshall
  File "src/dbus_fast/_private/unmarshaller.py", line 879, in dbus_fast._private.unmarshaller.Unmarshaller._read_header
  File "src/dbus_fast/_private/unmarshaller.py", line 518, in dbus_fast._private.unmarshaller.Unmarshaller._read_to_pos
  File "src/dbus_fast/_private/unmarshaller.py", line 458, in dbus_fast._private.unmarshaller.Unmarshaller._read_sock_with_fds
EOFError
