BLE_CONNECTED gateway_id=0x9999888877776666 command=here-i-am session=1764272503 frame=04c10140020101010101010111666677778888999977a9286977a901330101010410020c06ab04dc620607ae0b0101010304dc620607e803ae1301020310620102c8040604fa010104b5f80305ae0501030502013fff00
BLE_CHUNK len=118 hex=4757012801060100560401000100440266667777888899996666777788889999000000004e004070014e0302000000000c00530077a928690000000077a9286977a9000001004402000000000000000000000000000000000000000000000000000000000000000000000000000000000000000000ff
BLE_PACKET type=0x56 src=0x9999888877776666 dst=0x9999888877776666 session=38010881 seq=1 payload=014e0302000000000c00530077a928690000000077a9286977a9000001004402000000000000000000000000000000000000000000000000000000000000000000000000000000000000000000ff
GATEWAY_COMMAND_EVENT GatewayCommandEvent(command_kind=3, stage=2, flags=0, attempt=0, command_status=0, reason=0, command_id=12, route_epoch=83, correlation_id=1764272503, gateway_sequence=0, host_session_id=1764272503, host_sequence=43383, event_sequence=38010881, anchor_id=0, pair_initiator_id=0, pair_responder_id=0, previous_hop_id=0, progress_count=0, total_count=0, success_count=0, failure_count=0, duplicate_count=0, lost_event_count=0, hop_count=0, discovery_slot=255)
BLE_HOST_RECEIPT type=0x56 src=0x9999888877776666 session=38010881 seq=1
BLE_CHUNK len=118 hex=4757012801060100560402000200440266667777888899996666777788889999000000004e00e4b5014e0303000000000c00530077a928690000000077a9286977a9000002004402000000000000000000000000000000000000000000000000000000000000000000000000000000000000000000ff
BLE_PACKET type=0x56 src=0x9999888877776666 dst=0x9999888877776666 session=38010882 seq=2 payload=014e0303000000000c00530077a928690000000077a9286977a9000002004402000000000000000000000000000000000000000000000000000000000000000000000000000000000000000000ff
GATEWAY_COMMAND_EVENT GatewayCommandEvent(command_kind=3, stage=3, flags=0, attempt=0, command_status=0, reason=0, command_id=12, route_epoch=83, correlation_id=1764272503, gateway_sequence=0, host_session_id=1764272503, host_sequence=43383, event_sequence=38010882, anchor_id=0, pair_initiator_id=0, pair_responder_id=0, previous_hop_id=0, progress_count=0, total_count=0, success_count=0, failure_count=0, duplicate_count=0, lost_event_count=0, hop_count=0, discovery_slot=255)
BLE_HOST_RECEIPT type=0x56 src=0x9999888877776666 session=38010882 seq=2
BLE_CHUNK len=118 hex=4757012801060100560404000400440266667777888899996666777788889999000000004e004655014e0304000100000c00530077a928690300440277a9286977a9000004004402000000000000000000000000000000000000000000000000000000000000000004000000000000000000000000ff
BLE_PACKET type=0x56 src=0x9999888877776666 dst=0x9999888877776666 session=38010884 seq=4 payload=014e0304000100000c00530077a928690300440277a9286977a9000004004402000000000000000000000000000000000000000000000000000000000000000004000000000000000000000000ff
GATEWAY_COMMAND_EVENT GatewayCommandEvent(command_kind=3, stage=4, flags=0, attempt=1, command_status=0, reason=0, command_id=12, route_epoch=83, correlation_id=1764272503, gateway_sequence=38010883, host_session_id=1764272503, host_sequence=43383, event_sequence=38010884, anchor_id=0, pair_initiator_id=0, pair_responder_id=0, previous_hop_id=0, progress_count=4, total_count=0, success_count=0, failure_count=0, duplicate_count=0, lost_event_count=0, hop_count=0, discovery_slot=255)
BLE_HOST_RECEIPT type=0x56 src=0x9999888877776666 session=38010884 seq=4
BLE_CHUNK len=51 hex=4757012801020100410477a977a9286966667777888899996666777788889999000000000b00a18510020c00110200001e0100
BLE_PACKET type=0x41 src=0x9999888877776666 dst=0x9999888877776666 session=1764272503 seq=43383 payload=10020c00110200001e0100
BLE_HOST_RECEIPT type=0x41 src=0x9999888877776666 session=1764272503 seq=43383
BLE_CHUNK len=118 hex=4757012801060000560405000500440266667777888899996666777788889999000000004e0012ad014e030c030100000c00530077a928690300440277a9286977a9000005004402000000000000000000000000000000000000000000000000000000000000000004000000000000000000000000ff
BLE_PACKET type=0x56 src=0x9999888877776666 dst=0x9999888877776666 session=38010885 seq=5 payload=014e030c030100000c00530077a928690300440277a9286977a9000005004402000000000000000000000000000000000000000000000000000000000000000004000000000000000000000000ff
GATEWAY_COMMAND_EVENT GatewayCommandEvent(command_kind=3, stage=12, flags=3, attempt=1, command_status=0, reason=0, command_id=12, route_epoch=83, correlation_id=1764272503, gateway_sequence=38010883, host_session_id=1764272503, host_sequence=43383, event_sequence=38010885, anchor_id=0, pair_initiator_id=0, pair_responder_id=0, previous_hop_id=0, progress_count=4, total_count=0, success_count=0, failure_count=0, duplicate_count=0, lost_event_count=0, hop_count=0, discovery_slot=255)
BLE_HOST_RECEIPT type=0x56 src=0x9999888877776666 session=38010885 seq=5
HERE_I_AM_LOCAL_FLOOD_OK attempts=1 retries=0 delivery_claim=local-broadcast-only
BLE_CONNECTED gateway_id=0x9999888877776666 command=assign-slots session=1764272504 frame=04c10140020101010101010111666677778888999978a9286978a9011b010101081002040178020306ab04dc620607ae0b0101010304dc620605e803a73a00
BLE_CHUNK len=118 hex=4757012801060100560406000600440266667777888899996666777788889999000000004e00c8fb014e0102000000000401530078a928690000000078a9286978a9000006004402000000000000000000000000000000000000000000000000000000000000000000000000000000000000000000ff
BLE_PACKET type=0x56 src=0x9999888877776666 dst=0x9999888877776666 session=38010886 seq=6 payload=014e0102000000000401530078a928690000000078a9286978a9000006004402000000000000000000000000000000000000000000000000000000000000000000000000000000000000000000ff
GATEWAY_COMMAND_EVENT GatewayCommandEvent(command_kind=1, stage=2, flags=0, attempt=0, command_status=0, reason=0, command_id=260, route_epoch=83, correlation_id=1764272504, gateway_sequence=0, host_session_id=1764272504, host_sequence=43384, event_sequence=38010886, anchor_id=0, pair_initiator_id=0, pair_responder_id=0, previous_hop_id=0, progress_count=0, total_count=0, success_count=0, failure_count=0, duplicate_count=0, lost_event_count=0, hop_count=0, discovery_slot=255)
BLE_HOST_RECEIPT type=0x56 src=0x9999888877776666 session=38010886 seq=6
BLE_CHUNK len=118 hex=4757012801060100560407000700440266667777888899996666777788889999000000004e00801a014e0103000000000401530078a928690000000078a9286978a9000007004402000000000000000000000000000000000000000000000000000000000000000000000000000000000000000000ff
BLE_PACKET type=0x56 src=0x9999888877776666 dst=0x9999888877776666 session=38010887 seq=7 payload=014e0103000000000401530078a928690000000078a9286978a9000007004402000000000000000000000000000000000000000000000000000000000000000000000000000000000000000000ff
GATEWAY_COMMAND_EVENT GatewayCommandEvent(command_kind=1, stage=3, flags=0, attempt=0, command_status=0, reason=0, command_id=260, route_epoch=83, correlation_id=1764272504, gateway_sequence=0, host_session_id=1764272504, host_sequence=43384, event_sequence=38010887, anchor_id=0, pair_initiator_id=0, pair_responder_id=0, previous_hop_id=0, progress_count=0, total_count=0, success_count=0, failure_count=0, duplicate_count=0, lost_event_count=0, hop_count=0, discovery_slot=255)
BLE_HOST_RECEIPT type=0x56 src=0x9999888877776666 session=38010887 seq=7
BLE_CHUNK len=118 hex=4757012801060100560409000900440266667777888899996666777788889999000000004e00088b014e0103000000000401530078a928690800440278a9286978a9000009004402000000000000000000000000000000000000000000000000000000000000000000000000000000000000000000ff
BLE_PACKET type=0x56 src=0x9999888877776666 dst=0x9999888877776666 session=38010889 seq=9 payload=014e0103000000000401530078a928690800440278a9286978a9000009004402000000000000000000000000000000000000000000000000000000000000000000000000000000000000000000ff
GATEWAY_COMMAND_EVENT GatewayCommandEvent(command_kind=1, stage=3, flags=0, attempt=0, command_status=0, reason=0, command_id=260, route_epoch=83, correlation_id=1764272504, gateway_sequence=38010888, host_session_id=1764272504, host_sequence=43384, event_sequence=38010889, anchor_id=0, pair_initiator_id=0, pair_responder_id=0, previous_hop_id=0, progress_count=0, total_count=0, success_count=0, failure_count=0, duplicate_count=0, lost_event_count=0, hop_count=0, discovery_slot=255)
BLE_HOST_RECEIPT type=0x56 src=0x9999888877776666 session=38010889 seq=9
BLE_CHUNK len=118 hex=475701280106010056040b000b00440266667777888899996666777788889999000000004e003cd2014e0104000100000401530078a928690800440278a9286978a900000b004402000000000000000000000000000000000000000000000000000000000000000000000000000000000000000000ff
BLE_PACKET type=0x56 src=0x9999888877776666 dst=0x9999888877776666 session=38010891 seq=11 payload=014e0104000100000401530078a928690800440278a9286978a900000b004402000000000000000000000000000000000000000000000000000000000000000000000000000000000000000000ff
GATEWAY_COMMAND_EVENT GatewayCommandEvent(command_kind=1, stage=4, flags=0, attempt=1, command_status=0, reason=0, command_id=260, route_epoch=83, correlation_id=1764272504, gateway_sequence=38010888, host_session_id=1764272504, host_sequence=43384, event_sequence=38010891, anchor_id=0, pair_initiator_id=0, pair_responder_id=0, previous_hop_id=0, progress_count=0, total_count=0, success_count=0, failure_count=0, duplicate_count=0, lost_event_count=0, hop_count=0, discovery_slot=255)
BLE_HOST_RECEIPT type=0x56 src=0x9999888877776666 session=38010891 seq=11
BLE_CHUNK len=118 hex=475701280106010056040c000c00440266667777888899996666777788889999000000004e0078f1014e0106000000000401530078a928690800440278a9286978a900000c00440207cbc8c619961a190000000000000000000000000000000007cbc8c619961a1901000000000000000000000001ff
BLE_PACKET type=0x56 src=0x9999888877776666 dst=0x9999888877776666 session=38010892 seq=12 payload=014e0106000000000401530078a928690800440278a9286978a900000c00440207cbc8c619961a190000000000000000000000000000000007cbc8c619961a1901000000000000000000000001ff
GATEWAY_COMMAND_EVENT GatewayCommandEvent(command_kind=1, stage=6, flags=0, attempt=0, command_status=0, reason=0, command_id=260, route_epoch=83, correlation_id=1764272504, gateway_sequence=38010888, host_session_id=1764272504, host_sequence=43384, event_sequence=38010892, anchor_id=1808923237796072199, pair_initiator_id=0, pair_responder_id=0, previous_hop_id=1808923237796072199, progress_count=1, total_count=0, success_count=0, failure_count=0, duplicate_count=0, lost_event_count=0, hop_count=1, discovery_slot=255)
BLE_HOST_RECEIPT type=0x56 src=0x9999888877776666 session=38010892 seq=12
BLE_CHUNK len=118 hex=475701280106010056040d000d00440266667777888899996666777788889999000000004e009826014e0106000000000401530078a928690800440278a9286978a900000d0044020e3070b9aac08b70000000000000000000000000000000000e3070b9aac08b7002000000000000000000000001ff
BLE_PACKET type=0x56 src=0x9999888877776666 dst=0x9999888877776666 session=38010893 seq=13 payload=014e0106000000000401530078a928690800440278a9286978a900000d0044020e3070b9aac08b70000000000000000000000000000000000e3070b9aac08b7002000000000000000000000001ff
GATEWAY_COMMAND_EVENT GatewayCommandEvent(command_kind=1, stage=6, flags=0, attempt=0, command_status=0, reason=0, command_id=260, route_epoch=83, correlation_id=1764272504, gateway_sequence=38010888, host_session_id=1764272504, host_sequence=43384, event_sequence=38010893, anchor_id=8109787393498820622, pair_initiator_id=0, pair_responder_id=0, previous_hop_id=8109787393498820622, progress_count=2, total_count=0, success_count=0, failure_count=0, duplicate_count=0, lost_event_count=0, hop_count=1, discovery_slot=255)
BLE_HOST_RECEIPT type=0x56 src=0x9999888877776666 session=38010893 seq=13
BLE_CHUNK len=118 hex=475701280106010056040e000e00440266667777888899996666777788889999000000004e00244f014e0106000000000401530078a928690800440278a9286978a900000e00440241d1f64afe25da560000000000000000000000000000000041d1f64afe25da5603000000000000000000000001ff
BLE_PACKET type=0x56 src=0x9999888877776666 dst=0x9999888877776666 session=38010894 seq=14 payload=014e0106000000000401530078a928690800440278a9286978a900000e00440241d1f64afe25da560000000000000000000000000000000041d1f64afe25da5603000000000000000000000001ff
GATEWAY_COMMAND_EVENT GatewayCommandEvent(command_kind=1, stage=6, flags=0, attempt=0, command_status=0, reason=0, command_id=260, route_epoch=83, correlation_id=1764272504, gateway_sequence=38010888, host_session_id=1764272504, host_sequence=43384, event_sequence=38010894, anchor_id=6258356406294335809, pair_initiator_id=0, pair_responder_id=0, previous_hop_id=6258356406294335809, progress_count=3, total_count=0, success_count=0, failure_count=0, duplicate_count=0, lost_event_count=0, hop_count=1, discovery_slot=255)
BLE_HOST_RECEIPT type=0x56 src=0x9999888877776666 session=38010894 seq=14
BLE_CHUNK len=51 hex=4757012801020100414478a978a9286966667777888899996666777788889999000000000b00dac810020401110205001e0100
BLE_PACKET type=0x41 src=0x9999888877776666 dst=0x9999888877776666 session=1764272504 seq=43384 payload=10020401110205001e0100
BLE_HOST_RECEIPT type=0x41 src=0x9999888877776666 session=1764272504 seq=43384
Traceback (most recent call last):
  File "/home/tommie/Projects/IMEC2/firmware/scripts/provision_mesh_anchor.py", line 2267, in <module>
    main()
    ~~~~^^
  File "/home/tommie/Projects/IMEC2/firmware/scripts/provision_mesh_anchor.py", line 2263, in main
    asyncio.run(run(args))
    ~~~~~~~~~~~^^^^^^^^^^^
  File "/home/tommie/.local/share/uv/python/cpython-3.13.11-linux-x86_64-gnu/lib/python3.13/asyncio/runners.py", line 195, in run
    return runner.run(main)
           ~~~~~~~~~~^^^^^^
  File "/home/tommie/.local/share/uv/python/cpython-3.13.11-linux-x86_64-gnu/lib/python3.13/asyncio/runners.py", line 118, in run
    return self._loop.run_until_complete(task)
           ~~~~~~~~~~~~~~~~~~~~~~~~~~~~~^^^^^^
  File "/home/tommie/.local/share/uv/python/cpython-3.13.11-linux-x86_64-gnu/lib/python3.13/asyncio/base_events.py", line 725, in run_until_complete
    return future.result()
           ~~~~~~~~~~~~~^^
  File "/home/tommie/Projects/IMEC2/firmware/scripts/provision_mesh_anchor.py", line 1859, in run
    await await_qualification(
    ...<4 lines>...
    )
  File "/home/tommie/Projects/IMEC2/firmware/scripts/provision_mesh_anchor.py", line 1575, in await_qualification
    current.validate()
    ~~~~~~~~~~~~~~~~^^
  File "/home/tommie/Projects/IMEC2/firmware/scripts/provision_mesh_anchor.py", line 715, in validate
    raise RuntimeError("assignment qualification failed: " + "; ".join(self.errors))
RuntimeError: assignment qualification failed: gateway command failed before lifecycle terminal (command=260 status=5 reason=0); expected 3 published slot mappings, got 0; assignment collection-complete event was not received; successful assignment table publication was not observed; matching assignment terminal event was not received
