BLE_CHUNK len=51 hex=4757012801020100410407a107a1f90b66667777888899996666777788889999000000000b00a18510020c00110200001e0100
BLE_PACKET type=0x41 src=0x9999888877776666 dst=0x9999888877776666 session=200909063 seq=41223 payload=10020c00110200001e0100
BLE_CONNECTED gateway_id=0x9999888877776666 command=monitor
BLE_HOST_RECEIPT type=0x41 src=0x9999888877776666 session=200909063 seq=41223
BLE_CHUNK len=118 hex=475701280106000056040a000a00280166667777888899996666777788889999000000004e00844c014e030c030100000c000c0007a1f90b0800280107a1f90b07a100000a002801000000000000000000000000000000000000000000000000000000000000000003000000000000000000000000ff
BLE_PACKET type=0x56 src=0x9999888877776666 dst=0x9999888877776666 session=19398666 seq=10 payload=014e030c030100000c000c0007a1f90b0800280107a1f90b07a100000a002801000000000000000000000000000000000000000000000000000000000000000003000000000000000000000000ff
GATEWAY_COMMAND_EVENT GatewayCommandEvent(command_kind=3, stage=12, flags=3, attempt=1, command_status=0, reason=0, command_id=12, route_epoch=12, correlation_id=200909063, gateway_sequence=19398664, host_session_id=200909063, host_sequence=41223, event_sequence=19398666, anchor_id=0, pair_initiator_id=0, pair_responder_id=0, previous_hop_id=0, progress_count=3, total_count=0, success_count=0, failure_count=0, duplicate_count=0, lost_event_count=0, hop_count=0, discovery_slot=255)
BLE_HOST_RECEIPT type=0x56 src=0x9999888877776666 session=19398666 seq=10
BLE_CHUNK len=244 hex=4757012801010000202401003a44534158f8c0da3b3a6d0f666677778888999900000000ee00fbc70b082dab38516a30c2c10a0858f8c0da3b3a6d0f161058f8c0da3b3a6d0fe3640ad62b12999606043e000201a90101aa0101070851730100000000000c04be0100000f0206002518bf010000b4010000b6010000ba010000ca010000c9010000280600010203040529304e790100000000009079010000000000d279010000000000147a010000000000567a010000000000987a0100000000003404013e00023304060000003502e880360290013804467c79003904060000003a04060000003b04000000003c0400000000
BLE_CHUNK len=34 hex=3d0201004201054d02c9004e047f1400000d01642401a52606a793ff71b4ff210100
BLE_PACKET type=0x20 src=0x0f6d3a3bdac0f858 dst=0x9999888877776666 session=1095975994 seq=1 payload=0b082dab38516a30c2c10a0858f8c0da3b3a6d0f161058f8c0da3b3a6d0fe3640ad62b12999606043e000201a90101aa0101070851730100000000000c04be0100000f0206002518bf010000b4010000b6010000ba010000ca010000c9010000280600010203040529304e790100000000009079010000000000d279010000000000147a010000000000567a010000000000987a0100000000003404013e00023304060000003502e880360290013804467c79003904060000003a04060000003b04000000003c04000000003d0201004201054d02c9004e047f1400000d01642401a52606a793ff71b4ff210100
BLE_HOST_RECEIPT type=0x20 src=0x0f6d3a3bdac0f858 session=1095975994 seq=1
BLE_CHUNK len=244 hex=4757012801010000202401003a445341e3640ad62b129996666677778888999900000000ee00b9a60b082dab38516a30c2c10a08e3640ad62b129996161058f8c0da3b3a6d0fe3640ad62b12999606043e000201a90101aa010107084c320100000000000c04420200000f020600251824020000510200005d020000500200003602000035020000280600010203040529306a38010000000000ac38010000000000ef3801000000000030390100000000007239010000000000b4390100000000003404013e00023304060000003502e880360290013804eeca91003904060000003a04060000003b04000000003c0400000000
BLE_CHUNK len=34 hex=3d0201004201054d02e9ff4e0485fdffff0d01642401a52606e47cffac4000210100
BLE_PACKET type=0x20 src=0x9699122bd60a64e3 dst=0x9999888877776666 session=1095975994 seq=1 payload=0b082dab38516a30c2c10a08e3640ad62b129996161058f8c0da3b3a6d0fe3640ad62b12999606043e000201a90101aa010107084c320100000000000c04420200000f020600251824020000510200005d020000500200003602000035020000280600010203040529306a38010000000000ac38010000000000ef3801000000000030390100000000007239010000000000b4390100000000003404013e00023304060000003502e880360290013804eeca91003904060000003a04060000003b04000000003c04000000003d0201004201054d02e9ff4e0485fdffff0d01642401a52606e47cffac4000210100
BLE_HOST_RECEIPT type=0x20 src=0x9699122bd60a64e3 session=1095975994 seq=1
BLE_CHUNK len=244 hex=4757012801010000202401004f0827f358f8c0da3b3a6d0f666677778888999900000000ee00241c0b082dab38516a30c2c10a0858f8c0da3b3a6d0f161058f8c0da3b3a6d0fe3640ad62b12999606043f000201a90101aa010107086a8b0100000000000c04bc0100000f0206002518a3010000b8010000c4010000c5010000c5010000be010000280600010203040529306791010000000000a991010000000000eb910100000000002d920100000000006f92010000000000b1920100000000003404013f00023304060000003502e8803602900138045ee890003904060000003a04060000003b04000000003c0400000000
BLE_CHUNK len=34 hex=3d0201004201054d02c9004e049a1400000d01642401a52606f98cff67b8ff210100
BLE_PACKET type=0x20 src=0x0f6d3a3bdac0f858 dst=0x9999888877776666 session=4079421519 seq=1 payload=0b082dab38516a30c2c10a0858f8c0da3b3a6d0f161058f8c0da3b3a6d0fe3640ad62b12999606043f000201a90101aa010107086a8b0100000000000c04bc0100000f0206002518a3010000b8010000c4010000c5010000c5010000be010000280600010203040529306791010000000000a991010000000000eb910100000000002d920100000000006f92010000000000b1920100000000003404013f00023304060000003502e8803602900138045ee890003904060000003a04060000003b04000000003c04000000003d0201004201054d02c9004e049a1400000d01642401a52606f98cff67b8ff210100
BLE_HOST_RECEIPT type=0x20 src=0x0f6d3a3bdac0f858 session=4079421519 seq=1
BLE_CHUNK len=244 hex=4757012801010000202401004f0827f3e3640ad62b129996666677778888999900000000ee00544e0b082dab38516a30c2c10a08e3640ad62b129996161058f8c0da3b3a6d0fe3640ad62b12999606043f000201a90101aa01010708654a0100000000000c04410200000f02060025182a0200005802000057020000490200002e02000038020000280600010203040529308350010000000000c550010000000000075101000000000049510100000000008c51010000000000cd510100000000003404013f00023304060000003502e880360290013804ae15aa003904060000003a04060000003b04000000003c0400000000
BLE_CHUNK len=34 hex=3d0201004201054d02e8ff4e04dbfdffff0d01642401a52606957affbf6500210100
BLE_PACKET type=0x20 src=0x9699122bd60a64e3 dst=0x9999888877776666 session=4079421519 seq=1 payload=0b082dab38516a30c2c10a08e3640ad62b129996161058f8c0da3b3a6d0fe3640ad62b12999606043f000201a90101aa01010708654a0100000000000c04410200000f02060025182a0200005802000057020000490200002e02000038020000280600010203040529308350010000000000c550010000000000075101000000000049510100000000008c51010000000000cd510100000000003404013f00023304060000003502e880360290013804ae15aa003904060000003a04060000003b04000000003c04000000003d0201004201054d02e8ff4e04dbfdffff0d01642401a52606957affbf6500210100
BLE_HOST_RECEIPT type=0x20 src=0x9699122bd60a64e3 session=4079421519 seq=1
BLE_CHUNK len=244 hex=475701280101000020240100208e3d7f58f8c0da3b3a6d0f666677778888999901000000ee00a6b90b082dab38516a30c2c10a0858f8c0da3b3a6d0f161058f8c0da3b3a6d0fe3640ad62b129996060440000201a90101aa0101070882a30100000000000c04c50100000f0206002518cf010000be010000ca010000c4010000be010000c20100002806000102030405293086a9010000000000c8a90100000000000aaa0100000000004caa0100000000008faa010000000000d0aa0100000000003404014000023304060000003502e880360290013804ee34aa003904060000003a04060000003b04000000003c0400000000
BLE_CHUNK len=34 hex=3d0201004201054d02ca004e048c1400000d01642401a52606f35cffa5c2ff210100
BLE_PACKET type=0x20 src=0x0f6d3a3bdac0f858 dst=0x9999888877776666 session=2134740512 seq=1 payload=0b082dab38516a30c2c10a0858f8c0da3b3a6d0f161058f8c0da3b3a6d0fe3640ad62b129996060440000201a90101aa0101070882a30100000000000c04c50100000f0206002518cf010000be010000ca010000c4010000be010000c20100002806000102030405293086a9010000000000c8a90100000000000aaa0100000000004caa0100000000008faa010000000000d0aa0100000000003404014000023304060000003502e880360290013804ee34aa003904060000003a04060000003b04000000003c04000000003d0201004201054d02ca004e048c1400000d01642401a52606f35cffa5c2ff210100
BLE_HOST_RECEIPT type=0x20 src=0x0f6d3a3bdac0f858 session=2134740512 seq=1
BLE_CHUNK len=244 hex=475701280101000020240100208e3d7fe3640ad62b129996666677778888999900000000ee00f2b70b082dab38516a30c2c10a08e3640ad62b129996161058f8c0da3b3a6d0fe3640ad62b129996060440000201a90101aa010107087e620100000000000c044d0200000f0206002518230200006b0200004502000052020000570200005402000028060001020304052930a268010000000000e46801000000000026690100000000006869010000000000aa69010000000000ed690100000000003404014000023304060000003502e8803602900138040e6ac3003904060000003a04060000003b04000000003c0400000000
BLE_CHUNK len=34 hex=3d0201004201054d02e8ff4e04a3fdffff0d01642401a526069e120087f6fe210100
BLE_PACKET type=0x20 src=0x9699122bd60a64e3 dst=0x9999888877776666 session=2134740512 seq=1 payload=0b082dab38516a30c2c10a08e3640ad62b129996161058f8c0da3b3a6d0fe3640ad62b129996060440000201a90101aa010107087e620100000000000c044d0200000f0206002518230200006b0200004502000052020000570200005402000028060001020304052930a268010000000000e46801000000000026690100000000006869010000000000aa69010000000000ed690100000000003404014000023304060000003502e8803602900138040e6ac3003904060000003a04060000003b04000000003c04000000003d0201004201054d02e8ff4e04a3fdffff0d01642401a526069e120087f6fe210100
BLE_HOST_RECEIPT type=0x20 src=0x9699122bd60a64e3 session=2134740512 seq=1
BLE_CHUNK len=244 hex=4757012801010000202401003552113158f8c0da3b3a6d0f666677778888999900000000ee0079ff0b082dab38516a30c2c10a0858f8c0da3b3a6d0f161058f8c0da3b3a6d0fe3640ad62b129996060441000201a90101aa010107088bbb0100000000000c04c50100000f0206002518cd010000cc010000d501000096010000cb010000cd010000280600010203040529308ac1010000000000cdc10100000000000ec201000000000050c201000000000092c2010000000000d4c20100000000003404014100023304060000003502e88036029001380429a5c3003904060000003a04060000003b04000000003c0400000000
BLE_CHUNK len=34 hex=3d0201004201054d02c9004e04761400000d01642401a52606d04900a11a00210100
BLE_PACKET type=0x20 src=0x0f6d3a3bdac0f858 dst=0x9999888877776666 session=823218741 seq=1 payload=0b082dab38516a30c2c10a0858f8c0da3b3a6d0f161058f8c0da3b3a6d0fe3640ad62b129996060441000201a90101aa010107088bbb0100000000000c04c50100000f0206002518cd010000cc010000d501000096010000cb010000cd010000280600010203040529308ac1010000000000cdc10100000000000ec201000000000050c201000000000092c2010000000000d4c20100000000003404014100023304060000003502e88036029001380429a5c3003904060000003a04060000003b04000000003c04000000003d0201004201054d02c9004e04761400000d01642401a52606d04900a11a00210100
BLE_HOST_RECEIPT type=0x20 src=0x0f6d3a3bdac0f858 session=823218741 seq=1
BLE_CHUNK len=244 hex=47570128010100002024010035521131e3640ad62b129996666677778888999900000000ee00f1120b082dab38516a30c2c10a08e3640ad62b129996161058f8c0da3b3a6d0fe3640ad62b129996060441000201a90101aa01010708867a0100000000000c043d0200000f02060025183502000042020000340200002b020000690200002f02000028060001020304052930a680010000000000e8800100000000002b810100000000006c81010000000000ae81010000000000f0810100000000003404014100023304060000003502e8803602900138043ec6dc003904060000003a04060000003b04000000003c0400000000
BLE_CHUNK len=34 hex=3d0201004201054d02e8ff4e04b8fdffff0d01642401a326061eeffe99bfff210100
BLE_PACKET type=0x20 src=0x9699122bd60a64e3 dst=0x9999888877776666 session=823218741 seq=1 payload=0b082dab38516a30c2c10a08e3640ad62b129996161058f8c0da3b3a6d0fe3640ad62b129996060441000201a90101aa01010708867a0100000000000c043d0200000f02060025183502000042020000340200002b020000690200002f02000028060001020304052930a680010000000000e8800100000000002b810100000000006c81010000000000ae81010000000000f0810100000000003404014100023304060000003502e8803602900138043ec6dc003904060000003a04060000003b04000000003c04000000003d0201004201054d02e8ff4e04b8fdffff0d01642401a326061eeffe99bfff210100
BLE_HOST_RECEIPT type=0x20 src=0x9699122bd60a64e3 session=823218741 seq=1
BLE_CHUNK len=244 hex=4757012801010000202401009e228c8758f8c0da3b3a6d0f666677778888999900000000ee0068f30b082dab38516a30c2c10a0858f8c0da3b3a6d0f161058f8c0da3b3a6d0fe3640ad62b129996060442000201a90101aa01010708a4d30100000000000c04c00100000f0206002518d2010000c5010000bd010000c4010000b4010000b101000028060001020304052930a1d9010000000000e4d901000000000025da01000000000067da010000000000aada010000000000ecda0100000000003404014200023304060000003502e880360290013804469bdc003904060000003a04060000003b04000000003c0400000000
BLE_CHUNK len=34 hex=3d0201004201054d02cb004e04bc1400000d01642401a526060025006cd5ff210100
BLE_PACKET type=0x20 src=0x0f6d3a3bdac0f858 dst=0x9999888877776666 session=2274108062 seq=1 payload=0b082dab38516a30c2c10a0858f8c0da3b3a6d0f161058f8c0da3b3a6d0fe3640ad62b129996060442000201a90101aa01010708a4d30100000000000c04c00100000f0206002518d2010000c5010000bd010000c4010000b4010000b101000028060001020304052930a1d9010000000000e4d901000000000025da01000000000067da010000000000aada010000000000ecda0100000000003404014200023304060000003502e880360290013804469bdc003904060000003a04060000003b04000000003c04000000003d0201004201054d02cb004e04bc1400000d01642401a526060025006cd5ff210100
BLE_HOST_RECEIPT type=0x20 src=0x0f6d3a3bdac0f858 session=2274108062 seq=1
BLE_CHUNK len=244 hex=4757012801010000202401009e228c87e3640ad62b129996666677778888999900000000ee00d8c10b082dab38516a30c2c10a08e3640ad62b129996161058f8c0da3b3a6d0fe3640ad62b129996060442000201a90101aa010107089f920100000000000c04470200000f0206002518340200005202000030020000490200003e0200006e02000028060001020304052930bd98010000000000ff9801000000000042990100000000008399010000000000c599010000000000079a0100000000003404014200023304060000003502e8803602900138044ed4f5003904060000003a04060000003b04000000003c0400000000
BLE_CHUNK len=34 hex=3d0201004201054d02e6ff4e04c2fdffff0d01642401a32606e0e7001ca4ff210100
BLE_PACKET type=0x20 src=0x9699122bd60a64e3 dst=0x9999888877776666 session=2274108062 seq=1 payload=0b082dab38516a30c2c10a08e3640ad62b129996161058f8c0da3b3a6d0fe3640ad62b129996060442000201a90101aa010107089f920100000000000c04470200000f0206002518340200005202000030020000490200003e0200006e02000028060001020304052930bd98010000000000ff9801000000000042990100000000008399010000000000c599010000000000079a0100000000003404014200023304060000003502e8803602900138044ed4f5003904060000003a04060000003b04000000003c04000000003d0201004201054d02e6ff4e04c2fdffff0d01642401a32606e0e7001ca4ff210100
BLE_HOST_RECEIPT type=0x20 src=0x9699122bd60a64e3 session=2274108062 seq=1
BLE_CHUNK len=244 hex=475701280101000020240100b3e65f3958f8c0da3b3a6d0f666677778888999901000000ee00384f0b082dab38516a30c2c10a0858f8c0da3b3a6d0f161058f8c0da3b3a6d0fe3640ad62b129996060443000201a90101aa01010708a9eb0100000000000c04b50100000f02060025189c010000cb01000098010000c1010000b8010000c601000028060001020304052930abf1010000000000edf10100000000002ff201000000000071f2010000000000b3f2010000000000f6f20100000000003404014300023304060000003502e88036029001380446fff5003904060000003a04060000003b04000000003c0400000000
BLE_CHUNK len=34 hex=3d0201004201054d02c9004e04821400000d01642401a52606430a001fdcff210100
BLE_PACKET type=0x20 src=0x0f6d3a3bdac0f858 dst=0x9999888877776666 session=962586291 seq=1 payload=0b082dab38516a30c2c10a0858f8c0da3b3a6d0f161058f8c0da3b3a6d0fe3640ad62b129996060443000201a90101aa01010708a9eb0100000000000c04b50100000f02060025189c010000cb01000098010000c1010000b8010000c601000028060001020304052930abf1010000000000edf10100000000002ff201000000000071f2010000000000b3f2010000000000f6f20100000000003404014300023304060000003502e88036029001380446fff5003904060000003a04060000003b04000000003c04000000003d0201004201054d02c9004e04821400000d01642401a52606430a001fdcff210100
BLE_HOST_RECEIPT type=0x20 src=0x0f6d3a3bdac0f858 session=962586291 seq=1
BLE_CHUNK len=244 hex=475701280101000020240100b3e65f39e3640ad62b129996666677778888999900000000ee0006a20b082dab38516a30c2c10a08e3640ad62b129996161058f8c0da3b3a6d0fe3640ad62b129996060443000201a90101aa01010708a5aa0100000000000c04540200000f0206002518760200002f0200005002000059020000620200004902000028060001020304052930c8b001000000000009b10100000000004cb10100000000008eb1010000000000cfb101000000000011b20100000000003404014300023304060000003502e88036029001380486050f013904060000003a04060000003b04000000003c0400000000
BLE_CHUNK len=34 hex=3d0201004201054d02e6ff4e0471fdffff0d01642401a326064c2200b09c00210100
BLE_PACKET type=0x20 src=0x9699122bd60a64e3 dst=0x9999888877776666 session=962586291 seq=1 payload=0b082dab38516a30c2c10a08e3640ad62b129996161058f8c0da3b3a6d0fe3640ad62b129996060443000201a90101aa01010708a5aa0100000000000c04540200000f0206002518760200002f0200005002000059020000620200004902000028060001020304052930c8b001000000000009b10100000000004cb10100000000008eb1010000000000cfb101000000000011b20100000000003404014300023304060000003502e88036029001380486050f013904060000003a04060000003b04000000003c04000000003d0201004201054d02e6ff4e0471fdffff0d01642401a326064c2200b09c00210100
BLE_HOST_RECEIPT type=0x20 src=0x9699122bd60a64e3 session=962586291 seq=1
BLE_CHUNK len=244 hex=475701280101000020240100648aeebf58f8c0da3b3a6d0f666677778888999900000000ee007ec50b082dab38516a30c2c10a0858f8c0da3b3a6d0f161058f8c0da3b3a6d0fe3640ad62b129996060444000201a90101aa01010708c5030200000000000c04c40100000f0206002518d2010000ca010000b7010000c8010000c3010000bc01000028060001020304052930c409020000000000060a020000000000480a0200000000008b0a020000000000cc0a0200000000000e0b0200000000003404014400023304060000003502e88036029001380466340f013904060000003a04060000003b04000000003c0400000000
BLE_CHUNK len=34 hex=3d0201004201054d02cb004e04731400000d01642401a52606720f005dc0ff210100
BLE_PACKET type=0x20 src=0x0f6d3a3bdac0f858 dst=0x9999888877776666 session=3220081252 seq=1 payload=0b082dab38516a30c2c10a0858f8c0da3b3a6d0f161058f8c0da3b3a6d0fe3640ad62b129996060444000201a90101aa01010708c5030200000000000c04c40100000f0206002518d2010000ca010000b7010000c8010000c3010000bc01000028060001020304052930c409020000000000060a020000000000480a0200000000008b0a020000000000cc0a0200000000000e0b0200000000003404014400023304060000003502e88036029001380466340f013904060000003a04060000003b04000000003c04000000003d0201004201054d02cb004e04731400000d01642401a52606720f005dc0ff210100
BLE_HOST_RECEIPT type=0x20 src=0x0f6d3a3bdac0f858 session=3220081252 seq=1
BLE_CHUNK len=244 hex=475701280101000020240100648aeebfe3640ad62b129996666677778888999900000000ee00a5710b082dab38516a30c2c10a08e3640ad62b129996161058f8c0da3b3a6d0fe3640ad62b129996060444000201a90101aa01010708c1c20100000000000c04320200000f020600251830020000300200003b02000030020000310200003102000028060001020304052930e1c801000000000022c901000000000064c9010000000000a7c9010000000000e9c90100000000002aca0100000000003404014400023304060000003502e8803602900138041c3328013904060000003a04060000003b04000000003c0400000000
BLE_CHUNK len=34 hex=3d0201004201054d02e8ff4e0476fdffff0d01642401a32606dc61ff1bbdff210100
BLE_PACKET type=0x20 src=0x9699122bd60a64e3 dst=0x9999888877776666 session=3220081252 seq=1 payload=0b082dab38516a30c2c10a08e3640ad62b129996161058f8c0da3b3a6d0fe3640ad62b129996060444000201a90101aa01010708c1c20100000000000c04320200000f020600251830020000300200003b02000030020000310200003102000028060001020304052930e1c801000000000022c901000000000064c9010000000000a7c9010000000000e9c90100000000002aca0100000000003404014400023304060000003502e8803602900138041c3328013904060000003a04060000003b04000000003c04000000003d0201004201054d02e8ff4e0476fdffff0d01642401a32606dc61ff1bbdff210100
BLE_HOST_RECEIPT type=0x20 src=0x9699122bd60a64e3 session=3220081252 seq=1
BLE_CHUNK len=244 hex=475701280101000020240100794ec27158f8c0da3b3a6d0f666677778888999900000000ee00b1f10b082dab38516a30c2c10a0858f8c0da3b3a6d0f161058f8c0da3b3a6d0fe3640ad62b129996060445000201a90101aa01010708f21b0200000000000c04bf0100000f0206002518c5010000b7010000bf010000c4010000c4010000b401000028060001020304052930ee2102000000000031220200000000007222020000000000b422020000000000f62202000000000039230200000000003404014500023304060000003502e880360290013804969028013904060000003a04060000003b04000000003c0400000000
BLE_CHUNK len=34 hex=3d0201004201054d02ca004e046c1400000d01642401a5260613c6fff1f0ff210100
BLE_PACKET type=0x20 src=0x0f6d3a3bdac0f858 dst=0x9999888877776666 session=1908559481 seq=1 payload=0b082dab38516a30c2c10a0858f8c0da3b3a6d0f161058f8c0da3b3a6d0fe3640ad62b129996060445000201a90101aa01010708f21b0200000000000c04bf0100000f0206002518c5010000b7010000bf010000c4010000c4010000b401000028060001020304052930ee2102000000000031220200000000007222020000000000b422020000000000f62202000000000039230200000000003404014500023304060000003502e880360290013804969028013904060000003a04060000003b04000000003c04000000003d0201004201054d02ca004e046c1400000d01642401a5260613c6fff1f0ff210100
BLE_HOST_RECEIPT type=0x20 src=0x0f6d3a3bdac0f858 session=1908559481 seq=1
BLE_CHUNK len=244 hex=475701280101000020240100794ec271e3640ad62b129996666677778888999901000000ee009ed70b082dab38516a30c2c10a08e3640ad62b129996161058f8c0da3b3a6d0fe3640ad62b129996060445000201a90101aa01010708edda0100000000000c04400200000f02060025183f020000400200004a0200001b0200005902000044020000280600010203040529300ae10100000000004ce10100000000008fe1010000000000d1e101000000000013e201000000000054e20100000000003404014500023304060000003502e880360290013804c66f41013904060000003a04060000003b04000000003c0400000000
BLE_CHUNK len=34 hex=3d0201004201054d02e8ff4e0458fdffff0d01642401a52606c7f5ffa0b4ff210100
BLE_PACKET type=0x20 src=0x9699122bd60a64e3 dst=0x9999888877776666 session=1908559481 seq=1 payload=0b082dab38516a30c2c10a08e3640ad62b129996161058f8c0da3b3a6d0fe3640ad62b129996060445000201a90101aa01010708edda0100000000000c04400200000f02060025183f020000400200004a0200001b0200005902000044020000280600010203040529300ae10100000000004ce10100000000008fe1010000000000d1e101000000000013e201000000000054e20100000000003404014500023304060000003502e880360290013804c66f41013904060000003a04060000003b04000000003c04000000003d0201004201054d02e8ff4e0458fdffff0d01642401a52606c7f5ffa0b4ff210100
BLE_HOST_RECEIPT type=0x20 src=0x9699122bd60a64e3 session=1908559481 seq=1
BLE_CHUNK len=244 hex=475701280101000020240100e21e3dc8e3640ad62b129996666677778888999900000000ee00a6530b082dab38516a30c2c10a08e3640ad62b129996161058f8c0da3b3a6d0fe3640ad62b129996060446000201a90101aa01010708f3f20100000000000c044b0200000f0206002518470200006c02000032020000750200003c0200002a0200002806000102030405293011f901000000000053f901000000000096f9010000000000d8f901000000000019fa0100000000005cfa0100000000003404014600023304060000003502e880360290013804760a5b013904060000003a04060000003b04000000003c0400000000
BLE_CHUNK len=34 hex=3d0201004201054d02e8ff4e048dfdffff0d01642401a326064123001ba7ff210100
BLE_PACKET type=0x20 src=0x9699122bd60a64e3 dst=0x9999888877776666 session=3359448802 seq=1 payload=0b082dab38516a30c2c10a08e3640ad62b129996161058f8c0da3b3a6d0fe3640ad62b129996060446000201a90101aa01010708f3f20100000000000c044b0200000f0206002518470200006c02000032020000750200003c0200002a0200002806000102030405293011f901000000000053f901000000000096f9010000000000d8f901000000000019fa0100000000005cfa0100000000003404014600023304060000003502e880360290013804760a5b013904060000003a04060000003b04000000003c04000000003d0201004201054d02e8ff4e048dfdffff0d01642401a326064123001ba7ff210100
BLE_HOST_RECEIPT type=0x20 src=0x9699122bd60a64e3 session=3359448802 seq=1
BLE_CHUNK len=244 hex=475701280101000020240100e21e3dc858f8c0da3b3a6d0f666677778888999900000000ee009bb00b082dab38516a30c2c10a0858f8c0da3b3a6d0f161058f8c0da3b3a6d0fe3640ad62b129996060446000201a90101aa01010708f7330200000000000c04c80100000f0206002518d2010000cf010000c4010000c6010000c4010000c301000028060001020304052930f539020000000000383a020000000000793a020000000000bb3a020000000000fe3a020000000000403b0200000000003404014600023304060000003502e880360290013804a61b42013904060000003a04060000003b04000000003c0400000000
BLE_CHUNK len=34 hex=3d0201004201054d02cb004e04a51400000d01642401a52606d213ff22daff210100
BLE_PACKET type=0x20 src=0x0f6d3a3bdac0f858 dst=0x9999888877776666 session=3359448802 seq=1 payload=0b082dab38516a30c2c10a0858f8c0da3b3a6d0f161058f8c0da3b3a6d0fe3640ad62b129996060446000201a90101aa01010708f7330200000000000c04c80100000f0206002518d2010000cf010000c4010000c6010000c4010000c301000028060001020304052930f539020000000000383a020000000000793a020000000000bb3a020000000000fe3a020000000000403b0200000000003404014600023304060000003502e880360290013804a61b42013904060000003a04060000003b04000000003c04000000003d0201004201054d02cb004e04a51400000d01642401a52606d213ff22daff210100
BLE_HOST_RECEIPT type=0x20 src=0x0f6d3a3bdac0f858 session=3359448802 seq=1
BLE_CHUNK len=244 hex=475701280101000020240100f7e2107a58f8c0da3b3a6d0f666677778888999900000000ee00b0bd0b082dab38516a30c2c10a0858f8c0da3b3a6d0f161058f8c0da3b3a6d0fe3640ad62b129996060447000201a90101aa01010708fd4b0200000000000c04c70100000f0206002518ca010000d1010000bf010000c1010000bf010000d001000028060001020304052930fc510200000000003e520200000000007f52020000000000c252020000000000045302000000000045530200000000003404014700023304060000003502e8803602900138045e0e5b013904060000003a04060000003b04000000003c0400000000
BLE_CHUNK len=34 hex=3d0201004201054d02ca004e04ba1400000d01642401a52606237a003ae9fe210100
BLE_PACKET type=0x20 src=0x0f6d3a3bdac0f858 dst=0x9999888877776666 session=2047927031 seq=1 payload=0b082dab38516a30c2c10a0858f8c0da3b3a6d0f161058f8c0da3b3a6d0fe3640ad62b129996060447000201a90101aa01010708fd4b0200000000000c04c70100000f0206002518ca010000d1010000bf010000c1010000bf010000d001000028060001020304052930fc510200000000003e520200000000007f52020000000000c252020000000000045302000000000045530200000000003404014700023304060000003502e8803602900138045e0e5b013904060000003a04060000003b04000000003c04000000003d0201004201054d02ca004e04ba1400000d01642401a52606237a003ae9fe210100
BLE_HOST_RECEIPT type=0x20 src=0x0f6d3a3bdac0f858 session=2047927031 seq=1
BLE_CHUNK len=244 hex=475701280101000020240100f7e2107ae3640ad62b129996666677778888999900000000ee0063fe0b082dab38516a30c2c10a08e3640ad62b129996161058f8c0da3b3a6d0fe3640ad62b129996060447000201a90101aa01010708f70a0200000000000c045c0200000f02060025184b02000078020000640200006c020000560200003e0200002806000102030405293017110200000000005a110200000000009c11020000000000dd11020000000000201202000000000062120200000000003404014700023304060000003502e880360290013804664774013904060000003a04060000003b04000000003c0400000000
BLE_CHUNK len=34 hex=3d0201004201054d02e8ff4e04a1fdffff0d01642401a32606106700bc2000210100
BLE_PACKET type=0x20 src=0x9699122bd60a64e3 dst=0x9999888877776666 session=2047927031 seq=1 payload=0b082dab38516a30c2c10a08e3640ad62b129996161058f8c0da3b3a6d0fe3640ad62b129996060447000201a90101aa01010708f70a0200000000000c045c0200000f02060025184b02000078020000640200006c020000560200003e0200002806000102030405293017110200000000005a110200000000009c11020000000000dd11020000000000201202000000000062120200000000003404014700023304060000003502e880360290013804664774013904060000003a04060000003b04000000003c04000000003d0201004201054d02e8ff4e04a1fdffff0d01642401a32606106700bc2000210100
BLE_HOST_RECEIPT type=0x20 src=0x9699122bd60a64e3 session=2047927031 seq=1
BLE_MONITOR_STOPPED
