[34m0000549[0m [36mI[0m Target type is nrf52833 [2m[board][0m
[34m0000570[0m [36mI[0m Performing connect pre-reset [2m[coresight_target][0m
[34m0000822[0m [36mI[0m DAP is not accessible after reset; attempting reconnect [2m[dap][0m
[34m0000928[0m [36mI[0m DP IDR = 0x2ba01477 (v1 rev2) [2m[dap][0m
[34m0000934[0m [36mI[0m AHB-AP#0 IDR = 0x24770011 (AHB-AP var1 rev2) [2m[discovery][0m
[34m0000935[0m [36mI[0m AP#1 IDR = 0x02880000 (AP var0 rev0) [2m[discovery][0m
[34m0000936[0m [36mI[0m NRF52833 not in secure state [2m[target_nRF52][0m
[34m0000939[0m [36mI[0m AHB-AP#0 Class 0x1 ROM table #0 @ 0xe00ff000 (designer=244 part=00d) [2m[rom_table][0m
[34m0000942[0m [36mI[0m [0]<e000e000:SCS v7-M class=14 designer=43b:Arm part=00c> [2m[rom_table][0m
[34m0000943[0m [36mI[0m [1]<e0001000:DWT v7-M class=14 designer=43b:Arm part=002> [2m[rom_table][0m
[34m0000945[0m [36mI[0m [2]<e0002000:FPB v7-M class=14 designer=43b:Arm part=003> [2m[rom_table][0m
[34m0000946[0m [36mI[0m [3]<e0000000:ITM v7-M class=14 designer=43b:Arm part=001> [2m[rom_table][0m
[34m0000949[0m [36mI[0m [4]<e0040000:TPIU M4 class=9 designer=43b:Arm part=9a1 devtype=11 archid=0000 devid=ca1:0:0> [2m[rom_table][0m
[34m0000951[0m [36mI[0m [5]<e0041000:ETM M4 class=9 designer=43b:Arm part=925 devtype=13 archid=0000 devid=0:0:0> [2m[rom_table][0m
[34m0000955[0m [36mI[0m CPU core #0: Cortex-M4 r0p1, v7.0-M architecture [2m[cortex_m][0m
[34m0000955[0m [36mI[0m   Extensions: [DSP, FPU, FPU_V4, MPU] [2m[cortex_m][0m
[34m0000955[0m [36mI[0m   FPU present: FPv4-SP-D16-M [2m[cortex_m][0m
[34m0000957[0m [36mI[0m This appears to be an nRF52833 AA B0 [2m[target_nRF52][0m
[34m0000962[0m [36mI[0m 4 hardware watchpoints [2m[dwt][0m
[34m0000963[0m [36mI[0m 6 hardware breakpoints, 4 literal comparators [2m[fpb][0m
[34m0000987[0m [36mI[0m 3 up channels and 3 down channels found [2m[rtt_cmd][0m
[34m0000987[0m [36mI[0m Reading from up channel 0 ("Terminal") [2m[rtt_cmd][0m
[34m0000989[0m [36mI[0m Writing to down channel 0 ("Terminal") [2m[rtt_cmd][0m
DBG_STACK_BOOT preset=mesh_gateway build=imec-stack-v1:mesh_gateway:ef598760ad091ed9f2e45293a9190a0b9065f1b7e09bf81faefd77bbb228b932 epoch=4890114482714395483 uptime=2
mesh node identity: ficr=0xeefc9670907f2ef7 node=0x9999888877776666 preset=mesh_gateway
DBG_LED_SELFTEST_CH5_RX
DBG_DIRECT_GW_PROBE_BOOT resetreas=0x00000000 phase=none
DBG_NODE_COMM_BOOT stage=init ret=0 running=1 uptime=1011
DBG_GATEWAY_BOOT stage=ble_begin uptime=1021
DBG_GATEWAY_BLE stage=entry enabled=1 uptime=1021
DBG_GATEWAY_BLE stage=bt_enable ret=0 uptime=1027
DBG_GATEWAY_BLE stage=adv_start ret=0 active=1 quiet=0 uptime=1028
DBG_GATEWAY_BOOT stage=ble_done ret=0 uptime=1028
DBG_GATEWAY_BOOT stage=ch9_begin uptime=1028
DBG_GATEWAY_RX_START reason=gateway startup active=1 qrx=0 qtx=0 adv_due=0
DBG_GATEWAY_BOOT stage=ch9_done ret=0 uptime=1028
DBG_COORD state=gateway-rx owner=uwb-rx reason=gateway-rx rx=0 tx=0 relay=0 route=0 ack=0 qack=0
DBG_DWM_INVALIDATE tag=configure_radio_from_reset active_phy=0 configured=0 awake=0
DBG_GATEWAY_CH9_RX_CONT_RESULT start=8093 end=8594 ret=-116 fail=0 status=0x00000000 len=0 frames=0
DBG_GATEWAY_CH9_RX_CONT_ARM now=8596 rem=500 frames=0 errors=0
DBG_GATEWAY_CH9_RX_CONT_RESULT start=8596 end=9097 ret=-116 fail=0 status=0x00000000 len=0 frames=0
DBG_GATEWAY_CH9_RX_CONT_ARM now=9099 rem=500 frames=0 errors=0
DBG_GATEWAY_CH9_RX_CONT_RESULT start=9099 end=9600 ret=-116 fail=0 status=0x00000000 len=0 frames=0
DBG_GATEWAY_CH9_RX_CONT_ARM now=9602 rem=500 frames=0 errors=0
DBG_GATEWAY_CH9_RX_CONT_RESULT start=9602 end=10103 ret=-116 fail=0 status=0x00000000 len=0 frames=0
DBG_GATEWAY_CH9_RX_CONT_ARM now=10105 rem=500 frames=0 errors=0
DBG_GATEWAY_CH9_RX_CONT_RESULT start=10105 end=10606 ret=-116 fail=0 status=0x00000000 len=0 frames=0
DBG_GATEWAY_CH9_RX_CONT_ARM now=10608 rem=500 frames=0 errors=0
DBG_GATEWAY_CH9_RX_CONT_RESULT start=10608 end=11109 ret=-116 fail=0 status=0x00000000 len=0 frames=0
DBG_GATEWAY_CH9_RX_CONT_ARM now=11111 rem=500 frames=0 errors=0
DBG_GATEWAY_CH9_RX_CONT_RESULT start=11111 end=11612 ret=-116 fail=0 status=0x00000000 len=0 frames=0
DBG_GATEWAY_CH9_RX_CONT_ARM now=11614 rem=500 frames=0 errors=0
DBG_GATEWAY_CH9_RX_CONT_RESULT start=11614 end=12115 ret=-116 fail=0 status=0x00000000 len=0 frames=0
DBG_GATEWAY_CH9_RX_CONT_ARM now=12117 rem=500 frames=0 errors=0
DBG_GATEWAY_CH9_RX_CONT_RESULT start=12117 end=12618 ret=-116 fail=0 status=0x00000000 len=0 frames=0
DBG_GATEWAY_CH9_RX_CONT_ARM now=12620 rem=500 frames=0 errors=0
DBG_GATEWAY_CH9_RX_CONT_RESULT start=12620 end=13121 ret=-116 fail=0 status=0x00000000 len=0 frames=0
DBG_GATEWAY_CH9_RX_CONT_ARM now=13123 rem=500 frames=0 errors=0
DBG_GATEWAY_CH9_RX_CONT_RESULT start=13123 end=13624 ret=-116 fail=0 status=0x00000000 len=0 frames=0
DBG_GATEWAY_CH9_RX_CONT_ARM now=13626 rem=500 frames=0 errors=0
DBG_GATEWAY_CH9_RX_CONT_RESULT start=13626 end=14127 ret=-116 fail=0 status=0x00000000 len=0 frames=0
DBG_GATEWAY_CH9_RX_CONT_ARM now=14129 rem=500 frames=0 errors=0
DBG_GATEWAY_CH9_RX_CONT_RESULT start=14129 end=14630 ret=-116 fail=0 status=0x00000000 len=0 frames=0
DBG_GATEWAY_CH9_RX_CONT_ARM now=14632 rem=500 frames=0 errors=0
DBG_GATEWAY_CH9_RX_CONT_RESULT start=14632 end=15133 ret=-116 fail=0 status=0x00000000 len=0 frames=0
DBG_GATEWAY_CH9_RX_CONT_ARM now=15135 rem=500 frames=0 errors=0
DBG_GATEWAY_CH9_RX_CONT_RESULT start=15135 end=15636 ret=-116 fail=0 status=0x00000000 len=0 frames=0
DBG_GATEWAY_CH9_RX_CONT_ARM now=15638 rem=500 frames=0 errors=0
DBG_GATEWAY_CH9_RX_CONT_RESULT start=15638 end=16139 ret=-116 fail=0 status=0x00000000 len=0 frames=0
DBG_GATEWAY_CH9_RX_CONT_ARM now=16141 rem=500 frames=0 errors=0
DBG_GATEWAY_CH9_RX_CONT_RESULT start=16141 end=16642 ret=-116 fail=0 status=0x00000000 len=0 frames=0
DBG_GATEWAY_CH9_RX_CONT_ARM now=16644 rem=500 frames=0 errors=0
DBG_GATEWAY_CH9_RX_CONT_RESULT start=16644 end=17145 ret=-116 fail=0 status=0x00000000 len=0 frames=0
DBG_GATEWAY_CH9_RX_CONT_ARM now=17147 rem=500 frames=0 errors=0
DBG_GATEWAY_CH9_RX_CONT_RESULT start=17147 end=17648 ret=-116 fail=0 status=0x00000000 len=0 frames=0
DBG_GATEWAY_CH9_RX_CONT_ARM now=17650 rem=500 frames=0 errors=0
DBG_GATEWAY_CH9_RX_CONT_RESULT start=17650 end=18151 ret=-116 fail=0 status=0x00000000 len=0 frames=0
DBG_GATEWAY_CH9_RX_CONT_ARM now=18153 rem=500 frames=0 errors=0
DBG_GATEWAY_CH9_RX_CONT_RESULT start=18153 end=18654 ret=-116 fail=0 status=0x00000000 len=0 frames=0
DBG_GATEWAY_CH9_RX_CONT_ARM now=18656 rem=500 frames=0 errors=0
DBG_GATEWAY_CH9_RX_CONT_RESULT start=18656 end=19157 ret=-116 fail=0 status=0x00000000 len=0 frames=0
DBG_GATEWAY_CH9_RX_CONT_ARM now=19159 rem=500 frames=0 errors=0
DBG_GATEWAY_CH9_RX_CONT_RESULT start=19159 end=19660 ret=-116 fail=0 status=0x00000000 len=0 frames=0
DBG_GATEWAY_CH9_RX_CONT_ARM now=19662 rem=500 frames=0 errors=0
DBG_GATEWAY_CH9_RX_CONT_RESULT start=19662 end=20163 ret=-116 fail=0 status=0x00000000 len=0 frames=0
DBG_GATEWAY_CH9_RX_CONT_ARM now=20165 rem=500 frames=0 errors=0
DBG_GATEWAY_CH9_RX_CONT_RESULT start=20165 end=20666 ret=-116 fail=0 status=0x00000000 len=0 frames=0
DBG_GATEWAY_CH9_RX_CONT_ARM now=20668 rem=500 frames=0 errors=0
DBG_GATEWAY_CH9_RX_CONT_RESULT start=20668 end=21169 ret=-116 fail=0 status=0x00000000 len=0 frames=0
DBG_GATEWAY_CH9_RX_CONT_ARM now=21171 rem=500 frames=0 errors=0
DBG_GATEWAY_CH9_RX_CONT_RESULT start=21171 end=21672 ret=-116 fail=0 status=0x00000000 len=0 frames=0
DBG_GATEWAY_CH9_RX_CONT_ARM now=21674 rem=500 frames=0 errors=0
DBG_GATEWAY_CH9_RX_CONT_RESULT start=21674 end=22175 ret=-116 fail=0 status=0x00000000 len=0 frames=0
DBG_GATEWAY_CH9_RX_CONT_ARM now=22177 rem=500 frames=0 errors=0
DBG_GATEWAY_CH9_RX_CONT_RESULT start=22177 end=22678 ret=-116 fail=0 status=0x00000000 len=0 frames=0
DBG_GATEWAY_CH9_RX_CONT_ARM now=22680 rem=500 frames=0 errors=0
DBG_GATEWAY_CH9_RX_CONT_RESULT start=22680 end=23181 ret=-116 fail=0 status=0x00000000 len=0 frames=0
DBG_GATEWAY_CH9_RX_CONT_ARM now=23183 rem=500 frames=0 errors=0
DBG_GATEWAY_CH9_RX_CONT_RESULT start=23183 end=23684 ret=-116 fail=0 status=0x00000000 len=0 frames=0
DBG_GATEWAY_CH9_RX_CONT_ARM now=23686 rem=500 frames=0 errors=0
DBG_GATEWAY_CH9_RX_CONT_RESULT start=23686 end=24187 ret=-116 fail=0 status=0x00000000 len=0 frames=0
DBG_GATEWAY_CH9_RX_CONT_ARM now=24189 rem=500 frames=0 errors=0
DBG_GATEWAY_CH9_RX_CONT_RESULT start=24189 end=24690 ret=-116 fail=0 status=0x00000000 len=0 frames=0
DBG_GATEWAY_CH9_RX_CONT_ARM now=24692 rem=500 frames=0 errors=0
DBG_GATEWAY_CH9_RX_CONT_RESULT start=24692 end=25193 ret=-116 fail=0 status=0x00000000 len=0 frames=0
DBG_GATEWAY_CH9_RX_CONT_ARM now=25195 rem=500 frames=0 errors=0
DBG_GATEWAY_CH9_RX_CONT_RESULT start=25195 end=25696 ret=-116 fail=0 status=0x00000000 len=0 frames=0
DBG_GATEWAY_CH9_RX_CONT_ARM now=25698 rem=500 frames=0 errors=0
DBG_GATEWAY_CH9_RX_CONT_RESULT start=25698 end=26199 ret=-116 fail=0 status=0x00000000 len=0 frames=0
DBG_GATEWAY_CH9_RX_CONT_ARM now=26201 rem=500 frames=0 errors=0
DBG_GATEWAY_CH9_RX_CONT_RESULT start=26201 end=26702 ret=-116 fail=0 status=0x00000000 len=0 frames=0
DBG_GATEWAY_CH9_RX_CONT_ARM now=26704 rem=500 frames=0 errors=0
DBG_GATEWAY_CH9_RX_CONT_RESULT start=26704 end=27205 ret=-116 fail=0 status=0x00000000 len=0 frames=0
DBG_GATEWAY_CH9_RX_CONT_ARM now=27207 rem=500 frames=0 errors=0
DBG_GATEWAY_CH9_RX_CONT_RESULT start=27207 end=27708 ret=-116 fail=0 status=0x00000000 len=0 frames=0
DBG_GATEWAY_CH9_RX_CONT_ARM now=27710 rem=500 frames=0 errors=0
DBG_GATEWAY_CH9_RX_CONT_RESULT start=27710 end=28211 ret=-116 fail=0 status=0x00000000 len=0 frames=0
DBG_GATEWAY_CH9_RX_CONT_ARM now=28213 rem=500 frames=0 errors=0
DBG_GATEWAY_CH9_RX_CONT_RESULT start=28213 end=28714 ret=-116 fail=0 status=0x00000000 len=0 frames=0
DBG_GATEWAY_CH9_RX_CONT_ARM now=28716 rem=500 frames=0 errors=0
DBG_GATEWAY_CH9_RX_CONT_RESULT start=28716 end=29217 ret=-116 fail=0 status=0x00000000 len=0 frames=0
DBG_GATEWAY_CH9_RX_CONT_ARM now=29219 rem=500 frames=0 errors=0
DBG_GATEWAY_CH9_RX_CONT_RESULT start=29219 end=29720 ret=-116 fail=0 status=0x00000000 len=0 frames=0
DBG_GATEWAY_CH9_RX_CONT_ARM now=29722 rem=500 frames=0 errors=0
DBG_GATEWAY_CH9_RX_CONT_RESULT start=29722 end=30223 ret=-116 fail=0 status=0x00000000 len=0 frames=0
DBG_GATEWAY_CH9_RX_CONT_ARM now=30225 rem=500 frames=0 errors=0
DBG_GATEWAY_CH9_RX_CONT_RESULT start=30225 end=30726 ret=-116 fail=0 status=0x00000000 len=0 frames=0
DBG_GATEWAY_CH9_RX_CONT_ARM now=30728 rem=500 frames=0 errors=0
DBG_GATEWAY_CH9_RX_CONT_RESULT start=30728 end=31229 ret=-116 fail=0 status=0x00000000 len=0 frames=0
DBG_GATEWAY_CH9_RX_CONT_ARM now=31231 rem=500 frames=0 errors=0
DBG_GATEWAY_CH9_RX_CONT_RESULT start=31231 end=31732 ret=-116 fail=0 status=0x00000000 len=0 frames=0
DBG_GATEWAY_CH9_RX_CONT_ARM now=31734 rem=500 frames=0 errors=0
DBG_GATEWAY_CH9_RX_CONT_RESULT start=31734 end=32235 ret=-116 fail=0 status=0x00000000 len=0 frames=0
DBG_GATEWAY_CH9_RX_CONT_ARM now=32237 rem=500 frames=0 errors=0
DBG_GATEWAY_CH9_RX_CONT_RESULT start=32237 end=32738 ret=-116 fail=0 status=0x00000000 len=0 frames=0
DBG_GATEWAY_CH9_RX_CONT_ARM now=32740 rem=500 frames=0 errors=0
DBG_GATEWAY_CH9_RX_CONT_RESULT start=32740 end=33241 ret=-116 fail=0 status=0x00000000 len=0 frames=0
DBG_GATEWAY_CH9_RX_CONT_ARM now=33243 rem=500 frames=0 errors=0
DBG_GATEWAY_CH9_RX_CONT_RESULT start=33243 end=33744 ret=-116 fail=0 status=0x00000000 len=0 frames=0
DBG_GATEWAY_CH9_RX_CONT_ARM now=33746 rem=500 frames=0 errors=0
DBG_GATEWAY_CH9_RX_CONT_RESULT start=33746 end=34247 ret=-116 fail=0 status=0x00000000 len=0 frames=0
DBG_GATEWAY_CH9_RX_CONT_ARM now=34249 rem=500 frames=0 errors=0
DBG_GATEWAY_CH9_RX_CONT_RESULT start=34249 end=34750 ret=-116 fail=0 status=0x00000000 len=0 frames=0
DBG_GATEWAY_CH9_RX_CONT_ARM now=34752 rem=500 frames=0 errors=0
DBG_GATEWAY_CH9_RX_CONT_RESULT start=34752 end=35253 ret=-116 fail=0 status=0x00000000 len=0 frames=0
DBG_GATEWAY_CH9_RX_CONT_ARM now=35255 rem=500 frames=0 errors=0
DBG_GATEWAY_CH9_RX_CONT_RESULT start=35255 end=35756 ret=-116 fail=0 status=0x00000000 len=0 frames=0
DBG_GATEWAY_CH9_RX_CONT_ARM now=35758 rem=500 frames=0 errors=0
DBG_GATEWAY_CH9_RX_CONT_RESULT start=35758 end=36259 ret=-116 fail=0 status=0x00000000 len=0 frames=0
DBG_GATEWAY_CH9_RX_CONT_ARM now=36261 rem=500 frames=0 errors=0
DBG_GATEWAY_CH9_RX_CONT_RESULT start=36261 end=36762 ret=-116 fail=0 status=0x00000000 len=0 frames=0
DBG_GATEWAY_CH9_RX_CONT_ARM now=36764 rem=500 frames=0 errors=0
DBG_GATEWAY_CH9_RX_CONT_RESULT start=36764 end=37265 ret=-116 fail=0 status=0x00000000 len=0 frames=0
DBG_GATEWAY_CH9_RX_CONT_ARM now=37267 rem=500 frames=0 errors=0
DBG_GATEWAY_CH9_RX_CONT_RESULT start=37267 end=37768 ret=-116 fail=0 status=0x00000000 len=0 frames=0
DBG_GATEWAY_CH9_RX_CONT_ARM now=37770 rem=500 frames=0 errors=0
DBG_GATEWAY_CH9_RX_CONT_RESULT start=37770 end=38271 ret=-116 fail=0 status=0x00000000 len=0 frames=0
DBG_GATEWAY_CH9_RX_CONT_ARM now=38273 rem=500 frames=0 errors=0
DBG_GATEWAY_CH9_RX_CONT_RESULT start=38273 end=38774 ret=-116 fail=0 status=0x00000000 len=0 frames=0
DBG_GATEWAY_CH9_RX_CONT_ARM now=38776 rem=500 frames=0 errors=0
DBG_GATEWAY_CH9_RX_CONT_RESULT start=38776 end=39277 ret=-116 fail=0 status=0x00000000 len=0 frames=0
DBG_GATEWAY_CH9_RX_CONT_ARM now=39279 rem=500 frames=0 errors=0
DBG_GATEWAY_CH9_RX_CONT_RESULT start=39279 end=39780 ret=-116 fail=0 status=0x00000000 len=0 frames=0
DBG_GATEWAY_CH9_RX_CONT_ARM now=39782 rem=500 frames=0 errors=0
DBG_GATEWAY_BLE event=connected err=0 uptime=39971
DBG_GATEWAY_BLE event=param-request ret=0 interval=24-40 latency=0 timeout_ms=12000 uptime=39971
DBG_GATEWAY_CH9_RX_CONT_RESULT start=39782 end=40283 ret=-116 fail=0 status=0x00000000 len=0 frames=0
DBG_GATEWAY_CH9_RX_CONT_ARM now=40285 rem=500 frames=0 errors=0
DBG_GATEWAY_CH9_RX_CONT_RESULT start=40285 end=40786 ret=-116 fail=0 status=0x00000000 len=0 frames=0
DBG_GATEWAY_CH9_RX_CONT_ARM now=40788 rem=500 frames=0 errors=0
DBG_GATEWAY_CH9_RX_CONT_RESULT start=40788 end=41289 ret=-116 fail=0 status=0x00000000 len=0 frames=0
DBG_GATEWAY_CH9_RX_CONT_ARM now=41291 rem=500 frames=0 errors=0
DBG_GATEWAY_COMMAND_PRIORITY_SUBMIT ret=0 now=41649
DBG_STACK_RUN_BEGIN epoch=4890114482714395483 run=1 kind=ble_backpressure owner=system_workqueue queue=1 custody=1 credit=0 retry=0 drain=1 src=11068027678940948070 dst=11068027678940948070 session=46661633 seq=1 type=86 sequence=0 previous=0 uptime=41649
DBG_STACK_SAMPLE_BEGIN epoch=4890114482714395483 run=1 sample=1 kind=ble_backpressure owner=system_workqueue queue=1 custody=1 credit=0 retry=0 drain=1 src=11068027678940948070 dst=11068027678940948070 session=46661633 seq=1 type=86 uptime=41650
DBG_STACK_ISR_CONFIG size=8192 run=1 sample=1
DBG_STACK name=BT RX WQ tid=0x2000fe28 used=760 free=776 size=1536 ret=0 run=1 sample=1
DBG_STACK name=mesh_route tid=0x2000d560 used=2248 free=5944 size=8192 ret=0 run=1 sample=1
DBG_STACK name=sysworkq tid=0x20010d80 used=2304 free=2176 size=4480 ret=0 run=1 sample=1
DBG_STACK name=MPSL Work tid=0x20010b38 used=376 free=648 size=1024 ret=0 run=1 sample=1
DBG_STACK name=logging tid=0x2000f930 used=480 free=1568 size=2048 ret=0 run=1 sample=1
DBG_STACK name=idle tid=0x20010c10 used=64 free=256 size=320 ret=0 run=1 sample=1
DBG_STACK_SAMPLE_END run=1 sample=1
DBG_STACK_RUN_END epoch=4890114482714395483 run=1 kind=ble_backpressure owner=system_workqueue outcome=ack queue=2 custody=0 credit=1 retry=0 drain=2 src=11068027678940948070 dst=11068027678940948070 session=46661633 seq=1 type=86 samples=1 sequence=0 previous=0 uptime=41669
DBG_DWM_MARK_UNCONFIGURED tag=initialise_radio prev_phy=0
DBG_GATEWAY_BLE event=param-updated interval=36 latency=0 timeout_ms=420 uptime=41694
DBG_WAKE_TRAIN_CONFIG_BEGIN
DBG_DWM_INVALIDATE tag=configure_radio_from_reset active_phy=2 configured=1 awake=0
DBG_DWM_MARK_UNCONFIGURED tag=initialise_radio prev_phy=0
DBG_WAKE_TRAIN_CONFIG_OK
DBG_WAKE_TRAIN_FIRST_SEND_BEGIN
DBG_WAKE_TRAIN_FIRST_SEND_OK
DBG_UWB_TX_CH5
DBG_TX_WAKE_CLAIM_SENT
DBG_UWB_TX_CH5
DBG_TX_WAKE_CLAIM_SENT
DBG_UWB_TX_CH5
DBG_TX_WAKE_CLAIM_SENT
DBG_UWB_TX_CH5
DBG_TX_WAKE_CLAIM_SENT
DBG_UWB_TX_CH5
DBG_TX_WAKE_CLAIM_SENT
DBG_UWB_TX_CH5
DBG_TX_WAKE_CLAIM_SENT
DBG_UWB_TX_CH5
DBG_TX_WAKE_CLAIM_SENT
DBG_UWB_TX_CH5
DBG_TX_WAKE_CLAIM_SENT
DBG_UWB_TX_CH5
DBG_TX_WAKE_CLAIM_SENT
DBG_UWB_TX_CH5
DBG_TX_WAKE_CLAIM_SENT
DBG_UWB_TX_CH5
DBG_TX_WAKE_CLAIM_SENT
DBG_UWB_TX_CH5
DBG_TX_WAKE_CLAIM_SENT
DBG_UWB_TX_CH5
DBG_TX_WAKE_CLAIM_SENT
DBG_UWB_TX_CH5
DBG_TX_WAKE_CLAIM_SENT
DBG_UWB_TX_CH5
DBG_TX_WAKE_CLAIM_SENT
DBG_UWB_TX_CH5
DBG_TX_WAKE_CLAIM_SENT
DBG_STACK_RUN_BEGIN epoch=4890114482714395483 run=2 kind=ble_backpressure owner=system_workqueue queue=1 custody=1 credit=0 retry=0 drain=1 src=11068027678940948070 dst=11068027678940948070 session=46661634 seq=2 type=86 sequence=0 previous=0 uptime=41829
DBG_STACK_SAMPLE_BEGIN epoch=4890114482714395483 run=2 sample=2 kind=ble_backpressure owner=system_workqueue queue=1 custody=1 credit=0 retry=0 drain=1 src=11068027678940948070 dst=11068027678940948070 session=46661634 seq=2 type=86 uptime=41829
DBG_STACK_ISR_CONFIG size=8192 run=2 sample=2
DBG_STACK name=BT RX WQ tid=0x2000fe28 used=760 free=776 size=1536 ret=0 run=2 sample=2
DBG_STACK name=mesh_route tid=0x2000d560 used=2264 free=5928 size=8192 ret=0 run=2 sample=2
DBG_STACK name=sysworkq tid=0x20010d80 used=2304 free=2176 size=4480 ret=0 run=2 sample=2
DBG_STACK name=MPSL Work tid=0x20010b38 used=376 free=648 size=1024 ret=0 run=2 sample=2
DBG_STACK name=logging tid=0x2000f930 used=480 free=1568 size=2048 ret=0 run=2 sample=2
DBG_STACK name=idle tid=0x20010c10 used=64 free=256 size=320 ret=0 run=2 sample=2
DBG_STACK_SAMPLE_END run=2 sample=2
DBG_STACK_RUN_END epoch=4890114482714395483 run=2 kind=ble_backpressure owner=system_workqueue outcome=ack queue=1 custody=0 credit=1 retry=0 drain=1 src=11068027678940948070 dst=11068027678940948070 session=46661634 seq=2 type=86 samples=1 sequence=0 previous=0 uptime=41853
DBG_UWB_TX_CH5
DBG_TX_WAKE_CLAIM_SENT
DBG_UWB_TX_CH5
DBG_TX_WAKE_CLAIM_SENT
DBG_UWB_TX_CH5
DBG_TX_WAKE_CLAIM_SENT
DBG_UWB_TX_CH5
DBG_TX_WAKE_CLAIM_SENT
DBG_UWB_TX_CH5
DBG_TX_WAKE_CLAIM_SENT
DBG_UWB_TX_CH5
DBG_TX_WAKE_CLAIM_SENT
DBG_UWB_TX_CH5
DBG_TX_WAKE_CLAIM_SENT
DBG_UWB_TX_CH5
DBG_TX_WAKE_CLAIM_SENT
DBG_UWB_TX_CH5
DBG_TX_WAKE_CLAIM_SENT
DBG_UWB_TX_CH5
DBG_TX_WAKE_CLAIM_SENT
DBG_UWB_TX_CH5
DBG_TX_WAKE_CLAIM_SENT
DBG_UWB_TX_CH5
DBG_TX_WAKE_CLAIM_SENT
DBG_UWB_TX_CH5
DBG_TX_WAKE_CLAIM_SENT
DBG_UWB_TX_CH5
DBG_TX_WAKE_CLAIM_SENT
DBG_UWB_TX_CH5
DBG_TX_WAKE_CLAIM_SENT
DBG_UWB_TX_CH5
DBG_TX_WAKE_CLAIM_SENT
DBG_UWB_TX_CH5
DBG_TX_WAKE_CLAIM_SENT
DBG_UWB_TX_CH5
DBG_TX_WAKE_CLAIM_SENT
DBG_UWB_TX_CH5
DBG_TX_WAKE_CLAIM_SENT
DBG_UWB_TX_CH5
DBG_TX_WAKE_CLAIM_SENT
DBG_UWB_TX_CH5
DBG_TX_WAKE_CLAIM_SENT
DBG_UWB_TX_CH5
DBG_TX_WAKE_CLAIM_SENT
DBG_UWB_TX_CH5
DBG_TX_WAKE_CLAIM_SENT
DBG_UWB_TX_CH5
DBG_TX_WAKE_CLAIM_SENT
DBG_UWB_TX_CH5
DBG_TX_WAKE_CLAIM_SENT
DBG_UWB_TX_CH5
DBG_TX_WAKE_CLAIM_SENT
DBG_UWB_TX_CH5
DBG_TX_WAKE_CLAIM_SENT
DBG_UWB_TX_CH5
DBG_TX_WAKE_CLAIM_SENT
DBG_UWB_TX_CH5
DBG_TX_WAKE_CLAIM_SENT
DBG_UWB_TX_CH5
DBG_TX_WAKE_CLAIM_SENT
DBG_UWB_TX_CH5
DBG_TX_WAKE_CLAIM_SENT
DBG_UWB_TX_CH5
DBG_TX_WAKE_CLAIM_SENT
DBG_UWB_TX_CH5
DBG_TX_WAKE_CLAIM_SENT
DBG_UWB_TX_CH5
DBG_TX_WAKE_CLAIM_SENT
DBG_UWB_TX_CH5
DBG_TX_WAKE_CLAIM_SENT
DBG_UWB_TX_CH5
DBG_TX_WAKE_CLAIM_SENT
DBG_UWB_TX_CH5
DBG_TX_WAKE_CLAIM_SENT
DBG_UWB_TX_CH5
DBG_TX_WAKE_CLAIM_SENT
DBG_UWB_TX_CH5
DBG_TX_WAKE_CLAIM_SENT
DBG_UWB_TX_CH5
DBG_TX_WAKE_CLAIM_SENT
DBG_UWB_TX_CH5
DBG_TX_WAKE_CLAIM_SENT
DBG_UWB_TX_CH5
DBG_TX_WAKE_CLAIM_SENT
DBG_DWM_INVALIDATE tag=configure_radio_from_reset active_phy=2 configured=1 awake=1
DBG_DWM_MARK_UNCONFIGURED tag=initialise_radio prev_phy=0
DBG_DWM_INVALIDATE tag=configure_radio_from_reset active_phy=2 configured=1 awake=0
DBG_DWM_MARK_UNCONFIGURED tag=initialise_radio prev_phy=0
DBG_DWM_INVALIDATE tag=configure_radio_from_reset active_phy=2 configured=1 awake=0
DBG_DWM_MARK_UNCONFIGURED tag=initialise_radio prev_phy=0
DBG_DWM_WAKE_MESH_CTRL_OK sfd=4073
DBG_C5_TX_CONFIG ret=0 ext=1 len=178 msg=3c reason=bounded-c5-flood
DBG_UWB_TX_CH5
DBG_DWM_INVALIDATE tag=configure_radio_from_reset active_phy=4 configured=1 awake=0
DBG_DWM_MARK_UNCONFIGURED tag=initialise_radio prev_phy=0
DBG_DWM_WAKE_MESH_CTRL_OK sfd=4073
DBG_DWM_INVALIDATE tag=configure_radio_from_reset active_phy=4 configured=1 awake=0
DBG_DWM_MARK_UNCONFIGURED tag=initialise_radio prev_phy=0
DBG_DWM_INVALIDATE tag=configure_radio_from_reset active_phy=2 configured=1 awake=0
DBG_DWM_MARK_UNCONFIGURED tag=initialise_radio prev_phy=0
DBG_DWM_WAKE_MESH_CTRL_OK sfd=4073
DBG_C5_TX_CONFIG ret=0 ext=1 len=178 msg=3c reason=bounded-c5-flood
DBG_UWB_TX_CH5
DBG_DWM_INVALIDATE tag=configure_radio_from_reset active_phy=4 configured=1 awake=0
DBG_DWM_MARK_UNCONFIGURED tag=initialise_radio prev_phy=0
DBG_DWM_WAKE_MESH_CTRL_OK sfd=4073
DBG_DWM_INVALIDATE tag=configure_radio_from_reset active_phy=4 configured=1 awake=0
DBG_DWM_MARK_UNCONFIGURED tag=initialise_radio prev_phy=0
DBG_DWM_INVALIDATE tag=configure_radio_from_reset active_phy=2 configured=1 awake=0
DBG_DWM_MARK_UNCONFIGURED tag=initialise_radio prev_phy=0
DBG_DWM_WAKE_MESH_CTRL_OK sfd=4073
DBG_C5_TX_CONFIG ret=0 ext=1 len=178 msg=3c reason=bounded-c5-flood
DBG_UWB_TX_CH5
DBG_DWM_INVALIDATE tag=configure_radio_from_reset active_phy=4 configured=1 awake=0
DBG_DWM_MARK_UNCONFIGURED tag=initialise_radio prev_phy=0
DBG_DWM_WAKE_MESH_CTRL_OK sfd=4073
DBG_DWM_INVALIDATE tag=configure_radio_from_reset active_phy=4 configured=1 awake=0
DBG_DWM_MARK_UNCONFIGURED tag=initialise_radio prev_phy=0
DBG_DWM_INVALIDATE tag=configure_radio_from_reset active_phy=2 configured=1 awake=0
DBG_DWM_MARK_UNCONFIGURED tag=initialise_radio prev_phy=0
DBG_DWM_WAKE_MESH_CTRL_OK sfd=4073
DBG_C5_TX_CONFIG ret=0 ext=1 len=178 msg=3c reason=bounded-c5-flood
DBG_UWB_TX_CH5
DBG_GATEWAY_RX_START reason=gateway mesh restart active=1 qrx=0 qtx=0 adv_due=0
DBG_STACK_RUN_BEGIN epoch=4890114482714395483 run=3 kind=ble_backpressure owner=system_workqueue queue=1 custody=1 credit=0 retry=0 drain=1 src=11068027678940948070 dst=11068027678940948070 session=46661636 seq=4 type=86 sequence=0 previous=0 uptime=42587
DBG_STACK_SAMPLE_BEGIN epoch=4890114482714395483 run=3 sample=3 kind=ble_backpressure owner=system_workqueue queue=1 custody=1 credit=0 retry=0 drain=1 src=11068027678940948070 dst=11068027678940948070 session=46661636 seq=4 type=86 uptime=42587
DBG_STACK_ISR_CONFIG size=8192 run=3 sample=3
DBG_STACK name=BT RX WQ tid=0x2000fe28 used=760 free=776 size=1536 ret=0 run=3 sample=3
DBG_STACK name=mesh_route tid=0x2000d560 used=4328 free=3864 size=8192 ret=0 run=3 sample=3
DBG_STACK name=sysworkq tid=0x20010d80 used=2304 free=2176 size=4480 ret=0 run=3 sample=3
DBG_STACK name=MPSL Work tid=0x20010b38 used=376 free=648 size=1024 ret=0 run=3 sample=3
DBG_STACK name=logging tid=0x2000f930 used=480 free=1568 size=2048 ret=0 run=3 sample=3
DBG_STACK name=idle tid=0x20010c10 used=64 free=256 size=320 ret=0 run=3 sample=3
DBG_STACK_SAMPLE_END run=3 sample=3
DBG_STACK_RUN_END epoch=4890114482714395483 run=3 kind=ble_backpressure owner=system_workqueue outcome=ack queue=1 custody=0 credit=1 retry=0 drain=1 src=11068027678940948070 dst=11068027678940948070 session=46661636 seq=4 type=86 samples=1 sequence=0 previous=0 uptime=42614
DBG_GATEWAY_CH9_RX_CONT_ARM now=42617 rem=500 frames=0 errors=0
DBG_GATEWAY_CH9_RX_CONT_RESULT start=42617 end=43118 ret=-116 fail=0 status=0x02000000 len=0 frames=0
DBG_GATEWAY_CH9_RX_CONT_CAP now=43120 win=12167 adv_wait=12167 due=55287
DBG_GATEWAY_CH9_RX_CONT_ARM now=43120 rem=500 frames=0 errors=0
DBG_GATEWAY_CH9_RX_CONT_RESULT start=43120 end=43621 ret=-116 fail=0 status=0x00000000 len=0 frames=0
DBG_GATEWAY_CH9_RX_CONT_CAP now=43623 win=11664 adv_wait=11664 due=55287
DBG_GATEWAY_CH9_RX_CONT_ARM now=43623 rem=500 frames=0 errors=0
DBG_GATEWAY_CH9_RX_CONT_RESULT start=43623 end=44124 ret=-116 fail=0 status=0x00000000 len=0 frames=0
DBG_GATEWAY_CH9_RX_CONT_CAP now=44126 win=11161 adv_wait=11161 due=55287
DBG_GATEWAY_CH9_RX_CONT_ARM now=44126 rem=500 frames=0 errors=0
DBG_GATEWAY_CH9_RX_CONT_RESULT start=44126 end=44627 ret=-116 fail=0 status=0x00000000 len=0 frames=0
DBG_GATEWAY_CH9_RX_CONT_CAP now=44629 win=10658 adv_wait=10658 due=55287
DBG_GATEWAY_CH9_RX_CONT_ARM now=44629 rem=500 frames=0 errors=0
DBG_GATEWAY_CH9_RX_CONT_RESULT start=44629 end=45130 ret=-116 fail=0 status=0x00000000 len=0 frames=0
DBG_GATEWAY_CH9_RX_CONT_CAP now=45132 win=10155 adv_wait=10155 due=55287
DBG_GATEWAY_CH9_RX_CONT_ARM now=45132 rem=500 frames=0 errors=0
DBG_GATEWAY_BLE event=param-updated interval=36 latency=0 timeout_ms=12000 uptime=45292
DBG_GATEWAY_CH9_RX_CONT_RESULT start=45132 end=45633 ret=-116 fail=0 status=0x00000000 len=0 frames=0
DBG_GATEWAY_CH9_RX_CONT_CAP now=45635 win=9652 adv_wait=9652 due=55287
DBG_GATEWAY_CH9_RX_CONT_ARM now=45635 rem=500 frames=0 errors=0
DBG_GATEWAY_CH9_RX_CONT_RESULT start=45635 end=46136 ret=-116 fail=0 status=0x00000000 len=0 frames=0
DBG_GATEWAY_CH9_RX_CONT_CAP now=46138 win=9149 adv_wait=9149 due=55287
DBG_GATEWAY_CH9_RX_CONT_ARM now=46138 rem=500 frames=0 errors=0
DBG_GATEWAY_CH9_RX_CONT_RESULT start=46138 end=46639 ret=-116 fail=0 status=0x00000000 len=0 frames=0
DBG_GATEWAY_CH9_RX_CONT_CAP now=46641 win=8646 adv_wait=8646 due=55287
DBG_GATEWAY_CH9_RX_CONT_ARM now=46641 rem=500 frames=0 errors=0
DBG_GATEWAY_CH9_RX_CONT_RESULT start=46641 end=47142 ret=-116 fail=0 status=0x00000000 len=0 frames=0
DBG_GATEWAY_CH9_RX_CONT_CAP now=47144 win=8143 adv_wait=8143 due=55287
DBG_GATEWAY_CH9_RX_CONT_ARM now=47144 rem=500 frames=0 errors=0
DBG_GATEWAY_CH9_RX_CONT_RESULT start=47144 end=47645 ret=-116 fail=0 status=0x00000000 len=0 frames=0
DBG_GATEWAY_CH9_RX_CONT_CAP now=47647 win=7640 adv_wait=7640 due=55287
DBG_GATEWAY_CH9_RX_CONT_ARM now=47647 rem=500 frames=0 errors=0
DBG_GATEWAY_CH9_RX_CONT_RESULT start=47647 end=48148 ret=-116 fail=0 status=0x00000000 len=0 frames=0
DBG_GATEWAY_CH9_RX_CONT_CAP now=48150 win=7137 adv_wait=7137 due=55287
DBG_GATEWAY_CH9_RX_CONT_ARM now=48150 rem=500 frames=0 errors=0
DBG_GATEWAY_CH9_RX_CONT_RESULT start=48150 end=48651 ret=-116 fail=0 status=0x00000000 len=0 frames=0
DBG_GATEWAY_CH9_RX_CONT_CAP now=48653 win=6634 adv_wait=6634 due=55287
DBG_GATEWAY_CH9_RX_CONT_ARM now=48653 rem=500 frames=0 errors=0
DBG_GATEWAY_CH9_RX_CONT_RESULT start=48653 end=49154 ret=-116 fail=0 status=0x00000000 len=0 frames=0
DBG_GATEWAY_CH9_RX_CONT_CAP now=49156 win=6131 adv_wait=6131 due=55287
DBG_GATEWAY_CH9_RX_CONT_ARM now=49156 rem=500 frames=0 errors=0
DBG_GATEWAY_CH9_RX_CONT_RESULT start=49156 end=49657 ret=-116 fail=0 status=0x00000000 len=0 frames=0
DBG_GATEWAY_CH9_RX_CONT_CAP now=49659 win=5628 adv_wait=5628 due=55287
DBG_GATEWAY_CH9_RX_CONT_ARM now=49659 rem=500 frames=0 errors=0
DBG_GATEWAY_CH9_RX_CONT_RESULT start=49659 end=50160 ret=-116 fail=0 status=0x00000000 len=0 frames=0
DBG_GATEWAY_CH9_RX_CONT_CAP now=50162 win=5125 adv_wait=5125 due=55287
DBG_GATEWAY_CH9_RX_CONT_ARM now=50162 rem=500 frames=0 errors=0
DBG_GATEWAY_CH9_RX_CONT_RESULT start=50162 end=50663 ret=-116 fail=0 status=0x00000000 len=0 frames=0
DBG_GATEWAY_CH9_RX_CONT_CAP now=50665 win=4622 adv_wait=4622 due=55287
DBG_GATEWAY_CH9_RX_CONT_ARM now=50665 rem=500 frames=0 errors=0
DBG_GATEWAY_CH9_RX_CONT_RESULT start=50665 end=51166 ret=-116 fail=0 status=0x00000000 len=0 frames=0
DBG_GATEWAY_CH9_RX_CONT_CAP now=51168 win=4119 adv_wait=4119 due=55287
DBG_GATEWAY_CH9_RX_CONT_ARM now=51168 rem=500 frames=0 errors=0
DBG_GATEWAY_CH9_RX_CONT_RESULT start=51168 end=51669 ret=-116 fail=0 status=0x00000000 len=0 frames=0
DBG_GATEWAY_CH9_RX_CONT_CAP now=51671 win=3616 adv_wait=3616 due=55287
DBG_GATEWAY_CH9_RX_CONT_ARM now=51671 rem=500 frames=0 errors=0
DBG_GATEWAY_CH9_RX_CONT_RESULT start=51671 end=52172 ret=-116 fail=0 status=0x00000000 len=0 frames=0
DBG_GATEWAY_CH9_RX_CONT_CAP now=52174 win=3113 adv_wait=3113 due=55287
DBG_GATEWAY_CH9_RX_CONT_ARM now=52174 rem=500 frames=0 errors=0
DBG_GATEWAY_CH9_RX_CONT_RESULT start=52174 end=52675 ret=-116 fail=0 status=0x00000000 len=0 frames=0
DBG_GATEWAY_CH9_RX_CONT_CAP now=52677 win=2610 adv_wait=2610 due=55287
DBG_GATEWAY_CH9_RX_CONT_ARM now=52677 rem=500 frames=0 errors=0
DBG_GATEWAY_CH9_RX_CONT_RESULT start=52677 end=53178 ret=-116 fail=0 status=0x00000000 len=0 frames=0
DBG_GATEWAY_CH9_RX_CONT_CAP now=53180 win=2107 adv_wait=2107 due=55287
DBG_GATEWAY_CH9_RX_CONT_ARM now=53180 rem=500 frames=0 errors=0
DBG_GATEWAY_CH9_RX_CONT_RESULT start=53180 end=53681 ret=-116 fail=0 status=0x00000000 len=0 frames=0
DBG_GATEWAY_CH9_RX_CONT_CAP now=53683 win=1604 adv_wait=1604 due=55287
DBG_GATEWAY_CH9_RX_CONT_ARM now=53683 rem=500 frames=0 errors=0
DBG_GATEWAY_CH9_RX_CONT_RESULT start=53683 end=54184 ret=-116 fail=0 status=0x00000000 len=0 frames=0
DBG_GATEWAY_CH9_RX_CONT_CAP now=54186 win=1101 adv_wait=1101 due=55287
DBG_GATEWAY_CH9_RX_CONT_ARM now=54186 rem=500 frames=0 errors=0
DBG_GATEWAY_CH9_RX_CONT_RESULT start=54186 end=54687 ret=-116 fail=0 status=0x00000000 len=0 frames=0
DBG_GATEWAY_CH9_RX_CONT_CAP now=54689 win=598 adv_wait=598 due=55287
DBG_GATEWAY_CH9_RX_CONT_ARM now=54689 rem=500 frames=0 errors=0
DBG_GATEWAY_CH9_RX_CONT_RESULT start=54689 end=55190 ret=-116 fail=0 status=0x00000000 len=0 frames=0
DBG_GATEWAY_CH9_RX_CONT_CAP now=55192 win=95 adv_wait=95 due=55287
DBG_GATEWAY_CH9_RX_CONT_ARM now=55192 rem=95 frames=0 errors=0
DBG_GATEWAY_CH9_RX_CONT_RESULT start=55192 end=55288 ret=-116 fail=0 status=0x00000000 len=0 frames=0
DBG_GATEWAY_CH9_RX_DONE_YIELD_ADV now=55289 due=55287
DBG_STACK_RUN_BEGIN epoch=4890114482714395483 run=4 kind=ble_backpressure owner=system_workqueue queue=1 custody=1 credit=0 retry=0 drain=1 src=11068027678940948070 dst=11068027678940948070 session=1253170344 seq=56488 type=65 sequence=0 previous=0 uptime=55289
DBG_STACK_SAMPLE_BEGIN epoch=4890114482714395483 run=4 sample=4 kind=ble_backpressure owner=system_workqueue queue=1 custody=1 credit=0 retry=0 drain=1 src=11068027678940948070 dst=11068027678940948070 session=1253170344 seq=56488 type=65 uptime=55290
DBG_STACK_ISR_CONFIG size=8192 run=4 sample=4
DBG_STACK name=BT RX WQ tid=0x2000fe28 used=760 free=776 size=1536 ret=0 run=4 sample=4
DBG_STACK name=mesh_route tid=0x2000d560 used=4328 free=3864 size=8192 ret=0 run=4 sample=4
DBG_STACK name=sysworkq tid=0x20010d80 used=2304 free=2176 size=4480 ret=0 run=4 sample=4
DBG_STACK name=MPSL Work tid=0x20010b38 used=376 free=648 size=1024 ret=0 run=4 sample=4
DBG_STACK name=logging tid=0x2000f930 used=480 free=1568 size=2048 ret=0 run=4 sample=4
DBG_STACK name=idle tid=0x20010c10 used=64 free=256 size=320 ret=0 run=4 sample=4
DBG_STACK_SAMPLE_END run=4 sample=4
DBG_STACK_RUN_END epoch=4890114482714395483 run=4 kind=ble_backpressure owner=system_workqueue outcome=ack queue=2 custody=0 credit=1 retry=0 drain=2 src=11068027678940948070 dst=11068027678940948070 session=1253170344 seq=56488 type=65 samples=1 sequence=0 previous=0 uptime=55312
DBG_STACK_RUN_BEGIN epoch=4890114482714395483 run=5 kind=ble_backpressure owner=system_workqueue queue=1 custody=1 credit=0 retry=0 drain=1 src=11068027678940948070 dst=11068027678940948070 session=46661637 seq=5 type=86 sequence=0 previous=0 uptime=55373
DBG_STACK_SAMPLE_BEGIN epoch=4890114482714395483 run=5 sample=5 kind=ble_backpressure owner=system_workqueue queue=1 custody=1 credit=0 retry=0 drain=1 src=11068027678940948070 dst=11068027678940948070 session=46661637 seq=5 type=86 uptime=55374
DBG_STACK_ISR_CONFIG size=8192 run=5 sample=5
DBG_STACK name=BT RX WQ tid=0x2000fe28 used=760 free=776 size=1536 ret=0 run=5 sample=5
DBG_STACK name=mesh_route tid=0x2000d560 used=4328 free=3864 size=8192 ret=0 run=5 sample=5
DBG_STACK name=sysworkq tid=0x20010d80 used=2304 free=2176 size=4480 ret=0 run=5 sample=5
DBG_STACK name=MPSL Work tid=0x20010b38 used=376 free=648 size=1024 ret=0 run=5 sample=5
DBG_STACK name=logging tid=0x2000f930 used=480 free=1568 size=2048 ret=0 run=5 sample=5
DBG_STACK name=idle tid=0x20010c10 used=64 free=256 size=320 ret=0 run=5 sample=5
DBG_STACK_SAMPLE_END run=5 sample=5
DBG_STACK_RUN_END epoch=4890114482714395483 run=5 kind=ble_backpressure owner=system_workqueue outcome=ack queue=1 custody=0 credit=1 retry=0 drain=1 src=11068027678940948070 dst=11068027678940948070 session=46661637 seq=5 type=86 samples=1 sequence=0 previous=0 uptime=55393
DBG_GATEWAY_COMMAND_PRIORITY_SUBMIT ret=0 now=55554
DBG_STACK_RUN_BEGIN epoch=4890114482714395483 run=6 kind=ble_backpressure owner=system_workqueue queue=1 custody=1 credit=0 retry=0 drain=1 src=11068027678940948070 dst=11068027678940948070 session=46661638 seq=6 type=86 sequence=0 previous=0 uptime=55554
DBG_STACK_SAMPLE_BEGIN epoch=4890114482714395483 run=6 sample=6 kind=ble_backpressure owner=system_workqueue queue=1 custody=1 credit=0 retry=0 drain=1 src=11068027678940948070 dst=11068027678940948070 session=46661638 seq=6 type=86 uptime=55554
DBG_STACK_ISR_CONFIG size=8192 run=6 sample=6
DBG_STACK name=BT RX WQ tid=0x2000fe28 used=760 free=776 size=1536 ret=0 run=6 sample=6
DBG_STACK name=mesh_route tid=0x2000d560 used=4328 free=3864 size=8192 ret=0 run=6 sample=6
DBG_STACK name=sysworkq tid=0x20010d80 used=2304 free=2176 size=4480 ret=0 run=6 sample=6
DBG_STACK name=MPSL Work tid=0x20010b38 used=376 free=648 size=1024 ret=0 run=6 sample=6
DBG_STACK name=logging tid=0x2000f930 used=480 free=1568 size=2048 ret=0 run=6 sample=6
DBG_STACK name=idle tid=0x20010c10 used=64 free=256 size=320 ret=0 run=6 sample=6
DBG_STACK_SAMPLE_END run=6 sample=6
DBG_STACK_RUN_END epoch=4890114482714395483 run=6 kind=ble_backpressure owner=system_workqueue outcome=ack queue=3 custody=0 credit=1 retry=0 drain=3 src=11068027678940948070 dst=11068027678940948070 session=46661638 seq=6 type=86 samples=1 sequence=0 previous=0 uptime=55573
DBG_STACK_RUN_BEGIN epoch=4890114482714395483 run=7 kind=ble_backpressure owner=system_workqueue queue=2 custody=2 credit=0 retry=0 drain=2 src=11068027678940948070 dst=11068027678940948070 session=46661639 seq=7 type=86 sequence=0 previous=0 uptime=55644
DBG_STACK_SAMPLE_BEGIN epoch=4890114482714395483 run=7 sample=7 kind=ble_backpressure owner=system_workqueue queue=2 custody=2 credit=0 retry=0 drain=2 src=11068027678940948070 dst=11068027678940948070 session=46661639 seq=7 type=86 uptime=55644
DBG_STACK_ISR_CONFIG size=8192 run=7 sample=7
DBG_STACK name=BT RX WQ tid=0x2000fe28 used=760 free=776 size=1536 ret=0 run=7 sample=7
DBG_STACK name=mesh_route tid=0x2000d560 used=4328 free=3864 size=8192 ret=0 run=7 sample=7
DBG_STACK name=sysworkq tid=0x20010d80 used=2304 free=2176 size=4480 ret=0 run=7 sample=7
DBG_STACK name=MPSL Work tid=0x20010b38 used=376 free=648 size=1024 ret=0 run=7 sample=7
DBG_STACK name=logging tid=0x2000f930 used=480 free=1568 size=2048 ret=0 run=7 sample=7
DBG_STACK name=idle tid=0x20010c10 used=64 free=256 size=320 ret=0 run=7 sample=7
DBG_STACK_SAMPLE_END run=7 sample=7
DBG_STACK_RUN_END epoch=4890114482714395483 run=7 kind=ble_backpressure owner=system_workqueue outcome=ack queue=2 custody=0 credit=1 retry=0 drain=2 src=11068027678940948070 dst=11068027678940948070 session=46661639 seq=7 type=86 samples=1 sequence=0 previous=0 uptime=55664
DBG_STACK_RUN_BEGIN epoch=4890114482714395483 run=8 kind=ble_backpressure owner=system_workqueue queue=1 custody=1 credit=0 retry=0 drain=1 src=11068027678940948070 dst=11068027678940948070 session=46661641 seq=9 type=86 sequence=0 previous=0 uptime=55734
DBG_STACK_SAMPLE_BEGIN epoch=4890114482714395483 run=8 sample=8 kind=ble_backpressure owner=system_workqueue queue=1 custody=1 credit=0 retry=0 drain=1 src=11068027678940948070 dst=11068027678940948070 session=46661641 seq=9 type=86 uptime=55734
DBG_STACK_ISR_CONFIG size=8192 run=8 sample=8
DBG_STACK name=BT RX WQ tid=0x2000fe28 used=760 free=776 size=1536 ret=0 run=8 sample=8
DBG_STACK name=mesh_route tid=0x2000d560 used=4328 free=3864 size=8192 ret=0 run=8 sample=8
DBG_STACK name=sysworkq tid=0x20010d80 used=2304 free=2176 size=4480 ret=0 run=8 sample=8
DBG_STACK name=MPSL Work tid=0x20010b38 used=376 free=648 size=1024 ret=0 run=8 sample=8
DBG_STACK name=logging tid=0x2000f930 used=480 free=1568 size=2048 ret=0 run=8 sample=8
DBG_STACK name=idle tid=0x20010c10 used=64 free=256 size=320 ret=0 run=8 sample=8
DBG_STACK_SAMPLE_END run=8 sample=8
DBG_STACK_RUN_END epoch=4890114482714395483 run=8 kind=ble_backpressure owner=system_workqueue outcome=ack queue=1 custody=0 credit=1 retry=0 drain=1 src=11068027678940948070 dst=11068027678940948070 session=46661641 seq=9 type=86 samples=1 sequence=0 previous=0 uptime=55747
DBG_GATEWAY_CH9_RX_CONT_RESULT start=55560 end=56061 ret=-116 fail=0 status=0x00000000 len=0 frames=0
DBG_GATEWAY_COMMAND_PRIORITY_SUBMIT ret=0 now=56062
DBG_GATEWAY_CH9_RX_CONT_ARM now=56063 rem=500 frames=0 errors=0
DBG_GATEWAY_CH9_RX_CONT_RESULT start=56063 end=56064 ret=-140 fail=0 status=0x00000000 len=0 frames=0
DBG_GATEWAY_CH9_RX_COMMAND_PREEMPT now=56065 rem=500 frames=0
DBG_GATEWAY_CH9_RX_CONT_DONE ret=-140 len=0 fail=0 recover=0
DBG_NC o=0000000000000001 g=00000001 w=00 e=0000003c s=00000005 q=0000>0004 r=00000000 f=00000024 t=00000000 p=00000000 a=00
DBG_NODE_COMM_SUBMIT handle=1 profile=0 token=17039361 deadline=66065
DBG_ENUM_FLOOD kind=1 handle=1
DBG_ENUM_CLAIM_TX epoch=46661640 round=1 max_hop=5 first_wait_ms=1125 ceiling_ms=5625 ret=0
DBG_NODE_COMM_TX_BEGIN handle=1 profile=0 msg=64 dst=0x0 seq=1
DBG_CONTROL_RX_HANDOFF_READY abort=0
DBG_COORD state=idle owner=c5-flood reason=idle rx=0 tx=0 relay=0 route=0 ack=0 qack=0
DBG_WAKE_TRAIN_GUARD_OK
DBG_DWM_MARK_UNCONFIGURED tag=initialise_radio prev_phy=0
DBG_WAKE_TRAIN_CONFIG_BEGIN
DBG_DWM_INVALIDATE tag=configure_radio_from_reset active_phy=2 configured=1 awake=0
DBG_DWM_MARK_UNCONFIGURED tag=initialise_radio prev_phy=0
DBG_WAKE_TRAIN_CONFIG_OK
DBG_WAKE_TRAIN_FIRST_SEND_BEGIN
DBG_WAKE_TRAIN_FIRST_SEND_OK
DBG_UWB_TX_CH5
DBG_TX_WAKE_CLAIM_SENT
DBG_UWB_TX_CH5
DBG_TX_WAKE_CLAIM_SENT
DBG_UWB_TX_CH5
DBG_TX_WAKE_CLAIM_SENT
DBG_UWB_TX_CH5
DBG_TX_WAKE_CLAIM_SENT
DBG_UWB_TX_CH5
DBG_TX_WAKE_CLAIM_SENT
DBG_UWB_TX_CH5
DBG_TX_WAKE_CLAIM_SENT
DBG_UWB_TX_CH5
DBG_TX_WAKE_CLAIM_SENT
DBG_UWB_TX_CH5
DBG_TX_WAKE_CLAIM_SENT
DBG_UWB_TX_CH5
DBG_TX_WAKE_CLAIM_SENT
DBG_UWB_TX_CH5
DBG_TX_WAKE_CLAIM_SENT
DBG_UWB_TX_CH5
DBG_TX_WAKE_CLAIM_SENT
DBG_UWB_TX_CH5
DBG_TX_WAKE_CLAIM_SENT
DBG_UWB_TX_CH5
DBG_TX_WAKE_CLAIM_SENT
DBG_UWB_TX_CH5
DBG_TX_WAKE_CLAIM_SENT
DBG_UWB_TX_CH5
DBG_TX_WAKE_CLAIM_SENT
DBG_UWB_TX_CH5
DBG_TX_WAKE_CLAIM_SENT
DBG_UWB_TX_CH5
DBG_TX_WAKE_CLAIM_SENT
DBG_UWB_TX_CH5
DBG_TX_WAKE_CLAIM_SENT
DBG_UWB_TX_CH5
DBG_TX_WAKE_CLAIM_SENT
DBG_UWB_TX_CH5
DBG_TX_WAKE_CLAIM_SENT
DBG_UWB_TX_CH5
DBG_TX_WAKE_CLAIM_SENT
DBG_UWB_TX_CH5
DBG_TX_WAKE_CLAIM_SENT
DBG_UWB_TX_CH5
DBG_TX_WAKE_CLAIM_SENT
DBG_UWB_TX_CH5
DBG_TX_WAKE_CLAIM_SENT
DBG_UWB_TX_CH5
DBG_TX_WAKE_CLAIM_SENT
DBG_UWB_TX_CH5
DBG_TX_WAKE_CLAIM_SENT
DBG_UWB_TX_CH5
DBG_TX_WAKE_CLAIM_SENT
DBG_UWB_TX_CH5
DBG_TX_WAKE_CLAIM_SENT
DBG_UWB_TX_CH5
DBG_TX_WAKE_CLAIM_SENT
DBG_UWB_TX_CH5
DBG_TX_WAKE_CLAIM_SENT
DBG_UWB_TX_CH5
DBG_TX_WAKE_CLAIM_SENT
DBG_UWB_TX_CH5
DBG_TX_WAKE_CLAIM_SENT
DBG_UWB_TX_CH5
DBG_TX_WAKE_CLAIM_SENT
DBG_UWB_TX_CH5
DBG_TX_WAKE_CLAIM_SENT
DBG_UWB_TX_CH5
DBG_TX_WAKE_CLAIM_SENT
DBG_UWB_TX_CH5
DBG_TX_WAKE_CLAIM_SENT
DBG_UWB_TX_CH5
DBG_TX_WAKE_CLAIM_SENT
DBG_UWB_TX_CH5
DBG_TX_WAKE_CLAIM_SENT
DBG_UWB_TX_CH5
DBG_TX_WAKE_CLAIM_SENT
DBG_UWB_TX_CH5
DBG_TX_WAKE_CLAIM_SENT
DBG_UWB_TX_CH5
DBG_TX_WAKE_CLAIM_SENT
DBG_UWB_TX_CH5
DBG_TX_WAKE_CLAIM_SENT
DBG_UWB_TX_CH5
DBG_TX_WAKE_CLAIM_SENT
DBG_UWB_TX_CH5
DBG_TX_WAKE_CLAIM_SENT
DBG_UWB_TX_CH5
DBG_TX_WAKE_CLAIM_SENT
DBG_UWB_TX_CH5
DBG_TX_WAKE_CLAIM_SENT
DBG_UWB_TX_CH5
DBG_TX_WAKE_CLAIM_SENT
DBG_UWB_TX_CH5
DBG_TX_WAKE_CLAIM_SENT
DBG_UWB_TX_CH5
DBG_TX_WAKE_CLAIM_SENT
DBG_UWB_TX_CH5
DBG_TX_WAKE_CLAIM_SENT
DBG_UWB_TX_CH5
DBG_TX_WAKE_CLAIM_SENT
DBG_UWB_TX_CH5
DBG_TX_WAKE_CLAIM_SENT
DBG_UWB_TX_CH5
DBG_TX_WAKE_CLAIM_SENT
DBG_UWB_TX_CH5
DBG_TX_WAKE_CLAIM_SENT
DBG_UWB_TX_CH5
DBG_TX_WAKE_CLAIM_SENT
DBG_UWB_TX_CH5
DBG_TX_WAKE_CLAIM_SENT
DBG_UWB_TX_CH5
DBG_TX_WAKE_CLAIM_SENT
DBG_UWB_TX_CH5
DBG_TX_WAKE_CLAIM_SENT
DBG_UWB_TX_CH5
DBG_TX_WAKE_CLAIM_SENT
DBG_UWB_TX_CH5
DBG_TX_WAKE_CLAIM_SENT
DBG_UWB_TX_CH5
DBG_TX_WAKE_CLAIM_SENT
DBG_UWB_TX_CH5
DBG_TX_WAKE_CLAIM_SENT
DBG_UWB_TX_CH5
DBG_TX_WAKE_CLAIM_SENT
DBG_UWB_TX_CH5
DBG_TX_WAKE_CLAIM_SENT
DBG_UWB_TX_CH5
DBG_TX_WAKE_CLAIM_SENT
DBG_UWB_TX_CH5
DBG_TX_WAKE_CLAIM_SENT
DBG_UWB_TX_CH5
DBG_TX_WAKE_CLAIM_SENT
DBG_UWB_TX_CH5
DBG_TX_WAKE_CLAIM_SENT
DBG_UWB_TX_CH5
DBG_TX_WAKE_CLAIM_SENT
DBG_UWB_TX_CH5
DBG_TX_WAKE_CLAIM_SENT
DBG_UWB_TX_CH5
DBG_TX_WAKE_CLAIM_SENT
DBG_UWB_TX_CH5
DBG_TX_WAKE_CLAIM_SENT
DBG_UWB_TX_CH5
DBG_TX_WAKE_CLAIM_SENT
DBG_UWB_TX_CH5
DBG_TX_WAKE_CLAIM_SENT
DBG_UWB_TX_CH5
DBG_TX_WAKE_CLAIM_SENT
DBG_UWB_TX_CH5
DBG_TX_WAKE_CLAIM_SENT
DBG_UWB_TX_CH5
DBG_TX_WAKE_CLAIM_SENT
DBG_UWB_TX_CH5
DBG_TX_WAKE_CLAIM_SENT
DBG_UWB_TX_CH5
DBG_TX_WAKE_CLAIM_SENT
DBG_UWB_TX_CH5
DBG_TX_WAKE_CLAIM_SENT
DBG_UWB_TX_CH5
DBG_TX_WAKE_CLAIM_SENT
DBG_UWB_TX_CH5
DBG_TX_WAKE_CLAIM_SENT
DBG_UWB_TX_CH5
DBG_TX_WAKE_CLAIM_SENT
DBG_UWB_TX_CH5
DBG_TX_WAKE_CLAIM_SENT
DBG_UWB_TX_CH5
DBG_TX_WAKE_CLAIM_SENT
DBG_UWB_TX_CH5
DBG_TX_WAKE_CLAIM_SENT
DBG_UWB_TX_CH5
DBG_TX_WAKE_CLAIM_SENT
DBG_UWB_TX_CH5
DBG_TX_WAKE_CLAIM_SENT
DBG_UWB_TX_CH5
DBG_TX_WAKE_CLAIM_SENT
DBG_UWB_TX_CH5
DBG_TX_WAKE_CLAIM_SENT
DBG_UWB_TX_CH5
DBG_TX_WAKE_CLAIM_SENT
DBG_UWB_TX_CH5
DBG_TX_WAKE_CLAIM_SENT
DBG_UWB_TX_CH5
DBG_TX_WAKE_CLAIM_SENT
DBG_UWB_TX_CH5
DBG_TX_WAKE_CLAIM_SENT
DBG_UWB_TX_CH5
DBG_TX_WAKE_CLAIM_SENT
DBG_UWB_TX_CH5
DBG_TX_WAKE_CLAIM_SENT
DBG_UWB_TX_CH5
DBG_TX_WAKE_CLAIM_SENT
DBG_UWB_TX_CH5
DBG_TX_WAKE_CLAIM_SENT
DBG_UWB_TX_CH5
DBG_TX_WAKE_CLAIM_SENT
DBG_UWB_TX_CH5
DBG_TX_WAKE_CLAIM_SENT
DBG_UWB_TX_CH5
DBG_TX_WAKE_CLAIM_SENT
DBG_UWB_TX_CH5
DBG_TX_WAKE_CLAIM_SENT
DBG_UWB_TX_CH5
DBG_TX_WAKE_CLAIM_SENT
DBG_UWB_TX_CH5
DBG_TX_WAKE_CLAIM_SENT
DBG_UWB_TX_CH5
DBG_TX_WAKE_CLAIM_SENT
DBG_UWB_TX_CH5
DBG_TX_WAKE_CLAIM_SENT
DBG_UWB_TX_CH5
DBG_TX_WAKE_CLAIM_SENT
DBG_UWB_TX_CH5
DBG_TX_WAKE_CLAIM_SENT
DBG_UWB_TX_CH5
DBG_TX_WAKE_CLAIM_SENT
DBG_UWB_TX_CH5
DBG_TX_WAKE_CLAIM_SENT
DBG_UWB_TX_CH5
DBG_TX_WAKE_CLAIM_SENT
DBG_UWB_TX_CH5
DBG_TX_WAKE_CLAIM_SENT
DBG_UWB_TX_CH5
DBG_TX_WAKE_CLAIM_SENT
DBG_UWB_TX_CH5
DBG_TX_WAKE_CLAIM_SENT
DBG_UWB_TX_CH5
DBG_TX_WAKE_CLAIM_SENT
DBG_UWB_TX_CH5
DBG_TX_WAKE_CLAIM_SENT
DBG_UWB_TX_CH5
DBG_TX_WAKE_CLAIM_SENT
DBG_UWB_TX_CH5
DBG_TX_WAKE_CLAIM_SENT
DBG_UWB_TX_CH5
DBG_TX_WAKE_CLAIM_SENT
DBG_UWB_TX_CH5
DBG_TX_WAKE_CLAIM_SENT
DBG_UWB_TX_CH5
DBG_TX_WAKE_CLAIM_SENT
DBG_UWB_TX_CH5
DBG_TX_WAKE_CLAIM_SENT
DBG_UWB_TX_CH5
DBG_TX_WAKE_CLAIM_SENT
DBG_UWB_TX_CH5
DBG_TX_WAKE_CLAIM_SENT
DBG_UWB_TX_CH5
DBG_TX_WAKE_CLAIM_SENT
DBG_UWB_TX_CH5
DBG_TX_WAKE_CLAIM_SENT
DBG_UWB_TX_CH5
DBG_TX_WAKE_CLAIM_SENT
DBG_UWB_TX_CH5
DBG_TX_WAKE_CLAIM_SENT
DBG_UWB_TX_CH5
DBG_TX_WAKE_CLAIM_SENT
DBG_UWB_TX_CH5
DBG_TX_WAKE_CLAIM_SENT
DBG_UWB_TX_CH5
DBG_TX_WAKE_CLAIM_SENT
DBG_UWB_TX_CH5
DBG_TX_WAKE_CLAIM_SENT
DBG_UWB_TX_CH5
DBG_TX_WAKE_CLAIM_SENT
DBG_UWB_TX_CH5
DBG_TX_WAKE_CLAIM_SENT
DBG_UWB_TX_CH5
DBG_TX_WAKE_CLAIM_SENT
DBG_UWB_TX_CH5
DBG_TX_WAKE_CLAIM_SENT
DBG_UWB_TX_CH5
DBG_TX_WAKE_CLAIM_SENT
DBG_UWB_TX_CH5
DBG_TX_WAKE_CLAIM_SENT
DBG_UWB_TX_CH5
DBG_TX_WAKE_CLAIM_SENT
DBG_UWB_TX_CH5
DBG_TX_WAKE_CLAIM_SENT
DBG_UWB_TX_CH5
DBG_TX_WAKE_CLAIM_SENT
DBG_UWB_TX_CH5
DBG_TX_WAKE_CLAIM_SENT
DBG_UWB_TX_CH5
DBG_TX_WAKE_CLAIM_SENT
DBG_UWB_TX_CH5
DBG_TX_WAKE_CLAIM_SENT
DBG_UWB_TX_CH5
DBG_TX_WAKE_CLAIM_SENT
DBG_UWB_TX_CH5
DBG_TX_WAKE_CLAIM_SENT
DBG_UWB_TX_CH5
DBG_TX_WAKE_CLAIM_SENT
DBG_UWB_TX_CH5
DBG_TX_WAKE_CLAIM_SENT
DBG_UWB_TX_CH5
DBG_TX_WAKE_CLAIM_SENT
DBG_DWM_INVALIDATE tag=configure_radio_from_reset active_phy=2 configured=1 awake=1
DBG_DWM_MARK_UNCONFIGURED tag=initialise_radio prev_phy=0
DBG_C5_CONTROL_FOLLOWUP_TURNAROUND delay=60 msg=40 reason=node-comm-bounded-control-flood
DBG_DWM_INVALIDATE tag=configure_radio_from_reset active_phy=2 configured=1 awake=0
DBG_DWM_MARK_UNCONFIGURED tag=initialise_radio prev_phy=0
DBG_DWM_INVALIDATE tag=configure_radio_from_reset active_phy=2 configured=1 awake=0
DBG_DWM_MARK_UNCONFIGURED tag=initialise_radio prev_phy=0
DBG_DWM_WAKE_MESH_CTRL_OK sfd=4073
DBG_C5_TX_CONFIG ret=0 ext=1 len=130 msg=40 reason=bounded-c5-flood
DBG_UWB_TX_CH5
DBG_NC o=0000000000000001 g=00000001 w=00 e=00000022 s=00000005 q=0004>0005 r=00000000 f=00000001 t=00000000 p=00000000 a=00
DBG_NC o=0000000000000001 g=00000001 w=00 e=00000042 s=00000005 q=0005>0006 r=00000000 f=00000001 t=00000000 p=00000000 a=00
DBG_NODE_COMM_ATTEMPT handle=1 profile=0 attempt=1 ret=0 rf=1 scheduled=0 state=0
DBG_GATEWAY_RX_START reason=gateway mesh restart active=1 qrx=0 qtx=0 adv_due=0
DBG_ENUM_RF_BEGIN kind=1 handle=1 attempt=1 tries=1
DBG_STACK_RUN_BEGIN epoch=4890114482714395483 run=9 kind=ble_backpressure owner=system_workqueue queue=1 custody=1 credit=0 retry=0 drain=1 src=11068027678940948070 dst=11068027678940948070 session=46661643 seq=11 type=86 sequence=0 previous=0 uptime=57298
DBG_STACK_SAMPLE_BEGIN epoch=4890114482714395483 run=9 sample=9 kind=ble_backpressure owner=system_workqueue queue=1 custody=1 credit=0 retry=0 drain=1 src=11068027678940948070 dst=11068027678940948070 session=46661643 seq=11 type=86 uptime=57298
DBG_STACK_ISR_CONFIG size=8192 run=9 sample=9
DBG_STACK name=BT RX WQ tid=0x2000fe28 used=760 free=776 size=1536 ret=0 run=9 sample=9
DBG_STACK name=mesh_route tid=0x2000d560 used=5888 free=2304 size=8192 ret=0 run=9 sample=9
DBG_STACK name=sysworkq tid=0x20010d80 used=2304 free=2176 size=4480 ret=0 run=9 sample=9
DBG_STACK name=MPSL Work tid=0x20010b38 used=376 free=648 size=1024 ret=0 run=9 sample=9
DBG_STACK name=logging tid=0x2000f930 used=480 free=1568 size=2048 ret=0 run=9 sample=9
DBG_STACK name=idle tid=0x20010c10 used=64 free=256 size=320 ret=0 run=9 sample=9
DBG_STACK_SAMPLE_END run=9 sample=9
DBG_STACK_RUN_END epoch=4890114482714395483 run=9 kind=ble_backpressure owner=system_workqueue outcome=ack queue=1 custody=0 credit=1 retry=0 drain=1 src=11068027678940948070 dst=11068027678940948070 session=46661643 seq=11 type=86 samples=1 sequence=0 previous=0 uptime=57325
DBG_GATEWAY_CH9_RX_CONT_ARM now=57325 rem=500 frames=0 errors=0
DBG_GATEWAY_CH9_RX_COMMAND_PREEMPT now=57336 rem=500 frames=0
DBG_NC o=0000000000000001 g=00000001 w=00 e=00000023 s=00000005 q=0006>0004 r=00000000 f=00000024 t=00000000 p=00000000 a=00
DBG_NODE_COMM_TX_BEGIN handle=1 profile=0 msg=64 dst=0x0 seq=1
DBG_CONTROL_RX_HANDOFF_READY abort=0
DBG_COORD state=idle owner=c5-flood reason=idle rx=0 tx=0 relay=0 route=0 ack=0 qack=0
DBG_DWM_INVALIDATE tag=configure_radio_from_reset active_phy=3 configured=1 awake=1
DBG_DWM_MARK_UNCONFIGURED tag=initialise_radio prev_phy=0
DBG_DWM_INVALIDATE tag=configure_radio_from_reset active_phy=2 configured=1 awake=0
DBG_DWM_MARK_UNCONFIGURED tag=initialise_radio prev_phy=0
DBG_DWM_WAKE_MESH_CTRL_OK sfd=4073
DBG_C5_TX_CONFIG ret=0 ext=1 len=130 msg=40 reason=bounded-c5-flood
DBG_UWB_TX_CH5
DBG_NC o=0000000000000001 g=00000001 w=00 e=00000022 s=00000005 q=0004>0005 r=00000000 f=00000001 t=00000000 p=00000000 a=00
DBG_NC o=0000000000000001 g=00000001 w=00 e=00000042 s=00000005 q=0005>0006 r=00000000 f=00000001 t=00000000 p=00000000 a=00
DBG_NODE_COMM_ATTEMPT handle=1 profile=0 attempt=2 ret=0 rf=1 scheduled=0 state=0
DBG_GATEWAY_RX_START reason=gateway mesh restart active=1 qrx=0 qtx=0 adv_due=0
DBG_COORD state=gateway-rx owner=uwb-rx reason=gateway-rx rx=0 tx=0 relay=0 route=0 ack=0 qack=0
DBG_DWM_INVALIDATE tag=configure_radio_from_reset active_phy=4 configured=1 awake=1
DBG_DWM_MARK_UNCONFIGURED tag=initialise_radio prev_phy=0
DBG_GATEWAY_CH9_RX_CONT_ARM now=57421 rem=500 frames=0 errors=0
DBG_GATEWAY_CH9_RX_CONT_RESULT start=57421 end=57433 ret=-140 fail=0 status=0x02000000 len=0 frames=0
DBG_GATEWAY_CH9_RX_COMMAND_PREEMPT now=57433 rem=500 frames=0
DBG_GATEWAY_CH9_RX_CONT_DONE ret=-140 len=0 fail=0 recover=0
DBG_NC o=0000000000000001 g=00000001 w=00 e=00000023 s=00000005 q=0006>0004 r=00000000 f=00000024 t=00000000 p=00000000 a=00
DBG_NODE_COMM_TX_BEGIN handle=1 profile=0 msg=64 dst=0x0 seq=1
DBG_CONTROL_RX_HANDOFF_READY abort=0
DBG_COORD state=idle owner=c5-flood reason=idle rx=0 tx=0 relay=0 route=0 ack=0 qack=0
DBG_DWM_INVALIDATE tag=configure_radio_from_reset active_phy=3 configured=1 awake=1
DBG_DWM_MARK_UNCONFIGURED tag=initialise_radio prev_phy=0
DBG_DWM_INVALIDATE tag=configure_radio_from_reset active_phy=2 configured=1 awake=0
DBG_DWM_MARK_UNCONFIGURED tag=initialise_radio prev_phy=0
DBG_DWM_WAKE_MESH_CTRL_OK sfd=4073
DBG_C5_TX_CONFIG ret=0 ext=1 len=130 msg=40 reason=bounded-c5-flood
DBG_UWB_TX_CH5
DBG_NC o=0000000000000001 g=00000001 w=00 e=00000022 s=00000005 q=0004>0005 r=00000000 f=00000001 t=00000000 p=00000000 a=00
DBG_NC o=0000000000000001 g=00000001 w=00 e=00000042 s=00000005 q=0005>0006 r=00000000 f=00000001 t=00000000 p=00000000 a=00
DBG_NODE_COMM_ATTEMPT handle=1 profile=0 attempt=3 ret=0 rf=1 scheduled=0 state=0
DBG_GATEWAY_RX_START reason=gateway mesh restart active=1 qrx=0 qtx=0 adv_due=0
DBG_COORD state=gateway-rx owner=uwb-rx reason=gateway-rx rx=0 tx=0 relay=0 route=0 ack=0 qack=0
DBG_DWM_INVALIDATE tag=configure_radio_from_reset active_phy=4 configured=1 awake=1
DBG_DWM_MARK_UNCONFIGURED tag=initialise_radio prev_phy=0
DBG_GATEWAY_CH9_RX_CONT_ARM now=57517 rem=500 frames=0 errors=0
DBG_GATEWAY_CH9_RX_CONT_RESULT start=57517 end=57529 ret=-140 fail=0 status=0x02000000 len=0 frames=0
DBG_GATEWAY_CH9_RX_COMMAND_PREEMPT now=57530 rem=500 frames=0
DBG_GATEWAY_CH9_RX_CONT_DONE ret=-140 len=0 fail=0 recover=0
DBG_NC o=0000000000000001 g=00000001 w=00 e=00000023 s=00000005 q=0006>0004 r=00000000 f=00000024 t=00000000 p=00000000 a=00
DBG_NODE_COMM_TX_BEGIN handle=1 profile=0 msg=64 dst=0x0 seq=1
DBG_CONTROL_RX_HANDOFF_READY abort=0
DBG_COORD state=idle owner=c5-flood reason=idle rx=0 tx=0 relay=0 route=0 ack=0 qack=0
DBG_DWM_INVALIDATE tag=configure_radio_from_reset active_phy=3 configured=1 awake=1
DBG_DWM_MARK_UNCONFIGURED tag=initialise_radio prev_phy=0
DBG_DWM_INVALIDATE tag=configure_radio_from_reset active_phy=2 configured=1 awake=0
DBG_DWM_MARK_UNCONFIGURED tag=initialise_radio prev_phy=0
DBG_DWM_WAKE_MESH_CTRL_OK sfd=4073
DBG_C5_TX_CONFIG ret=0 ext=1 len=130 msg=40 reason=bounded-c5-flood
DBG_UWB_TX_CH5
DBG_NC o=0000000000000001 g=00000001 w=00 e=00000022 s=00000005 q=0004>0005 r=00000000 f=00000001 t=00000000 p=00000000 a=00
DBG_NC o=0000000000000001 g=00000001 w=00 e=00000041 s=00000005 q=0005>0008 r=00000000 f=00000026 t=00000000 p=00000001 a=04
DBG_NODE_COMM_ATTEMPT handle=1 profile=0 attempt=4 ret=0 rf=1 scheduled=0 state=0
DBG_GATEWAY_RX_START reason=gateway mesh restart active=1 qrx=0 qtx=0 adv_due=0
DBG_ENUM_RF_RESULT kind=1 handle=1 success=1 reason=0 tries=4
DBG_ENUM_COMPACT_GATEWAY_SCHEDULE now=57588 start=59565 deadline=60690 wait=3102
DBG_GATEWAY_RX_START reason=compact-enumeration active=1 qrx=0 qtx=0 adv_due=0
DBG_COORD state=gateway-rx owner=uwb-rx reason=gateway-rx rx=0 tx=0 relay=0 route=0 ack=0 qack=0
DBG_DWM_INVALIDATE tag=configure_radio_from_reset active_phy=4 configured=1 awake=1
DBG_DWM_MARK_UNCONFIGURED tag=initialise_radio prev_phy=0
DBG_GATEWAY_CH9_RX_CONT_ARM now=57615 rem=500 frames=0 errors=0
DBG_GATEWAY_CH9_RX_CONT_RESULT start=57615 end=58116 ret=-116 fail=0 status=0x02000000 len=0 frames=0
DBG_GATEWAY_CH9_RX_CONT_ARM now=58118 rem=500 frames=0 errors=0
DBG_GATEWAY_CH9_RX_CONT_RESULT start=58118 end=58619 ret=-116 fail=0 status=0x00000000 len=0 frames=0
DBG_GATEWAY_CH9_RX_CONT_ARM now=58621 rem=500 frames=0 errors=0
DBG_GATEWAY_CH9_RX_CONT_RESULT start=58621 end=59122 ret=-116 fail=0 status=0x00000000 len=0 frames=0
DBG_GATEWAY_CH9_RX_CONT_ARM now=59124 rem=500 frames=0 errors=0
DBG_GATEWAY_CH9_RX_CONT_RESULT start=59124 end=59625 ret=-116 fail=0 status=0x00000000 len=0 frames=0
DBG_DWM_INVALIDATE tag=configure_radio_from_reset active_phy=3 configured=1 awake=1
DBG_DWM_MARK_UNCONFIGURED tag=initialise_radio prev_phy=0
DBG_ENUM_COMPACT_GATEWAY_BEGIN now=59649 first_window=13 ret=0
DBG_ENUM_COMPACT_GATEWAY_END now=60690 timeouts=42 raw=0 bundles=0 errors=0 ret=0
DBG_DWM_INVALIDATE tag=configure_radio_from_reset active_phy=2 configured=1 awake=1
DBG_DWM_MARK_UNCONFIGURED tag=initialise_radio prev_phy=0
DBG_GATEWAY_CH9_RX_CONT_ARM now=60713 rem=500 frames=0 errors=0
DBG_GATEWAY_CH9_RX_CONT_RESULT start=60713 end=61214 ret=-116 fail=0 status=0x02000000 len=0 frames=0
DBG_GATEWAY_COMMAND_PRIORITY_SUBMIT ret=0 now=61215
DBG_GATEWAY_CH9_RX_CONT_ARM now=61216 rem=500 frames=0 errors=0
DBG_GATEWAY_CH9_RX_CONT_RESULT start=61216 end=61217 ret=-140 fail=0 status=0x00000000 len=0 frames=0
DBG_GATEWAY_CH9_RX_COMMAND_PREEMPT now=61218 rem=500 frames=0
DBG_GATEWAY_CH9_RX_CONT_DONE ret=-140 len=0 fail=0 recover=0
DBG_NC o=0000000000000002 g=00000002 w=00 e=0000003c s=00000005 q=0000>0004 r=00000000 f=00000024 t=00000000 p=00000000 a=00
DBG_NODE_COMM_SUBMIT handle=2 profile=6 token=17039362 deadline=71218
DBG_ENUM_FLOOD kind=4 handle=2
DBG_ENUM_ABORT_TX epoch=46661640 claim_session=46661640 claim_seq=46661640 ret=0
DBG_NODE_COMM_TX_BEGIN handle=2 profile=6 msg=64 dst=0x0 seq=2
DBG_CONTROL_RX_HANDOFF_READY abort=0
DBG_COORD state=idle owner=c5-flood reason=idle rx=0 tx=0 relay=0 route=0 ack=0 qack=0
DBG_DWM_INVALIDATE tag=configure_radio_from_reset active_phy=3 configured=1 awake=1
DBG_DWM_MARK_UNCONFIGURED tag=initialise_radio prev_phy=0
DBG_DWM_INVALIDATE tag=configure_radio_from_reset active_phy=2 configured=1 awake=0
DBG_DWM_MARK_UNCONFIGURED tag=initialise_radio prev_phy=0
DBG_DWM_WAKE_MESH_CTRL_OK sfd=4073
DBG_C5_TX_CONFIG ret=0 ext=1 len=141 msg=40 reason=bounded-c5-flood
DBG_UWB_TX_CH5
DBG_NC o=0000000000000002 g=00000002 w=00 e=00000022 s=00000005 q=0004>0005 r=00000000 f=00000001 t=00000000 p=00000000 a=00
DBG_NC o=0000000000000002 g=00000002 w=00 e=00000041 s=00000005 q=0005>0008 r=00000000 f=00000026 t=00000000 p=00000001 a=01
DBG_NODE_COMM_ATTEMPT handle=2 profile=6 attempt=1 ret=0 rf=1 scheduled=0 state=0
DBG_GATEWAY_RX_START reason=gateway mesh restart active=1 qrx=0 qtx=0 adv_due=0
DBG_ENUM_RF_RESULT kind=4 handle=2 success=1 reason=0 tries=1
DBG_STACK_RUN_BEGIN epoch=4890114482714395483 run=10 kind=ble_backpressure owner=system_workqueue queue=1 custody=1 credit=0 retry=0 drain=1 src=11068027678940948070 dst=11068027678940948070 session=1253170345 seq=56489 type=65 sequence=0 previous=0 uptime=61277
DBG_STACK_SAMPLE_BEGIN epoch=4890114482714395483 run=10 sample=10 kind=ble_backpressure owner=system_workqueue queue=1 custody=1 credit=0 retry=0 drain=1 src=11068027678940948070 dst=11068027678940948070 session=1253170345 seq=56489 type=65 uptime=61278
DBG_STACK_ISR_CONFIG size=8192 run=10 sample=10
DBG_STACK name=BT RX WQ tid=0x2000fe28 used=760 free=776 size=1536 ret=0 run=10 sample=10
DBG_STACK name=mesh_route tid=0x2000d560 used=5888 free=2304 size=8192 ret=0 run=10 sample=10
DBG_STACK name=sysworkq tid=0x20010d80 used=2304 free=2176 size=4480 ret=0 run=10 sample=10
DBG_STACK name=MPSL Work tid=0x20010b38 used=376 free=648 size=1024 ret=0 run=10 sample=10
DBG_STACK name=logging tid=0x2000f930 used=480 free=1568 size=2048 ret=0 run=10 sample=10
DBG_STACK name=idle tid=0x20010c10 used=64 free=256 size=320 ret=0 run=10 sample=10
DBG_STACK_SAMPLE_END run=10 sample=10
DBG_STACK_RUN_END epoch=4890114482714395483 run=10 kind=ble_backpressure owner=system_workqueue outcome=ack queue=2 custody=0 credit=1 retry=0 drain=2 src=11068027678940948070 dst=11068027678940948070 session=1253170345 seq=56489 type=65 samples=1 sequence=0 previous=0 uptime=61306
DBG_GATEWAY_CH9_RX_CONT_ARM now=61306 rem=500 frames=0 errors=0
DBG_STACK_RUN_BEGIN epoch=4890114482714395483 run=11 kind=ble_backpressure owner=system_workqueue queue=1 custody=1 credit=0 retry=0 drain=1 src=11068027678940948070 dst=11068027678940948070 session=46661646 seq=14 type=86 sequence=0 previous=0 uptime=61358
DBG_STACK_SAMPLE_BEGIN epoch=4890114482714395483 run=11 sample=11 kind=ble_backpressure owner=system_workqueue queue=1 custody=1 credit=0 retry=0 drain=1 src=11068027678940948070 dst=11068027678940948070 session=46661646 seq=14 type=86 uptime=61359
DBG_STACK_ISR_CONFIG size=8192 run=11 sample=11
DBG_STACK name=BT RX WQ tid=0x2000fe28 used=760 free=776 size=1536 ret=0 run=11 sample=11
DBG_STACK name=mesh_route tid=0x2000d560 used=5888 free=2304 size=8192 ret=0 run=11 sample=11
DBG_STACK name=sysworkq tid=0x20010d80 used=2304 free=2176 size=4480 ret=0 run=11 sample=11
DBG_STACK name=MPSL Work tid=0x20010b38 used=376 free=648 size=1024 ret=0 run=11 sample=11
DBG_STACK name=logging tid=0x2000f930 used=480 free=1568 size=2048 ret=0 run=11 sample=11
DBG_STACK name=idle tid=0x20010c10 used=64 free=256 size=320 ret=0 run=11 sample=11
DBG_STACK_SAMPLE_END run=11 sample=11
DBG_STACK_RUN_END epoch=4890114482714395483 run=11 kind=ble_backpressure owner=system_workqueue outcome=ack queue=1 custody=0 credit=1 retry=0 drain=1 src=11068027678940948070 dst=11068027678940948070 session=46661646 seq=14 type=86 samples=1 sequence=0 previous=0 uptime=61375
DBG_GATEWAY_CH9_RX_CONT_RESULT start=61306 end=61807 ret=-116 fail=0 status=0x02000000 len=0 frames=0
DBG_GATEWAY_CH9_RX_CONT_ARM now=61809 rem=500 frames=0 errors=0
DBG_GATEWAY_CH9_RX_CONT_RESULT start=61809 end=62310 ret=-116 fail=0 status=0x00000000 len=0 frames=0
DBG_GATEWAY_CH9_RX_CONT_ARM now=62312 rem=500 frames=0 errors=0
DBG_GATEWAY_CH9_RX_CONT_RESULT start=62312 end=62813 ret=-116 fail=0 status=0x00000000 len=0 frames=0
DBG_GATEWAY_CH9_RX_CONT_ARM now=62815 rem=500 frames=0 errors=0
DBG_GATEWAY_CH9_RX_CONT_RESULT start=62815 end=63316 ret=-116 fail=0 status=0x00000000 len=0 frames=0
DBG_GATEWAY_CH9_RX_CONT_ARM now=63318 rem=500 frames=0 errors=0
DBG_GATEWAY_BLE event=disconnected reason=19 uptime=63562
DBG_GATEWAY_BLE event=recovery round=1 delay_ms=473 reason=disconnected uptime=63562
DBG_GATEWAY_CH9_RX_CONT_RESULT start=63318 end=63819 ret=-116 fail=0 status=0x00000000 len=0 frames=0
DBG_GATEWAY_CH9_RX_CONT_ARM now=63821 rem=500 frames=0 errors=0
DBG_GATEWAY_CH9_RX_CONT_RESULT start=63821 end=64322 ret=-116 fail=0 status=0x00000000 len=0 frames=0
DBG_GATEWAY_CH9_RX_CONT_ARM now=64324 rem=500 frames=0 errors=0
