BLE_CONNECTED gateway_id=0x9999888877776666 command=here-i-am session=386011094 frame=04c101400201010101010101116666777788889999d60f0217d60f01330101010410020c06ab04dc620607ae0b0101010304dc620607e803ae1301020310620102c8040604fa010104b5f80305ae05010305020153f700
BLE_CHUNK len=118 hex=47570128010601005604c800c800980266667777888899996666777788889999000000004e00709c014e0302000000000c006800d60f021700000000d60f0217d60f0000c8009802000000000000000000000000000000000000000000000000000000000000000000000000000000000000000000ff
BLE_PACKET type=0x56 src=0x9999888877776666 dst=0x9999888877776666 session=43516104 seq=200 payload=014e0302000000000c006800d60f021700000000d60f0217d60f0000c8009802000000000000000000000000000000000000000000000000000000000000000000000000000000000000000000ff
GATEWAY_COMMAND_EVENT GatewayCommandEvent(command_kind=3, stage=2, flags=0, attempt=0, command_status=0, reason=0, command_id=12, route_epoch=104, correlation_id=386011094, gateway_sequence=0, host_session_id=386011094, host_sequence=4054, event_sequence=43516104, anchor_id=0, pair_initiator_id=0, pair_responder_id=0, previous_hop_id=0, progress_count=0, total_count=0, success_count=0, failure_count=0, duplicate_count=0, lost_event_count=0, hop_count=0, discovery_slot=255)
BLE_HOST_RECEIPT type=0x56 src=0x9999888877776666 session=43516104 seq=200
BLE_CHUNK len=118 hex=47570128010601005604c900c900980266667777888899996666777788889999000000004e00387d014e0303000000000c006800d60f021700000000d60f0217d60f0000c9009802000000000000000000000000000000000000000000000000000000000000000000000000000000000000000000ff
BLE_PACKET type=0x56 src=0x9999888877776666 dst=0x9999888877776666 session=43516105 seq=201 payload=014e0303000000000c006800d60f021700000000d60f0217d60f0000c9009802000000000000000000000000000000000000000000000000000000000000000000000000000000000000000000ff
GATEWAY_COMMAND_EVENT GatewayCommandEvent(command_kind=3, stage=3, flags=0, attempt=0, command_status=0, reason=0, command_id=12, route_epoch=104, correlation_id=386011094, gateway_sequence=0, host_session_id=386011094, host_sequence=4054, event_sequence=43516105, anchor_id=0, pair_initiator_id=0, pair_responder_id=0, previous_hop_id=0, progress_count=0, total_count=0, success_count=0, failure_count=0, duplicate_count=0, lost_event_count=0, hop_count=0, discovery_slot=255)
BLE_HOST_RECEIPT type=0x56 src=0x9999888877776666 session=43516105 seq=201
BLE_CHUNK len=118 hex=47570128010601005604cb00cb00980266667777888899996666777788889999000000004e009034014e0304000100000c006800d60f0217ca009802d60f0217d60f0000cb009802000000000000000000000000000000000000000000000000000000000000000004000000000000000000000000ff
BLE_PACKET type=0x56 src=0x9999888877776666 dst=0x9999888877776666 session=43516107 seq=203 payload=014e0304000100000c006800d60f0217ca009802d60f0217d60f0000cb009802000000000000000000000000000000000000000000000000000000000000000004000000000000000000000000ff
GATEWAY_COMMAND_EVENT GatewayCommandEvent(command_kind=3, stage=4, flags=0, attempt=1, command_status=0, reason=0, command_id=12, route_epoch=104, correlation_id=386011094, gateway_sequence=43516106, host_session_id=386011094, host_sequence=4054, event_sequence=43516107, anchor_id=0, pair_initiator_id=0, pair_responder_id=0, previous_hop_id=0, progress_count=4, total_count=0, success_count=0, failure_count=0, duplicate_count=0, lost_event_count=0, hop_count=0, discovery_slot=255)
BLE_HOST_RECEIPT type=0x56 src=0x9999888877776666 session=43516107 seq=203
BLE_CHUNK len=51 hex=47570128010201004104d60fd60f021766667777888899996666777788889999000000000b00a18510020c00110200001e0100
BLE_PACKET type=0x41 src=0x9999888877776666 dst=0x9999888877776666 session=386011094 seq=4054 payload=10020c00110200001e0100
BLE_HOST_RECEIPT type=0x41 src=0x9999888877776666 session=386011094 seq=4054
BLE_CHUNK len=118 hex=47570128010600005604cc00cc00980266667777888899996666777788889999000000004e00f0a1014e030c030100000c006800d60f0217ca009802d60f0217d60f0000cc009802000000000000000000000000000000000000000000000000000000000000000004000000000000000000000000ff
BLE_PACKET type=0x56 src=0x9999888877776666 dst=0x9999888877776666 session=43516108 seq=204 payload=014e030c030100000c006800d60f0217ca009802d60f0217d60f0000cc009802000000000000000000000000000000000000000000000000000000000000000004000000000000000000000000ff
GATEWAY_COMMAND_EVENT GatewayCommandEvent(command_kind=3, stage=12, flags=3, attempt=1, command_status=0, reason=0, command_id=12, route_epoch=104, correlation_id=386011094, gateway_sequence=43516106, host_session_id=386011094, host_sequence=4054, event_sequence=43516108, anchor_id=0, pair_initiator_id=0, pair_responder_id=0, previous_hop_id=0, progress_count=4, total_count=0, success_count=0, failure_count=0, duplicate_count=0, lost_event_count=0, hop_count=0, discovery_slot=255)
BLE_HOST_RECEIPT type=0x56 src=0x9999888877776666 session=43516108 seq=204
HERE_I_AM_LOCAL_FLOOD_OK attempts=1 retries=0 delivery_claim=local-broadcast-only
BLE_CONNECTED gateway_id=0x9999888877776666 command=assign-slots session=386011095 frame=04c101400201010101010101116666777788889999d70f0217d70f011b010101081002040178020306ab04dc620607ae0b0101010304dc620605e8035b1600
BLE_CHUNK len=118 hex=47570128010601005604cd00cd00980266667777888899996666777788889999000000004e00e3af014e01020000000004016800d70f021700000000d70f0217d70f0000cd009802000000000000000000000000000000000000000000000000000000000000000000000000000000000000000000ff
BLE_PACKET type=0x56 src=0x9999888877776666 dst=0x9999888877776666 session=43516109 seq=205 payload=014e01020000000004016800d70f021700000000d70f0217d70f0000cd009802000000000000000000000000000000000000000000000000000000000000000000000000000000000000000000ff
GATEWAY_COMMAND_EVENT GatewayCommandEvent(command_kind=1, stage=2, flags=0, attempt=0, command_status=0, reason=0, command_id=260, route_epoch=104, correlation_id=386011095, gateway_sequence=0, host_session_id=386011095, host_sequence=4055, event_sequence=43516109, anchor_id=0, pair_initiator_id=0, pair_responder_id=0, previous_hop_id=0, progress_count=0, total_count=0, success_count=0, failure_count=0, duplicate_count=0, lost_event_count=0, hop_count=0, discovery_slot=255)
BLE_HOST_RECEIPT type=0x56 src=0x9999888877776666 session=43516109 seq=205
BLE_CHUNK len=118 hex=47570128010601005604ce00ce00980266667777888899996666777788889999000000004e00476a014e01030000000004016800d70f021700000000d70f0217d70f0000ce009802000000000000000000000000000000000000000000000000000000000000000000000000000000000000000000ff
BLE_PACKET type=0x56 src=0x9999888877776666 dst=0x9999888877776666 session=43516110 seq=206 payload=014e01030000000004016800d70f021700000000d70f0217d70f0000ce009802000000000000000000000000000000000000000000000000000000000000000000000000000000000000000000ff
GATEWAY_COMMAND_EVENT GatewayCommandEvent(command_kind=1, stage=3, flags=0, attempt=0, command_status=0, reason=0, command_id=260, route_epoch=104, correlation_id=386011095, gateway_sequence=0, host_session_id=386011095, host_sequence=4055, event_sequence=43516110, anchor_id=0, pair_initiator_id=0, pair_responder_id=0, previous_hop_id=0, progress_count=0, total_count=0, success_count=0, failure_count=0, duplicate_count=0, lost_event_count=0, hop_count=0, discovery_slot=255)
BLE_HOST_RECEIPT type=0x56 src=0x9999888877776666 session=43516110 seq=206
BLE_CHUNK len=118 hex=47570128010601005604d000d000980266667777888899996666777788889999000000004e0036ca014e01030000000004016800d70f0217cf009802d70f0217d70f0000d0009802000000000000000000000000000000000000000000000000000000000000000000000000000000000000000000ff
BLE_PACKET type=0x56 src=0x9999888877776666 dst=0x9999888877776666 session=43516112 seq=208 payload=014e01030000000004016800d70f0217cf009802d70f0217d70f0000d0009802000000000000000000000000000000000000000000000000000000000000000000000000000000000000000000ff
GATEWAY_COMMAND_EVENT GatewayCommandEvent(command_kind=1, stage=3, flags=0, attempt=0, command_status=0, reason=0, command_id=260, route_epoch=104, correlation_id=386011095, gateway_sequence=43516111, host_session_id=386011095, host_sequence=4055, event_sequence=43516112, anchor_id=0, pair_initiator_id=0, pair_responder_id=0, previous_hop_id=0, progress_count=0, total_count=0, success_count=0, failure_count=0, duplicate_count=0, lost_event_count=0, hop_count=0, discovery_slot=255)
BLE_HOST_RECEIPT type=0x56 src=0x9999888877776666 session=43516112 seq=208
BLE_CHUNK len=118 hex=47570128010601005604d200d200980266667777888899996666777788889999000000004e000293014e01040001000004016800d70f0217cf009802d70f0217d70f0000d2009802000000000000000000000000000000000000000000000000000000000000000000000000000000000000000000ff
BLE_PACKET type=0x56 src=0x9999888877776666 dst=0x9999888877776666 session=43516114 seq=210 payload=014e01040001000004016800d70f0217cf009802d70f0217d70f0000d2009802000000000000000000000000000000000000000000000000000000000000000000000000000000000000000000ff
GATEWAY_COMMAND_EVENT GatewayCommandEvent(command_kind=1, stage=4, flags=0, attempt=1, command_status=0, reason=0, command_id=260, route_epoch=104, correlation_id=386011095, gateway_sequence=43516111, host_session_id=386011095, host_sequence=4055, event_sequence=43516114, anchor_id=0, pair_initiator_id=0, pair_responder_id=0, previous_hop_id=0, progress_count=0, total_count=0, success_count=0, failure_count=0, duplicate_count=0, lost_event_count=0, hop_count=0, discovery_slot=255)
BLE_HOST_RECEIPT type=0x56 src=0x9999888877776666 session=43516114 seq=210
BLE_CHUNK len=118 hex=47570128010601005604d300d300980266667777888899996666777788889999000000004e004795014e01060000000004016800d70f0217cf009802d70f0217d70f0000d30098020e3070b9aac08b70000000000000000000000000000000000e3070b9aac08b7001000000000000000000000001ff
BLE_PACKET type=0x56 src=0x9999888877776666 dst=0x9999888877776666 session=43516115 seq=211 payload=014e01060000000004016800d70f0217cf009802d70f0217d70f0000d30098020e3070b9aac08b70000000000000000000000000000000000e3070b9aac08b7001000000000000000000000001ff
GATEWAY_COMMAND_EVENT GatewayCommandEvent(command_kind=1, stage=6, flags=0, attempt=0, command_status=0, reason=0, command_id=260, route_epoch=104, correlation_id=386011095, gateway_sequence=43516111, host_session_id=386011095, host_sequence=4055, event_sequence=43516115, anchor_id=8109787393498820622, pair_initiator_id=0, pair_responder_id=0, previous_hop_id=8109787393498820622, progress_count=1, total_count=0, success_count=0, failure_count=0, duplicate_count=0, lost_event_count=0, hop_count=1, discovery_slot=255)
BLE_HOST_RECEIPT type=0x56 src=0x9999888877776666 session=43516115 seq=211
BLE_CHUNK len=118 hex=47570128010601005604d400d400980266667777888899996666777788889999000000004e0044b9014e01060000000004016800d70f0217cf009802d70f0217d70f0000d400980241d1f64afe25da560000000000000000000000000000000007cbc8c619961a1902000000000000000000000002ff
BLE_PACKET type=0x56 src=0x9999888877776666 dst=0x9999888877776666 session=43516116 seq=212 payload=014e01060000000004016800d70f0217cf009802d70f0217d70f0000d400980241d1f64afe25da560000000000000000000000000000000007cbc8c619961a1902000000000000000000000002ff
GATEWAY_COMMAND_EVENT GatewayCommandEvent(command_kind=1, stage=6, flags=0, attempt=0, command_status=0, reason=0, command_id=260, route_epoch=104, correlation_id=386011095, gateway_sequence=43516111, host_session_id=386011095, host_sequence=4055, event_sequence=43516116, anchor_id=6258356406294335809, pair_initiator_id=0, pair_responder_id=0, previous_hop_id=1808923237796072199, progress_count=2, total_count=0, success_count=0, failure_count=0, duplicate_count=0, lost_event_count=0, hop_count=2, discovery_slot=255)
BLE_HOST_RECEIPT type=0x56 src=0x9999888877776666 session=43516116 seq=212
BLE_CHUNK len=118 hex=47570128010601005604d900d900980266667777888899996666777788889999000000004e0039eb014e01060000000004016800d70f0217cf009802d70f0217d70f0000d90098020e3070b9aac08b700000000000000000000000000000000000000000000000000100020001000000000000000100
BLE_PACKET type=0x56 src=0x9999888877776666 dst=0x9999888877776666 session=43516121 seq=217 payload=014e01060000000004016800d70f0217cf009802d70f0217d70f0000d90098020e3070b9aac08b700000000000000000000000000000000000000000000000000100020001000000000000000100
GATEWAY_COMMAND_EVENT GatewayCommandEvent(command_kind=1, stage=6, flags=0, attempt=0, command_status=0, reason=0, command_id=260, route_epoch=104, correlation_id=386011095, gateway_sequence=43516111, host_session_id=386011095, host_sequence=4055, event_sequence=43516121, anchor_id=8109787393498820622, pair_initiator_id=0, pair_responder_id=0, previous_hop_id=0, progress_count=1, total_count=2, success_count=1, failure_count=0, duplicate_count=0, lost_event_count=0, hop_count=1, discovery_slot=0)
BLE_HOST_RECEIPT type=0x56 src=0x9999888877776666 session=43516121 seq=217
BLE_CHUNK len=51 hex=47570128010201004104d70fd70f021766667777888899996666777788889999000000000b00cfcb10020401110200001e0102
BLE_PACKET type=0x41 src=0x9999888877776666 dst=0x9999888877776666 session=386011095 seq=4055 payload=10020401110200001e0102
BLE_HOST_RECEIPT type=0x41 src=0x9999888877776666 session=386011095 seq=4055
BLE_CHUNK len=118 hex=47570128010601005604da00da00980266667777888899996666777788889999000000004e00e3aa014e01060000000004016800d70f0217cf009802d70f0217d70f0000da00980241d1f64afe25da560000000000000000000000000000000000000000000000000200020001000000000000000201
BLE_PACKET type=0x56 src=0x9999888877776666 dst=0x9999888877776666 session=43516122 seq=218 payload=014e01060000000004016800d70f0217cf009802d70f0217d70f0000da00980241d1f64afe25da560000000000000000000000000000000000000000000000000200020001000000000000000201
GATEWAY_COMMAND_EVENT GatewayCommandEvent(command_kind=1, stage=6, flags=0, attempt=0, command_status=0, reason=0, command_id=260, route_epoch=104, correlation_id=386011095, gateway_sequence=43516111, host_session_id=386011095, host_sequence=4055, event_sequence=43516122, anchor_id=6258356406294335809, pair_initiator_id=0, pair_responder_id=0, previous_hop_id=0, progress_count=2, total_count=2, success_count=1, failure_count=0, duplicate_count=0, lost_event_count=0, hop_count=2, discovery_slot=1)
BLE_HOST_RECEIPT type=0x56 src=0x9999888877776666 session=43516122 seq=218
BLE_CHUNK len=118 hex=47570128010601005604db00db00980266667777888899996666777788889999000000004e0025bd014e01070000000004016800d70f0217cf009802d70f0217d70f0000db009802000000000000000000000000000000000000000000000000000000000000000002000200020000000000000000ff
BLE_PACKET type=0x56 src=0x9999888877776666 dst=0x9999888877776666 session=43516123 seq=219 payload=014e01070000000004016800d70f0217cf009802d70f0217d70f0000db009802000000000000000000000000000000000000000000000000000000000000000002000200020000000000000000ff
GATEWAY_COMMAND_EVENT GatewayCommandEvent(command_kind=1, stage=7, flags=0, attempt=0, command_status=0, reason=0, command_id=260, route_epoch=104, correlation_id=386011095, gateway_sequence=43516111, host_session_id=386011095, host_sequence=4055, event_sequence=43516123, anchor_id=0, pair_initiator_id=0, pair_responder_id=0, previous_hop_id=0, progress_count=2, total_count=2, success_count=2, failure_count=0, duplicate_count=0, lost_event_count=0, hop_count=0, discovery_slot=255)
BLE_HOST_RECEIPT type=0x56 src=0x9999888877776666 session=43516123 seq=219
BLE_CHUNK len=118 hex=47570128010601005604dc00dc00980266667777888899996666777788889999000000004e00ed88014e01080001000604016800d70f0217cf009802d70f0217d70f0000dc009802000000000000000000000000000000000000000000000000000000000000000002000200000000000000000000ff
BLE_PACKET type=0x56 src=0x9999888877776666 dst=0x9999888877776666 session=43516124 seq=220 payload=014e01080001000604016800d70f0217cf009802d70f0217d70f0000dc009802000000000000000000000000000000000000000000000000000000000000000002000200000000000000000000ff
GATEWAY_COMMAND_EVENT GatewayCommandEvent(command_kind=1, stage=8, flags=0, attempt=1, command_status=0, reason=6, command_id=260, route_epoch=104, correlation_id=386011095, gateway_sequence=43516111, host_session_id=386011095, host_sequence=4055, event_sequence=43516124, anchor_id=0, pair_initiator_id=0, pair_responder_id=0, previous_hop_id=0, progress_count=2, total_count=2, success_count=0, failure_count=0, duplicate_count=0, lost_event_count=0, hop_count=0, discovery_slot=255)
BLE_HOST_RECEIPT type=0x56 src=0x9999888877776666 session=43516124 seq=220
BLE_CHUNK len=118 hex=47570128010600005604dd00dd00980266667777888899996666777788889999000000004e000089014e010c0100000604016800d70f0217cf009802d70f0217d70f0000dd009802000000000000000000000000000000000000000000000000000000000000000002000300020001000000000000ff
BLE_PACKET type=0x56 src=0x9999888877776666 dst=0x9999888877776666 session=43516125 seq=221 payload=014e010c0100000604016800d70f0217cf009802d70f0217d70f0000dd009802000000000000000000000000000000000000000000000000000000000000000002000300020001000000000000ff
GATEWAY_COMMAND_EVENT GatewayCommandEvent(command_kind=1, stage=12, flags=1, attempt=0, command_status=0, reason=6, command_id=260, route_epoch=104, correlation_id=386011095, gateway_sequence=43516111, host_session_id=386011095, host_sequence=4055, event_sequence=43516125, anchor_id=0, pair_initiator_id=0, pair_responder_id=0, previous_hop_id=0, progress_count=2, total_count=3, success_count=2, failure_count=1, duplicate_count=0, lost_event_count=0, hop_count=0, discovery_slot=255)
BLE_HOST_RECEIPT type=0x56 src=0x9999888877776666 session=43516125 seq=221
Traceback (most recent call last):
  File "/home/tommie/Projects/IMEC2/firmware/scripts/provision_mesh_anchor.py", line 2267, in <module>
    main()
    ~~~~^^
  File "/home/tommie/Projects/IMEC2/firmware/scripts/provision_mesh_anchor.py", line 2263, in main
    asyncio.run(run(args))
    ~~~~~~~~~~~^^^^^^^^^^^
  File "/home/tommie/.local/share/uv/python/cpython-3.13.11-linux-x86_64-gnu/lib/python3.13/asyncio/runners.py", line 195, in run
    return runner.run(main)
           ~~~~~~~~~~^^^^^^
  File "/home/tommie/.local/share/uv/python/cpython-3.13.11-linux-x86_64-gnu/lib/python3.13/asyncio/runners.py", line 118, in run
    return self._loop.run_until_complete(task)
           ~~~~~~~~~~~~~~~~~~~~~~~~~~~~~^^^^^^
  File "/home/tommie/.local/share/uv/python/cpython-3.13.11-linux-x86_64-gnu/lib/python3.13/asyncio/base_events.py", line 725, in run_until_complete
    return future.result()
           ~~~~~~~~~~~~~^^
  File "/home/tommie/Projects/IMEC2/firmware/scripts/provision_mesh_anchor.py", line 1859, in run
    await await_qualification(
    ...<4 lines>...
    )
  File "/home/tommie/Projects/IMEC2/firmware/scripts/provision_mesh_anchor.py", line 1575, in await_qualification
    current.validate()
    ~~~~~~~~~~~~~~~~^^
  File "/home/tommie/Projects/IMEC2/firmware/scripts/provision_mesh_anchor.py", line 715, in validate
    raise RuntimeError("assignment qualification failed: " + "; ".join(self.errors))
RuntimeError: assignment qualification failed: assignment collection-complete count is not exact; assignment table-publication event is not exact; assignment terminal preceded required lifecycle progress; expected 3 unique anchor claims, got 2; expected 3 published slot mappings, got 2; successful assignment table publication was not observed; anchor 0x56da25fe4af6d141 has multihop predecessor 0x191a9619c6c8cb07 outside the qualified roster; terminal assignment counters do not prove every table ACK completed (status=0 reason=6 total=3 success=2 failure=1 lost=0)
