BLE_CONNECTED gateway_id=0x9999888877776666 command=here-i-am session=764021618 frame=04c101400201010101010101116666777788889999720b8a2d720b01330101010410020c06ab04dc620607ae0b0101010304dc620607e803ae1301020310620102c8040604fa010104b5f80305ae05010305020118a100
BLE_CHUNK len=118 hex=4757012801060100560401000100900266667777888899996666777788889999000000004e006ffe014e0302000000000c006600720b8a2d00000000720b8a2d720b000001009002000000000000000000000000000000000000000000000000000000000000000000000000000000000000000000ff
BLE_PACKET type=0x56 src=0x9999888877776666 dst=0x9999888877776666 session=42991617 seq=1 payload=014e0302000000000c006600720b8a2d00000000720b8a2d720b000001009002000000000000000000000000000000000000000000000000000000000000000000000000000000000000000000ff
GATEWAY_COMMAND_EVENT GatewayCommandEvent(command_kind=3, stage=2, flags=0, attempt=0, command_status=0, reason=0, command_id=12, route_epoch=102, correlation_id=764021618, gateway_sequence=0, host_session_id=764021618, host_sequence=2930, event_sequence=42991617, anchor_id=0, pair_initiator_id=0, pair_responder_id=0, previous_hop_id=0, progress_count=0, total_count=0, success_count=0, failure_count=0, duplicate_count=0, lost_event_count=0, hop_count=0, discovery_slot=255)
BLE_HOST_RECEIPT type=0x56 src=0x9999888877776666 session=42991617 seq=1
BLE_CHUNK len=118 hex=4757012801060100560402000200900266667777888899996666777788889999000000004e00cb3b014e0303000000000c006600720b8a2d00000000720b8a2d720b000002009002000000000000000000000000000000000000000000000000000000000000000000000000000000000000000000ff
BLE_PACKET type=0x56 src=0x9999888877776666 dst=0x9999888877776666 session=42991618 seq=2 payload=014e0303000000000c006600720b8a2d00000000720b8a2d720b000002009002000000000000000000000000000000000000000000000000000000000000000000000000000000000000000000ff
GATEWAY_COMMAND_EVENT GatewayCommandEvent(command_kind=3, stage=3, flags=0, attempt=0, command_status=0, reason=0, command_id=12, route_epoch=102, correlation_id=764021618, gateway_sequence=0, host_session_id=764021618, host_sequence=2930, event_sequence=42991618, anchor_id=0, pair_initiator_id=0, pair_responder_id=0, previous_hop_id=0, progress_count=0, total_count=0, success_count=0, failure_count=0, duplicate_count=0, lost_event_count=0, hop_count=0, discovery_slot=255)
BLE_HOST_RECEIPT type=0x56 src=0x9999888877776666 session=42991618 seq=2
BLE_CHUNK len=118 hex=4757012801060100560404000400900266667777888899996666777788889999000000004e003829014e0304000100000c006600720b8a2d03009002720b8a2d720b000004009002000000000000000000000000000000000000000000000000000000000000000004000000000000000000000000ff
BLE_PACKET type=0x56 src=0x9999888877776666 dst=0x9999888877776666 session=42991620 seq=4 payload=014e0304000100000c006600720b8a2d03009002720b8a2d720b000004009002000000000000000000000000000000000000000000000000000000000000000004000000000000000000000000ff
GATEWAY_COMMAND_EVENT GatewayCommandEvent(command_kind=3, stage=4, flags=0, attempt=1, command_status=0, reason=0, command_id=12, route_epoch=102, correlation_id=764021618, gateway_sequence=42991619, host_session_id=764021618, host_sequence=2930, event_sequence=42991620, anchor_id=0, pair_initiator_id=0, pair_responder_id=0, previous_hop_id=0, progress_count=4, total_count=0, success_count=0, failure_count=0, duplicate_count=0, lost_event_count=0, hop_count=0, discovery_slot=255)
BLE_HOST_RECEIPT type=0x56 src=0x9999888877776666 session=42991620 seq=4
BLE_CHUNK len=51 hex=47570128010201004104720b720b8a2d66667777888899996666777788889999000000000b00a18510020c00110200001e0100
BLE_PACKET type=0x41 src=0x9999888877776666 dst=0x9999888877776666 session=764021618 seq=2930 payload=10020c00110200001e0100
BLE_HOST_RECEIPT type=0x41 src=0x9999888877776666 session=764021618 seq=2930
BLE_CHUNK len=118 hex=4757012801060000560405000500900266667777888899996666777788889999000000004e006cd1014e030c030100000c006600720b8a2d03009002720b8a2d720b000005009002000000000000000000000000000000000000000000000000000000000000000004000000000000000000000000ff
BLE_PACKET type=0x56 src=0x9999888877776666 dst=0x9999888877776666 session=42991621 seq=5 payload=014e030c030100000c006600720b8a2d03009002720b8a2d720b000005009002000000000000000000000000000000000000000000000000000000000000000004000000000000000000000000ff
GATEWAY_COMMAND_EVENT GatewayCommandEvent(command_kind=3, stage=12, flags=3, attempt=1, command_status=0, reason=0, command_id=12, route_epoch=102, correlation_id=764021618, gateway_sequence=42991619, host_session_id=764021618, host_sequence=2930, event_sequence=42991621, anchor_id=0, pair_initiator_id=0, pair_responder_id=0, previous_hop_id=0, progress_count=4, total_count=0, success_count=0, failure_count=0, duplicate_count=0, lost_event_count=0, hop_count=0, discovery_slot=255)
BLE_HOST_RECEIPT type=0x56 src=0x9999888877776666 session=42991621 seq=5
HERE_I_AM_LOCAL_FLOOD_OK attempts=1 retries=0 delivery_claim=local-broadcast-only
BLE_CONNECTED gateway_id=0x9999888877776666 command=assign-slots session=764021619 frame=04c101400201010101010101116666777788889999730b8a2d730b011b010101081002040178020306ab04dc620607ae0b0101010304dc620605e8034b4700
BLE_CHUNK len=118 hex=4757012801060100560406000600900266667777888899996666777788889999000000004e0010e9014e01020000000004016600730b8a2d00000000730b8a2d730b000006009002000000000000000000000000000000000000000000000000000000000000000000000000000000000000000000ff
BLE_PACKET type=0x56 src=0x9999888877776666 dst=0x9999888877776666 session=42991622 seq=6 payload=014e01020000000004016600730b8a2d00000000730b8a2d730b000006009002000000000000000000000000000000000000000000000000000000000000000000000000000000000000000000ff
GATEWAY_COMMAND_EVENT GatewayCommandEvent(command_kind=1, stage=2, flags=0, attempt=0, command_status=0, reason=0, command_id=260, route_epoch=102, correlation_id=764021619, gateway_sequence=0, host_session_id=764021619, host_sequence=2931, event_sequence=42991622, anchor_id=0, pair_initiator_id=0, pair_responder_id=0, previous_hop_id=0, progress_count=0, total_count=0, success_count=0, failure_count=0, duplicate_count=0, lost_event_count=0, hop_count=0, discovery_slot=255)
BLE_HOST_RECEIPT type=0x56 src=0x9999888877776666 session=42991622 seq=6
BLE_CHUNK len=118 hex=4757012801060100560407000700900266667777888899996666777788889999000000004e005808014e01030000000004016600730b8a2d00000000730b8a2d730b000007009002000000000000000000000000000000000000000000000000000000000000000000000000000000000000000000ff
BLE_PACKET type=0x56 src=0x9999888877776666 dst=0x9999888877776666 session=42991623 seq=7 payload=014e01030000000004016600730b8a2d00000000730b8a2d730b000007009002000000000000000000000000000000000000000000000000000000000000000000000000000000000000000000ff
GATEWAY_COMMAND_EVENT GatewayCommandEvent(command_kind=1, stage=3, flags=0, attempt=0, command_status=0, reason=0, command_id=260, route_epoch=102, correlation_id=764021619, gateway_sequence=0, host_session_id=764021619, host_sequence=2931, event_sequence=42991623, anchor_id=0, pair_initiator_id=0, pair_responder_id=0, previous_hop_id=0, progress_count=0, total_count=0, success_count=0, failure_count=0, duplicate_count=0, lost_event_count=0, hop_count=0, discovery_slot=255)
BLE_HOST_RECEIPT type=0x56 src=0x9999888877776666 session=42991623 seq=7
BLE_CHUNK len=118 hex=4757012801060100560409000900900266667777888899996666777788889999010000004e00816b014e01030000000004016600730b8a2d08009002730b8a2d730b000009009002000000000000000000000000000000000000000000000000000000000000000000000000000000000000000000ff
BLE_PACKET type=0x56 src=0x9999888877776666 dst=0x9999888877776666 session=42991625 seq=9 payload=014e01030000000004016600730b8a2d08009002730b8a2d730b000009009002000000000000000000000000000000000000000000000000000000000000000000000000000000000000000000ff
GATEWAY_COMMAND_EVENT GatewayCommandEvent(command_kind=1, stage=3, flags=0, attempt=0, command_status=0, reason=0, command_id=260, route_epoch=102, correlation_id=764021619, gateway_sequence=42991624, host_session_id=764021619, host_sequence=2931, event_sequence=42991625, anchor_id=0, pair_initiator_id=0, pair_responder_id=0, previous_hop_id=0, progress_count=0, total_count=0, success_count=0, failure_count=0, duplicate_count=0, lost_event_count=0, hop_count=0, discovery_slot=255)
BLE_HOST_RECEIPT type=0x56 src=0x9999888877776666 session=42991625 seq=9
BLE_CHUNK len=118 hex=475701280106010056040b000b00900266667777888899996666777788889999000000004e00b532014e01040001000004016600730b8a2d08009002730b8a2d730b00000b009002000000000000000000000000000000000000000000000000000000000000000000000000000000000000000000ff
BLE_PACKET type=0x56 src=0x9999888877776666 dst=0x9999888877776666 session=42991627 seq=11 payload=014e01040001000004016600730b8a2d08009002730b8a2d730b00000b009002000000000000000000000000000000000000000000000000000000000000000000000000000000000000000000ff
GATEWAY_COMMAND_EVENT GatewayCommandEvent(command_kind=1, stage=4, flags=0, attempt=1, command_status=0, reason=0, command_id=260, route_epoch=102, correlation_id=764021619, gateway_sequence=42991624, host_session_id=764021619, host_sequence=2931, event_sequence=42991627, anchor_id=0, pair_initiator_id=0, pair_responder_id=0, previous_hop_id=0, progress_count=0, total_count=0, success_count=0, failure_count=0, duplicate_count=0, lost_event_count=0, hop_count=0, discovery_slot=255)
BLE_HOST_RECEIPT type=0x56 src=0x9999888877776666 session=42991627 seq=11
BLE_CHUNK len=118 hex=475701280106010056040c000c00900266667777888899996666777788889999000000004e00c459014e01060000000004016600730b8a2d08009002730b8a2d730b00000c0090020e3070b9aac08b70000000000000000000000000000000000e3070b9aac08b7001000000000000000000000001ff
BLE_PACKET type=0x56 src=0x9999888877776666 dst=0x9999888877776666 session=42991628 seq=12 payload=014e01060000000004016600730b8a2d08009002730b8a2d730b00000c0090020e3070b9aac08b70000000000000000000000000000000000e3070b9aac08b7001000000000000000000000001ff
GATEWAY_COMMAND_EVENT GatewayCommandEvent(command_kind=1, stage=6, flags=0, attempt=0, command_status=0, reason=0, command_id=260, route_epoch=102, correlation_id=764021619, gateway_sequence=42991624, host_session_id=764021619, host_sequence=2931, event_sequence=42991628, anchor_id=8109787393498820622, pair_initiator_id=0, pair_responder_id=0, previous_hop_id=8109787393498820622, progress_count=1, total_count=0, success_count=0, failure_count=0, duplicate_count=0, lost_event_count=0, hop_count=1, discovery_slot=255)
BLE_HOST_RECEIPT type=0x56 src=0x9999888877776666 session=42991628 seq=12
BLE_CHUNK len=118 hex=475701280106010056040d000d00900266667777888899996666777788889999000000004e00248e014e01060000000004016600730b8a2d08009002730b8a2d730b00000d00900207cbc8c619961a190000000000000000000000000000000007cbc8c619961a1902000000000000000000000001ff
BLE_PACKET type=0x56 src=0x9999888877776666 dst=0x9999888877776666 session=42991629 seq=13 payload=014e01060000000004016600730b8a2d08009002730b8a2d730b00000d00900207cbc8c619961a190000000000000000000000000000000007cbc8c619961a1902000000000000000000000001ff
GATEWAY_COMMAND_EVENT GatewayCommandEvent(command_kind=1, stage=6, flags=0, attempt=0, command_status=0, reason=0, command_id=260, route_epoch=102, correlation_id=764021619, gateway_sequence=42991624, host_session_id=764021619, host_sequence=2931, event_sequence=42991629, anchor_id=1808923237796072199, pair_initiator_id=0, pair_responder_id=0, previous_hop_id=1808923237796072199, progress_count=2, total_count=0, success_count=0, failure_count=0, duplicate_count=0, lost_event_count=0, hop_count=1, discovery_slot=255)
BLE_HOST_RECEIPT type=0x56 src=0x9999888877776666 session=42991629 seq=13
BLE_CHUNK len=51 hex=47570128010201004144730b730b8a2d66667777888899996666777788889999000000000b00dac810020401110205001e0100
BLE_PACKET type=0x41 src=0x9999888877776666 dst=0x9999888877776666 session=764021619 seq=2931 payload=10020401110205001e0100
BLE_HOST_RECEIPT type=0x41 src=0x9999888877776666 session=764021619 seq=2931
Traceback (most recent call last):
  File "/home/tommie/Projects/IMEC2/firmware/scripts/provision_mesh_anchor.py", line 2267, in <module>
    main()
    ~~~~^^
  File "/home/tommie/Projects/IMEC2/firmware/scripts/provision_mesh_anchor.py", line 2263, in main
    asyncio.run(run(args))
    ~~~~~~~~~~~^^^^^^^^^^^
  File "/home/tommie/.local/share/uv/python/cpython-3.13.11-linux-x86_64-gnu/lib/python3.13/asyncio/runners.py", line 195, in run
    return runner.run(main)
           ~~~~~~~~~~^^^^^^
  File "/home/tommie/.local/share/uv/python/cpython-3.13.11-linux-x86_64-gnu/lib/python3.13/asyncio/runners.py", line 118, in run
    return self._loop.run_until_complete(task)
           ~~~~~~~~~~~~~~~~~~~~~~~~~~~~~^^^^^^
  File "/home/tommie/.local/share/uv/python/cpython-3.13.11-linux-x86_64-gnu/lib/python3.13/asyncio/base_events.py", line 725, in run_until_complete
    return future.result()
           ~~~~~~~~~~~~~^^
  File "/home/tommie/Projects/IMEC2/firmware/scripts/provision_mesh_anchor.py", line 1859, in run
    await await_qualification(
    ...<4 lines>...
    )
  File "/home/tommie/Projects/IMEC2/firmware/scripts/provision_mesh_anchor.py", line 1575, in await_qualification
    current.validate()
    ~~~~~~~~~~~~~~~~^^
  File "/home/tommie/Projects/IMEC2/firmware/scripts/provision_mesh_anchor.py", line 715, in validate
    raise RuntimeError("assignment qualification failed: " + "; ".join(self.errors))
RuntimeError: assignment qualification failed: gateway command failed before lifecycle terminal (command=260 status=5 reason=0); expected 3 unique anchor claims, got 2; expected 3 published slot mappings, got 0; assignment collection-complete event was not received; successful assignment table publication was not observed; matching assignment terminal event was not received
