[34m0000538[0m [36mI[0m Target type is nrf52833 [2m[board][0m
[34m0000560[0m [36mI[0m Performing connect pre-reset [2m[coresight_target][0m
[34m0000811[0m [36mI[0m DAP is not accessible after reset; attempting reconnect [2m[dap][0m
[34m0000919[0m [36mI[0m DP IDR = 0x2ba01477 (v1 rev2) [2m[dap][0m
[34m0000925[0m [36mI[0m AHB-AP#0 IDR = 0x24770011 (AHB-AP var1 rev2) [2m[discovery][0m
[34m0000926[0m [36mI[0m AP#1 IDR = 0x02880000 (AP var0 rev0) [2m[discovery][0m
[34m0000927[0m [36mI[0m NRF52833 not in secure state [2m[target_nRF52][0m
[34m0000930[0m [36mI[0m AHB-AP#0 Class 0x1 ROM table #0 @ 0xe00ff000 (designer=244 part=00d) [2m[rom_table][0m
[34m0000933[0m [36mI[0m [0]<e000e000:SCS v7-M class=14 designer=43b:Arm part=00c> [2m[rom_table][0m
[34m0000934[0m [36mI[0m [1]<e0001000:DWT v7-M class=14 designer=43b:Arm part=002> [2m[rom_table][0m
[34m0000936[0m [36mI[0m [2]<e0002000:FPB v7-M class=14 designer=43b:Arm part=003> [2m[rom_table][0m
[34m0000937[0m [36mI[0m [3]<e0000000:ITM v7-M class=14 designer=43b:Arm part=001> [2m[rom_table][0m
[34m0000940[0m [36mI[0m [4]<e0040000:TPIU M4 class=9 designer=43b:Arm part=9a1 devtype=11 archid=0000 devid=ca1:0:0> [2m[rom_table][0m
[34m0000942[0m [36mI[0m [5]<e0041000:ETM M4 class=9 designer=43b:Arm part=925 devtype=13 archid=0000 devid=0:0:0> [2m[rom_table][0m
[34m0000946[0m [36mI[0m CPU core #0: Cortex-M4 r0p1, v7.0-M architecture [2m[cortex_m][0m
[34m0000946[0m [36mI[0m   Extensions: [DSP, FPU, FPU_V4, MPU] [2m[cortex_m][0m
[34m0000946[0m [36mI[0m   FPU present: FPv4-SP-D16-M [2m[cortex_m][0m
[34m0000950[0m [36mI[0m This appears to be an nRF52833 AA B0 [2m[target_nRF52][0m
[34m0000956[0m [36mI[0m 4 hardware watchpoints [2m[dwt][0m
[34m0000957[0m [36mI[0m 6 hardware breakpoints, 4 literal comparators [2m[fpb][0m
[34m0000976[0m [36mI[0m 3 up channels and 3 down channels found [2m[rtt_cmd][0m
[34m0000976[0m [36mI[0m Reading from up channel 0 ("Terminal") [2m[rtt_cmd][0m
[34m0000978[0m [36mI[0m Writing to down channel 0 ("Terminal") [2m[rtt_cmd][0m
DBG_STACK_BOOT preset=mesh_gateway build=imec-stack-v1:mesh_gateway:ef598760ad091ed9f2e45293a9190a0b9065f1b7e09bf81faefd77bbb228b932 epoch=6458762704145168284 uptime=2
mesh node identity: ficr=0xeefc9670907f2ef7 node=0x9999888877776666 preset=mesh_gateway
DBG_LED_SELFTEST_CH5_RX
DBG_DIRECT_GW_PROBE_BOOT resetreas=0x00000000 phase=none
DBG_NODE_COMM_BOOT stage=init ret=0 running=1 uptime=1008
DBG_GATEWAY_BOOT stage=ble_begin uptime=1017
DBG_GATEWAY_BLE stage=entry enabled=1 uptime=1017
DBG_GATEWAY_BLE stage=bt_enable ret=0 uptime=1023
DBG_GATEWAY_BLE stage=adv_start ret=0 active=1 quiet=0 uptime=1025
DBG_GATEWAY_BOOT stage=ble_done ret=0 uptime=1025
DBG_GATEWAY_BOOT stage=ch9_begin uptime=1025
DBG_GATEWAY_RX_START reason=gateway startup active=1 qrx=0 qtx=0 adv_due=0
DBG_GATEWAY_BOOT stage=ch9_done ret=0 uptime=1025
DBG_COORD state=gateway-rx owner=uwb-rx reason=gateway-rx rx=0 tx=0 relay=0 route=0 ack=0 qack=0
DBG_DWM_INVALIDATE tag=configure_radio_from_reset active_phy=0 configured=0 awake=0
DBG_GATEWAY_CH9_RX_CONT_RESULT start=12113 end=12614 ret=-116 fail=0 status=0x00000000 len=0 frames=0
DBG_GATEWAY_CH9_RX_CONT_ARM now=12616 rem=500 frames=0 errors=0
DBG_GATEWAY_CH9_RX_CONT_RESULT start=12616 end=13117 ret=-116 fail=0 status=0x00000000 len=0 frames=0
DBG_GATEWAY_CH9_RX_CONT_ARM now=13119 rem=500 frames=0 errors=0
DBG_GATEWAY_CH9_RX_CONT_RESULT start=13119 end=13620 ret=-116 fail=0 status=0x00000000 len=0 frames=0
DBG_GATEWAY_CH9_RX_CONT_ARM now=13622 rem=500 frames=0 errors=0
DBG_GATEWAY_CH9_RX_CONT_RESULT start=13622 end=14123 ret=-116 fail=0 status=0x00000000 len=0 frames=0
DBG_GATEWAY_CH9_RX_CONT_ARM now=14125 rem=500 frames=0 errors=0
DBG_GATEWAY_CH9_RX_CONT_RESULT start=14125 end=14626 ret=-116 fail=0 status=0x00000000 len=0 frames=0
DBG_GATEWAY_CH9_RX_CONT_ARM now=14628 rem=500 frames=0 errors=0
DBG_GATEWAY_CH9_RX_CONT_RESULT start=14628 end=15129 ret=-116 fail=0 status=0x00000000 len=0 frames=0
DBG_GATEWAY_CH9_RX_CONT_ARM now=15131 rem=500 frames=0 errors=0
DBG_GATEWAY_CH9_RX_CONT_RESULT start=15131 end=15632 ret=-116 fail=0 status=0x00000000 len=0 frames=0
DBG_GATEWAY_CH9_RX_CONT_ARM now=15634 rem=500 frames=0 errors=0
DBG_GATEWAY_CH9_RX_CONT_RESULT start=15634 end=16135 ret=-116 fail=0 status=0x00000000 len=0 frames=0
DBG_GATEWAY_CH9_RX_CONT_ARM now=16137 rem=500 frames=0 errors=0
DBG_GATEWAY_CH9_RX_CONT_RESULT start=16137 end=16638 ret=-116 fail=0 status=0x00000000 len=0 frames=0
DBG_GATEWAY_CH9_RX_CONT_ARM now=16640 rem=500 frames=0 errors=0
DBG_GATEWAY_CH9_RX_CONT_RESULT start=16640 end=17141 ret=-116 fail=0 status=0x00000000 len=0 frames=0
DBG_GATEWAY_CH9_RX_CONT_ARM now=17143 rem=500 frames=0 errors=0
DBG_GATEWAY_CH9_RX_CONT_RESULT start=17143 end=17644 ret=-116 fail=0 status=0x00000000 len=0 frames=0
DBG_GATEWAY_CH9_RX_CONT_ARM now=17646 rem=500 frames=0 errors=0
DBG_GATEWAY_CH9_RX_CONT_RESULT start=17646 end=18147 ret=-116 fail=0 status=0x00000000 len=0 frames=0
DBG_GATEWAY_CH9_RX_CONT_ARM now=18149 rem=500 frames=0 errors=0
DBG_GATEWAY_CH9_RX_CONT_RESULT start=18149 end=18650 ret=-116 fail=0 status=0x00000000 len=0 frames=0
DBG_GATEWAY_CH9_RX_CONT_ARM now=18652 rem=500 frames=0 errors=0
DBG_GATEWAY_CH9_RX_CONT_RESULT start=18652 end=19153 ret=-116 fail=0 status=0x00000000 len=0 frames=0
DBG_GATEWAY_CH9_RX_CONT_ARM now=19155 rem=500 frames=0 errors=0
DBG_GATEWAY_CH9_RX_CONT_RESULT start=19155 end=19656 ret=-116 fail=0 status=0x00000000 len=0 frames=0
DBG_GATEWAY_CH9_RX_CONT_ARM now=19658 rem=500 frames=0 errors=0
DBG_GATEWAY_CH9_RX_CONT_RESULT start=19658 end=20159 ret=-116 fail=0 status=0x00000000 len=0 frames=0
DBG_GATEWAY_CH9_RX_CONT_ARM now=20161 rem=500 frames=0 errors=0
DBG_GATEWAY_CH9_RX_CONT_RESULT start=20161 end=20662 ret=-116 fail=0 status=0x00000000 len=0 frames=0
DBG_GATEWAY_CH9_RX_CONT_ARM now=20664 rem=500 frames=0 errors=0
DBG_GATEWAY_CH9_RX_CONT_RESULT start=20664 end=21165 ret=-116 fail=0 status=0x00000000 len=0 frames=0
DBG_GATEWAY_CH9_RX_CONT_ARM now=21167 rem=500 frames=0 errors=0
DBG_GATEWAY_CH9_RX_CONT_RESULT start=21167 end=21668 ret=-116 fail=0 status=0x00000000 len=0 frames=0
DBG_GATEWAY_CH9_RX_CONT_ARM now=21670 rem=500 frames=0 errors=0
DBG_GATEWAY_CH9_RX_CONT_RESULT start=21670 end=22171 ret=-116 fail=0 status=0x00000000 len=0 frames=0
DBG_GATEWAY_CH9_RX_CONT_ARM now=22173 rem=500 frames=0 errors=0
DBG_GATEWAY_CH9_RX_CONT_RESULT start=22173 end=22674 ret=-116 fail=0 status=0x00000000 len=0 frames=0
DBG_GATEWAY_CH9_RX_CONT_ARM now=22676 rem=500 frames=0 errors=0
DBG_GATEWAY_CH9_RX_CONT_RESULT start=22676 end=23177 ret=-116 fail=0 status=0x00000000 len=0 frames=0
DBG_GATEWAY_CH9_RX_CONT_ARM now=23179 rem=500 frames=0 errors=0
DBG_GATEWAY_CH9_RX_CONT_RESULT start=23179 end=23680 ret=-116 fail=0 status=0x00000000 len=0 frames=0
DBG_GATEWAY_CH9_RX_CONT_ARM now=23682 rem=500 frames=0 errors=0
DBG_GATEWAY_CH9_RX_CONT_RESULT start=23682 end=24183 ret=-116 fail=0 status=0x00000000 len=0 frames=0
DBG_GATEWAY_CH9_RX_CONT_ARM now=24185 rem=500 frames=0 errors=0
DBG_GATEWAY_CH9_RX_CONT_RESULT start=24185 end=24686 ret=-116 fail=0 status=0x00000000 len=0 frames=0
DBG_GATEWAY_CH9_RX_CONT_ARM now=24688 rem=500 frames=0 errors=0
DBG_GATEWAY_CH9_RX_CONT_RESULT start=24688 end=25189 ret=-116 fail=0 status=0x00000000 len=0 frames=0
DBG_GATEWAY_CH9_RX_CONT_ARM now=25191 rem=500 frames=0 errors=0
DBG_GATEWAY_CH9_RX_CONT_RESULT start=25191 end=25692 ret=-116 fail=0 status=0x00000000 len=0 frames=0
DBG_GATEWAY_CH9_RX_CONT_ARM now=25694 rem=500 frames=0 errors=0
DBG_GATEWAY_CH9_RX_CONT_RESULT start=25694 end=26195 ret=-116 fail=0 status=0x00000000 len=0 frames=0
DBG_GATEWAY_CH9_RX_CONT_ARM now=26197 rem=500 frames=0 errors=0
DBG_GATEWAY_CH9_RX_CONT_RESULT start=26197 end=26698 ret=-116 fail=0 status=0x00000000 len=0 frames=0
DBG_GATEWAY_CH9_RX_CONT_ARM now=26700 rem=500 frames=0 errors=0
DBG_GATEWAY_CH9_RX_CONT_RESULT start=26700 end=27201 ret=-116 fail=0 status=0x00000000 len=0 frames=0
DBG_GATEWAY_CH9_RX_CONT_ARM now=27203 rem=500 frames=0 errors=0
DBG_GATEWAY_CH9_RX_CONT_RESULT start=27203 end=27704 ret=-116 fail=0 status=0x00000000 len=0 frames=0
DBG_GATEWAY_CH9_RX_CONT_ARM now=27706 rem=500 frames=0 errors=0
DBG_GATEWAY_CH9_RX_CONT_RESULT start=27706 end=28207 ret=-116 fail=0 status=0x00000000 len=0 frames=0
DBG_GATEWAY_CH9_RX_CONT_ARM now=28209 rem=500 frames=0 errors=0
DBG_GATEWAY_CH9_RX_CONT_RESULT start=28209 end=28710 ret=-116 fail=0 status=0x00000000 len=0 frames=0
DBG_GATEWAY_CH9_RX_CONT_ARM now=28712 rem=500 frames=0 errors=0
DBG_GATEWAY_CH9_RX_CONT_RESULT start=28712 end=29213 ret=-116 fail=0 status=0x00000000 len=0 frames=0
DBG_GATEWAY_CH9_RX_CONT_ARM now=29215 rem=500 frames=0 errors=0
DBG_GATEWAY_CH9_RX_CONT_RESULT start=29215 end=29716 ret=-116 fail=0 status=0x00000000 len=0 frames=0
DBG_GATEWAY_CH9_RX_CONT_ARM now=29718 rem=500 frames=0 errors=0
DBG_GATEWAY_CH9_RX_CONT_RESULT start=29718 end=30219 ret=-116 fail=0 status=0x00000000 len=0 frames=0
DBG_GATEWAY_CH9_RX_CONT_ARM now=30221 rem=500 frames=0 errors=0
DBG_GATEWAY_CH9_RX_CONT_RESULT start=30221 end=30722 ret=-116 fail=0 status=0x00000000 len=0 frames=0
DBG_GATEWAY_CH9_RX_CONT_ARM now=30724 rem=500 frames=0 errors=0
DBG_GATEWAY_CH9_RX_CONT_RESULT start=30724 end=31225 ret=-116 fail=0 status=0x00000000 len=0 frames=0
DBG_GATEWAY_CH9_RX_CONT_ARM now=31227 rem=500 frames=0 errors=0
DBG_GATEWAY_CH9_RX_CONT_RESULT start=31227 end=31728 ret=-116 fail=0 status=0x00000000 len=0 frames=0
DBG_GATEWAY_CH9_RX_CONT_ARM now=31730 rem=500 frames=0 errors=0
DBG_GATEWAY_CH9_RX_CONT_RESULT start=31730 end=32231 ret=-116 fail=0 status=0x00000000 len=0 frames=0
DBG_GATEWAY_CH9_RX_CONT_ARM now=32233 rem=500 frames=0 errors=0
DBG_GATEWAY_CH9_RX_CONT_RESULT start=32233 end=32734 ret=-116 fail=0 status=0x00000000 len=0 frames=0
DBG_GATEWAY_CH9_RX_CONT_ARM now=32736 rem=500 frames=0 errors=0
DBG_GATEWAY_CH9_RX_CONT_RESULT start=32736 end=33237 ret=-116 fail=0 status=0x00000000 len=0 frames=0
DBG_GATEWAY_CH9_RX_CONT_ARM now=33239 rem=500 frames=0 errors=0
DBG_GATEWAY_CH9_RX_CONT_RESULT start=33239 end=33740 ret=-116 fail=0 status=0x00000000 len=0 frames=0
DBG_GATEWAY_CH9_RX_CONT_ARM now=33742 rem=500 frames=0 errors=0
DBG_GATEWAY_CH9_RX_CONT_RESULT start=33742 end=34243 ret=-116 fail=0 status=0x00000000 len=0 frames=0
DBG_GATEWAY_CH9_RX_CONT_ARM now=34245 rem=500 frames=0 errors=0
DBG_GATEWAY_CH9_RX_CONT_RESULT start=34245 end=34746 ret=-116 fail=0 status=0x00000000 len=0 frames=0
DBG_GATEWAY_CH9_RX_CONT_ARM now=34748 rem=500 frames=0 errors=0
DBG_GATEWAY_CH9_RX_CONT_RESULT start=34748 end=35249 ret=-116 fail=0 status=0x00000000 len=0 frames=0
DBG_GATEWAY_CH9_RX_CONT_ARM now=35251 rem=500 frames=0 errors=0
DBG_GATEWAY_CH9_RX_CONT_RESULT start=35251 end=35752 ret=-116 fail=0 status=0x00000000 len=0 frames=0
DBG_GATEWAY_CH9_RX_CONT_ARM now=35754 rem=500 frames=0 errors=0
DBG_GATEWAY_CH9_RX_CONT_RESULT start=35754 end=36255 ret=-116 fail=0 status=0x00000000 len=0 frames=0
DBG_GATEWAY_CH9_RX_CONT_ARM now=36257 rem=500 frames=0 errors=0
DBG_GATEWAY_CH9_RX_CONT_RESULT start=36257 end=36758 ret=-116 fail=0 status=0x00000000 len=0 frames=0
DBG_GATEWAY_CH9_RX_CONT_ARM now=36760 rem=500 frames=0 errors=0
DBG_GATEWAY_CH9_RX_CONT_RESULT start=36760 end=37261 ret=-116 fail=0 status=0x00000000 len=0 frames=0
DBG_GATEWAY_CH9_RX_CONT_ARM now=37263 rem=500 frames=0 errors=0
DBG_GATEWAY_CH9_RX_CONT_RESULT start=37263 end=37764 ret=-116 fail=0 status=0x00000000 len=0 frames=0
DBG_GATEWAY_CH9_RX_CONT_ARM now=37766 rem=500 frames=0 errors=0
DBG_GATEWAY_CH9_RX_CONT_RESULT start=37766 end=38267 ret=-116 fail=0 status=0x00000000 len=0 frames=0
DBG_GATEWAY_CH9_RX_CONT_ARM now=38269 rem=500 frames=0 errors=0
DBG_GATEWAY_CH9_RX_CONT_RESULT start=38269 end=38770 ret=-116 fail=0 status=0x00000000 len=0 frames=0
DBG_GATEWAY_CH9_RX_CONT_ARM now=38772 rem=500 frames=0 errors=0
DBG_GATEWAY_CH9_RX_CONT_RESULT start=38772 end=39273 ret=-116 fail=0 status=0x00000000 len=0 frames=0
DBG_GATEWAY_CH9_RX_CONT_ARM now=39275 rem=500 frames=0 errors=0
DBG_GATEWAY_CH9_RX_CONT_RESULT start=39275 end=39776 ret=-116 fail=0 status=0x00000000 len=0 frames=0
DBG_GATEWAY_CH9_RX_CONT_ARM now=39778 rem=500 frames=0 errors=0
DBG_GATEWAY_CH9_RX_CONT_RESULT start=39778 end=40279 ret=-116 fail=0 status=0x00000000 len=0 frames=0
DBG_GATEWAY_CH9_RX_CONT_ARM now=40281 rem=500 frames=0 errors=0
DBG_GATEWAY_CH9_RX_CONT_RESULT start=40281 end=40782 ret=-116 fail=0 status=0x00000000 len=0 frames=0
DBG_GATEWAY_CH9_RX_CONT_ARM now=40784 rem=500 frames=0 errors=0
DBG_GATEWAY_CH9_RX_CONT_RESULT start=40784 end=41285 ret=-116 fail=0 status=0x00000000 len=0 frames=0
DBG_GATEWAY_CH9_RX_CONT_ARM now=41287 rem=500 frames=0 errors=0
DBG_GATEWAY_CH9_RX_CONT_RESULT start=41287 end=41788 ret=-116 fail=0 status=0x00000000 len=0 frames=0
DBG_GATEWAY_CH9_RX_CONT_ARM now=41790 rem=500 frames=0 errors=0
DBG_GATEWAY_CH9_RX_CONT_RESULT start=41790 end=42291 ret=-116 fail=0 status=0x00000000 len=0 frames=0
DBG_GATEWAY_CH9_RX_CONT_ARM now=42293 rem=500 frames=0 errors=0
DBG_GATEWAY_CH9_RX_CONT_RESULT start=42293 end=42794 ret=-116 fail=0 status=0x00000000 len=0 frames=0
DBG_GATEWAY_CH9_RX_CONT_ARM now=42796 rem=500 frames=0 errors=0
DBG_GATEWAY_CH9_RX_CONT_RESULT start=42796 end=43297 ret=-116 fail=0 status=0x00000000 len=0 frames=0
DBG_GATEWAY_CH9_RX_CONT_ARM now=43299 rem=500 frames=0 errors=0
DBG_GATEWAY_CH9_RX_CONT_RESULT start=43299 end=43800 ret=-116 fail=0 status=0x00000000 len=0 frames=0
DBG_GATEWAY_CH9_RX_CONT_ARM now=43802 rem=500 frames=0 errors=0
DBG_GATEWAY_BLE event=connected err=0 uptime=43876
DBG_GATEWAY_BLE event=param-request ret=0 interval=24-40 latency=0 timeout_ms=12000 uptime=43876
DBG_GATEWAY_CH9_RX_CONT_RESULT start=43802 end=44303 ret=-116 fail=0 status=0x00000000 len=0 frames=0
DBG_GATEWAY_CH9_RX_CONT_ARM now=44305 rem=500 frames=0 errors=0
DBG_GATEWAY_CH9_RX_CONT_RESULT start=44305 end=44806 ret=-116 fail=0 status=0x00000000 len=0 frames=0
DBG_GATEWAY_CH9_RX_CONT_ARM now=44808 rem=500 frames=0 errors=0
DBG_GATEWAY_CH9_RX_CONT_RESULT start=44808 end=45309 ret=-116 fail=0 status=0x00000000 len=0 frames=0
DBG_GATEWAY_CH9_RX_CONT_ARM now=45311 rem=500 frames=0 errors=0
DBG_GATEWAY_CH9_RX_CONT_RESULT start=45311 end=45812 ret=-116 fail=0 status=0x00000000 len=0 frames=0
DBG_GATEWAY_CH9_RX_CONT_ARM now=45814 rem=500 frames=0 errors=0
DBG_GATEWAY_BLE event=param-updated interval=36 latency=0 timeout_ms=420 uptime=46234
DBG_GATEWAY_CH9_RX_CONT_RESULT start=45814 end=46315 ret=-116 fail=0 status=0x00000000 len=0 frames=0
DBG_GATEWAY_CH9_RX_CONT_ARM now=46317 rem=500 frames=0 errors=0
DBG_GATEWAY_COMMAND_PRIORITY_SUBMIT ret=0 now=46326
DBG_STACK_RUN_BEGIN epoch=6458762704145168284 run=1 kind=ble_backpressure owner=system_workqueue queue=1 custody=1 credit=0 retry=0 drain=1 src=11068027678940948070 dst=11068027678940948070 session=51904513 seq=1 type=86 sequence=0 previous=0 uptime=46326
DBG_STACK_SAMPLE_BEGIN epoch=6458762704145168284 run=1 sample=1 kind=ble_backpressure owner=system_workqueue queue=1 custody=1 credit=0 retry=0 drain=1 src=11068027678940948070 dst=11068027678940948070 session=51904513 seq=1 type=86 uptime=46326
DBG_STACK_ISR_CONFIG size=8192 run=1 sample=1
DBG_STACK name=BT RX WQ tid=0x2000fe28 used=760 free=776 size=1536 ret=0 run=1 sample=1
DBG_STACK name=mesh_route tid=0x2000d560 used=2264 free=5928 size=8192 ret=0 run=1 sample=1
DBG_STACK name=sysworkq tid=0x20010d80 used=2304 free=2176 size=4480 ret=0 run=1 sample=1
DBG_STACK name=MPSL Work tid=0x20010b38 used=360 free=664 size=1024 ret=0 run=1 sample=1
DBG_STACK name=logging tid=0x2000f930 used=480 free=1568 size=2048 ret=0 run=1 sample=1
DBG_STACK name=idle tid=0x20010c10 used=64 free=256 size=320 ret=0 run=1 sample=1
DBG_STACK_SAMPLE_END run=1 sample=1
DBG_STACK_RUN_END epoch=6458762704145168284 run=1 kind=ble_backpressure owner=system_workqueue outcome=ack queue=2 custody=0 credit=1 retry=0 drain=2 src=11068027678940948070 dst=11068027678940948070 session=51904513 seq=1 type=86 samples=1 sequence=0 previous=0 uptime=46341
DBG_DWM_MARK_UNCONFIGURED tag=initialise_radio prev_phy=0
DBG_WAKE_TRAIN_CONFIG_BEGIN
DBG_DWM_INVALIDATE tag=configure_radio_from_reset active_phy=2 configured=1 awake=0
DBG_DWM_MARK_UNCONFIGURED tag=initialise_radio prev_phy=0
DBG_WAKE_TRAIN_CONFIG_OK
DBG_WAKE_TRAIN_FIRST_SEND_BEGIN
DBG_WAKE_TRAIN_FIRST_SEND_OK
DBG_UWB_TX_CH5
DBG_TX_WAKE_CLAIM_SENT
DBG_UWB_TX_CH5
DBG_TX_WAKE_CLAIM_SENT
DBG_STACK_RUN_BEGIN epoch=6458762704145168284 run=2 kind=ble_backpressure owner=system_workqueue queue=1 custody=1 credit=0 retry=0 drain=1 src=11068027678940948070 dst=11068027678940948070 session=51904514 seq=2 type=86 sequence=0 previous=0 uptime=46416
DBG_STACK_SAMPLE_BEGIN epoch=6458762704145168284 run=2 sample=2 kind=ble_backpressure owner=system_workqueue queue=1 custody=1 credit=0 retry=0 drain=1 src=11068027678940948070 dst=11068027678940948070 session=51904514 seq=2 type=86 uptime=46416
DBG_STACK_ISR_CONFIG size=8192 run=2 sample=2
DBG_STACK name=BT RX WQ tid=0x2000fe28 used=760 free=776 size=1536 ret=0 run=2 sample=2
DBG_STACK name=mesh_route tid=0x2000d560 used=2264 free=5928 size=8192 ret=0 run=2 sample=2
DBG_STACK name=sysworkq tid=0x20010d80 used=2304 free=2176 size=4480 ret=0 run=2 sample=2
DBG_STACK name=MPSL Work tid=0x20010b38 used=360 free=664 size=1024 ret=0 run=2 sample=2
DBG_STACK name=logging tid=0x2000f930 used=480 free=1568 size=2048 ret=0 run=2 sample=2
DBG_STACK name=idle tid=0x20010c10 used=64 free=256 size=320 ret=0 run=2 sample=2
DBG_STACK_SAMPLE_END run=2 sample=2
DBG_STACK_RUN_END epoch=6458762704145168284 run=2 kind=ble_backpressure owner=system_workqueue outcome=ack queue=1 custody=0 credit=1 retry=0 drain=1 src=11068027678940948070 dst=11068027678940948070 session=51904514 seq=2 type=86 samples=1 sequence=0 previous=0 uptime=46434
DBG_UWB_TX_CH5
DBG_TX_WAKE_CLAIM_SENT
DBG_UWB_TX_CH5
DBG_TX_WAKE_CLAIM_SENT
DBG_UWB_TX_CH5
DBG_TX_WAKE_CLAIM_SENT
DBG_UWB_TX_CH5
DBG_TX_WAKE_CLAIM_SENT
DBG_UWB_TX_CH5
DBG_TX_WAKE_CLAIM_SENT
DBG_UWB_TX_CH5
DBG_TX_WAKE_CLAIM_SENT
DBG_UWB_TX_CH5
DBG_TX_WAKE_CLAIM_SENT
DBG_UWB_TX_CH5
DBG_TX_WAKE_CLAIM_SENT
DBG_UWB_TX_CH5
DBG_TX_WAKE_CLAIM_SENT
DBG_UWB_TX_CH5
DBG_TX_WAKE_CLAIM_SENT
DBG_UWB_TX_CH5
DBG_TX_WAKE_CLAIM_SENT
DBG_UWB_TX_CH5
DBG_TX_WAKE_CLAIM_SENT
DBG_UWB_TX_CH5
DBG_TX_WAKE_CLAIM_SENT
DBG_UWB_TX_CH5
DBG_TX_WAKE_CLAIM_SENT
DBG_UWB_TX_CH5
DBG_TX_WAKE_CLAIM_SENT
DBG_UWB_TX_CH5
DBG_TX_WAKE_CLAIM_SENT
DBG_UWB_TX_CH5
DBG_TX_WAKE_CLAIM_SENT
DBG_UWB_TX_CH5
DBG_TX_WAKE_CLAIM_SENT
DBG_UWB_TX_CH5
DBG_TX_WAKE_CLAIM_SENT
DBG_UWB_TX_CH5
DBG_TX_WAKE_CLAIM_SENT
DBG_UWB_TX_CH5
DBG_TX_WAKE_CLAIM_SENT
DBG_UWB_TX_CH5
DBG_TX_WAKE_CLAIM_SENT
DBG_UWB_TX_CH5
DBG_TX_WAKE_CLAIM_SENT
DBG_UWB_TX_CH5
DBG_TX_WAKE_CLAIM_SENT
DBG_UWB_TX_CH5
DBG_TX_WAKE_CLAIM_SENT
DBG_UWB_TX_CH5
DBG_TX_WAKE_CLAIM_SENT
DBG_UWB_TX_CH5
DBG_TX_WAKE_CLAIM_SENT
DBG_UWB_TX_CH5
DBG_TX_WAKE_CLAIM_SENT
DBG_UWB_TX_CH5
DBG_TX_WAKE_CLAIM_SENT
DBG_UWB_TX_CH5
DBG_TX_WAKE_CLAIM_SENT
DBG_UWB_TX_CH5
DBG_TX_WAKE_CLAIM_SENT
DBG_UWB_TX_CH5
DBG_TX_WAKE_CLAIM_SENT
DBG_UWB_TX_CH5
DBG_TX_WAKE_CLAIM_SENT
DBG_UWB_TX_CH5
DBG_TX_WAKE_CLAIM_SENT
DBG_UWB_TX_CH5
DBG_TX_WAKE_CLAIM_SENT
DBG_UWB_TX_CH5
DBG_TX_WAKE_CLAIM_SENT
DBG_UWB_TX_CH5
DBG_TX_WAKE_CLAIM_SENT
DBG_UWB_TX_CH5
DBG_TX_WAKE_CLAIM_SENT
DBG_UWB_TX_CH5
DBG_TX_WAKE_CLAIM_SENT
DBG_UWB_TX_CH5
DBG_TX_WAKE_CLAIM_SENT
DBG_UWB_TX_CH5
DBG_TX_WAKE_CLAIM_SENT
DBG_UWB_TX_CH5
DBG_TX_WAKE_CLAIM_SENT
DBG_UWB_TX_CH5
DBG_TX_WAKE_CLAIM_SENT
DBG_UWB_TX_CH5
DBG_TX_WAKE_CLAIM_SENT
DBG_UWB_TX_CH5
DBG_TX_WAKE_CLAIM_SENT
DBG_UWB_TX_CH5
DBG_TX_WAKE_CLAIM_SENT
DBG_UWB_TX_CH5
DBG_TX_WAKE_CLAIM_SENT
DBG_UWB_TX_CH5
DBG_TX_WAKE_CLAIM_SENT
DBG_UWB_TX_CH5
DBG_TX_WAKE_CLAIM_SENT
DBG_UWB_TX_CH5
DBG_TX_WAKE_CLAIM_SENT
DBG_UWB_TX_CH5
DBG_TX_WAKE_CLAIM_SENT
DBG_UWB_TX_CH5
DBG_TX_WAKE_CLAIM_SENT
DBG_UWB_TX_CH5
DBG_TX_WAKE_CLAIM_SENT
DBG_UWB_TX_CH5
DBG_TX_WAKE_CLAIM_SENT
DBG_UWB_TX_CH5
DBG_TX_WAKE_CLAIM_SENT
DBG_UWB_TX_CH5
DBG_TX_WAKE_CLAIM_SENT
DBG_UWB_TX_CH5
DBG_TX_WAKE_CLAIM_SENT
DBG_DWM_INVALIDATE tag=configure_radio_from_reset active_phy=2 configured=1 awake=1
DBG_DWM_MARK_UNCONFIGURED tag=initialise_radio prev_phy=0
DBG_DWM_INVALIDATE tag=configure_radio_from_reset active_phy=2 configured=1 awake=0
DBG_DWM_MARK_UNCONFIGURED tag=initialise_radio prev_phy=0
DBG_DWM_INVALIDATE tag=configure_radio_from_reset active_phy=2 configured=1 awake=0
DBG_DWM_MARK_UNCONFIGURED tag=initialise_radio prev_phy=0
DBG_DWM_WAKE_MESH_CTRL_OK sfd=4073
DBG_C5_TX_CONFIG ret=0 ext=1 len=178 msg=3c reason=bounded-c5-flood
DBG_UWB_TX_CH5
DBG_DWM_INVALIDATE tag=configure_radio_from_reset active_phy=4 configured=1 awake=0
DBG_DWM_MARK_UNCONFIGURED tag=initialise_radio prev_phy=0
DBG_DWM_WAKE_MESH_CTRL_OK sfd=4073
DBG_GATEWAY_RX_DECODE ch=5 msg=0x3c src=0x9999888877776666 dst=0x0 prev=0x708bc0aab970300e seq=2 flags=0x00 plen=125 q=100
DBG_UWB_RX_CH5
DBG_MESH_RX_QUEUED ch=5 msg=0x3c src=0x9999888877776666 dst=0x0 prev=0x708bc0aab970300e seq=2 q=1
DBG_ROUTE_ADV_QUEUED q=1 prev=0x708bc0aab970300e seq=2
DBG_MESH_RX_DEFERRED q=1 msg=0x3c
DBG_C5_FLOOD_DELAY_RX_YIELD queued=1 q=1 rem=40
DBG_GATEWAY_RX_START reason=gateway mesh restart active=1 qrx=1 qtx=0 adv_due=0
DBG_MESH_RX_WORK_WAIT q=1
DBG_MESH_RX_WORK_ENTER q=1
DBG_MESH_RX_DRAIN_ENTER owner=work q=1
DBG_MESH_RX_DRAIN_EXIT owner=work handled=0 q=0
DBG_MESH_RX_WORK_EXIT handled=0 q=0
DBG_COORD state=gateway-rx owner=uwb-rx reason=gateway-rx rx=0 tx=0 relay=0 route=0 ack=0 qack=0
DBG_GATEWAY_CH9_RX_CONT_CAP now=46965 win=9 adv_wait=9 due=46974
DBG_DWM_INVALIDATE tag=configure_radio_from_reset active_phy=4 configured=1 awake=1
DBG_DWM_MARK_UNCONFIGURED tag=initialise_radio prev_phy=0
DBG_GATEWAY_CH9_RX_CONT_ARM now=46991 rem=9 frames=0 errors=0
DBG_GATEWAY_CH9_RX_CONT_RESULT start=46991 end=47000 ret=-116 fail=0 status=0x02000000 len=0 frames=0
DBG_GATEWAY_CH9_RX_DONE_YIELD_ADV now=47001 due=46974
DBG_ROUTE_REFRESH_RX_HANDOFF_READY abort=0
DBG_COORD state=idle owner=c5-flood reason=idle rx=0 tx=0 relay=0 route=0 ack=0 qack=0
DBG_DWM_INVALIDATE tag=configure_radio_from_reset active_phy=3 configured=1 awake=1
DBG_DWM_MARK_UNCONFIGURED tag=initialise_radio prev_phy=0
DBG_DWM_INVALIDATE tag=configure_radio_from_reset active_phy=2 configured=1 awake=0
DBG_DWM_MARK_UNCONFIGURED tag=initialise_radio prev_phy=0
DBG_DWM_WAKE_MESH_CTRL_OK sfd=4073
DBG_C5_TX_CONFIG ret=0 ext=1 len=178 msg=3c reason=bounded-c5-flood
DBG_UWB_TX_CH5
DBG_DWM_INVALIDATE tag=configure_radio_from_reset active_phy=4 configured=1 awake=0
DBG_DWM_MARK_UNCONFIGURED tag=initialise_radio prev_phy=0
DBG_DWM_WAKE_MESH_CTRL_OK sfd=4073
DBG_DWM_INVALIDATE tag=configure_radio_from_reset active_phy=4 configured=1 awake=0
DBG_DWM_MARK_UNCONFIGURED tag=initialise_radio prev_phy=0
DBG_GATEWAY_RX_START reason=gateway mesh restart active=1 qrx=0 qtx=0 adv_due=0
DBG_COORD state=gateway-rx owner=uwb-rx reason=gateway-rx rx=0 tx=0 relay=0 route=0 ack=0 qack=0
DBG_GATEWAY_CH9_RX_CONT_CAP now=47148 win=9 adv_wait=9 due=47157
DBG_DWM_INVALIDATE tag=configure_radio_from_reset active_phy=2 configured=1 awake=1
DBG_DWM_MARK_UNCONFIGURED tag=initialise_radio prev_phy=0
DBG_GATEWAY_CH9_RX_CONT_ARM now=47174 rem=9 frames=0 errors=0
DBG_GATEWAY_CH9_RX_CONT_RESULT start=47174 end=47183 ret=-116 fail=0 status=0x02000000 len=0 frames=0
DBG_GATEWAY_CH9_RX_DONE_YIELD_ADV now=47184 due=47157
DBG_ROUTE_REFRESH_RX_HANDOFF_READY abort=0
DBG_COORD state=idle owner=c5-flood reason=idle rx=0 tx=0 relay=0 route=0 ack=0 qack=0
DBG_DWM_INVALIDATE tag=configure_radio_from_reset active_phy=3 configured=1 awake=1
DBG_DWM_MARK_UNCONFIGURED tag=initialise_radio prev_phy=0
DBG_DWM_INVALIDATE tag=configure_radio_from_reset active_phy=2 configured=1 awake=0
DBG_DWM_MARK_UNCONFIGURED tag=initialise_radio prev_phy=0
DBG_DWM_WAKE_MESH_CTRL_OK sfd=4073
DBG_C5_TX_CONFIG ret=0 ext=1 len=178 msg=3c reason=bounded-c5-flood
DBG_UWB_TX_CH5
DBG_DWM_INVALIDATE tag=configure_radio_from_reset active_phy=4 configured=1 awake=0
DBG_DWM_MARK_UNCONFIGURED tag=initialise_radio prev_phy=0
DBG_DWM_WAKE_MESH_CTRL_OK sfd=4073
DBG_GATEWAY_RX_DECODE ch=5 msg=0x3c src=0x9999888877776666 dst=0x0 prev=0x708bc0aab970300e seq=2 flags=0x00 plen=125 q=100
DBG_UWB_RX_CH5
DBG_MESH_RX_QUEUED ch=5 msg=0x3c src=0x9999888877776666 dst=0x0 prev=0x708bc0aab970300e seq=2 q=1
DBG_ROUTE_ADV_QUEUED q=1 prev=0x708bc0aab970300e seq=2
DBG_MESH_RX_DEFERRED q=1 msg=0x3c
DBG_C5_FLOOD_DELAY_RX_YIELD queued=1 q=1 rem=40
DBG_GATEWAY_RX_START reason=gateway mesh restart active=1 qrx=1 qtx=0 adv_due=0
DBG_MESH_RX_WORK_WAIT q=1
DBG_MESH_RX_WORK_ENTER q=1
DBG_MESH_RX_DRAIN_ENTER owner=work q=1
DBG_MESH_RX_DRAIN_EXIT owner=work handled=0 q=0
DBG_MESH_RX_WORK_EXIT handled=0 q=0
DBG_COORD state=gateway-rx owner=uwb-rx reason=gateway-rx rx=0 tx=0 relay=0 route=0 ack=0 qack=0
DBG_GATEWAY_CH9_RX_CONT_CAP now=47301 win=9 adv_wait=9 due=47310
DBG_DWM_INVALIDATE tag=configure_radio_from_reset active_phy=4 configured=1 awake=1
DBG_DWM_MARK_UNCONFIGURED tag=initialise_radio prev_phy=0
DBG_GATEWAY_CH9_RX_CONT_ARM now=47326 rem=9 frames=0 errors=0
DBG_GATEWAY_CH9_RX_CONT_RESULT start=47326 end=47336 ret=-116 fail=0 status=0x02000000 len=0 frames=0
DBG_GATEWAY_CH9_RX_DONE_YIELD_ADV now=47337 due=47310
DBG_ROUTE_REFRESH_RX_HANDOFF_READY abort=0
DBG_COORD state=idle owner=c5-flood reason=idle rx=0 tx=0 relay=0 route=0 ack=0 qack=0
DBG_DWM_INVALIDATE tag=configure_radio_from_reset active_phy=3 configured=1 awake=1
DBG_DWM_MARK_UNCONFIGURED tag=initialise_radio prev_phy=0
DBG_DWM_INVALIDATE tag=configure_radio_from_reset active_phy=2 configured=1 awake=0
DBG_DWM_MARK_UNCONFIGURED tag=initialise_radio prev_phy=0
DBG_DWM_WAKE_MESH_CTRL_OK sfd=4073
DBG_C5_TX_CONFIG ret=0 ext=1 len=178 msg=3c reason=bounded-c5-flood
DBG_UWB_TX_CH5
DBG_GATEWAY_RX_START reason=gateway mesh restart active=1 qrx=0 qtx=0 adv_due=0
DBG_STACK_RUN_BEGIN epoch=6458762704145168284 run=3 kind=ble_backpressure owner=system_workqueue queue=1 custody=1 credit=0 retry=0 drain=1 src=11068027678940948070 dst=11068027678940948070 session=51904516 seq=4 type=86 sequence=0 previous=0 uptime=47392
DBG_STACK_SAMPLE_BEGIN epoch=6458762704145168284 run=3 sample=3 kind=ble_backpressure owner=system_workqueue queue=1 custody=1 credit=0 retry=0 drain=1 src=11068027678940948070 dst=11068027678940948070 session=51904516 seq=4 type=86 uptime=47393
DBG_STACK_ISR_CONFIG size=8192 run=3 sample=3
DBG_STACK name=BT RX WQ tid=0x2000fe28 used=760 free=776 size=1536 ret=0 run=3 sample=3
DBG_STACK name=mesh_route tid=0x2000d560 used=5028 free=3164 size=8192 ret=0 run=3 sample=3
DBG_STACK name=sysworkq tid=0x20010d80 used=2304 free=2176 size=4480 ret=0 run=3 sample=3
DBG_STACK name=MPSL Work tid=0x20010b38 used=360 free=664 size=1024 ret=0 run=3 sample=3
DBG_STACK name=logging tid=0x2000f930 used=480 free=1568 size=2048 ret=0 run=3 sample=3
DBG_STACK name=idle tid=0x20010c10 used=64 free=256 size=320 ret=0 run=3 sample=3
DBG_STACK_SAMPLE_END run=3 sample=3
DBG_STACK_RUN_END epoch=6458762704145168284 run=3 kind=ble_backpressure owner=system_workqueue outcome=ack queue=1 custody=0 credit=1 retry=0 drain=1 src=11068027678940948070 dst=11068027678940948070 session=51904516 seq=4 type=86 samples=1 sequence=0 previous=0 uptime=47412
DBG_DWM_MARK_UNCONFIGURED tag=initialise_radio prev_phy=0
DBG_GATEWAY_CH9_RX_CONT_ARM now=47422 rem=500 frames=0 errors=0
DBG_GATEWAY_CH9_RX_CONT_RESULT start=47422 end=47923 ret=-116 fail=0 status=0x02000000 len=0 frames=0
DBG_GATEWAY_CH9_RX_CONT_CAP now=47925 win=943 adv_wait=943 due=48868
DBG_GATEWAY_CH9_RX_CONT_ARM now=47925 rem=500 frames=0 errors=0
DBG_GATEWAY_CH9_RX_CONT_RESULT start=47925 end=48426 ret=-116 fail=0 status=0x00000000 len=0 frames=0
DBG_GATEWAY_CH9_RX_CONT_CAP now=48428 win=440 adv_wait=440 due=48868
DBG_GATEWAY_CH9_RX_CONT_ARM now=48428 rem=440 frames=0 errors=0
DBG_GATEWAY_CH9_RX_CONT_RESULT start=48428 end=48869 ret=-116 fail=0 status=0x00000000 len=0 frames=0
DBG_GATEWAY_CH9_RX_DONE_YIELD_ADV now=48870 due=48868
DBG_STACK_RUN_BEGIN epoch=6458762704145168284 run=4 kind=ble_backpressure owner=system_workqueue queue=1 custody=1 credit=0 retry=0 drain=1 src=11068027678940948070 dst=11068027678940948070 session=3927492421 seq=51013 type=65 sequence=0 previous=0 uptime=48870
DBG_STACK_SAMPLE_BEGIN epoch=6458762704145168284 run=4 sample=4 kind=ble_backpressure owner=system_workqueue queue=1 custody=1 credit=0 retry=0 drain=1 src=11068027678940948070 dst=11068027678940948070 session=3927492421 seq=51013 type=65 uptime=48870
DBG_STACK_ISR_CONFIG size=8192 run=4 sample=4
DBG_STACK name=BT RX WQ tid=0x2000fe28 used=760 free=776 size=1536 ret=0 run=4 sample=4
DBG_STACK name=mesh_route tid=0x2000d560 used=5028 free=3164 size=8192 ret=0 run=4 sample=4
DBG_STACK name=sysworkq tid=0x20010d80 used=2304 free=2176 size=4480 ret=0 run=4 sample=4
DBG_STACK name=MPSL Work tid=0x20010b38 used=360 free=664 size=1024 ret=0 run=4 sample=4
DBG_STACK name=logging tid=0x2000f930 used=480 free=1568 size=2048 ret=0 run=4 sample=4
DBG_STACK name=idle tid=0x20010c10 used=64 free=256 size=320 ret=0 run=4 sample=4
DBG_STACK_SAMPLE_END run=4 sample=4
DBG_STACK_RUN_END epoch=6458762704145168284 run=4 kind=ble_backpressure owner=system_workqueue outcome=ack queue=2 custody=0 credit=1 retry=0 drain=2 src=11068027678940948070 dst=11068027678940948070 session=3927492421 seq=51013 type=65 samples=1 sequence=0 previous=0 uptime=48889
DBG_STACK_RUN_BEGIN epoch=6458762704145168284 run=5 kind=ble_backpressure owner=system_workqueue queue=1 custody=1 credit=0 retry=0 drain=1 src=11068027678940948070 dst=11068027678940948070 session=51904517 seq=5 type=86 sequence=0 previous=0 uptime=49115
DBG_STACK_SAMPLE_BEGIN epoch=6458762704145168284 run=5 sample=5 kind=ble_backpressure owner=system_workqueue queue=1 custody=1 credit=0 retry=0 drain=1 src=11068027678940948070 dst=11068027678940948070 session=51904517 seq=5 type=86 uptime=49116
DBG_STACK_ISR_CONFIG size=8192 run=5 sample=5
DBG_STACK name=BT RX WQ tid=0x2000fe28 used=760 free=776 size=1536 ret=0 run=5 sample=5
DBG_STACK name=mesh_route tid=0x2000d560 used=5028 free=3164 size=8192 ret=0 run=5 sample=5
DBG_STACK name=sysworkq tid=0x20010d80 used=2304 free=2176 size=4480 ret=0 run=5 sample=5
DBG_STACK name=MPSL Work tid=0x20010b38 used=360 free=664 size=1024 ret=0 run=5 sample=5
DBG_STACK name=logging tid=0x2000f930 used=480 free=1568 size=2048 ret=0 run=5 sample=5
DBG_STACK name=idle tid=0x20010c10 used=64 free=256 size=320 ret=0 run=5 sample=5
DBG_STACK_SAMPLE_END run=5 sample=5
DBG_STACK_RUN_END epoch=6458762704145168284 run=5 kind=ble_backpressure owner=system_workqueue outcome=ack queue=1 custody=0 credit=1 retry=0 drain=1 src=11068027678940948070 dst=11068027678940948070 session=51904517 seq=5 type=86 samples=1 sequence=0 previous=0 uptime=49135
DBG_GATEWAY_BLE event=param-updated interval=36 latency=0 timeout_ms=12000 uptime=49294
DBG_GATEWAY_COMMAND_PRIORITY_SUBMIT ret=0 now=49341
DBG_STACK_RUN_BEGIN epoch=6458762704145168284 run=6 kind=ble_backpressure owner=system_workqueue queue=1 custody=1 credit=0 retry=0 drain=1 src=11068027678940948070 dst=11068027678940948070 session=51904518 seq=6 type=86 sequence=0 previous=0 uptime=49341
DBG_STACK_SAMPLE_BEGIN epoch=6458762704145168284 run=6 sample=6 kind=ble_backpressure owner=system_workqueue queue=1 custody=1 credit=0 retry=0 drain=1 src=11068027678940948070 dst=11068027678940948070 session=51904518 seq=6 type=86 uptime=49341
DBG_STACK_ISR_CONFIG size=8192 run=6 sample=6
DBG_STACK name=BT RX WQ tid=0x2000fe28 used=760 free=776 size=1536 ret=0 run=6 sample=6
DBG_STACK name=mesh_route tid=0x2000d560 used=5028 free=3164 size=8192 ret=0 run=6 sample=6
DBG_STACK name=sysworkq tid=0x20010d80 used=2304 free=2176 size=4480 ret=0 run=6 sample=6
DBG_STACK name=MPSL Work tid=0x20010b38 used=360 free=664 size=1024 ret=0 run=6 sample=6
DBG_STACK name=logging tid=0x2000f930 used=480 free=1568 size=2048 ret=0 run=6 sample=6
DBG_STACK name=idle tid=0x20010c10 used=64 free=256 size=320 ret=0 run=6 sample=6
DBG_STACK_SAMPLE_END run=6 sample=6
DBG_STACK_RUN_END epoch=6458762704145168284 run=6 kind=ble_backpressure owner=system_workqueue outcome=ack queue=3 custody=0 credit=1 retry=0 drain=3 src=11068027678940948070 dst=11068027678940948070 session=51904518 seq=6 type=86 samples=1 sequence=0 previous=0 uptime=49359
DBG_STACK_RUN_BEGIN epoch=6458762704145168284 run=7 kind=ble_backpressure owner=system_workqueue queue=2 custody=2 credit=0 retry=0 drain=2 src=11068027678940948070 dst=11068027678940948070 session=51904519 seq=7 type=86 sequence=0 previous=0 uptime=49521
DBG_STACK_SAMPLE_BEGIN epoch=6458762704145168284 run=7 sample=7 kind=ble_backpressure owner=system_workqueue queue=2 custody=2 credit=0 retry=0 drain=2 src=11068027678940948070 dst=11068027678940948070 session=51904519 seq=7 type=86 uptime=49521
DBG_STACK_ISR_CONFIG size=8192 run=7 sample=7
DBG_STACK name=BT RX WQ tid=0x2000fe28 used=760 free=776 size=1536 ret=0 run=7 sample=7
DBG_STACK name=mesh_route tid=0x2000d560 used=5028 free=3164 size=8192 ret=0 run=7 sample=7
DBG_STACK name=sysworkq tid=0x20010d80 used=2304 free=2176 size=4480 ret=0 run=7 sample=7
DBG_STACK name=MPSL Work tid=0x20010b38 used=360 free=664 size=1024 ret=0 run=7 sample=7
DBG_STACK name=logging tid=0x2000f930 used=480 free=1568 size=2048 ret=0 run=7 sample=7
DBG_STACK name=idle tid=0x20010c10 used=64 free=256 size=320 ret=0 run=7 sample=7
DBG_STACK_SAMPLE_END run=7 sample=7
DBG_STACK_RUN_END epoch=6458762704145168284 run=7 kind=ble_backpressure owner=system_workqueue outcome=ack queue=2 custody=0 credit=1 retry=0 drain=2 src=11068027678940948070 dst=11068027678940948070 session=51904519 seq=7 type=86 samples=1 sequence=0 previous=0 uptime=49532
DBG_STACK_RUN_BEGIN epoch=6458762704145168284 run=8 kind=ble_backpressure owner=system_workqueue queue=1 custody=1 credit=0 retry=0 drain=1 src=11068027678940948070 dst=11068027678940948070 session=51904521 seq=9 type=86 sequence=0 previous=0 uptime=49656
DBG_STACK_SAMPLE_BEGIN epoch=6458762704145168284 run=8 sample=8 kind=ble_backpressure owner=system_workqueue queue=1 custody=1 credit=0 retry=0 drain=1 src=11068027678940948070 dst=11068027678940948070 session=51904521 seq=9 type=86 uptime=49656
DBG_STACK_ISR_CONFIG size=8192 run=8 sample=8
DBG_STACK name=BT RX WQ tid=0x2000fe28 used=760 free=776 size=1536 ret=0 run=8 sample=8
DBG_STACK name=mesh_route tid=0x2000d560 used=5028 free=3164 size=8192 ret=0 run=8 sample=8
DBG_STACK name=sysworkq tid=0x20010d80 used=2304 free=2176 size=4480 ret=0 run=8 sample=8
DBG_STACK name=MPSL Work tid=0x20010b38 used=360 free=664 size=1024 ret=0 run=8 sample=8
DBG_STACK name=logging tid=0x2000f930 used=480 free=1568 size=2048 ret=0 run=8 sample=8
DBG_STACK name=idle tid=0x20010c10 used=64 free=256 size=320 ret=0 run=8 sample=8
DBG_STACK_SAMPLE_END run=8 sample=8
DBG_STACK_RUN_END epoch=6458762704145168284 run=8 kind=ble_backpressure owner=system_workqueue outcome=ack queue=1 custody=0 credit=1 retry=0 drain=1 src=11068027678940948070 dst=11068027678940948070 session=51904521 seq=9 type=86 samples=1 sequence=0 previous=0 uptime=49671
DBG_GATEWAY_CH9_RX_CONT_RESULT start=49346 end=49847 ret=-116 fail=0 status=0x00000000 len=0 frames=0
DBG_GATEWAY_COMMAND_PRIORITY_SUBMIT ret=0 now=49848
DBG_GATEWAY_CH9_RX_CONT_ARM now=49849 rem=500 frames=0 errors=0
DBG_GATEWAY_CH9_RX_CONT_RESULT start=49849 end=49850 ret=-140 fail=0 status=0x00000000 len=0 frames=0
DBG_GATEWAY_CH9_RX_COMMAND_PREEMPT now=49850 rem=500 frames=0
DBG_GATEWAY_CH9_RX_CONT_DONE ret=-140 len=0 fail=0 recover=0
DBG_NC o=0000000000000001 g=00000001 w=00 e=0000003c s=00000005 q=0000>0004 r=00000000 f=00000024 t=00000000 p=00000000 a=00
DBG_NODE_COMM_SUBMIT handle=1 profile=0 token=17039361 deadline=59851
DBG_ENUM_FLOOD kind=1 handle=1
DBG_ENUM_CLAIM_TX epoch=51904520 round=1 max_hop=5 first_wait_ms=1125 ceiling_ms=8125 ret=0
DBG_NODE_COMM_TX_BEGIN handle=1 profile=0 msg=64 dst=0x0 seq=1
DBG_CONTROL_RX_HANDOFF_READY abort=0
DBG_COORD state=idle owner=c5-flood reason=idle rx=0 tx=0 relay=0 route=0 ack=0 qack=0
DBG_WAKE_TRAIN_GUARD_OK
DBG_DWM_MARK_UNCONFIGURED tag=initialise_radio prev_phy=0
DBG_WAKE_TRAIN_CONFIG_BEGIN
DBG_DWM_INVALIDATE tag=configure_radio_from_reset active_phy=2 configured=1 awake=0
DBG_DWM_MARK_UNCONFIGURED tag=initialise_radio prev_phy=0
DBG_WAKE_TRAIN_CONFIG_OK
DBG_WAKE_TRAIN_FIRST_SEND_BEGIN
DBG_WAKE_TRAIN_FIRST_SEND_OK
DBG_UWB_TX_CH5
DBG_TX_WAKE_CLAIM_SENT
DBG_UWB_TX_CH5
DBG_TX_WAKE_CLAIM_SENT
DBG_UWB_TX_CH5
DBG_TX_WAKE_CLAIM_SENT
DBG_UWB_TX_CH5
DBG_TX_WAKE_CLAIM_SENT
DBG_UWB_TX_CH5
DBG_TX_WAKE_CLAIM_SENT
DBG_UWB_TX_CH5
DBG_TX_WAKE_CLAIM_SENT
DBG_UWB_TX_CH5
DBG_TX_WAKE_CLAIM_SENT
DBG_UWB_TX_CH5
DBG_TX_WAKE_CLAIM_SENT
DBG_UWB_TX_CH5
DBG_TX_WAKE_CLAIM_SENT
DBG_UWB_TX_CH5
DBG_TX_WAKE_CLAIM_SENT
DBG_UWB_TX_CH5
DBG_TX_WAKE_CLAIM_SENT
DBG_UWB_TX_CH5
DBG_TX_WAKE_CLAIM_SENT
DBG_UWB_TX_CH5
DBG_TX_WAKE_CLAIM_SENT
DBG_UWB_TX_CH5
DBG_TX_WAKE_CLAIM_SENT
DBG_UWB_TX_CH5
DBG_TX_WAKE_CLAIM_SENT
DBG_UWB_TX_CH5
DBG_TX_WAKE_CLAIM_SENT
DBG_UWB_TX_CH5
DBG_TX_WAKE_CLAIM_SENT
DBG_UWB_TX_CH5
DBG_TX_WAKE_CLAIM_SENT
DBG_UWB_TX_CH5
DBG_TX_WAKE_CLAIM_SENT
DBG_UWB_TX_CH5
DBG_TX_WAKE_CLAIM_SENT
DBG_UWB_TX_CH5
DBG_TX_WAKE_CLAIM_SENT
DBG_UWB_TX_CH5
DBG_TX_WAKE_CLAIM_SENT
DBG_UWB_TX_CH5
DBG_TX_WAKE_CLAIM_SENT
DBG_UWB_TX_CH5
DBG_TX_WAKE_CLAIM_SENT
DBG_UWB_TX_CH5
DBG_TX_WAKE_CLAIM_SENT
DBG_UWB_TX_CH5
DBG_TX_WAKE_CLAIM_SENT
DBG_UWB_TX_CH5
DBG_TX_WAKE_CLAIM_SENT
DBG_UWB_TX_CH5
DBG_TX_WAKE_CLAIM_SENT
DBG_UWB_TX_CH5
DBG_TX_WAKE_CLAIM_SENT
DBG_UWB_TX_CH5
DBG_TX_WAKE_CLAIM_SENT
DBG_UWB_TX_CH5
DBG_TX_WAKE_CLAIM_SENT
DBG_UWB_TX_CH5
DBG_TX_WAKE_CLAIM_SENT
DBG_UWB_TX_CH5
DBG_TX_WAKE_CLAIM_SENT
DBG_UWB_TX_CH5
DBG_TX_WAKE_CLAIM_SENT
DBG_UWB_TX_CH5
DBG_TX_WAKE_CLAIM_SENT
DBG_UWB_TX_CH5
DBG_TX_WAKE_CLAIM_SENT
DBG_UWB_TX_CH5
DBG_TX_WAKE_CLAIM_SENT
DBG_UWB_TX_CH5
DBG_TX_WAKE_CLAIM_SENT
DBG_UWB_TX_CH5
DBG_TX_WAKE_CLAIM_SENT
DBG_UWB_TX_CH5
DBG_TX_WAKE_CLAIM_SENT
DBG_UWB_TX_CH5
DBG_TX_WAKE_CLAIM_SENT
DBG_UWB_TX_CH5
DBG_TX_WAKE_CLAIM_SENT
DBG_UWB_TX_CH5
DBG_TX_WAKE_CLAIM_SENT
DBG_UWB_TX_CH5
DBG_TX_WAKE_CLAIM_SENT
DBG_UWB_TX_CH5
DBG_TX_WAKE_CLAIM_SENT
DBG_UWB_TX_CH5
DBG_TX_WAKE_CLAIM_SENT
DBG_UWB_TX_CH5
DBG_TX_WAKE_CLAIM_SENT
DBG_UWB_TX_CH5
DBG_TX_WAKE_CLAIM_SENT
DBG_UWB_TX_CH5
DBG_TX_WAKE_CLAIM_SENT
DBG_UWB_TX_CH5
DBG_TX_WAKE_CLAIM_SENT
DBG_UWB_TX_CH5
DBG_TX_WAKE_CLAIM_SENT
DBG_UWB_TX_CH5
DBG_TX_WAKE_CLAIM_SENT
DBG_UWB_TX_CH5
DBG_TX_WAKE_CLAIM_SENT
DBG_UWB_TX_CH5
DBG_TX_WAKE_CLAIM_SENT
DBG_UWB_TX_CH5
DBG_TX_WAKE_CLAIM_SENT
DBG_UWB_TX_CH5
DBG_TX_WAKE_CLAIM_SENT
DBG_UWB_TX_CH5
DBG_TX_WAKE_CLAIM_SENT
DBG_UWB_TX_CH5
DBG_TX_WAKE_CLAIM_SENT
DBG_UWB_TX_CH5
DBG_TX_WAKE_CLAIM_SENT
DBG_UWB_TX_CH5
DBG_TX_WAKE_CLAIM_SENT
DBG_UWB_TX_CH5
DBG_TX_WAKE_CLAIM_SENT
DBG_UWB_TX_CH5
DBG_TX_WAKE_CLAIM_SENT
DBG_UWB_TX_CH5
DBG_TX_WAKE_CLAIM_SENT
DBG_UWB_TX_CH5
DBG_TX_WAKE_CLAIM_SENT
DBG_UWB_TX_CH5
DBG_TX_WAKE_CLAIM_SENT
DBG_UWB_TX_CH5
DBG_TX_WAKE_CLAIM_SENT
DBG_UWB_TX_CH5
DBG_TX_WAKE_CLAIM_SENT
DBG_UWB_TX_CH5
DBG_TX_WAKE_CLAIM_SENT
DBG_UWB_TX_CH5
DBG_TX_WAKE_CLAIM_SENT
DBG_UWB_TX_CH5
DBG_TX_WAKE_CLAIM_SENT
DBG_UWB_TX_CH5
DBG_TX_WAKE_CLAIM_SENT
DBG_UWB_TX_CH5
DBG_TX_WAKE_CLAIM_SENT
DBG_UWB_TX_CH5
DBG_TX_WAKE_CLAIM_SENT
DBG_UWB_TX_CH5
DBG_TX_WAKE_CLAIM_SENT
DBG_UWB_TX_CH5
DBG_TX_WAKE_CLAIM_SENT
DBG_UWB_TX_CH5
DBG_TX_WAKE_CLAIM_SENT
DBG_UWB_TX_CH5
DBG_TX_WAKE_CLAIM_SENT
DBG_UWB_TX_CH5
DBG_TX_WAKE_CLAIM_SENT
DBG_UWB_TX_CH5
DBG_TX_WAKE_CLAIM_SENT
DBG_UWB_TX_CH5
DBG_TX_WAKE_CLAIM_SENT
DBG_UWB_TX_CH5
DBG_TX_WAKE_CLAIM_SENT
DBG_UWB_TX_CH5
DBG_TX_WAKE_CLAIM_SENT
DBG_UWB_TX_CH5
DBG_TX_WAKE_CLAIM_SENT
DBG_UWB_TX_CH5
DBG_TX_WAKE_CLAIM_SENT
DBG_UWB_TX_CH5
DBG_TX_WAKE_CLAIM_SENT
DBG_UWB_TX_CH5
DBG_TX_WAKE_CLAIM_SENT
DBG_UWB_TX_CH5
DBG_TX_WAKE_CLAIM_SENT
DBG_UWB_TX_CH5
DBG_TX_WAKE_CLAIM_SENT
DBG_UWB_TX_CH5
DBG_TX_WAKE_CLAIM_SENT
DBG_UWB_TX_CH5
DBG_TX_WAKE_CLAIM_SENT
DBG_UWB_TX_CH5
DBG_TX_WAKE_CLAIM_SENT
DBG_UWB_TX_CH5
DBG_TX_WAKE_CLAIM_SENT
DBG_UWB_TX_CH5
DBG_TX_WAKE_CLAIM_SENT
DBG_UWB_TX_CH5
DBG_TX_WAKE_CLAIM_SENT
DBG_UWB_TX_CH5
DBG_TX_WAKE_CLAIM_SENT
DBG_UWB_TX_CH5
DBG_TX_WAKE_CLAIM_SENT
DBG_UWB_TX_CH5
DBG_TX_WAKE_CLAIM_SENT
DBG_UWB_TX_CH5
DBG_TX_WAKE_CLAIM_SENT
DBG_UWB_TX_CH5
DBG_TX_WAKE_CLAIM_SENT
DBG_UWB_TX_CH5
DBG_TX_WAKE_CLAIM_SENT
DBG_UWB_TX_CH5
DBG_TX_WAKE_CLAIM_SENT
DBG_UWB_TX_CH5
DBG_TX_WAKE_CLAIM_SENT
DBG_UWB_TX_CH5
DBG_TX_WAKE_CLAIM_SENT
DBG_UWB_TX_CH5
DBG_TX_WAKE_CLAIM_SENT
DBG_UWB_TX_CH5
DBG_TX_WAKE_CLAIM_SENT
DBG_UWB_TX_CH5
DBG_TX_WAKE_CLAIM_SENT
DBG_UWB_TX_CH5
DBG_TX_WAKE_CLAIM_SENT
DBG_UWB_TX_CH5
DBG_TX_WAKE_CLAIM_SENT
DBG_UWB_TX_CH5
DBG_TX_WAKE_CLAIM_SENT
DBG_UWB_TX_CH5
DBG_TX_WAKE_CLAIM_SENT
DBG_UWB_TX_CH5
DBG_TX_WAKE_CLAIM_SENT
DBG_UWB_TX_CH5
DBG_TX_WAKE_CLAIM_SENT
DBG_UWB_TX_CH5
DBG_TX_WAKE_CLAIM_SENT
DBG_UWB_TX_CH5
DBG_TX_WAKE_CLAIM_SENT
DBG_UWB_TX_CH5
DBG_TX_WAKE_CLAIM_SENT
DBG_UWB_TX_CH5
DBG_TX_WAKE_CLAIM_SENT
DBG_UWB_TX_CH5
DBG_TX_WAKE_CLAIM_SENT
DBG_UWB_TX_CH5
DBG_TX_WAKE_CLAIM_SENT
DBG_UWB_TX_CH5
DBG_TX_WAKE_CLAIM_SENT
DBG_UWB_TX_CH5
DBG_TX_WAKE_CLAIM_SENT
DBG_UWB_TX_CH5
DBG_TX_WAKE_CLAIM_SENT
DBG_UWB_TX_CH5
DBG_TX_WAKE_CLAIM_SENT
DBG_UWB_TX_CH5
DBG_TX_WAKE_CLAIM_SENT
DBG_UWB_TX_CH5
DBG_TX_WAKE_CLAIM_SENT
DBG_UWB_TX_CH5
DBG_TX_WAKE_CLAIM_SENT
DBG_UWB_TX_CH5
DBG_TX_WAKE_CLAIM_SENT
DBG_UWB_TX_CH5
DBG_TX_WAKE_CLAIM_SENT
DBG_UWB_TX_CH5
DBG_TX_WAKE_CLAIM_SENT
DBG_UWB_TX_CH5
DBG_TX_WAKE_CLAIM_SENT
DBG_UWB_TX_CH5
DBG_TX_WAKE_CLAIM_SENT
DBG_UWB_TX_CH5
DBG_TX_WAKE_CLAIM_SENT
DBG_UWB_TX_CH5
DBG_TX_WAKE_CLAIM_SENT
DBG_UWB_TX_CH5
DBG_TX_WAKE_CLAIM_SENT
DBG_UWB_TX_CH5
DBG_TX_WAKE_CLAIM_SENT
DBG_UWB_TX_CH5
DBG_TX_WAKE_CLAIM_SENT
DBG_UWB_TX_CH5
DBG_TX_WAKE_CLAIM_SENT
DBG_UWB_TX_CH5
DBG_TX_WAKE_CLAIM_SENT
DBG_UWB_TX_CH5
DBG_TX_WAKE_CLAIM_SENT
DBG_UWB_TX_CH5
DBG_TX_WAKE_CLAIM_SENT
DBG_UWB_TX_CH5
DBG_TX_WAKE_CLAIM_SENT
DBG_UWB_TX_CH5
DBG_TX_WAKE_CLAIM_SENT
DBG_UWB_TX_CH5
DBG_TX_WAKE_CLAIM_SENT
DBG_UWB_TX_CH5
DBG_TX_WAKE_CLAIM_SENT
DBG_UWB_TX_CH5
DBG_TX_WAKE_CLAIM_SENT
DBG_UWB_TX_CH5
DBG_TX_WAKE_CLAIM_SENT
DBG_UWB_TX_CH5
DBG_TX_WAKE_CLAIM_SENT
DBG_UWB_TX_CH5
DBG_TX_WAKE_CLAIM_SENT
DBG_UWB_TX_CH5
DBG_TX_WAKE_CLAIM_SENT
DBG_UWB_TX_CH5
DBG_TX_WAKE_CLAIM_SENT
DBG_DWM_INVALIDATE tag=configure_radio_from_reset active_phy=2 configured=1 awake=1
DBG_DWM_MARK_UNCONFIGURED tag=initialise_radio prev_phy=0
DBG_C5_CONTROL_FOLLOWUP_TURNAROUND delay=60 msg=40 reason=node-comm-bounded-control-flood
DBG_DWM_INVALIDATE tag=configure_radio_from_reset active_phy=2 configured=1 awake=0
DBG_DWM_MARK_UNCONFIGURED tag=initialise_radio prev_phy=0
DBG_DWM_INVALIDATE tag=configure_radio_from_reset active_phy=2 configured=1 awake=0
DBG_DWM_MARK_UNCONFIGURED tag=initialise_radio prev_phy=0
DBG_DWM_WAKE_MESH_CTRL_OK sfd=4073
DBG_C5_TX_CONFIG ret=0 ext=1 len=136 msg=40 reason=bounded-c5-flood
DBG_UWB_TX_CH5
DBG_NC o=0000000000000001 g=00000001 w=00 e=00000022 s=00000005 q=0004>0005 r=00000000 f=00000001 t=00000000 p=00000000 a=00
DBG_NC o=0000000000000001 g=00000001 w=00 e=00000042 s=00000005 q=0005>0006 r=00000000 f=00000001 t=00000000 p=00000000 a=00
DBG_NODE_COMM_ATTEMPT handle=1 profile=0 attempt=1 ret=0 rf=1 scheduled=0 state=0
DBG_GATEWAY_RX_START reason=gateway mesh restart active=1 qrx=0 qtx=0 adv_due=0
DBG_ENUM_RF_BEGIN kind=1 handle=1 attempt=1 tries=1
DBG_STACK_RUN_BEGIN epoch=6458762704145168284 run=9 kind=ble_backpressure owner=system_workqueue queue=1 custody=1 credit=0 retry=0 drain=1 src=11068027678940948070 dst=11068027678940948070 session=51904523 seq=11 type=86 sequence=0 previous=0 uptime=51076
DBG_STACK_SAMPLE_BEGIN epoch=6458762704145168284 run=9 sample=9 kind=ble_backpressure owner=system_workqueue queue=1 custody=1 credit=0 retry=0 drain=1 src=11068027678940948070 dst=11068027678940948070 session=51904523 seq=11 type=86 uptime=51076
DBG_STACK_ISR_CONFIG size=8192 run=9 sample=9
DBG_STACK name=BT RX WQ tid=0x2000fe28 used=760 free=776 size=1536 ret=0 run=9 sample=9
DBG_STACK name=mesh_route tid=0x2000d560 used=5904 free=2288 size=8192 ret=0 run=9 sample=9
DBG_STACK name=sysworkq tid=0x20010d80 used=2304 free=2176 size=4480 ret=0 run=9 sample=9
DBG_STACK name=MPSL Work tid=0x20010b38 used=360 free=664 size=1024 ret=0 run=9 sample=9
DBG_STACK name=logging tid=0x2000f930 used=480 free=1568 size=2048 ret=0 run=9 sample=9
DBG_STACK name=idle tid=0x20010c10 used=64 free=256 size=320 ret=0 run=9 sample=9
DBG_STACK_SAMPLE_END run=9 sample=9
DBG_STACK_RUN_END epoch=6458762704145168284 run=9 kind=ble_backpressure owner=system_workqueue outcome=ack queue=1 custody=0 credit=1 retry=0 drain=1 src=11068027678940948070 dst=11068027678940948070 session=51904523 seq=11 type=86 samples=1 sequence=0 previous=0 uptime=51103
DBG_GATEWAY_CH9_RX_CONT_ARM now=51105 rem=500 frames=0 errors=0
DBG_GATEWAY_CH9_RX_CONT_RESULT start=51105 end=51113 ret=-140 fail=0 status=0x02000000 len=0 frames=0
DBG_GATEWAY_CH9_RX_COMMAND_PREEMPT now=51114 rem=500 frames=0
DBG_GATEWAY_CH9_RX_CONT_DONE ret=-140 len=0 fail=0 recover=0
DBG_NODE_COMM_TX_BEGIN handle=1 profile=0 msg=64 dst=0x0 seq=1
DBG_DWM_MARK_UNCONFIGURED tag=initialise_radio prev_phy=0
DBG_DWM_INVALIDATE tag=configure_radio_from_reset active_phy=2 configured=1 awake=0
DBG_DWM_MARK_UNCONFIGURED tag=initialise_radio prev_phy=0
DBG_DWM_WAKE_MESH_CTRL_OK sfd=4073
DBG_C5_TX_CONFIG ret=0 ext=1 len=136 msg=40 reason=bounded-c5-flood
DBG_UWB_TX_CH5
DBG_NC o=0000000000000001 g=00000001 w=00 e=00000022 s=00000005 q=0004>0005 r=00000000 f=00000001 t=00000000 p=00000000 a=00
DBG_NC o=0000000000000001 g=00000001 w=00 e=00000042 s=00000005 q=0005>0006 r=00000000 f=00000001 t=00000000 p=00000000 a=00
DBG_NODE_COMM_ATTEMPT handle=1 profile=0 attempt=2 ret=0 rf=1 scheduled=0 state=0
DBG_GATEWAY_RX_START reason=gateway mesh restart active=1 qrx=0 qtx=0 adv_due=0
DBG_COORD state=gateway-rx owner=uwb-rx reason=gateway-rx rx=0 tx=0 relay=0 route=0 ack=0 qack=0
DBG_DWM_INVALIDATE tag=configure_radio_from_reset active_phy=4 configured=1 awake=1
DBG_DWM_MARK_UNCONFIGURED tag=initialise_radio prev_phy=0
DBG_GATEWAY_CH9_RX_CONT_ARM now=51197 rem=500 frames=0 errors=0
DBG_GATEWAY_CH9_RX_CONT_RESULT start=51197 end=51210 ret=-140 fail=0 status=0x02000000 len=0 frames=0
DBG_GATEWAY_CH9_RX_COMMAND_PREEMPT now=51210 rem=500 frames=0
DBG_GATEWAY_CH9_RX_CONT_DONE ret=-140 len=0 fail=0 recover=0
DBG_NC o=0000000000000001 g=00000001 w=00 e=00000023 s=00000005 q=0006>0004 r=00000000 f=00000024 t=00000000 p=00000000 a=00
DBG_NODE_COMM_TX_BEGIN handle=1 profile=0 msg=64 dst=0x0 seq=1
DBG_CONTROL_RX_HANDOFF_READY abort=0
DBG_COORD state=idle owner=c5-flood reason=idle rx=0 tx=0 relay=0 route=0 ack=0 qack=0
DBG_DWM_INVALIDATE tag=configure_radio_from_reset active_phy=3 configured=1 awake=1
DBG_DWM_MARK_UNCONFIGURED tag=initialise_radio prev_phy=0
DBG_DWM_INVALIDATE tag=configure_radio_from_reset active_phy=2 configured=1 awake=0
DBG_DWM_MARK_UNCONFIGURED tag=initialise_radio prev_phy=0
DBG_DWM_WAKE_MESH_CTRL_OK sfd=4073
DBG_C5_TX_CONFIG ret=0 ext=1 len=136 msg=40 reason=bounded-c5-flood
DBG_UWB_TX_CH5
DBG_NC o=0000000000000001 g=00000001 w=00 e=00000022 s=00000005 q=0004>0005 r=00000000 f=00000001 t=00000000 p=00000000 a=00
DBG_NC o=0000000000000001 g=00000001 w=00 e=00000041 s=00000005 q=0005>0008 r=00000000 f=00000026 t=00000000 p=00000001 a=03
DBG_NODE_COMM_ATTEMPT handle=1 profile=0 attempt=3 ret=0 rf=1 scheduled=0 state=0
DBG_GATEWAY_RX_START reason=gateway mesh restart active=1 qrx=0 qtx=0 adv_due=0
DBG_ENUM_RF_RESULT kind=1 handle=1 success=1 reason=0 tries=3
DBG_ENUM_COMPACT_GATEWAY_SCHEDULE now=51269 start=53351 deadline=54476 wait=3207
DBG_GATEWAY_RX_START reason=compact-enumeration active=1 qrx=0 qtx=0 adv_due=0
DBG_COORD state=gateway-rx owner=uwb-rx reason=gateway-rx rx=0 tx=0 relay=0 route=0 ack=0 qack=0
DBG_DWM_INVALIDATE tag=configure_radio_from_reset active_phy=4 configured=1 awake=1
DBG_DWM_MARK_UNCONFIGURED tag=initialise_radio prev_phy=0
DBG_GATEWAY_CH9_RX_CONT_ARM now=51295 rem=500 frames=0 errors=0
DBG_GATEWAY_CH9_RX_CONT_RESULT start=51295 end=51796 ret=-116 fail=0 status=0x02000000 len=0 frames=0
DBG_GATEWAY_CH9_RX_CONT_ARM now=51798 rem=500 frames=0 errors=0
DBG_GATEWAY_CH9_RX_CONT_RESULT start=51798 end=52299 ret=-116 fail=0 status=0x00000000 len=0 frames=0
DBG_GATEWAY_CH9_RX_CONT_ARM now=52301 rem=500 frames=0 errors=0
DBG_GATEWAY_CH9_RX_CONT_RESULT start=52301 end=52802 ret=-116 fail=0 status=0x00000000 len=0 frames=0
DBG_GATEWAY_CH9_RX_CONT_ARM now=52804 rem=500 frames=0 errors=0
DBG_GATEWAY_CH9_RX_CONT_RESULT start=52804 end=53305 ret=-116 fail=0 status=0x00000000 len=0 frames=0
DBG_GATEWAY_CH9_RX_CONT_ARM now=53307 rem=500 frames=0 errors=0
DBG_GATEWAY_CH9_RX_CONT_RESULT start=53307 end=53808 ret=-116 fail=0 status=0x00000000 len=0 frames=0
DBG_DWM_INVALIDATE tag=configure_radio_from_reset active_phy=3 configured=1 awake=1
DBG_DWM_MARK_UNCONFIGURED tag=initialise_radio prev_phy=0
DBG_DWM_WAKE_MESH_CTRL_OK sfd=4073
DBG_ENUM_COMPACT_GATEWAY_BEGIN now=53831 first_window=0 ret=0
DBG_ENUM_COMPACT_RECORD epoch=51904520 anchor=0x708bc0aab970300e hop=1 via=0x708bc0aab970300e responders=1
DBG_ENUM_COMPACT_DEPTH_WAIT observed_hop=1 through_hop=2 deadline=55851
DBG_STACK_RUN_BEGIN epoch=6458762704145168284 run=10 kind=ble_backpressure owner=system_workqueue queue=1 custody=1 credit=0 retry=0 drain=1 src=11068027678940948070 dst=11068027678940948070 session=51904524 seq=12 type=86 sequence=0 previous=0 uptime=53865
DBG_STACK_SAMPLE_BEGIN epoch=6458762704145168284 run=10 sample=10 kind=ble_backpressure owner=system_workqueue queue=1 custody=1 credit=0 retry=0 drain=1 src=11068027678940948070 dst=11068027678940948070 session=51904524 seq=12 type=86 uptime=53865
DBG_STACK_ISR_CONFIG size=8192 run=10 sample=10
DBG_STACK name=BT RX WQ tid=0x2000fe28 used=760 free=776 size=1536 ret=0 run=10 sample=10
DBG_STACK name=mesh_route tid=0x2000d560 used=5904 free=2288 size=8192 ret=0 run=10 sample=10
DBG_STACK name=sysworkq tid=0x20010d80 used=2304 free=2176 size=4480 ret=0 run=10 sample=10
DBG_STACK name=MPSL Work tid=0x20010b38 used=360 free=664 size=1024 ret=0 run=10 sample=10
DBG_STACK name=logging tid=0x2000f930 used=480 free=1568 size=2048 ret=0 run=10 sample=10
DBG_STACK name=idle tid=0x20010c10 used=64 free=256 size=320 ret=0 run=10 sample=10
DBG_STACK_SAMPLE_END run=10 sample=10
DBG_STACK_RUN_END epoch=6458762704145168284 run=10 kind=ble_backpressure owner=system_workqueue outcome=ack queue=1 custody=0 credit=1 retry=0 drain=1 src=11068027678940948070 dst=11068027678940948070 session=51904524 seq=12 type=86 samples=1 sequence=0 previous=0 uptime=53880
DBG_STACK_RUN_BEGIN epoch=6458762704145168284 run=11 kind=ble_backpressure owner=system_workqueue queue=1 custody=1 credit=0 retry=0 drain=1 src=11068027678940948070 dst=11068027678940948070 session=51904525 seq=13 type=86 sequence=0 previous=0 uptime=53931
DBG_STACK_SAMPLE_BEGIN epoch=6458762704145168284 run=11 sample=11 kind=ble_backpressure owner=system_workqueue queue=1 custody=1 credit=0 retry=0 drain=1 src=11068027678940948070 dst=11068027678940948070 session=51904525 seq=13 type=86 uptime=53931
DBG_STACK_ISR_CONFIG size=8192 run=11 sample=11
DBG_STACK name=BT RX WQ tid=0x2000fe28 used=760 free=776 size=1536 ret=0 run=11 sample=11
DBG_STACK name=mesh_route tid=0x2000d560 used=5904 free=2288 size=8192 ret=0 run=11 sample=11
DBG_STACK name=sysworkq tid=0x20010d80 used=2304 free=2176 size=4480 ret=0 run=11 sample=11
DBG_STACK name=MPSL Work tid=0x20010b38 used=360 free=664 size=1024 ret=0 run=11 sample=11
DBG_STACK name=logging tid=0x2000f930 used=480 free=1568 size=2048 ret=0 run=11 sample=11
DBG_STACK name=idle tid=0x20010c10 used=64 free=256 size=320 ret=0 run=11 sample=11
DBG_STACK_SAMPLE_END run=11 sample=11
DBG_STACK_RUN_END epoch=6458762704145168284 run=11 kind=ble_backpressure owner=system_workqueue outcome=ack queue=2 custody=0 credit=1 retry=0 drain=2 src=11068027678940948070 dst=11068027678940948070 session=51904525 seq=13 type=86 samples=1 sequence=0 previous=0 uptime=53950
DBG_STACK_RUN_BEGIN epoch=6458762704145168284 run=12 kind=ble_backpressure owner=system_workqueue queue=1 custody=1 credit=0 retry=0 drain=1 src=11068027678940948070 dst=11068027678940948070 session=51904526 seq=14 type=86 sequence=0 previous=0 uptime=54021
DBG_STACK_SAMPLE_BEGIN epoch=6458762704145168284 run=12 sample=12 kind=ble_backpressure owner=system_workqueue queue=1 custody=1 credit=0 retry=0 drain=1 src=11068027678940948070 dst=11068027678940948070 session=51904526 seq=14 type=86 uptime=54021
DBG_STACK_ISR_CONFIG size=8192 run=12 sample=12
DBG_STACK name=BT RX WQ tid=0x2000fe28 used=760 free=776 size=1536 ret=0 run=12 sample=12
DBG_STACK name=mesh_route tid=0x2000d560 used=5904 free=2288 size=8192 ret=0 run=12 sample=12
DBG_STACK name=sysworkq tid=0x20010d80 used=2304 free=2176 size=4480 ret=0 run=12 sample=12
DBG_STACK name=MPSL Work tid=0x20010b38 used=360 free=664 size=1024 ret=0 run=12 sample=12
DBG_STACK name=logging tid=0x2000f930 used=480 free=1568 size=2048 ret=0 run=12 sample=12
DBG_STACK name=idle tid=0x20010c10 used=64 free=256 size=320 ret=0 run=12 sample=12
DBG_STACK_SAMPLE_END run=12 sample=12
DBG_STACK_RUN_END epoch=6458762704145168284 run=12 kind=ble_backpressure owner=system_workqueue outcome=ack queue=1 custody=0 credit=1 retry=0 drain=1 src=11068027678940948070 dst=11068027678940948070 session=51904526 seq=14 type=86 samples=1 sequence=0 previous=0 uptime=54036
DBG_ENUM_COMPACT_GATEWAY_END now=55852 timeouts=81 raw=0 bundles=3 errors=0 ret=0
DBG_GATEWAY_COMMAND_PRIORITY_SUBMIT ret=0 now=55853
DBG_DWM_INVALIDATE tag=configure_radio_from_reset active_phy=4 configured=1 awake=1
DBG_DWM_MARK_UNCONFIGURED tag=initialise_radio prev_phy=0
DBG_GATEWAY_CH9_RX_CONT_ARM now=55875 rem=500 frames=0 errors=0
DBG_GATEWAY_CH9_RX_CONT_RESULT start=55875 end=55876 ret=-140 fail=0 status=0x02000000 len=0 frames=0
DBG_GATEWAY_CH9_RX_COMMAND_PREEMPT now=55876 rem=500 frames=0
DBG_GATEWAY_CH9_RX_CONT_DONE ret=-140 len=0 fail=0 recover=0
DBG_NC o=0000000000000002 g=00000002 w=00 e=0000003c s=00000005 q=0000>0004 r=00000000 f=00000024 t=00000000 p=00000000 a=00
DBG_NODE_COMM_SUBMIT handle=2 profile=6 token=17039362 deadline=65879
DBG_ENUM_FLOOD kind=2 handle=2
DBG_ENUM_TABLE_TX epoch=51904520 count=3 round=1 ret=0
DBG_NODE_COMM_TX_BEGIN handle=2 profile=6 msg=64 dst=0x0 seq=2
DBG_CONTROL_RX_HANDOFF_READY abort=0
DBG_COORD state=idle owner=c5-flood reason=idle rx=0 tx=0 relay=0 route=0 ack=0 qack=0
DBG_DWM_INVALIDATE tag=configure_radio_from_reset active_phy=3 configured=1 awake=1
DBG_DWM_MARK_UNCONFIGURED tag=initialise_radio prev_phy=0
DBG_DWM_INVALIDATE tag=configure_radio_from_reset active_phy=2 configured=1 awake=0
DBG_DWM_MARK_UNCONFIGURED tag=initialise_radio prev_phy=0
DBG_DWM_WAKE_MESH_CTRL_OK sfd=4073
DBG_C5_TX_CONFIG ret=0 ext=1 len=187 msg=40 reason=bounded-c5-flood
DBG_UWB_TX_CH5
DBG_DWM_INVALIDATE tag=configure_radio_from_reset active_phy=4 configured=1 awake=0
DBG_DWM_MARK_UNCONFIGURED tag=initialise_radio prev_phy=0
DBG_DWM_INVALIDATE tag=configure_radio_from_reset active_phy=2 configured=1 awake=0
DBG_DWM_MARK_UNCONFIGURED tag=initialise_radio prev_phy=0
DBG_DWM_WAKE_MESH_CTRL_OK sfd=4073
DBG_C5_TX_CONFIG ret=0 ext=1 len=187 msg=40 reason=bounded-c5-flood
DBG_UWB_TX_CH5
DBG_DWM_INVALIDATE tag=configure_radio_from_reset active_phy=4 configured=1 awake=0
DBG_DWM_MARK_UNCONFIGURED tag=initialise_radio prev_phy=0
DBG_DWM_INVALIDATE tag=configure_radio_from_reset active_phy=2 configured=1 awake=0
DBG_DWM_MARK_UNCONFIGURED tag=initialise_radio prev_phy=0
DBG_DWM_WAKE_MESH_CTRL_OK sfd=4073
DBG_C5_TX_CONFIG ret=0 ext=1 len=187 msg=40 reason=bounded-c5-flood
DBG_UWB_TX_CH5
DBG_NC o=0000000000000002 g=00000002 w=00 e=00000022 s=00000005 q=0004>0005 r=00000000 f=00000001 t=00000000 p=00000000 a=00
DBG_NC o=0000000000000002 g=00000002 w=00 e=00000041 s=00000005 q=0005>0008 r=00000000 f=00000026 t=00000000 p=00000001 a=01
DBG_NODE_COMM_ATTEMPT handle=2 profile=6 attempt=1 ret=0 rf=1 scheduled=0 state=0
DBG_GATEWAY_RX_START reason=gateway mesh restart active=1 qrx=0 qtx=0 adv_due=0
DBG_ENUM_RF_RESULT kind=2 handle=2 success=1 reason=0 tries=1
DBG_COORD state=gateway-rx owner=uwb-rx reason=gateway-rx rx=0 tx=0 relay=0 route=0 ack=0 qack=0
DBG_DWM_INVALIDATE tag=configure_radio_from_reset active_phy=4 configured=1 awake=1
DBG_DWM_MARK_UNCONFIGURED tag=initialise_radio prev_phy=0
DBG_GATEWAY_CH9_RX_CONT_ARM now=56074 rem=500 frames=0 errors=0
DBG_GATEWAY_CH9_RX_CONT_RESULT start=56074 end=56575 ret=-116 fail=0 status=0x02000000 len=0 frames=0
DBG_GATEWAY_CH9_RX_CONT_ARM now=56577 rem=500 frames=0 errors=0
DBG_GATEWAY_CH9_RX_CONT_RESULT start=56577 end=57078 ret=-116 fail=0 status=0x00000000 len=0 frames=0
DBG_NC o=0000000000000003 g=00000003 w=00 e=0000003c s=00000005 q=0000>0004 r=00000000 f=00000024 t=00000000 p=00000000 a=00
DBG_NODE_COMM_SUBMIT handle=3 profile=6 token=17039363 deadline=67079
DBG_ENUM_FLOOD kind=3 handle=3
DBG_ENUM_END_TX epoch=51904520 table_seq=51904527 ret=0
DBG_NODE_COMM_TX_BEGIN handle=3 profile=6 msg=64 dst=0x0 seq=3
DBG_CONTROL_RX_HANDOFF_READY abort=0
DBG_COORD state=idle owner=c5-flood reason=idle rx=0 tx=0 relay=0 route=0 ack=0 qack=0
DBG_DWM_INVALIDATE tag=configure_radio_from_reset active_phy=3 configured=1 awake=1
DBG_DWM_MARK_UNCONFIGURED tag=initialise_radio prev_phy=0
DBG_DWM_INVALIDATE tag=configure_radio_from_reset active_phy=2 configured=1 awake=0
DBG_DWM_MARK_UNCONFIGURED tag=initialise_radio prev_phy=0
DBG_DWM_WAKE_MESH_CTRL_OK sfd=4073
DBG_C5_TX_CONFIG ret=0 ext=1 len=169 msg=40 reason=bounded-c5-flood
DBG_UWB_TX_CH5
DBG_DWM_INVALIDATE tag=configure_radio_from_reset active_phy=4 configured=1 awake=0
DBG_DWM_MARK_UNCONFIGURED tag=initialise_radio prev_phy=0
DBG_DWM_INVALIDATE tag=configure_radio_from_reset active_phy=2 configured=1 awake=0
DBG_DWM_MARK_UNCONFIGURED tag=initialise_radio prev_phy=0
DBG_DWM_WAKE_MESH_CTRL_OK sfd=4073
DBG_C5_TX_CONFIG ret=0 ext=1 len=169 msg=40 reason=bounded-c5-flood
DBG_UWB_TX_CH5
DBG_DWM_INVALIDATE tag=configure_radio_from_reset active_phy=4 configured=1 awake=0
DBG_DWM_MARK_UNCONFIGURED tag=initialise_radio prev_phy=0
DBG_DWM_INVALIDATE tag=configure_radio_from_reset active_phy=2 configured=1 awake=0
DBG_DWM_MARK_UNCONFIGURED tag=initialise_radio prev_phy=0
DBG_DWM_WAKE_MESH_CTRL_OK sfd=4073
DBG_C5_TX_CONFIG ret=0 ext=1 len=169 msg=40 reason=bounded-c5-flood
DBG_UWB_TX_CH5
DBG_NC o=0000000000000003 g=00000003 w=00 e=00000022 s=00000005 q=0004>0005 r=00000000 f=00000001 t=00000000 p=00000000 a=00
DBG_NC o=0000000000000003 g=00000003 w=00 e=00000041 s=00000005 q=0005>0008 r=00000000 f=00000026 t=00000000 p=00000001 a=01
DBG_NODE_COMM_ATTEMPT handle=3 profile=6 attempt=1 ret=0 rf=1 scheduled=0 state=0
DBG_GATEWAY_RX_START reason=gateway mesh restart active=1 qrx=0 qtx=0 adv_due=0
DBG_ENUM_RF_RESULT kind=3 handle=3 success=1 reason=0 tries=1
DBG_COORD state=gateway-rx owner=uwb-rx reason=gateway-rx rx=0 tx=0 relay=0 route=0 ack=0 qack=0
DBG_DWM_INVALIDATE tag=configure_radio_from_reset active_phy=4 configured=1 awake=1
DBG_DWM_MARK_UNCONFIGURED tag=initialise_radio prev_phy=0
DBG_GATEWAY_CH9_RX_CONT_ARM now=57277 rem=500 frames=0 errors=0
DBG_GATEWAY_CH9_RX_CONT_RESULT start=57277 end=57778 ret=-116 fail=0 status=0x02000000 len=0 frames=0
DBG_GATEWAY_CH9_RX_CONT_ARM now=57780 rem=500 frames=0 errors=0
DBG_GATEWAY_CH9_RX_CONT_RESULT start=57780 end=58281 ret=-116 fail=0 status=0x00000000 len=0 frames=0
DBG_GATEWAY_COMMAND_PRIORITY_SUBMIT ret=0 now=58282
DBG_GATEWAY_CH9_RX_CONT_ARM now=58283 rem=500 frames=0 errors=0
DBG_GATEWAY_CH9_RX_CONT_RESULT start=58283 end=58284 ret=-140 fail=0 status=0x00000000 len=0 frames=0
DBG_GATEWAY_CH9_RX_COMMAND_PREEMPT now=58285 rem=500 frames=0
DBG_GATEWAY_CH9_RX_CONT_DONE ret=-140 len=0 fail=0 recover=0
DBG_STACK_RUN_BEGIN epoch=6458762704145168284 run=13 kind=ble_backpressure owner=system_workqueue queue=2 custody=2 credit=0 retry=0 drain=2 src=11068027678940948070 dst=11068027678940948070 session=51904531 seq=19 type=86 sequence=0 previous=0 uptime=58286
DBG_STACK_SAMPLE_BEGIN epoch=6458762704145168284 run=13 sample=13 kind=ble_backpressure owner=system_workqueue queue=2 custody=2 credit=0 retry=0 drain=2 src=11068027678940948070 dst=11068027678940948070 session=51904531 seq=19 type=86 uptime=58286
DBG_STACK_ISR_CONFIG size=8192 run=13 sample=13
DBG_STACK name=BT RX WQ tid=0x2000fe28 used=760 free=776 size=1536 ret=0 run=13 sample=13
DBG_STACK name=mesh_route tid=0x2000d560 used=5904 free=2288 size=8192 ret=0 run=13 sample=13
DBG_STACK name=sysworkq tid=0x20010d80 used=2304 free=2176 size=4480 ret=0 run=13 sample=13
DBG_STACK name=MPSL Work tid=0x20010b38 used=360 free=664 size=1024 ret=0 run=13 sample=13
DBG_STACK name=logging tid=0x2000f930 used=480 free=1568 size=2048 ret=0 run=13 sample=13
DBG_STACK name=idle tid=0x20010c10 used=64 free=256 size=320 ret=0 run=13 sample=13
DBG_STACK_SAMPLE_END run=13 sample=13
DBG_STACK_RUN_END epoch=6458762704145168284 run=13 kind=ble_backpressure owner=system_workqueue outcome=ack queue=2 custody=0 credit=1 retry=0 drain=2 src=11068027678940948070 dst=11068027678940948070 session=51904531 seq=19 type=86 samples=1 sequence=0 previous=0 uptime=58309
DBG_STACK_RUN_BEGIN epoch=6458762704145168284 run=14 kind=ble_backpressure owner=system_workqueue queue=2 custody=2 credit=0 retry=0 drain=2 src=11068027678940948070 dst=11068027678940948070 session=3927492422 seq=51014 type=65 sequence=0 previous=0 uptime=58386
DBG_STACK_SAMPLE_BEGIN epoch=6458762704145168284 run=14 sample=14 kind=ble_backpressure owner=system_workqueue queue=2 custody=2 credit=0 retry=0 drain=2 src=11068027678940948070 dst=11068027678940948070 session=3927492422 seq=51014 type=65 uptime=58386
DBG_STACK_ISR_CONFIG size=8192 run=14 sample=14
DBG_STACK name=BT RX WQ tid=0x2000fe28 used=760 free=776 size=1536 ret=0 run=14 sample=14
DBG_STACK name=mesh_route tid=0x2000d560 used=5904 free=2288 size=8192 ret=0 run=14 sample=14
DBG_STACK name=sysworkq tid=0x20010d80 used=2408 free=2072 size=4480 ret=0 run=14 sample=14
DBG_STACK name=MPSL Work tid=0x20010b38 used=360 free=664 size=1024 ret=0 run=14 sample=14
DBG_STACK name=logging tid=0x2000f930 used=480 free=1568 size=2048 ret=0 run=14 sample=14
DBG_STACK name=idle tid=0x20010c10 used=64 free=256 size=320 ret=0 run=14 sample=14
DBG_STACK_SAMPLE_END run=14 sample=14
DBG_STACK_RUN_END epoch=6458762704145168284 run=14 kind=ble_backpressure owner=system_workqueue outcome=ack queue=2 custody=0 credit=1 retry=0 drain=2 src=11068027678940948070 dst=11068027678940948070 session=3927492422 seq=51014 type=65 samples=1 sequence=0 previous=0 uptime=58408
DBG_STACK_RUN_BEGIN epoch=6458762704145168284 run=15 kind=ble_backpressure owner=system_workqueue queue=1 custody=1 credit=0 retry=0 drain=1 src=11068027678940948070 dst=11068027678940948070 session=51904532 seq=20 type=86 sequence=0 previous=0 uptime=58475
DBG_STACK_SAMPLE_BEGIN epoch=6458762704145168284 run=15 sample=15 kind=ble_backpressure owner=system_workqueue queue=1 custody=1 credit=0 retry=0 drain=1 src=11068027678940948070 dst=11068027678940948070 session=51904532 seq=20 type=86 uptime=58476
DBG_STACK_ISR_CONFIG size=8192 run=15 sample=15
DBG_STACK name=BT RX WQ tid=0x2000fe28 used=760 free=776 size=1536 ret=0 run=15 sample=15
DBG_STACK name=mesh_route tid=0x2000d560 used=5904 free=2288 size=8192 ret=0 run=15 sample=15
DBG_STACK name=sysworkq tid=0x20010d80 used=2408 free=2072 size=4480 ret=0 run=15 sample=15
DBG_STACK name=MPSL Work tid=0x20010b38 used=360 free=664 size=1024 ret=0 run=15 sample=15
DBG_STACK name=logging tid=0x2000f930 used=480 free=1568 size=2048 ret=0 run=15 sample=15
DBG_STACK name=idle tid=0x20010c10 used=64 free=256 size=320 ret=0 run=15 sample=15
DBG_STACK_SAMPLE_END run=15 sample=15
DBG_STACK_RUN_END epoch=6458762704145168284 run=15 kind=ble_backpressure owner=system_workqueue outcome=ack queue=1 custody=0 credit=1 retry=0 drain=1 src=11068027678940948070 dst=11068027678940948070 session=51904532 seq=20 type=86 samples=1 sequence=0 previous=0 uptime=58495
DBG_STACK_RUN_BEGIN epoch=6458762704145168284 run=16 kind=ble_backpressure owner=system_workqueue queue=1 custody=1 credit=0 retry=0 drain=1 src=11068027678940948070 dst=11068027678940948070 session=51904533 seq=21 type=86 sequence=0 previous=0 uptime=58566
DBG_STACK_SAMPLE_BEGIN epoch=6458762704145168284 run=16 sample=16 kind=ble_backpressure owner=system_workqueue queue=1 custody=1 credit=0 retry=0 drain=1 src=11068027678940948070 dst=11068027678940948070 session=51904533 seq=21 type=86 uptime=58566
DBG_STACK_ISR_CONFIG size=8192 run=16 sample=16
DBG_STACK name=BT RX WQ tid=0x2000fe28 used=760 free=776 size=1536 ret=0 run=16 sample=16
DBG_STACK name=mesh_route tid=0x2000d560 used=5904 free=2288 size=8192 ret=0 run=16 sample=16
DBG_STACK name=sysworkq tid=0x20010d80 used=2408 free=2072 size=4480 ret=0 run=16 sample=16
DBG_STACK name=MPSL Work tid=0x20010b38 used=360 free=664 size=1024 ret=0 run=16 sample=16
DBG_STACK name=logging tid=0x2000f930 used=480 free=1568 size=2048 ret=0 run=16 sample=16
DBG_STACK name=idle tid=0x20010c10 used=64 free=256 size=320 ret=0 run=16 sample=16
DBG_STACK_SAMPLE_END run=16 sample=16
DBG_STACK_RUN_END epoch=6458762704145168284 run=16 kind=ble_backpressure owner=system_workqueue outcome=ack queue=1 custody=0 credit=1 retry=0 drain=1 src=11068027678940948070 dst=11068027678940948070 session=51904533 seq=21 type=86 samples=1 sequence=0 previous=0 uptime=58582
DBG_STACK_RUN_BEGIN epoch=6458762704145168284 run=17 kind=ble_backpressure owner=system_workqueue queue=1 custody=1 credit=0 retry=0 drain=1 src=11068027678940948070 dst=11068027678940948070 session=51904534 seq=22 type=86 sequence=0 previous=0 uptime=58656
DBG_STACK_SAMPLE_BEGIN epoch=6458762704145168284 run=17 sample=17 kind=ble_backpressure owner=system_workqueue queue=1 custody=1 credit=0 retry=0 drain=1 src=11068027678940948070 dst=11068027678940948070 session=51904534 seq=22 type=86 uptime=58656
DBG_STACK_ISR_CONFIG size=8192 run=17 sample=17
DBG_STACK name=BT RX WQ tid=0x2000fe28 used=760 free=776 size=1536 ret=0 run=17 sample=17
DBG_STACK name=mesh_route tid=0x2000d560 used=5904 free=2288 size=8192 ret=0 run=17 sample=17
DBG_STACK name=sysworkq tid=0x20010d80 used=2408 free=2072 size=4480 ret=0 run=17 sample=17
DBG_STACK name=MPSL Work tid=0x20010b38 used=368 free=656 size=1024 ret=0 run=17 sample=17
DBG_STACK name=logging tid=0x2000f930 used=480 free=1568 size=2048 ret=0 run=17 sample=17
DBG_STACK name=idle tid=0x20010c10 used=64 free=256 size=320 ret=0 run=17 sample=17
DBG_STACK_SAMPLE_END run=17 sample=17
DBG_STACK_RUN_END epoch=6458762704145168284 run=17 kind=ble_backpressure owner=system_workqueue outcome=ack queue=1 custody=0 credit=1 retry=0 drain=1 src=11068027678940948070 dst=11068027678940948070 session=51904534 seq=22 type=86 samples=1 sequence=0 previous=0 uptime=58677
DBG_STACK_RUN_BEGIN epoch=6458762704145168284 run=18 kind=ble_backpressure owner=system_workqueue queue=1 custody=1 credit=0 retry=0 drain=1 src=11068027678940948070 dst=11068027678940948070 session=51904535 seq=23 type=86 sequence=0 previous=0 uptime=58746
DBG_STACK_SAMPLE_BEGIN epoch=6458762704145168284 run=18 sample=18 kind=ble_backpressure owner=system_workqueue queue=1 custody=1 credit=0 retry=0 drain=1 src=11068027678940948070 dst=11068027678940948070 session=51904535 seq=23 type=86 uptime=58746
DBG_STACK_ISR_CONFIG size=8192 run=18 sample=18
DBG_STACK name=BT RX WQ tid=0x2000fe28 used=760 free=776 size=1536 ret=0 run=18 sample=18
DBG_STACK name=mesh_route tid=0x2000d560 used=5904 free=2288 size=8192 ret=0 run=18 sample=18
DBG_STACK name=sysworkq tid=0x20010d80 used=2408 free=2072 size=4480 ret=0 run=18 sample=18
DBG_STACK name=MPSL Work tid=0x20010b38 used=368 free=656 size=1024 ret=0 run=18 sample=18
DBG_STACK name=logging tid=0x2000f930 used=480 free=1568 size=2048 ret=0 run=18 sample=18
DBG_STACK name=idle tid=0x20010c10 used=64 free=256 size=320 ret=0 run=18 sample=18
DBG_STACK_SAMPLE_END run=18 sample=18
DBG_STACK_RUN_END epoch=6458762704145168284 run=18 kind=ble_backpressure owner=system_workqueue outcome=ack queue=1 custody=0 credit=1 retry=0 drain=1 src=11068027678940948070 dst=11068027678940948070 session=51904535 seq=23 type=86 samples=1 sequence=0 previous=0 uptime=58761
DBG_GATEWAY_CH9_RX_CONT_RESULT start=58287 end=58788 ret=-116 fail=0 status=0x00000000 len=0 frames=0
DBG_GATEWAY_CH9_RX_CONT_ARM now=58790 rem=500 frames=0 errors=0
DBG_STACK_RUN_BEGIN epoch=6458762704145168284 run=19 kind=ble_backpressure owner=system_workqueue queue=1 custody=1 credit=0 retry=0 drain=1 src=11068027678940948070 dst=11068027678940948070 session=51904536 seq=24 type=86 sequence=0 previous=0 uptime=58836
DBG_STACK_SAMPLE_BEGIN epoch=6458762704145168284 run=19 sample=19 kind=ble_backpressure owner=system_workqueue queue=1 custody=1 credit=0 retry=0 drain=1 src=11068027678940948070 dst=11068027678940948070 session=51904536 seq=24 type=86 uptime=58836
DBG_STACK_ISR_CONFIG size=8192 run=19 sample=19
DBG_STACK name=BT RX WQ tid=0x2000fe28 used=760 free=776 size=1536 ret=0 run=19 sample=19
DBG_STACK name=mesh_route tid=0x2000d560 used=5904 free=2288 size=8192 ret=0 run=19 sample=19
DBG_STACK name=sysworkq tid=0x20010d80 used=2408 free=2072 size=4480 ret=0 run=19 sample=19
DBG_STACK name=MPSL Work tid=0x20010b38 used=368 free=656 size=1024 ret=0 run=19 sample=19
DBG_STACK name=logging tid=0x2000f930 used=480 free=1568 size=2048 ret=0 run=19 sample=19
DBG_STACK name=idle tid=0x20010c10 used=64 free=256 size=320 ret=0 run=19 sample=19
DBG_STACK_SAMPLE_END run=19 sample=19
DBG_STACK_RUN_END epoch=6458762704145168284 run=19 kind=ble_backpressure owner=system_workqueue outcome=ack queue=1 custody=0 credit=1 retry=0 drain=1 src=11068027678940948070 dst=11068027678940948070 session=51904536 seq=24 type=86 samples=1 sequence=0 previous=0 uptime=58853
DBG_GATEWAY_CH9_RX_CONT_RESULT start=58790 end=59291 ret=-116 fail=0 status=0x00000000 len=0 frames=0
DBG_GATEWAY_CH9_RX_CONT_ARM now=59296 rem=500 frames=0 errors=0
DBG_GATEWAY_CH9_RX_CONT_RESULT start=59296 end=59797 ret=-116 fail=0 status=0x00000000 len=0 frames=0
DBG_GATEWAY_CH9_RX_CONT_ARM now=59799 rem=500 frames=0 errors=0
DBG_GATEWAY_CH9_RX_CONT_RESULT start=59799 end=60300 ret=-116 fail=0 status=0x00000000 len=0 frames=0
DBG_GATEWAY_CH9_RX_CONT_ARM now=60302 rem=500 frames=0 errors=0
DBG_GATEWAY_CH9_RX_CONT_RESULT start=60302 end=60803 ret=-116 fail=0 status=0x00000000 len=0 frames=0
DBG_GATEWAY_CH9_RX_CONT_ARM now=60805 rem=500 frames=0 errors=0
DBG_GATEWAY_CH9_RX_CONT_RESULT start=60805 end=61306 ret=-116 fail=0 status=0x00000000 len=0 frames=0
DBG_GATEWAY_CH9_RX_CONT_ARM now=61308 rem=500 frames=0 errors=0
DBG_GATEWAY_BLE event=disconnected reason=19 uptime=61444
DBG_GATEWAY_BLE event=recovery round=1 delay_ms=352 reason=disconnected uptime=61444
DBG_GATEWAY_CH9_RX_CONT_RESULT start=61308 end=61809 ret=-116 fail=0 status=0x00000000 len=0 frames=0
DBG_GATEWAY_CH9_RX_CONT_ARM now=61811 rem=500 frames=0 errors=0
DBG_GATEWAY_CH9_RX_CONT_RESULT start=61811 end=62312 ret=-116 fail=0 status=0x00000000 len=0 frames=0
DBG_GATEWAY_CH9_RX_CONT_ARM now=62314 rem=500 frames=0 errors=0
DBG_GATEWAY_CH9_RX_CONT_RESULT start=62314 end=62815 ret=-116 fail=0 status=0x00000000 len=0 frames=0
DBG_GATEWAY_CH9_RX_CONT_ARM now=62817 rem=500 frames=0 errors=0
DBG_GATEWAY_CH9_RX_CONT_RESULT start=62817 end=63318 ret=-116 fail=0 status=0x00000000 len=0 frames=0
DBG_GATEWAY_CH9_RX_CONT_ARM now=63320 rem=500 frames=0 errors=0
DBG_GATEWAY_CH9_RX_CONT_RESULT start=63320 end=63821 ret=-116 fail=0 status=0x00000000 len=0 frames=0
DBG_GATEWAY_CH9_RX_CONT_ARM now=63823 rem=500 frames=0 errors=0
DBG_GATEWAY_CH9_RX_CONT_RESULT start=63823 end=64324 ret=-116 fail=0 status=0x00000000 len=0 frames=0
DBG_GATEWAY_CH9_RX_CONT_ARM now=64326 rem=500 frames=0 errors=0
DBG_GATEWAY_CH9_RX_CONT_RESULT start=64326 end=64827 ret=-116 fail=0 status=0x00000000 len=0 frames=0
DBG_GATEWAY_CH9_RX_CONT_ARM now=64829 rem=500 frames=0 errors=0
DBG_GATEWAY_CH9_RX_CONT_RESULT start=64829 end=65330 ret=-116 fail=0 status=0x00000000 len=0 frames=0
DBG_GATEWAY_CH9_RX_CONT_ARM now=65332 rem=500 frames=0 errors=0
DBG_GATEWAY_CH9_RX_CONT_RESULT start=65332 end=65833 ret=-116 fail=0 status=0x00000000 len=0 frames=0
DBG_GATEWAY_CH9_RX_CONT_ARM now=65835 rem=500 frames=0 errors=0
DBG_GATEWAY_CH9_RX_CONT_RESULT start=65835 end=66335 ret=-116 fail=0 status=0x00000000 len=0 frames=0
DBG_GATEWAY_CH9_RX_CONT_ARM now=66337 rem=500 frames=0 errors=0
DBG_GATEWAY_CH9_RX_CONT_RESULT start=66337 end=66838 ret=-116 fail=0 status=0x00000000 len=0 frames=0
DBG_GATEWAY_CH9_RX_CONT_ARM now=66840 rem=500 frames=0 errors=0
DBG_GATEWAY_CH9_RX_CONT_RESULT start=66840 end=67341 ret=-116 fail=0 status=0x00000000 len=0 frames=0
DBG_GATEWAY_CH9_RX_CONT_ARM now=67343 rem=500 frames=0 errors=0
DBG_GATEWAY_CH9_RX_CONT_RESULT start=67343 end=67844 ret=-116 fail=0 status=0x00000000 len=0 frames=0
DBG_GATEWAY_CH9_RX_CONT_ARM now=67846 rem=500 frames=0 errors=0
DBG_GATEWAY_CH9_RX_CONT_RESULT start=67846 end=68347 ret=-116 fail=0 status=0x00000000 len=0 frames=0
DBG_GATEWAY_CH9_RX_CONT_ARM now=68349 rem=500 frames=0 errors=0
DBG_GATEWAY_CH9_RX_CONT_RESULT start=68349 end=68850 ret=-116 fail=0 status=0x00000000 len=0 frames=0
DBG_GATEWAY_CH9_RX_CONT_ARM now=68852 rem=500 frames=0 errors=0
DBG_GATEWAY_CH9_RX_CONT_RESULT start=68852 end=69353 ret=-116 fail=0 status=0x00000000 len=0 frames=0
DBG_GATEWAY_CH9_RX_CONT_ARM now=69355 rem=500 frames=0 errors=0
