BLE_CONNECTED gateway_id=0x9999888877776666 command=here-i-am session=4231676338 frame=04c101400201010101010101116666777788889999b2413afcb24101330101010410020c06ab04dc620607ae0b0101010304dc620607e803ae1301020310620102c8040604fa010104b5f80305ae050103050201b3cb00
BLE_CHUNK len=118 hex=4757012801060100560452005200600266667777888899996666777788889999000000004e00480c014e0302000000000c005a00b2413afc00000000b2413afcb241000052006002000000000000000000000000000000000000000000000000000000000000000000000000000000000000000000ff
BLE_PACKET type=0x56 src=0x9999888877776666 dst=0x9999888877776666 session=39845970 seq=82 payload=014e0302000000000c005a00b2413afc00000000b2413afcb241000052006002000000000000000000000000000000000000000000000000000000000000000000000000000000000000000000ff
GATEWAY_COMMAND_EVENT GatewayCommandEvent(command_kind=3, stage=2, flags=0, attempt=0, command_status=0, reason=0, command_id=12, route_epoch=90, correlation_id=4231676338, gateway_sequence=0, host_session_id=4231676338, host_sequence=16818, event_sequence=39845970, anchor_id=0, pair_initiator_id=0, pair_responder_id=0, previous_hop_id=0, progress_count=0, total_count=0, success_count=0, failure_count=0, duplicate_count=0, lost_event_count=0, hop_count=0, discovery_slot=255)
BLE_HOST_RECEIPT type=0x56 src=0x9999888877776666 session=39845970 seq=82
BLE_CHUNK len=118 hex=4757012801060100560453005300600266667777888899996666777788889999000000004e0000ed014e0303000000000c005a00b2413afc00000000b2413afcb241000053006002000000000000000000000000000000000000000000000000000000000000000000000000000000000000000000ff
BLE_PACKET type=0x56 src=0x9999888877776666 dst=0x9999888877776666 session=39845971 seq=83 payload=014e0303000000000c005a00b2413afc00000000b2413afcb241000053006002000000000000000000000000000000000000000000000000000000000000000000000000000000000000000000ff
GATEWAY_COMMAND_EVENT GatewayCommandEvent(command_kind=3, stage=3, flags=0, attempt=0, command_status=0, reason=0, command_id=12, route_epoch=90, correlation_id=4231676338, gateway_sequence=0, host_session_id=4231676338, host_sequence=16818, event_sequence=39845971, anchor_id=0, pair_initiator_id=0, pair_responder_id=0, previous_hop_id=0, progress_count=0, total_count=0, success_count=0, failure_count=0, duplicate_count=0, lost_event_count=0, hop_count=0, discovery_slot=255)
BLE_HOST_RECEIPT type=0x56 src=0x9999888877776666 session=39845971 seq=83
BLE_CHUNK len=118 hex=4757012801060100560455005500600266667777888899996666777788889999000000004e000771014e0304000100000c005a00b2413afc54006002b2413afcb241000055006002000000000000000000000000000000000000000000000000000000000000000004000000000000000000000000ff
BLE_PACKET type=0x56 src=0x9999888877776666 dst=0x9999888877776666 session=39845973 seq=85 payload=014e0304000100000c005a00b2413afc54006002b2413afcb241000055006002000000000000000000000000000000000000000000000000000000000000000004000000000000000000000000ff
GATEWAY_COMMAND_EVENT GatewayCommandEvent(command_kind=3, stage=4, flags=0, attempt=1, command_status=0, reason=0, command_id=12, route_epoch=90, correlation_id=4231676338, gateway_sequence=39845972, host_session_id=4231676338, host_sequence=16818, event_sequence=39845973, anchor_id=0, pair_initiator_id=0, pair_responder_id=0, previous_hop_id=0, progress_count=4, total_count=0, success_count=0, failure_count=0, duplicate_count=0, lost_event_count=0, hop_count=0, discovery_slot=255)
BLE_HOST_RECEIPT type=0x56 src=0x9999888877776666 session=39845973 seq=85
BLE_CHUNK len=51 hex=47570128010201004104b241b2413afc66667777888899996666777788889999000000000b00a18510020c00110200001e0100
BLE_PACKET type=0x41 src=0x9999888877776666 dst=0x9999888877776666 session=4231676338 seq=16818 payload=10020c00110200001e0100
BLE_HOST_RECEIPT type=0x41 src=0x9999888877776666 session=4231676338 seq=16818
BLE_CHUNK len=118 hex=4757012801060000560456005600600266667777888899996666777788889999000000004e00bfad014e030c030100000c005a00b2413afc54006002b2413afcb241000056006002000000000000000000000000000000000000000000000000000000000000000004000000000000000000000000ff
BLE_PACKET type=0x56 src=0x9999888877776666 dst=0x9999888877776666 session=39845974 seq=86 payload=014e030c030100000c005a00b2413afc54006002b2413afcb241000056006002000000000000000000000000000000000000000000000000000000000000000004000000000000000000000000ff
GATEWAY_COMMAND_EVENT GatewayCommandEvent(command_kind=3, stage=12, flags=3, attempt=1, command_status=0, reason=0, command_id=12, route_epoch=90, correlation_id=4231676338, gateway_sequence=39845972, host_session_id=4231676338, host_sequence=16818, event_sequence=39845974, anchor_id=0, pair_initiator_id=0, pair_responder_id=0, previous_hop_id=0, progress_count=4, total_count=0, success_count=0, failure_count=0, duplicate_count=0, lost_event_count=0, hop_count=0, discovery_slot=255)
BLE_HOST_RECEIPT type=0x56 src=0x9999888877776666 session=39845974 seq=86
HERE_I_AM_LOCAL_FLOOD_OK attempts=1 retries=0 delivery_claim=local-broadcast-only
BLE_CONNECTED gateway_id=0x9999888877776666 command=assign-slots session=4231676339 frame=04c101400201010101010101116666777788889999b3413afcb341011b010101081002040178020306ab04dc620607ae0b0101010304dc620605e80379aa00
BLE_CHUNK len=118 hex=4757012801060100560457005700600266667777888899996666777788889999000000004e00db3f014e01020000000004015a00b3413afc00000000b3413afcb341000057006002000000000000000000000000000000000000000000000000000000000000000000000000000000000000000000ff
BLE_PACKET type=0x56 src=0x9999888877776666 dst=0x9999888877776666 session=39845975 seq=87 payload=014e01020000000004015a00b3413afc00000000b3413afcb341000057006002000000000000000000000000000000000000000000000000000000000000000000000000000000000000000000ff
GATEWAY_COMMAND_EVENT GatewayCommandEvent(command_kind=1, stage=2, flags=0, attempt=0, command_status=0, reason=0, command_id=260, route_epoch=90, correlation_id=4231676339, gateway_sequence=0, host_session_id=4231676339, host_sequence=16819, event_sequence=39845975, anchor_id=0, pair_initiator_id=0, pair_responder_id=0, previous_hop_id=0, progress_count=0, total_count=0, success_count=0, failure_count=0, duplicate_count=0, lost_event_count=0, hop_count=0, discovery_slot=255)
BLE_HOST_RECEIPT type=0x56 src=0x9999888877776666 session=39845975 seq=87
BLE_CHUNK len=118 hex=4757012801060100560458005800600266667777888899996666777788889999000000004e001720014e01030000000004015a00b3413afc00000000b3413afcb341000058006002000000000000000000000000000000000000000000000000000000000000000000000000000000000000000000ff
BLE_PACKET type=0x56 src=0x9999888877776666 dst=0x9999888877776666 session=39845976 seq=88 payload=014e01030000000004015a00b3413afc00000000b3413afcb341000058006002000000000000000000000000000000000000000000000000000000000000000000000000000000000000000000ff
GATEWAY_COMMAND_EVENT GatewayCommandEvent(command_kind=1, stage=3, flags=0, attempt=0, command_status=0, reason=0, command_id=260, route_epoch=90, correlation_id=4231676339, gateway_sequence=0, host_session_id=4231676339, host_sequence=16819, event_sequence=39845976, anchor_id=0, pair_initiator_id=0, pair_responder_id=0, previous_hop_id=0, progress_count=0, total_count=0, success_count=0, failure_count=0, duplicate_count=0, lost_event_count=0, hop_count=0, discovery_slot=255)
BLE_HOST_RECEIPT type=0x56 src=0x9999888877776666 session=39845976 seq=88
BLE_CHUNK len=118 hex=475701280106010056045a005a00600266667777888899996666777788889999000000004e00bb1f014e01030000000004015a00b3413afc59006002b3413afcb34100005a006002000000000000000000000000000000000000000000000000000000000000000000000000000000000000000000ff
BLE_PACKET type=0x56 src=0x9999888877776666 dst=0x9999888877776666 session=39845978 seq=90 payload=014e01030000000004015a00b3413afc59006002b3413afcb34100005a006002000000000000000000000000000000000000000000000000000000000000000000000000000000000000000000ff
GATEWAY_COMMAND_EVENT GatewayCommandEvent(command_kind=1, stage=3, flags=0, attempt=0, command_status=0, reason=0, command_id=260, route_epoch=90, correlation_id=4231676339, gateway_sequence=39845977, host_session_id=4231676339, host_sequence=16819, event_sequence=39845978, anchor_id=0, pair_initiator_id=0, pair_responder_id=0, previous_hop_id=0, progress_count=0, total_count=0, success_count=0, failure_count=0, duplicate_count=0, lost_event_count=0, hop_count=0, discovery_slot=255)
BLE_HOST_RECEIPT type=0x56 src=0x9999888877776666 session=39845978 seq=90
BLE_CHUNK len=118 hex=475701280106010056045c005c00600266667777888899996666777788889999000000004e00570f014e01040001000004015a00b3413afc59006002b3413afcb34100005c006002000000000000000000000000000000000000000000000000000000000000000000000000000000000000000000ff
BLE_PACKET type=0x56 src=0x9999888877776666 dst=0x9999888877776666 session=39845980 seq=92 payload=014e01040001000004015a00b3413afc59006002b3413afcb34100005c006002000000000000000000000000000000000000000000000000000000000000000000000000000000000000000000ff
GATEWAY_COMMAND_EVENT GatewayCommandEvent(command_kind=1, stage=4, flags=0, attempt=1, command_status=0, reason=0, command_id=260, route_epoch=90, correlation_id=4231676339, gateway_sequence=39845977, host_session_id=4231676339, host_sequence=16819, event_sequence=39845980, anchor_id=0, pair_initiator_id=0, pair_responder_id=0, previous_hop_id=0, progress_count=0, total_count=0, success_count=0, failure_count=0, duplicate_count=0, lost_event_count=0, hop_count=0, discovery_slot=255)
BLE_HOST_RECEIPT type=0x56 src=0x9999888877776666 session=39845980 seq=92
BLE_CHUNK len=118 hex=475701280106010056045d005d00600266667777888899996666777788889999000000004e002741014e01060000000004015a00b3413afc59006002b3413afcb34100005d00600207cbc8c619961a190000000000000000000000000000000007cbc8c619961a1901000000000000000000000001ff
BLE_PACKET type=0x56 src=0x9999888877776666 dst=0x9999888877776666 session=39845981 seq=93 payload=014e01060000000004015a00b3413afc59006002b3413afcb34100005d00600207cbc8c619961a190000000000000000000000000000000007cbc8c619961a1901000000000000000000000001ff
GATEWAY_COMMAND_EVENT GatewayCommandEvent(command_kind=1, stage=6, flags=0, attempt=0, command_status=0, reason=0, command_id=260, route_epoch=90, correlation_id=4231676339, gateway_sequence=39845977, host_session_id=4231676339, host_sequence=16819, event_sequence=39845981, anchor_id=1808923237796072199, pair_initiator_id=0, pair_responder_id=0, previous_hop_id=1808923237796072199, progress_count=1, total_count=0, success_count=0, failure_count=0, duplicate_count=0, lost_event_count=0, hop_count=1, discovery_slot=255)
BLE_HOST_RECEIPT type=0x56 src=0x9999888877776666 session=39845981 seq=93
BLE_CHUNK len=118 hex=475701280106010056045e005e00600266667777888899996666777788889999000000004e006c96014e01060000000004015a00b3413afc59006002b3413afcb34100005e00600241d1f64afe25da560000000000000000000000000000000041d1f64afe25da5602000000000000000000000001ff
BLE_PACKET type=0x56 src=0x9999888877776666 dst=0x9999888877776666 session=39845982 seq=94 payload=014e01060000000004015a00b3413afc59006002b3413afcb34100005e00600241d1f64afe25da560000000000000000000000000000000041d1f64afe25da5602000000000000000000000001ff
GATEWAY_COMMAND_EVENT GatewayCommandEvent(command_kind=1, stage=6, flags=0, attempt=0, command_status=0, reason=0, command_id=260, route_epoch=90, correlation_id=4231676339, gateway_sequence=39845977, host_session_id=4231676339, host_sequence=16819, event_sequence=39845982, anchor_id=6258356406294335809, pair_initiator_id=0, pair_responder_id=0, previous_hop_id=6258356406294335809, progress_count=2, total_count=0, success_count=0, failure_count=0, duplicate_count=0, lost_event_count=0, hop_count=1, discovery_slot=255)
BLE_HOST_RECEIPT type=0x56 src=0x9999888877776666 session=39845982 seq=94
BLE_CHUNK len=118 hex=475701280106010056045f005f00600266667777888899996666777788889999000000004e003cdb014e01060000000004015a00b3413afc59006002b3413afcb34100005f0060020e3070b9aac08b70000000000000000000000000000000000e3070b9aac08b7003000000000000000000000001ff
BLE_PACKET type=0x56 src=0x9999888877776666 dst=0x9999888877776666 session=39845983 seq=95 payload=014e01060000000004015a00b3413afc59006002b3413afcb34100005f0060020e3070b9aac08b70000000000000000000000000000000000e3070b9aac08b7003000000000000000000000001ff
GATEWAY_COMMAND_EVENT GatewayCommandEvent(command_kind=1, stage=6, flags=0, attempt=0, command_status=0, reason=0, command_id=260, route_epoch=90, correlation_id=4231676339, gateway_sequence=39845977, host_session_id=4231676339, host_sequence=16819, event_sequence=39845983, anchor_id=8109787393498820622, pair_initiator_id=0, pair_responder_id=0, previous_hop_id=8109787393498820622, progress_count=3, total_count=0, success_count=0, failure_count=0, duplicate_count=0, lost_event_count=0, hop_count=1, discovery_slot=255)
BLE_HOST_RECEIPT type=0x56 src=0x9999888877776666 session=39845983 seq=95
BLE_CHUNK len=118 hex=4757012801060100560462006200600266667777888899996666777788889999000000004e00e0fa014e01080000000004015a00b3413afc59006002b3413afcb3410000620060020e3070b9aac08b700000000000000000000000000000000000000000000000000100030000000000000000000100
BLE_PACKET type=0x56 src=0x9999888877776666 dst=0x9999888877776666 session=39845986 seq=98 payload=014e01080000000004015a00b3413afc59006002b3413afcb3410000620060020e3070b9aac08b700000000000000000000000000000000000000000000000000100030000000000000000000100
GATEWAY_COMMAND_EVENT GatewayCommandEvent(command_kind=1, stage=8, flags=0, attempt=0, command_status=0, reason=0, command_id=260, route_epoch=90, correlation_id=4231676339, gateway_sequence=39845977, host_session_id=4231676339, host_sequence=16819, event_sequence=39845986, anchor_id=8109787393498820622, pair_initiator_id=0, pair_responder_id=0, previous_hop_id=0, progress_count=1, total_count=3, success_count=0, failure_count=0, duplicate_count=0, lost_event_count=0, hop_count=1, discovery_slot=0)
BLE_HOST_RECEIPT type=0x56 src=0x9999888877776666 session=39845986 seq=98
BLE_CHUNK len=118 hex=4757012801060100560463006300600266667777888899996666777788889999000000004e0085ca014e01080000000004015a00b3413afc59006002b3413afcb34100006300600241d1f64afe25da560000000000000000000000000000000000000000000000000200030000000000000000000101
BLE_PACKET type=0x56 src=0x9999888877776666 dst=0x9999888877776666 session=39845987 seq=99 payload=014e01080000000004015a00b3413afc59006002b3413afcb34100006300600241d1f64afe25da560000000000000000000000000000000000000000000000000200030000000000000000000101
GATEWAY_COMMAND_EVENT GatewayCommandEvent(command_kind=1, stage=8, flags=0, attempt=0, command_status=0, reason=0, command_id=260, route_epoch=90, correlation_id=4231676339, gateway_sequence=39845977, host_session_id=4231676339, host_sequence=16819, event_sequence=39845987, anchor_id=6258356406294335809, pair_initiator_id=0, pair_responder_id=0, previous_hop_id=0, progress_count=2, total_count=3, success_count=0, failure_count=0, duplicate_count=0, lost_event_count=0, hop_count=1, discovery_slot=1)
BLE_HOST_RECEIPT type=0x56 src=0x9999888877776666 session=39845987 seq=99
BLE_CHUNK len=118 hex=4757012801060100560464006400600266667777888899996666777788889999000000004e00413d014e01080000000004015a00b3413afc59006002b3413afcb34100006400600207cbc8c619961a190000000000000000000000000000000000000000000000000300030000000000000000000102
BLE_PACKET type=0x56 src=0x9999888877776666 dst=0x9999888877776666 session=39845988 seq=100 payload=014e01080000000004015a00b3413afc59006002b3413afcb34100006400600207cbc8c619961a190000000000000000000000000000000000000000000000000300030000000000000000000102
GATEWAY_COMMAND_EVENT GatewayCommandEvent(command_kind=1, stage=8, flags=0, attempt=0, command_status=0, reason=0, command_id=260, route_epoch=90, correlation_id=4231676339, gateway_sequence=39845977, host_session_id=4231676339, host_sequence=16819, event_sequence=39845988, anchor_id=1808923237796072199, pair_initiator_id=0, pair_responder_id=0, previous_hop_id=0, progress_count=3, total_count=3, success_count=0, failure_count=0, duplicate_count=0, lost_event_count=0, hop_count=1, discovery_slot=2)
BLE_HOST_RECEIPT type=0x56 src=0x9999888877776666 session=39845988 seq=100
BLE_CHUNK len=118 hex=4757012801060100560467006700600266667777888899996666777788889999000000004e00da2d014e01060000000004015a00b3413afc59006002b3413afcb3410000670060020e3070b9aac08b700000000000000000000000000000000000000000000000000100030001000000000000000100
BLE_PACKET type=0x56 src=0x9999888877776666 dst=0x9999888877776666 session=39845991 seq=103 payload=014e01060000000004015a00b3413afc59006002b3413afcb3410000670060020e3070b9aac08b700000000000000000000000000000000000000000000000000100030001000000000000000100
GATEWAY_COMMAND_EVENT GatewayCommandEvent(command_kind=1, stage=6, flags=0, attempt=0, command_status=0, reason=0, command_id=260, route_epoch=90, correlation_id=4231676339, gateway_sequence=39845977, host_session_id=4231676339, host_sequence=16819, event_sequence=39845991, anchor_id=8109787393498820622, pair_initiator_id=0, pair_responder_id=0, previous_hop_id=0, progress_count=1, total_count=3, success_count=1, failure_count=0, duplicate_count=0, lost_event_count=0, hop_count=1, discovery_slot=0)
BLE_CHUNK len=51 hex=47570128010201004104b341b3413afc66667777888899996666777788889999000000000b00eedb10020401110200001e0103
BLE_PACKET type=0x41 src=0x9999888877776666 dst=0x9999888877776666 session=4231676339 seq=16819 payload=10020401110200001e0103
BLE_HOST_RECEIPT type=0x56 src=0x9999888877776666 session=39845991 seq=103
BLE_HOST_RECEIPT type=0x41 src=0x9999888877776666 session=4231676339 seq=16819
BLE_CHUNK len=118 hex=4757012801060100560468006800600266667777888899996666777788889999000000004e003be3014e01060000000004015a00b3413afc59006002b3413afcb34100006800600241d1f64afe25da560000000000000000000000000000000000000000000000000200030001000000000000000101
BLE_PACKET type=0x56 src=0x9999888877776666 dst=0x9999888877776666 session=39845992 seq=104 payload=014e01060000000004015a00b3413afc59006002b3413afcb34100006800600241d1f64afe25da560000000000000000000000000000000000000000000000000200030001000000000000000101
GATEWAY_COMMAND_EVENT GatewayCommandEvent(command_kind=1, stage=6, flags=0, attempt=0, command_status=0, reason=0, command_id=260, route_epoch=90, correlation_id=4231676339, gateway_sequence=39845977, host_session_id=4231676339, host_sequence=16819, event_sequence=39845992, anchor_id=6258356406294335809, pair_initiator_id=0, pair_responder_id=0, previous_hop_id=0, progress_count=2, total_count=3, success_count=1, failure_count=0, duplicate_count=0, lost_event_count=0, hop_count=1, discovery_slot=1)
BLE_HOST_RECEIPT type=0x56 src=0x9999888877776666 session=39845992 seq=104
BLE_CHUNK len=118 hex=4757012801060100560469006900600266667777888899996666777788889999000000004e00cb79014e01060000000004015a00b3413afc59006002b3413afcb34100006900600207cbc8c619961a190000000000000000000000000000000000000000000000000300030001000000000000000102
BLE_PACKET type=0x56 src=0x9999888877776666 dst=0x9999888877776666 session=39845993 seq=105 payload=014e01060000000004015a00b3413afc59006002b3413afcb34100006900600207cbc8c619961a190000000000000000000000000000000000000000000000000300030001000000000000000102
GATEWAY_COMMAND_EVENT GatewayCommandEvent(command_kind=1, stage=6, flags=0, attempt=0, command_status=0, reason=0, command_id=260, route_epoch=90, correlation_id=4231676339, gateway_sequence=39845977, host_session_id=4231676339, host_sequence=16819, event_sequence=39845993, anchor_id=1808923237796072199, pair_initiator_id=0, pair_responder_id=0, previous_hop_id=0, progress_count=3, total_count=3, success_count=1, failure_count=0, duplicate_count=0, lost_event_count=0, hop_count=1, discovery_slot=2)
BLE_HOST_RECEIPT type=0x56 src=0x9999888877776666 session=39845993 seq=105
BLE_CHUNK len=118 hex=475701280106010056046a006a00600266667777888899996666777788889999000000004e001083014e01070000000004015a00b3413afc59006002b3413afcb34100006a006002000000000000000000000000000000000000000000000000000000000000000003000300030000000000000000ff
BLE_PACKET type=0x56 src=0x9999888877776666 dst=0x9999888877776666 session=39845994 seq=106 payload=014e01070000000004015a00b3413afc59006002b3413afcb34100006a006002000000000000000000000000000000000000000000000000000000000000000003000300030000000000000000ff
GATEWAY_COMMAND_EVENT GatewayCommandEvent(command_kind=1, stage=7, flags=0, attempt=0, command_status=0, reason=0, command_id=260, route_epoch=90, correlation_id=4231676339, gateway_sequence=39845977, host_session_id=4231676339, host_sequence=16819, event_sequence=39845994, anchor_id=0, pair_initiator_id=0, pair_responder_id=0, previous_hop_id=0, progress_count=3, total_count=3, success_count=3, failure_count=0, duplicate_count=0, lost_event_count=0, hop_count=0, discovery_slot=255)
BLE_HOST_RECEIPT type=0x56 src=0x9999888877776666 session=39845994 seq=106
BLE_CHUNK len=118 hex=475701280106010056046b006b00600266667777888899996666777788889999000000004e0066b4014e01080001000004015a00b3413afc59006002b3413afcb34100006b006002000000000000000000000000000000000000000000000000000000000000000003000300000000000000000000ff
BLE_PACKET type=0x56 src=0x9999888877776666 dst=0x9999888877776666 session=39845995 seq=107 payload=014e01080001000004015a00b3413afc59006002b3413afcb34100006b006002000000000000000000000000000000000000000000000000000000000000000003000300000000000000000000ff
GATEWAY_COMMAND_EVENT GatewayCommandEvent(command_kind=1, stage=8, flags=0, attempt=1, command_status=0, reason=0, command_id=260, route_epoch=90, correlation_id=4231676339, gateway_sequence=39845977, host_session_id=4231676339, host_sequence=16819, event_sequence=39845995, anchor_id=0, pair_initiator_id=0, pair_responder_id=0, previous_hop_id=0, progress_count=3, total_count=3, success_count=0, failure_count=0, duplicate_count=0, lost_event_count=0, hop_count=0, discovery_slot=255)
BLE_HOST_RECEIPT type=0x56 src=0x9999888877776666 session=39845995 seq=107
BLE_CHUNK len=118 hex=475701280106000056046c006c00600266667777888899996666777788889999000000004e005cf3014e010c0100000004015a00b3413afc59006002b3413afcb34100006c006002000000000000000000000000000000000000000000000000000000000000000003000300030000000000000000ff
BLE_PACKET type=0x56 src=0x9999888877776666 dst=0x9999888877776666 session=39845996 seq=108 payload=014e010c0100000004015a00b3413afc59006002b3413afcb34100006c006002000000000000000000000000000000000000000000000000000000000000000003000300030000000000000000ff
GATEWAY_COMMAND_EVENT GatewayCommandEvent(command_kind=1, stage=12, flags=1, attempt=0, command_status=0, reason=0, command_id=260, route_epoch=90, correlation_id=4231676339, gateway_sequence=39845977, host_session_id=4231676339, host_sequence=16819, event_sequence=39845996, anchor_id=0, pair_initiator_id=0, pair_responder_id=0, previous_hop_id=0, progress_count=3, total_count=3, success_count=3, failure_count=0, duplicate_count=0, lost_event_count=0, hop_count=0, discovery_slot=255)
BLE_HOST_RECEIPT type=0x56 src=0x9999888877776666 session=39845996 seq=108
HERE_I_AM_REACHABILITY_QUALIFICATION_OK anchors=3 direct=3 multihop=0 retries=0
BLE_COMPLETE packets=22
