[34m0000847[0m [36mI[0m Target type is nrf52833 [2m[board][0m
[34m0000868[0m [36mI[0m Performing connect pre-reset [2m[coresight_target][0m
[34m0001072[0m [36mI[0m DP IDR = 0x2ba01477 (v1 rev2) [2m[dap][0m
[34m0001080[0m [36mI[0m AHB-AP#0 IDR = 0x24770011 (AHB-AP var1 rev2) [2m[discovery][0m
[34m0001081[0m [36mI[0m AP#1 IDR = 0x02880000 (AP var0 rev0) [2m[discovery][0m
[34m0001082[0m [36mI[0m NRF52833 not in secure state [2m[target_nRF52][0m
[34m0001086[0m [36mI[0m AHB-AP#0 Class 0x1 ROM table #0 @ 0xe00ff000 (designer=244 part=00d) [2m[rom_table][0m
[34m0001089[0m [36mI[0m [0]<e000e000:SCS v7-M class=14 designer=43b:Arm part=00c> [2m[rom_table][0m
[34m0001090[0m [36mI[0m [1]<e0001000:DWT v7-M class=14 designer=43b:Arm part=002> [2m[rom_table][0m
[34m0001092[0m [36mI[0m [2]<e0002000:FPB v7-M class=14 designer=43b:Arm part=003> [2m[rom_table][0m
[34m0001093[0m [36mI[0m [3]<e0000000:ITM v7-M class=14 designer=43b:Arm part=001> [2m[rom_table][0m
[34m0001096[0m [36mI[0m [4]<e0040000:TPIU M4 class=9 designer=43b:Arm part=9a1 devtype=11 archid=0000 devid=ca1:0:0> [2m[rom_table][0m
[34m0001098[0m [36mI[0m [5]<e0041000:ETM M4 class=9 designer=43b:Arm part=925 devtype=13 archid=0000 devid=0:0:0> [2m[rom_table][0m
[34m0001102[0m [36mI[0m CPU core #0: Cortex-M4 r0p1, v7.0-M architecture [2m[cortex_m][0m
[34m0001102[0m [36mI[0m   Extensions: [DSP, FPU, FPU_V4, MPU] [2m[cortex_m][0m
[34m0001102[0m [36mI[0m   FPU present: FPv4-SP-D16-M [2m[cortex_m][0m
[34m0001105[0m [36mI[0m This appears to be an nRF52833 AA B0 [2m[target_nRF52][0m
[34m0001110[0m [36mI[0m 4 hardware watchpoints [2m[dwt][0m
[34m0001111[0m [36mI[0m 6 hardware breakpoints, 4 literal comparators [2m[fpb][0m
[34m0001129[0m [36mI[0m 3 up channels and 3 down channels found [2m[rtt_cmd][0m
[34m0001129[0m [36mI[0m Reading from up channel 0 ("Terminal") [2m[rtt_cmd][0m
[34m0001131[0m [36mI[0m Writing to down channel 0 ("Terminal") [2m[rtt_cmd][0m
DBG_GATEWAY_CH9_RX_CONT_RESULT start=404117 end=404618 ret=-116 fail=0 status=0x00000000 len=0 frames=0
DBG_GATEWAY_CH9_RX_CONT_ARM now=404620 rem=500 frames=0 errors=0
DBG_GATEWAY_CH9_RX_CONT_RESULT start=404620 end=405121 ret=-116 fail=0 status=0x00000000 len=0 frames=0
DBG_GATEWAY_CH9_RX_CONT_ARM now=405123 rem=500 frames=0 errors=0
DBG_GATEWAY_CH9_RX_CONT_RESULT start=405123 end=405624 ret=-116 fail=0 status=0x00000000 len=0 frames=0
DBG_GATEWAY_CH9_RX_CONT_ARM now=405626 rem=500 frames=0 errors=0
DBG_GATEWAY_CH9_RX_CONT_RESULT start=405626 end=406127 ret=-116 fail=0 status=0x00000000 len=0 frames=0
DBG_GATEWAY_CH9_RX_CONT_ARM now=406129 rem=500 frames=0 errors=0
DBG_GATEWAY_CH9_RX_CONT_RESULT start=406129 end=406630 ret=-116 fail=0 status=0x00000000 len=0 frames=0
DBG_GATEWAY_CH9_RX_CONT_ARM now=406632 rem=500 frames=0 errors=0
DBG_GATEWAY_CH9_RX_CONT_RESULT start=406632 end=407133 ret=-116 fail=0 status=0x00000000 len=0 frames=0
DBG_GATEWAY_CH9_RX_CONT_ARM now=407135 rem=500 frames=0 errors=0
DBG_GATEWAY_CH9_RX_CONT_RESULT start=407135 end=407636 ret=-116 fail=0 status=0x00000000 len=0 frames=0
DBG_GATEWAY_CH9_RX_CONT_ARM now=407638 rem=500 frames=0 errors=0
DBG_GATEWAY_CH9_RX_CONT_RESULT start=407638 end=408139 ret=-116 fail=0 status=0x00000000 len=0 frames=0
DBG_GATEWAY_CH9_RX_CONT_ARM now=408141 rem=500 frames=0 errors=0
DBG_GATEWAY_CH9_RX_CONT_RESULT start=408141 end=408642 ret=-116 fail=0 status=0x00000000 len=0 frames=0
DBG_GATEWAY_CH9_RX_CONT_ARM now=408644 rem=500 frames=0 errors=0
DBG_GATEWAY_CH9_RX_CONT_RESULT start=408644 end=409145 ret=-116 fail=0 status=0x00000000 len=0 frames=0
DBG_GATEWAY_CH9_RX_CONT_ARM now=409147 rem=500 frames=0 errors=0
DBG_GATEWAY_CH9_RX_CONT_RESULT start=409147 end=409648 ret=-116 fail=0 status=0x00000000 len=0 frames=0
DBG_GATEWAY_CH9_RX_CONT_ARM now=409650 rem=500 frames=0 errors=0
DBG_GATEWAY_CH9_RX_CONT_RESULT start=409650 end=410151 ret=-116 fail=0 status=0x00000000 len=0 frames=0
DBG_GATEWAY_CH9_RX_CONT_ARM now=410153 rem=500 frames=0 errors=0
DBG_GATEWAY_CH9_RX_CONT_RESULT start=410153 end=410654 ret=-116 fail=0 status=0x00000000 len=0 frames=0
DBG_GATEWAY_CH9_RX_CONT_ARM now=410656 rem=500 frames=0 errors=0
DBG_GATEWAY_CH9_RX_CONT_RESULT start=410656 end=411157 ret=-116 fail=0 status=0x00000000 len=0 frames=0
DBG_GATEWAY_CH9_RX_CONT_ARM now=411159 rem=500 frames=0 errors=0
DBG_GATEWAY_CH9_RX_CONT_RESULT start=411159 end=411660 ret=-116 fail=0 status=0x00000000 len=0 frames=0
DBG_GATEWAY_CH9_RX_CONT_ARM now=411662 rem=500 frames=0 errors=0
DBG_GATEWAY_CH9_RX_CONT_RESULT start=411662 end=412163 ret=-116 fail=0 status=0x00000000 len=0 frames=0
DBG_GATEWAY_CH9_RX_CONT_ARM now=412165 rem=500 frames=0 errors=0
DBG_GATEWAY_CH9_RX_CONT_RESULT start=412165 end=412666 ret=-116 fail=0 status=0x00000000 len=0 frames=0
DBG_GATEWAY_CH9_RX_CONT_ARM now=412668 rem=500 frames=0 errors=0
DBG_GATEWAY_CH9_RX_CONT_RESULT start=412668 end=413169 ret=-116 fail=0 status=0x00000000 len=0 frames=0
DBG_GATEWAY_CH9_RX_CONT_ARM now=413171 rem=500 frames=0 errors=0
DBG_GATEWAY_CH9_RX_CONT_RESULT start=413171 end=413672 ret=-116 fail=0 status=0x00000000 len=0 frames=0
DBG_GATEWAY_CH9_RX_CONT_ARM now=413674 rem=500 frames=0 errors=0
DBG_GATEWAY_CH9_RX_CONT_RESULT start=413674 end=414175 ret=-116 fail=0 status=0x00000000 len=0 frames=0
DBG_GATEWAY_CH9_RX_CONT_ARM now=414177 rem=500 frames=0 errors=0
DBG_GATEWAY_CH9_RX_CONT_RESULT start=414177 end=414678 ret=-116 fail=0 status=0x00000000 len=0 frames=0
DBG_GATEWAY_CH9_RX_CONT_ARM now=414680 rem=500 frames=0 errors=0
DBG_GATEWAY_CH9_RX_CONT_RESULT start=414680 end=415181 ret=-116 fail=0 status=0x00000000 len=0 frames=0
DBG_GATEWAY_CH9_RX_CONT_ARM now=415183 rem=500 frames=0 errors=0
DBG_GATEWAY_CH9_RX_CONT_RESULT start=415183 end=415684 ret=-116 fail=0 status=0x00000000 len=0 frames=0
DBG_GATEWAY_CH9_RX_CONT_ARM now=415686 rem=500 frames=0 errors=0
DBG_GATEWAY_CH9_RX_CONT_RESULT start=415686 end=416187 ret=-116 fail=0 status=0x00000000 len=0 frames=0
DBG_GATEWAY_CH9_RX_CONT_ARM now=416189 rem=500 frames=0 errors=0
DBG_GATEWAY_CH9_RX_CONT_RESULT start=416189 end=416690 ret=-116 fail=0 status=0x00000000 len=0 frames=0
DBG_GATEWAY_CH9_RX_CONT_ARM now=416692 rem=500 frames=0 errors=0
DBG_GATEWAY_CH9_RX_CONT_RESULT start=416692 end=417193 ret=-116 fail=0 status=0x00000000 len=0 frames=0
DBG_GATEWAY_CH9_RX_CONT_ARM now=417195 rem=500 frames=0 errors=0
DBG_GATEWAY_CH9_RX_CONT_RESULT start=417195 end=417696 ret=-116 fail=0 status=0x00000000 len=0 frames=0
DBG_GATEWAY_CH9_RX_CONT_ARM now=417698 rem=500 frames=0 errors=0
DBG_GATEWAY_CH9_RX_CONT_RESULT start=417698 end=418199 ret=-116 fail=0 status=0x00000000 len=0 frames=0
DBG_GATEWAY_CH9_RX_CONT_ARM now=418201 rem=500 frames=0 errors=0
DBG_GATEWAY_CH9_RX_CONT_RESULT start=418201 end=418702 ret=-116 fail=0 status=0x00000000 len=0 frames=0
DBG_GATEWAY_CH9_RX_CONT_ARM now=418704 rem=500 frames=0 errors=0
DBG_GATEWAY_CH9_RX_CONT_RESULT start=418704 end=419205 ret=-116 fail=0 status=0x00000000 len=0 frames=0
DBG_GATEWAY_CH9_RX_CONT_ARM now=419207 rem=500 frames=0 errors=0
DBG_GATEWAY_CH9_RX_CONT_RESULT start=419207 end=419708 ret=-116 fail=0 status=0x00000000 len=0 frames=0
DBG_GATEWAY_CH9_RX_CONT_ARM now=419710 rem=500 frames=0 errors=0
DBG_GATEWAY_CH9_RX_CONT_RESULT start=419710 end=420211 ret=-116 fail=0 status=0x00000000 len=0 frames=0
DBG_GATEWAY_CH9_RX_CONT_ARM now=420213 rem=500 frames=0 errors=0
DBG_GATEWAY_CH9_RX_CONT_RESULT start=420213 end=420714 ret=-116 fail=0 status=0x00000000 len=0 frames=0
DBG_GATEWAY_CH9_RX_CONT_ARM now=420716 rem=500 frames=0 errors=0
DBG_GATEWAY_CH9_RX_CONT_RESULT start=420716 end=421217 ret=-116 fail=0 status=0x00000000 len=0 frames=0
DBG_GATEWAY_CH9_RX_CONT_ARM now=421219 rem=500 frames=0 errors=0
DBG_GATEWAY_CH9_RX_CONT_RESULT start=421219 end=421720 ret=-116 fail=0 status=0x00000000 len=0 frames=0
DBG_GATEWAY_CH9_RX_CONT_ARM now=421722 rem=500 frames=0 errors=0
DBG_GATEWAY_CH9_RX_CONT_RESULT start=421722 end=422223 ret=-116 fail=0 status=0x00000000 len=0 frames=0
DBG_GATEWAY_CH9_RX_CONT_ARM now=422225 rem=500 frames=0 errors=0
DBG_GATEWAY_CH9_RX_CONT_RESULT start=422225 end=422726 ret=-116 fail=0 status=0x00000000 len=0 frames=0
DBG_GATEWAY_CH9_RX_CONT_ARM now=422728 rem=500 frames=0 errors=0
DBG_GATEWAY_CH9_RX_CONT_RESULT start=422728 end=423229 ret=-116 fail=0 status=0x00000000 len=0 frames=0
DBG_GATEWAY_CH9_RX_CONT_ARM now=423231 rem=500 frames=0 errors=0
DBG_GATEWAY_CH9_RX_CONT_RESULT start=423231 end=423732 ret=-116 fail=0 status=0x00000000 len=0 frames=0
DBG_GATEWAY_CH9_RX_CONT_ARM now=423734 rem=500 frames=0 errors=0
DBG_GATEWAY_CH9_RX_CONT_RESULT start=423734 end=424235 ret=-116 fail=0 status=0x00000000 len=0 frames=0
DBG_GATEWAY_CH9_RX_CONT_ARM now=424237 rem=500 frames=0 errors=0
DBG_GATEWAY_CH9_RX_CONT_RESULT start=424237 end=424738 ret=-116 fail=0 status=0x00000000 len=0 frames=0
DBG_GATEWAY_CH9_RX_CONT_ARM now=424740 rem=500 frames=0 errors=0
DBG_GATEWAY_CH9_RX_CONT_RESULT start=424740 end=425241 ret=-116 fail=0 status=0x00000000 len=0 frames=0
DBG_GATEWAY_CH9_RX_CONT_ARM now=425243 rem=500 frames=0 errors=0
DBG_GATEWAY_CH9_RX_CONT_RESULT start=425243 end=425744 ret=-116 fail=0 status=0x00000000 len=0 frames=0
DBG_GATEWAY_CH9_RX_CONT_ARM now=425746 rem=500 frames=0 errors=0
DBG_GATEWAY_CH9_RX_CONT_RESULT start=425746 end=426247 ret=-116 fail=0 status=0x00000000 len=0 frames=0
DBG_GATEWAY_CH9_RX_CONT_ARM now=426249 rem=500 frames=0 errors=0
DBG_GATEWAY_CH9_RX_CONT_RESULT start=426249 end=426750 ret=-116 fail=0 status=0x00000000 len=0 frames=0
DBG_GATEWAY_CH9_RX_CONT_ARM now=426752 rem=500 frames=0 errors=0
DBG_GATEWAY_CH9_RX_CONT_RESULT start=426752 end=427253 ret=-116 fail=0 status=0x00000000 len=0 frames=0
DBG_GATEWAY_CH9_RX_CONT_ARM now=427255 rem=500 frames=0 errors=0
DBG_GATEWAY_CH9_RX_CONT_RESULT start=427255 end=427756 ret=-116 fail=0 status=0x00000000 len=0 frames=0
DBG_GATEWAY_CH9_RX_CONT_ARM now=427758 rem=500 frames=0 errors=0
DBG_GATEWAY_CH9_RX_CONT_RESULT start=427758 end=428259 ret=-116 fail=0 status=0x00000000 len=0 frames=0
DBG_GATEWAY_CH9_RX_CONT_ARM now=428261 rem=500 frames=0 errors=0
DBG_GATEWAY_CH9_RX_CONT_RESULT start=428261 end=428762 ret=-116 fail=0 status=0x00000000 len=0 frames=0
DBG_GATEWAY_CH9_RX_CONT_ARM now=428764 rem=500 frames=0 errors=0
DBG_GATEWAY_CH9_RX_CONT_RESULT start=428764 end=429265 ret=-116 fail=0 status=0x00000000 len=0 frames=0
DBG_GATEWAY_CH9_RX_CONT_ARM now=429267 rem=500 frames=0 errors=0
DBG_GATEWAY_CH9_RX_CONT_RESULT start=429267 end=429768 ret=-116 fail=0 status=0x00000000 len=0 frames=0
DBG_GATEWAY_CH9_RX_CONT_ARM now=429770 rem=500 frames=0 errors=0
DBG_GATEWAY_CH9_RX_CONT_RESULT start=429770 end=430271 ret=-116 fail=0 status=0x00000000 len=0 frames=0
DBG_GATEWAY_CH9_RX_CONT_ARM now=430273 rem=500 frames=0 errors=0
DBG_GATEWAY_CH9_RX_CONT_RESULT start=430273 end=430774 ret=-116 fail=0 status=0x00000000 len=0 frames=0
DBG_GATEWAY_CH9_RX_CONT_ARM now=430776 rem=500 frames=0 errors=0
DBG_GATEWAY_CH9_RX_CONT_RESULT start=430776 end=431277 ret=-116 fail=0 status=0x00000000 len=0 frames=0
DBG_GATEWAY_CH9_RX_CONT_ARM now=431279 rem=500 frames=0 errors=0
DBG_GATEWAY_CH9_RX_CONT_RESULT start=431279 end=431780 ret=-116 fail=0 status=0x00000000 len=0 frames=0
DBG_GATEWAY_CH9_RX_CONT_ARM now=431782 rem=500 frames=0 errors=0
DBG_GATEWAY_CH9_RX_CONT_RESULT start=431782 end=432283 ret=-116 fail=0 status=0x00000000 len=0 frames=0
DBG_GATEWAY_CH9_RX_CONT_ARM now=432285 rem=500 frames=0 errors=0
DBG_GATEWAY_CH9_RX_CONT_RESULT start=432285 end=432786 ret=-116 fail=0 status=0x00000000 len=0 frames=0
DBG_GATEWAY_CH9_RX_CONT_ARM now=432788 rem=500 frames=0 errors=0
DBG_GATEWAY_CH9_RX_CONT_RESULT start=432788 end=433289 ret=-116 fail=0 status=0x00000000 len=0 frames=0
DBG_GATEWAY_CH9_RX_CONT_ARM now=433291 rem=500 frames=0 errors=0
DBG_GATEWAY_CH9_RX_CONT_RESULT start=433291 end=433792 ret=-116 fail=0 status=0x00000000 len=0 frames=0
DBG_GATEWAY_CH9_RX_CONT_ARM now=433794 rem=500 frames=0 errors=0
DBG_GATEWAY_CH9_RX_CONT_RESULT start=433794 end=434295 ret=-116 fail=0 status=0x00000000 len=0 frames=0
DBG_GATEWAY_CH9_RX_CONT_ARM now=434297 rem=500 frames=0 errors=0
DBG_GATEWAY_CH9_RX_CONT_RESULT start=434297 end=434798 ret=-116 fail=0 status=0x00000000 len=0 frames=0
DBG_GATEWAY_CH9_RX_CONT_ARM now=434800 rem=500 frames=0 errors=0
DBG_GATEWAY_CH9_RX_CONT_RESULT start=434800 end=435301 ret=-116 fail=0 status=0x00000000 len=0 frames=0
DBG_GATEWAY_CH9_RX_CONT_ARM now=435303 rem=500 frames=0 errors=0
DBG_GATEWAY_CH9_RX_CONT_RESULT start=435303 end=435804 ret=-116 fail=0 status=0x00000000 len=0 frames=0
DBG_GATEWAY_CH9_RX_CONT_ARM now=435806 rem=500 frames=0 errors=0
DBG_GATEWAY_CH9_RX_CONT_RESULT start=435806 end=436307 ret=-116 fail=0 status=0x00000000 len=0 frames=0
DBG_GATEWAY_CH9_RX_CONT_ARM now=436309 rem=500 frames=0 errors=0
DBG_GATEWAY_CH9_RX_CONT_RESULT start=436309 end=436810 ret=-116 fail=0 status=0x00000000 len=0 frames=0
DBG_GATEWAY_CH9_RX_CONT_ARM now=436812 rem=500 frames=0 errors=0
DBG_GATEWAY_CH9_RX_CONT_RESULT start=436812 end=437313 ret=-116 fail=0 status=0x00000000 len=0 frames=0
DBG_GATEWAY_CH9_RX_CONT_ARM now=437315 rem=500 frames=0 errors=0
DBG_GATEWAY_CH9_RX_CONT_RESULT start=437315 end=437816 ret=-116 fail=0 status=0x00000000 len=0 frames=0
DBG_GATEWAY_CH9_RX_CONT_ARM now=437818 rem=500 frames=0 errors=0
DBG_GATEWAY_BLE event=connected err=0 uptime=438013
DBG_GATEWAY_BLE event=param-request ret=0 interval=24-40 latency=0 timeout_ms=12000 uptime=438014
DBG_GATEWAY_CH9_RX_CONT_RESULT start=437818 end=438319 ret=-116 fail=0 status=0x00000000 len=0 frames=0
DBG_GATEWAY_CH9_RX_CONT_ARM now=438321 rem=500 frames=0 errors=0
DBG_GATEWAY_CH9_RX_CONT_RESULT start=438321 end=438822 ret=-116 fail=0 status=0x00000000 len=0 frames=0
DBG_GATEWAY_CH9_RX_CONT_ARM now=438824 rem=500 frames=0 errors=0
DBG_GATEWAY_CH9_RX_CONT_RESULT start=438824 end=439325 ret=-116 fail=0 status=0x00000000 len=0 frames=0
DBG_GATEWAY_CH9_RX_CONT_ARM now=439327 rem=500 frames=0 errors=0
DBG_GATEWAY_COMMAND_PRIORITY_SUBMIT ret=0 now=439592
DBG_STACK_RUN_BEGIN epoch=5208136984126584869 run=154 kind=ble_backpressure owner=system_workqueue queue=1 custody=1 credit=0 retry=0 drain=1 src=11068027678940948070 dst=11068027678940948070 session=38797499 seq=187 type=86 sequence=0 previous=0 uptime=439592
DBG_STACK_SAMPLE_BEGIN epoch=5208136984126584869 run=154 sample=154 kind=ble_backpressure owner=system_workqueue queue=1 custody=1 credit=0 retry=0 drain=1 src=11068027678940948070 dst=11068027678940948070 session=38797499 seq=187 type=86 uptime=439592
DBG_STACK_ISR_CONFIG size=8192 run=154 sample=154
DBG_STACK name=BT RX WQ tid=0x2000fe18 used=760 free=776 size=1536 ret=0 run=154 sample=154
DBG_STACK name=mesh_route tid=0x2000d560 used=5888 free=2304 size=8192 ret=0 run=154 sample=154
DBG_STACK name=sysworkq tid=0x20010d70 used=2408 free=2072 size=4480 ret=0 run=154 sample=154
DBG_STACK name=MPSL Work tid=0x20010b28 used=440 free=584 size=1024 ret=0 run=154 sample=154
DBG_STACK name=logging tid=0x2000f920 used=480 free=1568 size=2048 ret=0 run=154 sample=154
DBG_STACK name=idle tid=0x20010c00 used=64 free=256 size=320 ret=0 run=154 sample=154
DBG_STACK_SAMPLE_END run=154 sample=154
DBG_STACK_RUN_END epoch=5208136984126584869 run=154 kind=ble_backpressure owner=system_workqueue outcome=ack queue=2 custody=0 credit=1 retry=0 drain=2 src=11068027678940948070 dst=11068027678940948070 session=38797499 seq=187 type=86 samples=1 sequence=0 previous=0 uptime=439610
DBG_DWM_MARK_UNCONFIGURED tag=initialise_radio prev_phy=0
DBG_WAKE_TRAIN_CONFIG_BEGIN
DBG_DWM_INVALIDATE tag=configure_radio_from_reset active_phy=2 configured=1 awake=0
DBG_DWM_MARK_UNCONFIGURED tag=initialise_radio prev_phy=0
DBG_WAKE_TRAIN_CONFIG_OK
DBG_WAKE_TRAIN_FIRST_SEND_BEGIN
DBG_WAKE_TRAIN_FIRST_SEND_OK
DBG_UWB_TX_CH5
DBG_TX_WAKE_CLAIM_SENT
DBG_UWB_TX_CH5
DBG_TX_WAKE_CLAIM_SENT
DBG_UWB_TX_CH5
DBG_TX_WAKE_CLAIM_SENT
DBG_UWB_TX_CH5
DBG_TX_WAKE_CLAIM_SENT
DBG_UWB_TX_CH5
DBG_TX_WAKE_CLAIM_SENT
DBG_UWB_TX_CH5
DBG_TX_WAKE_CLAIM_SENT
DBG_UWB_TX_CH5
DBG_TX_WAKE_CLAIM_SENT
DBG_UWB_TX_CH5
DBG_TX_WAKE_CLAIM_SENT
DBG_UWB_TX_CH5
DBG_TX_WAKE_CLAIM_SENT
DBG_UWB_TX_CH5
DBG_TX_WAKE_CLAIM_SENT
DBG_UWB_TX_CH5
DBG_TX_WAKE_CLAIM_SENT
DBG_UWB_TX_CH5
DBG_TX_WAKE_CLAIM_SENT
DBG_UWB_TX_CH5
DBG_TX_WAKE_CLAIM_SENT
DBG_UWB_TX_CH5
DBG_TX_WAKE_CLAIM_SENT
DBG_UWB_TX_CH5
DBG_TX_WAKE_CLAIM_SENT
DBG_UWB_TX_CH5
DBG_TX_WAKE_CLAIM_SENT
DBG_UWB_TX_CH5
DBG_TX_WAKE_CLAIM_SENT
DBG_UWB_TX_CH5
DBG_TX_WAKE_CLAIM_SENT
DBG_UWB_TX_CH5
DBG_TX_WAKE_CLAIM_SENT
DBG_UWB_TX_CH5
DBG_TX_WAKE_CLAIM_SENT
DBG_UWB_TX_CH5
DBG_TX_WAKE_CLAIM_SENT
DBG_UWB_TX_CH5
DBG_TX_WAKE_CLAIM_SENT
DBG_UWB_TX_CH5
DBG_TX_WAKE_CLAIM_SENT
DBG_UWB_TX_CH5
DBG_TX_WAKE_CLAIM_SENT
DBG_UWB_TX_CH5
DBG_TX_WAKE_CLAIM_SENT
DBG_UWB_TX_CH5
DBG_TX_WAKE_CLAIM_SENT
DBG_UWB_TX_CH5
DBG_TX_WAKE_CLAIM_SENT
DBG_UWB_TX_CH5
DBG_TX_WAKE_CLAIM_SENT
DBG_UWB_TX_CH5
DBG_TX_WAKE_CLAIM_SENT
DBG_UWB_TX_CH5
DBG_TX_WAKE_CLAIM_SENT
DBG_UWB_TX_CH5
DBG_TX_WAKE_CLAIM_SENT
DBG_UWB_TX_CH5
DBG_TX_WAKE_CLAIM_SENT
DBG_UWB_TX_CH5
DBG_TX_WAKE_CLAIM_SENT
DBG_UWB_TX_CH5
DBG_TX_WAKE_CLAIM_SENT
DBG_UWB_TX_CH5
DBG_TX_WAKE_CLAIM_SENT
DBG_UWB_TX_CH5
DBG_TX_WAKE_CLAIM_SENT
DBG_UWB_TX_CH5
DBG_TX_WAKE_CLAIM_SENT
DBG_UWB_TX_CH5
DBG_TX_WAKE_CLAIM_SENT
DBG_UWB_TX_CH5
DBG_TX_WAKE_CLAIM_SENT
DBG_UWB_TX_CH5
DBG_TX_WAKE_CLAIM_SENT
DBG_UWB_TX_CH5
DBG_TX_WAKE_CLAIM_SENT
DBG_UWB_TX_CH5
DBG_TX_WAKE_CLAIM_SENT
DBG_UWB_TX_CH5
DBG_TX_WAKE_CLAIM_SENT
DBG_UWB_TX_CH5
DBG_TX_WAKE_CLAIM_SENT
DBG_UWB_TX_CH5
DBG_TX_WAKE_CLAIM_SENT
DBG_UWB_TX_CH5
DBG_TX_WAKE_CLAIM_SENT
DBG_UWB_TX_CH5
DBG_TX_WAKE_CLAIM_SENT
DBG_UWB_TX_CH5
DBG_TX_WAKE_CLAIM_SENT
DBG_UWB_TX_CH5
DBG_TX_WAKE_CLAIM_SENT
DBG_UWB_TX_CH5
DBG_TX_WAKE_CLAIM_SENT
DBG_UWB_TX_CH5
DBG_TX_WAKE_CLAIM_SENT
DBG_UWB_TX_CH5
DBG_TX_WAKE_CLAIM_SENT
DBG_UWB_TX_CH5
DBG_TX_WAKE_CLAIM_SENT
DBG_UWB_TX_CH5
DBG_TX_WAKE_CLAIM_SENT
DBG_UWB_TX_CH5
DBG_TX_WAKE_CLAIM_SENT
DBG_UWB_TX_CH5
DBG_TX_WAKE_CLAIM_SENT
DBG_UWB_TX_CH5
DBG_TX_WAKE_CLAIM_SENT
DBG_UWB_TX_CH5
DBG_TX_WAKE_CLAIM_SENT
DBG_STACK_RUN_BEGIN epoch=5208136984126584869 run=155 kind=ble_backpressure owner=system_workqueue queue=1 custody=1 credit=0 retry=0 drain=1 src=11068027678940948070 dst=11068027678940948070 session=38797500 seq=188 type=86 sequence=0 previous=0 uptime=440042
DBG_STACK_SAMPLE_BEGIN epoch=5208136984126584869 run=155 sample=155 kind=ble_backpressure owner=system_workqueue queue=1 custody=1 credit=0 retry=0 drain=1 src=11068027678940948070 dst=11068027678940948070 session=38797500 seq=188 type=86 uptime=440042
DBG_STACK_ISR_CONFIG size=8192 run=155 sample=155
DBG_STACK name=BT RX WQ tid=0x2000fe18 used=760 free=776 size=1536 ret=0 run=155 sample=155
DBG_STACK name=mesh_route tid=0x2000d560 used=5888 free=2304 size=8192 ret=0 run=155 sample=155
DBG_STACK name=sysworkq tid=0x20010d70 used=2408 free=2072 size=4480 ret=0 run=155 sample=155
DBG_STACK name=MPSL Work tid=0x20010b28 used=440 free=584 size=1024 ret=0 run=155 sample=155
DBG_STACK name=logging tid=0x2000f920 used=480 free=1568 size=2048 ret=0 run=155 sample=155
DBG_STACK name=idle tid=0x20010c00 used=64 free=256 size=320 ret=0 run=155 sample=155
DBG_STACK_SAMPLE_END run=155 sample=155
DBG_STACK_RUN_END epoch=5208136984126584869 run=155 kind=ble_backpressure owner=system_workqueue outcome=ack queue=1 custody=0 credit=1 retry=0 drain=1 src=11068027678940948070 dst=11068027678940948070 session=38797500 seq=188 type=86 samples=1 sequence=0 previous=0 uptime=440060
DBG_UWB_TX_CH5
DBG_TX_WAKE_CLAIM_SENT
DBG_DWM_INVALIDATE tag=configure_radio_from_reset active_phy=2 configured=1 awake=1
DBG_DWM_MARK_UNCONFIGURED tag=initialise_radio prev_phy=0
DBG_DWM_INVALIDATE tag=configure_radio_from_reset active_phy=2 configured=1 awake=0
DBG_DWM_MARK_UNCONFIGURED tag=initialise_radio prev_phy=0
DBG_DWM_INVALIDATE tag=configure_radio_from_reset active_phy=2 configured=1 awake=0
DBG_DWM_MARK_UNCONFIGURED tag=initialise_radio prev_phy=0
DBG_DWM_WAKE_MESH_CTRL_OK sfd=4073
DBG_C5_TX_CONFIG ret=0 ext=1 len=178 msg=3c reason=bounded-c5-flood
DBG_UWB_TX_CH5
DBG_DWM_INVALIDATE tag=configure_radio_from_reset active_phy=4 configured=1 awake=0
DBG_DWM_MARK_UNCONFIGURED tag=initialise_radio prev_phy=0
DBG_DWM_WAKE_MESH_CTRL_OK sfd=4073
DBG_DWM_INVALIDATE tag=configure_radio_from_reset active_phy=4 configured=1 awake=0
DBG_DWM_MARK_UNCONFIGURED tag=initialise_radio prev_phy=0
DBG_DWM_INVALIDATE tag=configure_radio_from_reset active_phy=2 configured=1 awake=0
DBG_DWM_MARK_UNCONFIGURED tag=initialise_radio prev_phy=0
DBG_DWM_WAKE_MESH_CTRL_OK sfd=4073
DBG_C5_TX_CONFIG ret=0 ext=1 len=178 msg=3c reason=bounded-c5-flood
DBG_UWB_TX_CH5
DBG_DWM_INVALIDATE tag=configure_radio_from_reset active_phy=4 configured=1 awake=0
DBG_DWM_MARK_UNCONFIGURED tag=initialise_radio prev_phy=0
DBG_DWM_WAKE_MESH_CTRL_OK sfd=4073
DBG_DWM_INVALIDATE tag=configure_radio_from_reset active_phy=4 configured=1 awake=0
DBG_DWM_MARK_UNCONFIGURED tag=initialise_radio prev_phy=0
DBG_DWM_INVALIDATE tag=configure_radio_from_reset active_phy=2 configured=1 awake=0
DBG_DWM_MARK_UNCONFIGURED tag=initialise_radio prev_phy=0
DBG_DWM_WAKE_MESH_CTRL_OK sfd=4073
DBG_C5_TX_CONFIG ret=0 ext=1 len=178 msg=3c reason=bounded-c5-flood
DBG_UWB_TX_CH5
DBG_DWM_INVALIDATE tag=configure_radio_from_reset active_phy=4 configured=1 awake=0
DBG_DWM_MARK_UNCONFIGURED tag=initialise_radio prev_phy=0
DBG_DWM_WAKE_MESH_CTRL_OK sfd=4073
DBG_DWM_INVALIDATE tag=configure_radio_from_reset active_phy=4 configured=1 awake=0
DBG_DWM_MARK_UNCONFIGURED tag=initialise_radio prev_phy=0
DBG_DWM_INVALIDATE tag=configure_radio_from_reset active_phy=2 configured=1 awake=0
DBG_DWM_MARK_UNCONFIGURED tag=initialise_radio prev_phy=0
DBG_DWM_WAKE_MESH_CTRL_OK sfd=4073
DBG_C5_TX_CONFIG ret=0 ext=1 len=178 msg=3c reason=bounded-c5-flood
DBG_UWB_TX_CH5
DBG_GATEWAY_RX_START reason=gateway mesh restart active=1 qrx=0 qtx=0 adv_due=0
DBG_STACK_RUN_BEGIN epoch=5208136984126584869 run=156 kind=ble_backpressure owner=system_workqueue queue=1 custody=1 credit=0 retry=0 drain=1 src=11068027678940948070 dst=11068027678940948070 session=38797502 seq=190 type=86 sequence=0 previous=0 uptime=440524
DBG_STACK_SAMPLE_BEGIN epoch=5208136984126584869 run=156 sample=156 kind=ble_backpressure owner=system_workqueue queue=1 custody=1 credit=0 retry=0 drain=1 src=11068027678940948070 dst=11068027678940948070 session=38797502 seq=190 type=86 uptime=440525
DBG_STACK_ISR_CONFIG size=8192 run=156 sample=156
DBG_STACK name=BT RX WQ tid=0x2000fe18 used=760 free=776 size=1536 ret=0 run=156 sample=156
DBG_STACK name=mesh_route tid=0x2000d560 used=5888 free=2304 size=8192 ret=0 run=156 sample=156
DBG_STACK name=sysworkq tid=0x20010d70 used=2408 free=2072 size=4480 ret=0 run=156 sample=156
DBG_STACK name=MPSL Work tid=0x20010b28 used=440 free=584 size=1024 ret=0 run=156 sample=156
DBG_STACK name=logging tid=0x2000f920 used=480 free=1568 size=2048 ret=0 run=156 sample=156
DBG_STACK name=idle tid=0x20010c00 used=64 free=256 size=320 ret=0 run=156 sample=156
DBG_STACK_SAMPLE_END run=156 sample=156
DBG_STACK_RUN_END epoch=5208136984126584869 run=156 kind=ble_backpressure owner=system_workqueue outcome=ack queue=1 custody=0 credit=1 retry=0 drain=1 src=11068027678940948070 dst=11068027678940948070 session=38797502 seq=190 type=86 samples=1 sequence=0 previous=0 uptime=440543
DBG_DWM_MARK_UNCONFIGURED tag=initialise_radio prev_phy=0
DBG_GATEWAY_CH9_RX_CONT_ARM now=440553 rem=500 frames=0 errors=0
DBG_GATEWAY_CH9_RX_CONT_RESULT start=440553 end=441054 ret=-116 fail=0 status=0x02000000 len=0 frames=0
DBG_GATEWAY_CH9_RX_CONT_CAP now=441056 win=2968 adv_wait=2968 due=444024
DBG_GATEWAY_CH9_RX_CONT_ARM now=441056 rem=500 frames=0 errors=0
DBG_GATEWAY_CH9_RX_CONT_RESULT start=441056 end=441557 ret=-116 fail=0 status=0x00000000 len=0 frames=0
DBG_GATEWAY_CH9_RX_CONT_CAP now=441559 win=2465 adv_wait=2465 due=444024
DBG_GATEWAY_CH9_RX_CONT_ARM now=441559 rem=500 frames=0 errors=0
DBG_GATEWAY_CH9_RX_CONT_RESULT start=441559 end=442060 ret=-116 fail=0 status=0x00000000 len=0 frames=0
DBG_GATEWAY_CH9_RX_CONT_CAP now=442062 win=1962 adv_wait=1962 due=444024
DBG_GATEWAY_CH9_RX_CONT_ARM now=442062 rem=500 frames=0 errors=0
DBG_GATEWAY_CH9_RX_CONT_RESULT start=442062 end=442563 ret=-116 fail=0 status=0x00000000 len=0 frames=0
DBG_GATEWAY_CH9_RX_CONT_CAP now=442565 win=1459 adv_wait=1459 due=444024
DBG_GATEWAY_CH9_RX_CONT_ARM now=442565 rem=500 frames=0 errors=0
DBG_GATEWAY_CH9_RX_CONT_RESULT start=442565 end=443066 ret=-116 fail=0 status=0x00000000 len=0 frames=0
DBG_GATEWAY_CH9_RX_CONT_CAP now=443068 win=956 adv_wait=956 due=444024
DBG_GATEWAY_CH9_RX_CONT_ARM now=443068 rem=500 frames=0 errors=0
DBG_GATEWAY_CH9_RX_CONT_RESULT start=443068 end=443569 ret=-116 fail=0 status=0x00000000 len=0 frames=0
DBG_GATEWAY_CH9_RX_CONT_CAP now=443571 win=453 adv_wait=453 due=444024
DBG_GATEWAY_CH9_RX_CONT_ARM now=443571 rem=453 frames=0 errors=0
DBG_GATEWAY_CH9_RX_CONT_RESULT start=443571 end=444025 ret=-116 fail=0 status=0x00000000 len=0 frames=0
DBG_GATEWAY_CH9_RX_DONE_YIELD_ADV now=444026 due=444024
DBG_STACK_RUN_BEGIN epoch=5208136984126584869 run=157 kind=ble_backpressure owner=system_workqueue queue=1 custody=1 credit=0 retry=0 drain=1 src=11068027678940948070 dst=11068027678940948070 session=3455188712 seq=65256 type=65 sequence=0 previous=0 uptime=444026
DBG_STACK_SAMPLE_BEGIN epoch=5208136984126584869 run=157 sample=157 kind=ble_backpressure owner=system_workqueue queue=1 custody=1 credit=0 retry=0 drain=1 src=11068027678940948070 dst=11068027678940948070 session=3455188712 seq=65256 type=65 uptime=444027
DBG_STACK_ISR_CONFIG size=8192 run=157 sample=157
DBG_STACK name=BT RX WQ tid=0x2000fe18 used=760 free=776 size=1536 ret=0 run=157 sample=157
DBG_STACK name=mesh_route tid=0x2000d560 used=5888 free=2304 size=8192 ret=0 run=157 sample=157
DBG_STACK name=sysworkq tid=0x20010d70 used=2408 free=2072 size=4480 ret=0 run=157 sample=157
DBG_STACK name=MPSL Work tid=0x20010b28 used=440 free=584 size=1024 ret=0 run=157 sample=157
DBG_STACK name=logging tid=0x2000f920 used=480 free=1568 size=2048 ret=0 run=157 sample=157
DBG_STACK name=idle tid=0x20010c00 used=64 free=256 size=320 ret=0 run=157 sample=157
DBG_STACK_SAMPLE_END run=157 sample=157
DBG_STACK_RUN_END epoch=5208136984126584869 run=157 kind=ble_backpressure owner=system_workqueue outcome=ack queue=2 custody=0 credit=1 retry=0 drain=2 src=11068027678940948070 dst=11068027678940948070 session=3455188712 seq=65256 type=65 samples=1 sequence=0 previous=0 uptime=444052
DBG_GATEWAY_CH9_RX_CONT_RESULT start=444036 end=444537 ret=-116 fail=0 status=0x00000000 len=0 frames=0
DBG_GATEWAY_CH9_RX_CONT_ARM now=444539 rem=500 frames=0 errors=0
DBG_STACK_RUN_BEGIN epoch=5208136984126584869 run=158 kind=ble_backpressure owner=system_workqueue queue=1 custody=1 credit=0 retry=0 drain=1 src=11068027678940948070 dst=11068027678940948070 session=38797503 seq=191 type=86 sequence=0 previous=0 uptime=444541
DBG_STACK_SAMPLE_BEGIN epoch=5208136984126584869 run=158 sample=158 kind=ble_backpressure owner=system_workqueue queue=1 custody=1 credit=0 retry=0 drain=1 src=11068027678940948070 dst=11068027678940948070 session=38797503 seq=191 type=86 uptime=444542
DBG_STACK_ISR_CONFIG size=8192 run=158 sample=158
DBG_STACK name=BT RX WQ tid=0x2000fe18 used=760 free=776 size=1536 ret=0 run=158 sample=158
DBG_STACK name=mesh_route tid=0x2000d560 used=5888 free=2304 size=8192 ret=0 run=158 sample=158
DBG_STACK name=sysworkq tid=0x20010d70 used=2408 free=2072 size=4480 ret=0 run=158 sample=158
DBG_STACK name=MPSL Work tid=0x20010b28 used=440 free=584 size=1024 ret=0 run=158 sample=158
DBG_STACK name=logging tid=0x2000f920 used=480 free=1568 size=2048 ret=0 run=158 sample=158
DBG_STACK name=idle tid=0x20010c00 used=64 free=256 size=320 ret=0 run=158 sample=158
DBG_STACK_SAMPLE_END run=158 sample=158
DBG_STACK_RUN_END epoch=5208136984126584869 run=158 kind=ble_backpressure owner=system_workqueue outcome=ack queue=1 custody=0 credit=1 retry=0 drain=1 src=11068027678940948070 dst=11068027678940948070 session=38797503 seq=191 type=86 samples=1 sequence=0 previous=0 uptime=444567
DBG_GATEWAY_CH9_RX_CONT_RESULT start=444539 end=445044 ret=-116 fail=0 status=0x00000000 len=0 frames=0
DBG_GATEWAY_CH9_RX_CONT_ARM now=445046 rem=500 frames=0 errors=0
DBG_GATEWAY_COMMAND_PRIORITY_SUBMIT ret=0 now=445352
DBG_STACK_RUN_BEGIN epoch=5208136984126584869 run=159 kind=ble_backpressure owner=system_workqueue queue=1 custody=1 credit=0 retry=0 drain=1 src=11068027678940948070 dst=11068027678940948070 session=38797504 seq=192 type=86 sequence=0 previous=0 uptime=445352
DBG_STACK_SAMPLE_BEGIN epoch=5208136984126584869 run=159 sample=159 kind=ble_backpressure owner=system_workqueue queue=1 custody=1 credit=0 retry=0 drain=1 src=11068027678940948070 dst=11068027678940948070 session=38797504 seq=192 type=86 uptime=445352
DBG_STACK_ISR_CONFIG size=8192 run=159 sample=159
DBG_STACK name=BT RX WQ tid=0x2000fe18 used=760 free=776 size=1536 ret=0 run=159 sample=159
DBG_STACK name=mesh_route tid=0x2000d560 used=5888 free=2304 size=8192 ret=0 run=159 sample=159
DBG_STACK name=sysworkq tid=0x20010d70 used=2408 free=2072 size=4480 ret=0 run=159 sample=159
DBG_STACK name=MPSL Work tid=0x20010b28 used=440 free=584 size=1024 ret=0 run=159 sample=159
DBG_STACK name=logging tid=0x2000f920 used=480 free=1568 size=2048 ret=0 run=159 sample=159
DBG_STACK name=idle tid=0x20010c00 used=64 free=256 size=320 ret=0 run=159 sample=159
DBG_STACK_SAMPLE_END run=159 sample=159
DBG_STACK_RUN_END epoch=5208136984126584869 run=159 kind=ble_backpressure owner=system_workqueue outcome=ack queue=3 custody=0 credit=1 retry=0 drain=3 src=11068027678940948070 dst=11068027678940948070 session=38797504 seq=192 type=86 samples=1 sequence=0 previous=0 uptime=445368
DBG_STACK_RUN_BEGIN epoch=5208136984126584869 run=160 kind=ble_backpressure owner=system_workqueue queue=2 custody=2 credit=0 retry=0 drain=2 src=11068027678940948070 dst=11068027678940948070 session=38797505 seq=193 type=86 sequence=0 previous=0 uptime=445847
DBG_STACK_SAMPLE_BEGIN epoch=5208136984126584869 run=160 sample=160 kind=ble_backpressure owner=system_workqueue queue=2 custody=2 credit=0 retry=0 drain=2 src=11068027678940948070 dst=11068027678940948070 session=38797505 seq=193 type=86 uptime=445847
DBG_STACK_ISR_CONFIG size=8192 run=160 sample=160
DBG_STACK name=BT RX WQ tid=0x2000fe18 used=760 free=776 size=1536 ret=0 run=160 sample=160
DBG_STACK name=mesh_route tid=0x2000d560 used=5888 free=2304 size=8192 ret=0 run=160 sample=160
DBG_STACK name=sysworkq tid=0x20010d70 used=2408 free=2072 size=4480 ret=0 run=160 sample=160
DBG_STACK name=MPSL Work tid=0x20010b28 used=440 free=584 size=1024 ret=0 run=160 sample=160
DBG_STACK name=logging tid=0x2000f920 used=480 free=1568 size=2048 ret=0 run=160 sample=160
DBG_STACK name=idle tid=0x20010c00 used=64 free=256 size=320 ret=0 run=160 sample=160
DBG_STACK_SAMPLE_END run=160 sample=160
DBG_STACK_RUN_END epoch=5208136984126584869 run=160 kind=ble_backpressure owner=system_workqueue outcome=ack queue=2 custody=0 credit=1 retry=0 drain=2 src=11068027678940948070 dst=11068027678940948070 session=38797505 seq=193 type=86 samples=1 sequence=0 previous=0 uptime=445864
DBG_NODE_COMM_TX_BEGIN handle=22 profile=0 msg=64 dst=0x0 seq=22
DBG_CONTROL_RX_HANDOFF_READY abort=0
DBG_WAKE_TRAIN_GUARD_OK
DBG_DWM_MARK_UNCONFIGURED tag=initialise_radio prev_phy=0
DBG_WAKE_TRAIN_CONFIG_BEGIN
DBG_DWM_INVALIDATE tag=configure_radio_from_reset active_phy=2 configured=1 awake=0
DBG_DWM_MARK_UNCONFIGURED tag=initialise_radio prev_phy=0
DBG_WAKE_TRAIN_CONFIG_OK
DBG_WAKE_TRAIN_FIRST_SEND_BEGIN
DBG_WAKE_TRAIN_FIRST_SEND_OK
DBG_UWB_TX_CH5
DBG_TX_WAKE_CLAIM_SENT
DBG_UWB_TX_CH5
DBG_TX_WAKE_CLAIM_SENT
DBG_UWB_TX_CH5
DBG_TX_WAKE_CLAIM_SENT
DBG_UWB_TX_CH5
DBG_TX_WAKE_CLAIM_SENT
DBG_UWB_TX_CH5
DBG_TX_WAKE_CLAIM_SENT
DBG_UWB_TX_CH5
DBG_TX_WAKE_CLAIM_SENT
DBG_UWB_TX_CH5
DBG_TX_WAKE_CLAIM_SENT
DBG_UWB_TX_CH5
DBG_TX_WAKE_CLAIM_SENT
DBG_UWB_TX_CH5
DBG_TX_WAKE_CLAIM_SENT
DBG_UWB_TX_CH5
DBG_TX_WAKE_CLAIM_SENT
DBG_UWB_TX_CH5
DBG_TX_WAKE_CLAIM_SENT
DBG_UWB_TX_CH5
DBG_TX_WAKE_CLAIM_SENT
DBG_UWB_TX_CH5
DBG_TX_WAKE_CLAIM_SENT
DBG_UWB_TX_CH5
DBG_TX_WAKE_CLAIM_SENT
DBG_UWB_TX_CH5
DBG_TX_WAKE_CLAIM_SENT
DBG_UWB_TX_CH5
DBG_TX_WAKE_CLAIM_SENT
DBG_UWB_TX_CH5
DBG_TX_WAKE_CLAIM_SENT
DBG_UWB_TX_CH5
DBG_TX_WAKE_CLAIM_SENT
DBG_UWB_TX_CH5
DBG_TX_WAKE_CLAIM_SENT
DBG_UWB_TX_CH5
DBG_TX_WAKE_CLAIM_SENT
DBG_UWB_TX_CH5
DBG_TX_WAKE_CLAIM_SENT
DBG_UWB_TX_CH5
DBG_TX_WAKE_CLAIM_SENT
DBG_UWB_TX_CH5
DBG_TX_WAKE_CLAIM_SENT
DBG_UWB_TX_CH5
DBG_TX_WAKE_CLAIM_SENT
DBG_UWB_TX_CH5
DBG_TX_WAKE_CLAIM_SENT
DBG_UWB_TX_CH5
DBG_TX_WAKE_CLAIM_SENT
DBG_UWB_TX_CH5
DBG_TX_WAKE_CLAIM_SENT
DBG_UWB_TX_CH5
DBG_TX_WAKE_CLAIM_SENT
DBG_UWB_TX_CH5
DBG_TX_WAKE_CLAIM_SENT
DBG_UWB_TX_CH5
DBG_TX_WAKE_CLAIM_SENT
DBG_UWB_TX_CH5
DBG_TX_WAKE_CLAIM_SENT
DBG_UWB_TX_CH5
DBG_TX_WAKE_CLAIM_SENT
DBG_UWB_TX_CH5
DBG_TX_WAKE_CLAIM_SENT
DBG_UWB_TX_CH5
DBG_TX_WAKE_CLAIM_SENT
DBG_UWB_TX_CH5
DBG_TX_WAKE_CLAIM_SENT
DBG_UWB_TX_CH5
DBG_TX_WAKE_CLAIM_SENT
DBG_UWB_TX_CH5
DBG_TX_WAKE_CLAIM_SENT
DBG_UWB_TX_CH5
DBG_TX_WAKE_CLAIM_SENT
DBG_UWB_TX_CH5
DBG_TX_WAKE_CLAIM_SENT
DBG_UWB_TX_CH5
DBG_TX_WAKE_CLAIM_SENT
DBG_UWB_TX_CH5
DBG_TX_WAKE_CLAIM_SENT
DBG_UWB_TX_CH5
DBG_TX_WAKE_CLAIM_SENT
DBG_UWB_TX_CH5
DBG_TX_WAKE_CLAIM_SENT
DBG_STACK_RUN_BEGIN epoch=5208136984126584869 run=161 kind=ble_backpressure owner=system_workqueue queue=1 custody=1 credit=0 retry=0 drain=1 src=11068027678940948070 dst=11068027678940948070 session=38797507 seq=195 type=86 sequence=0 previous=0 uptime=446297
DBG_STACK_SAMPLE_BEGIN epoch=5208136984126584869 run=161 sample=161 kind=ble_backpressure owner=system_workqueue queue=1 custody=1 credit=0 retry=0 drain=1 src=11068027678940948070 dst=11068027678940948070 session=38797507 seq=195 type=86 uptime=446297
DBG_STACK_ISR_CONFIG size=8192 run=161 sample=161
DBG_STACK name=BT RX WQ tid=0x2000fe18 used=760 free=776 size=1536 ret=0 run=161 sample=161
DBG_STACK name=mesh_route tid=0x2000d560 used=5888 free=2304 size=8192 ret=0 run=161 sample=161
DBG_STACK name=sysworkq tid=0x20010d70 used=2408 free=2072 size=4480 ret=0 run=161 sample=161
DBG_STACK name=MPSL Work tid=0x20010b28 used=440 free=584 size=1024 ret=0 run=161 sample=161
DBG_STACK name=logging tid=0x2000f920 used=480 free=1568 size=2048 ret=0 run=161 sample=161
DBG_STACK name=idle tid=0x20010c00 used=64 free=256 size=320 ret=0 run=161 sample=161
DBG_STACK_SAMPLE_END run=161 sample=161
DBG_STACK_RUN_END epoch=5208136984126584869 run=161 kind=ble_backpressure owner=system_workqueue outcome=ack queue=1 custody=0 credit=1 retry=0 drain=1 src=11068027678940948070 dst=11068027678940948070 session=38797507 seq=195 type=86 samples=1 sequence=0 previous=0 uptime=446316
DBG_UWB_TX_CH5
DBG_TX_WAKE_CLAIM_SENT
DBG_UWB_TX_CH5
DBG_TX_WAKE_CLAIM_SENT
DBG_UWB_TX_CH5
DBG_TX_WAKE_CLAIM_SENT
DBG_UWB_TX_CH5
DBG_TX_WAKE_CLAIM_SENT
DBG_UWB_TX_CH5
DBG_TX_WAKE_CLAIM_SENT
DBG_UWB_TX_CH5
DBG_TX_WAKE_CLAIM_SENT
DBG_UWB_TX_CH5
DBG_TX_WAKE_CLAIM_SENT
DBG_UWB_TX_CH5
DBG_TX_WAKE_CLAIM_SENT
DBG_UWB_TX_CH5
DBG_TX_WAKE_CLAIM_SENT
DBG_UWB_TX_CH5
DBG_TX_WAKE_CLAIM_SENT
DBG_UWB_TX_CH5
DBG_TX_WAKE_CLAIM_SENT
DBG_UWB_TX_CH5
DBG_TX_WAKE_CLAIM_SENT
DBG_UWB_TX_CH5
DBG_TX_WAKE_CLAIM_SENT
DBG_UWB_TX_CH5
DBG_TX_WAKE_CLAIM_SENT
DBG_UWB_TX_CH5
DBG_TX_WAKE_CLAIM_SENT
DBG_UWB_TX_CH5
DBG_TX_WAKE_CLAIM_SENT
DBG_UWB_TX_CH5
DBG_TX_WAKE_CLAIM_SENT
DBG_UWB_TX_CH5
DBG_TX_WAKE_CLAIM_SENT
DBG_UWB_TX_CH5
DBG_TX_WAKE_CLAIM_SENT
DBG_UWB_TX_CH5
DBG_TX_WAKE_CLAIM_SENT
DBG_UWB_TX_CH5
DBG_TX_WAKE_CLAIM_SENT
DBG_UWB_TX_CH5
DBG_TX_WAKE_CLAIM_SENT
DBG_UWB_TX_CH5
DBG_TX_WAKE_CLAIM_SENT
DBG_UWB_TX_CH5
DBG_TX_WAKE_CLAIM_SENT
DBG_UWB_TX_CH5
DBG_TX_WAKE_CLAIM_SENT
DBG_UWB_TX_CH5
DBG_TX_WAKE_CLAIM_SENT
DBG_UWB_TX_CH5
DBG_TX_WAKE_CLAIM_SENT
DBG_UWB_TX_CH5
DBG_TX_WAKE_CLAIM_SENT
DBG_UWB_TX_CH5
DBG_TX_WAKE_CLAIM_SENT
DBG_UWB_TX_CH5
DBG_TX_WAKE_CLAIM_SENT
DBG_UWB_TX_CH5
DBG_TX_WAKE_CLAIM_SENT
DBG_UWB_TX_CH5
DBG_TX_WAKE_CLAIM_SENT
DBG_UWB_TX_CH5
DBG_TX_WAKE_CLAIM_SENT
DBG_UWB_TX_CH5
DBG_TX_WAKE_CLAIM_SENT
DBG_UWB_TX_CH5
DBG_TX_WAKE_CLAIM_SENT
DBG_UWB_TX_CH5
DBG_TX_WAKE_CLAIM_SENT
DBG_UWB_TX_CH5
DBG_TX_WAKE_CLAIM_SENT
DBG_UWB_TX_CH5
DBG_TX_WAKE_CLAIM_SENT
DBG_UWB_TX_CH5
DBG_TX_WAKE_CLAIM_SENT
DBG_UWB_TX_CH5
DBG_TX_WAKE_CLAIM_SENT
DBG_UWB_TX_CH5
DBG_TX_WAKE_CLAIM_SENT
DBG_UWB_TX_CH5
DBG_TX_WAKE_CLAIM_SENT
DBG_UWB_TX_CH5
DBG_TX_WAKE_CLAIM_SENT
DBG_UWB_TX_CH5
DBG_TX_WAKE_CLAIM_SENT
DBG_UWB_TX_CH5
DBG_TX_WAKE_CLAIM_SENT
DBG_UWB_TX_CH5
DBG_TX_WAKE_CLAIM_SENT
DBG_UWB_TX_CH5
DBG_TX_WAKE_CLAIM_SENT
DBG_UWB_TX_CH5
DBG_TX_WAKE_CLAIM_SENT
DBG_UWB_TX_CH5
DBG_TX_WAKE_CLAIM_SENT
DBG_UWB_TX_CH5
DBG_TX_WAKE_CLAIM_SENT
DBG_UWB_TX_CH5
DBG_TX_WAKE_CLAIM_SENT
DBG_UWB_TX_CH5
DBG_TX_WAKE_CLAIM_SENT
DBG_UWB_TX_CH5
DBG_TX_WAKE_CLAIM_SENT
DBG_UWB_TX_CH5
DBG_TX_WAKE_CLAIM_SENT
DBG_UWB_TX_CH5
DBG_TX_WAKE_CLAIM_SENT
DBG_UWB_TX_CH5
DBG_TX_WAKE_CLAIM_SENT
DBG_UWB_TX_CH5
DBG_TX_WAKE_CLAIM_SENT
DBG_UWB_TX_CH5
DBG_TX_WAKE_CLAIM_SENT
DBG_UWB_TX_CH5
DBG_TX_WAKE_CLAIM_SENT
DBG_UWB_TX_CH5
DBG_TX_WAKE_CLAIM_SENT
DBG_UWB_TX_CH5
DBG_TX_WAKE_CLAIM_SENT
DBG_UWB_TX_CH5
DBG_TX_WAKE_CLAIM_SENT
DBG_UWB_TX_CH5
DBG_TX_WAKE_CLAIM_SENT
DBG_UWB_TX_CH5
DBG_TX_WAKE_CLAIM_SENT
DBG_UWB_TX_CH5
DBG_TX_WAKE_CLAIM_SENT
DBG_UWB_TX_CH5
DBG_TX_WAKE_CLAIM_SENT
DBG_UWB_TX_CH5
DBG_TX_WAKE_CLAIM_SENT
DBG_UWB_TX_CH5
DBG_TX_WAKE_CLAIM_SENT
DBG_UWB_TX_CH5
DBG_TX_WAKE_CLAIM_SENT
DBG_UWB_TX_CH5
DBG_TX_WAKE_CLAIM_SENT
DBG_UWB_TX_CH5
DBG_TX_WAKE_CLAIM_SENT
DBG_UWB_TX_CH5
DBG_TX_WAKE_CLAIM_SENT
DBG_UWB_TX_CH5
DBG_TX_WAKE_CLAIM_SENT
DBG_DWM_INVALIDATE tag=configure_radio_from_reset active_phy=2 configured=1 awake=1
DBG_DWM_MARK_UNCONFIGURED tag=initialise_radio prev_phy=0
DBG_C5_CONTROL_FOLLOWUP_TURNAROUND delay=60 msg=40 reason=node-comm-bounded-control-flood
DBG_DWM_INVALIDATE tag=configure_radio_from_reset active_phy=2 configured=1 awake=0
DBG_DWM_MARK_UNCONFIGURED tag=initialise_radio prev_phy=0
DBG_DWM_INVALIDATE tag=configure_radio_from_reset active_phy=2 configured=1 awake=0
DBG_DWM_MARK_UNCONFIGURED tag=initialise_radio prev_phy=0
DBG_DWM_WAKE_MESH_CTRL_OK sfd=4073
DBG_C5_TX_CONFIG ret=0 ext=1 len=127 msg=40 reason=bounded-c5-flood
DBG_UWB_TX_CH5
DBG_NC o=0000000000000016 g=00000016 w=00 e=00000022 s=00000005 q=0004>0005 r=00000000 f=00000001 t=00000000 p=00000000 a=00
DBG_NC o=0000000000000016 g=00000016 w=00 e=00000042 s=00000005 q=0005>0006 r=00000000 f=00000001 t=00000000 p=00000000 a=00
DBG_NODE_COMM_ATTEMPT handle=22 profile=0 attempt=1 ret=0 rf=1 scheduled=0 state=0
DBG_GATEWAY_RX_START reason=gateway mesh restart active=1 qrx=0 qtx=0 adv_due=0
DBG_ENUM_RF_BEGIN kind=1 handle=22 attempt=1 tries=1
DBG_STACK_RUN_BEGIN epoch=5208136984126584869 run=162 kind=ble_backpressure owner=system_workqueue queue=1 custody=1 credit=0 retry=0 drain=1 src=11068027678940948070 dst=11068027678940948070 session=38797509 seq=197 type=86 sequence=0 previous=0 uptime=447088
DBG_STACK_SAMPLE_BEGIN epoch=5208136984126584869 run=162 sample=162 kind=ble_backpressure owner=system_workqueue queue=1 custody=1 credit=0 retry=0 drain=1 src=11068027678940948070 dst=11068027678940948070 session=38797509 seq=197 type=86 uptime=447088
DBG_STACK_ISR_CONFIG size=8192 run=162 sample=162
DBG_STACK name=BT RX WQ tid=0x2000fe18 used=760 free=776 size=1536 ret=0 run=162 sample=162
DBG_STACK name=mesh_route tid=0x2000d560 used=5888 free=2304 size=8192 ret=0 run=162 sample=162
DBG_STACK name=sysworkq tid=0x20010d70 used=2408 free=2072 size=4480 ret=0 run=162 sample=162
DBG_STACK name=MPSL Work tid=0x20010b28 used=440 free=584 size=1024 ret=0 run=162 sample=162
DBG_STACK name=logging tid=0x2000f920 used=480 free=1568 size=2048 ret=0 run=162 sample=162
DBG_STACK name=idle tid=0x20010c00 used=64 free=256 size=320 ret=0 run=162 sample=162
DBG_STACK_SAMPLE_END run=162 sample=162
DBG_STACK_RUN_END epoch=5208136984126584869 run=162 kind=ble_backpressure owner=system_workqueue outcome=ack queue=1 custody=0 credit=1 retry=0 drain=1 src=11068027678940948070 dst=11068027678940948070 session=38797509 seq=197 type=86 samples=1 sequence=0 previous=0 uptime=447115
DBG_GATEWAY_CH9_RX_CONT_ARM now=447116 rem=500 frames=0 errors=0
DBG_GATEWAY_CH9_RX_CONT_RESULT start=447116 end=447125 ret=-140 fail=0 status=0x02000000 len=0 frames=0
DBG_GATEWAY_CH9_RX_COMMAND_PREEMPT now=447126 rem=500 frames=0
DBG_GATEWAY_CH9_RX_CONT_DONE ret=-140 len=0 fail=0 recover=0
DBG_NC o=0000000000000016 g=00000016 w=00 e=00000023 s=00000005 q=0006>0004 r=00000000 f=00000024 t=00000000 p=00000000 a=00
DBG_NODE_COMM_TX_BEGIN handle=22 profile=0 msg=64 dst=0x0 seq=22
DBG_CONTROL_RX_HANDOFF_READY abort=0
DBG_DWM_MARK_UNCONFIGURED tag=initialise_radio prev_phy=0
DBG_DWM_INVALIDATE tag=configure_radio_from_reset active_phy=2 configured=1 awake=0
DBG_DWM_MARK_UNCONFIGURED tag=initialise_radio prev_phy=0
DBG_DWM_WAKE_MESH_CTRL_OK sfd=4073
DBG_C5_TX_CONFIG ret=0 ext=1 len=127 msg=40 reason=bounded-c5-flood
DBG_UWB_TX_CH5
DBG_NC o=0000000000000016 g=00000016 w=00 e=00000022 s=00000005 q=0004>0005 r=00000000 f=00000001 t=00000000 p=00000000 a=00
DBG_NC o=0000000000000016 g=00000016 w=00 e=00000042 s=00000005 q=0005>0006 r=00000000 f=00000001 t=00000000 p=00000000 a=00
DBG_NODE_COMM_ATTEMPT handle=22 profile=0 attempt=2 ret=0 rf=1 scheduled=0 state=0
DBG_GATEWAY_RX_START reason=gateway mesh restart active=1 qrx=0 qtx=0 adv_due=0
DBG_COORD state=gateway-rx owner=uwb-rx reason=gateway-rx rx=0 tx=0 relay=0 route=0 ack=0 qack=0
DBG_DWM_INVALIDATE tag=configure_radio_from_reset active_phy=4 configured=1 awake=1
DBG_DWM_MARK_UNCONFIGURED tag=initialise_radio prev_phy=0
DBG_GATEWAY_CH9_RX_CONT_ARM now=447209 rem=500 frames=0 errors=0
DBG_GATEWAY_CH9_RX_CONT_RESULT start=447209 end=447222 ret=-140 fail=0 status=0x02000000 len=0 frames=0
DBG_GATEWAY_CH9_RX_COMMAND_PREEMPT now=447223 rem=500 frames=0
DBG_GATEWAY_CH9_RX_CONT_DONE ret=-140 len=0 fail=0 recover=0
DBG_NC o=0000000000000016 g=00000016 w=00 e=00000023 s=00000005 q=0006>0004 r=00000000 f=00000024 t=00000000 p=00000000 a=00
DBG_NODE_COMM_TX_BEGIN handle=22 profile=0 msg=64 dst=0x0 seq=22
DBG_CONTROL_RX_HANDOFF_READY abort=0
DBG_COORD state=idle owner=c5-flood reason=idle rx=0 tx=0 relay=0 route=0 ack=0 qack=0
DBG_DWM_INVALIDATE tag=configure_radio_from_reset active_phy=3 configured=1 awake=1
DBG_DWM_MARK_UNCONFIGURED tag=initialise_radio prev_phy=0
DBG_DWM_INVALIDATE tag=configure_radio_from_reset active_phy=2 configured=1 awake=0
DBG_DWM_MARK_UNCONFIGURED tag=initialise_radio prev_phy=0
DBG_DWM_WAKE_MESH_CTRL_OK sfd=4073
DBG_C5_TX_CONFIG ret=0 ext=1 len=127 msg=40 reason=bounded-c5-flood
DBG_UWB_TX_CH5
DBG_NC o=0000000000000016 g=00000016 w=00 e=00000022 s=00000005 q=0004>0005 r=00000000 f=00000001 t=00000000 p=00000000 a=00
DBG_NC o=0000000000000016 g=00000016 w=00 e=00000042 s=00000005 q=0005>0006 r=00000000 f=00000001 t=00000000 p=00000000 a=00
DBG_NODE_COMM_ATTEMPT handle=22 profile=0 attempt=3 ret=0 rf=1 scheduled=0 state=0
DBG_GATEWAY_RX_START reason=gateway mesh restart active=1 qrx=0 qtx=0 adv_due=0
DBG_COORD state=gateway-rx owner=uwb-rx reason=gateway-rx rx=0 tx=0 relay=0 route=0 ack=0 qack=0
DBG_DWM_INVALIDATE tag=configure_radio_from_reset active_phy=4 configured=1 awake=1
DBG_DWM_MARK_UNCONFIGURED tag=initialise_radio prev_phy=0
DBG_GATEWAY_CH9_RX_CONT_ARM now=447307 rem=500 frames=0 errors=0
DBG_GATEWAY_CH9_RX_CONT_RESULT start=447307 end=447319 ret=-140 fail=0 status=0x02000000 len=0 frames=0
DBG_GATEWAY_CH9_RX_COMMAND_PREEMPT now=447319 rem=500 frames=0
DBG_GATEWAY_CH9_RX_CONT_DONE ret=-140 len=0 fail=0 recover=0
DBG_NC o=0000000000000016 g=00000016 w=00 e=00000023 s=00000005 q=0006>0004 r=00000000 f=00000024 t=00000000 p=00000000 a=00
DBG_NODE_COMM_TX_BEGIN handle=22 profile=0 msg=64 dst=0x0 seq=22
DBG_CONTROL_RX_HANDOFF_READY abort=0
DBG_COORD state=idle owner=c5-flood reason=idle rx=0 tx=0 relay=0 route=0 ack=0 qack=0
DBG_DWM_INVALIDATE tag=configure_radio_from_reset active_phy=3 configured=1 awake=1
DBG_DWM_MARK_UNCONFIGURED tag=initialise_radio prev_phy=0
DBG_DWM_INVALIDATE tag=configure_radio_from_reset active_phy=2 configured=1 awake=0
DBG_DWM_MARK_UNCONFIGURED tag=initialise_radio prev_phy=0
DBG_DWM_WAKE_MESH_CTRL_OK sfd=4073
DBG_C5_TX_CONFIG ret=0 ext=1 len=127 msg=40 reason=bounded-c5-flood
DBG_UWB_TX_CH5
DBG_NC o=0000000000000016 g=00000016 w=00 e=00000022 s=00000005 q=0004>0005 r=00000000 f=00000001 t=00000000 p=00000000 a=00
DBG_NC o=0000000000000016 g=00000016 w=00 e=00000041 s=00000005 q=0005>0008 r=00000000 f=00000026 t=00000000 p=00000001 a=04
DBG_NODE_COMM_ATTEMPT handle=22 profile=0 attempt=4 ret=0 rf=1 scheduled=0 state=0
DBG_GATEWAY_RX_START reason=gateway mesh restart active=1 qrx=0 qtx=0 adv_due=0
DBG_ENUM_RF_RESULT kind=1 handle=22 success=1 reason=0 tries=4
DBG_COORD state=gateway-rx owner=uwb-rx reason=gateway-rx rx=0 tx=0 relay=0 route=0 ack=0 qack=0
DBG_DWM_INVALIDATE tag=configure_radio_from_reset active_phy=4 configured=1 awake=1
DBG_DWM_MARK_UNCONFIGURED tag=initialise_radio prev_phy=0
DBG_GATEWAY_CH9_RX_CONT_ARM now=447404 rem=500 frames=0 errors=0
DBG_GATEWAY_CH9_RX_CONT_RESULT start=447404 end=447804 ret=0 fail=0 status=0x02006f00 len=97 frames=0
DBG_UWB_RX_CH9
DBG_GATEWAY_CH9_RX_RELEASE_IDLE
DBG_GATEWAY_RX_DECODE ch=9 msg=0x41 src=0x191a9619c6c8cb07 dst=0x9999888877776666 prev=0x191a9619c6c8cb07 seq=22 flags=0x14 pl
DBG_UWB_RX_CH9
DBG_MESH_RX_QUEUED ch=9 msg=0x41 src=0x191a9619c6c8cb07 dst=0x9999888877776666 prev=0x191a9619c6c8cb07 seq=22 q=1
DBG_MESH_RX_DIRECT_WAIT q=1 reason=gateway-ch9-continuous-rx
DBG_MESH_RX_DIRECT_ENTER q=1 reason=gateway-ch9-continuous-rx
DBG_MESH_RX_DRAIN_ENTER owner=gateway-ch9-continuous-rx q=1
DBG_ENUM_ADAPTIVE_DEADLINE stage=0 observed_hop=1 next_hop=2 wait=4678 deadline=452487
DBG_ENUM_CLAIM_RX epoch=38797506 anchor=0x191a9619c6c8cb07 hop=1 responders=1 roster=1 retained=0
DBG_GATEWAY_ACK_INPUT type=65 src=0x191a9619c6c8cb07 dst=0x9999888877776666 rxseq=22 ackseq=118 len=36 flags=0x14 meta=0
DBG_GATEWAY_ACK_GUARD ms=10 seq=118
DBG_STACK_RUN_BEGIN epoch=5208136984126584869 run=163 kind=ble_backpressure owner=system_workqueue queue=1 custody=1 credit=0 retry=0 drain=1 src=11068027678940948070 dst=11068027678940948070 session=38797510 seq=198 type=86 sequence=0 previous=0 uptime=447811
DBG_STACK_SAMPLE_BEGIN epoch=5208136984126584869 run=163 sample=163 kind=ble_backpressure owner=system_workqueue queue=1 custody=1 credit=0 retry=0 drain=1 src=11068027678940948070 dst=11068027678940948070 session=38797510 seq=198 type=86 uptime=447822
DBG_STACK_ISR_CONFIG size=8192 run=163 sample=163
DBG_STACK name=BT RX WQ tid=0x2000fe18 used=760 free=776 size=1536 ret=0 run=163 sample=163
DBG_STACK name=mesh_route tid=0x2000d560 used=5888 free=2304 size=8192 ret=0 run=163 sample=163
DBG_STACK name=sysworkq tid=0x20010d70 used=2408 free=2072 size=4480 ret=0 run=163 sample=163
DBG_STACK name=MPSL Work tid=0x20010b28 used=440 free=584 size=1024 ret=0 run=163 sample=163
DBG_STACK name=logging tid=0x2000f920 used=480 free=1568 size=2048 ret=0 run=163 sample=163
DBG_STACK name=idle tid=0x20010c00 used=64 free=256 size=320 ret=0 run=163 sample=163
DBG_STACK_SAMPLE_END run=163 sample=163
DBG_STACK_RUN_END epoch=5208136984126584869 run=163 kind=ble_backpressure owner=system_workqueue outcome=ack queue=1 custody=0 credit=1 retry=0 drain=1 src=11068027678940948070 dst=11068027678940948070 session=38797510 seq=198 type=86 samples=1 sequence=0 previous=0 uptime=447850
DBG_COORD state=idle owner=gateway-ack-immediate-channel9 reason=idle rx=0 tx=0 relay=0 route=0 ack=0 qack=0
DBG_CH9_TX_CONFIG ret=0 now=447855 earliest=0 msg=32
DBG_CH9_TX_SEND_AT now=447855 earliest=0 msg=32 len=105
DBG_CH9_TX_RELEASE_IDLE msg=32 seq=119 reason=gateway-ack-immediate-channel9 ret=0
DBG_UWB_TX_CH9
DBG_GATEWAY_ACK_TX_LED
DBG_GATEWAY_RX_REARM_DEFER delay=0 ret=1 active=1
DBG_GATEWAY_RX_START reason=gateway mesh restart active=1 qrx=0 qtx=0 adv_due=0
DBG_GATEWAY_CH9_RX_CONT_RESULT start=447860 end=447879 ret=-116 fail=0 status=0x00000000 len=0 frames=2
DBG_MESH_RX_WORK_WAIT q=0
DBG_MESH_RX_WORK_ENTER q=0
DBG_MESH_RX_DRAIN_ENTER owner=work q=0
DBG_MESH_RX_DRAIN_EXIT owner=work handled=0 q=0
DBG_MESH_RX_WORK_EXIT handled=0 q=0
DBG_GATEWAY_RX_REARM_RUN delay=0 ret=1 active=1
DBG_COORD state=gateway-rx owner=uwb-rx reason=gateway-rx rx=0 tx=0 relay=0 route=0 ack=0 qack=0
DBG_GATEWAY_CH9_RX_CONT_ARM now=447880 rem=500 frames=0 errors=0
DBG_GATEWAY_CH9_RX_CONT_RESULT start=447880 end=448042 ret=0 fail=0 status=0x00006f00 len=97 frames=0
DBG_UWB_RX_CH9
DBG_GATEWAY_CH9_RX_RELEASE_IDLE
DBG_GATEWAY_RX_DECODE ch=9 msg=0x41 src=0x708bc0aab970300e dst=0x9999888877776666 prev=0x708bc0aab970300e seq=22 flags=0x14 pl
DBG_UWB_RX_CH9
DBG_MESH_RX_QUEUED ch=9 msg=0x41 src=0x708bc0aab970300e dst=0x9999888877776666 prev=0x708bc0aab970300e seq=22 q=1
DBG_MESH_RX_DIRECT_WAIT q=1 reason=gateway-ch9-continuous-rx
DBG_MESH_RX_DIRECT_ENTER q=1 reason=gateway-ch9-continuous-rx
DBG_MESH_RX_DRAIN_ENTER owner=gateway-ch9-continuous-rx q=1
DBG_ENUM_ADAPTIVE_DEADLINE stage=0 observed_hop=1 next_hop=2 wait=4677 deadline=452725
DBG_ENUM_CLAIM_RX epoch=38797506 anchor=0x708bc0aab970300e hop=1 responders=2 roster=2 retained=0
DBG_GATEWAY_ACK_INPUT type=65 src=0x708bc0aab970300e dst=0x9999888877776666 rxseq=22 ackseq=120 len=36 flags=0x14 meta=0
DBG_GATEWAY_ACK_GUARD ms=10 seq=120
DBG_COORD state=idle owner=gateway-ack-immediate-channel9 reason=idle rx=0 tx=0 relay=0 route=0 ack=0 qack=0
DBG_CH9_TX_CONFIG ret=0 now=448061 earliest=0 msg=32
DBG_CH9_TX_SEND_AT now=448061 earliest=0 msg=32 len=105
DBG_CH9_TX_RELEASE_IDLE msg=32 seq=120 reason=gateway-ack-immediate-channel9 ret=0
DBG_UWB_TX_CH9
DBG_GATEWAY_ACK_TX_LED
DBG_GATEWAY_CH9_RX_CONT_RESULT start=448066 end=448078 ret=0 fail=0 status=0x00006f00 len=105 frames=1
DBG_UWB_RX_CH9
DBG_GATEWAY_CH9_RX_RELEASE_IDLE
DBG_GATEWAY_RX_DECODE ch=9 msg=0x33 src=0x708bc0aab970300e dst=0x9999888877776666 prev=0x708bc0aab970300e seq=22 flags=0x04 pl
DBG_UWB_RX_CH9
DBG_MESH_RX_QUEUED ch=9 msg=0x33 src=0x708bc0aab970300e dst=0x9999888877776666 prev=0x708bc0aab970300e seq=22 q=1
DBG_COORD state=gateway-rx owner=gateway-ch9-continuous-rx reason=gateway-rx rx=1 tx=0 relay=0 route=0 ack=0 qack=0
DBG_MESH_RX_DIRECT_WAIT q=1 reason=gateway-ch9-continuous-rx
DBG_MESH_RX_DIRECT_ENTER q=1 reason=gateway-ch9-continuous-rx
DBG_GATEWAY_ACK_INPUT type=51 src=0x708bc0aab970300e dst=0x9999888877776666 rxseq=22 ackseq=121 len=44 flags=0x04 meta=0
DBG_GATEWAY_ACK_GUARD ms=10 seq=121
DBG_COORD state=idle owner=gateway-ack-immediate-channel9 reason=idle rx=0 tx=0 relay=0 route=0 ack=0 qack=0
DBG_CH9_TX_CONFIG ret=0 now=448093 earliest=0 msg=32
DBG_CH9_TX_SEND_AT now=448093 earliest=0 msg=32 len=105
DBG_CH9_TX_RELEASE_IDLE msg=32 seq=121 reason=gateway-ack-immediate-channel9 ret=0
DBG_UWB_TX_CH9
DBG_GATEWAY_ACK_TX_LED
DBG_GATEWAY_RX_REARM_DEFER delay=0 ret=1 active=1
DBG_GATEWAY_RX_START reason=gateway mesh restart active=1 qrx=0 qtx=0 adv_due=0
DBG_GATEWAY_ACK_SEND ret=0 seq=121 dst=0x708bc0aab970300e next=0x708bc0aab970300e
DBG_MESH_RX_DRAIN_EXIT owner=gateway-ch9-continuous-rx handled=1 q=0
DBG_MESH_RX_DIRECT_EXIT handled=1 q=0 reason=gateway-ch9-continuous-rx
DBG_GATEWAY_CH9_RX_CONT_ARM now=448098 rem=282 frames=2 errors=0
DBG_GATEWAY_CH9_RX_CONT_RESULT start=448098 end=448237 ret=0 fail=0 status=0x00006f00 len=97 frames=2
DBG_UWB_RX_CH9
DBG_GATEWAY_CH9_RX_RELEASE_IDLE
DBG_GATEWAY_RX_DECODE ch=9 msg=0x41 src=0x56da25fe4af6d141 dst=0x9999888877776666 prev=0x56da25fe4af6d141 seq=22 flags=0x14 pl
DBG_UWB_RX_CH9
DBG_MESH_RX_QUEUED ch=9 msg=0x41 src=0x56da25fe4af6d141 dst=0x9999888877776666 prev=0x56da25fe4af6d141 seq=22 q=1
DBG_COORD state=gateway-rx owner=gateway-ch9-continuous-rx reason=gateway-rx rx=1 tx=0 relay=0 route=0 ack=0 qack=0
DBG_MESH_RX_DIRECT_WAIT q=1 reason=gateway-ch9-continuous-rx
DBG_MESH_RX_DIRECT_ENTER q=1 reason=gateway-ch9-continuous-rx
DBG_MESH_RX_DRAIN_ENTER owner=gateway-ch9-continuous-rx q=1
DBG_ENUM_ADAPTIVE_DEADLINE stage=0 observed_hop=1 next_hop=2 wait=4678 deadline=452920
DBG_ENUM_CONFIRM ret=1
DBG_ENUM_CLAIM_RX epoch=38797506 anchor=0x56da25fe4af6d141 hop=1 responders=3 roster=3 retained=0
DBG_GATEWAY_ACK_GUARD ms=10 seq=122
DBG_COORD state=idle owner=gateway-ack-immediate-channel9 reason=idle rx=0 tx=0 relay=0 route=0 ack=0 qack=0
DBG_CH9_TX_CONFIG ret=0 now=448255 earliest=0 msg=32
DBG_CH9_TX_SEND_AT now=448255 earliest=0 msg=32 len=105
DBG_GATEWAY_CH9_RX_CONT_RESULT start=448260 end=448272 ret=0 fail=0 status=0x00006f00 len=105 frames=3
DBG_UWB_RX_CH9
DBG_GATEWAY_CH9_RX_RELEASE_IDLE
DBG_GATEWAY_RX_DECODE ch=9 msg=0x33 src=0x56da25fe4af6d141 dst=0x9999888877776666 prev=0x56da25fe4af6d141 seq=22 flags=0x04 pl
DBG_UWB_RX_CH9
DBG_MESH_RX_QUEUED ch=9 msg=0x33 src=0x56da25fe4af6d141 dst=0x9999888877776666 prev=0x56da25fe4af6d141 seq=22 q=1
DBG_COORD state=gateway-rx owner=gateway-ch9-continuous-rx reason=gateway-rx rx=1 tx=0 relay=0 route=0 ack=0 qack=0
DBG_MESH_RX_DIRECT_WAIT q=1 reason=gateway-ch9-continuous-rx
DBG_MESH_RX_DIRECT_ENTER q=1 reason=gateway-ch9-continuous-rx
DBG_MESH_RX_DRAIN_ENTER owner=gateway-ch9-continuous-rx q=1
DBG_STACK_RUN_BEGIN epoch=5208136984126584869 run=164 kind=ble_backpressure owner=system_workqueue queue=2 custody=2 credit=0 retry=0 drain=2 src=11068027678940948070 dst=11068027678940948070 session=38797511 seq=199 type=86 sequence=0 previous=0 uptime=448277
DBG_STACK_SAMPLE_BEGIN epoch=5208136984126584869 run=164 sample=164 kind=ble_backpressure owner=system_workqueue queue=2 custody=2 credit=0 retry=0 drain=2 src=11068027678940948070 dst=11068027678940948070 session=38797511 seq=199 type=86 uptime=448277
DBG_STACK_ISR_CONFIG size=8192 run=164 sample=164
DBG_STACK name=BT RX WQ tid=0x2000fe18 used=760 free=776 size=1536 ret=0 run=164 sample=164
DBG_STACK name=mesh_route tid=0x2000d560 used=5888 free=2304 size=8192 ret=0 run=164 sample=164
DBG_STACK name=sysworkq tid=0x20010d70 used=2408 free=2072 size=4480 ret=0 run=164 sample=164
DBG_STACK name=MPSL Work tid=0x20010b28 used=440 free=584 size=1024 ret=0 run=164 sample=164
DBG_STACK name=logging tid=0x2000f920 used=480 free=1568 size=2048 ret=0 run=164 sample=164
DBG_STACK name=idle tid=0x20010c00 used=64 free=256 size=320 ret=0 run=164 sample=164
DBG_STACK_SAMPLE_END run=164 sample=164
DBG_STACK_RUN_END epoch=5208136984126584869 run=164 kind=ble_backpressure owner=system_workqueue outcome=ack queue=2 custody=0 credit=1 retry=0 drain=2 src=11068027678940948070 dst=11068027678940948070 session=38797511 seq=199 type=86 samples=1 sequence=0 previous=0 uptime=448301
DBG_GATEWAY_CH9_RX_CONT_RESULT start=448295 end=448381 ret=-116 fail=0 status=0x00000000 len=0 frames=4
DBG_MESH_RX_WORK_WAIT q=0
DBG_MESH_RX_WORK_ENTER q=0
DBG_MESH_RX_DRAIN_ENTER owner=work q=0
DBG_MESH_RX_DRAIN_EXIT owner=work handled=0 q=0
DBG_MESH_RX_WORK_EXIT handled=0 q=0
DBG_GATEWAY_RX_REARM_RUN delay=0 ret=1 active=1
DBG_COORD state=gateway-rx owner=uwb-rx reason=gateway-rx rx=0 tx=0 relay=0 route=0 ack=0 qack=0
DBG_GATEWAY_CH9_RX_CONT_ARM now=448382 rem=500 frames=0 errors=0
DBG_STACK_RUN_BEGIN epoch=5208136984126584869 run=165 kind=ble_backpressure owner=system_workqueue queue=1 custody=1 credit=0 retry=0 drain=1 src=11068027678940948070 dst=11068027678940948070 session=38797512 seq=200 type=86 sequence=0 previous=0 uptime=448727
DBG_STACK_SAMPLE_BEGIN epoch=5208136984126584869 run=165 sample=165 kind=ble_backpressure owner=system_workqueue queue=1 custody=1 credit=0 retry=0 drain=1 src=11068027678940948070 dst=11068027678940948070 session=38797512 seq=200 type=86 uptime=448727
DBG_STACK_ISR_CONFIG size=8192 run=165 sample=165
DBG_STACK name=BT RX WQ tid=0x2000fe18 used=760 free=776 size=1536 ret=0 run=165 sample=165
DBG_STACK name=mesh_route tid=0x2000d560 used=5888 free=2304 size=8192 ret=0 run=165 sample=165
DBG_STACK name=sysworkq tid=0x20010d70 used=2408 free=2072 size=4480 ret=0 run=165 sample=165
DBG_STACK name=MPSL Work tid=0x20010b28 used=440 free=584 size=1024 ret=0 run=165 sample=165
DBG_STACK name=logging tid=0x2000f920 used=480 free=1568 size=2048 ret=0 run=165 sample=165
DBG_STACK name=idle tid=0x20010c00 used=64 free=256 size=320 ret=0 run=165 sample=165
DBG_STACK_SAMPLE_END run=165 sample=165
DBG_STACK_RUN_END epoch=5208136984126584869 run=165 kind=ble_backpressure owner=system_workqueue outcome=ack queue=1 custody=0 credit=1 retry=0 drain=1 src=11068027678940948070 dst=11068027678940948070 session=38797512 seq=200 type=86 samples=1 sequence=0 previous=0 uptime=448743
DBG_GATEWAY_CH9_RX_CONT_RESULT start=448382 end=448883 ret=-116 fail=0 status=0x00000000 len=0 frames=0
DBG_GATEWAY_COMMAND_PRIORITY_SUBMIT ret=0 now=448884
DBG_GATEWAY_CH9_RX_CONT_ARM now=448885 rem=500 frames=0 errors=0
DBG_GATEWAY_CH9_RX_CONT_RESULT start=448885 end=448886 ret=-140 fail=0 status=0x00000000 len=0 frames=0
DBG_GATEWAY_CH9_RX_COMMAND_PREEMPT now=448887 rem=500 frames=0
DBG_GATEWAY_CH9_RX_CONT_DONE ret=-140 len=0 fail=0 recover=0
DBG_NC o=0000000000000017 g=00000017 w=00 e=0000003c s=00000005 q=0000>0004 r=00000000 f=00000024 t=00000000 p=00000000 a=00
DBG_NODE_COMM_SUBMIT handle=23 profile=6 token=17039383 deadline=458889
DBG_ENUM_FLOOD kind=2 handle=23
DBG_ENUM_TABLE_TX epoch=38797506 count=3 round=1 ret=0
DBG_NODE_COMM_TX_BEGIN handle=23 profile=6 msg=64 dst=0x0 seq=23
DBG_CONTROL_RX_HANDOFF_READY abort=0
DBG_COORD state=idle owner=c5-flood reason=idle rx=0 tx=0 relay=0 route=0 ack=0 qack=0
DBG_DWM_INVALIDATE tag=configure_radio_from_reset active_phy=3 configured=1 awake=1
DBG_DWM_MARK_UNCONFIGURED tag=initialise_radio prev_phy=0
DBG_DWM_INVALIDATE tag=configure_radio_from_reset active_phy=2 configured=1 awake=0
DBG_DWM_MARK_UNCONFIGURED tag=initialise_radio prev_phy=0
DBG_DWM_WAKE_MESH_CTRL_OK sfd=4073
DBG_C5_TX_CONFIG ret=0 ext=1 len=187 msg=40 reason=bounded-c5-flood
DBG_UWB_TX_CH5
DBG_NC o=0000000000000017 g=00000017 w=00 e=00000022 s=00000005 q=0004>0005 r=00000000 f=00000001 t=00000000 p=00000000 a=00
DBG_NC o=0000000000000017 g=00000017 w=00 e=00000041 s=00000005 q=0005>0008 r=00000000 f=00000026 t=00000000 p=00000001 a=01
DBG_NODE_COMM_ATTEMPT handle=23 profile=6 attempt=1 ret=0 rf=1 scheduled=0 state=0
DBG_GATEWAY_RX_START reason=gateway mesh restart active=1 qrx=0 qtx=0 adv_due=0
DBG_ENUM_RF_RESULT kind=2 handle=23 success=1 reason=0 tries=1
DBG_COORD state=gateway-rx owner=uwb-rx reason=gateway-rx rx=0 tx=0 relay=0 route=0 ack=0 qack=0
DBG_DWM_INVALIDATE tag=configure_radio_from_reset active_phy=4 configured=1 awake=1
DBG_DWM_MARK_UNCONFIGURED tag=initialise_radio prev_phy=0
DBG_GATEWAY_CH9_RX_CONT_ARM now=448973 rem=500 frames=0 errors=0
DBG_GATEWAY_CH9_RX_CONT_RESULT start=448973 end=449370 ret=0 fail=0 status=0x02006f00 len=131 frames=0
DBG_UWB_RX_CH9
DBG_GATEWAY_CH9_RX_RELEASE_IDLE
DBG_GATEWAY_RX_DECODE ch=9 msg=0x41 src=0x708bc0aab970300e dst=0x9999888877776666 prev=0x708bc0aab970300e seq=23 flags=0x14 pl
DBG_UWB_RX_CH9
DBG_MESH_RX_QUEUED ch=9 msg=0x41 src=0x708bc0aab970300e dst=0x9999888877776666 prev=0x708bc0aab970300e seq=23 q=1
DBG_MESH_RX_DIRECT_WAIT q=1 reason=gateway-ch9-continuous-rx
DBG_MESH_RX_DIRECT_ENTER q=1 reason=gateway-ch9-continuous-rx
DBG_MESH_RX_DRAIN_ENTER owner=gateway-ch9-continuous-rx q=1
DBG_ENUM_ADAPTIVE_DEADLINE stage=1 observed_hop=1 next_hop=2 wait=4694 deadline=454069
DBG_DISCOVERY_SLOT_ACK_RX epoch=38797506 anchor=0x708bc0aab970300e hop=1 acked=1 missing=2
DBG_GATEWAY_ACK_INPUT type=65 src=0x708bc0aab970300e dst=0x9999888877776666 rxseq=23 ackseq=124 len=70 flags=0x14 meta=0
DBG_GATEWAY_ACK_GUARD ms=10 seq=124
DBG_COORD state=idle owner=gateway-ack-immediate-channel9 reason=idle rx=0 tx=0 relay=0 route=0 ack=0 qack=0
DBG_CH9_TX_CONFIG ret=0 now=449388 earliest=0 msg=32
DBG_CH9_TX_SEND_AT now=449388 earliest=0 msg=32 len=105
DBG_CH9_TX_RELEASE_IDLE msg=32 seq=124 reason=gateway-ack-immediate-channel9 ret=0
DBG_UWB_TX_CH9
DBG_GATEWAY_ACK_TX_LED
DBG_GATEWAY_RX_REARM_DEFER delay=0 ret=1 active=1
DBG_GATEWAY_CH9_RX_CONT_RESULT start=449393 end=449406 ret=0 fail=0 status=0x00006f00 len=105 frames=1
DBG_UWB_RX_CH9
DBG_GATEWAY_CH9_RX_RELEASE_IDLE
DBG_GATEWAY_RX_DECODE ch=9 msg=0x33 src=0x708bc0aab970300e dst=0x9999888877776666 prev=0x708bc0aab970300e seq=23 flags=0x04 pl
DBG_UWB_RX_CH9
DBG_MESH_RX_QUEUED ch=9 msg=0x33 src=0x708bc0aab970300e dst=0x9999888877776666 prev=0x708bc0aab970300e seq=23 q=1
DBG_COORD state=gateway-rx owner=gateway-ch9-continuous-rx reason=gateway-rx rx=1 tx=0 relay=0 route=0 ack=0 qack=0
DBG_MESH_RX_DIRECT_WAIT q=1 reason=gateway-ch9-continuous-rx
DBG_ENUM_CONFIRM ret=1
DBG_GATEWAY_ACK_INPUT type=51 src=0x708bc0aab970300e dst=0x9999888877776666 rxseq=23 ackseq=125 len=44 flags=0x04 meta=0
DBG_GATEWAY_ACK_GUARD ms=10 seq=125
DBG_STACK_RUN_BEGIN epoch=5208136984126584869 run=166 kind=ble_backpressure owner=system_workqueue queue=1 custody=1 credit=0 retry=0 drain=1 src=11068027678940948070 dst=11068027678940948070 session=38797515 seq=203 type=86 sequence=0 previous=0 uptime=449411
DBG_STACK_SAMPLE_BEGIN epoch=5208136984126584869 run=166 sample=166 kind=ble_backpressure owner=system_workqueue queue=1 custody=1 credit=0 retry=0 drain=1 src=11068027678940948070 dst=11068027678940948070 session=38797515 seq=203 type=86 uptime=449426
DBG_STACK_ISR_CONFIG size=8192 run=166 sample=166
DBG_STACK name=BT RX WQ tid=0x2000fe18 used=760 free=776 size=1536 ret=0 run=166 sample=166
DBG_STACK name=mesh_route tid=0x2000d560 used=5888 free=2304 size=8192 ret=0 run=166 sample=166
DBG_STACK name=sysworkq tid=0x20010d70 used=2408 free=2072 size=4480 ret=0 run=166 sample=166
DBG_STACK name=MPSL Work tid=0x20010b28 used=440 free=584 size=1024 ret=0 run=166 sample=166
DBG_STACK name=logging tid=0x2000f920 used=480 free=1568 size=2048 ret=0 run=166 sample=166
DBG_STACK name=idle tid=0x20010c00 used=64 free=256 size=320 ret=0 run=166 sample=166
DBG_STACK_SAMPLE_END run=166 sample=166
DBG_STACK_RUN_END epoch=5208136984126584869 run=166 kind=ble_backpressure owner=system_workqueue outcome=ack queue=1 custody=0 credit=1 retry=0 drain=1 src=11068027678940948070 dst=11068027678940948070 session=38797515 seq=203 type=86 samples=1 sequence=0 previous=0 uptime=449453
DBG_GATEWAY_CH9_RX_CONT_RESULT start=449450 end=449842 ret=0 fail=0 status=0x00006f00 len=131 frames=0
DBG_UWB_RX_CH9
DBG_GATEWAY_CH9_RX_RELEASE_IDLE
DBG_GATEWAY_RX_DECODE ch=9 msg=0x41 src=0x56da25fe4af6d141 dst=0x9999888877776666 prev=0x56da25fe4af6d141 seq=23 flags=0x14 pl
DBG_UWB_RX_CH9
DBG_MESH_RX_QUEUED ch=9 msg=0x41 src=0x56da25fe4af6d141 dst=0x9999888877776666 prev=0x56da25fe4af6d141 seq=23 q=1
DBG_MESH_RX_DIRECT_WAIT q=1 reason=gateway-ch9-continuous-rx
DBG_MESH_RX_DIRECT_ENTER q=1 reason=gateway-ch9-continuous-rx
DBG_MESH_RX_DRAIN_ENTER owner=gateway-ch9-continuous-rx q=1
DBG_ENUM_ADAPTIVE_DEADLINE stage=1 observed_hop=1 next_hop=2 wait=4694 deadline=454540
DBG_DISCOVERY_SLOT_ACK_RX epoch=38797506 anchor=0x56da25fe4af6d141 hop=1 acked=2 missing=1
DBG_GATEWAY_ACK_INPUT type=65 src=0x56da25fe4af6d141 dst=0x9999888877776666 rxseq=23 ackseq=126 len=70 flags=0x14 meta=0
DBG_GATEWAY_ACK_GUARD ms=10 seq=126
DBG_COORD state=idle owner=gateway-ack-immediate-channel9 reason=idle rx=0 tx=0 relay=0 route=0 ack=0 qack=0
DBG_CH9_TX_CONFIG ret=0 now=449859 earliest=0 msg=32
DBG_CH9_TX_SEND_AT now=449859 earliest=0 msg=32 len=105
DBG_UWB_TX_CH9
DBG_GATEWAY_CH9_RX_CONT_RESULT start=449864 end=449877 ret=0 fail=0 status=0x00006f00 len=105 frames=1
DBG_UWB_RX_CH9
DBG_GATEWAY_CH9_RX_RELEASE_IDLE
DBG_GATEWAY_RX_DECODE ch=9 msg=0x33 src=0x56da25fe4af6d141 dst=0x9999888877776666 prev=0x56da25fe4af6d141 seq=23 flags=0x04 pl
DBG_UWB_RX_CH9
DBG_MESH_RX_QUEUED ch=9 msg=0x33 src=0x56da25fe4af6d141 dst=0x9999888877776666 prev=0x56da25fe4af6d141 seq=23 q=1
DBG_COORD state=gateway-rx owner=gateway-ch9-continuous-rx reason=gateway-rx rx=1 tx=0 relay=0 route=0 ack=0 qack=0
DBG_MESH_RX_DIRECT_WAIT q=1 reason=gateway-ch9-continuous-rx
DBG_MESH_RX_DIRECT_ENTER q=1 reason=gateway-ch9-continuous-rx
DBG_MESH_RX_DRAIN_ENTER owner=gateway-ch9-continuous-rx q=1
DBG_ENUM_ADAPTIVE_DEADLINE stage=1 observed_hop=1 next_hop=2 wait=4700 deadline=454580
DBG_ENUM_CONFIRM ret=1
DBG_GATEWAY_ACK_INPUT type=51 src=0x56da25fe4af6d141 dst=0x9999888877776666 rxseq=23 ackseq=127 len=44 flags=0x04 meta=0
DBG_GATEWAY_ACK_GUARD ms=10 seq=127
DBG_STACK_RUN_BEGIN epoch=5208136984126584869 run=167 kind=ble_backpressure owner=system_workqueue queue=1 custody=1 credit=0 retry=0 drain=1 src=11068027678940948070 dst=11068027678940948070 session=38797516 seq=204 type=86 sequence=0 previous=0 uptime=449897
DBG_STACK_SAMPLE_BEGIN epoch=5208136984126584869 run=167 sample=167 kind=ble_backpressure owner=system_workqueue queue=1 custody=1 credit=0 retry=0 drain=1 src=11068027678940948070 dst=11068027678940948070 session=38797516 seq=204 type=86 uptime=449898
DBG_STACK_ISR_CONFIG size=8192 run=167 sample=167
DBG_STACK name=BT RX WQ tid=0x2000fe18 used=760 free=776 size=1536 ret=0 run=167 sample=167
DBG_STACK name=mesh_route tid=0x2000d560 used=5888 free=2304 size=8192 ret=0 run=167 sample=167
DBG_STACK name=sysworkq tid=0x20010d70 used=2408 free=2072 size=4480 ret=0 run=167 sample=167
DBG_STACK name=MPSL Work tid=0x20010b28 used=440 free=584 size=1024 ret=0 run=167 sample=167
DBG_STACK name=logging tid=0x2000f920 used=480 free=1568 size=2048 ret=0 run=167 sample=167
DBG_STACK name=idle tid=0x20010c00 used=64 free=256 size=320 ret=0 run=167 sample=167
DBG_STACK_SAMPLE_END run=167 sample=167
DBG_STACK_RUN_END epoch=5208136984126584869 run=167 kind=ble_backpressure owner=system_workqueue outcome=ack queue=1 custody=0 credit=1 retry=0 drain=1 src=11068027678940948070 dst=11068027678940948070 session=38797516 seq=204 type=86 samples=1 sequence=0 previous=0 uptime=449926
DBG_GATEWAY_CH9_RX_CONT_RESULT start=449900 end=449951 ret=-116 fail=0 status=0x00000000 len=0 frames=2
DBG_MESH_RX_WORK_WAIT q=0
DBG_MESH_RX_WORK_ENTER q=0
DBG_MESH_RX_DRAIN_ENTER owner=work q=0
DBG_MESH_RX_DRAIN_EXIT owner=work handled=0 q=0
DBG_MESH_RX_WORK_EXIT handled=0 q=0
DBG_GATEWAY_RX_REARM_RUN delay=0 ret=1 active=1
DBG_COORD state=gateway-rx owner=uwb-rx reason=gateway-rx rx=0 tx=0 relay=0 route=0 ack=0 qack=0
DBG_GATEWAY_CH9_RX_CONT_ARM now=449952 rem=500 frames=0 errors=0
DBG_GATEWAY_CH9_RX_CONT_RESULT start=449952 end=450218 ret=0 fail=0 status=0x00006f00 len=131 frames=0
DBG_UWB_RX_CH9
DBG_GATEWAY_CH9_RX_RELEASE_IDLE
DBG_GATEWAY_RX_DECODE ch=9 msg=0x41 src=0x191a9619c6c8cb07 dst=0x9999888877776666 prev=0x191a9619c6c8cb07 seq=23 flags=0x14 pl
DBG_UWB_RX_CH9
DBG_MESH_RX_QUEUED ch=9 msg=0x41 src=0x191a9619c6c8cb07 dst=0x9999888877776666 prev=0x191a9619c6c8cb07 seq=23 q=1
DBG_MESH_RX_DIRECT_WAIT q=1 reason=gateway-ch9-continuous-rx
DBG_MESH_RX_DIRECT_ENTER q=1 reason=gateway-ch9-continuous-rx
DBG_MESH_RX_DRAIN_ENTER owner=gateway-ch9-continuous-rx q=1
DBG_ENUM_ADAPTIVE_DEADLINE stage=1 observed_hop=1 next_hop=2 wait=4694 deadline=454916
DBG_DISCOVERY_SLOT_ACK_RX epoch=38797506 anchor=0x191a9619c6c8cb07 hop=1 acked=3 missing=0
DBG_GATEWAY_ACK_INPUT type=65 src=0x191a9619c6c8cb07 dst=0x9999888877776666 rxseq=23 ackseq=128 len=70 flags=0x14 meta=0
DBG_GATEWAY_ACK_GUARD ms=10 seq=128
DBG_COORD state=idle owner=gateway-ack-immediate-channel9 reason=idle rx=0 tx=0 relay=0 route=0 ack=0 qack=0
DBG_CH9_TX_CONFIG ret=0 now=450235 earliest=0 msg=32
DBG_CH9_TX_RELEASE_IDLE msg=32 seq=128 reason=gateway-ack-immediate-channel9 ret=0
DBG_UWB_TX_CH9
DBG_GATEWAY_ACK_TX_LED
DBG_GATEWAY_RX_REARM_DEFER delay=0 ret=1 active=1
DBG_GATEWAY_RX_START reason=gateway mesh restart active=1 qrx=0 qtx=0 adv_due=0
DBG_GATEWAY_ACK_SEND ret=0 seq=128 dst=0x191a9619c6c8cb07 next=0x191a9619c6c8cb07
DBG_MESH_RX_DRAIN_EXIT owner=gateway-ch9-continuous-rx handled=1 q=0
DBG_MESH_RX_DIRECT_EXIT handled=1 q=0 reason=gateway-ch9-continuous-rx
DBG_GATEWAY_CH9_RX_CONT_ARM now=450241 rem=212 frames=1 errors=0
DBG_GATEWAY_CH9_RX_CONT_RESULT start=450241 end=450253 ret=0 fail=0 status=0x00006f00 len=105 frames=1
DBG_UWB_RX_CH9
DBG_GATEWAY_CH9_RX_RELEASE_IDLE
DBG_GATEWAY_RX_DECODE ch=9 msg=0x33 src=0x191a9619c6c8cb07 dst=0x9999888877776666 prev=0x191a9619c6c8cb07 seq=23 flags=0x04 pl
DBG_UWB_RX_CH9
DBG_MESH_RX_QUEUED ch=9 msg=0x33 src=0x191a9619c6c8cb07 dst=0x9999888877776666 prev=0x191a9619c6c8cb07 seq=23 q=1
DBG_MESH_RX_DIRECT_WAIT q=1 reason=gateway-ch9-continuous-rx
DBG_COORD state=idle owner=gateway-ack-immediate-channel9 reason=idle rx=0 tx=0 relay=0 route=0 ack=0 qack=0
DBG_CH9_TX_CONFIG ret=0 now=450270 earliest=0 msg=32
DBG_CH9_TX_SEND_AT now=450270 earliest=0 msg=32 len=105
DBG_CH9_TX_RELEASE_IDLE msg=32 seq=129 reason=gateway-ack-immediate-channel9 ret=0
DBG_UWB_TX_CH9
DBG_GATEWAY_ACK_TX_LED
DBG_GATEWAY_RX_REARM_DEFER delay=0 ret=1 active=1
DBG_GATEWAY_RX_START reason=gateway mesh restart active=1 qrx=0 qtx=0 adv_due=0
DBG_GATEWAY_ACK_SEND ret=0 seq=129 dst=0x191a9619c6c8cb07 next=0x191a9619c6c8cb07
DBG_MESH_RX_DRAIN_EXIT owner=gateway-ch9-continuous-rx handled=1 q=0
DBG_MESH_RX_DIRECT_EXIT handled=1 q=0 reason=gateway-ch9-continuous-rx
DBG_GATEWAY_CH9_RX_CONT_ARM now=450275 rem=177 frames=2 errors=0
DBG_STACK_RUN_BEGIN epoch=5208136984126584869 run=168 kind=ble_backpressure owner=system_workqueue queue=1 custody=1 credit=0 retry=0 drain=1 src=11068027678940948070 dst=11068027678940948070 session=38797517 seq=205 type=86 sequence=0 previous=0 uptime=450347
DBG_STACK_SAMPLE_BEGIN epoch=5208136984126584869 run=168 sample=168 kind=ble_backpressure owner=system_workqueue queue=1 custody=1 credit=0 retry=0 drain=1 src=11068027678940948070 dst=11068027678940948070 session=38797517 seq=205 type=86 uptime=450347
DBG_STACK_ISR_CONFIG size=8192 run=168 sample=168
DBG_STACK name=BT RX WQ tid=0x2000fe18 used=760 free=776 size=1536 ret=0 run=168 sample=168
DBG_STACK name=mesh_route tid=0x2000d560 used=5888 free=2304 size=8192 ret=0 run=168 sample=168
DBG_STACK name=sysworkq tid=0x20010d70 used=2408 free=2072 size=4480 ret=0 run=168 sample=168
DBG_STACK name=MPSL Work tid=0x20010b28 used=440 free=584 size=1024 ret=0 run=168 sample=168
DBG_STACK name=logging tid=0x2000f920 used=480 free=1568 size=2048 ret=0 run=168 sample=168
DBG_STACK name=idle tid=0x20010c00 used=64 free=256 size=320 ret=0 run=168 sample=168
DBG_STACK_SAMPLE_END run=168 sample=168
DBG_STACK_RUN_END epoch=5208136984126584869 run=168 kind=ble_backpressure owner=system_workqueue outcome=ack queue=1 custody=0 credit=1 retry=0 drain=1 src=11068027678940948070 dst=11068027678940948070 session=38797517 seq=205 type=86 samples=1 sequence=0 previous=0 uptime=450359
DBG_GATEWAY_CH9_RX_CONT_RESULT start=450275 end=450453 ret=-116 fail=0 status=0x00000000 len=0 frames=2
DBG_MESH_RX_WORK_WAIT q=0
DBG_MESH_RX_WORK_ENTER q=0
DBG_MESH_RX_DRAIN_ENTER owner=work q=0
DBG_MESH_RX_DRAIN_EXIT owner=work handled=0 q=0
DBG_MESH_RX_WORK_EXIT handled=0 q=0
DBG_GATEWAY_RX_REARM_RUN delay=0 ret=1 active=1
DBG_COORD state=gateway-rx owner=uwb-rx reason=gateway-rx rx=0 tx=0 relay=0 route=0 ack=0 qack=0
DBG_GATEWAY_CH9_RX_CONT_ARM now=450454 rem=500 frames=0 errors=0
DBG_GATEWAY_CH9_RX_CONT_RESULT start=450454 end=450928 ret=0 fail=0 status=0x00006f00 len=131 frames=0
DBG_UWB_RX_CH9
DBG_GATEWAY_CH9_RX_RELEASE_IDLE
DBG_GATEWAY_RX_DECODE ch=9 msg=0x41 src=0x56da25fe4af6d141 dst=0x9999888877776666 prev=0x56da25fe4af6d141 seq=23 flags=0x14 pl
DBG_UWB_RX_CH9
DBG_MESH_RX_QUEUED ch=9 msg=0x41 src=0x56da25fe4af6d141 dst=0x9999888877776666 prev=0x56da25fe4af6d141 seq=23 q=1
DBG_MESH_RX_DIRECT_WAIT q=1 reason=gateway-ch9-continuous-rx
DBG_MESH_RX_DIRECT_ENTER q=1 reason=gateway-ch9-continuous-rx
DBG_MESH_RX_DRAIN_ENTER owner=gateway-ch9-continuous-rx q=1
DBG_GATEWAY_ACK_INPUT type=65 src=0x56da25fe4af6d141 dst=0x9999888877776666 rxseq=23 ackseq=130 len=70 flags=0x14 meta=0
DBG_GATEWAY_ACK_GUARD ms=10 seq=130
DBG_COORD state=idle owner=gateway-ack-immediate-channel9 reason=idle rx=0 tx=0 relay=0 route=0 ack=0 qack=0
DBG_CH9_TX_CONFIG ret=0 now=450942 earliest=0 msg=32
DBG_CH9_TX_SEND_AT now=450943 earliest=0 msg=32 len=105
DBG_CH9_TX_RELEASE_IDLE msg=32 seq=130 reason=gateway-ack-immediate-channel9 ret=0
DBG_UWB_TX_CH9
DBG_GATEWAY_ACK_TX_LED
DBG_GATEWAY_RX_REARM_DEFER delay=0 ret=1 active=1
DBG_GATEWAY_CH9_RX_CONT_RESULT start=450948 end=450955 ret=-116 fail=0 status=0x00000000 len=0 frames=1
DBG_NC o=0000000000000018 g=00000018 w=00 e=0000003c s=00000005 q=0000>0004 r=00000000 f=00000024 t=00000000 p=00000000 a=00
DBG_NODE_COMM_SUBMIT handle=24 profile=6 token=17039384 deadline=460956
DBG_ENUM_FLOOD kind=3 handle=24
DBG_ENUM_END_TX epoch=38797506 table_seq=38797513 ret=0
DBG_MESH_RX_WORK_WAIT q=0
DBG_MESH_RX_WORK_ENTER q=0
DBG_MESH_RX_DRAIN_ENTER owner=work q=0
DBG_MESH_RX_DRAIN_EXIT owner=work handled=0 q=0
DBG_MESH_RX_WORK_EXIT handled=0 q=0
DBG_NODE_COMM_TX_BEGIN handle=24 profile=6 msg=64 dst=0x0 seq=24
DBG_DWM_MARK_UNCONFIGURED tag=initialise_radio prev_phy=0
DBG_DWM_INVALIDATE tag=configure_radio_from_reset active_phy=2 configured=1 awake=0
DBG_DWM_MARK_UNCONFIGURED tag=initialise_radio prev_phy=0
DBG_DWM_WAKE_MESH_CTRL_OK sfd=4073
DBG_C5_TX_CONFIG ret=0 ext=1 len=169 msg=40 reason=bounded-c5-flood
DBG_UWB_TX_CH5
DBG_NC o=0000000000000018 g=00000018 w=00 e=00000022 s=00000005 q=0004>0005 r=00000000 f=00000001 t=00000000 p=00000000 a=00
DBG_NC o=0000000000000018 g=00000018 w=00 e=00000041 s=00000005 q=0005>0008 r=00000000 f=00000026 t=00000000 p=00000001 a=01
DBG_NODE_COMM_ATTEMPT handle=24 profile=6 attempt=1 ret=0 rf=1 scheduled=0 state=0
DBG_GATEWAY_RX_START reason=gateway mesh restart active=1 qrx=0 qtx=0 adv_due=0
DBG_ENUM_RF_RESULT kind=3 handle=24 success=1 reason=0 tries=1
DBG_STACK_RUN_BEGIN epoch=5208136984126584869 run=169 kind=ble_backpressure owner=system_workqueue queue=2 custody=2 credit=0 retry=0 drain=2 src=11068027678940948070 dst=11068027678940948070 session=38797520 seq=208 type=86 sequence=0 previous=0 uptime=451014
DBG_STACK_SAMPLE_BEGIN epoch=5208136984126584869 run=169 sample=169 kind=ble_backpressure owner=system_workqueue queue=2 custody=2 credit=0 retry=0 drain=2 src=11068027678940948070 dst=11068027678940948070 session=38797520 seq=208 type=86 uptime=451015
DBG_STACK_ISR_CONFIG size=8192 run=169 sample=169
DBG_STACK name=BT RX WQ tid=0x2000fe18 used=760 free=776 size=1536 ret=0 run=169 sample=169
DBG_STACK name=mesh_route tid=0x2000d560 used=5888 free=2304 size=8192 ret=0 run=169 sample=169
DBG_STACK name=sysworkq tid=0x20010d70 used=2408 free=2072 size=4480 ret=0 run=169 sample=169
DBG_STACK name=MPSL Work tid=0x20010b28 used=440 free=584 size=1024 ret=0 run=169 sample=169
DBG_STACK name=logging tid=0x2000f920 used=480 free=1568 size=2048 ret=0 run=169 sample=169
DBG_STACK name=idle tid=0x20010c00 used=64 free=256 size=320 ret=0 run=169 sample=169
DBG_STACK_SAMPLE_END run=169 sample=169
DBG_STACK_RUN_END epoch=5208136984126584869 run=169 kind=ble_backpressure owner=system_workqueue outcome=ack queue=2 custody=0 credit=1 retry=0 drain=2 src=11068027678940948070 dst=11068027678940948070 session=38797520 seq=208 type=86 samples=1 sequence=0 previous=0 uptime=451044
DBG_GATEWAY_CH9_RX_CONT_RESULT start=451042 end=451256 ret=0 fail=0 status=0x02006f00 len=105 frames=0
DBG_UWB_RX_CH9
DBG_GATEWAY_CH9_RX_RELEASE_IDLE
DBG_GATEWAY_RX_DECODE ch=9 msg=0x33 src=0x56da25fe4af6d141 dst=0x9999888877776666 prev=0x56da25fe4af6d141 seq=23 flags=0x04 pl
DBG_UWB_RX_CH9
DBG_MESH_RX_QUEUED ch=9 msg=0x33 src=0x56da25fe4af6d141 dst=0x9999888877776666 prev=0x56da25fe4af6d141 seq=23 q=1
DBG_MESH_RX_DIRECT_WAIT q=1 reason=gateway-ch9-continuous-rx
DBG_MESH_RX_DIRECT_ENTER q=1 reason=gateway-ch9-continuous-rx
DBG_MESH_RX_DRAIN_ENTER owner=gateway-ch9-continuous-rx q=1
DBG_GATEWAY_ACK_INPUT type=51 src=0x56da25fe4af6d141 dst=0x9999888877776666 rxseq=23 ackseq=131 len=44 flags=0x04 meta=0
DBG_GATEWAY_ACK_GUARD ms=10 seq=131
DBG_COORD state=idle owner=gateway-ack-immediate-channel9 reason=idle rx=0 tx=0 relay=0 route=0 ack=0 qack=0
DBG_CH9_TX_CONFIG ret=0 now=451271 earliest=0 msg=32
DBG_CH9_TX_SEND_AT now=451271 earliest=0 msg=32 len=105
DBG_CH9_TX_RELEASE_IDLE msg=32 seq=131 reason=gateway-ack-immediate-channel9 ret=0
DBG_UWB_TX_CH9
DBG_GATEWAY_ACK_TX_LED
DBG_GATEWAY_RX_REARM_DEFER delay=0 ret=1 active=1
DBG_GATEWAY_CH9_RX_CONT_RESULT start=451276 end=451297 ret=0 fail=0 status=0x00006f00 len=105 frames=1
DBG_UWB_RX_CH9
DBG_GATEWAY_CH9_RX_RELEASE_IDLE
DBG_GATEWAY_RX_DECODE ch=9 msg=0x33 src=0x708bc0aab970300e dst=0x9999888877776666 prev=0x708bc0aab970300e seq=23 flags=0x04 pl
DBG_UWB_RX_CH9
DBG_MESH_RX_QUEUED ch=9 msg=0x33 src=0x708bc0aab970300e dst=0x9999888877776666 prev=0x708bc0aab970300e seq=23 q=1
DBG_COORD state=gateway-rx owner=gateway-ch9-continuous-rx reason=gateway-rx rx=1 tx=0 relay=0 route=0 ack=0 qack=0
DBG_MESH_RX_DIRECT_WAIT q=1 reason=gateway-ch9-continuous-rx
DBG_MESH_RX_DIRECT_ENTER q=1 reason=gateway-ch9-continuous-rx
DBG_MESH_RX_DRAIN_ENTER owner=gateway-ch9-continuous-rx q=1
DBG_GATEWAY_ACK_INPUT type=51 src=0x708bc0aab970300e dst=0x9999888877776666 rxseq=23 ackseq=132 len=44 flags=0x04 meta=0
DBG_GATEWAY_ACK_GUARD ms=10 seq=132
DBG_COORD state=idle owner=gateway-ack-immediate-channel9 reason=idle rx=0 tx=0 relay=0 route=0 ack=0 qack=0
DBG_CH9_TX_RELEASE_IDLE msg=32 seq=132 reason=gateway-ack-immediate-channel9 ret=0
DBG_UWB_TX_CH9
DBG_GATEWAY_ACK_TX_LED
DBG_GATEWAY_RX_REARM_DEFER delay=0 ret=1 active=1
DBG_GATEWAY_RX_START reason=gateway mesh restart active=1 qrx=0 qtx=0 adv_due=0
DBG_GATEWAY_ACK_SEND ret=0 seq=132 dst=0x708bc0aab970300e next=0x708bc0aab970300e
DBG_MESH_RX_DRAIN_EXIT owner=gateway-ch9-continuous-rx handled=1 q=0
DBG_MESH_RX_DIRECT_EXIT handled=1 q=0 reason=gateway-ch9-continuous-rx
DBG_GATEWAY_CH9_RX_CONT_ARM now=451317 rem=198 frames=2 errors=0
DBG_GATEWAY_CH9_RX_CONT_RESULT start=451317 end=451438 ret=0 fail=0 status=0x00006f00 len=131 frames=2
DBG_UWB_RX_CH9
DBG_GATEWAY_CH9_RX_RELEASE_IDLE
DBG_GATEWAY_RX_DECODE ch=9 msg=0x41 src=0x191a9619c6c8cb07 dst=0x9999888877776666 prev=0x191a9619c6c8cb07 seq=23 flags=0x14 pl
DBG_UWB_RX_CH9
DBG_MESH_RX_QUEUED ch=9 msg=0x41 src=0x191a9619c6c8cb07 dst=0x9999888877776666 prev=0x191a9619c6c8cb07 seq=23 q=1
DBG_COORD state=gateway-rx owner=gateway-ch9-continuous-rx reason=gateway-rx rx=1 tx=0 relay=0 route=0 ack=0 qack=0
DBG_MESH_RX_DIRECT_WAIT q=1 reason=gateway-ch9-continuous-rx
DBG_MESH_RX_DIRECT_ENTER q=1 reason=gateway-ch9-continuous-rx
DBG_MESH_RX_DRAIN_ENTER owner=gateway-ch9-continuous-rx q=1
DBG_GATEWAY_ACK_INPUT type=65 src=0x191a9619c6c8cb07 dst=0x9999888877776666 rxseq=23 ackseq=133 len=70 flags=0x14 meta=0
DBG_GATEWAY_ACK_GUARD ms=10 seq=133
DBG_COORD state=idle owner=gateway-ack-immediate-channel9 reason=idle rx=0 tx=0 relay=0 route=0 ack=0 qack=0
DBG_CH9_TX_CONFIG ret=0 now=451453 earliest=0 msg=32
DBG_CH9_TX_SEND_AT now=451453 earliest=0 msg=32 len=105
DBG_CH9_TX_RELEASE_IDLE msg=32 seq=133 reason=gateway-ack-immediate-channel9 ret=0
DBG_UWB_TX_CH9
DBG_GATEWAY_ACK_TX_LED
DBG_GATEWAY_RX_REARM_DEFER delay=0 ret=1 active=1
DBG_GATEWAY_RX_START reason=gateway mesh restart active=1 qrx=0 qtx=0 adv_due=0
DBG_GATEWAY_ACK_SEND ret=0 seq=133 dst=0x191a9619c6c8cb07 next=0x191a9619c6c8cb07
DBG_GATEWAY_CH9_RX_CONT_RESULT start=451458 end=451516 ret=-116 fail=0 status=0x00000000 len=0 frames=3
DBG_MESH_RX_WORK_WAIT q=0
DBG_MESH_RX_WORK_ENTER q=0
DBG_MESH_RX_DRAIN_ENTER owner=work q=0
DBG_MESH_RX_DRAIN_EXIT owner=work handled=0 q=0
DBG_MESH_RX_WORK_EXIT handled=0 q=0
DBG_GATEWAY_RX_REARM_RUN delay=0 ret=1 active=1
DBG_COORD state=gateway-rx owner=uwb-rx reason=gateway-rx rx=0 tx=0 relay=0 route=0 ack=0 qack=0
DBG_GATEWAY_CH9_RX_CONT_ARM now=451517 rem=500 frames=0 errors=0
DBG_STACK_RUN_BEGIN epoch=5208136984126584869 run=170 kind=ble_backpressure owner=system_workqueue queue=2 custody=2 credit=0 retry=0 drain=2 src=11068027678940948070 dst=11068027678940948070 session=3455188713 seq=65257 type=65 sequence=0 previous=0 uptime=451562
DBG_STACK_SAMPLE_BEGIN epoch=5208136984126584869 run=170 sample=170 kind=ble_backpressure owner=system_workqueue queue=2 custody=2 credit=0 retry=0 drain=2 src=11068027678940948070 dst=11068027678940948070 session=3455188713 seq=65257 type=65 uptime=451562
DBG_STACK_ISR_CONFIG size=8192 run=170 sample=170
DBG_STACK name=BT RX WQ tid=0x2000fe18 used=760 free=776 size=1536 ret=0 run=170 sample=170
DBG_STACK name=mesh_route tid=0x2000d560 used=5888 free=2304 size=8192 ret=0 run=170 sample=170
DBG_STACK name=sysworkq tid=0x20010d70 used=2408 free=2072 size=4480 ret=0 run=170 sample=170
DBG_STACK name=MPSL Work tid=0x20010b28 used=440 free=584 size=1024 ret=0 run=170 sample=170
DBG_STACK name=logging tid=0x2000f920 used=480 free=1568 size=2048 ret=0 run=170 sample=170
DBG_STACK name=idle tid=0x20010c00 used=64 free=256 size=320 ret=0 run=170 sample=170
DBG_STACK_SAMPLE_END run=170 sample=170
DBG_STACK_RUN_END epoch=5208136984126584869 run=170 kind=ble_backpressure owner=system_workqueue outcome=ack queue=2 custody=0 credit=1 retry=0 drain=2 src=11068027678940948070 dst=11068027678940948070 session=3455188713 seq=65257 type=65 samples=1 sequence=0 previous=0 uptime=451587
DBG_STACK_RUN_BEGIN epoch=5208136984126584869 run=171 kind=ble_backpressure owner=system_workqueue queue=1 custody=1 credit=0 retry=0 drain=1 src=11068027678940948070 dst=11068027678940948070 session=38797521 seq=209 type=86 sequence=0 previous=0 uptime=452011
DBG_STACK_SAMPLE_BEGIN epoch=5208136984126584869 run=171 sample=171 kind=ble_backpressure owner=system_workqueue queue=1 custody=1 credit=0 retry=0 drain=1 src=11068027678940948070 dst=11068027678940948070 session=38797521 seq=209 type=86 uptime=452012
DBG_STACK_ISR_CONFIG size=8192 run=171 sample=171
DBG_STACK name=BT RX WQ tid=0x2000fe18 used=760 free=776 size=1536 ret=0 run=171 sample=171
DBG_STACK name=mesh_route tid=0x2000d560 used=5888 free=2304 size=8192 ret=0 run=171 sample=171
DBG_STACK name=sysworkq tid=0x20010d70 used=2408 free=2072 size=4480 ret=0 run=171 sample=171
DBG_STACK name=MPSL Work tid=0x20010b28 used=440 free=584 size=1024 ret=0 run=171 sample=171
DBG_STACK name=logging tid=0x2000f920 used=480 free=1568 size=2048 ret=0 run=171 sample=171
DBG_STACK name=idle tid=0x20010c00 used=64 free=256 size=320 ret=0 run=171 sample=171
DBG_STACK_SAMPLE_END run=171 sample=171
DBG_STACK_RUN_END epoch=5208136984126584869 run=171 kind=ble_backpressure owner=system_workqueue outcome=ack queue=1 custody=0 credit=1 retry=0 drain=1 src=11068027678940948070 dst=11068027678940948070 session=38797521 seq=209 type=86 samples=1 sequence=0 previous=0 uptime=452031
DBG_GATEWAY_CH9_RX_CONT_RESULT start=452020 end=452263 ret=0 fail=0 status=0x00006f00 len=131 frames=0
DBG_UWB_RX_CH9
DBG_GATEWAY_CH9_RX_RELEASE_IDLE
DBG_GATEWAY_RX_DECODE ch=9 msg=0x41 src=0x56da25fe4af6d141 dst=0x9999888877776666 prev=0x56da25fe4af6d141 seq=23 flags=0x14 pl
DBG_UWB_RX_CH9
DBG_MESH_RX_QUEUED ch=9 msg=0x41 src=0x56da25fe4af6d141 dst=0x9999888877776666 prev=0x56da25fe4af6d141 seq=23 q=1
DBG_MESH_RX_DIRECT_WAIT q=1 reason=gateway-ch9-continuous-rx
DBG_MESH_RX_DIRECT_ENTER q=1 reason=gateway-ch9-continuous-rx
DBG_MESH_RX_DRAIN_ENTER owner=gateway-ch9-continuous-rx q=1
DBG_GATEWAY_ACK_INPUT type=65 src=0x56da25fe4af6d141 dst=0x9999888877776666 rxseq=23 ackseq=134 len=70 flags=0x14 meta=0
DBG_GATEWAY_ACK_GUARD ms=10 seq=134
DBG_COORD state=idle owner=gateway-ack-immediate-channel9 reason=idle rx=0 tx=0 relay=0 route=0 ack=0 qack=0
DBG_CH9_TX_CONFIG ret=0 now=452277 earliest=0 msg=32
DBG_CH9_TX_SEND_AT now=452277 earliest=0 msg=32 len=105
DBG_CH9_TX_RELEASE_IDLE msg=32 seq=134 reason=gateway-ack-immediate-channel9 ret=0
DBG_UWB_TX_CH9
DBG_GATEWAY_ACK_TX_LED
DBG_GATEWAY_RX_REARM_DEFER delay=0 ret=1 active=1
DBG_GATEWAY_CH9_RX_CONT_RESULT start=452283 end=452295 ret=0 fail=0 status=0x00006f00 len=105 frames=1
DBG_UWB_RX_CH9
DBG_GATEWAY_CH9_RX_RELEASE_IDLE
DBG_GATEWAY_RX_DECODE ch=9 msg=0x33 src=0x56da25fe4af6d141 dst=0x9999888877776666 prev=0x56da25fe4af6d141 seq=23 flags=0x04 pl
DBG_UWB_RX_CH9
DBG_MESH_RX_QUEUED ch=9 msg=0x33 src=0x56da25fe4af6d141 dst=0x9999888877776666 prev=0x56da25fe4af6d141 seq=23 q=1
DBG_COORD state=gateway-rx owner=gateway-ch9-continuous-rx reason=gateway-rx rx=1 tx=0 relay=0 route=0 ack=0 qack=0
DBG_MESH_RX_DIRECT_WAIT q=1 reason=gateway-ch9-continuous-rx
DBG_GATEWAY_ACK_GUARD ms=10 seq=135
DBG_COORD state=idle owner=gateway-ack-immediate-channel9 reason=idle rx=0 tx=0 relay=0 route=0 ack=0 qack=0
DBG_CH9_TX_CONFIG ret=0 now=452309 earliest=0 msg=32
DBG_CH9_TX_SEND_AT now=452309 earliest=0 msg=32 len=105
DBG_CH9_TX_RELEASE_IDLE msg=32 seq=135 reason=gateway-ack-immediate-channel9 ret=0
DBG_UWB_TX_CH9
DBG_GATEWAY_ACK_TX_LED
DBG_GATEWAY_RX_REARM_DEFER delay=0 ret=1 active=1
DBG_STACK_RUN_BEGIN epoch=5208136984126584869 run=172 kind=ble_backpressure owner=system_workqueue queue=1 custody=1 credit=0 retry=0 drain=1 src=11068027678940948070 dst=11068027678940948070 session=38797522 seq=210 type=86 sequence=0 previous=0 uptime=452462
DBG_STACK_SAMPLE_BEGIN epoch=5208136984126584869 run=172 sample=172 kind=ble_backpressure owner=system_workqueue queue=1 custody=1 credit=0 retry=0 drain=1 src=11068027678940948070 dst=11068027678940948070 session=38797522 seq=210 type=86 uptime=452462
DBG_STACK_ISR_CONFIG size=8192 run=172 sample=172
DBG_STACK name=BT RX WQ tid=0x2000fe18 used=760 free=776 size=1536 ret=0 run=172 sample=172
DBG_STACK name=mesh_route tid=0x2000d560 used=5888 free=2304 size=8192 ret=0 run=172 sample=172
DBG_STACK name=sysworkq tid=0x20010d70 used=2408 free=2072 size=4480 ret=0 run=172 sample=172
DBG_STACK name=MPSL Work tid=0x20010b28 used=440 free=584 size=1024 ret=0 run=172 sample=172
DBG_STACK name=logging tid=0x2000f920 used=480 free=1568 size=2048 ret=0 run=172 sample=172
DBG_STACK name=idle tid=0x20010c00 used=64 free=256 size=320 ret=0 run=172 sample=172
DBG_STACK_SAMPLE_END run=172 sample=172
DBG_STACK_RUN_END epoch=5208136984126584869 run=172 kind=ble_backpressure owner=system_workqueue outcome=ack queue=1 custody=0 credit=1 retry=0 drain=1 src=11068027678940948070 dst=11068027678940948070 session=38797522 seq=210 type=86 samples=1 sequence=0 previous=0 uptime=452472
DBG_GATEWAY_CH9_RX_CONT_RESULT start=452314 end=452521 ret=-116 fail=0 status=0x00000000 len=0 frames=2
DBG_MESH_RX_WORK_WAIT q=0
DBG_MESH_RX_WORK_ENTER q=0
DBG_MESH_RX_DRAIN_ENTER owner=work q=0
DBG_MESH_RX_DRAIN_EXIT owner=work handled=0 q=0
DBG_MESH_RX_WORK_EXIT handled=0 q=0
DBG_GATEWAY_RX_REARM_RUN delay=0 ret=1 active=1
DBG_COORD state=gateway-rx owner=uwb-rx reason=gateway-rx rx=0 tx=0 relay=0 route=0 ack=0 qack=0
DBG_GATEWAY_CH9_RX_CONT_ARM now=452522 rem=500 frames=0 errors=0
DBG_STACK_RUN_BEGIN epoch=5208136984126584869 run=173 kind=ble_backpressure owner=system_workqueue queue=1 custody=1 credit=0 retry=0 drain=1 src=11068027678940948070 dst=11068027678940948070 session=38797523 seq=211 type=86 sequence=0 previous=0 uptime=452912
DBG_STACK_SAMPLE_BEGIN epoch=5208136984126584869 run=173 sample=173 kind=ble_backpressure owner=system_workqueue queue=1 custody=1 credit=0 retry=0 drain=1 src=11068027678940948070 dst=11068027678940948070 session=38797523 seq=211 type=86 uptime=452912
DBG_STACK_ISR_CONFIG size=8192 run=173 sample=173
DBG_STACK name=BT RX WQ tid=0x2000fe18 used=760 free=776 size=1536 ret=0 run=173 sample=173
DBG_STACK name=mesh_route tid=0x2000d560 used=5888 free=2304 size=8192 ret=0 run=173 sample=173
DBG_STACK name=sysworkq tid=0x20010d70 used=2408 free=2072 size=4480 ret=0 run=173 sample=173
DBG_STACK name=MPSL Work tid=0x20010b28 used=440 free=584 size=1024 ret=0 run=173 sample=173
DBG_STACK name=logging tid=0x2000f920 used=480 free=1568 size=2048 ret=0 run=173 sample=173
DBG_STACK name=idle tid=0x20010c00 used=64 free=256 size=320 ret=0 run=173 sample=173
DBG_STACK_SAMPLE_END run=173 sample=173
DBG_STACK_RUN_END epoch=5208136984126584869 run=173 kind=ble_backpressure owner=system_workqueue outcome=ack queue=1 custody=0 credit=1 retry=0 drain=1 src=11068027678940948070 dst=11068027678940948070 session=38797523 seq=211 type=86 samples=1 sequence=0 previous=0 uptime=452922
DBG_GATEWAY_CH9_RX_CONT_RESULT start=452522 end=453023 ret=-116 fail=0 status=0x00000000 len=0 frames=0
DBG_GATEWAY_CH9_RX_CONT_ARM now=453025 rem=500 frames=0 errors=0
DBG_STACK_RUN_BEGIN epoch=5208136984126584869 run=174 kind=ble_backpressure owner=system_workqueue queue=1 custody=1 credit=0 retry=0 drain=1 src=11068027678940948070 dst=11068027678940948070 session=38797524 seq=212 type=86 sequence=0 previous=0 uptime=453362
DBG_STACK_SAMPLE_BEGIN epoch=5208136984126584869 run=174 sample=174 kind=ble_backpressure owner=system_workqueue queue=1 custody=1 credit=0 retry=0 drain=1 src=11068027678940948070 dst=11068027678940948070 session=38797524 seq=212 type=86 uptime=453362
DBG_STACK_ISR_CONFIG size=8192 run=174 sample=174
DBG_STACK name=BT RX WQ tid=0x2000fe18 used=760 free=776 size=1536 ret=0 run=174 sample=174
DBG_STACK name=mesh_route tid=0x2000d560 used=5888 free=2304 size=8192 ret=0 run=174 sample=174
DBG_STACK name=sysworkq tid=0x20010d70 used=2408 free=2072 size=4480 ret=0 run=174 sample=174
DBG_STACK name=MPSL Work tid=0x20010b28 used=440 free=584 size=1024 ret=0 run=174 sample=174
DBG_STACK name=logging tid=0x2000f920 used=480 free=1568 size=2048 ret=0 run=174 sample=174
DBG_STACK name=idle tid=0x20010c00 used=64 free=256 size=320 ret=0 run=174 sample=174
DBG_STACK_SAMPLE_END run=174 sample=174
DBG_STACK_RUN_END epoch=5208136984126584869 run=174 kind=ble_backpressure owner=system_workqueue outcome=ack queue=1 custody=0 credit=1 retry=0 drain=1 src=11068027678940948070 dst=11068027678940948070 session=38797524 seq=212 type=86 samples=1 sequence=0 previous=0 uptime=453381
DBG_GATEWAY_CH9_RX_CONT_RESULT start=453025 end=453526 ret=-116 fail=0 status=0x00000000 len=0 frames=0
DBG_GATEWAY_CH9_RX_CONT_ARM now=453528 rem=500 frames=0 errors=0
DBG_STACK_RUN_BEGIN epoch=5208136984126584869 run=175 kind=ble_backpressure owner=system_workqueue queue=1 custody=1 credit=0 retry=0 drain=1 src=11068027678940948070 dst=11068027678940948070 session=38797525 seq=213 type=86 sequence=0 previous=0 uptime=453857
DBG_STACK_SAMPLE_BEGIN epoch=5208136984126584869 run=175 sample=175 kind=ble_backpressure owner=system_workqueue queue=1 custody=1 credit=0 retry=0 drain=1 src=11068027678940948070 dst=11068027678940948070 session=38797525 seq=213 type=86 uptime=453857
DBG_STACK_ISR_CONFIG size=8192 run=175 sample=175
DBG_STACK name=BT RX WQ tid=0x2000fe18 used=760 free=776 size=1536 ret=0 run=175 sample=175
DBG_STACK name=mesh_route tid=0x2000d560 used=5888 free=2304 size=8192 ret=0 run=175 sample=175
DBG_STACK name=sysworkq tid=0x20010d70 used=2408 free=2072 size=4480 ret=0 run=175 sample=175
DBG_STACK name=MPSL Work tid=0x20010b28 used=440 free=584 size=1024 ret=0 run=175 sample=175
DBG_STACK name=logging tid=0x2000f920 used=480 free=1568 size=2048 ret=0 run=175 sample=175
DBG_STACK name=idle tid=0x20010c00 used=64 free=256 size=320 ret=0 run=175 sample=175
DBG_STACK_SAMPLE_END run=175 sample=175
DBG_STACK_RUN_END epoch=5208136984126584869 run=175 kind=ble_backpressure owner=system_workqueue outcome=ack queue=1 custody=0 credit=1 retry=0 drain=1 src=11068027678940948070 dst=11068027678940948070 session=38797525 seq=213 type=86 samples=1 sequence=0 previous=0 uptime=453869
DBG_GATEWAY_CH9_RX_CONT_RESULT start=453528 end=454029 ret=-116 fail=0 status=0x00000000 len=0 frames=0
DBG_GATEWAY_CH9_RX_CONT_ARM now=454031 rem=500 frames=0 errors=0
DBG_GATEWAY_CH9_RX_CONT_RESULT start=454031 end=454532 ret=-116 fail=0 status=0x00000000 len=0 frames=0
DBG_GATEWAY_CH9_RX_CONT_ARM now=454537 rem=500 frames=0 errors=0
DBG_GATEWAY_CH9_RX_CONT_RESULT start=454537 end=455038 ret=-116 fail=0 status=0x00000000 len=0 frames=0
DBG_GATEWAY_CH9_RX_CONT_ARM now=455040 rem=500 frames=0 errors=0
DBG_GATEWAY_CH9_RX_CONT_RESULT start=455040 end=455364 ret=0 fail=0 status=0x00006f00 len=131 frames=0
DBG_UWB_RX_CH9
DBG_GATEWAY_CH9_RX_RELEASE_IDLE
DBG_GATEWAY_RX_DECODE ch=9 msg=0x41 src=0x191a9619c6c8cb07 dst=0x9999888877776666 prev=0x191a9619c6c8cb07 seq=23 flags=0x14 pl
DBG_UWB_RX_CH9
DBG_MESH_RX_QUEUED ch=9 msg=0x41 src=0x191a9619c6c8cb07 dst=0x9999888877776666 prev=0x191a9619c6c8cb07 seq=23 q=1
DBG_MESH_RX_DIRECT_WAIT q=1 reason=gateway-ch9-continuous-rx
DBG_MESH_RX_DIRECT_ENTER q=1 reason=gateway-ch9-continuous-rx
DBG_MESH_RX_DRAIN_ENTER owner=gateway-ch9-continuous-rx q=1
DBG_GATEWAY_ACK_INPUT type=65 src=0x191a9619c6c8cb07 dst=0x9999888877776666 rxseq=23 ackseq=136 len=70 flags=0x14 meta=0
DBG_GATEWAY_ACK_GUARD ms=10 seq=136
DBG_COORD state=idle owner=gateway-ack-immediate-channel9 reason=idle rx=0 tx=0 relay=0 route=0 ack=0 qack=0
DBG_CH9_TX_CONFIG ret=0 now=455378 earliest=0 msg=32
DBG_CH9_TX_SEND_AT now=455378 earliest=0 msg=32 len=105
DBG_CH9_TX_RELEASE_IDLE msg=32 seq=136 reason=gateway-ack-immediate-channel9 ret=0
DBG_UWB_TX_CH9
DBG_GATEWAY_ACK_TX_LED
DBG_GATEWAY_RX_REARM_DEFER delay=0 ret=1 active=1
DBG_GATEWAY_RX_START reason=gateway mesh restart active=1 qrx=0 qtx=0 adv_due=0
DBG_GATEWAY_ACK_SEND ret=0 seq=136 dst=0x191a9619c6c8cb07 next=0x191a9619c6c8cb07
DBG_GATEWAY_CH9_RX_CONT_RESULT start=455383 end=455396 ret=0 fail=0 status=0x00006f00 len=105 frames=1
DBG_UWB_RX_CH9
DBG_GATEWAY_CH9_RX_RELEASE_IDLE
DBG_GATEWAY_RX_DECODE ch=9 msg=0x33 src=0x191a9619c6c8cb07 dst=0x9999888877776666 prev=0x191a9619c6c8cb07 seq=23 flags=0x04 pl
DBG_UWB_RX_CH9
DBG_MESH_RX_QUEUED ch=9 msg=0x33 src=0x191a9619c6c8cb07 dst=0x9999888877776666 prev=0x191a9619c6c8cb07 seq=23 q=1
DBG_MESH_RX_DIRECT_WAIT q=1 reason=gateway-ch9-continuous-rx
DBG_COORD state=idle owner=gateway-ack-immediate-channel9 reason=idle rx=0 tx=0 relay=0 route=0 ack=0 qack=0
DBG_CH9_TX_CONFIG ret=0 now=455410 earliest=0 msg=32
DBG_CH9_TX_SEND_AT now=455410 earliest=0 msg=32 len=105
DBG_CH9_TX_RELEASE_IDLE msg=32 seq=137 reason=gateway-ack-immediate-channel9 ret=0
DBG_UWB_TX_CH9
DBG_GATEWAY_ACK_TX_LED
DBG_GATEWAY_RX_REARM_DEFER delay=0 ret=1 active=1
DBG_GATEWAY_RX_START reason=gateway mesh restart active=1 qrx=0 qtx=0 adv_due=0
DBG_GATEWAY_ACK_SEND ret=0 seq=137 dst=0x191a9619c6c8cb07 next=0x191a9619c6c8cb07
DBG_GATEWAY_CH9_RX_CONT_RESULT start=455415 end=455541 ret=-116 fail=0 status=0x00000000 len=0 frames=2
DBG_MESH_RX_WORK_WAIT q=0
DBG_MESH_RX_WORK_ENTER q=0
DBG_MESH_RX_DRAIN_ENTER owner=work q=0
DBG_MESH_RX_DRAIN_EXIT owner=work handled=0 q=0
DBG_MESH_RX_WORK_EXIT handled=0 q=0
DBG_GATEWAY_RX_REARM_RUN delay=0 ret=1 active=1
DBG_COORD state=gateway-rx owner=uwb-rx reason=gateway-rx rx=0 tx=0 relay=0 route=0 ack=0 qack=0
DBG_GATEWAY_CH9_RX_CONT_ARM now=455542 rem=500 frames=0 errors=0
DBG_GATEWAY_CH9_RX_CONT_RESULT start=455542 end=456043 ret=-116 fail=0 status=0x00000000 len=0 frames=0
DBG_GATEWAY_CH9_RX_CONT_ARM now=456045 rem=500 frames=0 errors=0
DBG_GATEWAY_CH9_RX_CONT_RESULT start=456045 end=456546 ret=-116 fail=0 status=0x00000000 len=0 frames=0
DBG_GATEWAY_CH9_RX_CONT_ARM now=456548 rem=500 frames=0 errors=0
DBG_GATEWAY_CH9_RX_CONT_RESULT start=456548 end=457049 ret=-116 fail=0 status=0x00000000 len=0 frames=0
DBG_GATEWAY_CH9_RX_CONT_ARM now=457051 rem=500 frames=0 errors=0
DBG_GATEWAY_BLE event=disconnected reason=19 uptime=457185
DBG_GATEWAY_BLE event=recovery round=1 delay_ms=354 reason=disconnected uptime=457185
DBG_GATEWAY_CH9_RX_CONT_RESULT start=457051 end=457552 ret=-116 fail=0 status=0x00000000 len=0 frames=0
DBG_GATEWAY_CH9_RX_CONT_ARM now=457554 rem=500 frames=0 errors=0
DBG_GATEWAY_CH9_RX_CONT_RESULT start=457554 end=458055 ret=-116 fail=0 status=0x00000000 len=0 frames=0
DBG_GATEWAY_CH9_RX_CONT_ARM now=458057 rem=500 frames=0 errors=0
