BLE_CONNECTED gateway_id=0x9999888877776666 command=here-i-am session=300524747 frame=04c101400201010101010101116666777788889999cba4e911cba401330101010410020c06ab04dc620607ae0b0101010304dc620607e803ae1301020310620102c8040604fa010104b5f80305ae050103050201e1b500
BLE_CHUNK len=118 hex=47570128010601005604be00be00580266667777888899996666777788889999000000004e007258014e0302000000000c005800cba4e91100000000cba4e911cba40000be005802000000000000000000000000000000000000000000000000000000000000000000000000000000000000000000ff
BLE_PACKET type=0x56 src=0x9999888877776666 dst=0x9999888877776666 session=39321790 seq=190 payload=014e0302000000000c005800cba4e91100000000cba4e911cba40000be005802000000000000000000000000000000000000000000000000000000000000000000000000000000000000000000ff
GATEWAY_COMMAND_EVENT GatewayCommandEvent(command_kind=3, stage=2, flags=0, attempt=0, command_status=0, reason=0, command_id=12, route_epoch=88, correlation_id=300524747, gateway_sequence=0, host_session_id=300524747, host_sequence=42187, event_sequence=39321790, anchor_id=0, pair_initiator_id=0, pair_responder_id=0, previous_hop_id=0, progress_count=0, total_count=0, success_count=0, failure_count=0, duplicate_count=0, lost_event_count=0, hop_count=0, discovery_slot=255)
BLE_HOST_RECEIPT type=0x56 src=0x9999888877776666 session=39321790 seq=190
BLE_CHUNK len=118 hex=47570128010601005604bf00bf00580266667777888899996666777788889999000000004e003ab9014e0303000000000c005800cba4e91100000000cba4e911cba40000bf005802000000000000000000000000000000000000000000000000000000000000000000000000000000000000000000ff
BLE_PACKET type=0x56 src=0x9999888877776666 dst=0x9999888877776666 session=39321791 seq=191 payload=014e0303000000000c005800cba4e91100000000cba4e911cba40000bf005802000000000000000000000000000000000000000000000000000000000000000000000000000000000000000000ff
GATEWAY_COMMAND_EVENT GatewayCommandEvent(command_kind=3, stage=3, flags=0, attempt=0, command_status=0, reason=0, command_id=12, route_epoch=88, correlation_id=300524747, gateway_sequence=0, host_session_id=300524747, host_sequence=42187, event_sequence=39321791, anchor_id=0, pair_initiator_id=0, pair_responder_id=0, previous_hop_id=0, progress_count=0, total_count=0, success_count=0, failure_count=0, duplicate_count=0, lost_event_count=0, hop_count=0, discovery_slot=255)
BLE_HOST_RECEIPT type=0x56 src=0x9999888877776666 session=39321791 seq=191
BLE_CHUNK len=118 hex=47570128010601005604c100c100580266667777888899996666777788889999000000004e00b28d014e0304000100000c005800cba4e911c0005802cba4e911cba40000c1005802000000000000000000000000000000000000000000000000000000000000000004000000000000000000000000ff
BLE_PACKET type=0x56 src=0x9999888877776666 dst=0x9999888877776666 session=39321793 seq=193 payload=014e0304000100000c005800cba4e911c0005802cba4e911cba40000c1005802000000000000000000000000000000000000000000000000000000000000000004000000000000000000000000ff
GATEWAY_COMMAND_EVENT GatewayCommandEvent(command_kind=3, stage=4, flags=0, attempt=1, command_status=0, reason=0, command_id=12, route_epoch=88, correlation_id=300524747, gateway_sequence=39321792, host_session_id=300524747, host_sequence=42187, event_sequence=39321793, anchor_id=0, pair_initiator_id=0, pair_responder_id=0, previous_hop_id=0, progress_count=4, total_count=0, success_count=0, failure_count=0, duplicate_count=0, lost_event_count=0, hop_count=0, discovery_slot=255)
BLE_HOST_RECEIPT type=0x56 src=0x9999888877776666 session=39321793 seq=193
BLE_CHUNK len=51 hex=47570128010201004104cba4cba4e91166667777888899996666777788889999000000000b00a18510020c00110200001e0100
BLE_PACKET type=0x41 src=0x9999888877776666 dst=0x9999888877776666 session=300524747 seq=42187 payload=10020c00110200001e0100
BLE_HOST_RECEIPT type=0x41 src=0x9999888877776666 session=300524747 seq=42187
BLE_CHUNK len=118 hex=47570128010600005604c200c200580266667777888899996666777788889999000000004e000a51014e030c030100000c005800cba4e911c0005802cba4e911cba40000c2005802000000000000000000000000000000000000000000000000000000000000000004000000000000000000000000ff
BLE_PACKET type=0x56 src=0x9999888877776666 dst=0x9999888877776666 session=39321794 seq=194 payload=014e030c030100000c005800cba4e911c0005802cba4e911cba40000c2005802000000000000000000000000000000000000000000000000000000000000000004000000000000000000000000ff
GATEWAY_COMMAND_EVENT GatewayCommandEvent(command_kind=3, stage=12, flags=3, attempt=1, command_status=0, reason=0, command_id=12, route_epoch=88, correlation_id=300524747, gateway_sequence=39321792, host_session_id=300524747, host_sequence=42187, event_sequence=39321794, anchor_id=0, pair_initiator_id=0, pair_responder_id=0, previous_hop_id=0, progress_count=4, total_count=0, success_count=0, failure_count=0, duplicate_count=0, lost_event_count=0, hop_count=0, discovery_slot=255)
BLE_HOST_RECEIPT type=0x56 src=0x9999888877776666 session=39321794 seq=194
HERE_I_AM_LOCAL_FLOOD_OK attempts=1 retries=0 delivery_claim=local-broadcast-only
BLE_CONNECTED gateway_id=0x9999888877776666 command=assign-slots session=300524748 frame=04c101400201010101010101116666777788889999cca4e911cca4011b010101081002040178020306ab04dc620607ae0b0101010304dc620605e803accf00
BLE_CHUNK len=118 hex=47570128010601005604c300c300580266667777888899996666777788889999000000004e0053fd014e01020000000004015800cca4e91100000000cca4e911cca40000c3005802000000000000000000000000000000000000000000000000000000000000000000000000000000000000000000ff
BLE_PACKET type=0x56 src=0x9999888877776666 dst=0x9999888877776666 session=39321795 seq=195 payload=014e01020000000004015800cca4e91100000000cca4e911cca40000c3005802000000000000000000000000000000000000000000000000000000000000000000000000000000000000000000ff
GATEWAY_COMMAND_EVENT GatewayCommandEvent(command_kind=1, stage=2, flags=0, attempt=0, command_status=0, reason=0, command_id=260, route_epoch=88, correlation_id=300524748, gateway_sequence=0, host_session_id=300524748, host_sequence=42188, event_sequence=39321795, anchor_id=0, pair_initiator_id=0, pair_responder_id=0, previous_hop_id=0, progress_count=0, total_count=0, success_count=0, failure_count=0, duplicate_count=0, lost_event_count=0, hop_count=0, discovery_slot=255)
BLE_HOST_RECEIPT type=0x56 src=0x9999888877776666 session=39321795 seq=195
BLE_CHUNK len=118 hex=47570128010601005604c400c400580266667777888899996666777788889999000000004e002f71014e01030000000004015800cca4e91100000000cca4e911cca40000c4005802000000000000000000000000000000000000000000000000000000000000000000000000000000000000000000ff
BLE_PACKET type=0x56 src=0x9999888877776666 dst=0x9999888877776666 session=39321796 seq=196 payload=014e01030000000004015800cca4e91100000000cca4e911cca40000c4005802000000000000000000000000000000000000000000000000000000000000000000000000000000000000000000ff
GATEWAY_COMMAND_EVENT GatewayCommandEvent(command_kind=1, stage=3, flags=0, attempt=0, command_status=0, reason=0, command_id=260, route_epoch=88, correlation_id=300524748, gateway_sequence=0, host_session_id=300524748, host_sequence=42188, event_sequence=39321796, anchor_id=0, pair_initiator_id=0, pair_responder_id=0, previous_hop_id=0, progress_count=0, total_count=0, success_count=0, failure_count=0, duplicate_count=0, lost_event_count=0, hop_count=0, discovery_slot=255)
BLE_HOST_RECEIPT type=0x56 src=0x9999888877776666 session=39321796 seq=196
BLE_CHUNK len=118 hex=47570128010601005604c600c600580266667777888899996666777788889999000000004e00f81f014e01030000000004015800cca4e911c5005802cca4e911cca40000c6005802000000000000000000000000000000000000000000000000000000000000000000000000000000000000000000ff
BLE_PACKET type=0x56 src=0x9999888877776666 dst=0x9999888877776666 session=39321798 seq=198 payload=014e01030000000004015800cca4e911c5005802cca4e911cca40000c6005802000000000000000000000000000000000000000000000000000000000000000000000000000000000000000000ff
GATEWAY_COMMAND_EVENT GatewayCommandEvent(command_kind=1, stage=3, flags=0, attempt=0, command_status=0, reason=0, command_id=260, route_epoch=88, correlation_id=300524748, gateway_sequence=39321797, host_session_id=300524748, host_sequence=42188, event_sequence=39321798, anchor_id=0, pair_initiator_id=0, pair_responder_id=0, previous_hop_id=0, progress_count=0, total_count=0, success_count=0, failure_count=0, duplicate_count=0, lost_event_count=0, hop_count=0, discovery_slot=255)
BLE_HOST_RECEIPT type=0x56 src=0x9999888877776666 session=39321798 seq=198
BLE_CHUNK len=118 hex=47570128010601005604c800c800580266667777888899996666777788889999000000004e00a49c014e01040001000004015800cca4e911c5005802cca4e911cca40000c8005802000000000000000000000000000000000000000000000000000000000000000000000000000000000000000000ff
BLE_PACKET type=0x56 src=0x9999888877776666 dst=0x9999888877776666 session=39321800 seq=200 payload=014e01040001000004015800cca4e911c5005802cca4e911cca40000c8005802000000000000000000000000000000000000000000000000000000000000000000000000000000000000000000ff
GATEWAY_COMMAND_EVENT GatewayCommandEvent(command_kind=1, stage=4, flags=0, attempt=1, command_status=0, reason=0, command_id=260, route_epoch=88, correlation_id=300524748, gateway_sequence=39321797, host_session_id=300524748, host_sequence=42188, event_sequence=39321800, anchor_id=0, pair_initiator_id=0, pair_responder_id=0, previous_hop_id=0, progress_count=0, total_count=0, success_count=0, failure_count=0, duplicate_count=0, lost_event_count=0, hop_count=0, discovery_slot=255)
BLE_HOST_RECEIPT type=0x56 src=0x9999888877776666 session=39321800 seq=200
BLE_CHUNK len=118 hex=47570128010601005604c900c900580266667777888899996666777788889999000000004e00d4d2014e01060000000004015800cca4e911c5005802cca4e911cca40000c900580207cbc8c619961a190000000000000000000000000000000007cbc8c619961a1901000000000000000000000001ff
BLE_PACKET type=0x56 src=0x9999888877776666 dst=0x9999888877776666 session=39321801 seq=201 payload=014e01060000000004015800cca4e911c5005802cca4e911cca40000c900580207cbc8c619961a190000000000000000000000000000000007cbc8c619961a1901000000000000000000000001ff
GATEWAY_COMMAND_EVENT GatewayCommandEvent(command_kind=1, stage=6, flags=0, attempt=0, command_status=0, reason=0, command_id=260, route_epoch=88, correlation_id=300524748, gateway_sequence=39321797, host_session_id=300524748, host_sequence=42188, event_sequence=39321801, anchor_id=1808923237796072199, pair_initiator_id=0, pair_responder_id=0, previous_hop_id=1808923237796072199, progress_count=1, total_count=0, success_count=0, failure_count=0, duplicate_count=0, lost_event_count=0, hop_count=1, discovery_slot=255)
BLE_HOST_RECEIPT type=0x56 src=0x9999888877776666 session=39321801 seq=201
BLE_CHUNK len=118 hex=47570128010601005604ca00ca00580266667777888899996666777788889999000000004e009f05014e01060000000004015800cca4e911c5005802cca4e911cca40000ca00580241d1f64afe25da560000000000000000000000000000000041d1f64afe25da5602000000000000000000000001ff
BLE_PACKET type=0x56 src=0x9999888877776666 dst=0x9999888877776666 session=39321802 seq=202 payload=014e01060000000004015800cca4e911c5005802cca4e911cca40000ca00580241d1f64afe25da560000000000000000000000000000000041d1f64afe25da5602000000000000000000000001ff
GATEWAY_COMMAND_EVENT GatewayCommandEvent(command_kind=1, stage=6, flags=0, attempt=0, command_status=0, reason=0, command_id=260, route_epoch=88, correlation_id=300524748, gateway_sequence=39321797, host_session_id=300524748, host_sequence=42188, event_sequence=39321802, anchor_id=6258356406294335809, pair_initiator_id=0, pair_responder_id=0, previous_hop_id=6258356406294335809, progress_count=2, total_count=0, success_count=0, failure_count=0, duplicate_count=0, lost_event_count=0, hop_count=1, discovery_slot=255)
BLE_HOST_RECEIPT type=0x56 src=0x9999888877776666 session=39321802 seq=202
BLE_CHUNK len=118 hex=47570128010601005604cb00cb00580266667777888899996666777788889999000000004e00cf48014e01060000000004015800cca4e911c5005802cca4e911cca40000cb0058020e3070b9aac08b70000000000000000000000000000000000e3070b9aac08b7003000000000000000000000001ff
BLE_PACKET type=0x56 src=0x9999888877776666 dst=0x9999888877776666 session=39321803 seq=203 payload=014e01060000000004015800cca4e911c5005802cca4e911cca40000cb0058020e3070b9aac08b70000000000000000000000000000000000e3070b9aac08b7003000000000000000000000001ff
GATEWAY_COMMAND_EVENT GatewayCommandEvent(command_kind=1, stage=6, flags=0, attempt=0, command_status=0, reason=0, command_id=260, route_epoch=88, correlation_id=300524748, gateway_sequence=39321797, host_session_id=300524748, host_sequence=42188, event_sequence=39321803, anchor_id=8109787393498820622, pair_initiator_id=0, pair_responder_id=0, previous_hop_id=8109787393498820622, progress_count=3, total_count=0, success_count=0, failure_count=0, duplicate_count=0, lost_event_count=0, hop_count=1, discovery_slot=255)
BLE_HOST_RECEIPT type=0x56 src=0x9999888877776666 session=39321803 seq=203
BLE_CHUNK len=118 hex=47570128010601005604ce00ce00580266667777888899996666777788889999000000004e0060a3014e01080000000004015800cca4e911c5005802cca4e911cca40000ce0058020e3070b9aac08b700000000000000000000000000000000000000000000000000100030000000000000000000100
BLE_PACKET type=0x56 src=0x9999888877776666 dst=0x9999888877776666 session=39321806 seq=206 payload=014e01080000000004015800cca4e911c5005802cca4e911cca40000ce0058020e3070b9aac08b700000000000000000000000000000000000000000000000000100030000000000000000000100
GATEWAY_COMMAND_EVENT GatewayCommandEvent(command_kind=1, stage=8, flags=0, attempt=0, command_status=0, reason=0, command_id=260, route_epoch=88, correlation_id=300524748, gateway_sequence=39321797, host_session_id=300524748, host_sequence=42188, event_sequence=39321806, anchor_id=8109787393498820622, pair_initiator_id=0, pair_responder_id=0, previous_hop_id=0, progress_count=1, total_count=3, success_count=0, failure_count=0, duplicate_count=0, lost_event_count=0, hop_count=1, discovery_slot=0)
BLE_HOST_RECEIPT type=0x56 src=0x9999888877776666 session=39321806 seq=206
BLE_CHUNK len=118 hex=47570128010601005604cf00cf00580266667777888899996666777788889999000000004e000593014e01080000000004015800cca4e911c5005802cca4e911cca40000cf00580241d1f64afe25da560000000000000000000000000000000000000000000000000200030000000000000000000101
BLE_PACKET type=0x56 src=0x9999888877776666 dst=0x9999888877776666 session=39321807 seq=207 payload=014e01080000000004015800cca4e911c5005802cca4e911cca40000cf00580241d1f64afe25da560000000000000000000000000000000000000000000000000200030000000000000000000101
GATEWAY_COMMAND_EVENT GatewayCommandEvent(command_kind=1, stage=8, flags=0, attempt=0, command_status=0, reason=0, command_id=260, route_epoch=88, correlation_id=300524748, gateway_sequence=39321797, host_session_id=300524748, host_sequence=42188, event_sequence=39321807, anchor_id=6258356406294335809, pair_initiator_id=0, pair_responder_id=0, previous_hop_id=0, progress_count=2, total_count=3, success_count=0, failure_count=0, duplicate_count=0, lost_event_count=0, hop_count=1, discovery_slot=1)
BLE_HOST_RECEIPT type=0x56 src=0x9999888877776666 session=39321807 seq=207
BLE_CHUNK len=118 hex=47570128010601005604d000d000580266667777888899996666777788889999000000004e0030c0014e01080000000004015800cca4e911c5005802cca4e911cca40000d000580207cbc8c619961a190000000000000000000000000000000000000000000000000300030000000000000000000102
BLE_PACKET type=0x56 src=0x9999888877776666 dst=0x9999888877776666 session=39321808 seq=208 payload=014e01080000000004015800cca4e911c5005802cca4e911cca40000d000580207cbc8c619961a190000000000000000000000000000000000000000000000000300030000000000000000000102
GATEWAY_COMMAND_EVENT GatewayCommandEvent(command_kind=1, stage=8, flags=0, attempt=0, command_status=0, reason=0, command_id=260, route_epoch=88, correlation_id=300524748, gateway_sequence=39321797, host_session_id=300524748, host_sequence=42188, event_sequence=39321808, anchor_id=1808923237796072199, pair_initiator_id=0, pair_responder_id=0, previous_hop_id=0, progress_count=3, total_count=3, success_count=0, failure_count=0, duplicate_count=0, lost_event_count=0, hop_count=1, discovery_slot=2)
BLE_HOST_RECEIPT type=0x56 src=0x9999888877776666 session=39321808 seq=208
BLE_CHUNK len=118 hex=47570128010601005604d300d300580266667777888899996666777788889999000000004e00abd0014e01060000000004015800cca4e911c5005802cca4e911cca40000d30058020e3070b9aac08b700000000000000000000000000000000000000000000000000100030001000000000000000100
BLE_PACKET type=0x56 src=0x9999888877776666 dst=0x9999888877776666 session=39321811 seq=211 payload=014e01060000000004015800cca4e911c5005802cca4e911cca40000d30058020e3070b9aac08b700000000000000000000000000000000000000000000000000100030001000000000000000100
GATEWAY_COMMAND_EVENT GatewayCommandEvent(command_kind=1, stage=6, flags=0, attempt=0, command_status=0, reason=0, command_id=260, route_epoch=88, correlation_id=300524748, gateway_sequence=39321797, host_session_id=300524748, host_sequence=42188, event_sequence=39321811, anchor_id=8109787393498820622, pair_initiator_id=0, pair_responder_id=0, previous_hop_id=0, progress_count=1, total_count=3, success_count=1, failure_count=0, duplicate_count=0, lost_event_count=0, hop_count=1, discovery_slot=0)
BLE_HOST_RECEIPT type=0x56 src=0x9999888877776666 session=39321811 seq=211
BLE_CHUNK len=51 hex=47570128010201004104cca4cca4e91166667777888899996666777788889999000000000b00eedb10020401110200001e0103
BLE_PACKET type=0x41 src=0x9999888877776666 dst=0x9999888877776666 session=300524748 seq=42188 payload=10020401110200001e0103
BLE_HOST_RECEIPT type=0x41 src=0x9999888877776666 session=300524748 seq=42188
BLE_CHUNK len=118 hex=47570128010601005604d400d400580266667777888899996666777788889999000000004e00fa8d014e01060000000004015800cca4e911c5005802cca4e911cca40000d400580241d1f64afe25da560000000000000000000000000000000000000000000000000200030001000000000000000101
BLE_PACKET type=0x56 src=0x9999888877776666 dst=0x9999888877776666 session=39321812 seq=212 payload=014e01060000000004015800cca4e911c5005802cca4e911cca40000d400580241d1f64afe25da560000000000000000000000000000000000000000000000000200030001000000000000000101
GATEWAY_COMMAND_EVENT GatewayCommandEvent(command_kind=1, stage=6, flags=0, attempt=0, command_status=0, reason=0, command_id=260, route_epoch=88, correlation_id=300524748, gateway_sequence=39321797, host_session_id=300524748, host_sequence=42188, event_sequence=39321812, anchor_id=6258356406294335809, pair_initiator_id=0, pair_responder_id=0, previous_hop_id=0, progress_count=2, total_count=3, success_count=1, failure_count=0, duplicate_count=0, lost_event_count=0, hop_count=1, discovery_slot=1)
BLE_HOST_RECEIPT type=0x56 src=0x9999888877776666 session=39321812 seq=212
BLE_CHUNK len=118 hex=47570128010601005604d500d500580266667777888899996666777788889999000000004e000a17014e01060000000004015800cca4e911c5005802cca4e911cca40000d500580207cbc8c619961a190000000000000000000000000000000000000000000000000300030001000000000000000102
BLE_PACKET type=0x56 src=0x9999888877776666 dst=0x9999888877776666 session=39321813 seq=213 payload=014e01060000000004015800cca4e911c5005802cca4e911cca40000d500580207cbc8c619961a190000000000000000000000000000000000000000000000000300030001000000000000000102
GATEWAY_COMMAND_EVENT GatewayCommandEvent(command_kind=1, stage=6, flags=0, attempt=0, command_status=0, reason=0, command_id=260, route_epoch=88, correlation_id=300524748, gateway_sequence=39321797, host_session_id=300524748, host_sequence=42188, event_sequence=39321813, anchor_id=1808923237796072199, pair_initiator_id=0, pair_responder_id=0, previous_hop_id=0, progress_count=3, total_count=3, success_count=1, failure_count=0, duplicate_count=0, lost_event_count=0, hop_count=1, discovery_slot=2)
BLE_HOST_RECEIPT type=0x56 src=0x9999888877776666 session=39321813 seq=213
BLE_CHUNK len=118 hex=47570128010601005604d600d600580266667777888899996666777788889999000000004e00d1ed014e01070000000004015800cca4e911c5005802cca4e911cca40000d6005802000000000000000000000000000000000000000000000000000000000000000003000300030000000000000000ff
BLE_PACKET type=0x56 src=0x9999888877776666 dst=0x9999888877776666 session=39321814 seq=214 payload=014e01070000000004015800cca4e911c5005802cca4e911cca40000d6005802000000000000000000000000000000000000000000000000000000000000000003000300030000000000000000ff
GATEWAY_COMMAND_EVENT GatewayCommandEvent(command_kind=1, stage=7, flags=0, attempt=0, command_status=0, reason=0, command_id=260, route_epoch=88, correlation_id=300524748, gateway_sequence=39321797, host_session_id=300524748, host_sequence=42188, event_sequence=39321814, anchor_id=0, pair_initiator_id=0, pair_responder_id=0, previous_hop_id=0, progress_count=3, total_count=3, success_count=3, failure_count=0, duplicate_count=0, lost_event_count=0, hop_count=0, discovery_slot=255)
BLE_HOST_RECEIPT type=0x56 src=0x9999888877776666 session=39321814 seq=214
BLE_CHUNK len=118 hex=47570128010601005604d700d700580266667777888899996666777788889999000000004e00a7da014e01080001000004015800cca4e911c5005802cca4e911cca40000d7005802000000000000000000000000000000000000000000000000000000000000000003000300000000000000000000ff
BLE_PACKET type=0x56 src=0x9999888877776666 dst=0x9999888877776666 session=39321815 seq=215 payload=014e01080001000004015800cca4e911c5005802cca4e911cca40000d7005802000000000000000000000000000000000000000000000000000000000000000003000300000000000000000000ff
GATEWAY_COMMAND_EVENT GatewayCommandEvent(command_kind=1, stage=8, flags=0, attempt=1, command_status=0, reason=0, command_id=260, route_epoch=88, correlation_id=300524748, gateway_sequence=39321797, host_session_id=300524748, host_sequence=42188, event_sequence=39321815, anchor_id=0, pair_initiator_id=0, pair_responder_id=0, previous_hop_id=0, progress_count=3, total_count=3, success_count=0, failure_count=0, duplicate_count=0, lost_event_count=0, hop_count=0, discovery_slot=255)
BLE_CHUNK len=118 hex=47570128010600005604d800d800580266667777888899996666777788889999000000004e002d0e014e010c0100000004015800cca4e911c5005802cca4e911cca40000d8005802000000000000000000000000000000000000000000000000000000000000000003000300030000000000000000ff
BLE_PACKET type=0x56 src=0x9999888877776666 dst=0x9999888877776666 session=39321816 seq=216 payload=014e010c0100000004015800cca4e911c5005802cca4e911cca40000d8005802000000000000000000000000000000000000000000000000000000000000000003000300030000000000000000ff
GATEWAY_COMMAND_EVENT GatewayCommandEvent(command_kind=1, stage=12, flags=1, attempt=0, command_status=0, reason=0, command_id=260, route_epoch=88, correlation_id=300524748, gateway_sequence=39321797, host_session_id=300524748, host_sequence=42188, event_sequence=39321816, anchor_id=0, pair_initiator_id=0, pair_responder_id=0, previous_hop_id=0, progress_count=3, total_count=3, success_count=3, failure_count=0, duplicate_count=0, lost_event_count=0, hop_count=0, discovery_slot=255)
BLE_HOST_RECEIPT type=0x56 src=0x9999888877776666 session=39321815 seq=215
BLE_HOST_RECEIPT type=0x56 src=0x9999888877776666 session=39321816 seq=216
HERE_I_AM_REACHABILITY_QUALIFICATION_OK anchors=3 direct=3 multihop=0 retries=0
BLE_COMPLETE packets=22
