[34m0000552[0m [36mI[0m Target type is nrf52833 [2m[board][0m
[34m0000576[0m [36mI[0m Performing connect pre-reset [2m[coresight_target][0m
[34m0000781[0m [36mI[0m DP IDR = 0x2ba01477 (v1 rev2) [2m[dap][0m
[34m0000788[0m [36mI[0m AHB-AP#0 IDR = 0x24770011 (AHB-AP var1 rev2) [2m[discovery][0m
[34m0000789[0m [36mI[0m AP#1 IDR = 0x02880000 (AP var0 rev0) [2m[discovery][0m
[34m0000790[0m [36mI[0m NRF52833 not in secure state [2m[target_nRF52][0m
[34m0000794[0m [36mI[0m AHB-AP#0 Class 0x1 ROM table #0 @ 0xe00ff000 (designer=244 part=00d) [2m[rom_table][0m
[34m0000796[0m [36mI[0m [0]<e000e000:SCS v7-M class=14 designer=43b:Arm part=00c> [2m[rom_table][0m
[34m0000798[0m [36mI[0m [1]<e0001000:DWT v7-M class=14 designer=43b:Arm part=002> [2m[rom_table][0m
[34m0000799[0m [36mI[0m [2]<e0002000:FPB v7-M class=14 designer=43b:Arm part=003> [2m[rom_table][0m
[34m0000801[0m [36mI[0m [3]<e0000000:ITM v7-M class=14 designer=43b:Arm part=001> [2m[rom_table][0m
[34m0000803[0m [36mI[0m [4]<e0040000:TPIU M4 class=9 designer=43b:Arm part=9a1 devtype=11 archid=0000 devid=ca1:0:0> [2m[rom_table][0m
[34m0000806[0m [36mI[0m [5]<e0041000:ETM M4 class=9 designer=43b:Arm part=925 devtype=13 archid=0000 devid=0:0:0> [2m[rom_table][0m
[34m0000809[0m [36mI[0m CPU core #0: Cortex-M4 r0p1, v7.0-M architecture [2m[cortex_m][0m
[34m0000810[0m [36mI[0m   Extensions: [DSP, FPU, FPU_V4, MPU] [2m[cortex_m][0m
[34m0000810[0m [36mI[0m   FPU present: FPv4-SP-D16-M [2m[cortex_m][0m
[34m0000813[0m [36mI[0m This appears to be an nRF52833 AA B0 [2m[target_nRF52][0m
[34m0000819[0m [36mI[0m 4 hardware watchpoints [2m[dwt][0m
[34m0000820[0m [36mI[0m 6 hardware breakpoints, 4 literal comparators [2m[fpb][0m
[34m0000837[0m [36mI[0m 3 up channels and 3 down channels found [2m[rtt_cmd][0m
[34m0000837[0m [36mI[0m Reading from up channel 0 ("Terminal") [2m[rtt_cmd][0m
[34m0000839[0m [36mI[0m Writing to down channel 0 ("Terminal") [2m[rtt_cmd][0m
DBG_GATEWAY_CH9_RX_CONT_RESULT start=409190 end=409691 ret=-116 fail=0 status=0x00000000 len=0 frames=0
DBG_GATEWAY_CH9_RX_CONT_ARM now=409693 rem=500 frames=0 errors=0
DBG_GATEWAY_CH9_RX_CONT_RESULT start=409693 end=410194 ret=-116 fail=0 status=0x00000000 len=0 frames=0
DBG_GATEWAY_CH9_RX_CONT_ARM now=410196 rem=500 frames=0 errors=0
DBG_GATEWAY_CH9_RX_CONT_RESULT start=410196 end=410697 ret=-116 fail=0 status=0x00000000 len=0 frames=0
DBG_GATEWAY_CH9_RX_CONT_ARM now=410699 rem=500 frames=0 errors=0
DBG_GATEWAY_CH9_RX_CONT_RESULT start=410699 end=411200 ret=-116 fail=0 status=0x00000000 len=0 frames=0
DBG_GATEWAY_CH9_RX_CONT_ARM now=411202 rem=500 frames=0 errors=0
DBG_GATEWAY_CH9_RX_CONT_RESULT start=411202 end=411703 ret=-116 fail=0 status=0x00000000 len=0 frames=0
DBG_GATEWAY_CH9_RX_CONT_ARM now=411705 rem=500 frames=0 errors=0
DBG_GATEWAY_CH9_RX_CONT_RESULT start=411705 end=412206 ret=-116 fail=0 status=0x00000000 len=0 frames=0
DBG_GATEWAY_CH9_RX_CONT_ARM now=412208 rem=500 frames=0 errors=0
DBG_GATEWAY_CH9_RX_CONT_RESULT start=412208 end=412709 ret=-116 fail=0 status=0x00000000 len=0 frames=0
DBG_GATEWAY_CH9_RX_CONT_ARM now=412711 rem=500 frames=0 errors=0
DBG_GATEWAY_CH9_RX_CONT_RESULT start=412711 end=413212 ret=-116 fail=0 status=0x00000000 len=0 frames=0
DBG_GATEWAY_CH9_RX_CONT_ARM now=413214 rem=500 frames=0 errors=0
DBG_GATEWAY_CH9_RX_CONT_RESULT start=413214 end=413715 ret=-116 fail=0 status=0x00000000 len=0 frames=0
DBG_GATEWAY_CH9_RX_CONT_ARM now=413717 rem=500 frames=0 errors=0
DBG_GATEWAY_CH9_RX_CONT_RESULT start=413717 end=414218 ret=-116 fail=0 status=0x00000000 len=0 frames=0
DBG_GATEWAY_CH9_RX_CONT_ARM now=414220 rem=500 frames=0 errors=0
DBG_GATEWAY_CH9_RX_CONT_RESULT start=414220 end=414721 ret=-116 fail=0 status=0x00000000 len=0 frames=0
DBG_GATEWAY_CH9_RX_CONT_ARM now=414723 rem=500 frames=0 errors=0
DBG_GATEWAY_CH9_RX_CONT_RESULT start=414723 end=415224 ret=-116 fail=0 status=0x00000000 len=0 frames=0
DBG_GATEWAY_CH9_RX_CONT_ARM now=415226 rem=500 frames=0 errors=0
DBG_GATEWAY_CH9_RX_CONT_RESULT start=415226 end=415727 ret=-116 fail=0 status=0x00000000 len=0 frames=0
DBG_GATEWAY_CH9_RX_CONT_ARM now=415729 rem=500 frames=0 errors=0
DBG_GATEWAY_CH9_RX_CONT_RESULT start=415729 end=416230 ret=-116 fail=0 status=0x00000000 len=0 frames=0
DBG_GATEWAY_CH9_RX_CONT_ARM now=416232 rem=500 frames=0 errors=0
DBG_GATEWAY_CH9_RX_CONT_RESULT start=416232 end=416733 ret=-116 fail=0 status=0x00000000 len=0 frames=0
DBG_GATEWAY_CH9_RX_CONT_ARM now=416735 rem=500 frames=0 errors=0
DBG_GATEWAY_CH9_RX_CONT_RESULT start=416735 end=417236 ret=-116 fail=0 status=0x00000000 len=0 frames=0
DBG_GATEWAY_CH9_RX_CONT_ARM now=417238 rem=500 frames=0 errors=0
DBG_GATEWAY_CH9_RX_CONT_RESULT start=417238 end=417739 ret=-116 fail=0 status=0x00000000 len=0 frames=0
DBG_GATEWAY_CH9_RX_CONT_ARM now=417741 rem=500 frames=0 errors=0
DBG_GATEWAY_CH9_RX_CONT_RESULT start=417741 end=418242 ret=-116 fail=0 status=0x00000000 len=0 frames=0
DBG_GATEWAY_CH9_RX_CONT_ARM now=418244 rem=500 frames=0 errors=0
DBG_GATEWAY_CH9_RX_CONT_RESULT start=418244 end=418745 ret=-116 fail=0 status=0x00000000 len=0 frames=0
DBG_GATEWAY_CH9_RX_CONT_ARM now=418747 rem=500 frames=0 errors=0
DBG_GATEWAY_CH9_RX_CONT_RESULT start=418747 end=419248 ret=-116 fail=0 status=0x00000000 len=0 frames=0
DBG_GATEWAY_CH9_RX_CONT_ARM now=419250 rem=500 frames=0 errors=0
DBG_GATEWAY_CH9_RX_CONT_RESULT start=419250 end=419751 ret=-116 fail=0 status=0x00000000 len=0 frames=0
DBG_GATEWAY_CH9_RX_CONT_ARM now=419753 rem=500 frames=0 errors=0
DBG_GATEWAY_CH9_RX_CONT_RESULT start=419753 end=420254 ret=-116 fail=0 status=0x00000000 len=0 frames=0
DBG_GATEWAY_CH9_RX_CONT_ARM now=420256 rem=500 frames=0 errors=0
DBG_GATEWAY_CH9_RX_CONT_RESULT start=420256 end=420757 ret=-116 fail=0 status=0x00000000 len=0 frames=0
DBG_GATEWAY_CH9_RX_CONT_ARM now=420759 rem=500 frames=0 errors=0
DBG_GATEWAY_CH9_RX_CONT_RESULT start=420759 end=421260 ret=-116 fail=0 status=0x00000000 len=0 frames=0
DBG_GATEWAY_CH9_RX_CONT_ARM now=421262 rem=500 frames=0 errors=0
DBG_GATEWAY_CH9_RX_CONT_RESULT start=421262 end=421763 ret=-116 fail=0 status=0x00000000 len=0 frames=0
DBG_GATEWAY_CH9_RX_CONT_ARM now=421765 rem=500 frames=0 errors=0
DBG_GATEWAY_CH9_RX_CONT_RESULT start=421765 end=422266 ret=-116 fail=0 status=0x00000000 len=0 frames=0
DBG_GATEWAY_CH9_RX_CONT_ARM now=422268 rem=500 frames=0 errors=0
DBG_GATEWAY_CH9_RX_CONT_RESULT start=422268 end=422769 ret=-116 fail=0 status=0x00000000 len=0 frames=0
DBG_GATEWAY_CH9_RX_CONT_ARM now=422771 rem=500 frames=0 errors=0
DBG_GATEWAY_CH9_RX_CONT_RESULT start=422771 end=423272 ret=-116 fail=0 status=0x00000000 len=0 frames=0
DBG_GATEWAY_CH9_RX_CONT_ARM now=423274 rem=500 frames=0 errors=0
DBG_GATEWAY_CH9_RX_CONT_RESULT start=423274 end=423775 ret=-116 fail=0 status=0x00000000 len=0 frames=0
DBG_GATEWAY_CH9_RX_CONT_ARM now=423777 rem=500 frames=0 errors=0
DBG_GATEWAY_CH9_RX_CONT_RESULT start=423777 end=424278 ret=-116 fail=0 status=0x00000000 len=0 frames=0
DBG_GATEWAY_CH9_RX_CONT_ARM now=424280 rem=500 frames=0 errors=0
DBG_GATEWAY_CH9_RX_CONT_RESULT start=424280 end=424781 ret=-116 fail=0 status=0x00000000 len=0 frames=0
DBG_GATEWAY_CH9_RX_CONT_ARM now=424783 rem=500 frames=0 errors=0
DBG_GATEWAY_CH9_RX_CONT_RESULT start=424783 end=425284 ret=-116 fail=0 status=0x00000000 len=0 frames=0
DBG_GATEWAY_CH9_RX_CONT_ARM now=425286 rem=500 frames=0 errors=0
DBG_GATEWAY_CH9_RX_CONT_RESULT start=425286 end=425787 ret=-116 fail=0 status=0x00000000 len=0 frames=0
DBG_GATEWAY_CH9_RX_CONT_ARM now=425789 rem=500 frames=0 errors=0
DBG_GATEWAY_CH9_RX_CONT_RESULT start=425789 end=426290 ret=-116 fail=0 status=0x00000000 len=0 frames=0
DBG_GATEWAY_CH9_RX_CONT_ARM now=426292 rem=500 frames=0 errors=0
DBG_GATEWAY_CH9_RX_CONT_RESULT start=426292 end=426793 ret=-116 fail=0 status=0x00000000 len=0 frames=0
DBG_GATEWAY_CH9_RX_CONT_ARM now=426795 rem=500 frames=0 errors=0
DBG_GATEWAY_CH9_RX_CONT_RESULT start=426795 end=427296 ret=-116 fail=0 status=0x00000000 len=0 frames=0
DBG_GATEWAY_CH9_RX_CONT_ARM now=427298 rem=500 frames=0 errors=0
DBG_GATEWAY_CH9_RX_CONT_RESULT start=427298 end=427799 ret=-116 fail=0 status=0x00000000 len=0 frames=0
DBG_GATEWAY_CH9_RX_CONT_ARM now=427801 rem=500 frames=0 errors=0
DBG_GATEWAY_CH9_RX_CONT_RESULT start=427801 end=428302 ret=-116 fail=0 status=0x00000000 len=0 frames=0
DBG_GATEWAY_CH9_RX_CONT_ARM now=428304 rem=500 frames=0 errors=0
DBG_GATEWAY_CH9_RX_CONT_RESULT start=428304 end=428805 ret=-116 fail=0 status=0x00000000 len=0 frames=0
DBG_GATEWAY_CH9_RX_CONT_ARM now=428807 rem=500 frames=0 errors=0
DBG_GATEWAY_CH9_RX_CONT_RESULT start=428807 end=429308 ret=-116 fail=0 status=0x00000000 len=0 frames=0
DBG_GATEWAY_CH9_RX_CONT_ARM now=429310 rem=500 frames=0 errors=0
DBG_GATEWAY_CH9_RX_CONT_RESULT start=429310 end=429811 ret=-116 fail=0 status=0x00000000 len=0 frames=0
DBG_GATEWAY_CH9_RX_CONT_ARM now=429813 rem=500 frames=0 errors=0
DBG_GATEWAY_CH9_RX_CONT_RESULT start=429813 end=430314 ret=-116 fail=0 status=0x00000000 len=0 frames=0
DBG_GATEWAY_CH9_RX_CONT_ARM now=430316 rem=500 frames=0 errors=0
DBG_GATEWAY_CH9_RX_CONT_RESULT start=430316 end=430817 ret=-116 fail=0 status=0x00000000 len=0 frames=0
DBG_GATEWAY_CH9_RX_CONT_ARM now=430819 rem=500 frames=0 errors=0
DBG_GATEWAY_CH9_RX_CONT_RESULT start=430819 end=431320 ret=-116 fail=0 status=0x00000000 len=0 frames=0
DBG_GATEWAY_CH9_RX_CONT_ARM now=431322 rem=500 frames=0 errors=0
DBG_GATEWAY_CH9_RX_CONT_RESULT start=431322 end=431823 ret=-116 fail=0 status=0x00000000 len=0 frames=0
DBG_GATEWAY_CH9_RX_CONT_ARM now=431825 rem=500 frames=0 errors=0
DBG_GATEWAY_CH9_RX_CONT_RESULT start=431825 end=432326 ret=-116 fail=0 status=0x00000000 len=0 frames=0
DBG_GATEWAY_CH9_RX_CONT_ARM now=432328 rem=500 frames=0 errors=0
DBG_GATEWAY_CH9_RX_CONT_RESULT start=432328 end=432829 ret=-116 fail=0 status=0x00000000 len=0 frames=0
DBG_GATEWAY_CH9_RX_CONT_ARM now=432831 rem=500 frames=0 errors=0
DBG_GATEWAY_CH9_RX_CONT_RESULT start=432831 end=433332 ret=-116 fail=0 status=0x00000000 len=0 frames=0
DBG_GATEWAY_CH9_RX_CONT_ARM now=433334 rem=500 frames=0 errors=0
DBG_GATEWAY_CH9_RX_CONT_RESULT start=433334 end=433835 ret=-116 fail=0 status=0x00000000 len=0 frames=0
DBG_GATEWAY_CH9_RX_CONT_ARM now=433837 rem=500 frames=0 errors=0
DBG_GATEWAY_CH9_RX_CONT_RESULT start=433837 end=434338 ret=-116 fail=0 status=0x00000000 len=0 frames=0
DBG_GATEWAY_CH9_RX_CONT_ARM now=434340 rem=500 frames=0 errors=0
DBG_GATEWAY_CH9_RX_CONT_RESULT start=434340 end=434841 ret=-116 fail=0 status=0x00000000 len=0 frames=0
DBG_GATEWAY_CH9_RX_CONT_ARM now=434843 rem=500 frames=0 errors=0
DBG_GATEWAY_CH9_RX_CONT_RESULT start=434843 end=435344 ret=-116 fail=0 status=0x00000000 len=0 frames=0
DBG_GATEWAY_CH9_RX_CONT_ARM now=435346 rem=500 frames=0 errors=0
DBG_GATEWAY_CH9_RX_CONT_RESULT start=435346 end=435847 ret=-116 fail=0 status=0x00000000 len=0 frames=0
DBG_GATEWAY_CH9_RX_CONT_ARM now=435849 rem=500 frames=0 errors=0
DBG_GATEWAY_CH9_RX_CONT_RESULT start=435849 end=436350 ret=-116 fail=0 status=0x00000000 len=0 frames=0
DBG_GATEWAY_CH9_RX_CONT_ARM now=436352 rem=500 frames=0 errors=0
DBG_GATEWAY_CH9_RX_CONT_RESULT start=436352 end=436853 ret=-116 fail=0 status=0x00000000 len=0 frames=0
DBG_GATEWAY_CH9_RX_CONT_ARM now=436855 rem=500 frames=0 errors=0
DBG_GATEWAY_CH9_RX_CONT_RESULT start=436855 end=437356 ret=-116 fail=0 status=0x00000000 len=0 frames=0
DBG_GATEWAY_CH9_RX_CONT_ARM now=437358 rem=500 frames=0 errors=0
DBG_GATEWAY_CH9_RX_CONT_RESULT start=437358 end=437859 ret=-116 fail=0 status=0x00000000 len=0 frames=0
DBG_GATEWAY_CH9_RX_CONT_ARM now=437861 rem=500 frames=0 errors=0
DBG_GATEWAY_CH9_RX_CONT_RESULT start=437861 end=438362 ret=-116 fail=0 status=0x00000000 len=0 frames=0
DBG_GATEWAY_CH9_RX_CONT_ARM now=438364 rem=500 frames=0 errors=0
DBG_GATEWAY_CH9_RX_CONT_RESULT start=438364 end=438865 ret=-116 fail=0 status=0x00000000 len=0 frames=0
DBG_GATEWAY_CH9_RX_CONT_ARM now=438867 rem=500 frames=0 errors=0
DBG_GATEWAY_CH9_RX_CONT_RESULT start=438867 end=439368 ret=-116 fail=0 status=0x00000000 len=0 frames=0
DBG_GATEWAY_CH9_RX_CONT_ARM now=439370 rem=500 frames=0 errors=0
DBG_GATEWAY_CH9_RX_CONT_RESULT start=439370 end=439871 ret=-116 fail=0 status=0x00000000 len=0 frames=0
DBG_GATEWAY_CH9_RX_CONT_ARM now=439873 rem=500 frames=0 errors=0
DBG_GATEWAY_CH9_RX_CONT_RESULT start=439873 end=440374 ret=-116 fail=0 status=0x00000000 len=0 frames=0
DBG_GATEWAY_CH9_RX_CONT_ARM now=440376 rem=500 frames=0 errors=0
DBG_GATEWAY_CH9_RX_CONT_RESULT start=440376 end=440877 ret=-116 fail=0 status=0x00000000 len=0 frames=0
DBG_GATEWAY_CH9_RX_CONT_ARM now=440879 rem=500 frames=0 errors=0
DBG_GATEWAY_CH9_RX_CONT_RESULT start=440879 end=441380 ret=-116 fail=0 status=0x00000000 len=0 frames=0
DBG_GATEWAY_CH9_RX_CONT_ARM now=441382 rem=500 frames=0 errors=0
DBG_GATEWAY_CH9_RX_CONT_RESULT start=441382 end=441883 ret=-116 fail=0 status=0x00000000 len=0 frames=0
DBG_GATEWAY_CH9_RX_CONT_ARM now=441885 rem=500 frames=0 errors=0
DBG_GATEWAY_CH9_RX_CONT_RESULT start=441885 end=442386 ret=-116 fail=0 status=0x00000000 len=0 frames=0
DBG_GATEWAY_CH9_RX_CONT_ARM now=442388 rem=500 frames=0 errors=0
DBG_GATEWAY_CH9_RX_CONT_RESULT start=442388 end=442889 ret=-116 fail=0 status=0x00000000 len=0 frames=0
DBG_GATEWAY_CH9_RX_CONT_ARM now=442891 rem=500 frames=0 errors=0
DBG_GATEWAY_BLE event=connected err=0 uptime=443050
DBG_GATEWAY_BLE event=param-request ret=0 interval=24-40 latency=0 timeout_ms=12000 uptime=443050
DBG_GATEWAY_CH9_RX_CONT_RESULT start=442891 end=443392 ret=-116 fail=0 status=0x00000000 len=0 frames=0
DBG_GATEWAY_CH9_RX_CONT_ARM now=443394 rem=500 frames=0 errors=0
DBG_GATEWAY_CH9_RX_CONT_RESULT start=443394 end=443895 ret=-116 fail=0 status=0x00000000 len=0 frames=0
DBG_GATEWAY_CH9_RX_CONT_ARM now=443897 rem=500 frames=0 errors=0
DBG_GATEWAY_COMMAND_PRIORITY_SUBMIT ret=0 now=444306
DBG_STACK_RUN_BEGIN epoch=6458762704145168284 run=115 kind=ble_backpressure owner=system_workqueue queue=1 custody=1 credit=0 retry=0 drain=1 src=11068027678940948070 dst=11068027678940948070 session=51904657 seq=145 type=86 sequence=0 previous=0 uptime=444306
DBG_STACK_SAMPLE_BEGIN epoch=6458762704145168284 run=115 sample=115 kind=ble_backpressure owner=system_workqueue queue=1 custody=1 credit=0 retry=0 drain=1 src=11068027678940948070 dst=11068027678940948070 session=51904657 seq=145 type=86 uptime=444307
DBG_STACK_ISR_CONFIG size=8192 run=115 sample=115
DBG_STACK name=BT RX WQ tid=0x2000fe28 used=760 free=776 size=1536 ret=0 run=115 sample=115
DBG_STACK name=mesh_route tid=0x2000d560 used=5904 free=2288 size=8192 ret=0 run=115 sample=115
DBG_STACK name=sysworkq tid=0x20010d80 used=2408 free=2072 size=4480 ret=0 run=115 sample=115
DBG_STACK name=MPSL Work tid=0x20010b38 used=376 free=648 size=1024 ret=0 run=115 sample=115
DBG_STACK name=logging tid=0x2000f930 used=480 free=1568 size=2048 ret=0 run=115 sample=115
DBG_STACK name=idle tid=0x20010c10 used=64 free=256 size=320 ret=0 run=115 sample=115
DBG_STACK_SAMPLE_END run=115 sample=115
DBG_STACK_RUN_END epoch=6458762704145168284 run=115 kind=ble_backpressure owner=system_workqueue outcome=ack queue=2 custody=0 credit=1 retry=0 drain=2 src=11068027678940948070 dst=11068027678940948070 session=51904657 seq=145 type=86 samples=1 sequence=0 previous=0 uptime=444328
DBG_DWM_MARK_UNCONFIGURED tag=initialise_radio prev_phy=0
DBG_WAKE_TRAIN_CONFIG_BEGIN
DBG_DWM_INVALIDATE tag=configure_radio_from_reset active_phy=2 configured=1 awake=0
DBG_DWM_MARK_UNCONFIGURED tag=initialise_radio prev_phy=0
DBG_WAKE_TRAIN_CONFIG_OK
DBG_WAKE_TRAIN_FIRST_SEND_BEGIN
DBG_WAKE_TRAIN_FIRST_SEND_OK
DBG_UWB_TX_CH5
DBG_TX_WAKE_CLAIM_SENT
DBG_UWB_TX_CH5
DBG_TX_WAKE_CLAIM_SENT
DBG_UWB_TX_CH5
DBG_TX_WAKE_CLAIM_SENT
DBG_UWB_TX_CH5
DBG_TX_WAKE_CLAIM_SENT
DBG_UWB_TX_CH5
DBG_TX_WAKE_CLAIM_SENT
DBG_UWB_TX_CH5
DBG_TX_WAKE_CLAIM_SENT
DBG_UWB_TX_CH5
DBG_TX_WAKE_CLAIM_SENT
DBG_UWB_TX_CH5
DBG_TX_WAKE_CLAIM_SENT
DBG_UWB_TX_CH5
DBG_TX_WAKE_CLAIM_SENT
DBG_UWB_TX_CH5
DBG_TX_WAKE_CLAIM_SENT
DBG_UWB_TX_CH5
DBG_TX_WAKE_CLAIM_SENT
DBG_UWB_TX_CH5
DBG_TX_WAKE_CLAIM_SENT
DBG_UWB_TX_CH5
DBG_TX_WAKE_CLAIM_SENT
DBG_UWB_TX_CH5
DBG_TX_WAKE_CLAIM_SENT
DBG_UWB_TX_CH5
DBG_TX_WAKE_CLAIM_SENT
DBG_UWB_TX_CH5
DBG_TX_WAKE_CLAIM_SENT
DBG_UWB_TX_CH5
DBG_TX_WAKE_CLAIM_SENT
DBG_UWB_TX_CH5
DBG_TX_WAKE_CLAIM_SENT
DBG_UWB_TX_CH5
DBG_TX_WAKE_CLAIM_SENT
DBG_UWB_TX_CH5
DBG_TX_WAKE_CLAIM_SENT
DBG_UWB_TX_CH5
DBG_TX_WAKE_CLAIM_SENT
DBG_UWB_TX_CH5
DBG_TX_WAKE_CLAIM_SENT
DBG_UWB_TX_CH5
DBG_TX_WAKE_CLAIM_SENT
DBG_UWB_TX_CH5
DBG_TX_WAKE_CLAIM_SENT
DBG_UWB_TX_CH5
DBG_TX_WAKE_CLAIM_SENT
DBG_UWB_TX_CH5
DBG_TX_WAKE_CLAIM_SENT
DBG_UWB_TX_CH5
DBG_TX_WAKE_CLAIM_SENT
DBG_UWB_TX_CH5
DBG_TX_WAKE_CLAIM_SENT
DBG_UWB_TX_CH5
DBG_TX_WAKE_CLAIM_SENT
DBG_UWB_TX_CH5
DBG_TX_WAKE_CLAIM_SENT
DBG_UWB_TX_CH5
DBG_TX_WAKE_CLAIM_SENT
DBG_UWB_TX_CH5
DBG_TX_WAKE_CLAIM_SENT
DBG_UWB_TX_CH5
DBG_TX_WAKE_CLAIM_SENT
DBG_UWB_TX_CH5
DBG_TX_WAKE_CLAIM_SENT
DBG_UWB_TX_CH5
DBG_TX_WAKE_CLAIM_SENT
DBG_UWB_TX_CH5
DBG_TX_WAKE_CLAIM_SENT
DBG_UWB_TX_CH5
DBG_TX_WAKE_CLAIM_SENT
DBG_UWB_TX_CH5
DBG_TX_WAKE_CLAIM_SENT
DBG_UWB_TX_CH5
DBG_TX_WAKE_CLAIM_SENT
DBG_UWB_TX_CH5
DBG_TX_WAKE_CLAIM_SENT
DBG_UWB_TX_CH5
DBG_TX_WAKE_CLAIM_SENT
DBG_UWB_TX_CH5
DBG_TX_WAKE_CLAIM_SENT
DBG_UWB_TX_CH5
DBG_TX_WAKE_CLAIM_SENT
DBG_UWB_TX_CH5
DBG_TX_WAKE_CLAIM_SENT
DBG_UWB_TX_CH5
DBG_TX_WAKE_CLAIM_SENT
DBG_UWB_TX_CH5
DBG_TX_WAKE_CLAIM_SENT
DBG_UWB_TX_CH5
DBG_TX_WAKE_CLAIM_SENT
DBG_UWB_TX_CH5
DBG_TX_WAKE_CLAIM_SENT
DBG_UWB_TX_CH5
DBG_TX_WAKE_CLAIM_SENT
DBG_UWB_TX_CH5
DBG_TX_WAKE_CLAIM_SENT
DBG_UWB_TX_CH5
DBG_TX_WAKE_CLAIM_SENT
DBG_UWB_TX_CH5
DBG_TX_WAKE_CLAIM_SENT
DBG_UWB_TX_CH5
DBG_TX_WAKE_CLAIM_SENT
DBG_UWB_TX_CH5
DBG_TX_WAKE_CLAIM_SENT
DBG_UWB_TX_CH5
DBG_TX_WAKE_CLAIM_SENT
DBG_UWB_TX_CH5
DBG_TX_WAKE_CLAIM_SENT
DBG_UWB_TX_CH5
DBG_TX_WAKE_CLAIM_SENT
DBG_UWB_TX_CH5
DBG_TX_WAKE_CLAIM_SENT
DBG_STACK_RUN_BEGIN epoch=6458762704145168284 run=116 kind=ble_backpressure owner=system_workqueue queue=1 custody=1 credit=0 retry=0 drain=1 src=11068027678940948070 dst=11068027678940948070 session=51904658 seq=146 type=86 sequence=0 previous=0 uptime=444756
DBG_STACK_SAMPLE_BEGIN epoch=6458762704145168284 run=116 sample=116 kind=ble_backpressure owner=system_workqueue queue=1 custody=1 credit=0 retry=0 drain=1 src=11068027678940948070 dst=11068027678940948070 session=51904658 seq=146 type=86 uptime=444756
DBG_STACK_ISR_CONFIG size=8192 run=116 sample=116
DBG_STACK name=BT RX WQ tid=0x2000fe28 used=760 free=776 size=1536 ret=0 run=116 sample=116
DBG_STACK name=mesh_route tid=0x2000d560 used=5904 free=2288 size=8192 ret=0 run=116 sample=116
DBG_STACK name=sysworkq tid=0x20010d80 used=2408 free=2072 size=4480 ret=0 run=116 sample=116
DBG_STACK name=MPSL Work tid=0x20010b38 used=376 free=648 size=1024 ret=0 run=116 sample=116
DBG_STACK name=logging tid=0x2000f930 used=480 free=1568 size=2048 ret=0 run=116 sample=116
DBG_STACK name=idle tid=0x20010c10 used=64 free=256 size=320 ret=0 run=116 sample=116
DBG_STACK_SAMPLE_END run=116 sample=116
DBG_STACK_RUN_END epoch=6458762704145168284 run=116 kind=ble_backpressure owner=system_workqueue outcome=ack queue=1 custody=0 credit=1 retry=0 drain=1 src=11068027678940948070 dst=11068027678940948070 session=51904658 seq=146 type=86 samples=1 sequence=0 previous=0 uptime=444778
DBG_UWB_TX_CH5
DBG_TX_WAKE_CLAIM_SENT
DBG_DWM_INVALIDATE tag=configure_radio_from_reset active_phy=2 configured=1 awake=1
DBG_DWM_MARK_UNCONFIGURED tag=initialise_radio prev_phy=0
DBG_DWM_INVALIDATE tag=configure_radio_from_reset active_phy=2 configured=1 awake=0
DBG_DWM_MARK_UNCONFIGURED tag=initialise_radio prev_phy=0
DBG_DWM_INVALIDATE tag=configure_radio_from_reset active_phy=2 configured=1 awake=0
DBG_DWM_MARK_UNCONFIGURED tag=initialise_radio prev_phy=0
DBG_DWM_WAKE_MESH_CTRL_OK sfd=4073
DBG_C5_TX_CONFIG ret=0 ext=1 len=178 msg=3c reason=bounded-c5-flood
DBG_UWB_TX_CH5
DBG_DWM_INVALIDATE tag=configure_radio_from_reset active_phy=4 configured=1 awake=0
DBG_DWM_MARK_UNCONFIGURED tag=initialise_radio prev_phy=0
DBG_DWM_WAKE_MESH_CTRL_OK sfd=4073
DBG_GATEWAY_RX_DECODE ch=5 msg=0x3c src=0x9999888877776666 dst=0x0 prev=0x708bc0aab970300e seq=8 flags=0x00 plen=125 q=100
DBG_UWB_RX_CH5
DBG_MESH_RX_QUEUED ch=5 msg=0x3c src=0x9999888877776666 dst=0x0 prev=0x708bc0aab970300e seq=8 q=1
DBG_ROUTE_ADV_QUEUED q=1 prev=0x708bc0aab970300e seq=8
DBG_MESH_RX_DEFERRED q=1 msg=0x3c
DBG_C5_FLOOD_DELAY_RX_YIELD queued=1 q=1 rem=40
DBG_GATEWAY_RX_START reason=gateway mesh restart active=1 qrx=1 qtx=0 adv_due=0
DBG_MESH_RX_WORK_WAIT q=1
DBG_MESH_RX_WORK_ENTER q=1
DBG_MESH_RX_DRAIN_ENTER owner=work q=1
DBG_MESH_RX_DRAIN_EXIT owner=work handled=0 q=0
DBG_MESH_RX_WORK_EXIT handled=0 q=0
DBG_COORD state=gateway-rx owner=uwb-rx reason=gateway-rx rx=0 tx=0 relay=0 route=0 ack=0 qack=0
DBG_GATEWAY_CH9_RX_CONT_CAP now=444942 win=9 adv_wait=9 due=444951
DBG_DWM_INVALIDATE tag=configure_radio_from_reset active_phy=4 configured=1 awake=1
DBG_DWM_MARK_UNCONFIGURED tag=initialise_radio prev_phy=0
DBG_GATEWAY_CH9_RX_CONT_ARM now=444968 rem=9 frames=0 errors=0
DBG_GATEWAY_CH9_RX_CONT_RESULT start=444968 end=444977 ret=-116 fail=0 status=0x02000000 len=0 frames=0
DBG_GATEWAY_CH9_RX_DONE_YIELD_ADV now=444978 due=444951
DBG_ROUTE_REFRESH_RX_HANDOFF_READY abort=0
DBG_COORD state=idle owner=c5-flood reason=idle rx=0 tx=0 relay=0 route=0 ack=0 qack=0
DBG_DWM_INVALIDATE tag=configure_radio_from_reset active_phy=3 configured=1 awake=1
DBG_DWM_MARK_UNCONFIGURED tag=initialise_radio prev_phy=0
DBG_DWM_INVALIDATE tag=configure_radio_from_reset active_phy=2 configured=1 awake=0
DBG_DWM_MARK_UNCONFIGURED tag=initialise_radio prev_phy=0
DBG_DWM_WAKE_MESH_CTRL_OK sfd=4073
DBG_C5_TX_CONFIG ret=0 ext=1 len=178 msg=3c reason=bounded-c5-flood
DBG_UWB_TX_CH5
DBG_DWM_INVALIDATE tag=configure_radio_from_reset active_phy=4 configured=1 awake=0
DBG_DWM_MARK_UNCONFIGURED tag=initialise_radio prev_phy=0
DBG_DWM_WAKE_MESH_CTRL_OK sfd=4073
DBG_DWM_INVALIDATE tag=configure_radio_from_reset active_phy=4 configured=1 awake=0
DBG_DWM_MARK_UNCONFIGURED tag=initialise_radio prev_phy=0
DBG_GATEWAY_RX_START reason=gateway mesh restart active=1 qrx=0 qtx=0 adv_due=0
DBG_COORD state=gateway-rx owner=uwb-rx reason=gateway-rx rx=0 tx=0 relay=0 route=0 ack=0 qack=0
DBG_GATEWAY_CH9_RX_CONT_CAP now=445125 win=10 adv_wait=10 due=445135
DBG_DWM_INVALIDATE tag=configure_radio_from_reset active_phy=2 configured=1 awake=1
DBG_DWM_MARK_UNCONFIGURED tag=initialise_radio prev_phy=0
DBG_GATEWAY_CH9_RX_CONT_ARM now=445151 rem=10 frames=0 errors=0
DBG_GATEWAY_CH9_RX_CONT_RESULT start=445151 end=445162 ret=-116 fail=0 status=0x02000000 len=0 frames=0
DBG_GATEWAY_CH9_RX_DONE_YIELD_ADV now=445163 due=445135
DBG_ROUTE_REFRESH_RX_HANDOFF_READY abort=0
DBG_COORD state=idle owner=c5-flood reason=idle rx=0 tx=0 relay=0 route=0 ack=0 qack=0
DBG_DWM_INVALIDATE tag=configure_radio_from_reset active_phy=3 configured=1 awake=1
DBG_DWM_MARK_UNCONFIGURED tag=initialise_radio prev_phy=0
DBG_DWM_INVALIDATE tag=configure_radio_from_reset active_phy=2 configured=1 awake=0
DBG_DWM_MARK_UNCONFIGURED tag=initialise_radio prev_phy=0
DBG_DWM_WAKE_MESH_CTRL_OK sfd=4073
DBG_C5_TX_CONFIG ret=0 ext=1 len=178 msg=3c reason=bounded-c5-flood
DBG_UWB_TX_CH5
DBG_DWM_INVALIDATE tag=configure_radio_from_reset active_phy=4 configured=1 awake=0
DBG_DWM_MARK_UNCONFIGURED tag=initialise_radio prev_phy=0
DBG_DWM_WAKE_MESH_CTRL_OK sfd=4073
DBG_GATEWAY_RX_DECODE ch=5 msg=0x3c src=0x9999888877776666 dst=0x0 prev=0x708bc0aab970300e seq=8 flags=0x00 plen=125 q=100
DBG_UWB_RX_CH5
DBG_MESH_RX_QUEUED ch=5 msg=0x3c src=0x9999888877776666 dst=0x0 prev=0x708bc0aab970300e seq=8 q=1
DBG_ROUTE_ADV_QUEUED q=1 prev=0x708bc0aab970300e seq=8
DBG_MESH_RX_DEFERRED q=1 msg=0x3c
DBG_C5_FLOOD_DELAY_RX_YIELD queued=1 q=1 rem=40
DBG_GATEWAY_RX_START reason=gateway mesh restart active=1 qrx=1 qtx=0 adv_due=0
DBG_MESH_RX_WORK_WAIT q=1
DBG_MESH_RX_WORK_ENTER q=1
DBG_MESH_RX_DRAIN_ENTER owner=work q=1
DBG_MESH_RX_DRAIN_EXIT owner=work handled=0 q=0
DBG_MESH_RX_WORK_EXIT handled=0 q=0
DBG_COORD state=gateway-rx owner=uwb-rx reason=gateway-rx rx=0 tx=0 relay=0 route=0 ack=0 qack=0
DBG_GATEWAY_CH9_RX_CONT_CAP now=445278 win=9 adv_wait=9 due=445287
DBG_DWM_INVALIDATE tag=configure_radio_from_reset active_phy=4 configured=1 awake=1
DBG_DWM_MARK_UNCONFIGURED tag=initialise_radio prev_phy=0
DBG_GATEWAY_CH9_RX_CONT_ARM now=445304 rem=9 frames=0 errors=0
DBG_GATEWAY_CH9_RX_CONT_RESULT start=445304 end=445314 ret=-116 fail=0 status=0x02000000 len=0 frames=0
DBG_GATEWAY_CH9_RX_DONE_YIELD_ADV now=445315 due=445287
DBG_ROUTE_REFRESH_RX_HANDOFF_READY abort=0
DBG_COORD state=idle owner=c5-flood reason=idle rx=0 tx=0 relay=0 route=0 ack=0 qack=0
DBG_DWM_INVALIDATE tag=configure_radio_from_reset active_phy=3 configured=1 awake=1
DBG_DWM_MARK_UNCONFIGURED tag=initialise_radio prev_phy=0
DBG_DWM_INVALIDATE tag=configure_radio_from_reset active_phy=2 configured=1 awake=0
DBG_DWM_MARK_UNCONFIGURED tag=initialise_radio prev_phy=0
DBG_DWM_WAKE_MESH_CTRL_OK sfd=4073
DBG_C5_TX_CONFIG ret=0 ext=1 len=178 msg=3c reason=bounded-c5-flood
DBG_UWB_TX_CH5
DBG_GATEWAY_RX_START reason=gateway mesh restart active=1 qrx=0 qtx=0 adv_due=0
DBG_STACK_RUN_BEGIN epoch=6458762704145168284 run=117 kind=ble_backpressure owner=system_workqueue queue=1 custody=1 credit=0 retry=0 drain=1 src=11068027678940948070 dst=11068027678940948070 session=51904660 seq=148 type=86 sequence=0 previous=0 uptime=445372
DBG_STACK_SAMPLE_BEGIN epoch=6458762704145168284 run=117 sample=117 kind=ble_backpressure owner=system_workqueue queue=1 custody=1 credit=0 retry=0 drain=1 src=11068027678940948070 dst=11068027678940948070 session=51904660 seq=148 type=86 uptime=445373
DBG_STACK_ISR_CONFIG size=8192 run=117 sample=117
DBG_STACK name=BT RX WQ tid=0x2000fe28 used=760 free=776 size=1536 ret=0 run=117 sample=117
DBG_STACK name=mesh_route tid=0x2000d560 used=5904 free=2288 size=8192 ret=0 run=117 sample=117
DBG_STACK name=sysworkq tid=0x20010d80 used=2408 free=2072 size=4480 ret=0 run=117 sample=117
DBG_STACK name=MPSL Work tid=0x20010b38 used=376 free=648 size=1024 ret=0 run=117 sample=117
DBG_STACK name=logging tid=0x2000f930 used=480 free=1568 size=2048 ret=0 run=117 sample=117
DBG_STACK name=idle tid=0x20010c10 used=64 free=256 size=320 ret=0 run=117 sample=117
DBG_STACK_SAMPLE_END run=117 sample=117
DBG_STACK_RUN_END epoch=6458762704145168284 run=117 kind=ble_backpressure owner=system_workqueue outcome=ack queue=1 custody=0 credit=1 retry=0 drain=1 src=11068027678940948070 dst=11068027678940948070 session=51904660 seq=148 type=86 samples=1 sequence=0 previous=0 uptime=445399
DBG_GATEWAY_CH9_RX_CONT_ARM now=445402 rem=500 frames=0 errors=0
DBG_GATEWAY_CH9_RX_CONT_RESULT start=445402 end=445903 ret=-116 fail=0 status=0x02000000 len=0 frames=0
DBG_GATEWAY_CH9_RX_CONT_CAP now=445905 win=943 adv_wait=943 due=446848
DBG_GATEWAY_CH9_RX_CONT_ARM now=445905 rem=500 frames=0 errors=0
DBG_GATEWAY_CH9_RX_CONT_RESULT start=445905 end=446406 ret=-116 fail=0 status=0x00000000 len=0 frames=0
DBG_GATEWAY_CH9_RX_CONT_CAP now=446408 win=440 adv_wait=440 due=446848
DBG_GATEWAY_CH9_RX_CONT_ARM now=446408 rem=440 frames=0 errors=0
DBG_GATEWAY_CH9_RX_CONT_RESULT start=446408 end=446849 ret=-116 fail=0 status=0x00000000 len=0 frames=0
DBG_GATEWAY_CH9_RX_DONE_YIELD_ADV now=446850 due=446848
DBG_STACK_RUN_BEGIN epoch=6458762704145168284 run=118 kind=ble_backpressure owner=system_workqueue queue=1 custody=1 credit=0 retry=0 drain=1 src=11068027678940948070 dst=11068027678940948070 session=3814537623 seq=14743 type=65 sequence=0 previous=0 uptime=446850
DBG_STACK_SAMPLE_BEGIN epoch=6458762704145168284 run=118 sample=118 kind=ble_backpressure owner=system_workqueue queue=1 custody=1 credit=0 retry=0 drain=1 src=11068027678940948070 dst=11068027678940948070 session=3814537623 seq=14743 type=65 uptime=446850
DBG_STACK_ISR_CONFIG size=8192 run=118 sample=118
DBG_STACK name=BT RX WQ tid=0x2000fe28 used=760 free=776 size=1536 ret=0 run=118 sample=118
DBG_STACK name=mesh_route tid=0x2000d560 used=5904 free=2288 size=8192 ret=0 run=118 sample=118
DBG_STACK name=sysworkq tid=0x20010d80 used=2408 free=2072 size=4480 ret=0 run=118 sample=118
DBG_STACK name=MPSL Work tid=0x20010b38 used=376 free=648 size=1024 ret=0 run=118 sample=118
DBG_STACK name=logging tid=0x2000f930 used=480 free=1568 size=2048 ret=0 run=118 sample=118
DBG_STACK name=idle tid=0x20010c10 used=64 free=256 size=320 ret=0 run=118 sample=118
DBG_STACK_SAMPLE_END run=118 sample=118
DBG_STACK_RUN_END epoch=6458762704145168284 run=118 kind=ble_backpressure owner=system_workqueue outcome=ack queue=2 custody=0 credit=1 retry=0 drain=2 src=11068027678940948070 dst=11068027678940948070 session=3814537623 seq=14743 type=65 samples=1 sequence=0 previous=0 uptime=446874
DBG_STACK_RUN_BEGIN epoch=6458762704145168284 run=119 kind=ble_backpressure owner=system_workqueue queue=1 custody=1 credit=0 retry=0 drain=1 src=11068027678940948070 dst=11068027678940948070 session=51904661 seq=149 type=86 sequence=0 previous=0 uptime=447321
DBG_STACK_SAMPLE_BEGIN epoch=6458762704145168284 run=119 sample=119 kind=ble_backpressure owner=system_workqueue queue=1 custody=1 credit=0 retry=0 drain=1 src=11068027678940948070 dst=11068027678940948070 session=51904661 seq=149 type=86 uptime=447321
DBG_STACK_ISR_CONFIG size=8192 run=119 sample=119
DBG_STACK name=BT RX WQ tid=0x2000fe28 used=760 free=776 size=1536 ret=0 run=119 sample=119
DBG_STACK name=mesh_route tid=0x2000d560 used=5904 free=2288 size=8192 ret=0 run=119 sample=119
DBG_STACK name=sysworkq tid=0x20010d80 used=2408 free=2072 size=4480 ret=0 run=119 sample=119
DBG_STACK name=MPSL Work tid=0x20010b38 used=376 free=648 size=1024 ret=0 run=119 sample=119
DBG_STACK name=logging tid=0x2000f930 used=480 free=1568 size=2048 ret=0 run=119 sample=119
DBG_STACK name=idle tid=0x20010c10 used=64 free=256 size=320 ret=0 run=119 sample=119
DBG_STACK_SAMPLE_END run=119 sample=119
DBG_STACK_RUN_END epoch=6458762704145168284 run=119 kind=ble_backpressure owner=system_workqueue outcome=ack queue=1 custody=0 credit=1 retry=0 drain=1 src=11068027678940948070 dst=11068027678940948070 session=51904661 seq=149 type=86 samples=1 sequence=0 previous=0 uptime=447337
DBG_GATEWAY_CH9_RX_CONT_RESULT start=446860 end=447361 ret=-116 fail=0 status=0x00000000 len=0 frames=0
DBG_GATEWAY_CH9_RX_CONT_ARM now=447363 rem=500 frames=0 errors=0
DBG_GATEWAY_CH9_RX_CONT_RESULT start=447363 end=447864 ret=-116 fail=0 status=0x00000000 len=0 frames=0
DBG_GATEWAY_CH9_RX_CONT_ARM now=447866 rem=500 frames=0 errors=0
DBG_GATEWAY_COMMAND_PRIORITY_SUBMIT ret=0 now=448221
DBG_STACK_RUN_BEGIN epoch=6458762704145168284 run=120 kind=ble_backpressure owner=system_workqueue queue=1 custody=1 credit=0 retry=0 drain=1 src=11068027678940948070 dst=11068027678940948070 session=51904662 seq=150 type=86 sequence=0 previous=0 uptime=448221
DBG_STACK_SAMPLE_BEGIN epoch=6458762704145168284 run=120 sample=120 kind=ble_backpressure owner=system_workqueue queue=1 custody=1 credit=0 retry=0 drain=1 src=11068027678940948070 dst=11068027678940948070 session=51904662 seq=150 type=86 uptime=448221
DBG_STACK_ISR_CONFIG size=8192 run=120 sample=120
DBG_STACK name=BT RX WQ tid=0x2000fe28 used=760 free=776 size=1536 ret=0 run=120 sample=120
DBG_STACK name=mesh_route tid=0x2000d560 used=5904 free=2288 size=8192 ret=0 run=120 sample=120
DBG_STACK name=sysworkq tid=0x20010d80 used=2408 free=2072 size=4480 ret=0 run=120 sample=120
DBG_STACK name=MPSL Work tid=0x20010b38 used=376 free=648 size=1024 ret=0 run=120 sample=120
DBG_STACK name=logging tid=0x2000f930 used=480 free=1568 size=2048 ret=0 run=120 sample=120
DBG_STACK name=idle tid=0x20010c10 used=64 free=256 size=320 ret=0 run=120 sample=120
DBG_STACK_SAMPLE_END run=120 sample=120
DBG_STACK_RUN_END epoch=6458762704145168284 run=120 kind=ble_backpressure owner=system_workqueue outcome=ack queue=3 custody=0 credit=1 retry=0 drain=3 src=11068027678940948070 dst=11068027678940948070 session=51904662 seq=150 type=86 samples=1 sequence=0 previous=0 uptime=448232
DBG_STACK_RUN_BEGIN epoch=6458762704145168284 run=121 kind=ble_backpressure owner=system_workqueue queue=2 custody=2 credit=0 retry=0 drain=2 src=11068027678940948070 dst=11068027678940948070 session=51904663 seq=151 type=86 sequence=0 previous=0 uptime=448716
DBG_STACK_SAMPLE_BEGIN epoch=6458762704145168284 run=121 sample=121 kind=ble_backpressure owner=system_workqueue queue=2 custody=2 credit=0 retry=0 drain=2 src=11068027678940948070 dst=11068027678940948070 session=51904663 seq=151 type=86 uptime=448716
DBG_STACK_ISR_CONFIG size=8192 run=121 sample=121
DBG_STACK name=BT RX WQ tid=0x2000fe28 used=760 free=776 size=1536 ret=0 run=121 sample=121
DBG_STACK name=mesh_route tid=0x2000d560 used=5904 free=2288 size=8192 ret=0 run=121 sample=121
DBG_STACK name=sysworkq tid=0x20010d80 used=2408 free=2072 size=4480 ret=0 run=121 sample=121
DBG_STACK name=MPSL Work tid=0x20010b38 used=376 free=648 size=1024 ret=0 run=121 sample=121
DBG_STACK name=logging tid=0x2000f930 used=480 free=1568 size=2048 ret=0 run=121 sample=121
DBG_STACK name=idle tid=0x20010c10 used=64 free=256 size=320 ret=0 run=121 sample=121
DBG_STACK_SAMPLE_END run=121 sample=121
DBG_STACK_RUN_END epoch=6458762704145168284 run=121 kind=ble_backpressure owner=system_workqueue outcome=ack queue=2 custody=0 credit=1 retry=0 drain=2 src=11068027678940948070 dst=11068027678940948070 session=51904663 seq=151 type=86 samples=1 sequence=0 previous=0 uptime=448734
DBG_GATEWAY_CH9_RX_COMMAND_PREEMPT now=448735 rem=500 frames=0
DBG_WAKE_TRAIN_GUARD_OK
DBG_DWM_MARK_UNCONFIGURED tag=initialise_radio prev_phy=0
DBG_WAKE_TRAIN_CONFIG_BEGIN
DBG_DWM_INVALIDATE tag=configure_radio_from_reset active_phy=2 configured=1 awake=0
DBG_DWM_MARK_UNCONFIGURED tag=initialise_radio prev_phy=0
DBG_WAKE_TRAIN_CONFIG_OK
DBG_WAKE_TRAIN_FIRST_SEND_BEGIN
DBG_WAKE_TRAIN_FIRST_SEND_OK
DBG_UWB_TX_CH5
DBG_TX_WAKE_CLAIM_SENT
DBG_UWB_TX_CH5
DBG_TX_WAKE_CLAIM_SENT
DBG_UWB_TX_CH5
DBG_TX_WAKE_CLAIM_SENT
DBG_UWB_TX_CH5
DBG_TX_WAKE_CLAIM_SENT
DBG_UWB_TX_CH5
DBG_TX_WAKE_CLAIM_SENT
DBG_UWB_TX_CH5
DBG_TX_WAKE_CLAIM_SENT
DBG_UWB_TX_CH5
DBG_TX_WAKE_CLAIM_SENT
DBG_UWB_TX_CH5
DBG_TX_WAKE_CLAIM_SENT
DBG_UWB_TX_CH5
DBG_TX_WAKE_CLAIM_SENT
DBG_UWB_TX_CH5
DBG_TX_WAKE_CLAIM_SENT
DBG_UWB_TX_CH5
DBG_TX_WAKE_CLAIM_SENT
DBG_UWB_TX_CH5
DBG_TX_WAKE_CLAIM_SENT
DBG_UWB_TX_CH5
DBG_TX_WAKE_CLAIM_SENT
DBG_UWB_TX_CH5
DBG_TX_WAKE_CLAIM_SENT
DBG_UWB_TX_CH5
DBG_TX_WAKE_CLAIM_SENT
DBG_UWB_TX_CH5
DBG_TX_WAKE_CLAIM_SENT
DBG_UWB_TX_CH5
DBG_TX_WAKE_CLAIM_SENT
DBG_UWB_TX_CH5
DBG_TX_WAKE_CLAIM_SENT
DBG_UWB_TX_CH5
DBG_TX_WAKE_CLAIM_SENT
DBG_UWB_TX_CH5
DBG_TX_WAKE_CLAIM_SENT
DBG_UWB_TX_CH5
DBG_TX_WAKE_CLAIM_SENT
DBG_UWB_TX_CH5
DBG_TX_WAKE_CLAIM_SENT
DBG_UWB_TX_CH5
DBG_TX_WAKE_CLAIM_SENT
DBG_UWB_TX_CH5
DBG_TX_WAKE_CLAIM_SENT
DBG_UWB_TX_CH5
DBG_TX_WAKE_CLAIM_SENT
DBG_UWB_TX_CH5
DBG_TX_WAKE_CLAIM_SENT
DBG_UWB_TX_CH5
DBG_TX_WAKE_CLAIM_SENT
DBG_UWB_TX_CH5
DBG_TX_WAKE_CLAIM_SENT
DBG_UWB_TX_CH5
DBG_TX_WAKE_CLAIM_SENT
DBG_UWB_TX_CH5
DBG_TX_WAKE_CLAIM_SENT
DBG_UWB_TX_CH5
DBG_TX_WAKE_CLAIM_SENT
DBG_UWB_TX_CH5
DBG_TX_WAKE_CLAIM_SENT
DBG_UWB_TX_CH5
DBG_TX_WAKE_CLAIM_SENT
DBG_UWB_TX_CH5
DBG_TX_WAKE_CLAIM_SENT
DBG_UWB_TX_CH5
DBG_TX_WAKE_CLAIM_SENT
DBG_UWB_TX_CH5
DBG_TX_WAKE_CLAIM_SENT
DBG_UWB_TX_CH5
DBG_TX_WAKE_CLAIM_SENT
DBG_UWB_TX_CH5
DBG_TX_WAKE_CLAIM_SENT
DBG_UWB_TX_CH5
DBG_TX_WAKE_CLAIM_SENT
DBG_UWB_TX_CH5
DBG_TX_WAKE_CLAIM_SENT
DBG_UWB_TX_CH5
DBG_TX_WAKE_CLAIM_SENT
DBG_UWB_TX_CH5
DBG_TX_WAKE_CLAIM_SENT
DBG_UWB_TX_CH5
DBG_TX_WAKE_CLAIM_SENT
DBG_UWB_TX_CH5
DBG_TX_WAKE_CLAIM_SENT
DBG_UWB_TX_CH5
DBG_TX_WAKE_CLAIM_SENT
DBG_UWB_TX_CH5
DBG_TX_WAKE_CLAIM_SENT
DBG_UWB_TX_CH5
DBG_TX_WAKE_CLAIM_SENT
DBG_UWB_TX_CH5
DBG_TX_WAKE_CLAIM_SENT
DBG_UWB_TX_CH5
DBG_TX_WAKE_CLAIM_SENT
DBG_UWB_TX_CH5
DBG_TX_WAKE_CLAIM_SENT
DBG_UWB_TX_CH5
DBG_TX_WAKE_CLAIM_SENT
DBG_UWB_TX_CH5
DBG_TX_WAKE_CLAIM_SENT
DBG_UWB_TX_CH5
DBG_TX_WAKE_CLAIM_SENT
DBG_UWB_TX_CH5
DBG_TX_WAKE_CLAIM_SENT
DBG_STACK_RUN_BEGIN epoch=6458762704145168284 run=122 kind=ble_backpressure owner=system_workqueue queue=1 custody=1 credit=0 retry=0 drain=1 src=11068027678940948070 dst=11068027678940948070 session=51904665 seq=153 type=86 sequence=0 previous=0 uptime=449166
DBG_STACK_SAMPLE_BEGIN epoch=6458762704145168284 run=122 sample=122 kind=ble_backpressure owner=system_workqueue queue=1 custody=1 credit=0 retry=0 drain=1 src=11068027678940948070 dst=11068027678940948070 session=51904665 seq=153 type=86 uptime=449166
DBG_STACK_ISR_CONFIG size=8192 run=122 sample=122
DBG_STACK name=BT RX WQ tid=0x2000fe28 used=760 free=776 size=1536 ret=0 run=122 sample=122
DBG_STACK name=mesh_route tid=0x2000d560 used=5904 free=2288 size=8192 ret=0 run=122 sample=122
DBG_STACK name=sysworkq tid=0x20010d80 used=2408 free=2072 size=4480 ret=0 run=122 sample=122
DBG_STACK name=MPSL Work tid=0x20010b38 used=376 free=648 size=1024 ret=0 run=122 sample=122
DBG_STACK name=logging tid=0x2000f930 used=480 free=1568 size=2048 ret=0 run=122 sample=122
DBG_STACK name=idle tid=0x20010c10 used=64 free=256 size=320 ret=0 run=122 sample=122
DBG_STACK_SAMPLE_END run=122 sample=122
DBG_STACK_RUN_END epoch=6458762704145168284 run=122 kind=ble_backpressure owner=system_workqueue outcome=ack queue=1 custody=0 credit=1 retry=0 drain=1 src=11068027678940948070 dst=11068027678940948070 session=51904665 seq=153 type=86 samples=1 sequence=0 previous=0 uptime=449187
DBG_UWB_TX_CH5
DBG_TX_WAKE_CLAIM_SENT
DBG_UWB_TX_CH5
DBG_TX_WAKE_CLAIM_SENT
DBG_UWB_TX_CH5
DBG_TX_WAKE_CLAIM_SENT
DBG_UWB_TX_CH5
DBG_TX_WAKE_CLAIM_SENT
DBG_UWB_TX_CH5
DBG_TX_WAKE_CLAIM_SENT
DBG_UWB_TX_CH5
DBG_TX_WAKE_CLAIM_SENT
DBG_UWB_TX_CH5
DBG_TX_WAKE_CLAIM_SENT
DBG_UWB_TX_CH5
DBG_TX_WAKE_CLAIM_SENT
DBG_UWB_TX_CH5
DBG_TX_WAKE_CLAIM_SENT
DBG_UWB_TX_CH5
DBG_TX_WAKE_CLAIM_SENT
DBG_UWB_TX_CH5
DBG_TX_WAKE_CLAIM_SENT
DBG_UWB_TX_CH5
DBG_TX_WAKE_CLAIM_SENT
DBG_UWB_TX_CH5
DBG_TX_WAKE_CLAIM_SENT
DBG_UWB_TX_CH5
DBG_TX_WAKE_CLAIM_SENT
DBG_UWB_TX_CH5
DBG_TX_WAKE_CLAIM_SENT
DBG_UWB_TX_CH5
DBG_TX_WAKE_CLAIM_SENT
DBG_UWB_TX_CH5
DBG_TX_WAKE_CLAIM_SENT
DBG_UWB_TX_CH5
DBG_TX_WAKE_CLAIM_SENT
DBG_UWB_TX_CH5
DBG_TX_WAKE_CLAIM_SENT
DBG_UWB_TX_CH5
DBG_TX_WAKE_CLAIM_SENT
DBG_UWB_TX_CH5
DBG_TX_WAKE_CLAIM_SENT
DBG_UWB_TX_CH5
DBG_TX_WAKE_CLAIM_SENT
DBG_UWB_TX_CH5
DBG_TX_WAKE_CLAIM_SENT
DBG_UWB_TX_CH5
DBG_TX_WAKE_CLAIM_SENT
DBG_UWB_TX_CH5
DBG_TX_WAKE_CLAIM_SENT
DBG_UWB_TX_CH5
DBG_TX_WAKE_CLAIM_SENT
DBG_UWB_TX_CH5
DBG_TX_WAKE_CLAIM_SENT
DBG_UWB_TX_CH5
DBG_TX_WAKE_CLAIM_SENT
DBG_UWB_TX_CH5
DBG_TX_WAKE_CLAIM_SENT
DBG_UWB_TX_CH5
DBG_TX_WAKE_CLAIM_SENT
DBG_UWB_TX_CH5
DBG_TX_WAKE_CLAIM_SENT
DBG_UWB_TX_CH5
DBG_TX_WAKE_CLAIM_SENT
DBG_UWB_TX_CH5
DBG_TX_WAKE_CLAIM_SENT
DBG_UWB_TX_CH5
DBG_TX_WAKE_CLAIM_SENT
DBG_UWB_TX_CH5
DBG_TX_WAKE_CLAIM_SENT
DBG_UWB_TX_CH5
DBG_TX_WAKE_CLAIM_SENT
DBG_UWB_TX_CH5
DBG_TX_WAKE_CLAIM_SENT
DBG_UWB_TX_CH5
DBG_TX_WAKE_CLAIM_SENT
DBG_UWB_TX_CH5
DBG_TX_WAKE_CLAIM_SENT
DBG_UWB_TX_CH5
DBG_TX_WAKE_CLAIM_SENT
DBG_UWB_TX_CH5
DBG_TX_WAKE_CLAIM_SENT
DBG_UWB_TX_CH5
DBG_TX_WAKE_CLAIM_SENT
DBG_UWB_TX_CH5
DBG_TX_WAKE_CLAIM_SENT
DBG_UWB_TX_CH5
DBG_TX_WAKE_CLAIM_SENT
DBG_UWB_TX_CH5
DBG_TX_WAKE_CLAIM_SENT
DBG_UWB_TX_CH5
DBG_TX_WAKE_CLAIM_SENT
DBG_UWB_TX_CH5
DBG_TX_WAKE_CLAIM_SENT
DBG_UWB_TX_CH5
DBG_TX_WAKE_CLAIM_SENT
DBG_UWB_TX_CH5
DBG_TX_WAKE_CLAIM_SENT
DBG_UWB_TX_CH5
DBG_TX_WAKE_CLAIM_SENT
DBG_UWB_TX_CH5
DBG_TX_WAKE_CLAIM_SENT
DBG_UWB_TX_CH5
DBG_TX_WAKE_CLAIM_SENT
DBG_UWB_TX_CH5
DBG_TX_WAKE_CLAIM_SENT
DBG_UWB_TX_CH5
DBG_TX_WAKE_CLAIM_SENT
DBG_UWB_TX_CH5
DBG_TX_WAKE_CLAIM_SENT
DBG_UWB_TX_CH5
DBG_TX_WAKE_CLAIM_SENT
DBG_UWB_TX_CH5
DBG_TX_WAKE_CLAIM_SENT
DBG_UWB_TX_CH5
DBG_TX_WAKE_CLAIM_SENT
DBG_UWB_TX_CH5
DBG_TX_WAKE_CLAIM_SENT
DBG_UWB_TX_CH5
DBG_TX_WAKE_CLAIM_SENT
DBG_UWB_TX_CH5
DBG_TX_WAKE_CLAIM_SENT
DBG_UWB_TX_CH5
DBG_TX_WAKE_CLAIM_SENT
DBG_UWB_TX_CH5
DBG_TX_WAKE_CLAIM_SENT
DBG_UWB_TX_CH5
DBG_TX_WAKE_CLAIM_SENT
DBG_UWB_TX_CH5
DBG_TX_WAKE_CLAIM_SENT
DBG_UWB_TX_CH5
DBG_TX_WAKE_CLAIM_SENT
DBG_UWB_TX_CH5
DBG_TX_WAKE_CLAIM_SENT
DBG_UWB_TX_CH5
DBG_TX_WAKE_CLAIM_SENT
DBG_UWB_TX_CH5
DBG_TX_WAKE_CLAIM_SENT
DBG_UWB_TX_CH5
DBG_TX_WAKE_CLAIM_SENT
DBG_UWB_TX_CH5
DBG_TX_WAKE_CLAIM_SENT
DBG_UWB_TX_CH5
DBG_TX_WAKE_CLAIM_SENT
DBG_UWB_TX_CH5
DBG_TX_WAKE_CLAIM_SENT
DBG_UWB_TX_CH5
DBG_TX_WAKE_CLAIM_SENT
DBG_UWB_TX_CH5
DBG_TX_WAKE_CLAIM_SENT
DBG_UWB_TX_CH5
DBG_TX_WAKE_CLAIM_SENT
DBG_UWB_TX_CH5
DBG_TX_WAKE_CLAIM_SENT
DBG_UWB_TX_CH5
DBG_TX_WAKE_CLAIM_SENT
DBG_UWB_TX_CH5
DBG_TX_WAKE_CLAIM_SENT
DBG_UWB_TX_CH5
DBG_TX_WAKE_CLAIM_SENT
DBG_UWB_TX_CH5
DBG_TX_WAKE_CLAIM_SENT
DBG_UWB_TX_CH5
DBG_TX_WAKE_CLAIM_SENT
DBG_UWB_TX_CH5
DBG_TX_WAKE_CLAIM_SENT
DBG_UWB_TX_CH5
DBG_TX_WAKE_CLAIM_SENT
DBG_UWB_TX_CH5
DBG_TX_WAKE_CLAIM_SENT
DBG_UWB_TX_CH5
DBG_TX_WAKE_CLAIM_SENT
DBG_UWB_TX_CH5
DBG_TX_WAKE_CLAIM_SENT
DBG_UWB_TX_CH5
DBG_TX_WAKE_CLAIM_SENT
DBG_UWB_TX_CH5
DBG_TX_WAKE_CLAIM_SENT
DBG_UWB_TX_CH5
DBG_TX_WAKE_CLAIM_SENT
DBG_UWB_TX_CH5
DBG_TX_WAKE_CLAIM_SENT
DBG_DWM_INVALIDATE tag=configure_radio_from_reset active_phy=2 configured=1 awake=1
DBG_DWM_MARK_UNCONFIGURED tag=initialise_radio prev_phy=0
DBG_C5_CONTROL_FOLLOWUP_TURNAROUND delay=60 msg=40 reason=node-comm-bounded-control-flood
DBG_DWM_INVALIDATE tag=configure_radio_from_reset active_phy=2 configured=1 awake=0
DBG_DWM_MARK_UNCONFIGURED tag=initialise_radio prev_phy=0
DBG_DWM_INVALIDATE tag=configure_radio_from_reset active_phy=2 configured=1 awake=0
DBG_DWM_MARK_UNCONFIGURED tag=initialise_radio prev_phy=0
DBG_DWM_WAKE_MESH_CTRL_OK sfd=4073
DBG_C5_TX_CONFIG ret=0 ext=1 len=136 msg=40 reason=bounded-c5-flood
DBG_UWB_TX_CH5
DBG_NC o=0000000000000013 g=00000013 w=00 e=00000022 s=00000005 q=0004>0005 r=00000000 f=00000001 t=00000000 p=00000000 a=00
DBG_NC o=0000000000000013 g=00000013 w=00 e=00000042 s=00000005 q=0005>0006 r=00000000 f=00000001 t=00000000 p=00000000 a=00
DBG_NODE_COMM_ATTEMPT handle=19 profile=0 attempt=1 ret=0 rf=1 scheduled=0 state=0
DBG_GATEWAY_RX_START reason=gateway mesh restart active=1 qrx=0 qtx=0 adv_due=0
DBG_ENUM_RF_BEGIN kind=1 handle=19 attempt=1 tries=1
DBG_STACK_RUN_BEGIN epoch=6458762704145168284 run=123 kind=ble_backpressure owner=system_workqueue queue=1 custody=1 credit=0 retry=0 drain=1 src=11068027678940948070 dst=11068027678940948070 session=51904667 seq=155 type=86 sequence=0 previous=0 uptime=449962
DBG_STACK_SAMPLE_BEGIN epoch=6458762704145168284 run=123 sample=123 kind=ble_backpressure owner=system_workqueue queue=1 custody=1 credit=0 retry=0 drain=1 src=11068027678940948070 dst=11068027678940948070 session=51904667 seq=155 type=86 uptime=449962
DBG_STACK_ISR_CONFIG size=8192 run=123 sample=123
DBG_STACK name=BT RX WQ tid=0x2000fe28 used=760 free=776 size=1536 ret=0 run=123 sample=123
DBG_STACK name=mesh_route tid=0x2000d560 used=5904 free=2288 size=8192 ret=0 run=123 sample=123
DBG_STACK name=sysworkq tid=0x20010d80 used=2408 free=2072 size=4480 ret=0 run=123 sample=123
DBG_STACK name=MPSL Work tid=0x20010b38 used=376 free=648 size=1024 ret=0 run=123 sample=123
DBG_STACK name=logging tid=0x2000f930 used=480 free=1568 size=2048 ret=0 run=123 sample=123
DBG_STACK name=idle tid=0x20010c10 used=64 free=256 size=320 ret=0 run=123 sample=123
DBG_STACK_SAMPLE_END run=123 sample=123
DBG_STACK_RUN_END epoch=6458762704145168284 run=123 kind=ble_backpressure owner=system_workqueue outcome=ack queue=1 custody=0 credit=1 retry=0 drain=1 src=11068027678940948070 dst=11068027678940948070 session=51904667 seq=155 type=86 samples=1 sequence=0 previous=0 uptime=449990
DBG_GATEWAY_CH9_RX_CONT_ARM now=449992 rem=500 frames=0 errors=0
DBG_DWM_MARK_UNCONFIGURED tag=initialise_radio prev_phy=0
DBG_DWM_INVALIDATE tag=configure_radio_from_reset active_phy=2 configured=1 awake=0
DBG_DWM_MARK_UNCONFIGURED tag=initialise_radio prev_phy=0
DBG_DWM_WAKE_MESH_CTRL_OK sfd=4073
DBG_C5_TX_CONFIG ret=0 ext=1 len=136 msg=40 reason=bounded-c5-flood
DBG_UWB_TX_CH5
DBG_NC o=0000000000000013 g=00000013 w=00 e=00000022 s=00000005 q=0004>0005 r=00000000 f=00000001 t=00000000 p=00000000 a=00
DBG_NC o=0000000000000013 g=00000013 w=00 e=00000042 s=00000005 q=0005>0006 r=00000000 f=00000001 t=00000000 p=00000000 a=00
DBG_NODE_COMM_ATTEMPT handle=19 profile=0 attempt=2 ret=0 rf=1 scheduled=0 state=0
DBG_GATEWAY_RX_START reason=gateway mesh restart active=1 qrx=0 qtx=0 adv_due=0
DBG_COORD state=gateway-rx owner=uwb-rx reason=gateway-rx rx=0 tx=0 relay=0 route=0 ack=0 qack=0
DBG_DWM_INVALIDATE tag=configure_radio_from_reset active_phy=4 configured=1 awake=1
DBG_DWM_MARK_UNCONFIGURED tag=initialise_radio prev_phy=0
DBG_GATEWAY_CH9_RX_CONT_ARM now=450082 rem=500 frames=0 errors=0
DBG_GATEWAY_CH9_RX_CONT_RESULT start=450082 end=450095 ret=-140 fail=0 status=0x02000000 len=0 frames=0
DBG_GATEWAY_CH9_RX_COMMAND_PREEMPT now=450095 rem=500 frames=0
DBG_GATEWAY_CH9_RX_CONT_DONE ret=-140 len=0 fail=0 recover=0
DBG_NC o=0000000000000013 g=00000013 w=00 e=00000023 s=00000005 q=0006>0004 r=00000000 f=00000024 t=00000000 p=00000000 a=00
DBG_NODE_COMM_TX_BEGIN handle=19 profile=0 msg=64 dst=0x0 seq=19
DBG_CONTROL_RX_HANDOFF_READY abort=0
DBG_COORD state=idle owner=c5-flood reason=idle rx=0 tx=0 relay=0 route=0 ack=0 qack=0
DBG_DWM_INVALIDATE tag=configure_radio_from_reset active_phy=3 configured=1 awake=1
DBG_DWM_MARK_UNCONFIGURED tag=initialise_radio prev_phy=0
DBG_DWM_INVALIDATE tag=configure_radio_from_reset active_phy=2 configured=1 awake=0
DBG_DWM_MARK_UNCONFIGURED tag=initialise_radio prev_phy=0
DBG_DWM_WAKE_MESH_CTRL_OK sfd=4073
DBG_C5_TX_CONFIG ret=0 ext=1 len=136 msg=40 reason=bounded-c5-flood
DBG_UWB_TX_CH5
DBG_NC o=0000000000000013 g=00000013 w=00 e=00000022 s=00000005 q=0004>0005 r=00000000 f=00000001 t=00000000 p=00000000 a=00
DBG_NC o=0000000000000013 g=00000013 w=00 e=00000041 s=00000005 q=0005>0008 r=00000000 f=00000026 t=00000000 p=00000001 a=03
DBG_NODE_COMM_ATTEMPT handle=19 profile=0 attempt=3 ret=0 rf=1 scheduled=0 state=0
DBG_GATEWAY_RX_START reason=gateway mesh restart active=1 qrx=0 qtx=0 adv_due=0
DBG_ENUM_RF_RESULT kind=1 handle=19 success=1 reason=0 tries=3
DBG_ENUM_COMPACT_GATEWAY_SCHEDULE now=450153 start=452231 deadline=453356 wait=3203
DBG_GATEWAY_RX_START reason=compact-enumeration active=1 qrx=0 qtx=0 adv_due=0
DBG_COORD state=gateway-rx owner=uwb-rx reason=gateway-rx rx=0 tx=0 relay=0 route=0 ack=0 qack=0
DBG_DWM_INVALIDATE tag=configure_radio_from_reset active_phy=4 configured=1 awake=1
DBG_DWM_MARK_UNCONFIGURED tag=initialise_radio prev_phy=0
DBG_GATEWAY_CH9_RX_CONT_ARM now=450181 rem=500 frames=0 errors=0
DBG_GATEWAY_CH9_RX_CONT_RESULT start=450181 end=450681 ret=-116 fail=0 status=0x02000000 len=0 frames=0
DBG_GATEWAY_CH9_RX_CONT_ARM now=450683 rem=500 frames=0 errors=0
DBG_GATEWAY_CH9_RX_CONT_RESULT start=450683 end=451184 ret=-116 fail=0 status=0x00000000 len=0 frames=0
DBG_GATEWAY_CH9_RX_CONT_ARM now=451186 rem=500 frames=0 errors=0
DBG_GATEWAY_CH9_RX_CONT_RESULT start=451186 end=451687 ret=-116 fail=0 status=0x00000000 len=0 frames=0
DBG_GATEWAY_CH9_RX_CONT_ARM now=451689 rem=500 frames=0 errors=0
DBG_GATEWAY_CH9_RX_CONT_RESULT start=451689 end=452190 ret=-116 fail=0 status=0x00000000 len=0 frames=0
DBG_GATEWAY_CH9_RX_CONT_ARM now=452192 rem=500 frames=0 errors=0
DBG_GATEWAY_CH9_RX_CONT_RESULT start=452192 end=452693 ret=-116 fail=0 status=0x00000000 len=0 frames=0
DBG_DWM_INVALIDATE tag=configure_radio_from_reset active_phy=3 configured=1 awake=1
DBG_DWM_MARK_UNCONFIGURED tag=initialise_radio prev_phy=0
DBG_DWM_WAKE_MESH_CTRL_OK sfd=4073
DBG_ENUM_COMPACT_GATEWAY_BEGIN now=452716 first_window=0 ret=0
DBG_ENUM_COMPACT_RECORD epoch=51904664 anchor=0x708bc0aab970300e hop=1 via=0x708bc0aab970300e responders=1
DBG_ENUM_COMPACT_DEPTH_WAIT observed_hop=1 through_hop=2 deadline=454731
DBG_STACK_RUN_BEGIN epoch=6458762704145168284 run=124 kind=ble_backpressure owner=system_workqueue queue=1 custody=1 credit=0 retry=0 drain=1 src=11068027678940948070 dst=11068027678940948070 session=51904668 seq=156 type=86 sequence=0 previous=0 uptime=452795
DBG_STACK_SAMPLE_BEGIN epoch=6458762704145168284 run=124 sample=124 kind=ble_backpressure owner=system_workqueue queue=1 custody=1 credit=0 retry=0 drain=1 src=11068027678940948070 dst=11068027678940948070 session=51904668 seq=156 type=86 uptime=452795
DBG_STACK_ISR_CONFIG size=8192 run=124 sample=124
DBG_STACK name=BT RX WQ tid=0x2000fe28 used=760 free=776 size=1536 ret=0 run=124 sample=124
DBG_STACK name=mesh_route tid=0x2000d560 used=5904 free=2288 size=8192 ret=0 run=124 sample=124
DBG_STACK name=sysworkq tid=0x20010d80 used=2408 free=2072 size=4480 ret=0 run=124 sample=124
DBG_STACK name=MPSL Work tid=0x20010b38 used=376 free=648 size=1024 ret=0 run=124 sample=124
DBG_STACK name=logging tid=0x2000f930 used=480 free=1568 size=2048 ret=0 run=124 sample=124
DBG_STACK name=idle tid=0x20010c10 used=64 free=256 size=320 ret=0 run=124 sample=124
DBG_STACK_SAMPLE_END run=124 sample=124
DBG_STACK_RUN_END epoch=6458762704145168284 run=124 kind=ble_backpressure owner=system_workqueue outcome=ack queue=1 custody=0 credit=1 retry=0 drain=1 src=11068027678940948070 dst=11068027678940948070 session=51904668 seq=156 type=86 samples=1 sequence=0 previous=0 uptime=452811
DBG_ENUM_COMPACT_GATEWAY_ACK_TX epoch=51904664 child=0x191a9619c6c8cb07 seq=0 remaining=12 ret=0
DBG_ENUM_COMPACT_GATEWAY_RX epoch=51904664 child=0x191a9619c6c8cb07 seq=0 records=1 ret=0
DBG_ENUM_COMPACT_RECORD epoch=51904664 anchor=0x56da25fe4af6d141 hop=1 via=0x56da25fe4af6d141 responders=3
DBG_ENUM_COMPACT_GATEWAY_ACK_TX epoch=51904664 child=0x56da25fe4af6d141 seq=0 remaining=11 ret=0
DBG_ENUM_COMPACT_GATEWAY_RX epoch=51904664 child=0x56da25fe4af6d141 seq=0 records=1 ret=0
DBG_STACK_RUN_BEGIN epoch=6458762704145168284 run=125 kind=ble_backpressure owner=system_workqueue queue=2 custody=2 credit=0 retry=0 drain=2 src=11068027678940948070 dst=11068027678940948070 session=51904669 seq=157 type=86 sequence=0 previous=0 uptime=453261
DBG_STACK_SAMPLE_BEGIN epoch=6458762704145168284 run=125 sample=125 kind=ble_backpressure owner=system_workqueue queue=2 custody=2 credit=0 retry=0 drain=2 src=11068027678940948070 dst=11068027678940948070 session=51904669 seq=157 type=86 uptime=453261
DBG_STACK_ISR_CONFIG size=8192 run=125 sample=125
DBG_STACK name=BT RX WQ tid=0x2000fe28 used=760 free=776 size=1536 ret=0 run=125 sample=125
DBG_STACK name=mesh_route tid=0x2000d560 used=5904 free=2288 size=8192 ret=0 run=125 sample=125
DBG_STACK name=sysworkq tid=0x20010d80 used=2408 free=2072 size=4480 ret=0 run=125 sample=125
DBG_STACK name=MPSL Work tid=0x20010b38 used=376 free=648 size=1024 ret=0 run=125 sample=125
DBG_STACK name=logging tid=0x2000f930 used=480 free=1568 size=2048 ret=0 run=125 sample=125
DBG_STACK name=idle tid=0x20010c10 used=64 free=256 size=320 ret=0 run=125 sample=125
DBG_STACK_SAMPLE_END run=125 sample=125
DBG_STACK_RUN_END epoch=6458762704145168284 run=125 kind=ble_backpressure owner=system_workqueue outcome=ack queue=2 custody=0 credit=1 retry=0 drain=2 src=11068027678940948070 dst=11068027678940948070 session=51904669 seq=157 type=86 samples=1 sequence=0 previous=0 uptime=453277
DBG_STACK_RUN_BEGIN epoch=6458762704145168284 run=126 kind=ble_backpressure owner=system_workqueue queue=1 custody=1 credit=0 retry=0 drain=1 src=11068027678940948070 dst=11068027678940948070 session=51904670 seq=158 type=86 sequence=0 previous=0 uptime=453711
DBG_STACK_SAMPLE_BEGIN epoch=6458762704145168284 run=126 sample=126 kind=ble_backpressure owner=system_workqueue queue=1 custody=1 credit=0 retry=0 drain=1 src=11068027678940948070 dst=11068027678940948070 session=51904670 seq=158 type=86 uptime=453711
DBG_STACK_ISR_CONFIG size=8192 run=126 sample=126
DBG_STACK name=BT RX WQ tid=0x2000fe28 used=760 free=776 size=1536 ret=0 run=126 sample=126
DBG_STACK name=mesh_route tid=0x2000d560 used=5904 free=2288 size=8192 ret=0 run=126 sample=126
DBG_STACK name=sysworkq tid=0x20010d80 used=2408 free=2072 size=4480 ret=0 run=126 sample=126
DBG_STACK name=MPSL Work tid=0x20010b38 used=376 free=648 size=1024 ret=0 run=126 sample=126
DBG_STACK name=logging tid=0x2000f930 used=480 free=1568 size=2048 ret=0 run=126 sample=126
DBG_STACK name=idle tid=0x20010c10 used=64 free=256 size=320 ret=0 run=126 sample=126
DBG_STACK_SAMPLE_END run=126 sample=126
DBG_STACK_RUN_END epoch=6458762704145168284 run=126 kind=ble_backpressure owner=system_workqueue outcome=ack queue=1 custody=0 credit=1 retry=0 drain=1 src=11068027678940948070 dst=11068027678940948070 session=51904670 seq=158 type=86 samples=1 sequence=0 previous=0 uptime=453734
DBG_ENUM_COMPACT_GATEWAY_END now=454732 timeouts=81 raw=0 bundles=3 errors=0 ret=0
DBG_GATEWAY_COMMAND_PRIORITY_SUBMIT ret=0 now=454733
DBG_DWM_INVALIDATE tag=configure_radio_from_reset active_phy=4 configured=1 awake=1
DBG_DWM_MARK_UNCONFIGURED tag=initialise_radio prev_phy=0
DBG_GATEWAY_CH9_RX_CONT_ARM now=454755 rem=500 frames=0 errors=0
DBG_GATEWAY_CH9_RX_CONT_RESULT start=454755 end=454756 ret=-140 fail=0 status=0x02000000 len=0 frames=0
DBG_GATEWAY_CH9_RX_COMMAND_PREEMPT now=454757 rem=500 frames=0
DBG_GATEWAY_CH9_RX_CONT_DONE ret=-140 len=0 fail=0 recover=0
DBG_NC o=0000000000000014 g=00000014 w=00 e=0000003c s=00000005 q=0000>0004 r=00000000 f=00000024 t=00000000 p=00000000 a=00
DBG_NODE_COMM_SUBMIT handle=20 profile=6 token=17039380 deadline=464759
DBG_ENUM_FLOOD kind=2 handle=20
DBG_ENUM_TABLE_TX epoch=51904664 count=3 round=1 ret=0
DBG_NODE_COMM_TX_BEGIN handle=20 profile=6 msg=64 dst=0x0 seq=20
DBG_CONTROL_RX_HANDOFF_READY abort=0
DBG_COORD state=idle owner=c5-flood reason=idle rx=0 tx=0 relay=0 route=0 ack=0 qack=0
DBG_DWM_INVALIDATE tag=configure_radio_from_reset active_phy=3 configured=1 awake=1
DBG_DWM_MARK_UNCONFIGURED tag=initialise_radio prev_phy=0
DBG_DWM_INVALIDATE tag=configure_radio_from_reset active_phy=2 configured=1 awake=0
DBG_DWM_MARK_UNCONFIGURED tag=initialise_radio prev_phy=0
DBG_DWM_WAKE_MESH_CTRL_OK sfd=4073
DBG_C5_TX_CONFIG ret=0 ext=1 len=187 msg=40 reason=bounded-c5-flood
DBG_UWB_TX_CH5
DBG_DWM_INVALIDATE tag=configure_radio_from_reset active_phy=4 configured=1 awake=0
DBG_DWM_MARK_UNCONFIGURED tag=initialise_radio prev_phy=0
DBG_DWM_INVALIDATE tag=configure_radio_from_reset active_phy=2 configured=1 awake=0
DBG_DWM_MARK_UNCONFIGURED tag=initialise_radio prev_phy=0
DBG_DWM_WAKE_MESH_CTRL_OK sfd=4073
DBG_C5_TX_CONFIG ret=0 ext=1 len=187 msg=40 reason=bounded-c5-flood
DBG_UWB_TX_CH5
DBG_DWM_INVALIDATE tag=configure_radio_from_reset active_phy=4 configured=1 awake=0
DBG_DWM_MARK_UNCONFIGURED tag=initialise_radio prev_phy=0
DBG_DWM_INVALIDATE tag=configure_radio_from_reset active_phy=2 configured=1 awake=0
DBG_DWM_MARK_UNCONFIGURED tag=initialise_radio prev_phy=0
DBG_DWM_WAKE_MESH_CTRL_OK sfd=4073
DBG_C5_TX_CONFIG ret=0 ext=1 len=187 msg=40 reason=bounded-c5-flood
DBG_UWB_TX_CH5
DBG_NC o=0000000000000014 g=00000014 w=00 e=00000022 s=00000005 q=0004>0005 r=00000000 f=00000001 t=00000000 p=00000000 a=00
DBG_NC o=0000000000000014 g=00000014 w=00 e=00000041 s=00000005 q=0005>0008 r=00000000 f=00000026 t=00000000 p=00000001 a=01
DBG_NODE_COMM_ATTEMPT handle=20 profile=6 attempt=1 ret=0 rf=1 scheduled=0 state=0
DBG_GATEWAY_RX_START reason=gateway mesh restart active=1 qrx=0 qtx=0 adv_due=0
DBG_ENUM_RF_RESULT kind=2 handle=20 success=1 reason=0 tries=1
DBG_COORD state=gateway-rx owner=uwb-rx reason=gateway-rx rx=0 tx=0 relay=0 route=0 ack=0 qack=0
DBG_DWM_INVALIDATE tag=configure_radio_from_reset active_phy=4 configured=1 awake=1
DBG_DWM_MARK_UNCONFIGURED tag=initialise_radio prev_phy=0
DBG_GATEWAY_CH9_RX_CONT_ARM now=454954 rem=500 frames=0 errors=0
DBG_GATEWAY_CH9_RX_CONT_RESULT start=454954 end=455454 ret=-116 fail=0 status=0x02000000 len=0 frames=0
DBG_GATEWAY_CH9_RX_CONT_ARM now=455456 rem=500 frames=0 errors=0
DBG_GATEWAY_CH9_RX_CONT_RESULT start=455456 end=455957 ret=-116 fail=0 status=0x00000000 len=0 frames=0
DBG_NC o=0000000000000015 g=00000015 w=00 e=0000003c s=00000005 q=0000>0004 r=00000000 f=00000024 t=00000000 p=00000000 a=00
DBG_NODE_COMM_SUBMIT handle=21 profile=6 token=17039381 deadline=465958
DBG_ENUM_FLOOD kind=3 handle=21
DBG_ENUM_END_TX epoch=51904664 table_seq=51904671 ret=0
DBG_NODE_COMM_TX_BEGIN handle=21 profile=6 msg=64 dst=0x0 seq=21
DBG_CONTROL_RX_HANDOFF_READY abort=0
DBG_COORD state=idle owner=c5-flood reason=idle rx=0 tx=0 relay=0 route=0 ack=0 qack=0
DBG_DWM_INVALIDATE tag=configure_radio_from_reset active_phy=3 configured=1 awake=1
DBG_DWM_MARK_UNCONFIGURED tag=initialise_radio prev_phy=0
DBG_DWM_INVALIDATE tag=configure_radio_from_reset active_phy=2 configured=1 awake=0
DBG_DWM_MARK_UNCONFIGURED tag=initialise_radio prev_phy=0
DBG_DWM_WAKE_MESH_CTRL_OK sfd=4073
DBG_C5_TX_CONFIG ret=0 ext=1 len=169 msg=40 reason=bounded-c5-flood
DBG_UWB_TX_CH5
DBG_C5_FLOOD_WAIT now=456014 wake=456015 first=456015 msg=40 attempt=2/3 reason=node-comm-bounded-control-flood
DBG_DWM_INVALIDATE tag=configure_radio_from_reset active_phy=4 configured=1 awake=0
DBG_DWM_MARK_UNCONFIGURED tag=initialise_radio prev_phy=0
DBG_DWM_INVALIDATE tag=configure_radio_from_reset active_phy=2 configured=1 awake=0
DBG_DWM_MARK_UNCONFIGURED tag=initialise_radio prev_phy=0
DBG_DWM_WAKE_MESH_CTRL_OK sfd=4073
DBG_C5_TX_CONFIG ret=0 ext=1 len=169 msg=40 reason=bounded-c5-flood
DBG_UWB_TX_CH5
DBG_C5_FLOOD_WAIT now=456070 wake=456071 first=456071 msg=40 attempt=3/3 reason=node-comm-bounded-control-flood
DBG_DWM_INVALIDATE tag=configure_radio_from_reset active_phy=4 configured=1 awake=0
DBG_DWM_MARK_UNCONFIGURED tag=initialise_radio prev_phy=0
DBG_DWM_INVALIDATE tag=configure_radio_from_reset active_phy=2 configured=1 awake=0
DBG_DWM_MARK_UNCONFIGURED tag=initialise_radio prev_phy=0
DBG_DWM_WAKE_MESH_CTRL_OK sfd=4073
DBG_C5_TX_CONFIG ret=0 ext=1 len=169 msg=40 reason=bounded-c5-flood
DBG_UWB_TX_CH5
DBG_NC o=0000000000000015 g=00000015 w=00 e=00000022 s=00000005 q=0004>0005 r=00000000 f=00000001 t=00000000 p=00000000 a=00
DBG_NC o=0000000000000015 g=00000015 w=00 e=00000041 s=00000005 q=0005>0008 r=00000000 f=00000026 t=00000000 p=00000001 a=01
DBG_NODE_COMM_ATTEMPT handle=21 profile=6 attempt=1 ret=0 rf=1 scheduled=0 state=0
DBG_GATEWAY_RX_START reason=gateway mesh restart active=1 qrx=0 qtx=0 adv_due=0
DBG_ENUM_RF_RESULT kind=3 handle=21 success=1 reason=0 tries=1
DBG_COORD state=gateway-rx owner=uwb-rx reason=gateway-rx rx=0 tx=0 relay=0 route=0 ack=0 qack=0
DBG_DWM_INVALIDATE tag=configure_radio_from_reset active_phy=4 configured=1 awake=1
DBG_DWM_MARK_UNCONFIGURED tag=initialise_radio prev_phy=0
DBG_GATEWAY_CH9_RX_CONT_ARM now=456155 rem=500 frames=0 errors=0
DBG_GATEWAY_CH9_RX_CONT_RESULT start=456155 end=456656 ret=-116 fail=0 status=0x02000000 len=0 frames=0
DBG_GATEWAY_CH9_RX_CONT_ARM now=456658 rem=500 frames=0 errors=0
DBG_GATEWAY_CH9_RX_CONT_RESULT start=456658 end=457159 ret=-116 fail=0 status=0x00000000 len=0 frames=0
DBG_GATEWAY_COMMAND_PRIORITY_SUBMIT ret=0 now=457160
DBG_GATEWAY_CH9_RX_CONT_ARM now=457161 rem=500 frames=0 errors=0
DBG_GATEWAY_CH9_RX_CONT_RESULT start=457161 end=457162 ret=-140 fail=0 status=0x00000000 len=0 frames=0
DBG_GATEWAY_CH9_RX_COMMAND_PREEMPT now=457163 rem=500 frames=0
DBG_GATEWAY_CH9_RX_CONT_DONE ret=-140 len=0 fail=0 recover=0
DBG_STACK_RUN_BEGIN epoch=6458762704145168284 run=127 kind=ble_backpressure owner=system_workqueue queue=2 custody=2 credit=0 retry=0 drain=2 src=11068027678940948070 dst=11068027678940948070 session=51904675 seq=163 type=86 sequence=0 previous=0 uptime=457164
DBG_STACK_SAMPLE_BEGIN epoch=6458762704145168284 run=127 sample=127 kind=ble_backpressure owner=system_workqueue queue=2 custody=2 credit=0 retry=0 drain=2 src=11068027678940948070 dst=11068027678940948070 session=51904675 seq=163 type=86 uptime=457164
DBG_STACK_ISR_CONFIG size=8192 run=127 sample=127
DBG_STACK name=BT RX WQ tid=0x2000fe28 used=760 free=776 size=1536 ret=0 run=127 sample=127
DBG_STACK name=mesh_route tid=0x2000d560 used=5904 free=2288 size=8192 ret=0 run=127 sample=127
DBG_STACK name=sysworkq tid=0x20010d80 used=2408 free=2072 size=4480 ret=0 run=127 sample=127
DBG_STACK name=MPSL Work tid=0x20010b38 used=376 free=648 size=1024 ret=0 run=127 sample=127
DBG_STACK name=logging tid=0x2000f930 used=480 free=1568 size=2048 ret=0 run=127 sample=127
DBG_STACK name=idle tid=0x20010c10 used=64 free=256 size=320 ret=0 run=127 sample=127
DBG_STACK_SAMPLE_END run=127 sample=127
DBG_STACK_RUN_END epoch=6458762704145168284 run=127 kind=ble_backpressure owner=system_workqueue outcome=ack queue=2 custody=0 credit=1 retry=0 drain=2 src=11068027678940948070 dst=11068027678940948070 session=51904675 seq=163 type=86 samples=1 sequence=0 previous=0 uptime=457189
DBG_STACK_RUN_BEGIN epoch=6458762704145168284 run=128 kind=ble_backpressure owner=system_workqueue queue=2 custody=2 credit=0 retry=0 drain=2 src=11068027678940948070 dst=11068027678940948070 session=3814537624 seq=14744 type=65 sequence=0 previous=0 uptime=457626
DBG_STACK_SAMPLE_BEGIN epoch=6458762704145168284 run=128 sample=128 kind=ble_backpressure owner=system_workqueue queue=2 custody=2 credit=0 retry=0 drain=2 src=11068027678940948070 dst=11068027678940948070 session=3814537624 seq=14744 type=65 uptime=457627
DBG_STACK_ISR_CONFIG size=8192 run=128 sample=128
DBG_STACK name=BT RX WQ tid=0x2000fe28 used=760 free=776 size=1536 ret=0 run=128 sample=128
DBG_STACK name=mesh_route tid=0x2000d560 used=5904 free=2288 size=8192 ret=0 run=128 sample=128
DBG_STACK name=sysworkq tid=0x20010d80 used=2408 free=2072 size=4480 ret=0 run=128 sample=128
DBG_STACK name=MPSL Work tid=0x20010b38 used=376 free=648 size=1024 ret=0 run=128 sample=128
DBG_STACK name=logging tid=0x2000f930 used=480 free=1568 size=2048 ret=0 run=128 sample=128
DBG_STACK name=idle tid=0x20010c10 used=64 free=256 size=320 ret=0 run=128 sample=128
DBG_STACK_SAMPLE_END run=128 sample=128
DBG_STACK_RUN_END epoch=6458762704145168284 run=128 kind=ble_backpressure owner=system_workqueue outcome=ack queue=2 custody=0 credit=1 retry=0 drain=2 src=11068027678940948070 dst=11068027678940948070 session=3814537624 seq=14744 type=65 samples=1 sequence=0 previous=0 uptime=457642
DBG_GATEWAY_CH9_RX_CONT_RESULT start=457165 end=457666 ret=-116 fail=0 status=0x00000000 len=0 frames=0
DBG_GATEWAY_CH9_RX_CONT_ARM now=457668 rem=500 frames=0 errors=0
DBG_STACK_RUN_BEGIN epoch=6458762704145168284 run=129 kind=ble_backpressure owner=system_workqueue queue=1 custody=1 credit=0 retry=0 drain=1 src=11068027678940948070 dst=11068027678940948070 session=51904676 seq=164 type=86 sequence=0 previous=0 uptime=458076
DBG_STACK_SAMPLE_BEGIN epoch=6458762704145168284 run=129 sample=129 kind=ble_backpressure owner=system_workqueue queue=1 custody=1 credit=0 retry=0 drain=1 src=11068027678940948070 dst=11068027678940948070 session=51904676 seq=164 type=86 uptime=458076
DBG_STACK_ISR_CONFIG size=8192 run=129 sample=129
DBG_STACK name=BT RX WQ tid=0x2000fe28 used=760 free=776 size=1536 ret=0 run=129 sample=129
DBG_STACK name=mesh_route tid=0x2000d560 used=5904 free=2288 size=8192 ret=0 run=129 sample=129
DBG_STACK name=sysworkq tid=0x20010d80 used=2408 free=2072 size=4480 ret=0 run=129 sample=129
DBG_STACK name=MPSL Work tid=0x20010b38 used=376 free=648 size=1024 ret=0 run=129 sample=129
DBG_STACK name=logging tid=0x2000f930 used=480 free=1568 size=2048 ret=0 run=129 sample=129
DBG_STACK name=idle tid=0x20010c10 used=64 free=256 size=320 ret=0 run=129 sample=129
DBG_STACK_SAMPLE_END run=129 sample=129
DBG_STACK_RUN_END epoch=6458762704145168284 run=129 kind=ble_backpressure owner=system_workqueue outcome=ack queue=1 custody=0 credit=1 retry=0 drain=1 src=11068027678940948070 dst=11068027678940948070 session=51904676 seq=164 type=86 samples=1 sequence=0 previous=0 uptime=458098
DBG_GATEWAY_CH9_RX_CONT_RESULT start=457668 end=458169 ret=-116 fail=0 status=0x00000000 len=0 frames=0
DBG_GATEWAY_CH9_RX_CONT_ARM now=458171 rem=500 frames=0 errors=0
DBG_STACK_RUN_BEGIN epoch=6458762704145168284 run=130 kind=ble_backpressure owner=system_workqueue queue=1 custody=1 credit=0 retry=0 drain=1 src=11068027678940948070 dst=11068027678940948070 session=51904677 seq=165 type=86 sequence=0 previous=0 uptime=458526
DBG_STACK_SAMPLE_BEGIN epoch=6458762704145168284 run=130 sample=130 kind=ble_backpressure owner=system_workqueue queue=1 custody=1 credit=0 retry=0 drain=1 src=11068027678940948070 dst=11068027678940948070 session=51904677 seq=165 type=86 uptime=458527
DBG_STACK_ISR_CONFIG size=8192 run=130 sample=130
DBG_STACK name=BT RX WQ tid=0x2000fe28 used=760 free=776 size=1536 ret=0 run=130 sample=130
DBG_STACK name=mesh_route tid=0x2000d560 used=5904 free=2288 size=8192 ret=0 run=130 sample=130
DBG_STACK name=sysworkq tid=0x20010d80 used=2408 free=2072 size=4480 ret=0 run=130 sample=130
DBG_STACK name=MPSL Work tid=0x20010b38 used=376 free=648 size=1024 ret=0 run=130 sample=130
DBG_STACK name=logging tid=0x2000f930 used=480 free=1568 size=2048 ret=0 run=130 sample=130
DBG_STACK name=idle tid=0x20010c10 used=64 free=256 size=320 ret=0 run=130 sample=130
DBG_STACK_SAMPLE_END run=130 sample=130
DBG_STACK_RUN_END epoch=6458762704145168284 run=130 kind=ble_backpressure owner=system_workqueue outcome=ack queue=1 custody=0 credit=1 retry=0 drain=1 src=11068027678940948070 dst=11068027678940948070 session=51904677 seq=165 type=86 samples=1 sequence=0 previous=0 uptime=458548
DBG_GATEWAY_CH9_RX_CONT_RESULT start=458171 end=458672 ret=-116 fail=0 status=0x00000000 len=0 frames=0
DBG_GATEWAY_CH9_RX_CONT_ARM now=458674 rem=500 frames=0 errors=0
DBG_STACK_RUN_BEGIN epoch=6458762704145168284 run=131 kind=ble_backpressure owner=system_workqueue queue=1 custody=1 credit=0 retry=0 drain=1 src=11068027678940948070 dst=11068027678940948070 session=51904678 seq=166 type=86 sequence=0 previous=0 uptime=458976
DBG_STACK_SAMPLE_BEGIN epoch=6458762704145168284 run=131 sample=131 kind=ble_backpressure owner=system_workqueue queue=1 custody=1 credit=0 retry=0 drain=1 src=11068027678940948070 dst=11068027678940948070 session=51904678 seq=166 type=86 uptime=458977
DBG_STACK_ISR_CONFIG size=8192 run=131 sample=131
DBG_STACK name=BT RX WQ tid=0x2000fe28 used=760 free=776 size=1536 ret=0 run=131 sample=131
DBG_STACK name=mesh_route tid=0x2000d560 used=5904 free=2288 size=8192 ret=0 run=131 sample=131
DBG_STACK name=sysworkq tid=0x20010d80 used=2408 free=2072 size=4480 ret=0 run=131 sample=131
DBG_STACK name=MPSL Work tid=0x20010b38 used=376 free=648 size=1024 ret=0 run=131 sample=131
DBG_STACK name=logging tid=0x2000f930 used=480 free=1568 size=2048 ret=0 run=131 sample=131
DBG_STACK name=idle tid=0x20010c10 used=64 free=256 size=320 ret=0 run=131 sample=131
DBG_STACK_SAMPLE_END run=131 sample=131
DBG_STACK_RUN_END epoch=6458762704145168284 run=131 kind=ble_backpressure owner=system_workqueue outcome=ack queue=1 custody=0 credit=1 retry=0 drain=1 src=11068027678940948070 dst=11068027678940948070 session=51904678 seq=166 type=86 samples=1 sequence=0 previous=0 uptime=458988
DBG_GATEWAY_CH9_RX_CONT_RESULT start=458674 end=459175 ret=-116 fail=0 status=0x00000000 len=0 frames=0
DBG_GATEWAY_CH9_RX_CONT_ARM now=459177 rem=500 frames=0 errors=0
DBG_STACK_RUN_BEGIN epoch=6458762704145168284 run=132 kind=ble_backpressure owner=system_workqueue queue=1 custody=1 credit=0 retry=0 drain=1 src=11068027678940948070 dst=11068027678940948070 session=51904679 seq=167 type=86 sequence=0 previous=0 uptime=459426
DBG_STACK_SAMPLE_BEGIN epoch=6458762704145168284 run=132 sample=132 kind=ble_backpressure owner=system_workqueue queue=1 custody=1 credit=0 retry=0 drain=1 src=11068027678940948070 dst=11068027678940948070 session=51904679 seq=167 type=86 uptime=459427
DBG_STACK_ISR_CONFIG size=8192 run=132 sample=132
DBG_STACK name=BT RX WQ tid=0x2000fe28 used=760 free=776 size=1536 ret=0 run=132 sample=132
DBG_STACK name=mesh_route tid=0x2000d560 used=5904 free=2288 size=8192 ret=0 run=132 sample=132
DBG_STACK name=sysworkq tid=0x20010d80 used=2408 free=2072 size=4480 ret=0 run=132 sample=132
DBG_STACK name=MPSL Work tid=0x20010b38 used=376 free=648 size=1024 ret=0 run=132 sample=132
DBG_STACK name=logging tid=0x2000f930 used=480 free=1568 size=2048 ret=0 run=132 sample=132
DBG_STACK name=idle tid=0x20010c10 used=64 free=256 size=320 ret=0 run=132 sample=132
DBG_STACK_SAMPLE_END run=132 sample=132
DBG_STACK_RUN_END epoch=6458762704145168284 run=132 kind=ble_backpressure owner=system_workqueue outcome=ack queue=1 custody=0 credit=1 retry=0 drain=1 src=11068027678940948070 dst=11068027678940948070 session=51904679 seq=167 type=86 samples=1 sequence=0 previous=0 uptime=459445
DBG_GATEWAY_CH9_RX_CONT_RESULT start=459177 end=459678 ret=-116 fail=0 status=0x00000000 len=0 frames=0
DBG_GATEWAY_CH9_RX_CONT_ARM now=459680 rem=500 frames=0 errors=0
DBG_STACK_RUN_BEGIN epoch=6458762704145168284 run=133 kind=ble_backpressure owner=system_workqueue queue=1 custody=1 credit=0 retry=0 drain=1 src=11068027678940948070 dst=11068027678940948070 session=51904680 seq=168 type=86 sequence=0 previous=0 uptime=459876
DBG_STACK_SAMPLE_BEGIN epoch=6458762704145168284 run=133 sample=133 kind=ble_backpressure owner=system_workqueue queue=1 custody=1 credit=0 retry=0 drain=1 src=11068027678940948070 dst=11068027678940948070 session=51904680 seq=168 type=86 uptime=459877
DBG_STACK_ISR_CONFIG size=8192 run=133 sample=133
DBG_STACK name=BT RX WQ tid=0x2000fe28 used=760 free=776 size=1536 ret=0 run=133 sample=133
DBG_STACK name=mesh_route tid=0x2000d560 used=5904 free=2288 size=8192 ret=0 run=133 sample=133
DBG_STACK name=sysworkq tid=0x20010d80 used=2408 free=2072 size=4480 ret=0 run=133 sample=133
DBG_STACK name=MPSL Work tid=0x20010b38 used=376 free=648 size=1024 ret=0 run=133 sample=133
DBG_STACK name=logging tid=0x2000f930 used=480 free=1568 size=2048 ret=0 run=133 sample=133
DBG_STACK name=idle tid=0x20010c10 used=64 free=256 size=320 ret=0 run=133 sample=133
DBG_STACK_SAMPLE_END run=133 sample=133
DBG_STACK_RUN_END epoch=6458762704145168284 run=133 kind=ble_backpressure owner=system_workqueue outcome=ack queue=1 custody=0 credit=1 retry=0 drain=1 src=11068027678940948070 dst=11068027678940948070 session=51904680 seq=168 type=86 samples=1 sequence=0 previous=0 uptime=459897
DBG_GATEWAY_CH9_RX_CONT_RESULT start=459680 end=460181 ret=-116 fail=0 status=0x00000000 len=0 frames=0
DBG_GATEWAY_CH9_RX_CONT_ARM now=460183 rem=500 frames=0 errors=0
DBG_GATEWAY_CH9_RX_CONT_RESULT start=460183 end=460684 ret=-116 fail=0 status=0x00000000 len=0 frames=0
DBG_GATEWAY_CH9_RX_CONT_ARM now=460690 rem=500 frames=0 errors=0
DBG_GATEWAY_CH9_RX_CONT_RESULT start=460690 end=461190 ret=-116 fail=0 status=0x00000000 len=0 frames=0
DBG_GATEWAY_CH9_RX_CONT_ARM now=461192 rem=500 frames=0 errors=0
DBG_GATEWAY_CH9_RX_CONT_RESULT start=461192 end=461693 ret=-116 fail=0 status=0x00000000 len=0 frames=0
DBG_GATEWAY_CH9_RX_CONT_ARM now=461695 rem=500 frames=0 errors=0
DBG_GATEWAY_CH9_RX_CONT_RESULT start=461695 end=462196 ret=-116 fail=0 status=0x00000000 len=0 frames=0
DBG_GATEWAY_CH9_RX_CONT_ARM now=462198 rem=500 frames=0 errors=0
DBG_GATEWAY_BLE event=disconnected reason=19 uptime=462395
DBG_GATEWAY_BLE event=recovery round=1 delay_ms=354 reason=disconnected uptime=462395
DBG_GATEWAY_CH9_RX_CONT_RESULT start=462198 end=462699 ret=-116 fail=0 status=0x00000000 len=0 frames=0
DBG_GATEWAY_CH9_RX_CONT_ARM now=462701 rem=500 frames=0 errors=0
DBG_GATEWAY_CH9_RX_CONT_RESULT start=462701 end=463202 ret=-116 fail=0 status=0x00000000 len=0 frames=0
DBG_GATEWAY_CH9_RX_CONT_ARM now=463204 rem=500 frames=0 errors=0
DBG_GATEWAY_CH9_RX_CONT_RESULT start=463204 end=463705 ret=-116 fail=0 status=0x00000000 len=0 frames=0
DBG_GATEWAY_CH9_RX_CONT_ARM now=463707 rem=500 frames=0 errors=0
DBG_GATEWAY_CH9_RX_CONT_RESULT start=463707 end=464208 ret=-116 fail=0 status=0x00000000 len=0 frames=0
DBG_GATEWAY_CH9_RX_CONT_ARM now=464210 rem=500 frames=0 errors=0
DBG_GATEWAY_CH9_RX_CONT_RESULT start=464210 end=464711 ret=-116 fail=0 status=0x00000000 len=0 frames=0
DBG_GATEWAY_CH9_RX_CONT_ARM now=464713 rem=500 frames=0 errors=0
DBG_GATEWAY_CH9_RX_CONT_RESULT start=464713 end=465214 ret=-116 fail=0 status=0x00000000 len=0 frames=0
DBG_GATEWAY_CH9_RX_CONT_ARM now=465216 rem=500 frames=0 errors=0
DBG_GATEWAY_CH9_RX_CONT_RESULT start=465216 end=465717 ret=-116 fail=0 status=0x00000000 len=0 frames=0
DBG_GATEWAY_CH9_RX_CONT_ARM now=465719 rem=500 frames=0 errors=0
DBG_GATEWAY_CH9_RX_CONT_RESULT start=465719 end=466220 ret=-116 fail=0 status=0x00000000 len=0 frames=0
DBG_GATEWAY_CH9_RX_CONT_ARM now=466222 rem=500 frames=0 errors=0
DBG_GATEWAY_CH9_RX_CONT_RESULT start=466222 end=466723 ret=-116 fail=0 status=0x00000000 len=0 frames=0
DBG_GATEWAY_CH9_RX_CONT_ARM now=466725 rem=500 frames=0 errors=0
DBG_GATEWAY_CH9_RX_CONT_RESULT start=466725 end=467226 ret=-116 fail=0 status=0x00000000 len=0 frames=0
DBG_GATEWAY_CH9_RX_CONT_ARM now=467228 rem=500 frames=0 errors=0
DBG_GATEWAY_CH9_RX_CONT_RESULT start=467228 end=467729 ret=-116 fail=0 status=0x00000000 len=0 frames=0
DBG_GATEWAY_CH9_RX_CONT_ARM now=467731 rem=500 frames=0 errors=0
DBG_GATEWAY_CH9_RX_CONT_RESULT start=467731 end=468232 ret=-116 fail=0 status=0x00000000 len=0 frames=0
DBG_GATEWAY_CH9_RX_CONT_ARM now=468234 rem=500 frames=0 errors=0
DBG_GATEWAY_CH9_RX_CONT_RESULT start=468234 end=468735 ret=-116 fail=0 status=0x00000000 len=0 frames=0
DBG_GATEWAY_CH9_RX_CONT_ARM now=468737 rem=500 frames=0 errors=0
DBG_GATEWAY_CH9_RX_CONT_RESULT start=468737 end=469238 ret=-116 fail=0 status=0x00000000 len=0 frames=0
DBG_GATEWAY_CH9_RX_CONT_ARM now=469240 rem=500 frames=0 errors=0
DBG_GATEWAY_CH9_RX_CONT_RESULT start=469240 end=469741 ret=-116 fail=0 status=0x00000000 len=0 frames=0
DBG_GATEWAY_CH9_RX_CONT_ARM now=469743 rem=500 frames=0 errors=0
DBG_GATEWAY_CH9_RX_CONT_RESULT start=469743 end=470244 ret=-116 fail=0 status=0x00000000 len=0 frames=0
DBG_GATEWAY_CH9_RX_CONT_ARM now=470246 rem=500 frames=0 errors=0
