BLE_CONNECTED gateway_id=0x9999888877776666 command=here-i-am session=3264569655 frame=04c101400201010101010101116666777788889999376195c2376101330101010410020c06ab04dc620607ae0b0101010304dc620607e803ae1301020310620102c8040604fa010104b5f80305ae0501030502015e8b00
BLE_CHUNK len=118 hex=4757012801060100560401000100880266667777888899996666777788889999000000004e007cbb014e0302000000000c006400376195c200000000376195c23761000001008802000000000000000000000000000000000000000000000000000000000000000000000000000000000000000000ff
BLE_PACKET type=0x56 src=0x9999888877776666 dst=0x9999888877776666 session=42467329 seq=1 payload=014e0302000000000c006400376195c200000000376195c23761000001008802000000000000000000000000000000000000000000000000000000000000000000000000000000000000000000ff
GATEWAY_COMMAND_EVENT GatewayCommandEvent(command_kind=3, stage=2, flags=0, attempt=0, command_status=0, reason=0, command_id=12, route_epoch=100, correlation_id=3264569655, gateway_sequence=0, host_session_id=3264569655, host_sequence=24887, event_sequence=42467329, anchor_id=0, pair_initiator_id=0, pair_responder_id=0, previous_hop_id=0, progress_count=0, total_count=0, success_count=0, failure_count=0, duplicate_count=0, lost_event_count=0, hop_count=0, discovery_slot=255)
BLE_HOST_RECEIPT type=0x56 src=0x9999888877776666 session=42467329 seq=1
BLE_CHUNK len=118 hex=4757012801060100560402000200880266667777888899996666777788889999000000004e00d87e014e0303000000000c006400376195c200000000376195c23761000002008802000000000000000000000000000000000000000000000000000000000000000000000000000000000000000000ff
BLE_PACKET type=0x56 src=0x9999888877776666 dst=0x9999888877776666 session=42467330 seq=2 payload=014e0303000000000c006400376195c200000000376195c23761000002008802000000000000000000000000000000000000000000000000000000000000000000000000000000000000000000ff
GATEWAY_COMMAND_EVENT GatewayCommandEvent(command_kind=3, stage=3, flags=0, attempt=0, command_status=0, reason=0, command_id=12, route_epoch=100, correlation_id=3264569655, gateway_sequence=0, host_session_id=3264569655, host_sequence=24887, event_sequence=42467330, anchor_id=0, pair_initiator_id=0, pair_responder_id=0, previous_hop_id=0, progress_count=0, total_count=0, success_count=0, failure_count=0, duplicate_count=0, lost_event_count=0, hop_count=0, discovery_slot=255)
BLE_HOST_RECEIPT type=0x56 src=0x9999888877776666 session=42467330 seq=2
BLE_CHUNK len=118 hex=4757012801060100560404000400880266667777888899996666777788889999000000004e006de3014e0304000100000c006400376195c203008802376195c23761000004008802000000000000000000000000000000000000000000000000000000000000000004000000000000000000000000ff
BLE_PACKET type=0x56 src=0x9999888877776666 dst=0x9999888877776666 session=42467332 seq=4 payload=014e0304000100000c006400376195c203008802376195c23761000004008802000000000000000000000000000000000000000000000000000000000000000004000000000000000000000000ff
GATEWAY_COMMAND_EVENT GatewayCommandEvent(command_kind=3, stage=4, flags=0, attempt=1, command_status=0, reason=0, command_id=12, route_epoch=100, correlation_id=3264569655, gateway_sequence=42467331, host_session_id=3264569655, host_sequence=24887, event_sequence=42467332, anchor_id=0, pair_initiator_id=0, pair_responder_id=0, previous_hop_id=0, progress_count=4, total_count=0, success_count=0, failure_count=0, duplicate_count=0, lost_event_count=0, hop_count=0, discovery_slot=255)
BLE_HOST_RECEIPT type=0x56 src=0x9999888877776666 session=42467332 seq=4
BLE_CHUNK len=51 hex=475701280102010041043761376195c266667777888899996666777788889999000000000b00a18510020c00110200001e0100
BLE_PACKET type=0x41 src=0x9999888877776666 dst=0x9999888877776666 session=3264569655 seq=24887 payload=10020c00110200001e0100
BLE_HOST_RECEIPT type=0x41 src=0x9999888877776666 session=3264569655 seq=24887
BLE_CHUNK len=118 hex=4757012801060000560405000500880266667777888899996666777788889999000000004e00391b014e030c030100000c006400376195c203008802376195c23761000005008802000000000000000000000000000000000000000000000000000000000000000004000000000000000000000000ff
BLE_PACKET type=0x56 src=0x9999888877776666 dst=0x9999888877776666 session=42467333 seq=5 payload=014e030c030100000c006400376195c203008802376195c23761000005008802000000000000000000000000000000000000000000000000000000000000000004000000000000000000000000ff
GATEWAY_COMMAND_EVENT GatewayCommandEvent(command_kind=3, stage=12, flags=3, attempt=1, command_status=0, reason=0, command_id=12, route_epoch=100, correlation_id=3264569655, gateway_sequence=42467331, host_session_id=3264569655, host_sequence=24887, event_sequence=42467333, anchor_id=0, pair_initiator_id=0, pair_responder_id=0, previous_hop_id=0, progress_count=4, total_count=0, success_count=0, failure_count=0, duplicate_count=0, lost_event_count=0, hop_count=0, discovery_slot=255)
BLE_HOST_RECEIPT type=0x56 src=0x9999888877776666 session=42467333 seq=5
HERE_I_AM_LOCAL_FLOOD_OK attempts=1 retries=0 delivery_claim=local-broadcast-only
BLE_CONNECTED gateway_id=0x9999888877776666 command=assign-slots session=3264569656 frame=04c101400201010101010101116666777788889999386195c23861011b010101081002040178020306ab04dc620607ae0b0101010304dc620605e803199700
BLE_CHUNK len=118 hex=4757012801060100560406000600880266667777888899996666777788889999000000004e00f430014e01020000000004016400386195c200000000386195c23861000006008802000000000000000000000000000000000000000000000000000000000000000000000000000000000000000000ff
BLE_PACKET type=0x56 src=0x9999888877776666 dst=0x9999888877776666 session=42467334 seq=6 payload=014e01020000000004016400386195c200000000386195c23861000006008802000000000000000000000000000000000000000000000000000000000000000000000000000000000000000000ff
GATEWAY_COMMAND_EVENT GatewayCommandEvent(command_kind=1, stage=2, flags=0, attempt=0, command_status=0, reason=0, command_id=260, route_epoch=100, correlation_id=3264569656, gateway_sequence=0, host_session_id=3264569656, host_sequence=24888, event_sequence=42467334, anchor_id=0, pair_initiator_id=0, pair_responder_id=0, previous_hop_id=0, progress_count=0, total_count=0, success_count=0, failure_count=0, duplicate_count=0, lost_event_count=0, hop_count=0, discovery_slot=255)
BLE_HOST_RECEIPT type=0x56 src=0x9999888877776666 session=42467334 seq=6
BLE_CHUNK len=118 hex=4757012801060100560407000700880266667777888899996666777788889999000000004e00bcd1014e01030000000004016400386195c200000000386195c23861000007008802000000000000000000000000000000000000000000000000000000000000000000000000000000000000000000ff
BLE_PACKET type=0x56 src=0x9999888877776666 dst=0x9999888877776666 session=42467335 seq=7 payload=014e01030000000004016400386195c200000000386195c23861000007008802000000000000000000000000000000000000000000000000000000000000000000000000000000000000000000ff
GATEWAY_COMMAND_EVENT GatewayCommandEvent(command_kind=1, stage=3, flags=0, attempt=0, command_status=0, reason=0, command_id=260, route_epoch=100, correlation_id=3264569656, gateway_sequence=0, host_session_id=3264569656, host_sequence=24888, event_sequence=42467335, anchor_id=0, pair_initiator_id=0, pair_responder_id=0, previous_hop_id=0, progress_count=0, total_count=0, success_count=0, failure_count=0, duplicate_count=0, lost_event_count=0, hop_count=0, discovery_slot=255)
BLE_HOST_RECEIPT type=0x56 src=0x9999888877776666 session=42467335 seq=7
BLE_CHUNK len=118 hex=4757012801060100560409000900880266667777888899996666777788889999000000004e00233d014e01030000000004016400386195c208008802386195c23861000009008802000000000000000000000000000000000000000000000000000000000000000000000000000000000000000000ff
BLE_PACKET type=0x56 src=0x9999888877776666 dst=0x9999888877776666 session=42467337 seq=9 payload=014e01030000000004016400386195c208008802386195c23861000009008802000000000000000000000000000000000000000000000000000000000000000000000000000000000000000000ff
GATEWAY_COMMAND_EVENT GatewayCommandEvent(command_kind=1, stage=3, flags=0, attempt=0, command_status=0, reason=0, command_id=260, route_epoch=100, correlation_id=3264569656, gateway_sequence=42467336, host_session_id=3264569656, host_sequence=24888, event_sequence=42467337, anchor_id=0, pair_initiator_id=0, pair_responder_id=0, previous_hop_id=0, progress_count=0, total_count=0, success_count=0, failure_count=0, duplicate_count=0, lost_event_count=0, hop_count=0, discovery_slot=255)
BLE_HOST_RECEIPT type=0x56 src=0x9999888877776666 session=42467337 seq=9
BLE_CHUNK len=118 hex=475701280106010056040b000b00880266667777888899996666777788889999000000004e001764014e01040001000004016400386195c208008802386195c2386100000b008802000000000000000000000000000000000000000000000000000000000000000000000000000000000000000000ff
BLE_PACKET type=0x56 src=0x9999888877776666 dst=0x9999888877776666 session=42467339 seq=11 payload=014e01040001000004016400386195c208008802386195c2386100000b008802000000000000000000000000000000000000000000000000000000000000000000000000000000000000000000ff
GATEWAY_COMMAND_EVENT GatewayCommandEvent(command_kind=1, stage=4, flags=0, attempt=1, command_status=0, reason=0, command_id=260, route_epoch=100, correlation_id=3264569656, gateway_sequence=42467336, host_session_id=3264569656, host_sequence=24888, event_sequence=42467339, anchor_id=0, pair_initiator_id=0, pair_responder_id=0, previous_hop_id=0, progress_count=0, total_count=0, success_count=0, failure_count=0, duplicate_count=0, lost_event_count=0, hop_count=0, discovery_slot=255)
BLE_HOST_RECEIPT type=0x56 src=0x9999888877776666 session=42467339 seq=11
BLE_CHUNK len=118 hex=475701280106010056040c000c00880266667777888899996666777788889999000000004e005347014e01060000000004016400386195c208008802386195c2386100000c00880207cbc8c619961a190000000000000000000000000000000007cbc8c619961a1901000000000000000000000001ff
BLE_PACKET type=0x56 src=0x9999888877776666 dst=0x9999888877776666 session=42467340 seq=12 payload=014e01060000000004016400386195c208008802386195c2386100000c00880207cbc8c619961a190000000000000000000000000000000007cbc8c619961a1901000000000000000000000001ff
GATEWAY_COMMAND_EVENT GatewayCommandEvent(command_kind=1, stage=6, flags=0, attempt=0, command_status=0, reason=0, command_id=260, route_epoch=100, correlation_id=3264569656, gateway_sequence=42467336, host_session_id=3264569656, host_sequence=24888, event_sequence=42467340, anchor_id=1808923237796072199, pair_initiator_id=0, pair_responder_id=0, previous_hop_id=1808923237796072199, progress_count=1, total_count=0, success_count=0, failure_count=0, duplicate_count=0, lost_event_count=0, hop_count=1, discovery_slot=255)
BLE_HOST_RECEIPT type=0x56 src=0x9999888877776666 session=42467340 seq=12
BLE_CHUNK len=118 hex=475701280106010056040d000d00880266667777888899996666777788889999000000004e00b390014e01060000000004016400386195c208008802386195c2386100000d0088020e3070b9aac08b70000000000000000000000000000000000e3070b9aac08b7002000000000000000000000001ff
BLE_PACKET type=0x56 src=0x9999888877776666 dst=0x9999888877776666 session=42467341 seq=13 payload=014e01060000000004016400386195c208008802386195c2386100000d0088020e3070b9aac08b70000000000000000000000000000000000e3070b9aac08b7002000000000000000000000001ff
GATEWAY_COMMAND_EVENT GatewayCommandEvent(command_kind=1, stage=6, flags=0, attempt=0, command_status=0, reason=0, command_id=260, route_epoch=100, correlation_id=3264569656, gateway_sequence=42467336, host_session_id=3264569656, host_sequence=24888, event_sequence=42467341, anchor_id=8109787393498820622, pair_initiator_id=0, pair_responder_id=0, previous_hop_id=8109787393498820622, progress_count=2, total_count=0, success_count=0, failure_count=0, duplicate_count=0, lost_event_count=0, hop_count=1, discovery_slot=255)
BLE_HOST_RECEIPT type=0x56 src=0x9999888877776666 session=42467341 seq=13
BLE_CHUNK len=118 hex=475701280106010056040e000e00880266667777888899996666777788889999000000004e000ff9014e01060000000004016400386195c208008802386195c2386100000e00880241d1f64afe25da560000000000000000000000000000000041d1f64afe25da5603000000000000000000000001ff
BLE_PACKET type=0x56 src=0x9999888877776666 dst=0x9999888877776666 session=42467342 seq=14 payload=014e01060000000004016400386195c208008802386195c2386100000e00880241d1f64afe25da560000000000000000000000000000000041d1f64afe25da5603000000000000000000000001ff
GATEWAY_COMMAND_EVENT GatewayCommandEvent(command_kind=1, stage=6, flags=0, attempt=0, command_status=0, reason=0, command_id=260, route_epoch=100, correlation_id=3264569656, gateway_sequence=42467336, host_session_id=3264569656, host_sequence=24888, event_sequence=42467342, anchor_id=6258356406294335809, pair_initiator_id=0, pair_responder_id=0, previous_hop_id=6258356406294335809, progress_count=3, total_count=0, success_count=0, failure_count=0, duplicate_count=0, lost_event_count=0, hop_count=1, discovery_slot=255)
BLE_HOST_RECEIPT type=0x56 src=0x9999888877776666 session=42467342 seq=14
BLE_CHUNK len=118 hex=4757012801060100560411001100880266667777888899996666777788889999000000004e00fab6014e01080000000004016400386195c208008802386195c238610000110088020e3070b9aac08b700000000000000000000000000000000000000000000000000100030000000000000000000100
BLE_PACKET type=0x56 src=0x9999888877776666 dst=0x9999888877776666 session=42467345 seq=17 payload=014e01080000000004016400386195c208008802386195c238610000110088020e3070b9aac08b700000000000000000000000000000000000000000000000000100030000000000000000000100
GATEWAY_COMMAND_EVENT GatewayCommandEvent(command_kind=1, stage=8, flags=0, attempt=0, command_status=0, reason=0, command_id=260, route_epoch=100, correlation_id=3264569656, gateway_sequence=42467336, host_session_id=3264569656, host_sequence=24888, event_sequence=42467345, anchor_id=8109787393498820622, pair_initiator_id=0, pair_responder_id=0, previous_hop_id=0, progress_count=1, total_count=3, success_count=0, failure_count=0, duplicate_count=0, lost_event_count=0, hop_count=1, discovery_slot=0)
BLE_HOST_RECEIPT type=0x56 src=0x9999888877776666 session=42467345 seq=17
BLE_CHUNK len=118 hex=4757012801060100560412001200880266667777888899996666777788889999000000004e009451014e01080000000004016400386195c208008802386195c2386100001200880207cbc8c619961a190000000000000000000000000000000000000000000000000200030000000000000000000102
BLE_PACKET type=0x56 src=0x9999888877776666 dst=0x9999888877776666 session=42467346 seq=18 payload=014e01080000000004016400386195c208008802386195c2386100001200880207cbc8c619961a190000000000000000000000000000000000000000000000000200030000000000000000000102
GATEWAY_COMMAND_EVENT GatewayCommandEvent(command_kind=1, stage=8, flags=0, attempt=0, command_status=0, reason=0, command_id=260, route_epoch=100, correlation_id=3264569656, gateway_sequence=42467336, host_session_id=3264569656, host_sequence=24888, event_sequence=42467346, anchor_id=1808923237796072199, pair_initiator_id=0, pair_responder_id=0, previous_hop_id=0, progress_count=2, total_count=3, success_count=0, failure_count=0, duplicate_count=0, lost_event_count=0, hop_count=1, discovery_slot=2)
BLE_HOST_RECEIPT type=0x56 src=0x9999888877776666 session=42467346 seq=18
BLE_CHUNK len=118 hex=4757012801060100560413001300880266667777888899996666777788889999000000004e0064cb014e01080000000004016400386195c208008802386195c2386100001300880241d1f64afe25da560000000000000000000000000000000000000000000000000300030000000000000000000101
BLE_PACKET type=0x56 src=0x9999888877776666 dst=0x9999888877776666 session=42467347 seq=19 payload=014e01080000000004016400386195c208008802386195c2386100001300880241d1f64afe25da560000000000000000000000000000000000000000000000000300030000000000000000000101
GATEWAY_COMMAND_EVENT GatewayCommandEvent(command_kind=1, stage=8, flags=0, attempt=0, command_status=0, reason=0, command_id=260, route_epoch=100, correlation_id=3264569656, gateway_sequence=42467336, host_session_id=3264569656, host_sequence=24888, event_sequence=42467347, anchor_id=6258356406294335809, pair_initiator_id=0, pair_responder_id=0, previous_hop_id=0, progress_count=3, total_count=3, success_count=0, failure_count=0, duplicate_count=0, lost_event_count=0, hop_count=1, discovery_slot=1)
BLE_HOST_RECEIPT type=0x56 src=0x9999888877776666 session=42467347 seq=19
BLE_CHUNK len=118 hex=4757012801060100560416001600880266667777888899996666777788889999000000004e002c45014e01060000000004016400386195c208008802386195c238610000160088020e3070b9aac08b700000000000000000000000000000000000000000000000000100030001000000000000000100
BLE_PACKET type=0x56 src=0x9999888877776666 dst=0x9999888877776666 session=42467350 seq=22 payload=014e01060000000004016400386195c208008802386195c238610000160088020e3070b9aac08b700000000000000000000000000000000000000000000000000100030001000000000000000100
GATEWAY_COMMAND_EVENT GatewayCommandEvent(command_kind=1, stage=6, flags=0, attempt=0, command_status=0, reason=0, command_id=260, route_epoch=100, correlation_id=3264569656, gateway_sequence=42467336, host_session_id=3264569656, host_sequence=24888, event_sequence=42467350, anchor_id=8109787393498820622, pair_initiator_id=0, pair_responder_id=0, previous_hop_id=0, progress_count=1, total_count=3, success_count=1, failure_count=0, duplicate_count=0, lost_event_count=0, hop_count=1, discovery_slot=0)
BLE_HOST_RECEIPT type=0x56 src=0x9999888877776666 session=42467350 seq=22
BLE_CHUNK len=51 hex=475701280102010041043861386195c266667777888899996666777788889999000000000b00eedb10020401110200001e0103
BLE_PACKET type=0x41 src=0x9999888877776666 dst=0x9999888877776666 session=3264569656 seq=24888 payload=10020401110200001e0103
BLE_HOST_RECEIPT type=0x41 src=0x9999888877776666 session=3264569656 seq=24888
BLE_CHUNK len=118 hex=4757012801060100560417001700880266667777888899996666777788889999000000004e004975014e01060000000004016400386195c208008802386195c2386100001700880241d1f64afe25da560000000000000000000000000000000000000000000000000200030001000000000000000101
BLE_PACKET type=0x56 src=0x9999888877776666 dst=0x9999888877776666 session=42467351 seq=23 payload=014e01060000000004016400386195c208008802386195c2386100001700880241d1f64afe25da560000000000000000000000000000000000000000000000000200030001000000000000000101
GATEWAY_COMMAND_EVENT GatewayCommandEvent(command_kind=1, stage=6, flags=0, attempt=0, command_status=0, reason=0, command_id=260, route_epoch=100, correlation_id=3264569656, gateway_sequence=42467336, host_session_id=3264569656, host_sequence=24888, event_sequence=42467351, anchor_id=6258356406294335809, pair_initiator_id=0, pair_responder_id=0, previous_hop_id=0, progress_count=2, total_count=3, success_count=1, failure_count=0, duplicate_count=0, lost_event_count=0, hop_count=1, discovery_slot=1)
BLE_HOST_RECEIPT type=0x56 src=0x9999888877776666 session=42467351 seq=23
BLE_CHUNK len=118 hex=4757012801060100560418001800880266667777888899996666777788889999000000004e003d11014e01060000000004016400386195c208008802386195c2386100001800880207cbc8c619961a190000000000000000000000000000000000000000000000000300030001000000000000000102
BLE_PACKET type=0x56 src=0x9999888877776666 dst=0x9999888877776666 session=42467352 seq=24 payload=014e01060000000004016400386195c208008802386195c2386100001800880207cbc8c619961a190000000000000000000000000000000000000000000000000300030001000000000000000102
GATEWAY_COMMAND_EVENT GatewayCommandEvent(command_kind=1, stage=6, flags=0, attempt=0, command_status=0, reason=0, command_id=260, route_epoch=100, correlation_id=3264569656, gateway_sequence=42467336, host_session_id=3264569656, host_sequence=24888, event_sequence=42467352, anchor_id=1808923237796072199, pair_initiator_id=0, pair_responder_id=0, previous_hop_id=0, progress_count=3, total_count=3, success_count=1, failure_count=0, duplicate_count=0, lost_event_count=0, hop_count=1, discovery_slot=2)
BLE_HOST_RECEIPT type=0x56 src=0x9999888877776666 session=42467352 seq=24
BLE_CHUNK len=118 hex=4757012801060100560419001900880266667777888899996666777788889999000000004e000acf014e01070000000004016400386195c208008802386195c23861000019008802000000000000000000000000000000000000000000000000000000000000000003000300030000000000000000ff
BLE_PACKET type=0x56 src=0x9999888877776666 dst=0x9999888877776666 session=42467353 seq=25 payload=014e01070000000004016400386195c208008802386195c23861000019008802000000000000000000000000000000000000000000000000000000000000000003000300030000000000000000ff
GATEWAY_COMMAND_EVENT GatewayCommandEvent(command_kind=1, stage=7, flags=0, attempt=0, command_status=0, reason=0, command_id=260, route_epoch=100, correlation_id=3264569656, gateway_sequence=42467336, host_session_id=3264569656, host_sequence=24888, event_sequence=42467353, anchor_id=0, pair_initiator_id=0, pair_responder_id=0, previous_hop_id=0, progress_count=3, total_count=3, success_count=3, failure_count=0, duplicate_count=0, lost_event_count=0, hop_count=0, discovery_slot=255)
BLE_HOST_RECEIPT type=0x56 src=0x9999888877776666 session=42467353 seq=25
BLE_CHUNK len=118 hex=475701280106010056041a001a00880266667777888899996666777788889999000000004e0090dc014e01080001000004016400386195c208008802386195c2386100001a008802000000000000000000000000000000000000000000000000000000000000000003000300000000000000000000ff
BLE_PACKET type=0x56 src=0x9999888877776666 dst=0x9999888877776666 session=42467354 seq=26 payload=014e01080001000004016400386195c208008802386195c2386100001a008802000000000000000000000000000000000000000000000000000000000000000003000300000000000000000000ff
GATEWAY_COMMAND_EVENT GatewayCommandEvent(command_kind=1, stage=8, flags=0, attempt=1, command_status=0, reason=0, command_id=260, route_epoch=100, correlation_id=3264569656, gateway_sequence=42467336, host_session_id=3264569656, host_sequence=24888, event_sequence=42467354, anchor_id=0, pair_initiator_id=0, pair_responder_id=0, previous_hop_id=0, progress_count=3, total_count=3, success_count=0, failure_count=0, duplicate_count=0, lost_event_count=0, hop_count=0, discovery_slot=255)
BLE_HOST_RECEIPT type=0x56 src=0x9999888877776666 session=42467354 seq=26
BLE_CHUNK len=118 hex=475701280106000056041b001b00880266667777888899996666777788889999000000004e009ef6014e010c0100000004016400386195c208008802386195c2386100001b008802000000000000000000000000000000000000000000000000000000000000000003000300030000000000000000ff
BLE_PACKET type=0x56 src=0x9999888877776666 dst=0x9999888877776666 session=42467355 seq=27 payload=014e010c0100000004016400386195c208008802386195c2386100001b008802000000000000000000000000000000000000000000000000000000000000000003000300030000000000000000ff
GATEWAY_COMMAND_EVENT GatewayCommandEvent(command_kind=1, stage=12, flags=1, attempt=0, command_status=0, reason=0, command_id=260, route_epoch=100, correlation_id=3264569656, gateway_sequence=42467336, host_session_id=3264569656, host_sequence=24888, event_sequence=42467355, anchor_id=0, pair_initiator_id=0, pair_responder_id=0, previous_hop_id=0, progress_count=3, total_count=3, success_count=3, failure_count=0, duplicate_count=0, lost_event_count=0, hop_count=0, discovery_slot=255)
BLE_HOST_RECEIPT type=0x56 src=0x9999888877776666 session=42467355 seq=27
HERE_I_AM_REACHABILITY_QUALIFICATION_OK anchors=3 direct=3 multihop=0 retries=0
BLE_COMPLETE packets=22
