BLE_CHUNK len=51 hex=47570128010201004104b4e3b4e307c266667777888899996666777788889999000000000b00a18510020c00110200001e0100
BLE_PACKET type=0x41 src=0x9999888877776666 dst=0x9999888877776666 session=3255296948 seq=58292 payload=10020c00110200001e0100
BLE_CONNECTED gateway_id=0x9999888877776666 command=monitor
BLE_HOST_RECEIPT type=0x41 src=0x9999888877776666 session=3255296948 seq=58292
BLE_CHUNK len=118 hex=47570128010600005604050005002c0166667777888899996666777788889999000000004e004c20014e030c030100000c000d00b4e307c203002c01b4e307c2b4e3000005002c01000000000000000000000000000000000000000000000000000000000000000003000000000000000000000000ff
BLE_PACKET type=0x56 src=0x9999888877776666 dst=0x9999888877776666 session=19660805 seq=5 payload=014e030c030100000c000d00b4e307c203002c01b4e307c2b4e3000005002c01000000000000000000000000000000000000000000000000000000000000000003000000000000000000000000ff
GATEWAY_COMMAND_EVENT GatewayCommandEvent(command_kind=3, stage=12, flags=3, attempt=1, command_status=0, reason=0, command_id=12, route_epoch=13, correlation_id=3255296948, gateway_sequence=19660803, host_session_id=3255296948, host_sequence=58292, event_sequence=19660805, anchor_id=0, pair_initiator_id=0, pair_responder_id=0, previous_hop_id=0, progress_count=3, total_count=0, success_count=0, failure_count=0, duplicate_count=0, lost_event_count=0, hop_count=0, discovery_slot=255)
BLE_HOST_RECEIPT type=0x56 src=0x9999888877776666 session=19660805 seq=5
BLE_CHUNK len=244 hex=4757012801010000202401008e31c88458f8c0da3b3a6d0f666677778888999900000000ee0045780b082dab38516a30c2c10a0858f8c0da3b3a6d0f161058f8c0da3b3a6d0fe3640ad62b129996060452000201a90101aa0101070882830100000000000c04bf0100000f0206002518c8010000a8010000cb010000d0010000b3010000bc010000280600010203040529307e89010000000000c089010000000000038a010000000000448a010000000000868a010000000000c88a0100000000003404015200023304060000003502e880360290013804be2c83003904060000003a04060000003b04000000003c0400000000
BLE_CHUNK len=34 hex=3d0201004201054d02e3004e04fc1600000d01642401a62606ac8b002b3300210100
BLE_PACKET type=0x20 src=0x0f6d3a3bdac0f858 dst=0x9999888877776666 session=2227712398 seq=1 payload=0b082dab38516a30c2c10a0858f8c0da3b3a6d0f161058f8c0da3b3a6d0fe3640ad62b129996060452000201a90101aa0101070882830100000000000c04bf0100000f0206002518c8010000a8010000cb010000d0010000b3010000bc010000280600010203040529307e89010000000000c089010000000000038a010000000000448a010000000000868a010000000000c88a0100000000003404015200023304060000003502e880360290013804be2c83003904060000003a04060000003b04000000003c04000000003d0201004201054d02e3004e04fc1600000d01642401a62606ac8b002b3300210100
BLE_HOST_RECEIPT type=0x20 src=0x0f6d3a3bdac0f858 session=2227712398 seq=1
BLE_CHUNK len=244 hex=4757012801010000202401008e31c884e3640ad62b129996666677778888999900000000ee0042640b082dab38516a30c2c10a08e3640ad62b129996161058f8c0da3b3a6d0fe3640ad62b129996060452000201a90101aa01010708d0410100000000000c04450200000f020600251832020000860200003c0200003c020000320200003b02000028060001020304052930ed470100000000002f480100000000007148010000000000b348010000000000f54801000000000036490100000000003404015200023304060000003502e880360290013804b6389d003904060000003a04060000003b04000000003c0400000000
BLE_CHUNK len=34 hex=3d0201004201054d02ffff4e04080000000d01642401a5260661510087f7ff210100
BLE_PACKET type=0x20 src=0x9699122bd60a64e3 dst=0x9999888877776666 session=2227712398 seq=1 payload=0b082dab38516a30c2c10a08e3640ad62b129996161058f8c0da3b3a6d0fe3640ad62b129996060452000201a90101aa01010708d0410100000000000c04450200000f020600251832020000860200003c0200003c020000320200003b02000028060001020304052930ed470100000000002f480100000000007148010000000000b348010000000000f54801000000000036490100000000003404015200023304060000003502e880360290013804b6389d003904060000003a04060000003b04000000003c04000000003d0201004201054d02ffff4e04080000000d01642401a5260661510087f7ff210100
BLE_HOST_RECEIPT type=0x20 src=0x9699122bd60a64e3 session=2227712398 seq=1
BLE_CHUNK len=244 hex=475701280101000020240100a3f59b3658f8c0da3b3a6d0f666677778888999900000000ee0023e10b082dab38516a30c2c10a0858f8c0da3b3a6d0f161058f8c0da3b3a6d0fe3640ad62b129996060453000201a90101aa010107089b9b0100000000000c04c60100000f0206002518be010000c3010000bc010000c5010000cd010000d60100002806000102030405293097a1010000000000d9a10100000000001ba20100000000005da20100000000009fa2010000000000e1a20100000000003404015300023304060000003502e880360290013804c6539f003904060000003a04060000003b04000000003c0400000000
BLE_CHUNK len=34 hex=3d0201004201054d02e4004e04d81600000d01642401a526063d6800634a00210100
BLE_PACKET type=0x20 src=0x0f6d3a3bdac0f858 dst=0x9999888877776666 session=916190627 seq=1 payload=0b082dab38516a30c2c10a0858f8c0da3b3a6d0f161058f8c0da3b3a6d0fe3640ad62b129996060453000201a90101aa010107089b9b0100000000000c04c60100000f0206002518be010000c3010000bc010000c5010000cd010000d60100002806000102030405293097a1010000000000d9a10100000000001ba20100000000005da20100000000009fa2010000000000e1a20100000000003404015300023304060000003502e880360290013804c6539f003904060000003a04060000003b04000000003c04000000003d0201004201054d02e4004e04d81600000d01642401a526063d6800634a00210100
BLE_HOST_RECEIPT type=0x20 src=0x0f6d3a3bdac0f858 session=916190627 seq=1
BLE_CHUNK len=244 hex=475701280101000020240100a3f59b36e3640ad62b129996666677778888999901000000ee00544a0b082dab38516a30c2c10a08e3640ad62b129996161058f8c0da3b3a6d0fe3640ad62b129996060453000201a90101aa01010708e8590100000000000c04360200000f0206002518e7010000380200005b02000056020000440200003102000028060001020304052930066001000000000048600100000000008a60010000000000cc600100000000000e6101000000000050610100000000003404015300023304060000003502e8803602900138048e79b6003904060000003a04060000003b04000000003c0400000000
BLE_CHUNK len=34 hex=3d0201004201054d0200004e042d0000000d01642401a326062d64ffebb3ff210100
BLE_PACKET type=0x20 src=0x9699122bd60a64e3 dst=0x9999888877776666 session=916190627 seq=1 payload=0b082dab38516a30c2c10a08e3640ad62b129996161058f8c0da3b3a6d0fe3640ad62b129996060453000201a90101aa01010708e8590100000000000c04360200000f0206002518e7010000380200005b02000056020000440200003102000028060001020304052930066001000000000048600100000000008a60010000000000cc600100000000000e6101000000000050610100000000003404015300023304060000003502e8803602900138048e79b6003904060000003a04060000003b04000000003c04000000003d0201004201054d0200004e042d0000000d01642401a326062d64ffebb3ff210100
BLE_HOST_RECEIPT type=0x20 src=0x9699122bd60a64e3 session=916190627 seq=1
BLE_CHUNK len=244 hex=47570128010100002024010054992abd58f8c0da3b3a6d0f666677778888999900000000ee00aee80b082dab38516a30c2c10a0858f8c0da3b3a6d0f161058f8c0da3b3a6d0fe3640ad62b129996060454000201a90101aa01010708b3b30100000000000c04b70100000f0206002518c6010000bc010000bd010000aa010000ad010000b501000028060001020304052930b6b9010000000000f8b90100000000003aba0100000000007cba010000000000bfba01000000000000bb0100000000003404015400023304060000003502e8803602900138041681b8003904060000003a04060000003b04000000003c0400000000
BLE_CHUNK len=34 hex=3d0201004201054d02e2004e04d61600000d01642401a52606f71d0047d800210100
BLE_PACKET type=0x20 src=0x0f6d3a3bdac0f858 dst=0x9999888877776666 session=3173685588 seq=1 payload=0b082dab38516a30c2c10a0858f8c0da3b3a6d0f161058f8c0da3b3a6d0fe3640ad62b129996060454000201a90101aa01010708b3b30100000000000c04b70100000f0206002518c6010000bc010000bd010000aa010000ad010000b501000028060001020304052930b6b9010000000000f8b90100000000003aba0100000000007cba010000000000bfba01000000000000bb0100000000003404015400023304060000003502e8803602900138041681b8003904060000003a04060000003b04000000003c04000000003d0201004201054d02e2004e04d61600000d01642401a52606f71d0047d800210100
BLE_HOST_RECEIPT type=0x20 src=0x0f6d3a3bdac0f858 session=3173685588 seq=1
BLE_CHUNK len=244 hex=47570128010100002024010054992abde3640ad62b129996666677778888999900000000ee0091930b082dab38516a30c2c10a08e3640ad62b129996161058f8c0da3b3a6d0fe3640ad62b129996060454000201a90101aa0101070801720100000000000c042e0200000f02060025182b02000049020000620200001a02000021020000010200002806000102030405293025780100000000006678010000000000a978010000000000eb780100000000002d790100000000006f790100000000003404015400023304060000003502e88036029001380466bacf003904060000003a04060000003b04000000003c0400000000
BLE_CHUNK len=34 hex=3d0201004201054d02fdff4e04d9ffffff0d01642401a5260600cfff74bcff210100
BLE_PACKET type=0x20 src=0x9699122bd60a64e3 dst=0x9999888877776666 session=3173685588 seq=1 payload=0b082dab38516a30c2c10a08e3640ad62b129996161058f8c0da3b3a6d0fe3640ad62b129996060454000201a90101aa0101070801720100000000000c042e0200000f02060025182b02000049020000620200001a02000021020000010200002806000102030405293025780100000000006678010000000000a978010000000000eb780100000000002d790100000000006f790100000000003404015400023304060000003502e88036029001380466bacf003904060000003a04060000003b04000000003c04000000003d0201004201054d02fdff4e04d9ffffff0d01642401a5260600cfff74bcff210100
BLE_HOST_RECEIPT type=0x20 src=0x9699122bd60a64e3 session=3173685588 seq=1
BLE_CHUNK len=244 hex=475701280101000020240100695dfe6e58f8c0da3b3a6d0f666677778888999900000000ee0028ce0b082dab38516a30c2c10a0858f8c0da3b3a6d0f161058f8c0da3b3a6d0fe3640ad62b129996060455000201a90101aa01010708bacb0100000000000c04bb0100000f0206002518bf010000d1010000bb010000cc01000088010000c501000028060001020304052930bad1010000000000fdd10100000000003fd201000000000080d2010000000000c2d201000000000005d30100000000003404015500023304060000003502e880360290013804a673e0003904060000003a04060000003b04000000003c0400000000
BLE_CHUNK len=34 hex=3d0201004201054d02e2004e04461700000d01642401a52606fefffff25d00210100
BLE_PACKET type=0x20 src=0x0f6d3a3bdac0f858 dst=0x9999888877776666 session=1862163817 seq=1 payload=0b082dab38516a30c2c10a0858f8c0da3b3a6d0f161058f8c0da3b3a6d0fe3640ad62b129996060455000201a90101aa01010708bacb0100000000000c04bb0100000f0206002518bf010000d1010000bb010000cc01000088010000c501000028060001020304052930bad1010000000000fdd10100000000003fd201000000000080d2010000000000c2d201000000000005d30100000000003404015500023304060000003502e880360290013804a673e0003904060000003a04060000003b04000000003c04000000003d0201004201054d02e2004e04461700000d01642401a52606fefffff25d00210100
BLE_HOST_RECEIPT type=0x20 src=0x0f6d3a3bdac0f858 session=1862163817 seq=1
BLE_CHUNK len=244 hex=475701280101000020240100695dfe6ee3640ad62b129996666677778888999900000000ee0013ea0b082dab38516a30c2c10a08e3640ad62b129996161058f8c0da3b3a6d0fe3640ad62b129996060455000201a90101aa01010708088a0100000000000c04330200000f0206002518590200001e0200002f0200004202000023020000240200002806000102030405293029900100000000006b90010000000000ad90010000000000f090010000000000319101000000000073910100000000003404015500023304060000003502e880360290013804ae0cea003904060000003a04060000003b04000000003c0400000000
BLE_CHUNK len=34 hex=3d0201004201054d02fcff4e04f1ffffff0d01642401a5260677d200bef1ff210100
BLE_PACKET type=0x20 src=0x9699122bd60a64e3 dst=0x9999888877776666 session=1862163817 seq=1 payload=0b082dab38516a30c2c10a08e3640ad62b129996161058f8c0da3b3a6d0fe3640ad62b129996060455000201a90101aa01010708088a0100000000000c04330200000f0206002518590200001e0200002f0200004202000023020000240200002806000102030405293029900100000000006b90010000000000ad90010000000000f090010000000000319101000000000073910100000000003404015500023304060000003502e880360290013804ae0cea003904060000003a04060000003b04000000003c04000000003d0201004201054d02fcff4e04f1ffffff0d01642401a5260677d200bef1ff210100
BLE_HOST_RECEIPT type=0x20 src=0x9699122bd60a64e3 session=1862163817 seq=1
BLE_CHUNK len=244 hex=475701280101000020240100d22d79c558f8c0da3b3a6d0f666677778888999900000000ee00b1640b082dab38516a30c2c10a0858f8c0da3b3a6d0f161058f8c0da3b3a6d0fe3640ad62b129996060456000201a90101aa01010708e7e30100000000000c04b70100000f0206002518cb010000ad010000b4010000a6010000a3010000d501000028060001020304052930e6e901000000000029ea0100000000006bea010000000000acea010000000000eeea01000000000031eb0100000000003404015600023304060000003502e88036029001380496aafa003904060000003a04060000003b04000000003c0400000000
BLE_CHUNK len=34 hex=3d0201004201054d02e2004e04f01600000d01642401a526067adc00416300210100
BLE_PACKET type=0x20 src=0x0f6d3a3bdac0f858 dst=0x9999888877776666 session=3313053138 seq=1 payload=0b082dab38516a30c2c10a0858f8c0da3b3a6d0f161058f8c0da3b3a6d0fe3640ad62b129996060456000201a90101aa01010708e7e30100000000000c04b70100000f0206002518cb010000ad010000b4010000a6010000a3010000d501000028060001020304052930e6e901000000000029ea0100000000006bea010000000000acea010000000000eeea01000000000031eb0100000000003404015600023304060000003502e88036029001380496aafa003904060000003a04060000003b04000000003c04000000003d0201004201054d02e2004e04f01600000d01642401a526067adc00416300210100
BLE_HOST_RECEIPT type=0x20 src=0x0f6d3a3bdac0f858 session=3313053138 seq=1
BLE_CHUNK len=244 hex=475701280101000020240100d22d79c5e3640ad62b129996666677778888999900000000ee00e1dd0b082dab38516a30c2c10a08e3640ad62b129996161058f8c0da3b3a6d0fe3640ad62b129996060456000201a90101aa0101070836a20100000000000c042b0200000f0206002518120200003d020000380200002202000037020000240200002806000102030405293056a801000000000097a8010000000000d9a80100000000001ca90100000000005da90100000000009fa90100000000003404015600023304060000003502e8803602900138048ea502013904060000003a04060000003b04000000003c0400000000
BLE_CHUNK len=34 hex=3d0201004201054d02fcff4e04a5ffffff0d01642401a52606df4500f10800210100
BLE_PACKET type=0x20 src=0x9699122bd60a64e3 dst=0x9999888877776666 session=3313053138 seq=1 payload=0b082dab38516a30c2c10a08e3640ad62b129996161058f8c0da3b3a6d0fe3640ad62b129996060456000201a90101aa0101070836a20100000000000c042b0200000f0206002518120200003d020000380200002202000037020000240200002806000102030405293056a801000000000097a8010000000000d9a80100000000001ca90100000000005da90100000000009fa90100000000003404015600023304060000003502e8803602900138048ea502013904060000003a04060000003b04000000003c04000000003d0201004201054d02fcff4e04a5ffffff0d01642401a52606df4500f10800210100
BLE_HOST_RECEIPT type=0x20 src=0x9699122bd60a64e3 session=3313053138 seq=1
BLE_CHUNK len=244 hex=475701280101000020240100e7f14c7758f8c0da3b3a6d0f666677778888999900000000ee00ab0e0b082dab38516a30c2c10a0858f8c0da3b3a6d0f161058f8c0da3b3a6d0fe3640ad62b129996060457000201a90101aa01010708ecfb0100000000000c04c80100000f0206002518cc010000cb010000c2010000d1010000c9010000bf01000028060001020304052930ea010200000000002c020200000000006f02020000000000b002020000000000f20202000000000034030200000000003404015700023304060000003502e880360290013804d62d14013904060000003a04060000003b04000000003c0400000000
BLE_CHUNK len=34 hex=3d0201004201054d02e3004e04b61600000d01642401a6260699a0ff8580ff210100
BLE_PACKET type=0x20 src=0x0f6d3a3bdac0f858 dst=0x9999888877776666 session=2001531367 seq=1 payload=0b082dab38516a30c2c10a0858f8c0da3b3a6d0f161058f8c0da3b3a6d0fe3640ad62b129996060457000201a90101aa01010708ecfb0100000000000c04c80100000f0206002518cc010000cb010000c2010000d1010000c9010000bf01000028060001020304052930ea010200000000002c020200000000006f02020000000000b002020000000000f20202000000000034030200000000003404015700023304060000003502e880360290013804d62d14013904060000003a04060000003b04000000003c04000000003d0201004201054d02e3004e04b61600000d01642401a6260699a0ff8580ff210100
BLE_HOST_RECEIPT type=0x20 src=0x0f6d3a3bdac0f858 session=2001531367 seq=1
BLE_CHUNK len=244 hex=475701280101000020240100e7f14c77e3640ad62b129996666677778888999900000000ee004dc90b082dab38516a30c2c10a08e3640ad62b129996161058f8c0da3b3a6d0fe3640ad62b129996060457000201a90101aa010107083aba0100000000000c043d0200000f02060025183202000036020000280200003e02000046020000570200002806000102030405293059c00100000000009bc0010000000000ddc00100000000001fc101000000000062c1010000000000a3c10100000000003404015700023304060000003502e88036029001380476071d013904060000003a04060000003b04000000003c0400000000
BLE_CHUNK len=34 hex=3d0201004201054d02feff4e047dffffff0d01642401a526068a1bff7bd1ff210100
BLE_PACKET type=0x20 src=0x9699122bd60a64e3 dst=0x9999888877776666 session=2001531367 seq=1 payload=0b082dab38516a30c2c10a08e3640ad62b129996161058f8c0da3b3a6d0fe3640ad62b129996060457000201a90101aa010107083aba0100000000000c043d0200000f02060025183202000036020000280200003e02000046020000570200002806000102030405293059c00100000000009bc0010000000000ddc00100000000001fc101000000000062c1010000000000a3c10100000000003404015700023304060000003502e88036029001380476071d013904060000003a04060000003b04000000003c04000000003d0201004201054d02feff4e047dffffff0d01642401a526068a1bff7bd1ff210100
BLE_HOST_RECEIPT type=0x20 src=0x9699122bd60a64e3 session=2001531367 seq=1
BLE_CHUNK len=244 hex=4757012801010000202401009895dbfd58f8c0da3b3a6d0f666677778888999900000000ee00031c0b082dab38516a30c2c10a0858f8c0da3b3a6d0f161058f8c0da3b3a6d0fe3640ad62b129996060458000201a90101aa0101070818140200000000000c04cd0100000f0206002518ca010000bd010000d3010000d2010000d0010000d301000028060001020304052930171a020000000000591a0200000000009b1a020000000000dc1a0200000000001e1b020000000000611b0200000000003404015800023304060000003502e880360290013804761e2e013904060000003a04060000003b04000000003c0400000000
BLE_CHUNK len=34 hex=3d0201004201054d02e2004e04c11600000d01642401a526061a7fffeca900210100
BLE_PACKET type=0x20 src=0x0f6d3a3bdac0f858 dst=0x9999888877776666 session=4259026328 seq=1 payload=0b082dab38516a30c2c10a0858f8c0da3b3a6d0f161058f8c0da3b3a6d0fe3640ad62b129996060458000201a90101aa0101070818140200000000000c04cd0100000f0206002518ca010000bd010000d3010000d2010000d0010000d301000028060001020304052930171a020000000000591a0200000000009b1a020000000000dc1a0200000000001e1b020000000000611b0200000000003404015800023304060000003502e880360290013804761e2e013904060000003a04060000003b04000000003c04000000003d0201004201054d02e2004e04c11600000d01642401a526061a7fffeca900210100
BLE_HOST_RECEIPT type=0x20 src=0x0f6d3a3bdac0f858 session=4259026328 seq=1
BLE_CHUNK len=244 hex=4757012801010000202401009895dbfde3640ad62b129996666677778888999900000000ee00d3ec0b082dab38516a30c2c10a08e3640ad62b129996161058f8c0da3b3a6d0fe3640ad62b129996060458000201a90101aa0101070867d20100000000000c04380200000f0206002518600200001e0200003e020000190200003c0200003d0200002806000102030405293086d8010000000000c7d801000000000009d90100000000004bd90100000000008dd9010000000000cfd90100000000003404015800023304060000003502e88036029001380476b339013904060000003a04060000003b04000000003c0400000000
BLE_CHUNK len=34 hex=3d0201004201054d02fcff4e04d1ffffff0d01642401a52606e7c100377500210100
BLE_PACKET type=0x20 src=0x9699122bd60a64e3 dst=0x9999888877776666 session=4259026328 seq=1 payload=0b082dab38516a30c2c10a08e3640ad62b129996161058f8c0da3b3a6d0fe3640ad62b129996060458000201a90101aa0101070867d20100000000000c04380200000f0206002518600200001e0200003e020000190200003c0200003d0200002806000102030405293086d8010000000000c7d801000000000009d90100000000004bd90100000000008dd9010000000000cfd90100000000003404015800023304060000003502e88036029001380476b339013904060000003a04060000003b04000000003c04000000003d0201004201054d02fcff4e04d1ffffff0d01642401a52606e7c100377500210100
BLE_HOST_RECEIPT type=0x20 src=0x9699122bd60a64e3 session=4259026328 seq=1
BLE_CHUNK len=244 hex=475701280101000020240100ad59afaf58f8c0da3b3a6d0f666677778888999901000000ee003cb60b082dab38516a30c2c10a0858f8c0da3b3a6d0f161058f8c0da3b3a6d0fe3640ad62b129996060459000201a90101aa01010708312c0200000000000c04c00100000f0206002518c8010000c6010000ad010000b3010000bd010000d30100002806000102030405293030320200000000007332020000000000b532020000000000f73202000000000038330200000000007a330200000000003404015900023304060000003502e880360290013804d47e47013904060000003a04060000003b04000000003c0400000000
BLE_CHUNK len=34 hex=3d0201004201054d02e0004e04eb1600000d01642401a526069f0c00d8dbff210100
BLE_PACKET type=0x20 src=0x0f6d3a3bdac0f858 dst=0x9999888877776666 session=2947504557 seq=1 payload=0b082dab38516a30c2c10a0858f8c0da3b3a6d0f161058f8c0da3b3a6d0fe3640ad62b129996060459000201a90101aa01010708312c0200000000000c04c00100000f0206002518c8010000c6010000ad010000b3010000bd010000d30100002806000102030405293030320200000000007332020000000000b532020000000000f73202000000000038330200000000007a330200000000003404015900023304060000003502e880360290013804d47e47013904060000003a04060000003b04000000003c04000000003d0201004201054d02e0004e04eb1600000d01642401a526069f0c00d8dbff210100
BLE_HOST_RECEIPT type=0x20 src=0x0f6d3a3bdac0f858 session=2947504557 seq=1
BLE_CHUNK len=244 hex=475701280101000020240100ad59afafe3640ad62b129996666677778888999900000000ee0017c90b082dab38516a30c2c10a08e3640ad62b129996161058f8c0da3b3a6d0fe3640ad62b129996060459000201a90101aa0101070880ea0100000000000c04320200000f0206002518420200002a020000220200003f020000360200002a02000028060001020304052930a0f0010000000000e1f001000000000023f101000000000065f1010000000000a7f1010000000000eaf10100000000003404015900023304060000003502e8803602900138045e3854013904060000003a04060000003b04000000003c0400000000
BLE_CHUNK len=34 hex=3d0201004201054d02fcff4e04bdffffff0d01642401a52606a78fff16cf00210100
BLE_PACKET type=0x20 src=0x9699122bd60a64e3 dst=0x9999888877776666 session=2947504557 seq=1 payload=0b082dab38516a30c2c10a08e3640ad62b129996161058f8c0da3b3a6d0fe3640ad62b129996060459000201a90101aa0101070880ea0100000000000c04320200000f0206002518420200002a020000220200003f020000360200002a02000028060001020304052930a0f0010000000000e1f001000000000023f101000000000065f1010000000000a7f1010000000000eaf10100000000003404015900023304060000003502e8803602900138045e3854013904060000003a04060000003b04000000003c04000000003d0201004201054d02fcff4e04bdffffff0d01642401a52606a78fff16cf00210100
BLE_HOST_RECEIPT type=0x20 src=0x9699122bd60a64e3 session=2947504557 seq=1
BLE_CHUNK len=244 hex=475701280101000020240100162a2a0658f8c0da3b3a6d0f666677778888999900000000ee0056080b082dab38516a30c2c10a0858f8c0da3b3a6d0f161058f8c0da3b3a6d0fe3640ad62b12999606045a000201a90101aa010107084a440200000000000c04c10100000f0206002518c9010000c2010000ca010000bf010000b4010000bd01000028060001020304052930484a0200000000008a4a020000000000cc4a0200000000000d4b020000000000504b020000000000924b0200000000003404015a00023304060000003502e8803602900138040ea460013904060000003a04060000003b04000000003c0400000000
BLE_CHUNK len=34 hex=3d0201004201054d02df004e047c1600000d01642401a526061968ff1beeff210100
BLE_PACKET type=0x20 src=0x0f6d3a3bdac0f858 dst=0x9999888877776666 session=103426582 seq=1 payload=0b082dab38516a30c2c10a0858f8c0da3b3a6d0f161058f8c0da3b3a6d0fe3640ad62b12999606045a000201a90101aa010107084a440200000000000c04c10100000f0206002518c9010000c2010000ca010000bf010000b4010000bd01000028060001020304052930484a0200000000008a4a020000000000cc4a0200000000000d4b020000000000504b020000000000924b0200000000003404015a00023304060000003502e8803602900138040ea460013904060000003a04060000003b04000000003c04000000003d0201004201054d02df004e047c1600000d01642401a526061968ff1beeff210100
BLE_HOST_RECEIPT type=0x20 src=0x0f6d3a3bdac0f858 session=103426582 seq=1
BLE_CHUNK len=244 hex=475701280101000020240100162a2a06e3640ad62b129996666677778888999900000000ee002c1f0b082dab38516a30c2c10a08e3640ad62b129996161058f8c0da3b3a6d0fe3640ad62b12999606045a000201a90101aa0101070898020200000000000c043a0200000f0206002518270200007302000028020000490200002a0200002502000028060001020304052930b608020000000000f8080200000000003a090200000000007c09020000000000be09020000000000000a0200000000003404015a00023304060000003502e880360290013804666b6e013904060000003a04060000003b04000000003c0400000000
BLE_CHUNK len=34 hex=3d0201004201054d02faff4e0498ffffff0d01642401a526064ee3ffd34400210100
BLE_PACKET type=0x20 src=0x9699122bd60a64e3 dst=0x9999888877776666 session=103426582 seq=1 payload=0b082dab38516a30c2c10a08e3640ad62b129996161058f8c0da3b3a6d0fe3640ad62b12999606045a000201a90101aa0101070898020200000000000c043a0200000f0206002518270200007302000028020000490200002a0200002502000028060001020304052930b608020000000000f8080200000000003a090200000000007c09020000000000be09020000000000000a0200000000003404015a00023304060000003502e880360290013804666b6e013904060000003a04060000003b04000000003c04000000003d0201004201054d02faff4e0498ffffff0d01642401a526064ee3ffd34400210100
BLE_HOST_RECEIPT type=0x20 src=0x9699122bd60a64e3 session=103426582 seq=1
BLE_CHUNK len=244 hex=4757012801010000202401002beefdb758f8c0da3b3a6d0f666677778888999900000000ee00a1530b082dab38516a30c2c10a0858f8c0da3b3a6d0f161058f8c0da3b3a6d0fe3640ad62b12999606045b000201a90101aa010107084e5c0200000000000c04ca0100000f0206002518d8010000d2010000c3010000cd010000be010000c2010000280600010203040529304c620200000000008e62020000000000d1620200000000001363020000000000556302000000000096630200000000003404015b00023304060000003502e88036029001380416d77a013904060000003a04060000003b04000000003c0400000000
BLE_CHUNK len=34 hex=3d0201004201054d02de004e046d1600000d01642401a5260617c2ffcb5500210100
BLE_PACKET type=0x20 src=0x0f6d3a3bdac0f858 dst=0x9999888877776666 session=3086872107 seq=1 payload=0b082dab38516a30c2c10a0858f8c0da3b3a6d0f161058f8c0da3b3a6d0fe3640ad62b12999606045b000201a90101aa010107084e5c0200000000000c04ca0100000f0206002518d8010000d2010000c3010000cd010000be010000c2010000280600010203040529304c620200000000008e62020000000000d1620200000000001363020000000000556302000000000096630200000000003404015b00023304060000003502e88036029001380416d77a013904060000003a04060000003b04000000003c04000000003d0201004201054d02de004e046d1600000d01642401a5260617c2ffcb5500210100
BLE_HOST_RECEIPT type=0x20 src=0x0f6d3a3bdac0f858 session=3086872107 seq=1
BLE_CHUNK len=244 hex=4757012801010000202401002beefdb7e3640ad62b129996666677778888999900000000ee00efd10b082dab38516a30c2c10a08e3640ad62b129996161058f8c0da3b3a6d0fe3640ad62b12999606045b000201a90101aa010107089d1a0200000000000c04340200000f0206002518380200004a020000510200002c020000220200001502000028060001020304052930bc20020000000000fe200200000000003f210200000000008121020000000000c42102000000000006220200000000003404015b00023304060000003502e88036029001380456a887013904060000003a04060000003b04000000003c0400000000
BLE_CHUNK len=34 hex=3d0201004201054d02f9ff4e0482ffffff0d01642401a3260683ad00edda00210100
BLE_PACKET type=0x20 src=0x9699122bd60a64e3 dst=0x9999888877776666 session=3086872107 seq=1 payload=0b082dab38516a30c2c10a08e3640ad62b129996161058f8c0da3b3a6d0fe3640ad62b12999606045b000201a90101aa010107089d1a0200000000000c04340200000f0206002518380200004a020000510200002c020000220200001502000028060001020304052930bc20020000000000fe200200000000003f210200000000008121020000000000c42102000000000006220200000000003404015b00023304060000003502e88036029001380456a887013904060000003a04060000003b04000000003c04000000003d0201004201054d02f9ff4e0482ffffff0d01642401a3260683ad00edda00210100
BLE_HOST_RECEIPT type=0x20 src=0x9699122bd60a64e3 session=3086872107 seq=1
BLE_MONITOR_STOPPED
