BLE_CONNECTED gateway_id=0x9999888877776666 command=here-i-am session=4055867941 frame=04c10140020101010101010111666677778888999925a2bff125a201330101010410020c06ab04dc620607ae0b0101010304dc620607e803ae1301020310620102c8040604fa010104b5f80305ae050103050201b2fc00
BLE_CHUNK len=118 hex=4757012801060100560452005200740266667777888899996666777788889999000000004e00c708014e0302000000000c005f0025a2bff10000000025a2bff125a2000052007402000000000000000000000000000000000000000000000000000000000000000000000000000000000000000000ff
BLE_PACKET type=0x56 src=0x9999888877776666 dst=0x9999888877776666 session=41156690 seq=82 payload=014e0302000000000c005f0025a2bff10000000025a2bff125a2000052007402000000000000000000000000000000000000000000000000000000000000000000000000000000000000000000ff
GATEWAY_COMMAND_EVENT GatewayCommandEvent(command_kind=3, stage=2, flags=0, attempt=0, command_status=0, reason=0, command_id=12, route_epoch=95, correlation_id=4055867941, gateway_sequence=0, host_session_id=4055867941, host_sequence=41509, event_sequence=41156690, anchor_id=0, pair_initiator_id=0, pair_responder_id=0, previous_hop_id=0, progress_count=0, total_count=0, success_count=0, failure_count=0, duplicate_count=0, lost_event_count=0, hop_count=0, discovery_slot=255)
BLE_HOST_RECEIPT type=0x56 src=0x9999888877776666 session=41156690 seq=82
BLE_CHUNK len=118 hex=4757012801060100560453005300740266667777888899996666777788889999000000004e008fe9014e0303000000000c005f0025a2bff10000000025a2bff125a2000053007402000000000000000000000000000000000000000000000000000000000000000000000000000000000000000000ff
BLE_PACKET type=0x56 src=0x9999888877776666 dst=0x9999888877776666 session=41156691 seq=83 payload=014e0303000000000c005f0025a2bff10000000025a2bff125a2000053007402000000000000000000000000000000000000000000000000000000000000000000000000000000000000000000ff
GATEWAY_COMMAND_EVENT GatewayCommandEvent(command_kind=3, stage=3, flags=0, attempt=0, command_status=0, reason=0, command_id=12, route_epoch=95, correlation_id=4055867941, gateway_sequence=0, host_session_id=4055867941, host_sequence=41509, event_sequence=41156691, anchor_id=0, pair_initiator_id=0, pair_responder_id=0, previous_hop_id=0, progress_count=0, total_count=0, success_count=0, failure_count=0, duplicate_count=0, lost_event_count=0, hop_count=0, discovery_slot=255)
BLE_HOST_RECEIPT type=0x56 src=0x9999888877776666 session=41156691 seq=83
BLE_CHUNK len=118 hex=4757012801060100560455005500740266667777888899996666777788889999000000004e006dbd014e0304000100000c005f0025a2bff15400740225a2bff125a2000055007402000000000000000000000000000000000000000000000000000000000000000004000000000000000000000000ff
BLE_PACKET type=0x56 src=0x9999888877776666 dst=0x9999888877776666 session=41156693 seq=85 payload=014e0304000100000c005f0025a2bff15400740225a2bff125a2000055007402000000000000000000000000000000000000000000000000000000000000000004000000000000000000000000ff
GATEWAY_COMMAND_EVENT GatewayCommandEvent(command_kind=3, stage=4, flags=0, attempt=1, command_status=0, reason=0, command_id=12, route_epoch=95, correlation_id=4055867941, gateway_sequence=41156692, host_session_id=4055867941, host_sequence=41509, event_sequence=41156693, anchor_id=0, pair_initiator_id=0, pair_responder_id=0, previous_hop_id=0, progress_count=4, total_count=0, success_count=0, failure_count=0, duplicate_count=0, lost_event_count=0, hop_count=0, discovery_slot=255)
BLE_HOST_RECEIPT type=0x56 src=0x9999888877776666 session=41156693 seq=85
BLE_CHUNK len=51 hex=4757012801020100410425a225a2bff166667777888899996666777788889999000000000b00a18510020c00110200001e0100
BLE_PACKET type=0x41 src=0x9999888877776666 dst=0x9999888877776666 session=4055867941 seq=41509 payload=10020c00110200001e0100
BLE_HOST_RECEIPT type=0x41 src=0x9999888877776666 session=4055867941 seq=41509
BLE_CHUNK len=118 hex=4757012801060000560456005600740266667777888899996666777788889999000000004e00d561014e030c030100000c005f0025a2bff15400740225a2bff125a2000056007402000000000000000000000000000000000000000000000000000000000000000004000000000000000000000000ff
BLE_PACKET type=0x56 src=0x9999888877776666 dst=0x9999888877776666 session=41156694 seq=86 payload=014e030c030100000c005f0025a2bff15400740225a2bff125a2000056007402000000000000000000000000000000000000000000000000000000000000000004000000000000000000000000ff
GATEWAY_COMMAND_EVENT GatewayCommandEvent(command_kind=3, stage=12, flags=3, attempt=1, command_status=0, reason=0, command_id=12, route_epoch=95, correlation_id=4055867941, gateway_sequence=41156692, host_session_id=4055867941, host_sequence=41509, event_sequence=41156694, anchor_id=0, pair_initiator_id=0, pair_responder_id=0, previous_hop_id=0, progress_count=4, total_count=0, success_count=0, failure_count=0, duplicate_count=0, lost_event_count=0, hop_count=0, discovery_slot=255)
BLE_HOST_RECEIPT type=0x56 src=0x9999888877776666 session=41156694 seq=86
HERE_I_AM_LOCAL_FLOOD_OK attempts=1 retries=0 delivery_claim=local-broadcast-only
BLE_CONNECTED gateway_id=0x9999888877776666 command=assign-slots session=4055867942 frame=04c10140020101010101010111666677778888999926a2bff126a2011b010101081002040178020306ab04dc620607ae0b0101010304dc620605e803556d00
BLE_CHUNK len=118 hex=4757012801060100560457005700740266667777888899996666777788889999000000004e0008b4014e01020000000004015f0026a2bff10000000026a2bff126a2000057007402000000000000000000000000000000000000000000000000000000000000000000000000000000000000000000ff
BLE_PACKET type=0x56 src=0x9999888877776666 dst=0x9999888877776666 session=41156695 seq=87 payload=014e01020000000004015f0026a2bff10000000026a2bff126a2000057007402000000000000000000000000000000000000000000000000000000000000000000000000000000000000000000ff
GATEWAY_COMMAND_EVENT GatewayCommandEvent(command_kind=1, stage=2, flags=0, attempt=0, command_status=0, reason=0, command_id=260, route_epoch=95, correlation_id=4055867942, gateway_sequence=0, host_session_id=4055867942, host_sequence=41510, event_sequence=41156695, anchor_id=0, pair_initiator_id=0, pair_responder_id=0, previous_hop_id=0, progress_count=0, total_count=0, success_count=0, failure_count=0, duplicate_count=0, lost_event_count=0, hop_count=0, discovery_slot=255)
BLE_HOST_RECEIPT type=0x56 src=0x9999888877776666 session=41156695 seq=87
BLE_CHUNK len=118 hex=4757012801060100560458005800740266667777888899996666777788889999000000004e00c4ab014e01030000000004015f0026a2bff10000000026a2bff126a2000058007402000000000000000000000000000000000000000000000000000000000000000000000000000000000000000000ff
BLE_PACKET type=0x56 src=0x9999888877776666 dst=0x9999888877776666 session=41156696 seq=88 payload=014e01030000000004015f0026a2bff10000000026a2bff126a2000058007402000000000000000000000000000000000000000000000000000000000000000000000000000000000000000000ff
GATEWAY_COMMAND_EVENT GatewayCommandEvent(command_kind=1, stage=3, flags=0, attempt=0, command_status=0, reason=0, command_id=260, route_epoch=95, correlation_id=4055867942, gateway_sequence=0, host_session_id=4055867942, host_sequence=41510, event_sequence=41156696, anchor_id=0, pair_initiator_id=0, pair_responder_id=0, previous_hop_id=0, progress_count=0, total_count=0, success_count=0, failure_count=0, duplicate_count=0, lost_event_count=0, hop_count=0, discovery_slot=255)
BLE_HOST_RECEIPT type=0x56 src=0x9999888877776666 session=41156696 seq=88
BLE_CHUNK len=118 hex=475701280106010056045a005a00740266667777888899996666777788889999000000004e008d5c014e01030000000004015f0026a2bff15900740226a2bff126a200005a007402000000000000000000000000000000000000000000000000000000000000000000000000000000000000000000ff
BLE_PACKET type=0x56 src=0x9999888877776666 dst=0x9999888877776666 session=41156698 seq=90 payload=014e01030000000004015f0026a2bff15900740226a2bff126a200005a007402000000000000000000000000000000000000000000000000000000000000000000000000000000000000000000ff
GATEWAY_COMMAND_EVENT GatewayCommandEvent(command_kind=1, stage=3, flags=0, attempt=0, command_status=0, reason=0, command_id=260, route_epoch=95, correlation_id=4055867942, gateway_sequence=41156697, host_session_id=4055867942, host_sequence=41510, event_sequence=41156698, anchor_id=0, pair_initiator_id=0, pair_responder_id=0, previous_hop_id=0, progress_count=0, total_count=0, success_count=0, failure_count=0, duplicate_count=0, lost_event_count=0, hop_count=0, discovery_slot=255)
BLE_HOST_RECEIPT type=0x56 src=0x9999888877776666 session=41156698 seq=90
BLE_CHUNK len=118 hex=475701280106010056045c005c00740266667777888899996666777788889999000000004e00614c014e01040001000004015f0026a2bff15900740226a2bff126a200005c007402000000000000000000000000000000000000000000000000000000000000000000000000000000000000000000ff
BLE_PACKET type=0x56 src=0x9999888877776666 dst=0x9999888877776666 session=41156700 seq=92 payload=014e01040001000004015f0026a2bff15900740226a2bff126a200005c007402000000000000000000000000000000000000000000000000000000000000000000000000000000000000000000ff
GATEWAY_COMMAND_EVENT GatewayCommandEvent(command_kind=1, stage=4, flags=0, attempt=1, command_status=0, reason=0, command_id=260, route_epoch=95, correlation_id=4055867942, gateway_sequence=41156697, host_session_id=4055867942, host_sequence=41510, event_sequence=41156700, anchor_id=0, pair_initiator_id=0, pair_responder_id=0, previous_hop_id=0, progress_count=0, total_count=0, success_count=0, failure_count=0, duplicate_count=0, lost_event_count=0, hop_count=0, discovery_slot=255)
BLE_HOST_RECEIPT type=0x56 src=0x9999888877776666 session=41156700 seq=92
BLE_CHUNK len=118 hex=475701280106010056045d005d00740266667777888899996666777788889999000000004e00636e014e01060000000004015f0026a2bff15900740226a2bff126a200005d00740241d1f64afe25da560000000000000000000000000000000041d1f64afe25da5601000000000000000000000001ff
BLE_PACKET type=0x56 src=0x9999888877776666 dst=0x9999888877776666 session=41156701 seq=93 payload=014e01060000000004015f0026a2bff15900740226a2bff126a200005d00740241d1f64afe25da560000000000000000000000000000000041d1f64afe25da5601000000000000000000000001ff
GATEWAY_COMMAND_EVENT GatewayCommandEvent(command_kind=1, stage=6, flags=0, attempt=0, command_status=0, reason=0, command_id=260, route_epoch=95, correlation_id=4055867942, gateway_sequence=41156697, host_session_id=4055867942, host_sequence=41510, event_sequence=41156701, anchor_id=6258356406294335809, pair_initiator_id=0, pair_responder_id=0, previous_hop_id=6258356406294335809, progress_count=1, total_count=0, success_count=0, failure_count=0, duplicate_count=0, lost_event_count=0, hop_count=1, discovery_slot=255)
BLE_HOST_RECEIPT type=0x56 src=0x9999888877776666 session=41156701 seq=93
BLE_CHUNK len=118 hex=475701280106010056045e005e00740266667777888899996666777788889999000000004e0028b9014e01060000000004015f0026a2bff15900740226a2bff126a200005e00740207cbc8c619961a190000000000000000000000000000000007cbc8c619961a1902000000000000000000000001ff
BLE_PACKET type=0x56 src=0x9999888877776666 dst=0x9999888877776666 session=41156702 seq=94 payload=014e01060000000004015f0026a2bff15900740226a2bff126a200005e00740207cbc8c619961a190000000000000000000000000000000007cbc8c619961a1902000000000000000000000001ff
GATEWAY_COMMAND_EVENT GatewayCommandEvent(command_kind=1, stage=6, flags=0, attempt=0, command_status=0, reason=0, command_id=260, route_epoch=95, correlation_id=4055867942, gateway_sequence=41156697, host_session_id=4055867942, host_sequence=41510, event_sequence=41156702, anchor_id=1808923237796072199, pair_initiator_id=0, pair_responder_id=0, previous_hop_id=1808923237796072199, progress_count=2, total_count=0, success_count=0, failure_count=0, duplicate_count=0, lost_event_count=0, hop_count=1, discovery_slot=255)
BLE_HOST_RECEIPT type=0x56 src=0x9999888877776666 session=41156702 seq=94
BLE_CHUNK len=118 hex=475701280106010056045f005f00740266667777888899996666777788889999000000004e000a98014e01060000000004015f0026a2bff15900740226a2bff126a200005f0074020e3070b9aac08b70000000000000000000000000000000000e3070b9aac08b7003000000000000000000000001ff
BLE_PACKET type=0x56 src=0x9999888877776666 dst=0x9999888877776666 session=41156703 seq=95 payload=014e01060000000004015f0026a2bff15900740226a2bff126a200005f0074020e3070b9aac08b70000000000000000000000000000000000e3070b9aac08b7003000000000000000000000001ff
GATEWAY_COMMAND_EVENT GatewayCommandEvent(command_kind=1, stage=6, flags=0, attempt=0, command_status=0, reason=0, command_id=260, route_epoch=95, correlation_id=4055867942, gateway_sequence=41156697, host_session_id=4055867942, host_sequence=41510, event_sequence=41156703, anchor_id=8109787393498820622, pair_initiator_id=0, pair_responder_id=0, previous_hop_id=8109787393498820622, progress_count=3, total_count=0, success_count=0, failure_count=0, duplicate_count=0, lost_event_count=0, hop_count=1, discovery_slot=255)
BLE_HOST_RECEIPT type=0x56 src=0x9999888877776666 session=41156703 seq=95
BLE_CHUNK len=118 hex=4757012801060100560462006200740266667777888899996666777788889999000000004e00d6b9014e01080000000004015f0026a2bff15900740226a2bff126a20000620074020e3070b9aac08b700000000000000000000000000000000000000000000000000100030000000000000000000100
BLE_PACKET type=0x56 src=0x9999888877776666 dst=0x9999888877776666 session=41156706 seq=98 payload=014e01080000000004015f0026a2bff15900740226a2bff126a20000620074020e3070b9aac08b700000000000000000000000000000000000000000000000000100030000000000000000000100
GATEWAY_COMMAND_EVENT GatewayCommandEvent(command_kind=1, stage=8, flags=0, attempt=0, command_status=0, reason=0, command_id=260, route_epoch=95, correlation_id=4055867942, gateway_sequence=41156697, host_session_id=4055867942, host_sequence=41510, event_sequence=41156706, anchor_id=8109787393498820622, pair_initiator_id=0, pair_responder_id=0, previous_hop_id=0, progress_count=1, total_count=3, success_count=0, failure_count=0, duplicate_count=0, lost_event_count=0, hop_count=1, discovery_slot=0)
BLE_HOST_RECEIPT type=0x56 src=0x9999888877776666 session=41156706 seq=98
BLE_CHUNK len=118 hex=4757012801060100560463006300740266667777888899996666777788889999000000004e00547a014e01080000000004015f0026a2bff15900740226a2bff126a200006300740207cbc8c619961a190000000000000000000000000000000000000000000000000200030000000000000000000102
BLE_PACKET type=0x56 src=0x9999888877776666 dst=0x9999888877776666 session=41156707 seq=99 payload=014e01080000000004015f0026a2bff15900740226a2bff126a200006300740207cbc8c619961a190000000000000000000000000000000000000000000000000200030000000000000000000102
GATEWAY_COMMAND_EVENT GatewayCommandEvent(command_kind=1, stage=8, flags=0, attempt=0, command_status=0, reason=0, command_id=260, route_epoch=95, correlation_id=4055867942, gateway_sequence=41156697, host_session_id=4055867942, host_sequence=41510, event_sequence=41156707, anchor_id=1808923237796072199, pair_initiator_id=0, pair_responder_id=0, previous_hop_id=0, progress_count=2, total_count=3, success_count=0, failure_count=0, duplicate_count=0, lost_event_count=0, hop_count=1, discovery_slot=2)
BLE_HOST_RECEIPT type=0x56 src=0x9999888877776666 session=41156707 seq=99
BLE_CHUNK len=118 hex=4757012801060100560464006400740266667777888899996666777788889999000000004e00908d014e01080000000004015f0026a2bff15900740226a2bff126a200006400740241d1f64afe25da560000000000000000000000000000000000000000000000000300030000000000000000000101
BLE_PACKET type=0x56 src=0x9999888877776666 dst=0x9999888877776666 session=41156708 seq=100 payload=014e01080000000004015f0026a2bff15900740226a2bff126a200006400740241d1f64afe25da560000000000000000000000000000000000000000000000000300030000000000000000000101
GATEWAY_COMMAND_EVENT GatewayCommandEvent(command_kind=1, stage=8, flags=0, attempt=0, command_status=0, reason=0, command_id=260, route_epoch=95, correlation_id=4055867942, gateway_sequence=41156697, host_session_id=4055867942, host_sequence=41510, event_sequence=41156708, anchor_id=6258356406294335809, pair_initiator_id=0, pair_responder_id=0, previous_hop_id=0, progress_count=3, total_count=3, success_count=0, failure_count=0, duplicate_count=0, lost_event_count=0, hop_count=1, discovery_slot=1)
BLE_HOST_RECEIPT type=0x56 src=0x9999888877776666 session=41156708 seq=100
BLE_CHUNK len=118 hex=4757012801060100560467006700740266667777888899996666777788889999000000004e00ec6e014e01060000000004015f0026a2bff15900740226a2bff126a20000670074020e3070b9aac08b700000000000000000000000000000000000000000000000000100030001000000000000000100
BLE_PACKET type=0x56 src=0x9999888877776666 dst=0x9999888877776666 session=41156711 seq=103 payload=014e01060000000004015f0026a2bff15900740226a2bff126a20000670074020e3070b9aac08b700000000000000000000000000000000000000000000000000100030001000000000000000100
GATEWAY_COMMAND_EVENT GatewayCommandEvent(command_kind=1, stage=6, flags=0, attempt=0, command_status=0, reason=0, command_id=260, route_epoch=95, correlation_id=4055867942, gateway_sequence=41156697, host_session_id=4055867942, host_sequence=41510, event_sequence=41156711, anchor_id=8109787393498820622, pair_initiator_id=0, pair_responder_id=0, previous_hop_id=0, progress_count=1, total_count=3, success_count=1, failure_count=0, duplicate_count=0, lost_event_count=0, hop_count=1, discovery_slot=0)
BLE_HOST_RECEIPT type=0x56 src=0x9999888877776666 session=41156711 seq=103
BLE_CHUNK len=51 hex=4757012801020100410426a226a2bff166667777888899996666777788889999000000000b00eedb10020401110200001e0103
BLE_PACKET type=0x41 src=0x9999888877776666 dst=0x9999888877776666 session=4055867942 seq=41510 payload=10020401110200001e0103
BLE_HOST_RECEIPT type=0x41 src=0x9999888877776666 session=4055867942 seq=41510
BLE_CHUNK len=118 hex=4757012801060100560468006800740266667777888899996666777788889999000000004e000da0014e01060000000004015f0026a2bff15900740226a2bff126a200006800740241d1f64afe25da560000000000000000000000000000000000000000000000000200030001000000000000000101
BLE_PACKET type=0x56 src=0x9999888877776666 dst=0x9999888877776666 session=41156712 seq=104 payload=014e01060000000004015f0026a2bff15900740226a2bff126a200006800740241d1f64afe25da560000000000000000000000000000000000000000000000000200030001000000000000000101
GATEWAY_COMMAND_EVENT GatewayCommandEvent(command_kind=1, stage=6, flags=0, attempt=0, command_status=0, reason=0, command_id=260, route_epoch=95, correlation_id=4055867942, gateway_sequence=41156697, host_session_id=4055867942, host_sequence=41510, event_sequence=41156712, anchor_id=6258356406294335809, pair_initiator_id=0, pair_responder_id=0, previous_hop_id=0, progress_count=2, total_count=3, success_count=1, failure_count=0, duplicate_count=0, lost_event_count=0, hop_count=1, discovery_slot=1)
BLE_HOST_RECEIPT type=0x56 src=0x9999888877776666 session=41156712 seq=104
BLE_CHUNK len=118 hex=4757012801060100560469006900740266667777888899996666777788889999000000004e00fd3a014e01060000000004015f0026a2bff15900740226a2bff126a200006900740207cbc8c619961a190000000000000000000000000000000000000000000000000300030001000000000000000102
BLE_PACKET type=0x56 src=0x9999888877776666 dst=0x9999888877776666 session=41156713 seq=105 payload=014e01060000000004015f0026a2bff15900740226a2bff126a200006900740207cbc8c619961a190000000000000000000000000000000000000000000000000300030001000000000000000102
GATEWAY_COMMAND_EVENT GatewayCommandEvent(command_kind=1, stage=6, flags=0, attempt=0, command_status=0, reason=0, command_id=260, route_epoch=95, correlation_id=4055867942, gateway_sequence=41156697, host_session_id=4055867942, host_sequence=41510, event_sequence=41156713, anchor_id=1808923237796072199, pair_initiator_id=0, pair_responder_id=0, previous_hop_id=0, progress_count=3, total_count=3, success_count=1, failure_count=0, duplicate_count=0, lost_event_count=0, hop_count=1, discovery_slot=2)
BLE_HOST_RECEIPT type=0x56 src=0x9999888877776666 session=41156713 seq=105
BLE_CHUNK len=118 hex=475701280106010056046a006a00740266667777888899996666777788889999000000004e0026c0014e01070000000004015f0026a2bff15900740226a2bff126a200006a007402000000000000000000000000000000000000000000000000000000000000000003000300030000000000000000ff
BLE_PACKET type=0x56 src=0x9999888877776666 dst=0x9999888877776666 session=41156714 seq=106 payload=014e01070000000004015f0026a2bff15900740226a2bff126a200006a007402000000000000000000000000000000000000000000000000000000000000000003000300030000000000000000ff
GATEWAY_COMMAND_EVENT GatewayCommandEvent(command_kind=1, stage=7, flags=0, attempt=0, command_status=0, reason=0, command_id=260, route_epoch=95, correlation_id=4055867942, gateway_sequence=41156697, host_session_id=4055867942, host_sequence=41510, event_sequence=41156714, anchor_id=0, pair_initiator_id=0, pair_responder_id=0, previous_hop_id=0, progress_count=3, total_count=3, success_count=3, failure_count=0, duplicate_count=0, lost_event_count=0, hop_count=0, discovery_slot=255)
BLE_HOST_RECEIPT type=0x56 src=0x9999888877776666 session=41156714 seq=106
BLE_CHUNK len=118 hex=475701280106010056046b006b00740266667777888899996666777788889999000000004e0050f7014e01080001000004015f0026a2bff15900740226a2bff126a200006b007402000000000000000000000000000000000000000000000000000000000000000003000300000000000000000000ff
BLE_PACKET type=0x56 src=0x9999888877776666 dst=0x9999888877776666 session=41156715 seq=107 payload=014e01080001000004015f0026a2bff15900740226a2bff126a200006b007402000000000000000000000000000000000000000000000000000000000000000003000300000000000000000000ff
GATEWAY_COMMAND_EVENT GatewayCommandEvent(command_kind=1, stage=8, flags=0, attempt=1, command_status=0, reason=0, command_id=260, route_epoch=95, correlation_id=4055867942, gateway_sequence=41156697, host_session_id=4055867942, host_sequence=41510, event_sequence=41156715, anchor_id=0, pair_initiator_id=0, pair_responder_id=0, previous_hop_id=0, progress_count=3, total_count=3, success_count=0, failure_count=0, duplicate_count=0, lost_event_count=0, hop_count=0, discovery_slot=255)
BLE_HOST_RECEIPT type=0x56 src=0x9999888877776666 session=41156715 seq=107
BLE_CHUNK len=118 hex=475701280106000056046c006c00740266667777888899996666777788889999000000004e006ab0014e010c0100000004015f0026a2bff15900740226a2bff126a200006c007402000000000000000000000000000000000000000000000000000000000000000003000300030000000000000000ff
BLE_PACKET type=0x56 src=0x9999888877776666 dst=0x9999888877776666 session=41156716 seq=108 payload=014e010c0100000004015f0026a2bff15900740226a2bff126a200006c007402000000000000000000000000000000000000000000000000000000000000000003000300030000000000000000ff
GATEWAY_COMMAND_EVENT GatewayCommandEvent(command_kind=1, stage=12, flags=1, attempt=0, command_status=0, reason=0, command_id=260, route_epoch=95, correlation_id=4055867942, gateway_sequence=41156697, host_session_id=4055867942, host_sequence=41510, event_sequence=41156716, anchor_id=0, pair_initiator_id=0, pair_responder_id=0, previous_hop_id=0, progress_count=3, total_count=3, success_count=3, failure_count=0, duplicate_count=0, lost_event_count=0, hop_count=0, discovery_slot=255)
BLE_HOST_RECEIPT type=0x56 src=0x9999888877776666 session=41156716 seq=108
HERE_I_AM_REACHABILITY_QUALIFICATION_OK anchors=3 direct=3 multihop=0 retries=0
BLE_COMPLETE packets=22
