[34m0000368[0m [36mI[0m Target type is nrf52833 [2m[board][0m
[34m0000394[0m [36mI[0m Performing connect pre-reset [2m[coresight_target][0m
[34m0000600[0m [36mI[0m DP IDR = 0x2ba01477 (v1 rev2) [2m[dap][0m
[34m0000606[0m [36mI[0m AHB-AP#0 IDR = 0x24770011 (AHB-AP var1 rev2) [2m[discovery][0m
[34m0000607[0m [36mI[0m AP#1 IDR = 0x02880000 (AP var0 rev0) [2m[discovery][0m
[34m0000607[0m [36mI[0m NRF52833 not in secure state [2m[target_nRF52][0m
[34m0000611[0m [36mI[0m AHB-AP#0 Class 0x1 ROM table #0 @ 0xe00ff000 (designer=244 part=00d) [2m[rom_table][0m
[34m0000613[0m [36mI[0m [0]<e000e000:SCS v7-M class=14 designer=43b:Arm part=00c> [2m[rom_table][0m
[34m0000615[0m [36mI[0m [1]<e0001000:DWT v7-M class=14 designer=43b:Arm part=002> [2m[rom_table][0m
[34m0000616[0m [36mI[0m [2]<e0002000:FPB v7-M class=14 designer=43b:Arm part=003> [2m[rom_table][0m
[34m0000617[0m [36mI[0m [3]<e0000000:ITM v7-M class=14 designer=43b:Arm part=001> [2m[rom_table][0m
[34m0000620[0m [36mI[0m [4]<e0040000:TPIU M4 class=9 designer=43b:Arm part=9a1 devtype=11 archid=0000 devid=ca1:0:0> [2m[rom_table][0m
[34m0000622[0m [36mI[0m [5]<e0041000:ETM M4 class=9 designer=43b:Arm part=925 devtype=13 archid=0000 devid=0:0:0> [2m[rom_table][0m
[34m0000626[0m [36mI[0m CPU core #0: Cortex-M4 r0p1, v7.0-M architecture [2m[cortex_m][0m
[34m0000626[0m [36mI[0m   Extensions: [DSP, FPU, FPU_V4, MPU] [2m[cortex_m][0m
[34m0000626[0m [36mI[0m   FPU present: FPv4-SP-D16-M [2m[cortex_m][0m
[34m0000628[0m [36mI[0m This appears to be an nRF52833 AA B0 [2m[target_nRF52][0m
[34m0000633[0m [36mI[0m 4 hardware watchpoints [2m[dwt][0m
[34m0000635[0m [36mI[0m 6 hardware breakpoints, 4 literal comparators [2m[fpb][0m
[34m0000658[0m [36mI[0m 3 up channels and 3 down channels found [2m[rtt_cmd][0m
[34m0000658[0m [36mI[0m Reading from up channel 0 ("Terminal") [2m[rtt_cmd][0m
[34m0000660[0m [36mI[0m Writing to down channel 0 ("Terminal") [2m[rtt_cmd][0m
DBG_ANCHOR_CH5_SCAN_HANDLER role=2
DBG_ANCHOR_CH5_SCAN_BLOCKED win=0 survey=0 tx=0 retry_gap=0 wait=0 rx=0 rxq=0 rxr=0 ack=0 ch9=0 rf=1 retry=20 interval=380
DBG_ANCHOR_CH5_SCAN_RESCHED ret=1 delay=20
DBG_ANCHOR_CH5_SCAN_HANDLER role=2
DBG_ANCHOR_CH5_SCAN_BLOCKED win=0 survey=0 tx=0 retry_gap=0 wait=0 rx=0 rxq=0 rxr=0 ack=0 ch9=0 rf=1 retry=20 interval=380
DBG_ANCHOR_CH5_SCAN_RESCHED ret=1 delay=20
DBG_ANCHOR_CH5_SCAN_HANDLER role=2
DBG_DWM_KEEP_IDLE reason=ch9-rx ch9=1 ack=0 qack=0 ret=0
DBG_CH9_RX_EMPTY
DBG_CH9_RX_TIMEOUT
DBG_CH9_RX_MISS frames=0 now=105272 start=105090 end=105210 fail=0
DBG_CH9_EVENT_STATE state=window_expired peer=0x191a9619c6c8cb07 start=105090 end=105210 reason=rx-slot
DBG_ANCHOR_CH5_SCAN_ARM now=105272 win=20 complete=15 interval=380 wait=0 tx=0
DBG_DWM_CH5_RX_HUNT_START acq=20 complete=15 cap=1021
DBG_DWM_CH5_RX_HUNT_EMPTY ret=-116 status=0x00000000 acq=20
DBG_ANCHOR_CH5_SCAN_DONE ret=-116 len=0 fail=1 pre=0 q=0 rx_us=20721 complete=15
DBG_ANCHOR_CH5_SCAN_RESCHED ret=1 delay=380
DBG_DWM_KEEP_IDLE reason=ch9-rx ch9=1 ack=0 qack=0 ret=0
DBG_CH9_RX_EMPTY
DBG_CH9_RX_TIMEOUT
DBG_CH9_RX_MISS frames=0 now=110392 start=110210 end=110330 fail=0
DBG_CH9_EVENT_STATE state=window_expired peer=0x191a9619c6c8cb07 start=110210 end=110330 reason=rx-slot
DBG_ANCHOR_CH5_SCAN_HANDLER role=2
DBG_ANCHOR_CH5_SCAN_ARM now=110392 win=20 complete=15 interval=380 wait=0 tx=0
DBG_DWM_CH5_RX_HUNT_START acq=20 complete=15 cap=1021
DBG_DWM_CH5_RX_HUNT_EMPTY ret=-116 status=0x00000000 acq=20
DBG_ANCHOR_CH5_SCAN_DONE ret=-116 len=0 fail=1 pre=0 q=0 rx_us=20751 complete=15
DBG_ANCHOR_CH5_POST_CH9_RECOVERY_SCAN win=20 ret=-116 pre=0
DBG_ANCHOR_CH5_SCAN_RESCHED ret=1 delay=380
DBG_ANCHOR_CH5_SCAN_HANDLER role=2
DBG_DWM_CH5_RX_HUNT_START acq=3 complete=15 cap=1021
DBG_DWM_CH5_RX_HUNT_EMPTY ret=-116 status=0x00000000 acq=3
DBG_ANCHOR_CH5_SCAN_RESCHED ret=1 delay=380
DBG_ANCHOR_CH5_SCAN_HANDLER role=2
DBG_DWM_CH5_RX_HUNT_START acq=3 complete=15 cap=1021
DBG_DWM_CH5_RX_HUNT_EMPTY ret=-116 status=0x00000000 acq=3
DBG_ANCHOR_CH5_SCAN_RESCHED ret=1 delay=380
DBG_CH9_SKIP_STALE n=1 now=111430 next=111490 cnt=639888822 reason=rx-select
DBG_CH9_RX_SLOT idx=0 cnt=639888822 now=111430 start=111490 end=111610
DBG_CH9_EVENT_STATE state=granted peer=0x191a9619c6c8cb07 start=111490 end=111610 reason=rx-slot
DBG_CH9_RX_START idx=0 now=111430 start=111490 end=111610 tail=60
DBG_CH9_RX_CONFIG_OK
DBG_CH9_RX_EARLY_ARM now=111449 start=111490 guard=60
DBG_CH9_RX_ARMED now=111449 start=111490 end=111610 deadline=111670
DBG_ANCHOR_CH5_SCAN_HANDLER role=2
DBG_ANCHOR_CH5_SCAN_BLOCKED win=0 survey=0 tx=0 retry_gap=0 wait=0 rx=0 rxq=0 rxr=0 ack=0 ch9=0 rf=1 retry=20 interval=380
DBG_ANCHOR_CH5_SCAN_RESCHED ret=1 delay=20
DBG_ANCHOR_CH5_SCAN_HANDLER role=2
DBG_ANCHOR_CH5_SCAN_BLOCKED win=0 survey=0 tx=0 retry_gap=0 wait=0 rx=0 rxq=0 rxr=0 ack=0 ch9=0 rf=1 retry=20 interval=380
DBG_ANCHOR_CH5_SCAN_RESCHED ret=1 delay=20
DBG_DWM_KEEP_IDLE reason=ch9-rx ch9=1 ack=0 qack=0 ret=0
DBG_CH9_RX_EMPTY
DBG_CH9_RX_TIMEOUT
DBG_CH9_RX_MISS frames=0 now=111672 start=111490 end=111610 fail=0
DBG_CH9_EVENT_STATE state=window_expired peer=0x191a9619c6c8cb07 start=111490 end=111610 reason=rx-slot
DBG_ANCHOR_CH5_SCAN_HANDLER role=2
DBG_ANCHOR_CH5_SCAN_ARM now=111672 win=20 complete=15 interval=380 wait=0 tx=0
DBG_DWM_CH5_RX_HUNT_START acq=20 complete=15 cap=1021
DBG_DWM_CH5_RX_HUNT_EMPTY ret=-116 status=0x00000000 acq=20
DBG_ANCHOR_CH5_SCAN_DONE ret=-116 len=0 fail=1 pre=0 q=0 rx_us=20751 complete=15
DBG_ANCHOR_CH5_POST_CH9_RECOVERY_SCAN win=20 ret=-116 pre=0
DBG_ANCHOR_CH5_SCAN_RESCHED ret=1 delay=380
DBG_ANCHOR_CH5_SCAN_HANDLER role=2
DBG_DWM_CH5_RX_HUNT_START acq=3 complete=15 cap=1021
DBG_DWM_CH5_RX_HUNT_EMPTY ret=-116 status=0x00000000 acq=3
DBG_ANCHOR_CH5_SCAN_RESCHED ret=1 delay=380
DBG_ANCHOR_CH5_SCAN_HANDLER role=2
DBG_DWM_CH5_RX_HUNT_START acq=3 complete=15 cap=1021
DBG_DWM_CH5_RX_HUNT_EMPTY ret=-116 status=0x00000000 acq=3
DBG_ANCHOR_CH5_SCAN_RESCHED ret=1 delay=380
DBG_CH9_SKIP_STALE n=1 now=112710 next=112770 cnt=639888824 reason=rx-select
DBG_CH9_RX_SLOT idx=0 cnt=639888824 now=112710 start=112770 end=112890
DBG_CH9_EVENT_STATE state=granted peer=0x191a9619c6c8cb07 start=112770 end=112890 reason=rx-slot
DBG_CH9_RX_START idx=0 now=112710 start=112770 end=112890 tail=60
DBG_CH9_RX_CONFIG_OK
DBG_CH9_RX_EARLY_ARM now=112729 start=112770 guard=60
DBG_CH9_RX_ARMED now=112729 start=112770 end=112890 deadline=112950
DBG_ANCHOR_CH5_SCAN_HANDLER role=2
DBG_ANCHOR_CH5_SCAN_BLOCKED win=0 survey=0 tx=0 retry_gap=0 wait=0 rx=0 rxq=0 rxr=0 ack=0 ch9=0 rf=1 retry=20 interval=380
DBG_ANCHOR_CH5_SCAN_RESCHED ret=1 delay=20
DBG_ANCHOR_CH5_SCAN_HANDLER role=2
DBG_ANCHOR_CH5_SCAN_BLOCKED win=0 survey=0 tx=0 retry_gap=0 wait=0 rx=0 rxq=0 rxr=0 ack=0 ch9=0 rf=1 retry=20 interval=380
DBG_ANCHOR_CH5_SCAN_RESCHED ret=1 delay=20
DBG_ANCHOR_CH5_SCAN_HANDLER role=2
DBG_DWM_KEEP_IDLE reason=ch9-rx ch9=1 ack=0 qack=0 ret=0
DBG_CH9_RX_EMPTY
DBG_CH9_RX_TIMEOUT
DBG_CH9_RX_MISS frames=0 now=112952 start=112770 end=112890 fail=0
DBG_CH9_EVENT_STATE state=window_expired peer=0x191a9619c6c8cb07 start=112770 end=112890 reason=rx-slot
DBG_ANCHOR_CH5_SCAN_ARM now=112952 win=3 complete=15 interval=380 wait=0 tx=0
DBG_DWM_CH5_RX_HUNT_START acq=3 complete=15 cap=1021
DBG_DWM_CH5_RX_HUNT_EMPTY ret=-116 status=0x00000000 acq=3
DBG_ANCHOR_CH5_SCAN_DONE ret=-116 len=0 fail=1 pre=0 q=0 rx_us=3692 complete=15
DBG_ANCHOR_CH5_SCAN_RESCHED ret=1 delay=380
DBG_ANCHOR_CH5_SCAN_HANDLER role=2
DBG_DWM_CH5_RX_HUNT_START acq=20 complete=15 cap=1021
DBG_DWM_CH5_RX_HUNT_EMPTY ret=-116 status=0x00000000 acq=20
DBG_ANCHOR_CH5_POST_CH9_RECOVERY_SCAN win=20 ret=-116 pre=0
DBG_ANCHOR_CH5_SCAN_RESCHED ret=1 delay=380
DBG_ANCHOR_CH5_SCAN_HANDLER role=2
DBG_DWM_CH5_RX_HUNT_START acq=3 complete=15 cap=1021
DBG_DWM_CH5_RX_HUNT_EMPTY ret=-116 status=0x00000000 acq=3
DBG_ANCHOR_CH5_SCAN_RESCHED ret=1 delay=380
DBG_CH9_SKIP_STALE n=1 now=113990 next=114050 cnt=639888826 reason=rx-select
DBG_CH9_RX_SLOT idx=0 cnt=639888826 now=113990 start=114050 end=114170
DBG_CH9_EVENT_STATE state=granted peer=0x191a9619c6c8cb07 start=114050 end=114170 reason=rx-slot
DBG_CH9_RX_START idx=0 now=113991 start=114050 end=114170 tail=60
DBG_CH9_RX_CONFIG_OK
DBG_CH9_RX_EARLY_ARM now=114009 start=114050 guard=60
DBG_CH9_RX_ARMED now=114009 start=114050 end=114170 deadline=114230
DBG_ANCHOR_CH5_SCAN_HANDLER role=2
DBG_ANCHOR_CH5_SCAN_BLOCKED win=0 survey=0 tx=0 retry_gap=0 wait=0 rx=0 rxq=0 rxr=0 ack=0 ch9=0 rf=1 retry=20 interval=380
DBG_ANCHOR_CH5_SCAN_RESCHED ret=1 delay=20
DBG_ANCHOR_CH5_SCAN_HANDLER role=2
DBG_ANCHOR_CH5_SCAN_BLOCKED win=0 survey=0 tx=0 retry_gap=0 wait=0 rx=0 rxq=0 rxr=0 ack=0 ch9=0 rf=1 retry=20 interval=380
DBG_ANCHOR_CH5_SCAN_RESCHED ret=1 delay=20
DBG_ANCHOR_CH5_SCAN_HANDLER role=2
DBG_DWM_KEEP_IDLE reason=ch9-rx ch9=1 ack=0 qack=0 ret=0
DBG_CH9_RX_EMPTY
DBG_CH9_RX_TIMEOUT
DBG_CH9_RX_MISS frames=0 now=114232 start=114050 end=114170 fail=0
DBG_CH9_EVENT_STATE state=window_expired peer=0x191a9619c6c8cb07 start=114050 end=114170 reason=rx-slot
DBG_ANCHOR_CH5_SCAN_ARM now=114232 win=20 complete=15 interval=380 wait=0 tx=0
DBG_DWM_CH5_RX_HUNT_START acq=20 complete=15 cap=1021
DBG_DWM_CH5_RX_HUNT_EMPTY ret=-116 status=0x00000000 acq=20
DBG_ANCHOR_CH5_SCAN_DONE ret=-116 len=0 fail=1 pre=0 q=0 rx_us=20416 complete=15
DBG_ANCHOR_CH5_POST_CH9_RECOVERY_SCAN win=20 ret=-116 pre=0
DBG_ANCHOR_CH5_SCAN_RESCHED ret=1 delay=380
DBG_ANCHOR_CH5_SCAN_HANDLER role=2
DBG_DWM_CH5_RX_HUNT_START acq=3 complete=15 cap=1021
DBG_DWM_CH5_RX_HUNT_EMPTY ret=-116 status=0x00000000 acq=3
DBG_ANCHOR_CH5_SCAN_RESCHED ret=1 delay=380
DBG_ANCHOR_CH5_SCAN_HANDLER role=2
DBG_DWM_CH5_RX_HUNT_START acq=3 complete=15 cap=1021
DBG_DWM_CH5_RX_HUNT_EMPTY ret=-116 status=0x00000000 acq=3
DBG_ANCHOR_CH5_SCAN_RESCHED ret=1 delay=380
DBG_CH9_SKIP_STALE n=1 now=115270 next=115330 cnt=639888828 reason=rx-select
DBG_CH9_RX_SLOT idx=0 cnt=639888828 now=115270 start=115330 end=115450
DBG_CH9_EVENT_STATE state=granted peer=0x191a9619c6c8cb07 start=115330 end=115450 reason=rx-slot
DBG_CH9_RX_START idx=0 now=115270 start=115330 end=115450 tail=60
DBG_CH9_RX_CONFIG_OK
DBG_CH9_RX_EARLY_ARM now=115289 start=115330 guard=60
DBG_CH9_RX_ARMED now=115289 start=115330 end=115450 deadline=115510
DBG_ANCHOR_CH5_SCAN_HANDLER role=2
DBG_ANCHOR_CH5_SCAN_BLOCKED win=0 survey=0 tx=0 retry_gap=0 wait=0 rx=0 rxq=0 rxr=0 ack=0 ch9=0 rf=1 retry=20 interval=380
DBG_ANCHOR_CH5_SCAN_RESCHED ret=1 delay=20
DBG_ANCHOR_CH5_SCAN_HANDLER role=2
DBG_ANCHOR_CH5_SCAN_BLOCKED win=0 survey=0 tx=0 retry_gap=0 wait=0 rx=0 rxq=0 rxr=0 ack=0 ch9=0 rf=1 retry=20 interval=380
DBG_ANCHOR_CH5_SCAN_RESCHED ret=1 delay=20
DBG_ANCHOR_CH5_SCAN_HANDLER role=2
DBG_DWM_KEEP_IDLE reason=ch9-rx ch9=1 ack=0 qack=0 ret=0
DBG_CH9_RX_EMPTY
DBG_CH9_RX_TIMEOUT
DBG_CH9_RX_MISS frames=0 now=115512 start=115330 end=115450 fail=0
DBG_CH9_EVENT_STATE state=window_expired peer=0x191a9619c6c8cb07 start=115330 end=115450 reason=rx-slot
DBG_ANCHOR_CH5_SCAN_ARM now=115512 win=20 complete=15 interval=380 wait=0 tx=0
DBG_DWM_CH5_RX_HUNT_START acq=20 complete=15 cap=1021
DBG_DWM_CH5_RX_HUNT_EMPTY ret=-116 status=0x00000000 acq=20
DBG_ANCHOR_CH5_SCAN_DONE ret=-116 len=0 fail=1 pre=0 q=0 rx_us=20751 complete=15
DBG_ANCHOR_CH5_POST_CH9_RECOVERY_SCAN win=20 ret=-116 pre=0
DBG_ANCHOR_CH5_SCAN_RESCHED ret=1 delay=380
DBG_ANCHOR_CH5_SCAN_HANDLER role=2
DBG_DWM_CH5_RX_HUNT_START acq=3 complete=15 cap=1021
DBG_DWM_CH5_RX_HUNT_EMPTY ret=-116 status=0x00000000 acq=3
DBG_ANCHOR_CH5_SCAN_RESCHED ret=1 delay=380
DBG_ANCHOR_CH5_SCAN_HANDLER role=2
DBG_DWM_CH5_RX_HUNT_START acq=3 complete=15 cap=1021
DBG_DWM_CH5_RX_HUNT_EMPTY ret=-116 status=0x00000000 acq=3
DBG_ANCHOR_CH5_SCAN_RESCHED ret=1 delay=380
DBG_CH9_SKIP_STALE n=1 now=116550 next=116610 cnt=639888830 reason=rx-select
DBG_CH9_RX_SLOT idx=0 cnt=639888830 now=116550 start=116610 end=116730
DBG_CH9_EVENT_STATE state=granted peer=0x191a9619c6c8cb07 start=116610 end=116730 reason=rx-slot
DBG_CH9_RX_START idx=0 now=116551 start=116610 end=116730 tail=60
DBG_CH9_RX_CONFIG_OK
DBG_CH9_RX_EARLY_ARM now=116569 start=116610 guard=60
DBG_CH9_RX_ARMED now=116569 start=116610 end=116730 deadline=116790
DBG_ANCHOR_CH5_SCAN_HANDLER role=2
DBG_ANCHOR_CH5_SCAN_BLOCKED win=0 survey=0 tx=0 retry_gap=0 wait=0 rx=0 rxq=0 rxr=0 ack=0 ch9=0 rf=1 retry=20 interval=380
DBG_ANCHOR_CH5_SCAN_RESCHED ret=1 delay=20
DBG_ANCHOR_CH5_SCAN_HANDLER role=2
DBG_ANCHOR_CH5_SCAN_BLOCKED win=0 survey=0 tx=0 retry_gap=0 wait=0 rx=0 rxq=0 rxr=0 ack=0 ch9=0 rf=1 retry=20 interval=380
DBG_ANCHOR_CH5_SCAN_RESCHED ret=1 delay=20
DBG_DWM_KEEP_IDLE reason=ch9-rx ch9=1 ack=0 qack=0 ret=0
DBG_CH9_RX_EMPTY
DBG_CH9_RX_TIMEOUT
DBG_CH9_RX_MISS frames=0 now=116792 start=116610 end=116730 fail=0
DBG_CH9_EVENT_STATE state=window_expired peer=0x191a9619c6c8cb07 start=116610 end=116730 reason=rx-slot
DBG_ANCHOR_CH5_SCAN_HANDLER role=2
DBG_ANCHOR_CH5_SCAN_ARM now=116792 win=20 complete=15 interval=380 wait=0 tx=0
DBG_DWM_CH5_RX_HUNT_START acq=20 complete=15 cap=1021
DBG_DWM_CH5_RX_HUNT_EMPTY ret=-116 status=0x00000000 acq=20
DBG_ANCHOR_CH5_SCAN_DONE ret=-116 len=0 fail=1 pre=0 q=0 rx_us=20751 complete=15
DBG_ANCHOR_CH5_POST_CH9_RECOVERY_SCAN win=20 ret=-116 pre=0
DBG_ANCHOR_CH5_SCAN_RESCHED ret=1 delay=380
DBG_ANCHOR_CH5_SCAN_HANDLER role=2
DBG_DWM_CH5_RX_HUNT_START acq=3 complete=15 cap=1021
DBG_DWM_CH5_RX_HUNT_EMPTY ret=-116 status=0x00000000 acq=3
DBG_ANCHOR_CH5_SCAN_RESCHED ret=1 delay=380
DBG_ANCHOR_CH5_SCAN_HANDLER role=2
DBG_DWM_CH5_RX_HUNT_START acq=3 complete=15 cap=1021
DBG_DWM_CH5_RX_HUNT_EMPTY ret=-116 status=0x00000000 acq=3
DBG_ANCHOR_CH5_SCAN_RESCHED ret=1 delay=380
DBG_CH9_SKIP_STALE n=1 now=117830 next=117890 cnt=639888832 reason=rx-select
DBG_CH9_RX_SLOT idx=0 cnt=639888832 now=117830 start=117890 end=118010
DBG_CH9_EVENT_STATE state=granted peer=0x191a9619c6c8cb07 start=117890 end=118010 reason=rx-slot
DBG_CH9_RX_START idx=0 now=117831 start=117890 end=118010 tail=60
DBG_CH9_RX_CONFIG_OK
DBG_CH9_RX_EARLY_ARM now=117849 start=117890 guard=60
DBG_CH9_RX_ARMED now=117849 start=117890 end=118010 deadline=118070
DBG_ANCHOR_CH5_SCAN_HANDLER role=2
DBG_ANCHOR_CH5_SCAN_BLOCKED win=0 survey=0 tx=0 retry_gap=0 wait=0 rx=0 rxq=0 rxr=0 ack=0 ch9=0 rf=1 retry=20 interval=380
DBG_ANCHOR_CH5_SCAN_RESCHED ret=1 delay=20
DBG_ANCHOR_CH5_SCAN_HANDLER role=2
DBG_ANCHOR_CH5_SCAN_BLOCKED win=0 survey=0 tx=0 retry_gap=0 wait=0 rx=0 rxq=0 rxr=0 ack=0 ch9=0 rf=1 retry=20 interval=380
DBG_ANCHOR_CH5_SCAN_RESCHED ret=1 delay=20
DBG_ANCHOR_CH5_SCAN_HANDLER role=2
DBG_DWM_KEEP_IDLE reason=ch9-rx ch9=1 ack=0 qack=0 ret=0
DBG_CH9_RX_EMPTY
DBG_CH9_RX_TIMEOUT
DBG_CH9_RX_MISS frames=0 now=118072 start=117890 end=118010 fail=0
DBG_CH9_EVENT_STATE state=window_expired peer=0x191a9619c6c8cb07 start=117890 end=118010 reason=rx-slot
DBG_ANCHOR_CH5_SCAN_ARM now=118072 win=3 complete=15 interval=380 wait=0 tx=0
DBG_DWM_CH5_RX_HUNT_START acq=3 complete=15 cap=1021
DBG_DWM_CH5_RX_HUNT_EMPTY ret=-116 status=0x00000000 acq=3
DBG_ANCHOR_CH5_SCAN_DONE ret=-116 len=0 fail=1 pre=0 q=0 rx_us=3479 complete=15
DBG_ANCHOR_CH5_SCAN_RESCHED ret=1 delay=380
DBG_ANCHOR_CH5_SCAN_HANDLER role=2
DBG_DWM_CH5_RX_HUNT_START acq=20 complete=15 cap=1021
DBG_DWM_CH5_RX_HUNT_EMPTY ret=-116 status=0x00000000 acq=20
DBG_ANCHOR_CH5_POST_CH9_RECOVERY_SCAN win=20 ret=-116 pre=0
DBG_ANCHOR_CH5_SCAN_RESCHED ret=1 delay=380
DBG_ANCHOR_CH5_SCAN_HANDLER role=2
DBG_DWM_CH5_RX_HUNT_START acq=3 complete=15 cap=1021
DBG_DWM_CH5_RX_HUNT_EMPTY ret=-116 status=0x00000000 acq=3
DBG_ANCHOR_CH5_SCAN_RESCHED ret=1 delay=380
DBG_CH9_SKIP_STALE n=1 now=119110 next=119170 cnt=639888834 reason=rx-select
DBG_CH9_RX_SLOT idx=0 cnt=639888834 now=119110 start=119170 end=119290
DBG_CH9_EVENT_STATE state=granted peer=0x191a9619c6c8cb07 start=119170 end=119290 reason=rx-slot
DBG_CH9_RX_START idx=0 now=119111 start=119170 end=119290 tail=60
DBG_CH9_RX_CONFIG_OK
DBG_CH9_RX_EARLY_ARM now=119129 start=119170 guard=60
DBG_CH9_RX_ARMED now=119129 start=119170 end=119290 deadline=119350
DBG_ANCHOR_CH5_SCAN_HANDLER role=2
DBG_ANCHOR_CH5_SCAN_BLOCKED win=0 survey=0 tx=0 retry_gap=0 wait=0 rx=0 rxq=0 rxr=0 ack=0 ch9=0 rf=1 retry=20 interval=380
DBG_ANCHOR_CH5_SCAN_RESCHED ret=1 delay=20
DBG_ANCHOR_CH5_SCAN_HANDLER role=2
DBG_ANCHOR_CH5_SCAN_BLOCKED win=0 survey=0 tx=0 retry_gap=0 wait=0 rx=0 rxq=0 rxr=0 ack=0 ch9=0 rf=1 retry=20 interval=380
DBG_ANCHOR_CH5_SCAN_RESCHED ret=1 delay=20
DBG_ANCHOR_CH5_SCAN_HANDLER role=2
DBG_DWM_KEEP_IDLE reason=ch9-rx ch9=1 ack=0 qack=0 ret=0
DBG_CH9_RX_EMPTY
DBG_CH9_RX_TIMEOUT
DBG_CH9_RX_MISS frames=0 now=119352 start=119170 end=119290 fail=0
DBG_CH9_EVENT_STATE state=window_expired peer=0x191a9619c6c8cb07 start=119170 end=119290 reason=rx-slot
DBG_ANCHOR_CH5_SCAN_ARM now=119352 win=20 complete=15 interval=380 wait=0 tx=0
DBG_DWM_CH5_RX_HUNT_START acq=20 complete=15 cap=1021
DBG_DWM_CH5_RX_HUNT_EMPTY ret=-116 status=0x00000000 acq=20
DBG_ANCHOR_CH5_SCAN_DONE ret=-116 len=0 fail=1 pre=0 q=0 rx_us=20721 complete=15
DBG_ANCHOR_CH5_POST_CH9_RECOVERY_SCAN win=20 ret=-116 pre=0
DBG_ANCHOR_CH5_SCAN_RESCHED ret=1 delay=380
DBG_ANCHOR_CH5_SCAN_HANDLER role=2
DBG_DWM_CH5_RX_HUNT_START acq=3 complete=15 cap=1021
DBG_DWM_CH5_RX_HUNT_EMPTY ret=-116 status=0x00000000 acq=3
DBG_ANCHOR_CH5_SCAN_RESCHED ret=1 delay=380
DBG_ANCHOR_CH5_SCAN_HANDLER role=2
DBG_DWM_CH5_RX_HUNT_START acq=3 complete=15 cap=1021
DBG_DWM_CH5_RX_HUNT_EMPTY ret=-116 status=0x00000000 acq=3
DBG_ANCHOR_CH5_SCAN_RESCHED ret=1 delay=380
DBG_CH9_SKIP_STALE n=1 now=120390 next=120450 cnt=639888836 reason=rx-select
DBG_CH9_RX_SLOT idx=0 cnt=639888836 now=120390 start=120450 end=120570
DBG_CH9_EVENT_STATE state=granted peer=0x191a9619c6c8cb07 start=120450 end=120570 reason=rx-slot
DBG_CH9_RX_START idx=0 now=120390 start=120450 end=120570 tail=60
DBG_CH9_RX_CONFIG_OK
DBG_CH9_RX_EARLY_ARM now=120409 start=120450 guard=60
DBG_CH9_RX_ARMED now=120409 start=120450 end=120570 deadline=120630
DBG_ANCHOR_CH5_SCAN_HANDLER role=2
DBG_ANCHOR_CH5_SCAN_BLOCKED win=0 survey=0 tx=0 retry_gap=0 wait=0 rx=0 rxq=0 rxr=0 ack=0 ch9=0 rf=1 retry=20 interval=380
DBG_ANCHOR_CH5_SCAN_RESCHED ret=1 delay=20
DBG_ANCHOR_CH5_SCAN_HANDLER role=2
DBG_ANCHOR_CH5_SCAN_BLOCKED win=0 survey=0 tx=0 retry_gap=0 wait=0 rx=0 rxq=0 rxr=0 ack=0 ch9=0 rf=1 retry=20 interval=380
DBG_ANCHOR_CH5_SCAN_RESCHED ret=1 delay=20
DBG_DWM_KEEP_IDLE reason=ch9-rx ch9=1 ack=0 qack=0 ret=0
DBG_CH9_RX_EMPTY
DBG_CH9_RX_TIMEOUT
DBG_CH9_RX_MISS frames=0 now=120632 start=120450 end=120570 fail=0
DBG_CH9_EVENT_STATE state=window_expired peer=0x191a9619c6c8cb07 start=120450 end=120570 reason=rx-slot
DBG_ANCHOR_CH5_SCAN_HANDLER role=2
DBG_ANCHOR_CH5_SCAN_ARM now=120632 win=20 complete=15 interval=380 wait=0 tx=0
DBG_DWM_CH5_RX_HUNT_START acq=20 complete=15 cap=1021
DBG_DWM_CH5_RX_HUNT_EMPTY ret=-116 status=0x00000000 acq=20
DBG_ANCHOR_CH5_SCAN_DONE ret=-116 len=0 fail=1 pre=0 q=0 rx_us=20904 complete=15
DBG_ANCHOR_CH5_POST_CH9_RECOVERY_SCAN win=20 ret=-116 pre=0
DBG_ANCHOR_CH5_SCAN_RESCHED ret=1 delay=380
DBG_ANCHOR_CH5_SCAN_HANDLER role=2
DBG_DWM_CH5_RX_HUNT_START acq=3 complete=15 cap=1021
DBG_DWM_CH5_RX_HUNT_EMPTY ret=-116 status=0x00000000 acq=3
DBG_ANCHOR_CH5_SCAN_RESCHED ret=1 delay=380
DBG_ANCHOR_CH5_SCAN_HANDLER role=2
DBG_DWM_CH5_RX_HUNT_START acq=3 complete=15 cap=1021
DBG_DWM_CH5_RX_HUNT_EMPTY ret=-116 status=0x00000000 acq=3
DBG_ANCHOR_CH5_SCAN_RESCHED ret=1 delay=380
DBG_CH9_SKIP_STALE n=1 now=121670 next=121730 cnt=639888838 reason=rx-select
DBG_CH9_RX_SLOT idx=0 cnt=639888838 now=121670 start=121730 end=121850
DBG_CH9_EVENT_STATE state=granted peer=0x191a9619c6c8cb07 start=121730 end=121850 reason=rx-slot
DBG_CH9_RX_START idx=0 now=121670 start=121730 end=121850 tail=60
DBG_CH9_RX_CONFIG_OK
DBG_CH9_RX_EARLY_ARM now=121689 start=121730 guard=60
DBG_CH9_RX_ARMED now=121689 start=121730 end=121850 deadline=121910
DBG_ANCHOR_CH5_SCAN_HANDLER role=2
DBG_ANCHOR_CH5_SCAN_BLOCKED win=0 survey=0 tx=0 retry_gap=0 wait=0 rx=0 rxq=0 rxr=0 ack=0 ch9=0 rf=1 retry=20 interval=380
DBG_ANCHOR_CH5_SCAN_RESCHED ret=1 delay=20
DBG_ANCHOR_CH5_SCAN_HANDLER role=2
DBG_ANCHOR_CH5_SCAN_BLOCKED win=0 survey=0 tx=0 retry_gap=0 wait=0 rx=0 rxq=0 rxr=0 ack=0 ch9=0 rf=1 retry=20 interval=380
DBG_ANCHOR_CH5_SCAN_RESCHED ret=1 delay=20
DBG_ANCHOR_CH5_SCAN_HANDLER role=2
DBG_DWM_KEEP_IDLE reason=ch9-rx ch9=1 ack=0 qack=0 ret=0
DBG_CH9_RX_EMPTY
DBG_CH9_RX_TIMEOUT
DBG_CH9_RX_MISS frames=0 now=121912 start=121730 end=121850 fail=0
DBG_CH9_EVENT_STATE state=window_expired peer=0x191a9619c6c8cb07 start=121730 end=121850 reason=rx-slot
DBG_ANCHOR_CH5_SCAN_ARM now=121912 win=20 complete=15 interval=380 wait=0 tx=0
DBG_DWM_CH5_RX_HUNT_START acq=20 complete=15 cap=1021
DBG_DWM_CH5_RX_HUNT_EMPTY ret=-116 status=0x00000000 acq=20
DBG_ANCHOR_CH5_SCAN_DONE ret=-116 len=0 fail=1 pre=0 q=0 rx_us=20751 complete=15
DBG_ANCHOR_CH5_POST_CH9_RECOVERY_SCAN win=20 ret=-116 pre=0
DBG_ANCHOR_CH5_SCAN_RESCHED ret=1 delay=380
DBG_ANCHOR_CH5_SCAN_HANDLER role=2
DBG_DWM_CH5_RX_HUNT_START acq=3 complete=15 cap=1021
DBG_DWM_CH5_RX_HUNT_EMPTY ret=-116 status=0x00000000 acq=3
DBG_ANCHOR_CH5_SCAN_RESCHED ret=1 delay=380
DBG_ANCHOR_CH5_SCAN_HANDLER role=2
DBG_DWM_CH5_RX_HUNT_START acq=3 complete=15 cap=1021
DBG_DWM_CH5_RX_HUNT_EMPTY ret=-116 status=0x00000000 acq=3
DBG_ANCHOR_CH5_SCAN_RESCHED ret=1 delay=380
DBG_CH9_SKIP_STALE n=1 now=122950 next=123010 cnt=639888840 reason=rx-select
DBG_CH9_RX_SLOT idx=0 cnt=639888840 now=122950 start=123010 end=123130
DBG_CH9_EVENT_STATE state=granted peer=0x191a9619c6c8cb07 start=123010 end=123130 reason=rx-slot
DBG_CH9_RX_START idx=0 now=122951 start=123010 end=123130 tail=60
DBG_CH9_RX_CONFIG_OK
DBG_CH9_RX_EARLY_ARM now=122969 start=123010 guard=60
DBG_CH9_RX_ARMED now=122969 start=123010 end=123130 deadline=123190
DBG_ANCHOR_CH5_SCAN_HANDLER role=2
DBG_ANCHOR_CH5_SCAN_BLOCKED win=0 survey=0 tx=0 retry_gap=0 wait=0 rx=0 rxq=0 rxr=0 ack=0 ch9=0 rf=1 retry=20 interval=380
DBG_ANCHOR_CH5_SCAN_RESCHED ret=1 delay=20
DBG_ANCHOR_CH5_SCAN_HANDLER role=2
DBG_ANCHOR_CH5_SCAN_BLOCKED win=0 survey=0 tx=0 retry_gap=0 wait=0 rx=0 rxq=0 rxr=0 ack=0 ch9=0 rf=1 retry=20 interval=380
DBG_ANCHOR_CH5_SCAN_RESCHED ret=1 delay=20
DBG_ANCHOR_CH5_SCAN_HANDLER role=2
DBG_ANCHOR_CH5_SCAN_ARM now=123192 win=20 complete=15 interval=380 wait=0 tx=0
DBG_DWM_CH5_RX_HUNT_START acq=20 complete=15 cap=1021
DBG_DWM_CH5_RX_HUNT_EMPTY ret=-116 status=0x00000000 acq=20
DBG_ANCHOR_CH5_SCAN_DONE ret=-116 len=0 fail=1 pre=0 q=0 rx_us=20416 complete=15
DBG_ANCHOR_CH5_POST_CH9_RECOVERY_SCAN win=20 ret=-116 pre=0
DBG_ANCHOR_CH5_SCAN_RESCHED ret=1 delay=380
DBG_ANCHOR_CH5_SCAN_HANDLER role=2
DBG_DWM_CH5_RX_HUNT_START acq=3 complete=15 cap=1021
DBG_DWM_CH5_RX_HUNT_EMPTY ret=-116 status=0x00000000 acq=3
DBG_ANCHOR_CH5_SCAN_RESCHED ret=1 delay=380
DBG_ANCHOR_CH5_SCAN_HANDLER role=2
DBG_DWM_CH5_RX_HUNT_START acq=3 complete=15 cap=1021
DBG_DWM_CH5_RX_HUNT_EMPTY ret=-116 status=0x00000000 acq=3
DBG_ANCHOR_CH5_SCAN_RESCHED ret=1 delay=380
DBG_CH9_SKIP_STALE n=1 now=124230 next=124290 cnt=639888842 reason=rx-select
DBG_CH9_RX_SLOT idx=0 cnt=639888842 now=124230 start=124290 end=124410
DBG_CH9_EVENT_STATE state=granted peer=0x191a9619c6c8cb07 start=124290 end=124410 reason=rx-slot
DBG_CH9_RX_START idx=0 now=124230 start=124290 end=124410 tail=60
DBG_CH9_RX_CONFIG_OK
DBG_CH9_RX_EARLY_ARM now=124249 start=124290 guard=60
DBG_CH9_RX_ARMED now=124249 start=124290 end=124410 deadline=124470
DBG_ANCHOR_CH5_SCAN_HANDLER role=2
DBG_ANCHOR_CH5_SCAN_BLOCKED win=0 survey=0 tx=0 retry_gap=0 wait=0 rx=0 rxq=0 rxr=0 ack=0 ch9=0 rf=1 retry=20 interval=380
DBG_ANCHOR_CH5_SCAN_RESCHED ret=1 delay=20
DBG_ANCHOR_CH5_SCAN_HANDLER role=2
DBG_ANCHOR_CH5_SCAN_BLOCKED win=0 survey=0 tx=0 retry_gap=0 wait=0 rx=0 rxq=0 rxr=0 ack=0 ch9=0 rf=1 retry=20 interval=380
DBG_ANCHOR_CH5_SCAN_RESCHED ret=1 delay=20
DBG_ANCHOR_CH5_SCAN_HANDLER role=2
DBG_DWM_KEEP_IDLE reason=ch9-rx ch9=1 ack=0 qack=0 ret=0
DBG_CH9_RX_EMPTY
DBG_CH9_RX_TIMEOUT
DBG_CH9_RX_MISS frames=0 now=124472 start=124290 end=124410 fail=0
DBG_CH9_EVENT_STATE state=window_expired peer=0x191a9619c6c8cb07 start=124290 end=124410 reason=rx-slot
DBG_ANCHOR_CH5_SCAN_ARM now=124472 win=20 complete=15 interval=380 wait=0 tx=0
DBG_DWM_CH5_RX_HUNT_START acq=20 complete=15 cap=1021
DBG_DWM_CH5_RX_HUNT_EMPTY ret=-116 status=0x00000000 acq=20
DBG_ANCHOR_CH5_SCAN_DONE ret=-116 len=0 fail=1 pre=0 q=0 rx_us=20935 complete=15
DBG_ANCHOR_CH5_POST_CH9_RECOVERY_SCAN win=20 ret=-116 pre=0
DBG_ANCHOR_CH5_SCAN_RESCHED ret=1 delay=380
DBG_ANCHOR_CH5_SCAN_HANDLER role=2
DBG_DWM_CH5_RX_HUNT_START acq=3 complete=15 cap=1021
DBG_DWM_CH5_RX_HUNT_EMPTY ret=-116 status=0x00000000 acq=3
DBG_ANCHOR_CH5_SCAN_RESCHED ret=1 delay=380
DBG_ANCHOR_CH5_SCAN_HANDLER role=2
DBG_DWM_CH5_RX_HUNT_START acq=3 complete=15 cap=1021
DBG_DWM_CH5_RX_HUNT_EMPTY ret=-116 status=0x00000000 acq=3
DBG_ANCHOR_CH5_SCAN_RESCHED ret=1 delay=380
DBG_CH9_SKIP_STALE n=1 now=125510 next=125570 cnt=639888844 reason=rx-select
DBG_CH9_RX_SLOT idx=0 cnt=639888844 now=125510 start=125570 end=125690
DBG_CH9_EVENT_STATE state=granted peer=0x191a9619c6c8cb07 start=125570 end=125690 reason=rx-slot
DBG_CH9_RX_START idx=0 now=125510 start=125570 end=125690 tail=60
DBG_CH9_RX_CONFIG_OK
DBG_CH9_RX_EARLY_ARM now=125529 start=125570 guard=60
DBG_CH9_RX_ARMED now=125529 start=125570 end=125690 deadline=125750
DBG_ANCHOR_CH5_SCAN_HANDLER role=2
DBG_ANCHOR_CH5_SCAN_BLOCKED win=0 survey=0 tx=0 retry_gap=0 wait=0 rx=0 rxq=0 rxr=0 ack=0 ch9=0 rf=1 retry=20 interval=380
DBG_ANCHOR_CH5_SCAN_RESCHED ret=1 delay=20
DBG_ANCHOR_CH5_SCAN_HANDLER role=2
DBG_ANCHOR_CH5_SCAN_BLOCKED win=0 survey=0 tx=0 retry_gap=0 wait=0 rx=0 rxq=0 rxr=0 ack=0 ch9=0 rf=1 retry=20 interval=380
DBG_ANCHOR_CH5_SCAN_RESCHED ret=1 delay=20
DBG_DWM_KEEP_IDLE reason=ch9-rx ch9=1 ack=0 qack=0 ret=0
DBG_CH9_RX_EMPTY
DBG_CH9_RX_TIMEOUT
DBG_CH9_RX_MISS frames=0 now=125752 start=125570 end=125690 fail=0
DBG_CH9_EVENT_STATE state=window_expired peer=0x191a9619c6c8cb07 start=125570 end=125690 reason=rx-slot
DBG_ANCHOR_CH5_SCAN_HANDLER role=2
DBG_ANCHOR_CH5_SCAN_ARM now=125752 win=20 complete=15 interval=380 wait=0 tx=0
DBG_DWM_CH5_RX_HUNT_START acq=20 complete=15 cap=1021
DBG_DWM_CH5_RX_HUNT_EMPTY ret=-116 status=0x00000000 acq=20
DBG_ANCHOR_CH5_SCAN_DONE ret=-116 len=0 fail=1 pre=0 q=0 rx_us=20721 complete=15
DBG_ANCHOR_CH5_POST_CH9_RECOVERY_SCAN win=20 ret=-116 pre=0
DBG_ANCHOR_CH5_SCAN_RESCHED ret=1 delay=380
DBG_ANCHOR_CH5_SCAN_HANDLER role=2
DBG_DWM_CH5_RX_HUNT_START acq=3 complete=15 cap=1021
DBG_DWM_CH5_RX_HUNT_EMPTY ret=-116 status=0x00000000 acq=3
DBG_ANCHOR_CH5_SCAN_RESCHED ret=1 delay=380
DBG_ANCHOR_CH5_SCAN_HANDLER role=2
DBG_DWM_CH5_RX_HUNT_START acq=3 complete=15 cap=1021
DBG_DWM_CH5_RX_HUNT_EMPTY ret=-116 status=0x00000000 acq=3
DBG_ANCHOR_CH5_SCAN_RESCHED ret=1 delay=380
DBG_CH9_SKIP_STALE n=1 now=126790 next=126850 cnt=639888846 reason=rx-select
DBG_CH9_RX_SLOT idx=0 cnt=639888846 now=126790 start=126850 end=126970
DBG_CH9_EVENT_STATE state=granted peer=0x191a9619c6c8cb07 start=126850 end=126970 reason=rx-slot
DBG_CH9_RX_START idx=0 now=126791 start=126850 end=126970 tail=60
DBG_CH9_RX_CONFIG_OK
DBG_CH9_RX_EARLY_ARM now=126809 start=126850 guard=60
DBG_CH9_RX_ARMED now=126809 start=126850 end=126970 deadline=127030
DBG_ANCHOR_CH5_SCAN_HANDLER role=2
DBG_ANCHOR_CH5_SCAN_BLOCKED win=0 survey=0 tx=0 retry_gap=0 wait=0 rx=0 rxq=0 rxr=0 ack=0 ch9=0 rf=1 retry=20 interval=380
DBG_ANCHOR_CH5_SCAN_RESCHED ret=1 delay=20
DBG_ANCHOR_CH5_SCAN_HANDLER role=2
DBG_ANCHOR_CH5_SCAN_BLOCKED win=0 survey=0 tx=0 retry_gap=0 wait=0 rx=0 rxq=0 rxr=0 ack=0 ch9=0 rf=1 retry=20 interval=380
DBG_ANCHOR_CH5_SCAN_RESCHED ret=1 delay=20
DBG_ANCHOR_CH5_SCAN_HANDLER role=2
DBG_DWM_KEEP_IDLE reason=ch9-rx ch9=1 ack=0 qack=0 ret=0
DBG_CH9_RX_EMPTY
DBG_CH9_RX_TIMEOUT
DBG_CH9_RX_MISS frames=0 now=127032 start=126850 end=126970 fail=0
DBG_CH9_EVENT_STATE state=window_expired peer=0x191a9619c6c8cb07 start=126850 end=126970 reason=rx-slot
DBG_ANCHOR_CH5_SCAN_ARM now=127032 win=20 complete=15 interval=380 wait=0 tx=0
DBG_DWM_CH5_RX_HUNT_START acq=20 complete=15 cap=1021
DBG_DWM_CH5_RX_HUNT_EMPTY ret=-116 status=0x00000000 acq=20
DBG_ANCHOR_CH5_SCAN_DONE ret=-116 len=0 fail=1 pre=0 q=0 rx_us=20812 complete=15
DBG_ANCHOR_CH5_POST_CH9_RECOVERY_SCAN win=20 ret=-116 pre=0
DBG_ANCHOR_CH5_SCAN_RESCHED ret=1 delay=380
DBG_ANCHOR_CH5_SCAN_HANDLER role=2
DBG_DWM_CH5_RX_HUNT_START acq=3 complete=15 cap=1021
DBG_DWM_CH5_RX_HUNT_EMPTY ret=-116 status=0x00000000 acq=3
DBG_ANCHOR_CH5_SCAN_RESCHED ret=1 delay=380
DBG_ANCHOR_CH5_SCAN_HANDLER role=2
DBG_DWM_CH5_RX_HUNT_START acq=3 complete=15 cap=1021
DBG_DWM_CH5_RX_HUNT_EMPTY ret=-116 status=0x00000000 acq=3
DBG_ANCHOR_CH5_SCAN_RESCHED ret=1 delay=380
DBG_CH9_SKIP_STALE n=1 now=128070 next=128130 cnt=639888848 reason=rx-select
DBG_CH9_RX_SLOT idx=0 cnt=639888848 now=128070 start=128130 end=128250
DBG_CH9_EVENT_STATE state=granted peer=0x191a9619c6c8cb07 start=128130 end=128250 reason=rx-slot
DBG_CH9_RX_START idx=0 now=128070 start=128130 end=128250 tail=60
DBG_CH9_RX_CONFIG_OK
DBG_CH9_RX_EARLY_ARM now=128089 start=128130 guard=60
DBG_CH9_RX_ARMED now=128089 start=128130 end=128250 deadline=128310
DBG_ANCHOR_CH5_SCAN_HANDLER role=2
DBG_ANCHOR_CH5_SCAN_BLOCKED win=0 survey=0 tx=0 retry_gap=0 wait=0 rx=0 rxq=0 rxr=0 ack=0 ch9=0 rf=1 retry=20 interval=380
DBG_ANCHOR_CH5_SCAN_RESCHED ret=1 delay=20
DBG_ANCHOR_CH5_SCAN_HANDLER role=2
DBG_ANCHOR_CH5_SCAN_BLOCKED win=0 survey=0 tx=0 retry_gap=0 wait=0 rx=0 rxq=0 rxr=0 ack=0 ch9=0 rf=1 retry=20 interval=380
DBG_ANCHOR_CH5_SCAN_RESCHED ret=1 delay=20
DBG_DWM_KEEP_IDLE reason=ch9-rx ch9=1 ack=0 qack=0 ret=0
DBG_CH9_RX_EMPTY
DBG_CH9_RX_TIMEOUT
DBG_CH9_RX_MISS frames=0 now=128311 start=128130 end=128250 fail=0
DBG_CH9_EVENT_STATE state=window_expired peer=0x191a9619c6c8cb07 start=128130 end=128250 reason=rx-slot
DBG_ANCHOR_CH5_SCAN_HANDLER role=2
DBG_ANCHOR_CH5_SCAN_ARM now=128312 win=20 complete=15 interval=380 wait=0 tx=0
DBG_DWM_CH5_RX_HUNT_START acq=20 complete=15 cap=1021
DBG_DWM_CH5_RX_HUNT_EMPTY ret=-116 status=0x00000000 acq=20
DBG_ANCHOR_CH5_SCAN_DONE ret=-116 len=0 fail=1 pre=0 q=0 rx_us=20935 complete=15
DBG_ANCHOR_CH5_POST_CH9_RECOVERY_SCAN win=20 ret=-116 pre=0
DBG_ANCHOR_CH5_SCAN_RESCHED ret=1 delay=380
DBG_ANCHOR_CH5_SCAN_HANDLER role=2
DBG_DWM_CH5_RX_HUNT_START acq=3 complete=15 cap=1021
DBG_DWM_CH5_RX_HUNT_EMPTY ret=-116 status=0x00000000 acq=3
DBG_ANCHOR_CH5_SCAN_RESCHED ret=1 delay=380
DBG_ANCHOR_CH5_SCAN_HANDLER role=2
DBG_DWM_CH5_RX_HUNT_START acq=3 complete=15 cap=1021
DBG_DWM_CH5_RX_HUNT_EMPTY ret=-116 status=0x00000000 acq=3
DBG_ANCHOR_CH5_SCAN_RESCHED ret=1 delay=380
DBG_CH9_SKIP_STALE n=1 now=129350 next=129410 cnt=639888850 reason=rx-select
DBG_CH9_RX_SLOT idx=0 cnt=639888850 now=129350 start=129410 end=129530
DBG_CH9_EVENT_STATE state=granted peer=0x191a9619c6c8cb07 start=129410 end=129530 reason=rx-slot
DBG_CH9_RX_START idx=0 now=129350 start=129410 end=129530 tail=60
DBG_CH9_RX_CONFIG_OK
DBG_CH9_RX_EARLY_ARM now=129369 start=129410 guard=60
DBG_CH9_RX_ARMED now=129369 start=129410 end=129530 deadline=129590
DBG_ANCHOR_CH5_SCAN_HANDLER role=2
DBG_ANCHOR_CH5_SCAN_BLOCKED win=0 survey=0 tx=0 retry_gap=0 wait=0 rx=0 rxq=0 rxr=0 ack=0 ch9=0 rf=1 retry=20 interval=380
DBG_ANCHOR_CH5_SCAN_RESCHED ret=1 delay=20
DBG_ANCHOR_CH5_SCAN_HANDLER role=2
DBG_ANCHOR_CH5_SCAN_BLOCKED win=0 survey=0 tx=0 retry_gap=0 wait=0 rx=0 rxq=0 rxr=0 ack=0 ch9=0 rf=1 retry=20 interval=380
DBG_ANCHOR_CH5_SCAN_RESCHED ret=1 delay=20
DBG_DWM_KEEP_IDLE reason=ch9-rx ch9=1 ack=0 qack=0 ret=0
DBG_CH9_RX_EMPTY
DBG_CH9_RX_TIMEOUT
DBG_CH9_RX_MISS frames=0 now=129592 start=129410 end=129530 fail=0
DBG_CH9_EVENT_STATE state=window_expired peer=0x191a9619c6c8cb07 start=129410 end=129530 reason=rx-slot
DBG_ANCHOR_CH5_SCAN_HANDLER role=2
DBG_ANCHOR_CH5_SCAN_ARM now=129592 win=20 complete=15 interval=380 wait=0 tx=0
DBG_DWM_CH5_RX_HUNT_START acq=20 complete=15 cap=1021
DBG_DWM_CH5_RX_HUNT_EMPTY ret=-116 status=0x00000000 acq=20
DBG_ANCHOR_CH5_SCAN_DONE ret=-116 len=0 fail=1 pre=0 q=0 rx_us=20751 complete=15
DBG_ANCHOR_CH5_POST_CH9_RECOVERY_SCAN win=20 ret=-116 pre=0
DBG_ANCHOR_CH5_SCAN_RESCHED ret=1 delay=380
DBG_ANCHOR_CH5_SCAN_HANDLER role=2
DBG_DWM_CH5_RX_HUNT_START acq=3 complete=15 cap=1021
DBG_DWM_CH5_RX_HUNT_EMPTY ret=-116 status=0x00000000 acq=3
DBG_ANCHOR_CH5_SCAN_RESCHED ret=1 delay=380
DBG_ANCHOR_CH5_SCAN_HANDLER role=2
DBG_DWM_CH5_RX_HUNT_START acq=3 complete=15 cap=1021
DBG_DWM_CH5_RX_HUNT_EMPTY ret=-116 status=0x00000000 acq=3
DBG_ANCHOR_CH5_SCAN_RESCHED ret=1 delay=380
DBG_CH9_SKIP_STALE n=1 now=130630 next=130690 cnt=639888852 reason=rx-select
DBG_CH9_RX_SLOT idx=0 cnt=639888852 now=130630 start=130690 end=130810
DBG_CH9_EVENT_STATE state=granted peer=0x191a9619c6c8cb07 start=130690 end=130810 reason=rx-slot
DBG_CH9_RX_START idx=0 now=130631 start=130690 end=130810 tail=60
DBG_CH9_RX_CONFIG_OK
DBG_CH9_RX_EARLY_ARM now=130649 start=130690 guard=60
DBG_CH9_RX_ARMED now=130649 start=130690 end=130810 deadline=130870
DBG_ANCHOR_CH5_SCAN_HANDLER role=2
DBG_ANCHOR_CH5_SCAN_BLOCKED win=0 survey=0 tx=0 retry_gap=0 wait=0 rx=0 rxq=0 rxr=0 ack=0 ch9=0 rf=1 retry=20 interval=380
DBG_ANCHOR_CH5_SCAN_RESCHED ret=1 delay=20
DBG_ANCHOR_CH5_SCAN_HANDLER role=2
DBG_ANCHOR_CH5_SCAN_BLOCKED win=0 survey=0 tx=0 retry_gap=0 wait=0 rx=0 rxq=0 rxr=0 ack=0 ch9=0 rf=1 retry=20 interval=380
DBG_ANCHOR_CH5_SCAN_RESCHED ret=1 delay=20
DBG_DWM_KEEP_IDLE reason=ch9-rx ch9=1 ack=0 qack=0 ret=0
DBG_CH9_RX_EMPTY
DBG_CH9_RX_TIMEOUT
DBG_CH9_RX_MISS frames=0 now=130871 start=130690 end=130810 fail=0
DBG_CH9_EVENT_STATE state=window_expired peer=0x191a9619c6c8cb07 start=130690 end=130810 reason=rx-slot
DBG_ANCHOR_CH5_SCAN_HANDLER role=2
DBG_ANCHOR_CH5_SCAN_ARM now=130872 win=20 complete=15 interval=380 wait=0 tx=0
DBG_DWM_CH5_RX_HUNT_START acq=20 complete=15 cap=1021
DBG_DWM_CH5_RX_HUNT_EMPTY ret=-116 status=0x00000000 acq=20
DBG_ANCHOR_CH5_SCAN_DONE ret=-116 len=0 fail=1 pre=0 q=0 rx_us=20721 complete=15
DBG_ANCHOR_CH5_POST_CH9_RECOVERY_SCAN win=20 ret=-116 pre=0
DBG_ANCHOR_CH5_SCAN_RESCHED ret=1 delay=380
DBG_ANCHOR_CH5_SCAN_HANDLER role=2
DBG_DWM_CH5_RX_HUNT_START acq=3 complete=15 cap=1021
DBG_DWM_CH5_RX_HUNT_EMPTY ret=-116 status=0x00000000 acq=3
DBG_ANCHOR_CH5_SCAN_RESCHED ret=1 delay=380
DBG_ANCHOR_CH5_SCAN_HANDLER role=2
DBG_DWM_CH5_RX_HUNT_START acq=3 complete=15 cap=1021
DBG_DWM_CH5_RX_HUNT_EMPTY ret=-116 status=0x00000000 acq=3
DBG_ANCHOR_CH5_SCAN_RESCHED ret=1 delay=380
DBG_CH9_SKIP_STALE n=1 now=131910 next=131970 cnt=639888854 reason=rx-select
DBG_CH9_RX_SLOT idx=0 cnt=639888854 now=131910 start=131970 end=132090
DBG_CH9_EVENT_STATE state=granted peer=0x191a9619c6c8cb07 start=131970 end=132090 reason=rx-slot
DBG_CH9_RX_START idx=0 now=131910 start=131970 end=132090 tail=60
DBG_CH9_RX_CONFIG_OK
DBG_CH9_RX_EARLY_ARM now=131929 start=131970 guard=60
DBG_CH9_RX_ARMED now=131929 start=131970 end=132090 deadline=132150
DBG_ANCHOR_CH5_SCAN_HANDLER role=2
DBG_ANCHOR_CH5_SCAN_BLOCKED win=0 survey=0 tx=0 retry_gap=0 wait=0 rx=0 rxq=0 rxr=0 ack=0 ch9=0 rf=1 retry=20 interval=380
DBG_ANCHOR_CH5_SCAN_RESCHED ret=1 delay=20
DBG_ANCHOR_CH5_SCAN_HANDLER role=2
DBG_ANCHOR_CH5_SCAN_BLOCKED win=0 survey=0 tx=0 retry_gap=0 wait=0 rx=0 rxq=0 rxr=0 ack=0 ch9=0 rf=1 retry=20 interval=380
DBG_ANCHOR_CH5_SCAN_RESCHED ret=1 delay=20
DBG_ANCHOR_CH5_SCAN_HANDLER role=2
DBG_DWM_KEEP_IDLE reason=ch9-rx ch9=1 ack=0 qack=0 ret=0
DBG_CH9_RX_EMPTY
DBG_CH9_RX_TIMEOUT
DBG_CH9_RX_MISS frames=0 now=132152 start=131970 end=132090 fail=0
DBG_CH9_EVENT_STATE state=window_expired peer=0x191a9619c6c8cb07 start=131970 end=132090 reason=rx-slot
DBG_ANCHOR_CH5_SCAN_ARM now=132152 win=20 complete=15 interval=380 wait=0 tx=0
DBG_DWM_CH5_RX_HUNT_START acq=20 complete=15 cap=1021
DBG_DWM_CH5_RX_HUNT_EMPTY ret=-116 status=0x00000000 acq=20
DBG_ANCHOR_CH5_SCAN_DONE ret=-116 len=0 fail=1 pre=0 q=0 rx_us=20416 complete=15
DBG_ANCHOR_CH5_POST_CH9_RECOVERY_SCAN win=20 ret=-116 pre=0
DBG_ANCHOR_CH5_SCAN_RESCHED ret=1 delay=380
DBG_ANCHOR_CH5_SCAN_HANDLER role=2
DBG_DWM_CH5_RX_HUNT_START acq=3 complete=15 cap=1021
DBG_DWM_CH5_RX_HUNT_EMPTY ret=-116 status=0x00000000 acq=3
DBG_ANCHOR_CH5_SCAN_RESCHED ret=1 delay=380
DBG_ANCHOR_CH5_SCAN_HANDLER role=2
DBG_DWM_CH5_RX_HUNT_START acq=3 complete=15 cap=1021
DBG_DWM_CH5_RX_HUNT_EMPTY ret=-116 status=0x00000000 acq=3
DBG_ANCHOR_CH5_SCAN_RESCHED ret=1 delay=380
DBG_CH9_SKIP_STALE n=1 now=133190 next=133250 cnt=639888856 reason=rx-select
DBG_CH9_RX_SLOT idx=0 cnt=639888856 now=133190 start=133250 end=133370
DBG_CH9_EVENT_STATE state=granted peer=0x191a9619c6c8cb07 start=133250 end=133370 reason=rx-slot
DBG_CH9_RX_START idx=0 now=133191 start=133250 end=133370 tail=60
DBG_CH9_RX_CONFIG_OK
DBG_CH9_RX_EARLY_ARM now=133209 start=133250 guard=60
DBG_CH9_RX_ARMED now=133209 start=133250 end=133370 deadline=133430
DBG_ANCHOR_CH5_SCAN_HANDLER role=2
DBG_ANCHOR_CH5_SCAN_BLOCKED win=0 survey=0 tx=0 retry_gap=0 wait=0 rx=0 rxq=0 rxr=0 ack=0 ch9=0 rf=1 retry=20 interval=380
DBG_ANCHOR_CH5_SCAN_RESCHED ret=1 delay=20
DBG_ANCHOR_CH5_SCAN_HANDLER role=2
DBG_ANCHOR_CH5_SCAN_BLOCKED win=0 survey=0 tx=0 retry_gap=0 wait=0 rx=0 rxq=0 rxr=0 ack=0 ch9=0 rf=1 retry=20 interval=380
DBG_ANCHOR_CH5_SCAN_RESCHED ret=1 delay=20
DBG_ANCHOR_CH5_SCAN_HANDLER role=2
DBG_DWM_KEEP_IDLE reason=ch9-rx ch9=1 ack=0 qack=0 ret=0
DBG_CH9_RX_EMPTY
DBG_CH9_RX_TIMEOUT
DBG_CH9_RX_MISS frames=0 now=133432 start=133250 end=133370 fail=0
DBG_CH9_EVENT_STATE state=window_expired peer=0x191a9619c6c8cb07 start=133250 end=133370 reason=rx-slot
DBG_ANCHOR_CH5_SCAN_ARM now=133432 win=20 complete=15 interval=380 wait=0 tx=0
DBG_DWM_CH5_RX_HUNT_START acq=20 complete=15 cap=1021
DBG_DWM_CH5_RX_HUNT_EMPTY ret=-116 status=0x00000000 acq=20
DBG_ANCHOR_CH5_SCAN_DONE ret=-116 len=0 fail=1 pre=0 q=0 rx_us=20721 complete=15
DBG_ANCHOR_CH5_POST_CH9_RECOVERY_SCAN win=20 ret=-116 pre=0
DBG_ANCHOR_CH5_SCAN_RESCHED ret=1 delay=380
DBG_ANCHOR_CH5_SCAN_HANDLER role=2
DBG_DWM_CH5_RX_HUNT_START acq=3 complete=15 cap=1021
DBG_DWM_CH5_RX_HUNT_EMPTY ret=-116 status=0x00000000 acq=3
DBG_ANCHOR_CH5_SCAN_RESCHED ret=1 delay=380
DBG_ANCHOR_CH5_SCAN_HANDLER role=2
DBG_DWM_CH5_RX_HUNT_START acq=3 complete=15 cap=1021
DBG_DWM_CH5_RX_HUNT_EMPTY ret=-116 status=0x00000000 acq=3
DBG_ANCHOR_CH5_SCAN_RESCHED ret=1 delay=380
DBG_CH9_SKIP_STALE n=1 now=134470 next=134530 cnt=639888858 reason=rx-select
DBG_CH9_RX_SLOT idx=0 cnt=639888858 now=134470 start=134530 end=134650
DBG_CH9_EVENT_STATE state=granted peer=0x191a9619c6c8cb07 start=134530 end=134650 reason=rx-slot
DBG_CH9_RX_START idx=0 now=134471 start=134530 end=134650 tail=60
DBG_CH9_RX_CONFIG_OK
DBG_CH9_RX_EARLY_ARM now=134489 start=134530 guard=60
DBG_CH9_RX_ARMED now=134489 start=134530 end=134650 deadline=134710
DBG_ANCHOR_CH5_SCAN_HANDLER role=2
DBG_ANCHOR_CH5_SCAN_BLOCKED win=0 survey=0 tx=0 retry_gap=0 wait=0 rx=0 rxq=0 rxr=0 ack=0 ch9=0 rf=1 retry=20 interval=380
DBG_ANCHOR_CH5_SCAN_RESCHED ret=1 delay=20
DBG_ANCHOR_CH5_SCAN_HANDLER role=2
DBG_ANCHOR_CH5_SCAN_BLOCKED win=0 survey=0 tx=0 retry_gap=0 wait=0 rx=0 rxq=0 rxr=0 ack=0 ch9=0 rf=1 retry=20 interval=380
DBG_ANCHOR_CH5_SCAN_RESCHED ret=1 delay=20
DBG_DWM_KEEP_IDLE reason=ch9-rx ch9=1 ack=0 qack=0 ret=0
DBG_CH9_RX_EMPTY
DBG_CH9_RX_TIMEOUT
DBG_CH9_RX_MISS frames=0 now=134712 start=134530 end=134650 fail=0
DBG_CH9_EVENT_STATE state=window_expired peer=0x191a9619c6c8cb07 start=134530 end=134650 reason=rx-slot
DBG_ANCHOR_CH5_SCAN_HANDLER role=2
DBG_ANCHOR_CH5_SCAN_ARM now=134712 win=20 complete=15 interval=380 wait=0 tx=0
DBG_DWM_CH5_RX_HUNT_START acq=20 complete=15 cap=1021
DBG_DWM_CH5_RX_HUNT_EMPTY ret=-116 status=0x00000000 acq=20
DBG_ANCHOR_CH5_SCAN_DONE ret=-116 len=0 fail=1 pre=0 q=0 rx_us=20751 complete=15
DBG_ANCHOR_CH5_POST_CH9_RECOVERY_SCAN win=20 ret=-116 pre=0
DBG_ANCHOR_CH5_SCAN_RESCHED ret=1 delay=380
DBG_ANCHOR_CH5_SCAN_HANDLER role=2
DBG_DWM_CH5_RX_HUNT_START acq=3 complete=15 cap=1021
DBG_DWM_CH5_RX_HUNT_EMPTY ret=-116 status=0x00000000 acq=3
DBG_ANCHOR_CH5_SCAN_RESCHED ret=1 delay=380
DBG_ANCHOR_CH5_SCAN_HANDLER role=2
DBG_DWM_CH5_RX_HUNT_START acq=3 complete=15 cap=1021
DBG_DWM_CH5_RX_HUNT_EMPTY ret=-116 status=0x00000000 acq=3
DBG_ANCHOR_CH5_SCAN_RESCHED ret=1 delay=380
DBG_CH9_SKIP_STALE n=1 now=135750 next=135810 cnt=639888860 reason=rx-select
DBG_CH9_RX_SLOT idx=0 cnt=639888860 now=135750 start=135810 end=135930
DBG_CH9_EVENT_STATE state=granted peer=0x191a9619c6c8cb07 start=135810 end=135930 reason=rx-slot
DBG_CH9_RX_START idx=0 now=135751 start=135810 end=135930 tail=60
DBG_CH9_RX_CONFIG_OK
DBG_CH9_RX_EARLY_ARM now=135769 start=135810 guard=60
DBG_CH9_RX_ARMED now=135769 start=135810 end=135930 deadline=135990
DBG_ANCHOR_CH5_SCAN_HANDLER role=2
DBG_ANCHOR_CH5_SCAN_BLOCKED win=0 survey=0 tx=0 retry_gap=0 wait=0 rx=0 rxq=0 rxr=0 ack=0 ch9=0 rf=1 retry=20 interval=380
DBG_ANCHOR_CH5_SCAN_RESCHED ret=1 delay=20
DBG_ANCHOR_CH5_SCAN_HANDLER role=2
DBG_ANCHOR_CH5_SCAN_BLOCKED win=0 survey=0 tx=0 retry_gap=0 wait=0 rx=0 rxq=0 rxr=0 ack=0 ch9=0 rf=1 retry=20 interval=380
DBG_ANCHOR_CH5_SCAN_RESCHED ret=1 delay=20
DBG_ANCHOR_CH5_SCAN_HANDLER role=2
DBG_DWM_KEEP_IDLE reason=ch9-rx ch9=1 ack=0 qack=0 ret=0
DBG_CH9_RX_EMPTY
DBG_CH9_RX_TIMEOUT
DBG_CH9_RX_MISS frames=0 now=135992 start=135810 end=135930 fail=0
DBG_CH9_EVENT_STATE state=window_expired peer=0x191a9619c6c8cb07 start=135810 end=135930 reason=rx-slot
DBG_ANCHOR_CH5_SCAN_ARM now=135992 win=3 complete=15 interval=380 wait=0 tx=0
DBG_DWM_CH5_RX_HUNT_START acq=3 complete=15 cap=1021
DBG_DWM_CH5_RX_HUNT_EMPTY ret=-116 status=0x00000000 acq=3
DBG_ANCHOR_CH5_SCAN_DONE ret=-116 len=0 fail=1 pre=0 q=0 rx_us=3845 complete=15
DBG_ANCHOR_CH5_SCAN_RESCHED ret=1 delay=380
DBG_ANCHOR_CH5_SCAN_HANDLER role=2
DBG_DWM_CH5_RX_HUNT_START acq=20 complete=15 cap=1021
DBG_DWM_CH5_RX_HUNT_EMPTY ret=-116 status=0x00000000 acq=20
DBG_ANCHOR_CH5_POST_CH9_RECOVERY_SCAN win=20 ret=-116 pre=0
DBG_ANCHOR_CH5_SCAN_RESCHED ret=1 delay=380
DBG_ANCHOR_CH5_SCAN_HANDLER role=2
DBG_DWM_CH5_RX_HUNT_START acq=3 complete=15 cap=1021
DBG_DWM_CH5_RX_HUNT_EMPTY ret=-116 status=0x00000000 acq=3
DBG_ANCHOR_CH5_SCAN_RESCHED ret=1 delay=380
DBG_CH9_SKIP_STALE n=1 now=137030 next=137090 cnt=639888862 reason=rx-select
DBG_CH9_RX_SLOT idx=0 cnt=639888862 now=137030 start=137090 end=137210
DBG_CH9_EVENT_STATE state=granted peer=0x191a9619c6c8cb07 start=137090 end=137210 reason=rx-slot
DBG_CH9_RX_START idx=0 now=137031 start=137090 end=137210 tail=60
DBG_CH9_RX_CONFIG_OK
DBG_CH9_RX_EARLY_ARM now=137049 start=137090 guard=60
DBG_CH9_RX_ARMED now=137049 start=137090 end=137210 deadline=137270
DBG_ANCHOR_CH5_SCAN_HANDLER role=2
DBG_ANCHOR_CH5_SCAN_BLOCKED win=0 survey=0 tx=0 retry_gap=0 wait=0 rx=0 rxq=0 rxr=0 ack=0 ch9=0 rf=1 retry=20 interval=380
DBG_ANCHOR_CH5_SCAN_RESCHED ret=1 delay=20
DBG_ANCHOR_CH5_SCAN_HANDLER role=2
DBG_ANCHOR_CH5_SCAN_BLOCKED win=0 survey=0 tx=0 retry_gap=0 wait=0 rx=0 rxq=0 rxr=0 ack=0 ch9=0 rf=1 retry=20 interval=380
DBG_ANCHOR_CH5_SCAN_RESCHED ret=1 delay=20
DBG_ANCHOR_CH5_SCAN_HANDLER role=2
DBG_DWM_KEEP_IDLE reason=ch9-rx ch9=1 ack=0 qack=0 ret=0
DBG_CH9_RX_EMPTY
DBG_CH9_RX_TIMEOUT
DBG_CH9_RX_MISS frames=0 now=137272 start=137090 end=137210 fail=0
DBG_CH9_EVENT_STATE state=window_expired peer=0x191a9619c6c8cb07 start=137090 end=137210 reason=rx-slot
DBG_ANCHOR_CH5_SCAN_ARM now=137272 win=20 complete=15 interval=380 wait=0 tx=0
DBG_DWM_CH5_RX_HUNT_START acq=20 complete=15 cap=1021
DBG_DWM_CH5_RX_HUNT_EMPTY ret=-116 status=0x00000000 acq=20
DBG_ANCHOR_CH5_SCAN_DONE ret=-116 len=0 fail=1 pre=0 q=0 rx_us=20751 complete=15
DBG_ANCHOR_CH5_POST_CH9_RECOVERY_SCAN win=20 ret=-116 pre=0
DBG_ANCHOR_CH5_SCAN_RESCHED ret=1 delay=380
DBG_ANCHOR_CH5_SCAN_HANDLER role=2
DBG_DWM_CH5_RX_HUNT_START acq=3 complete=15 cap=1021
DBG_DWM_CH5_RX_HUNT_EMPTY ret=-116 status=0x00000000 acq=3
DBG_ANCHOR_CH5_SCAN_RESCHED ret=1 delay=380
DBG_ANCHOR_CH5_SCAN_HANDLER role=2
DBG_DWM_CH5_RX_HUNT_START acq=3 complete=15 cap=1021
DBG_DWM_CH5_RX_HUNT_EMPTY ret=-116 status=0x00000000 acq=3
DBG_ANCHOR_CH5_SCAN_RESCHED ret=1 delay=380
DBG_CH9_SKIP_STALE n=1 now=138310 next=138370 cnt=639888864 reason=rx-select
DBG_CH9_RX_SLOT idx=0 cnt=639888864 now=138310 start=138370 end=138490
DBG_CH9_EVENT_STATE state=granted peer=0x191a9619c6c8cb07 start=138370 end=138490 reason=rx-slot
DBG_CH9_RX_START idx=0 now=138311 start=138370 end=138490 tail=60
DBG_CH9_RX_CONFIG_OK
DBG_CH9_RX_EARLY_ARM now=138329 start=138370 guard=60
DBG_CH9_RX_ARMED now=138329 start=138370 end=138490 deadline=138550
DBG_ANCHOR_CH5_SCAN_HANDLER role=2
DBG_ANCHOR_CH5_SCAN_BLOCKED win=0 survey=0 tx=0 retry_gap=0 wait=0 rx=0 rxq=0 rxr=0 ack=0 ch9=0 rf=1 retry=20 interval=380
DBG_ANCHOR_CH5_SCAN_RESCHED ret=1 delay=20
DBG_ANCHOR_CH5_SCAN_HANDLER role=2
DBG_ANCHOR_CH5_SCAN_BLOCKED win=0 survey=0 tx=0 retry_gap=0 wait=0 rx=0 rxq=0 rxr=0 ack=0 ch9=0 rf=1 retry=20 interval=380
DBG_ANCHOR_CH5_SCAN_RESCHED ret=1 delay=20
DBG_DWM_KEEP_IDLE reason=ch9-rx ch9=1 ack=0 qack=0 ret=0
DBG_CH9_RX_EMPTY
DBG_CH9_RX_TIMEOUT
DBG_CH9_RX_MISS frames=0 now=138552 start=138370 end=138490 fail=0
DBG_CH9_EVENT_STATE state=window_expired peer=0x191a9619c6c8cb07 start=138370 end=138490 reason=rx-slot
DBG_ANCHOR_CH5_SCAN_HANDLER role=2
DBG_ANCHOR_CH5_SCAN_ARM now=138552 win=20 complete=15 interval=380 wait=0 tx=0
DBG_DWM_CH5_RX_HUNT_START acq=20 complete=15 cap=1021
DBG_DWM_CH5_RX_HUNT_EMPTY ret=-116 status=0x00000000 acq=20
DBG_ANCHOR_CH5_SCAN_DONE ret=-116 len=0 fail=1 pre=0 q=0 rx_us=20935 complete=15
DBG_ANCHOR_CH5_POST_CH9_RECOVERY_SCAN win=20 ret=-116 pre=0
DBG_ANCHOR_CH5_SCAN_RESCHED ret=1 delay=380
DBG_ANCHOR_CH5_SCAN_HANDLER role=2
DBG_DWM_CH5_RX_HUNT_START acq=3 complete=15 cap=1021
DBG_DWM_CH5_RX_HUNT_EMPTY ret=-116 status=0x00000000 acq=3
DBG_ANCHOR_CH5_SCAN_RESCHED ret=1 delay=380
DBG_ANCHOR_CH5_SCAN_HANDLER role=2
DBG_DWM_CH5_RX_HUNT_START acq=3 complete=15 cap=1021
DBG_DWM_CH5_RX_HUNT_EMPTY ret=-116 status=0x00000000 acq=3
DBG_ANCHOR_CH5_SCAN_RESCHED ret=1 delay=380
DBG_CH9_SKIP_STALE n=1 now=139590 next=139650 cnt=639888866 reason=rx-select
DBG_CH9_RX_SLOT idx=0 cnt=639888866 now=139590 start=139650 end=139770
DBG_CH9_EVENT_STATE state=granted peer=0x191a9619c6c8cb07 start=139650 end=139770 reason=rx-slot
DBG_CH9_RX_START idx=0 now=139590 start=139650 end=139770 tail=60
DBG_CH9_RX_CONFIG_OK
DBG_CH9_RX_EARLY_ARM now=139609 start=139650 guard=60
DBG_CH9_RX_ARMED now=139609 start=139650 end=139770 deadline=139830
DBG_ANCHOR_CH5_SCAN_HANDLER role=2
DBG_ANCHOR_CH5_SCAN_BLOCKED win=0 survey=0 tx=0 retry_gap=0 wait=0 rx=0 rxq=0 rxr=0 ack=0 ch9=0 rf=1 retry=20 interval=380
DBG_ANCHOR_CH5_SCAN_RESCHED ret=1 delay=20
DBG_ANCHOR_CH5_SCAN_HANDLER role=2
DBG_ANCHOR_CH5_SCAN_BLOCKED win=0 survey=0 tx=0 retry_gap=0 wait=0 rx=0 rxq=0 rxr=0 ack=0 ch9=0 rf=1 retry=20 interval=380
DBG_ANCHOR_CH5_SCAN_RESCHED ret=1 delay=20
DBG_DWM_KEEP_IDLE reason=ch9-rx ch9=1 ack=0 qack=0 ret=0
DBG_CH9_RX_EMPTY
DBG_CH9_RX_TIMEOUT
DBG_CH9_RX_MISS frames=0 now=139832 start=139650 end=139770 fail=0
DBG_CH9_EVENT_STATE state=window_expired peer=0x191a9619c6c8cb07 start=139650 end=139770 reason=rx-slot
DBG_ANCHOR_CH5_SCAN_HANDLER role=2
DBG_ANCHOR_CH5_SCAN_ARM now=139832 win=20 complete=15 interval=380 wait=0 tx=0
DBG_DWM_CH5_RX_HUNT_START acq=20 complete=15 cap=1021
DBG_DWM_CH5_RX_HUNT_EMPTY ret=-116 status=0x00000000 acq=20
DBG_ANCHOR_CH5_SCAN_DONE ret=-116 len=0 fail=1 pre=0 q=0 rx_us=20751 complete=15
DBG_ANCHOR_CH5_POST_CH9_RECOVERY_SCAN win=20 ret=-116 pre=0
DBG_ANCHOR_CH5_SCAN_RESCHED ret=1 delay=380
DBG_ANCHOR_CH5_SCAN_HANDLER role=2
DBG_DWM_CH5_RX_HUNT_START acq=3 complete=15 cap=1021
DBG_DWM_CH5_RX_HUNT_EMPTY ret=-116 status=0x00000000 acq=3
DBG_ANCHOR_CH5_SCAN_RESCHED ret=1 delay=380
DBG_ANCHOR_CH5_SCAN_HANDLER role=2
DBG_DWM_CH5_RX_HUNT_START acq=3 complete=15 cap=1021
DBG_DWM_CH5_RX_HUNT_EMPTY ret=-116 status=0x00000000 acq=3
DBG_ANCHOR_CH5_SCAN_RESCHED ret=1 delay=380
DBG_CH9_SKIP_STALE n=1 now=140870 next=140930 cnt=639888868 reason=rx-select
DBG_CH9_RX_SLOT idx=0 cnt=639888868 now=140870 start=140930 end=141050
DBG_CH9_EVENT_STATE state=granted peer=0x191a9619c6c8cb07 start=140930 end=141050 reason=rx-slot
DBG_CH9_RX_START idx=0 now=140870 start=140930 end=141050 tail=60
DBG_CH9_RX_CONFIG_OK
DBG_CH9_RX_EARLY_ARM now=140889 start=140930 guard=60
DBG_CH9_RX_ARMED now=140889 start=140930 end=141050 deadline=141110
DBG_ANCHOR_CH5_SCAN_HANDLER role=2
DBG_ANCHOR_CH5_SCAN_BLOCKED win=0 survey=0 tx=0 retry_gap=0 wait=0 rx=0 rxq=0 rxr=0 ack=0 ch9=0 rf=1 retry=20 interval=380
DBG_ANCHOR_CH5_SCAN_RESCHED ret=1 delay=20
DBG_ANCHOR_CH5_SCAN_HANDLER role=2
DBG_ANCHOR_CH5_SCAN_BLOCKED win=0 survey=0 tx=0 retry_gap=0 wait=0 rx=0 rxq=0 rxr=0 ack=0 ch9=0 rf=1 retry=20 interval=380
DBG_ANCHOR_CH5_SCAN_RESCHED ret=1 delay=20
DBG_ANCHOR_CH5_SCAN_HANDLER role=2
DBG_ANCHOR_CH5_SCAN_ARM now=141112 win=20 complete=15 interval=380 wait=0 tx=0
DBG_DWM_CH5_RX_HUNT_START acq=20 complete=15 cap=1021
DBG_DWM_CH5_RX_HUNT_EMPTY ret=-116 status=0x00000000 acq=20
DBG_ANCHOR_CH5_SCAN_DONE ret=-116 len=0 fail=1 pre=0 q=0 rx_us=20416 complete=15
DBG_ANCHOR_CH5_POST_CH9_RECOVERY_SCAN win=20 ret=-116 pre=0
DBG_ANCHOR_CH5_SCAN_RESCHED ret=1 delay=380
DBG_ANCHOR_CH5_SCAN_HANDLER role=2
DBG_DWM_CH5_RX_HUNT_START acq=3 complete=15 cap=1021
DBG_DWM_CH5_RX_HUNT_EMPTY ret=-116 status=0x00000000 acq=3
DBG_ANCHOR_CH5_SCAN_RESCHED ret=1 delay=380
DBG_ANCHOR_CH5_SCAN_HANDLER role=2
DBG_DWM_CH5_RX_HUNT_START acq=3 complete=15 cap=1021
DBG_DWM_CH5_RX_HUNT_EMPTY ret=-116 status=0x00000000 acq=3
DBG_ANCHOR_CH5_SCAN_RESCHED ret=1 delay=380
DBG_CH9_SKIP_STALE n=1 now=142150 next=142210 cnt=639888870 reason=rx-select
DBG_CH9_RX_SLOT idx=0 cnt=639888870 now=142150 start=142210 end=142330
DBG_CH9_EVENT_STATE state=granted peer=0x191a9619c6c8cb07 start=142210 end=142330 reason=rx-slot
DBG_CH9_RX_START idx=0 now=142150 start=142210 end=142330 tail=60
DBG_CH9_RX_CONFIG_OK
DBG_CH9_RX_EARLY_ARM now=142169 start=142210 guard=60
DBG_CH9_RX_ARMED now=142169 start=142210 end=142330 deadline=142390
DBG_ANCHOR_CH5_SCAN_HANDLER role=2
DBG_ANCHOR_CH5_SCAN_BLOCKED win=0 survey=0 tx=0 retry_gap=0 wait=0 rx=0 rxq=0 rxr=0 ack=0 ch9=0 rf=1 retry=20 interval=380
DBG_ANCHOR_CH5_SCAN_RESCHED ret=1 delay=20
DBG_ANCHOR_CH5_SCAN_HANDLER role=2
DBG_ANCHOR_CH5_SCAN_BLOCKED win=0 survey=0 tx=0 retry_gap=0 wait=0 rx=0 rxq=0 rxr=0 ack=0 ch9=0 rf=1 retry=20 interval=380
DBG_ANCHOR_CH5_SCAN_RESCHED ret=1 delay=20
DBG_ANCHOR_CH5_SCAN_HANDLER role=2
DBG_DWM_KEEP_IDLE reason=ch9-rx ch9=1 ack=0 qack=0 ret=0
DBG_CH9_RX_EMPTY
DBG_CH9_RX_TIMEOUT
DBG_CH9_RX_MISS frames=0 now=142392 start=142210 end=142330 fail=0
DBG_CH9_EVENT_STATE state=window_expired peer=0x191a9619c6c8cb07 start=142210 end=142330 reason=rx-slot
DBG_ANCHOR_CH5_SCAN_ARM now=142392 win=20 complete=15 interval=380 wait=0 tx=0
DBG_DWM_CH5_RX_HUNT_START acq=20 complete=15 cap=1021
DBG_DWM_CH5_RX_HUNT_EMPTY ret=-116 status=0x00000000 acq=20
DBG_ANCHOR_CH5_SCAN_DONE ret=-116 len=0 fail=1 pre=0 q=0 rx_us=20935 complete=15
DBG_ANCHOR_CH5_POST_CH9_RECOVERY_SCAN win=20 ret=-116 pre=0
DBG_ANCHOR_CH5_SCAN_RESCHED ret=1 delay=380
DBG_ANCHOR_CH5_SCAN_HANDLER role=2
DBG_DWM_CH5_RX_HUNT_START acq=3 complete=15 cap=1021
DBG_DWM_CH5_RX_HUNT_EMPTY ret=-116 status=0x00000000 acq=3
DBG_ANCHOR_CH5_SCAN_RESCHED ret=1 delay=380
