BLE_CONNECTED gateway_id=0x9999888877776666 command=here-i-am session=2516605258 frame=04c1014002010101010101010b66667777888899994a5906964a5901330101010410020c06ab04dc620607ae0b0101010304dc620607e803ae1301020310620102c8040604fa010104b5f80305ae050103050201a66a00
BLE_CHUNK len=118 hex=47570128010601005604190019000c0366667777888899996666777788889999000000004e003271014e0302000000000c0085004a590096000000004a5900964a59000019000c03000000000000000000000000000000000000000000000000000000000000000000000000000000000000000000ff
BLE_PACKET type=0x56 src=0x9999888877776666 dst=0x9999888877776666 session=51118105 seq=25 payload=014e0302000000000c0085004a590096000000004a5900964a59000019000c03000000000000000000000000000000000000000000000000000000000000000000000000000000000000000000ff
GATEWAY_COMMAND_EVENT GatewayCommandEvent(command_kind=3, stage=2, flags=0, attempt=0, command_status=0, reason=0, command_id=12, route_epoch=133, correlation_id=2516605258, gateway_sequence=0, host_session_id=2516605258, host_sequence=22858, event_sequence=51118105, anchor_id=0, pair_initiator_id=0, pair_responder_id=0, previous_hop_id=0, progress_count=0, total_count=0, success_count=0, failure_count=0, duplicate_count=0, lost_event_count=0, hop_count=0, discovery_slot=255)
BLE_HOST_RECEIPT type=0x56 src=0x9999888877776666 session=51118105 seq=25
BLE_CHUNK len=118 hex=475701280106010056041a001a000c0366667777888899996666777788889999000000004e0096b4014e0303000000000c0085004a590096000000004a5900964a5900001a000c03000000000000000000000000000000000000000000000000000000000000000000000000000000000000000000ff
BLE_PACKET type=0x56 src=0x9999888877776666 dst=0x9999888877776666 session=51118106 seq=26 payload=014e0303000000000c0085004a590096000000004a5900964a5900001a000c03000000000000000000000000000000000000000000000000000000000000000000000000000000000000000000ff
GATEWAY_COMMAND_EVENT GatewayCommandEvent(command_kind=3, stage=3, flags=0, attempt=0, command_status=0, reason=0, command_id=12, route_epoch=133, correlation_id=2516605258, gateway_sequence=0, host_session_id=2516605258, host_sequence=22858, event_sequence=51118106, anchor_id=0, pair_initiator_id=0, pair_responder_id=0, previous_hop_id=0, progress_count=0, total_count=0, success_count=0, failure_count=0, duplicate_count=0, lost_event_count=0, hop_count=0, discovery_slot=255)
BLE_HOST_RECEIPT type=0x56 src=0x9999888877776666 session=51118106 seq=26
BLE_CHUNK len=118 hex=475701280106010056041c001c000c0366667777888899996666777788889999000000004e007f4e014e0304000100000c0085004a5900961b000c034a5900964a5900001c000c03000000000000000000000000000000000000000000000000000000000000000004000000000000000000000000ff
BLE_PACKET type=0x56 src=0x9999888877776666 dst=0x9999888877776666 session=51118108 seq=28 payload=014e0304000100000c0085004a5900961b000c034a5900964a5900001c000c03000000000000000000000000000000000000000000000000000000000000000004000000000000000000000000ff
GATEWAY_COMMAND_EVENT GatewayCommandEvent(command_kind=3, stage=4, flags=0, attempt=1, command_status=0, reason=0, command_id=12, route_epoch=133, correlation_id=2516605258, gateway_sequence=51118107, host_session_id=2516605258, host_sequence=22858, event_sequence=51118108, anchor_id=0, pair_initiator_id=0, pair_responder_id=0, previous_hop_id=0, progress_count=4, total_count=0, success_count=0, failure_count=0, duplicate_count=0, lost_event_count=0, hop_count=0, discovery_slot=255)
BLE_HOST_RECEIPT type=0x56 src=0x9999888877776666 session=51118108 seq=28
BLE_CHUNK len=51 hex=475701280102010041044a594a59009666667777888899996666777788889999000000000b00a18510020c00110200001e0100
BLE_PACKET type=0x41 src=0x9999888877776666 dst=0x9999888877776666 session=2516605258 seq=22858 payload=10020c00110200001e0100
BLE_CHUNK len=118 hex=475701280106000056041d001d000c0366667777888899996666777788889999000000004e002bb6014e030c030100000c0085004a5900961b000c034a5900964a5900001d000c03000000000000000000000000000000000000000000000000000000000000000004000000000000000000000000ff
BLE_PACKET type=0x56 src=0x9999888877776666 dst=0x9999888877776666 session=51118109 seq=29 payload=014e030c030100000c0085004a5900961b000c034a5900964a5900001d000c03000000000000000000000000000000000000000000000000000000000000000004000000000000000000000000ff
GATEWAY_COMMAND_EVENT GatewayCommandEvent(command_kind=3, stage=12, flags=3, attempt=1, command_status=0, reason=0, command_id=12, route_epoch=133, correlation_id=2516605258, gateway_sequence=51118107, host_session_id=2516605258, host_sequence=22858, event_sequence=51118109, anchor_id=0, pair_initiator_id=0, pair_responder_id=0, previous_hop_id=0, progress_count=4, total_count=0, success_count=0, failure_count=0, duplicate_count=0, lost_event_count=0, hop_count=0, discovery_slot=255)
BLE_HOST_RECEIPT type=0x41 src=0x9999888877776666 session=2516605258 seq=22858
BLE_HOST_RECEIPT type=0x56 src=0x9999888877776666 session=51118109 seq=29
HERE_I_AM_LOCAL_FLOOD_OK attempts=1 retries=0 delivery_claim=local-broadcast-only
BLE_CONNECTED gateway_id=0x9999888877776666 command=assign-slots session=2516605259 frame=04c1014002010101010101010b66667777888899994b5906964b59011b010101081002040178020306ab04dc620607ae0b0101010304dc620605e803349900
BLE_CHUNK len=118 hex=475701280106010056041e001e000c0366667777888899996666777788889999000000004e004d66014e010200000000040185004b590096000000004b5900964b5900001e000c03000000000000000000000000000000000000000000000000000000000000000000000000000000000000000000ff
BLE_PACKET type=0x56 src=0x9999888877776666 dst=0x9999888877776666 session=51118110 seq=30 payload=014e010200000000040185004b590096000000004b5900964b5900001e000c03000000000000000000000000000000000000000000000000000000000000000000000000000000000000000000ff
GATEWAY_COMMAND_EVENT GatewayCommandEvent(command_kind=1, stage=2, flags=0, attempt=0, command_status=0, reason=0, command_id=260, route_epoch=133, correlation_id=2516605259, gateway_sequence=0, host_session_id=2516605259, host_sequence=22859, event_sequence=51118110, anchor_id=0, pair_initiator_id=0, pair_responder_id=0, previous_hop_id=0, progress_count=0, total_count=0, success_count=0, failure_count=0, duplicate_count=0, lost_event_count=0, hop_count=0, discovery_slot=255)
BLE_HOST_RECEIPT type=0x56 src=0x9999888877776666 session=51118110 seq=30
BLE_CHUNK len=118 hex=475701280106010056041f001f000c0366667777888899996666777788889999000000004e000587014e010300000000040185004b590096000000004b5900964b5900001f000c03000000000000000000000000000000000000000000000000000000000000000000000000000000000000000000ff
BLE_PACKET type=0x56 src=0x9999888877776666 dst=0x9999888877776666 session=51118111 seq=31 payload=014e010300000000040185004b590096000000004b5900964b5900001f000c03000000000000000000000000000000000000000000000000000000000000000000000000000000000000000000ff
GATEWAY_COMMAND_EVENT GatewayCommandEvent(command_kind=1, stage=3, flags=0, attempt=0, command_status=0, reason=0, command_id=260, route_epoch=133, correlation_id=2516605259, gateway_sequence=0, host_session_id=2516605259, host_sequence=22859, event_sequence=51118111, anchor_id=0, pair_initiator_id=0, pair_responder_id=0, previous_hop_id=0, progress_count=0, total_count=0, success_count=0, failure_count=0, duplicate_count=0, lost_event_count=0, hop_count=0, discovery_slot=255)
BLE_HOST_RECEIPT type=0x56 src=0x9999888877776666 session=51118111 seq=31
BLE_CHUNK len=118 hex=47570128010601005604210021000c0366667777888899996666777788889999000000004e004d12014e010300000000040185004b59009620000c034b5900964b59000021000c03000000000000000000000000000000000000000000000000000000000000000000000000000000000000000000ff
BLE_PACKET type=0x56 src=0x9999888877776666 dst=0x9999888877776666 session=51118113 seq=33 payload=014e010300000000040185004b59009620000c034b5900964b59000021000c03000000000000000000000000000000000000000000000000000000000000000000000000000000000000000000ff
GATEWAY_COMMAND_EVENT GatewayCommandEvent(command_kind=1, stage=3, flags=0, attempt=0, command_status=0, reason=0, command_id=260, route_epoch=133, correlation_id=2516605259, gateway_sequence=51118112, host_session_id=2516605259, host_sequence=22859, event_sequence=51118113, anchor_id=0, pair_initiator_id=0, pair_responder_id=0, previous_hop_id=0, progress_count=0, total_count=0, success_count=0, failure_count=0, duplicate_count=0, lost_event_count=0, hop_count=0, discovery_slot=255)
BLE_HOST_RECEIPT type=0x56 src=0x9999888877776666 session=51118113 seq=33
BLE_CHUNK len=118 hex=47570128010601005604230023000c0366667777888899996666777788889999000000004e00794b014e010400010000040185004b59009620000c034b5900964b59000023000c03000000000000000000000000000000000000000000000000000000000000000000000000000000000000000000ff
BLE_PACKET type=0x56 src=0x9999888877776666 dst=0x9999888877776666 session=51118115 seq=35 payload=014e010400010000040185004b59009620000c034b5900964b59000023000c03000000000000000000000000000000000000000000000000000000000000000000000000000000000000000000ff
GATEWAY_COMMAND_EVENT GatewayCommandEvent(command_kind=1, stage=4, flags=0, attempt=1, command_status=0, reason=0, command_id=260, route_epoch=133, correlation_id=2516605259, gateway_sequence=51118112, host_session_id=2516605259, host_sequence=22859, event_sequence=51118115, anchor_id=0, pair_initiator_id=0, pair_responder_id=0, previous_hop_id=0, progress_count=0, total_count=0, success_count=0, failure_count=0, duplicate_count=0, lost_event_count=0, hop_count=0, discovery_slot=255)
BLE_HOST_RECEIPT type=0x56 src=0x9999888877776666 session=51118115 seq=35
BLE_CHUNK len=118 hex=47570128010601005604240024000c0366667777888899996666777788889999000000004e000820014e010600000000040185004b59009620000c034b5900964b59000024000c030e3070b9aac08b70000000000000000000000000000000000e3070b9aac08b7001000000000000000000000001ff
BLE_PACKET type=0x56 src=0x9999888877776666 dst=0x9999888877776666 session=51118116 seq=36 payload=014e010600000000040185004b59009620000c034b5900964b59000024000c030e3070b9aac08b70000000000000000000000000000000000e3070b9aac08b7001000000000000000000000001ff
GATEWAY_COMMAND_EVENT GatewayCommandEvent(command_kind=1, stage=6, flags=0, attempt=0, command_status=0, reason=0, command_id=260, route_epoch=133, correlation_id=2516605259, gateway_sequence=51118112, host_session_id=2516605259, host_sequence=22859, event_sequence=51118116, anchor_id=8109787393498820622, pair_initiator_id=0, pair_responder_id=0, previous_hop_id=8109787393498820622, progress_count=1, total_count=0, success_count=0, failure_count=0, duplicate_count=0, lost_event_count=0, hop_count=1, discovery_slot=255)
BLE_HOST_RECEIPT type=0x56 src=0x9999888877776666 session=51118116 seq=36
BLE_CHUNK len=118 hex=47570128010601005604250025000c0366667777888899996666777788889999000000004e00e8f7014e010600000000040185004b59009620000c034b5900964b59000025000c0307cbc8c619961a190000000000000000000000000000000007cbc8c619961a1902000000000000000000000001ff
BLE_PACKET type=0x56 src=0x9999888877776666 dst=0x9999888877776666 session=51118117 seq=37 payload=014e010600000000040185004b59009620000c034b5900964b59000025000c0307cbc8c619961a190000000000000000000000000000000007cbc8c619961a1902000000000000000000000001ff
GATEWAY_COMMAND_EVENT GatewayCommandEvent(command_kind=1, stage=6, flags=0, attempt=0, command_status=0, reason=0, command_id=260, route_epoch=133, correlation_id=2516605259, gateway_sequence=51118112, host_session_id=2516605259, host_sequence=22859, event_sequence=51118117, anchor_id=1808923237796072199, pair_initiator_id=0, pair_responder_id=0, previous_hop_id=1808923237796072199, progress_count=2, total_count=0, success_count=0, failure_count=0, duplicate_count=0, lost_event_count=0, hop_count=1, discovery_slot=255)
BLE_HOST_RECEIPT type=0x56 src=0x9999888877776666 session=51118117 seq=37
BLE_CHUNK len=118 hex=47570128010601005604260026000c0366667777888899996666777788889999000000004e0061d6014e010600000000040185004b59009620000c034b5900964b59000026000c0341d1f64afe25da560000000000000000000000000000000041d1f64afe25da5603000000000000000000000001ff
BLE_PACKET type=0x56 src=0x9999888877776666 dst=0x9999888877776666 session=51118118 seq=38 payload=014e010600000000040185004b59009620000c034b5900964b59000026000c0341d1f64afe25da560000000000000000000000000000000041d1f64afe25da5603000000000000000000000001ff
GATEWAY_COMMAND_EVENT GatewayCommandEvent(command_kind=1, stage=6, flags=0, attempt=0, command_status=0, reason=0, command_id=260, route_epoch=133, correlation_id=2516605259, gateway_sequence=51118112, host_session_id=2516605259, host_sequence=22859, event_sequence=51118118, anchor_id=6258356406294335809, pair_initiator_id=0, pair_responder_id=0, previous_hop_id=6258356406294335809, progress_count=3, total_count=0, success_count=0, failure_count=0, duplicate_count=0, lost_event_count=0, hop_count=1, discovery_slot=255)
BLE_HOST_RECEIPT type=0x56 src=0x9999888877776666 session=51118118 seq=38
BLE_CHUNK len=118 hex=475701280106010056042b002b000c0366667777888899996666777788889999000000004e00ad06014e010600000000040185004b59009620000c034b5900964b5900002b000c030e3070b9aac08b700000000000000000000000000000000000000000000000000100030001000000000000000100
BLE_PACKET type=0x56 src=0x9999888877776666 dst=0x9999888877776666 session=51118123 seq=43 payload=014e010600000000040185004b59009620000c034b5900964b5900002b000c030e3070b9aac08b700000000000000000000000000000000000000000000000000100030001000000000000000100
GATEWAY_COMMAND_EVENT GatewayCommandEvent(command_kind=1, stage=6, flags=0, attempt=0, command_status=0, reason=0, command_id=260, route_epoch=133, correlation_id=2516605259, gateway_sequence=51118112, host_session_id=2516605259, host_sequence=22859, event_sequence=51118123, anchor_id=8109787393498820622, pair_initiator_id=0, pair_responder_id=0, previous_hop_id=0, progress_count=1, total_count=3, success_count=1, failure_count=0, duplicate_count=0, lost_event_count=0, hop_count=1, discovery_slot=0)
BLE_HOST_RECEIPT type=0x56 src=0x9999888877776666 session=51118123 seq=43
BLE_CHUNK len=51 hex=475701280102010041044b594b59009666667777888899996666777788889999000000000b00eedb10020401110200001e0103
BLE_PACKET type=0x41 src=0x9999888877776666 dst=0x9999888877776666 session=2516605259 seq=22859 payload=10020401110200001e0103
BLE_HOST_RECEIPT type=0x41 src=0x9999888877776666 session=2516605259 seq=22859
BLE_CHUNK len=118 hex=475701280106010056042c002c000c0366667777888899996666777788889999000000004e00fc5b014e010600000000040185004b59009620000c034b5900964b5900002c000c0341d1f64afe25da560000000000000000000000000000000000000000000000000200030001000000000000000101
BLE_PACKET type=0x56 src=0x9999888877776666 dst=0x9999888877776666 session=51118124 seq=44 payload=014e010600000000040185004b59009620000c034b5900964b5900002c000c0341d1f64afe25da560000000000000000000000000000000000000000000000000200030001000000000000000101
GATEWAY_COMMAND_EVENT GatewayCommandEvent(command_kind=1, stage=6, flags=0, attempt=0, command_status=0, reason=0, command_id=260, route_epoch=133, correlation_id=2516605259, gateway_sequence=51118112, host_session_id=2516605259, host_sequence=22859, event_sequence=51118124, anchor_id=6258356406294335809, pair_initiator_id=0, pair_responder_id=0, previous_hop_id=0, progress_count=2, total_count=3, success_count=1, failure_count=0, duplicate_count=0, lost_event_count=0, hop_count=1, discovery_slot=1)
BLE_HOST_RECEIPT type=0x56 src=0x9999888877776666 session=51118124 seq=44
BLE_CHUNK len=118 hex=475701280106010056042d002d000c0366667777888899996666777788889999000000004e000cc1014e010600000000040185004b59009620000c034b5900964b5900002d000c0307cbc8c619961a190000000000000000000000000000000000000000000000000300030001000000000000000102
BLE_PACKET type=0x56 src=0x9999888877776666 dst=0x9999888877776666 session=51118125 seq=45 payload=014e010600000000040185004b59009620000c034b5900964b5900002d000c0307cbc8c619961a190000000000000000000000000000000000000000000000000300030001000000000000000102
GATEWAY_COMMAND_EVENT GatewayCommandEvent(command_kind=1, stage=6, flags=0, attempt=0, command_status=0, reason=0, command_id=260, route_epoch=133, correlation_id=2516605259, gateway_sequence=51118112, host_session_id=2516605259, host_sequence=22859, event_sequence=51118125, anchor_id=1808923237796072199, pair_initiator_id=0, pair_responder_id=0, previous_hop_id=0, progress_count=3, total_count=3, success_count=1, failure_count=0, duplicate_count=0, lost_event_count=0, hop_count=1, discovery_slot=2)
BLE_HOST_RECEIPT type=0x56 src=0x9999888877776666 session=51118125 seq=45
BLE_CHUNK len=118 hex=475701280106010056042e002e000c0366667777888899996666777788889999000000004e00d73b014e010700000000040185004b59009620000c034b5900964b5900002e000c03000000000000000000000000000000000000000000000000000000000000000003000300030000000000000000ff
BLE_PACKET type=0x56 src=0x9999888877776666 dst=0x9999888877776666 session=51118126 seq=46 payload=014e010700000000040185004b59009620000c034b5900964b5900002e000c03000000000000000000000000000000000000000000000000000000000000000003000300030000000000000000ff
GATEWAY_COMMAND_EVENT GatewayCommandEvent(command_kind=1, stage=7, flags=0, attempt=0, command_status=0, reason=0, command_id=260, route_epoch=133, correlation_id=2516605259, gateway_sequence=51118112, host_session_id=2516605259, host_sequence=22859, event_sequence=51118126, anchor_id=0, pair_initiator_id=0, pair_responder_id=0, previous_hop_id=0, progress_count=3, total_count=3, success_count=3, failure_count=0, duplicate_count=0, lost_event_count=0, hop_count=0, discovery_slot=255)
BLE_HOST_RECEIPT type=0x56 src=0x9999888877776666 session=51118126 seq=46
BLE_CHUNK len=118 hex=475701280106010056042f002f000c0366667777888899996666777788889999000000004e00a10c014e010800010000040185004b59009620000c034b5900964b5900002f000c03000000000000000000000000000000000000000000000000000000000000000003000300000000000000000000ff
BLE_PACKET type=0x56 src=0x9999888877776666 dst=0x9999888877776666 session=51118127 seq=47 payload=014e010800010000040185004b59009620000c034b5900964b5900002f000c03000000000000000000000000000000000000000000000000000000000000000003000300000000000000000000ff
GATEWAY_COMMAND_EVENT GatewayCommandEvent(command_kind=1, stage=8, flags=0, attempt=1, command_status=0, reason=0, command_id=260, route_epoch=133, correlation_id=2516605259, gateway_sequence=51118112, host_session_id=2516605259, host_sequence=22859, event_sequence=51118127, anchor_id=0, pair_initiator_id=0, pair_responder_id=0, previous_hop_id=0, progress_count=3, total_count=3, success_count=0, failure_count=0, duplicate_count=0, lost_event_count=0, hop_count=0, discovery_slot=255)
BLE_HOST_RECEIPT type=0x56 src=0x9999888877776666 session=51118127 seq=47
BLE_CHUNK len=118 hex=47570128010600005604300030000c0366667777888899996666777788889999000000004e006aef014e010c01000000040185004b59009620000c034b5900964b59000030000c03000000000000000000000000000000000000000000000000000000000000000003000300030000000000000000ff
BLE_PACKET type=0x56 src=0x9999888877776666 dst=0x9999888877776666 session=51118128 seq=48 payload=014e010c01000000040185004b59009620000c034b5900964b59000030000c03000000000000000000000000000000000000000000000000000000000000000003000300030000000000000000ff
GATEWAY_COMMAND_EVENT GatewayCommandEvent(command_kind=1, stage=12, flags=1, attempt=0, command_status=0, reason=0, command_id=260, route_epoch=133, correlation_id=2516605259, gateway_sequence=51118112, host_session_id=2516605259, host_sequence=22859, event_sequence=51118128, anchor_id=0, pair_initiator_id=0, pair_responder_id=0, previous_hop_id=0, progress_count=3, total_count=3, success_count=3, failure_count=0, duplicate_count=0, lost_event_count=0, hop_count=0, discovery_slot=255)
BLE_HOST_RECEIPT type=0x56 src=0x9999888877776666 session=51118128 seq=48
HERE_I_AM_REACHABILITY_QUALIFICATION_OK anchors=3 direct=3 multihop=0 retries=0
BLE_COMPLETE packets=19
