BLE_RECONNECTED gateway_id=0x9999888877776666 attempt=1/6
BLE_CONNECTED gateway_id=0x9999888877776666 command=here-i-am session=846845641 frame=04c101400201010101010101116666777788889999c9d67932c9d601330101010410020c06ab04dc620607ae0b0101010304dc620607e803ae1301020310620102c8040604fa010104b5f80305ae05010305020136ff00
BLE_CHUNK len=118 hex=475701280106010056041d001d000c0266667777888899996666777788889999000000004e0095c8014e0302000000000c004500c9d6793200000000c9d67932c9d600001d000c02000000000000000000000000000000000000000000000000000000000000000000000000000000000000000000ff
BLE_PACKET type=0x56 src=0x9999888877776666 dst=0x9999888877776666 session=34340893 seq=29 payload=014e0302000000000c004500c9d6793200000000c9d67932c9d600001d000c02000000000000000000000000000000000000000000000000000000000000000000000000000000000000000000ff
GATEWAY_COMMAND_EVENT GatewayCommandEvent(command_kind=3, stage=2, flags=0, attempt=0, command_status=0, reason=0, command_id=12, route_epoch=69, correlation_id=846845641, gateway_sequence=0, host_session_id=846845641, host_sequence=54985, event_sequence=34340893, anchor_id=0, pair_initiator_id=0, pair_responder_id=0, previous_hop_id=0, progress_count=0, total_count=0, success_count=0, failure_count=0, duplicate_count=0, lost_event_count=0, hop_count=0, discovery_slot=255)
BLE_HOST_RECEIPT type=0x56 src=0x9999888877776666 session=34340893 seq=29
BLE_CHUNK len=118 hex=475701280106010056041e001e000c0266667777888899996666777788889999000000004e00310d014e0303000000000c004500c9d6793200000000c9d67932c9d600001e000c02000000000000000000000000000000000000000000000000000000000000000000000000000000000000000000ff
BLE_PACKET type=0x56 src=0x9999888877776666 dst=0x9999888877776666 session=34340894 seq=30 payload=014e0303000000000c004500c9d6793200000000c9d67932c9d600001e000c02000000000000000000000000000000000000000000000000000000000000000000000000000000000000000000ff
GATEWAY_COMMAND_EVENT GatewayCommandEvent(command_kind=3, stage=3, flags=0, attempt=0, command_status=0, reason=0, command_id=12, route_epoch=69, correlation_id=846845641, gateway_sequence=0, host_session_id=846845641, host_sequence=54985, event_sequence=34340894, anchor_id=0, pair_initiator_id=0, pair_responder_id=0, previous_hop_id=0, progress_count=0, total_count=0, success_count=0, failure_count=0, duplicate_count=0, lost_event_count=0, hop_count=0, discovery_slot=255)
BLE_HOST_RECEIPT type=0x56 src=0x9999888877776666 session=34340894 seq=30
BLE_CHUNK len=118 hex=47570128010601005604200020000c0266667777888899996666777788889999000000004e00a467014e0304000100000c004500c9d679321f000c02c9d67932c9d6000020000c02000000000000000000000000000000000000000000000000000000000000000004000000000000000000000000ff
BLE_PACKET type=0x56 src=0x9999888877776666 dst=0x9999888877776666 session=34340896 seq=32 payload=014e0304000100000c004500c9d679321f000c02c9d67932c9d6000020000c02000000000000000000000000000000000000000000000000000000000000000004000000000000000000000000ff
GATEWAY_COMMAND_EVENT GatewayCommandEvent(command_kind=3, stage=4, flags=0, attempt=1, command_status=0, reason=0, command_id=12, route_epoch=69, correlation_id=846845641, gateway_sequence=34340895, host_session_id=846845641, host_sequence=54985, event_sequence=34340896, anchor_id=0, pair_initiator_id=0, pair_responder_id=0, previous_hop_id=0, progress_count=4, total_count=0, success_count=0, failure_count=0, duplicate_count=0, lost_event_count=0, hop_count=0, discovery_slot=255)
BLE_HOST_RECEIPT type=0x56 src=0x9999888877776666 session=34340896 seq=32
BLE_CHUNK len=51 hex=47570128010201004104c9d6c9d6793266667777888899996666777788889999000000000b00a18510020c00110200001e0100
BLE_PACKET type=0x41 src=0x9999888877776666 dst=0x9999888877776666 session=846845641 seq=54985 payload=10020c00110200001e0100
BLE_HOST_RECEIPT type=0x41 src=0x9999888877776666 session=846845641 seq=54985
BLE_CHUNK len=118 hex=47570128010600005604210021000c0266667777888899996666777788889999000000004e00a36b014e030c070100000c004500c9d679321f000c02c9d67932c9d6000021000c02000000000000000000000000000000000000000000000000000000000000000004000000000000000000000000ff
BLE_PACKET type=0x56 src=0x9999888877776666 dst=0x9999888877776666 session=34340897 seq=33 payload=014e030c070100000c004500c9d679321f000c02c9d67932c9d6000021000c02000000000000000000000000000000000000000000000000000000000000000004000000000000000000000000ff
GATEWAY_COMMAND_EVENT GatewayCommandEvent(command_kind=3, stage=12, flags=7, attempt=1, command_status=0, reason=0, command_id=12, route_epoch=69, correlation_id=846845641, gateway_sequence=34340895, host_session_id=846845641, host_sequence=54985, event_sequence=34340897, anchor_id=0, pair_initiator_id=0, pair_responder_id=0, previous_hop_id=0, progress_count=4, total_count=0, success_count=0, failure_count=0, duplicate_count=0, lost_event_count=0, hop_count=0, discovery_slot=255)
BLE_HOST_RECEIPT type=0x56 src=0x9999888877776666 session=34340897 seq=33
HERE_I_AM_LOCAL_FLOOD_OK attempts=1 retries=0 delivery_claim=local-broadcast-only
BLE_CONNECTED gateway_id=0x9999888877776666 command=assign-slots session=846845642 frame=04c101400201010101010101116666777788889999cad67932cad6011b010101081002040178020306ab04dc620607ae0b0101010304dc620605e803a02600
BLE_CHUNK len=118 hex=47570128010601005604220022000c0266667777888899996666777788889999000000004e00c59a014e01020000000004014500cad6793200000000cad67932cad6000022000c02000000000000000000000000000000000000000000000000000000000000000000000000000000000000000000ff
BLE_PACKET type=0x56 src=0x9999888877776666 dst=0x9999888877776666 session=34340898 seq=34 payload=014e01020000000004014500cad6793200000000cad67932cad6000022000c02000000000000000000000000000000000000000000000000000000000000000000000000000000000000000000ff
GATEWAY_COMMAND_EVENT GatewayCommandEvent(command_kind=1, stage=2, flags=0, attempt=0, command_status=0, reason=0, command_id=260, route_epoch=69, correlation_id=846845642, gateway_sequence=0, host_session_id=846845642, host_sequence=54986, event_sequence=34340898, anchor_id=0, pair_initiator_id=0, pair_responder_id=0, previous_hop_id=0, progress_count=0, total_count=0, success_count=0, failure_count=0, duplicate_count=0, lost_event_count=0, hop_count=0, discovery_slot=255)
BLE_HOST_RECEIPT type=0x56 src=0x9999888877776666 session=34340898 seq=34
BLE_CHUNK len=118 hex=47570128010601005604230023000c0266667777888899996666777788889999000000004e008d7b014e01030000000004014500cad6793200000000cad67932cad6000023000c02000000000000000000000000000000000000000000000000000000000000000000000000000000000000000000ff
BLE_PACKET type=0x56 src=0x9999888877776666 dst=0x9999888877776666 session=34340899 seq=35 payload=014e01030000000004014500cad6793200000000cad67932cad6000023000c02000000000000000000000000000000000000000000000000000000000000000000000000000000000000000000ff
GATEWAY_COMMAND_EVENT GatewayCommandEvent(command_kind=1, stage=3, flags=0, attempt=0, command_status=0, reason=0, command_id=260, route_epoch=69, correlation_id=846845642, gateway_sequence=0, host_session_id=846845642, host_sequence=54986, event_sequence=34340899, anchor_id=0, pair_initiator_id=0, pair_responder_id=0, previous_hop_id=0, progress_count=0, total_count=0, success_count=0, failure_count=0, duplicate_count=0, lost_event_count=0, hop_count=0, discovery_slot=255)
BLE_HOST_RECEIPT type=0x56 src=0x9999888877776666 session=34340899 seq=35
BLE_CHUNK len=118 hex=47570128010601005604250025000c0266667777888899996666777788889999000000004e00b97e014e01030000000004014500cad6793224000c02cad67932cad6000025000c02000000000000000000000000000000000000000000000000000000000000000000000000000000000000000000ff
BLE_PACKET type=0x56 src=0x9999888877776666 dst=0x9999888877776666 session=34340901 seq=37 payload=014e01030000000004014500cad6793224000c02cad67932cad6000025000c02000000000000000000000000000000000000000000000000000000000000000000000000000000000000000000ff
GATEWAY_COMMAND_EVENT GatewayCommandEvent(command_kind=1, stage=3, flags=0, attempt=0, command_status=0, reason=0, command_id=260, route_epoch=69, correlation_id=846845642, gateway_sequence=34340900, host_session_id=846845642, host_sequence=54986, event_sequence=34340901, anchor_id=0, pair_initiator_id=0, pair_responder_id=0, previous_hop_id=0, progress_count=0, total_count=0, success_count=0, failure_count=0, duplicate_count=0, lost_event_count=0, hop_count=0, discovery_slot=255)
BLE_HOST_RECEIPT type=0x56 src=0x9999888877776666 session=34340901 seq=37
BLE_CHUNK len=118 hex=47570128010601005604270027000c0266667777888899996666777788889999000000004e008d27014e01040001000004014500cad6793224000c02cad67932cad6000027000c02000000000000000000000000000000000000000000000000000000000000000000000000000000000000000000ff
BLE_PACKET type=0x56 src=0x9999888877776666 dst=0x9999888877776666 session=34340903 seq=39 payload=014e01040001000004014500cad6793224000c02cad67932cad6000027000c02000000000000000000000000000000000000000000000000000000000000000000000000000000000000000000ff
GATEWAY_COMMAND_EVENT GatewayCommandEvent(command_kind=1, stage=4, flags=0, attempt=1, command_status=0, reason=0, command_id=260, route_epoch=69, correlation_id=846845642, gateway_sequence=34340900, host_session_id=846845642, host_sequence=54986, event_sequence=34340903, anchor_id=0, pair_initiator_id=0, pair_responder_id=0, previous_hop_id=0, progress_count=0, total_count=0, success_count=0, failure_count=0, duplicate_count=0, lost_event_count=0, hop_count=0, discovery_slot=255)
BLE_HOST_RECEIPT type=0x56 src=0x9999888877776666 session=34340903 seq=39
BLE_CHUNK len=118 hex=47570128010601005604280028000c0266667777888899996666777788889999000000004e000bfb014e01060000000004014500cad6793224000c02cad67932cad6000028000c0241d1f64afe25da560000000000000000000000000000000041d1f64afe25da5601000000000000000000000001ff
BLE_PACKET type=0x56 src=0x9999888877776666 dst=0x9999888877776666 session=34340904 seq=40 payload=014e01060000000004014500cad6793224000c02cad67932cad6000028000c0241d1f64afe25da560000000000000000000000000000000041d1f64afe25da5601000000000000000000000001ff
GATEWAY_COMMAND_EVENT GatewayCommandEvent(command_kind=1, stage=6, flags=0, attempt=0, command_status=0, reason=0, command_id=260, route_epoch=69, correlation_id=846845642, gateway_sequence=34340900, host_session_id=846845642, host_sequence=54986, event_sequence=34340904, anchor_id=6258356406294335809, pair_initiator_id=0, pair_responder_id=0, previous_hop_id=6258356406294335809, progress_count=1, total_count=0, success_count=0, failure_count=0, duplicate_count=0, lost_event_count=0, hop_count=1, discovery_slot=255)
BLE_HOST_RECEIPT type=0x56 src=0x9999888877776666 session=34340904 seq=40
BLE_CHUNK len=118 hex=47570128010601005604290029000c0266667777888899996666777788889999000000004e00ac08014e01060000000004014500cad6793224000c02cad67932cad6000029000c0207cbc8c619961a190000000000000000000000000000000007cbc8c619961a1902000000000000000000000001ff
BLE_PACKET type=0x56 src=0x9999888877776666 dst=0x9999888877776666 session=34340905 seq=41 payload=014e01060000000004014500cad6793224000c02cad67932cad6000029000c0207cbc8c619961a190000000000000000000000000000000007cbc8c619961a1902000000000000000000000001ff
GATEWAY_COMMAND_EVENT GatewayCommandEvent(command_kind=1, stage=6, flags=0, attempt=0, command_status=0, reason=0, command_id=260, route_epoch=69, correlation_id=846845642, gateway_sequence=34340900, host_session_id=846845642, host_sequence=54986, event_sequence=34340905, anchor_id=1808923237796072199, pair_initiator_id=0, pair_responder_id=0, previous_hop_id=1808923237796072199, progress_count=2, total_count=0, success_count=0, failure_count=0, duplicate_count=0, lost_event_count=0, hop_count=1, discovery_slot=255)
BLE_HOST_RECEIPT type=0x56 src=0x9999888877776666 session=34340905 seq=41
BLE_CHUNK len=118 hex=475701280106010056042a002a000c0266667777888899996666777788889999000000004e00620d014e01060000000004014500cad6793224000c02cad67932cad600002a000c020e3070b9aac08b70000000000000000000000000000000000e3070b9aac08b7003000000000000000000000001ff
BLE_PACKET type=0x56 src=0x9999888877776666 dst=0x9999888877776666 session=34340906 seq=42 payload=014e01060000000004014500cad6793224000c02cad67932cad600002a000c020e3070b9aac08b70000000000000000000000000000000000e3070b9aac08b7003000000000000000000000001ff
GATEWAY_COMMAND_EVENT GatewayCommandEvent(command_kind=1, stage=6, flags=0, attempt=0, command_status=0, reason=0, command_id=260, route_epoch=69, correlation_id=846845642, gateway_sequence=34340900, host_session_id=846845642, host_sequence=54986, event_sequence=34340906, anchor_id=8109787393498820622, pair_initiator_id=0, pair_responder_id=0, previous_hop_id=8109787393498820622, progress_count=3, total_count=0, success_count=0, failure_count=0, duplicate_count=0, lost_event_count=0, hop_count=1, discovery_slot=255)
BLE_HOST_RECEIPT type=0x56 src=0x9999888877776666 session=34340906 seq=42
BLE_CHUNK len=118 hex=475701280106010056042d002d000c0266667777888899996666777788889999000000004e0021c2014e01080000000004014500cad6793224000c02cad67932cad600002d000c020e3070b9aac08b700000000000000000000000000000000000000000000000000100030000000000000000000100
BLE_PACKET type=0x56 src=0x9999888877776666 dst=0x9999888877776666 session=34340909 seq=45 payload=014e01080000000004014500cad6793224000c02cad67932cad600002d000c020e3070b9aac08b700000000000000000000000000000000000000000000000000100030000000000000000000100
GATEWAY_COMMAND_EVENT GatewayCommandEvent(command_kind=1, stage=8, flags=0, attempt=0, command_status=0, reason=0, command_id=260, route_epoch=69, correlation_id=846845642, gateway_sequence=34340900, host_session_id=846845642, host_sequence=54986, event_sequence=34340909, anchor_id=8109787393498820622, pair_initiator_id=0, pair_responder_id=0, previous_hop_id=0, progress_count=1, total_count=3, success_count=0, failure_count=0, duplicate_count=0, lost_event_count=0, hop_count=1, discovery_slot=0)
BLE_HOST_RECEIPT type=0x56 src=0x9999888877776666 session=34340909 seq=45
BLE_CHUNK len=118 hex=475701280106010056042e002e000c0266667777888899996666777788889999000000004e00a8d6014e01080000000004014500cad6793224000c02cad67932cad600002e000c0241d1f64afe25da560000000000000000000000000000000000000000000000000200030000000000000000000101
BLE_PACKET type=0x56 src=0x9999888877776666 dst=0x9999888877776666 session=34340910 seq=46 payload=014e01080000000004014500cad6793224000c02cad67932cad600002e000c0241d1f64afe25da560000000000000000000000000000000000000000000000000200030000000000000000000101
GATEWAY_COMMAND_EVENT GatewayCommandEvent(command_kind=1, stage=8, flags=0, attempt=0, command_status=0, reason=0, command_id=260, route_epoch=69, correlation_id=846845642, gateway_sequence=34340900, host_session_id=846845642, host_sequence=54986, event_sequence=34340910, anchor_id=6258356406294335809, pair_initiator_id=0, pair_responder_id=0, previous_hop_id=0, progress_count=2, total_count=3, success_count=0, failure_count=0, duplicate_count=0, lost_event_count=0, hop_count=1, discovery_slot=1)
BLE_CHUNK len=118 hex=475701280106010056042e002e000c0266667777888899996666777788889999000000004e00a8d6014e01080000000004014500cad6793224000c02cad67932cad600002e000c0241d1f64afe25da560000000000000000000000000000000000000000000000000200030000000000000000000101
BLE_PACKET type=0x56 src=0x9999888877776666 dst=0x9999888877776666 session=34340910 seq=46 payload=014e01080000000004014500cad6793224000c02cad67932cad600002e000c0241d1f64afe25da560000000000000000000000000000000000000000000000000200030000000000000000000101
GATEWAY_COMMAND_EVENT GatewayCommandEvent(command_kind=1, stage=8, flags=0, attempt=0, command_status=0, reason=0, command_id=260, route_epoch=69, correlation_id=846845642, gateway_sequence=34340900, host_session_id=846845642, host_sequence=54986, event_sequence=34340910, anchor_id=6258356406294335809, pair_initiator_id=0, pair_responder_id=0, previous_hop_id=0, progress_count=2, total_count=3, success_count=0, failure_count=0, duplicate_count=0, lost_event_count=0, hop_count=1, discovery_slot=1)
BLE_HOST_RECEIPT type=0x56 src=0x9999888877776666 session=34340910 seq=46
BLE_CHUNK len=118 hex=475701280106010056042f002f000c0266667777888899996666777788889999000000004e00584c014e01080000000004014500cad6793224000c02cad67932cad600002f000c0207cbc8c619961a190000000000000000000000000000000000000000000000000300030000000000000000000102
BLE_PACKET type=0x56 src=0x9999888877776666 dst=0x9999888877776666 session=34340911 seq=47 payload=014e01080000000004014500cad6793224000c02cad67932cad600002f000c0207cbc8c619961a190000000000000000000000000000000000000000000000000300030000000000000000000102
GATEWAY_COMMAND_EVENT GatewayCommandEvent(command_kind=1, stage=8, flags=0, attempt=0, command_status=0, reason=0, command_id=260, route_epoch=69, correlation_id=846845642, gateway_sequence=34340900, host_session_id=846845642, host_sequence=54986, event_sequence=34340911, anchor_id=1808923237796072199, pair_initiator_id=0, pair_responder_id=0, previous_hop_id=0, progress_count=3, total_count=3, success_count=0, failure_count=0, duplicate_count=0, lost_event_count=0, hop_count=1, discovery_slot=2)
BLE_HOST_RECEIPT type=0x56 src=0x9999888877776666 session=34340911 seq=47
BLE_CHUNK len=118 hex=47570128010601005604320032000c0266667777888899996666777788889999000000004e000695014e01060000000004014500cad6793224000c02cad67932cad6000032000c020e3070b9aac08b700000000000000000000000000000000000000000000000000100030001000000000000000100
BLE_PACKET type=0x56 src=0x9999888877776666 dst=0x9999888877776666 session=34340914 seq=50 payload=014e01060000000004014500cad6793224000c02cad67932cad6000032000c020e3070b9aac08b700000000000000000000000000000000000000000000000000100030001000000000000000100
GATEWAY_COMMAND_EVENT GatewayCommandEvent(command_kind=1, stage=6, flags=0, attempt=0, command_status=0, reason=0, command_id=260, route_epoch=69, correlation_id=846845642, gateway_sequence=34340900, host_session_id=846845642, host_sequence=54986, event_sequence=34340914, anchor_id=8109787393498820622, pair_initiator_id=0, pair_responder_id=0, previous_hop_id=0, progress_count=1, total_count=3, success_count=1, failure_count=0, duplicate_count=0, lost_event_count=0, hop_count=1, discovery_slot=0)
BLE_HOST_RECEIPT type=0x56 src=0x9999888877776666 session=34340914 seq=50
BLE_CHUNK len=51 hex=47570128010201004104cad6cad6793266667777888899996666777788889999000000000b00eedb10020401110200001e0103
BLE_PACKET type=0x41 src=0x9999888877776666 dst=0x9999888877776666 session=846845642 seq=54986 payload=10020401110200001e0103
BLE_HOST_RECEIPT type=0x41 src=0x9999888877776666 session=846845642 seq=54986
BLE_CHUNK len=118 hex=47570128010601005604330033000c0266667777888899996666777788889999000000004e0063a5014e01060000000004014500cad6793224000c02cad67932cad6000033000c0241d1f64afe25da560000000000000000000000000000000000000000000000000200030001000000000000000101
BLE_PACKET type=0x56 src=0x9999888877776666 dst=0x9999888877776666 session=34340915 seq=51 payload=014e01060000000004014500cad6793224000c02cad67932cad6000033000c0241d1f64afe25da560000000000000000000000000000000000000000000000000200030001000000000000000101
GATEWAY_COMMAND_EVENT GatewayCommandEvent(command_kind=1, stage=6, flags=0, attempt=0, command_status=0, reason=0, command_id=260, route_epoch=69, correlation_id=846845642, gateway_sequence=34340900, host_session_id=846845642, host_sequence=54986, event_sequence=34340915, anchor_id=6258356406294335809, pair_initiator_id=0, pair_responder_id=0, previous_hop_id=0, progress_count=2, total_count=3, success_count=1, failure_count=0, duplicate_count=0, lost_event_count=0, hop_count=1, discovery_slot=1)
BLE_HOST_RECEIPT type=0x56 src=0x9999888877776666 session=34340915 seq=51
BLE_CHUNK len=118 hex=47570128010601005604340034000c0266667777888899996666777788889999000000004e00a752014e01060000000004014500cad6793224000c02cad67932cad6000034000c0207cbc8c619961a190000000000000000000000000000000000000000000000000300030001000000000000000102
BLE_PACKET type=0x56 src=0x9999888877776666 dst=0x9999888877776666 session=34340916 seq=52 payload=014e01060000000004014500cad6793224000c02cad67932cad6000034000c0207cbc8c619961a190000000000000000000000000000000000000000000000000300030001000000000000000102
GATEWAY_COMMAND_EVENT GatewayCommandEvent(command_kind=1, stage=6, flags=0, attempt=0, command_status=0, reason=0, command_id=260, route_epoch=69, correlation_id=846845642, gateway_sequence=34340900, host_session_id=846845642, host_sequence=54986, event_sequence=34340916, anchor_id=1808923237796072199, pair_initiator_id=0, pair_responder_id=0, previous_hop_id=0, progress_count=3, total_count=3, success_count=1, failure_count=0, duplicate_count=0, lost_event_count=0, hop_count=1, discovery_slot=2)
BLE_HOST_RECEIPT type=0x56 src=0x9999888877776666 session=34340916 seq=52
BLE_CHUNK len=118 hex=47570128010601005604350035000c0266667777888899996666777788889999000000004e00908c014e01070000000004014500cad6793224000c02cad67932cad6000035000c02000000000000000000000000000000000000000000000000000000000000000003000300030000000000000000ff
BLE_PACKET type=0x56 src=0x9999888877776666 dst=0x9999888877776666 session=34340917 seq=53 payload=014e01070000000004014500cad6793224000c02cad67932cad6000035000c02000000000000000000000000000000000000000000000000000000000000000003000300030000000000000000ff
GATEWAY_COMMAND_EVENT GatewayCommandEvent(command_kind=1, stage=7, flags=0, attempt=0, command_status=0, reason=0, command_id=260, route_epoch=69, correlation_id=846845642, gateway_sequence=34340900, host_session_id=846845642, host_sequence=54986, event_sequence=34340917, anchor_id=0, pair_initiator_id=0, pair_responder_id=0, previous_hop_id=0, progress_count=3, total_count=3, success_count=3, failure_count=0, duplicate_count=0, lost_event_count=0, hop_count=0, discovery_slot=255)
BLE_HOST_RECEIPT type=0x56 src=0x9999888877776666 session=34340917 seq=53
BLE_CHUNK len=118 hex=47570128010601005604360036000c0266667777888899996666777788889999000000004e000a9f014e01080001000004014500cad6793224000c02cad67932cad6000036000c02000000000000000000000000000000000000000000000000000000000000000003000300000000000000000000ff
BLE_PACKET type=0x56 src=0x9999888877776666 dst=0x9999888877776666 session=34340918 seq=54 payload=014e01080001000004014500cad6793224000c02cad67932cad6000036000c02000000000000000000000000000000000000000000000000000000000000000003000300000000000000000000ff
GATEWAY_COMMAND_EVENT GatewayCommandEvent(command_kind=1, stage=8, flags=0, attempt=1, command_status=0, reason=0, command_id=260, route_epoch=69, correlation_id=846845642, gateway_sequence=34340900, host_session_id=846845642, host_sequence=54986, event_sequence=34340918, anchor_id=0, pair_initiator_id=0, pair_responder_id=0, previous_hop_id=0, progress_count=3, total_count=3, success_count=0, failure_count=0, duplicate_count=0, lost_event_count=0, hop_count=0, discovery_slot=255)
BLE_HOST_RECEIPT type=0x56 src=0x9999888877776666 session=34340918 seq=54
BLE_CHUNK len=118 hex=47570128010600005604370037000c0266667777888899996666777788889999000000004e0004b5014e010c0100000004014500cad6793224000c02cad67932cad6000037000c02000000000000000000000000000000000000000000000000000000000000000003000300030000000000000000ff
BLE_PACKET type=0x56 src=0x9999888877776666 dst=0x9999888877776666 session=34340919 seq=55 payload=014e010c0100000004014500cad6793224000c02cad67932cad6000037000c02000000000000000000000000000000000000000000000000000000000000000003000300030000000000000000ff
GATEWAY_COMMAND_EVENT GatewayCommandEvent(command_kind=1, stage=12, flags=1, attempt=0, command_status=0, reason=0, command_id=260, route_epoch=69, correlation_id=846845642, gateway_sequence=34340900, host_session_id=846845642, host_sequence=54986, event_sequence=34340919, anchor_id=0, pair_initiator_id=0, pair_responder_id=0, previous_hop_id=0, progress_count=3, total_count=3, success_count=3, failure_count=0, duplicate_count=0, lost_event_count=0, hop_count=0, discovery_slot=255)
BLE_HOST_RECEIPT type=0x56 src=0x9999888877776666 session=34340919 seq=55
HERE_I_AM_REACHABILITY_QUALIFICATION_OK anchors=3 direct=3 multihop=0 retries=0
BLE_COMPLETE packets=23
