BLE_CONNECTED gateway_id=0x9999888877776666 command=here-i-am session=3132071890 frame=04c101400201010101010101116666777788889999d29fafbad29f01330101010410020c06ab04dc620607ae0b0101010304dc620607e803ae1301020310620102c8040604fa010104b5f80305ae050103050201b2dc00
BLE_CHUNK len=118 hex=475701280106010056044e004e00e80266667777888899996666777788889999000000004e00fffc014e0302000000000c007c00d29fafba00000000d29fafbad29f00004e00e802000000000000000000000000000000000000000000000000000000000000000000000000000000000000000000ff
BLE_PACKET type=0x56 src=0x9999888877776666 dst=0x9999888877776666 session=48758862 seq=78 payload=014e0302000000000c007c00d29fafba00000000d29fafbad29f00004e00e802000000000000000000000000000000000000000000000000000000000000000000000000000000000000000000ff
GATEWAY_COMMAND_EVENT GatewayCommandEvent(command_kind=3, stage=2, flags=0, attempt=0, command_status=0, reason=0, command_id=12, route_epoch=124, correlation_id=3132071890, gateway_sequence=0, host_session_id=3132071890, host_sequence=40914, event_sequence=48758862, anchor_id=0, pair_initiator_id=0, pair_responder_id=0, previous_hop_id=0, progress_count=0, total_count=0, success_count=0, failure_count=0, duplicate_count=0, lost_event_count=0, hop_count=0, discovery_slot=255)
BLE_HOST_RECEIPT type=0x56 src=0x9999888877776666 session=48758862 seq=78
BLE_CHUNK len=118 hex=475701280106010056044f004f00e80266667777888899996666777788889999000000004e00b71d014e0303000000000c007c00d29fafba00000000d29fafbad29f00004f00e802000000000000000000000000000000000000000000000000000000000000000000000000000000000000000000ff
BLE_PACKET type=0x56 src=0x9999888877776666 dst=0x9999888877776666 session=48758863 seq=79 payload=014e0303000000000c007c00d29fafba00000000d29fafbad29f00004f00e802000000000000000000000000000000000000000000000000000000000000000000000000000000000000000000ff
GATEWAY_COMMAND_EVENT GatewayCommandEvent(command_kind=3, stage=3, flags=0, attempt=0, command_status=0, reason=0, command_id=12, route_epoch=124, correlation_id=3132071890, gateway_sequence=0, host_session_id=3132071890, host_sequence=40914, event_sequence=48758863, anchor_id=0, pair_initiator_id=0, pair_responder_id=0, previous_hop_id=0, progress_count=0, total_count=0, success_count=0, failure_count=0, duplicate_count=0, lost_event_count=0, hop_count=0, discovery_slot=255)
BLE_HOST_RECEIPT type=0x56 src=0x9999888877776666 session=48758863 seq=79
BLE_CHUNK len=118 hex=4757012801060100560451005100e80266667777888899996666777788889999000000004e00157c014e0304000100000c007c00d29fafba5000e802d29fafbad29f00005100e802000000000000000000000000000000000000000000000000000000000000000004000000000000000000000000ff
BLE_PACKET type=0x56 src=0x9999888877776666 dst=0x9999888877776666 session=48758865 seq=81 payload=014e0304000100000c007c00d29fafba5000e802d29fafbad29f00005100e802000000000000000000000000000000000000000000000000000000000000000004000000000000000000000000ff
GATEWAY_COMMAND_EVENT GatewayCommandEvent(command_kind=3, stage=4, flags=0, attempt=1, command_status=0, reason=0, command_id=12, route_epoch=124, correlation_id=3132071890, gateway_sequence=48758864, host_session_id=3132071890, host_sequence=40914, event_sequence=48758865, anchor_id=0, pair_initiator_id=0, pair_responder_id=0, previous_hop_id=0, progress_count=4, total_count=0, success_count=0, failure_count=0, duplicate_count=0, lost_event_count=0, hop_count=0, discovery_slot=255)
BLE_HOST_RECEIPT type=0x56 src=0x9999888877776666 session=48758865 seq=81
BLE_CHUNK len=51 hex=47570128010201004104d29fd29fafba66667777888899996666777788889999000000000b00a18510020c00110200001e0100
BLE_PACKET type=0x41 src=0x9999888877776666 dst=0x9999888877776666 session=3132071890 seq=40914 payload=10020c00110200001e0100
BLE_HOST_RECEIPT type=0x41 src=0x9999888877776666 session=3132071890 seq=40914
BLE_CHUNK len=118 hex=4757012801060000560452005200e80266667777888899996666777788889999000000004e00ada0014e030c030100000c007c00d29fafba5000e802d29fafbad29f00005200e802000000000000000000000000000000000000000000000000000000000000000004000000000000000000000000ff
BLE_PACKET type=0x56 src=0x9999888877776666 dst=0x9999888877776666 session=48758866 seq=82 payload=014e030c030100000c007c00d29fafba5000e802d29fafbad29f00005200e802000000000000000000000000000000000000000000000000000000000000000004000000000000000000000000ff
GATEWAY_COMMAND_EVENT GatewayCommandEvent(command_kind=3, stage=12, flags=3, attempt=1, command_status=0, reason=0, command_id=12, route_epoch=124, correlation_id=3132071890, gateway_sequence=48758864, host_session_id=3132071890, host_sequence=40914, event_sequence=48758866, anchor_id=0, pair_initiator_id=0, pair_responder_id=0, previous_hop_id=0, progress_count=4, total_count=0, success_count=0, failure_count=0, duplicate_count=0, lost_event_count=0, hop_count=0, discovery_slot=255)
BLE_HOST_RECEIPT type=0x56 src=0x9999888877776666 session=48758866 seq=82
HERE_I_AM_LOCAL_FLOOD_OK attempts=1 retries=0 delivery_claim=local-broadcast-only
BLE_CONNECTED gateway_id=0x9999888877776666 command=assign-slots session=3132071891 frame=04c101400201010101010101116666777788889999d39fafbad39f011b010101081002040178020306ab04dc620607ae0b0101010304dc620605e8037b4800
BLE_CHUNK len=118 hex=4757012801060100560453005300e80266667777888899996666777788889999000000004e009d6b014e01020000000004017c00d39fafba00000000d39fafbad39f00005300e802000000000000000000000000000000000000000000000000000000000000000000000000000000000000000000ff
BLE_PACKET type=0x56 src=0x9999888877776666 dst=0x9999888877776666 session=48758867 seq=83 payload=014e01020000000004017c00d39fafba00000000d39fafbad39f00005300e802000000000000000000000000000000000000000000000000000000000000000000000000000000000000000000ff
GATEWAY_COMMAND_EVENT GatewayCommandEvent(command_kind=1, stage=2, flags=0, attempt=0, command_status=0, reason=0, command_id=260, route_epoch=124, correlation_id=3132071891, gateway_sequence=0, host_session_id=3132071891, host_sequence=40915, event_sequence=48758867, anchor_id=0, pair_initiator_id=0, pair_responder_id=0, previous_hop_id=0, progress_count=0, total_count=0, success_count=0, failure_count=0, duplicate_count=0, lost_event_count=0, hop_count=0, discovery_slot=255)
BLE_HOST_RECEIPT type=0x56 src=0x9999888877776666 session=48758867 seq=83
BLE_CHUNK len=118 hex=4757012801060100560454005400e80266667777888899996666777788889999000000004e00e1e7014e01030000000004017c00d39fafba00000000d39fafbad39f00005400e802000000000000000000000000000000000000000000000000000000000000000000000000000000000000000000ff
BLE_PACKET type=0x56 src=0x9999888877776666 dst=0x9999888877776666 session=48758868 seq=84 payload=014e01030000000004017c00d39fafba00000000d39fafbad39f00005400e802000000000000000000000000000000000000000000000000000000000000000000000000000000000000000000ff
GATEWAY_COMMAND_EVENT GatewayCommandEvent(command_kind=1, stage=3, flags=0, attempt=0, command_status=0, reason=0, command_id=260, route_epoch=124, correlation_id=3132071891, gateway_sequence=0, host_session_id=3132071891, host_sequence=40915, event_sequence=48758868, anchor_id=0, pair_initiator_id=0, pair_responder_id=0, previous_hop_id=0, progress_count=0, total_count=0, success_count=0, failure_count=0, duplicate_count=0, lost_event_count=0, hop_count=0, discovery_slot=255)
BLE_CHUNK len=118 hex=4757012801060100560456005600e80266667777888899996666777788889999000000004e009a6f014e01030000000004017c00d39fafba5500e802d39fafbad39f00005600e802000000000000000000000000000000000000000000000000000000000000000000000000000000000000000000ff
BLE_PACKET type=0x56 src=0x9999888877776666 dst=0x9999888877776666 session=48758870 seq=86 payload=014e01030000000004017c00d39fafba5500e802d39fafbad39f00005600e802000000000000000000000000000000000000000000000000000000000000000000000000000000000000000000ff
GATEWAY_COMMAND_EVENT GatewayCommandEvent(command_kind=1, stage=3, flags=0, attempt=0, command_status=0, reason=0, command_id=260, route_epoch=124, correlation_id=3132071891, gateway_sequence=48758869, host_session_id=3132071891, host_sequence=40915, event_sequence=48758870, anchor_id=0, pair_initiator_id=0, pair_responder_id=0, previous_hop_id=0, progress_count=0, total_count=0, success_count=0, failure_count=0, duplicate_count=0, lost_event_count=0, hop_count=0, discovery_slot=255)
BLE_HOST_RECEIPT type=0x56 src=0x9999888877776666 session=48758868 seq=84
BLE_HOST_RECEIPT type=0x56 src=0x9999888877776666 session=48758870 seq=86
BLE_CHUNK len=118 hex=4757012801060100560458005800e80266667777888899996666777788889999000000004e00c6ec014e01040001000004017c00d39fafba5500e802d39fafbad39f00005800e802000000000000000000000000000000000000000000000000000000000000000000000000000000000000000000ff
BLE_PACKET type=0x56 src=0x9999888877776666 dst=0x9999888877776666 session=48758872 seq=88 payload=014e01040001000004017c00d39fafba5500e802d39fafbad39f00005800e802000000000000000000000000000000000000000000000000000000000000000000000000000000000000000000ff
GATEWAY_COMMAND_EVENT GatewayCommandEvent(command_kind=1, stage=4, flags=0, attempt=1, command_status=0, reason=0, command_id=260, route_epoch=124, correlation_id=3132071891, gateway_sequence=48758869, host_session_id=3132071891, host_sequence=40915, event_sequence=48758872, anchor_id=0, pair_initiator_id=0, pair_responder_id=0, previous_hop_id=0, progress_count=0, total_count=0, success_count=0, failure_count=0, duplicate_count=0, lost_event_count=0, hop_count=0, discovery_slot=255)
BLE_HOST_RECEIPT type=0x56 src=0x9999888877776666 session=48758872 seq=88
BLE_CHUNK len=118 hex=4757012801060100560459005900e80266667777888899996666777788889999000000004e00b6a2014e01060000000004017c00d39fafba5500e802d39fafbad39f00005900e80207cbc8c619961a190000000000000000000000000000000007cbc8c619961a1901000000000000000000000001ff
BLE_PACKET type=0x56 src=0x9999888877776666 dst=0x9999888877776666 session=48758873 seq=89 payload=014e01060000000004017c00d39fafba5500e802d39fafbad39f00005900e80207cbc8c619961a190000000000000000000000000000000007cbc8c619961a1901000000000000000000000001ff
GATEWAY_COMMAND_EVENT GatewayCommandEvent(command_kind=1, stage=6, flags=0, attempt=0, command_status=0, reason=0, command_id=260, route_epoch=124, correlation_id=3132071891, gateway_sequence=48758869, host_session_id=3132071891, host_sequence=40915, event_sequence=48758873, anchor_id=1808923237796072199, pair_initiator_id=0, pair_responder_id=0, previous_hop_id=1808923237796072199, progress_count=1, total_count=0, success_count=0, failure_count=0, duplicate_count=0, lost_event_count=0, hop_count=1, discovery_slot=255)
BLE_HOST_RECEIPT type=0x56 src=0x9999888877776666 session=48758873 seq=89
BLE_CHUNK len=118 hex=475701280106010056045a005a00e80266667777888899996666777788889999000000004e00ba51014e01060000000004017c00d39fafba5500e802d39fafbad39f00005a00e8020e3070b9aac08b70000000000000000000000000000000000e3070b9aac08b7002000000000000000000000001ff
BLE_PACKET type=0x56 src=0x9999888877776666 dst=0x9999888877776666 session=48758874 seq=90 payload=014e01060000000004017c00d39fafba5500e802d39fafbad39f00005a00e8020e3070b9aac08b70000000000000000000000000000000000e3070b9aac08b7002000000000000000000000001ff
GATEWAY_COMMAND_EVENT GatewayCommandEvent(command_kind=1, stage=6, flags=0, attempt=0, command_status=0, reason=0, command_id=260, route_epoch=124, correlation_id=3132071891, gateway_sequence=48758869, host_session_id=3132071891, host_sequence=40915, event_sequence=48758874, anchor_id=8109787393498820622, pair_initiator_id=0, pair_responder_id=0, previous_hop_id=8109787393498820622, progress_count=2, total_count=0, success_count=0, failure_count=0, duplicate_count=0, lost_event_count=0, hop_count=1, discovery_slot=255)
BLE_HOST_RECEIPT type=0x56 src=0x9999888877776666 session=48758874 seq=90
BLE_CHUNK len=118 hex=475701280106010056045b005b00e80266667777888899996666777788889999000000004e00ea1c014e01060000000004017c00d39fafba5500e802d39fafbad39f00005b00e80241d1f64afe25da560000000000000000000000000000000041d1f64afe25da5603000000000000000000000001ff
BLE_PACKET type=0x56 src=0x9999888877776666 dst=0x9999888877776666 session=48758875 seq=91 payload=014e01060000000004017c00d39fafba5500e802d39fafbad39f00005b00e80241d1f64afe25da560000000000000000000000000000000041d1f64afe25da5603000000000000000000000001ff
GATEWAY_COMMAND_EVENT GatewayCommandEvent(command_kind=1, stage=6, flags=0, attempt=0, command_status=0, reason=0, command_id=260, route_epoch=124, correlation_id=3132071891, gateway_sequence=48758869, host_session_id=3132071891, host_sequence=40915, event_sequence=48758875, anchor_id=6258356406294335809, pair_initiator_id=0, pair_responder_id=0, previous_hop_id=6258356406294335809, progress_count=3, total_count=0, success_count=0, failure_count=0, duplicate_count=0, lost_event_count=0, hop_count=1, discovery_slot=255)
BLE_HOST_RECEIPT type=0x56 src=0x9999888877776666 session=48758875 seq=91
BLE_CHUNK len=118 hex=4757012801060100560460006000e80266667777888899996666777788889999000000004e00d1f8014e01060000000004017c00d39fafba5500e802d39fafbad39f00006000e8020e3070b9aac08b700000000000000000000000000000000000000000000000000100030001000000000000000100
BLE_PACKET type=0x56 src=0x9999888877776666 dst=0x9999888877776666 session=48758880 seq=96 payload=014e01060000000004017c00d39fafba5500e802d39fafbad39f00006000e8020e3070b9aac08b700000000000000000000000000000000000000000000000000100030001000000000000000100
GATEWAY_COMMAND_EVENT GatewayCommandEvent(command_kind=1, stage=6, flags=0, attempt=0, command_status=0, reason=0, command_id=260, route_epoch=124, correlation_id=3132071891, gateway_sequence=48758869, host_session_id=3132071891, host_sequence=40915, event_sequence=48758880, anchor_id=8109787393498820622, pair_initiator_id=0, pair_responder_id=0, previous_hop_id=0, progress_count=1, total_count=3, success_count=1, failure_count=0, duplicate_count=0, lost_event_count=0, hop_count=1, discovery_slot=0)
BLE_HOST_RECEIPT type=0x56 src=0x9999888877776666 session=48758880 seq=96
BLE_CHUNK len=51 hex=47570128010201004104d39fd39fafba66667777888899996666777788889999000000000b00eedb10020401110200001e0103
BLE_PACKET type=0x41 src=0x9999888877776666 dst=0x9999888877776666 session=3132071891 seq=40915 payload=10020401110200001e0103
BLE_HOST_RECEIPT type=0x41 src=0x9999888877776666 session=3132071891 seq=40915
BLE_CHUNK len=118 hex=4757012801060100560461006100e80266667777888899996666777788889999000000004e00b4c8014e01060000000004017c00d39fafba5500e802d39fafbad39f00006100e80241d1f64afe25da560000000000000000000000000000000000000000000000000200030001000000000000000101
BLE_PACKET type=0x56 src=0x9999888877776666 dst=0x9999888877776666 session=48758881 seq=97 payload=014e01060000000004017c00d39fafba5500e802d39fafbad39f00006100e80241d1f64afe25da560000000000000000000000000000000000000000000000000200030001000000000000000101
GATEWAY_COMMAND_EVENT GatewayCommandEvent(command_kind=1, stage=6, flags=0, attempt=0, command_status=0, reason=0, command_id=260, route_epoch=124, correlation_id=3132071891, gateway_sequence=48758869, host_session_id=3132071891, host_sequence=40915, event_sequence=48758881, anchor_id=6258356406294335809, pair_initiator_id=0, pair_responder_id=0, previous_hop_id=0, progress_count=2, total_count=3, success_count=1, failure_count=0, duplicate_count=0, lost_event_count=0, hop_count=1, discovery_slot=1)
BLE_HOST_RECEIPT type=0x56 src=0x9999888877776666 session=48758881 seq=97
BLE_CHUNK len=118 hex=4757012801060100560462006200e80266667777888899996666777788889999000000004e00a876014e01060000000004017c00d39fafba5500e802d39fafbad39f00006200e80207cbc8c619961a190000000000000000000000000000000000000000000000000300030001000000000000000102
BLE_PACKET type=0x56 src=0x9999888877776666 dst=0x9999888877776666 session=48758882 seq=98 payload=014e01060000000004017c00d39fafba5500e802d39fafbad39f00006200e80207cbc8c619961a190000000000000000000000000000000000000000000000000300030001000000000000000102
GATEWAY_COMMAND_EVENT GatewayCommandEvent(command_kind=1, stage=6, flags=0, attempt=0, command_status=0, reason=0, command_id=260, route_epoch=124, correlation_id=3132071891, gateway_sequence=48758869, host_session_id=3132071891, host_sequence=40915, event_sequence=48758882, anchor_id=1808923237796072199, pair_initiator_id=0, pair_responder_id=0, previous_hop_id=0, progress_count=3, total_count=3, success_count=1, failure_count=0, duplicate_count=0, lost_event_count=0, hop_count=1, discovery_slot=2)
BLE_HOST_RECEIPT type=0x56 src=0x9999888877776666 session=48758882 seq=98
BLE_CHUNK len=118 hex=4757012801060100560463006300e80266667777888899996666777788889999000000004e009fa8014e01070000000004017c00d39fafba5500e802d39fafbad39f00006300e802000000000000000000000000000000000000000000000000000000000000000003000300030000000000000000ff
BLE_PACKET type=0x56 src=0x9999888877776666 dst=0x9999888877776666 session=48758883 seq=99 payload=014e01070000000004017c00d39fafba5500e802d39fafbad39f00006300e802000000000000000000000000000000000000000000000000000000000000000003000300030000000000000000ff
GATEWAY_COMMAND_EVENT GatewayCommandEvent(command_kind=1, stage=7, flags=0, attempt=0, command_status=0, reason=0, command_id=260, route_epoch=124, correlation_id=3132071891, gateway_sequence=48758869, host_session_id=3132071891, host_sequence=40915, event_sequence=48758883, anchor_id=0, pair_initiator_id=0, pair_responder_id=0, previous_hop_id=0, progress_count=3, total_count=3, success_count=3, failure_count=0, duplicate_count=0, lost_event_count=0, hop_count=0, discovery_slot=255)
BLE_HOST_RECEIPT type=0x56 src=0x9999888877776666 session=48758883 seq=99
BLE_CHUNK len=118 hex=4757012801060100560464006400e80266667777888899996666777788889999000000004e00ddf2014e01080001000004017c00d39fafba5500e802d39fafbad39f00006400e802000000000000000000000000000000000000000000000000000000000000000003000300000000000000000000ff
BLE_PACKET type=0x56 src=0x9999888877776666 dst=0x9999888877776666 session=48758884 seq=100 payload=014e01080001000004017c00d39fafba5500e802d39fafbad39f00006400e802000000000000000000000000000000000000000000000000000000000000000003000300000000000000000000ff
GATEWAY_COMMAND_EVENT GatewayCommandEvent(command_kind=1, stage=8, flags=0, attempt=1, command_status=0, reason=0, command_id=260, route_epoch=124, correlation_id=3132071891, gateway_sequence=48758869, host_session_id=3132071891, host_sequence=40915, event_sequence=48758884, anchor_id=0, pair_initiator_id=0, pair_responder_id=0, previous_hop_id=0, progress_count=3, total_count=3, success_count=0, failure_count=0, duplicate_count=0, lost_event_count=0, hop_count=0, discovery_slot=255)
BLE_HOST_RECEIPT type=0x56 src=0x9999888877776666 session=48758884 seq=100
BLE_CHUNK len=118 hex=4757012801060000560465006500e80266667777888899996666777788889999000000004e00d3d8014e010c0100000004017c00d39fafba5500e802d39fafbad39f00006500e802000000000000000000000000000000000000000000000000000000000000000003000300030000000000000000ff
BLE_PACKET type=0x56 src=0x9999888877776666 dst=0x9999888877776666 session=48758885 seq=101 payload=014e010c0100000004017c00d39fafba5500e802d39fafbad39f00006500e802000000000000000000000000000000000000000000000000000000000000000003000300030000000000000000ff
GATEWAY_COMMAND_EVENT GatewayCommandEvent(command_kind=1, stage=12, flags=1, attempt=0, command_status=0, reason=0, command_id=260, route_epoch=124, correlation_id=3132071891, gateway_sequence=48758869, host_session_id=3132071891, host_sequence=40915, event_sequence=48758885, anchor_id=0, pair_initiator_id=0, pair_responder_id=0, previous_hop_id=0, progress_count=3, total_count=3, success_count=3, failure_count=0, duplicate_count=0, lost_event_count=0, hop_count=0, discovery_slot=255)
BLE_HOST_RECEIPT type=0x56 src=0x9999888877776666 session=48758885 seq=101
HERE_I_AM_REACHABILITY_QUALIFICATION_OK anchors=3 direct=3 multihop=0 retries=0
BLE_COMPLETE packets=19
