BLE_CONNECTED gateway_id=0x9999888877776666 command=here-i-am session=2228645271 frame=04c101400201010101010101116666777788889999976dd684976d01140101010410020c08af0101ae0b0101020204e07f0d05e803240300
BLE_CHUNK len=118 hex=475701280106010056040d000d00440166667777888899996666777788889999000000004e005c07014e0302000000000c001300976dd68400000000976dd684976d00000d004401000000000000000000000000000000000000000000000000000000000000000000000000000000000000000000ff
BLE_PACKET type=0x56 src=0x9999888877776666 dst=0x9999888877776666 session=21233677 seq=13 payload=014e0302000000000c001300976dd68400000000976dd684976d00000d004401000000000000000000000000000000000000000000000000000000000000000000000000000000000000000000ff
GATEWAY_COMMAND_EVENT GatewayCommandEvent(command_kind=3, stage=2, flags=0, attempt=0, command_status=0, reason=0, command_id=12, route_epoch=19, correlation_id=2228645271, gateway_sequence=0, host_session_id=2228645271, host_sequence=28055, event_sequence=21233677, anchor_id=0, pair_initiator_id=0, pair_responder_id=0, previous_hop_id=0, progress_count=0, total_count=0, success_count=0, failure_count=0, duplicate_count=0, lost_event_count=0, hop_count=0, discovery_slot=255)
BLE_HOST_RECEIPT type=0x56 src=0x9999888877776666 session=21233677 seq=13
BLE_CHUNK len=118 hex=475701280106010056040e000e00440166667777888899996666777788889999000000004e00f8c2014e0303000000000c001300976dd68400000000976dd684976d00000e004401000000000000000000000000000000000000000000000000000000000000000000000000000000000000000000ff
BLE_PACKET type=0x56 src=0x9999888877776666 dst=0x9999888877776666 session=21233678 seq=14 payload=014e0303000000000c001300976dd68400000000976dd684976d00000e004401000000000000000000000000000000000000000000000000000000000000000000000000000000000000000000ff
GATEWAY_COMMAND_EVENT GatewayCommandEvent(command_kind=3, stage=3, flags=0, attempt=0, command_status=0, reason=0, command_id=12, route_epoch=19, correlation_id=2228645271, gateway_sequence=0, host_session_id=2228645271, host_sequence=28055, event_sequence=21233678, anchor_id=0, pair_initiator_id=0, pair_responder_id=0, previous_hop_id=0, progress_count=0, total_count=0, success_count=0, failure_count=0, duplicate_count=0, lost_event_count=0, hop_count=0, discovery_slot=255)
BLE_HOST_RECEIPT type=0x56 src=0x9999888877776666 session=21233678 seq=14
BLE_CHUNK len=118 hex=4757012801060100560411001100440166667777888899996666777788889999000000004e005b5a014e0304000100000c001300976dd68410004401976dd684976d000011004401000000000000000000000000000000000000000000000000000000000000000003000000000000000000000000ff
BLE_PACKET type=0x56 src=0x9999888877776666 dst=0x9999888877776666 session=21233681 seq=17 payload=014e0304000100000c001300976dd68410004401976dd684976d000011004401000000000000000000000000000000000000000000000000000000000000000003000000000000000000000000ff
GATEWAY_COMMAND_EVENT GatewayCommandEvent(command_kind=3, stage=4, flags=0, attempt=1, command_status=0, reason=0, command_id=12, route_epoch=19, correlation_id=2228645271, gateway_sequence=21233680, host_session_id=2228645271, host_sequence=28055, event_sequence=21233681, anchor_id=0, pair_initiator_id=0, pair_responder_id=0, previous_hop_id=0, progress_count=3, total_count=0, success_count=0, failure_count=0, duplicate_count=0, lost_event_count=0, hop_count=0, discovery_slot=255)
BLE_HOST_RECEIPT type=0x56 src=0x9999888877776666 session=21233681 seq=17
BLE_CHUNK len=51 hex=47570128010201004104976d976dd68466667777888899996666777788889999000000000b00a18510020c00110200001e0100
BLE_PACKET type=0x41 src=0x9999888877776666 dst=0x9999888877776666 session=2228645271 seq=28055 payload=10020c00110200001e0100
BLE_HOST_RECEIPT type=0x41 src=0x9999888877776666 session=2228645271 seq=28055
BLE_CHUNK len=118 hex=4757012801060000560412001200440166667777888899996666777788889999010000004e00e386014e030c030100000c001300976dd68410004401976dd684976d000012004401000000000000000000000000000000000000000000000000000000000000000003000000000000000000000000ff
BLE_PACKET type=0x56 src=0x9999888877776666 dst=0x9999888877776666 session=21233682 seq=18 payload=014e030c030100000c001300976dd68410004401976dd684976d000012004401000000000000000000000000000000000000000000000000000000000000000003000000000000000000000000ff
GATEWAY_COMMAND_EVENT GatewayCommandEvent(command_kind=3, stage=12, flags=3, attempt=1, command_status=0, reason=0, command_id=12, route_epoch=19, correlation_id=2228645271, gateway_sequence=21233680, host_session_id=2228645271, host_sequence=28055, event_sequence=21233682, anchor_id=0, pair_initiator_id=0, pair_responder_id=0, previous_hop_id=0, progress_count=3, total_count=0, success_count=0, failure_count=0, duplicate_count=0, lost_event_count=0, hop_count=0, discovery_slot=255)
BLE_HOST_RECEIPT type=0x56 src=0x9999888877776666 session=21233682 seq=18
HERE_I_AM_LOCAL_FLOOD_OK attempts=1 retries=0 delivery_claim=local-broadcast-only
BLE_CONNECTED gateway_id=0x9999888877776666 command=assign-slots session=2228645272 frame=04c101400201010101010101116666777788889999986dd684986d01110101010910020401ae0b0101020204e07f0d05e803631e00
BLE_CHUNK len=118 hex=4757012801060100560413001300440166667777888899996666777788889999000000004e00533a014e01020000000004011300986dd68400000000986dd684986d000013004401000000000000000000000000000000000000000000000000000000000000000000000000000000000000000000ff
BLE_PACKET type=0x56 src=0x9999888877776666 dst=0x9999888877776666 session=21233683 seq=19 payload=014e01020000000004011300986dd68400000000986dd684986d000013004401000000000000000000000000000000000000000000000000000000000000000000000000000000000000000000ff
GATEWAY_COMMAND_EVENT GatewayCommandEvent(command_kind=1, stage=2, flags=0, attempt=0, command_status=0, reason=0, command_id=260, route_epoch=19, correlation_id=2228645272, gateway_sequence=0, host_session_id=2228645272, host_sequence=28056, event_sequence=21233683, anchor_id=0, pair_initiator_id=0, pair_responder_id=0, previous_hop_id=0, progress_count=0, total_count=0, success_count=0, failure_count=0, duplicate_count=0, lost_event_count=0, hop_count=0, discovery_slot=255)
BLE_HOST_RECEIPT type=0x56 src=0x9999888877776666 session=21233683 seq=19
BLE_CHUNK len=118 hex=4757012801060100560414001400440166667777888899996666777788889999000000004e002fb6014e01030000000004011300986dd68400000000986dd684986d000014004401000000000000000000000000000000000000000000000000000000000000000000000000000000000000000000ff
BLE_PACKET type=0x56 src=0x9999888877776666 dst=0x9999888877776666 session=21233684 seq=20 payload=014e01030000000004011300986dd68400000000986dd684986d000014004401000000000000000000000000000000000000000000000000000000000000000000000000000000000000000000ff
GATEWAY_COMMAND_EVENT GatewayCommandEvent(command_kind=1, stage=3, flags=0, attempt=0, command_status=0, reason=0, command_id=260, route_epoch=19, correlation_id=2228645272, gateway_sequence=0, host_session_id=2228645272, host_sequence=28056, event_sequence=21233684, anchor_id=0, pair_initiator_id=0, pair_responder_id=0, previous_hop_id=0, progress_count=0, total_count=0, success_count=0, failure_count=0, duplicate_count=0, lost_event_count=0, hop_count=0, discovery_slot=255)
BLE_HOST_RECEIPT type=0x56 src=0x9999888877776666 session=21233684 seq=20
BLE_CHUNK len=118 hex=4757012801060100560415001500440166667777888899996666777788889999000000004e00a347014e01030000000004011300986dd6840f004401986dd684986d000015004401000000000000000000000000000000000000000000000000000000000000000000000000000000000000000000ff
BLE_PACKET type=0x56 src=0x9999888877776666 dst=0x9999888877776666 session=21233685 seq=21 payload=014e01030000000004011300986dd6840f004401986dd684986d000015004401000000000000000000000000000000000000000000000000000000000000000000000000000000000000000000ff
GATEWAY_COMMAND_EVENT GatewayCommandEvent(command_kind=1, stage=3, flags=0, attempt=0, command_status=0, reason=0, command_id=260, route_epoch=19, correlation_id=2228645272, gateway_sequence=21233679, host_session_id=2228645272, host_sequence=28056, event_sequence=21233685, anchor_id=0, pair_initiator_id=0, pair_responder_id=0, previous_hop_id=0, progress_count=0, total_count=0, success_count=0, failure_count=0, duplicate_count=0, lost_event_count=0, hop_count=0, discovery_slot=255)
BLE_HOST_RECEIPT type=0x56 src=0x9999888877776666 session=21233685 seq=21
BLE_CHUNK len=51 hex=47570128010201004144986d986dd68466667777888899996666777788889999000000000b001ca810020401110205001e0106
BLE_PACKET type=0x41 src=0x9999888877776666 dst=0x9999888877776666 session=2228645272 seq=28056 payload=10020401110205001e0106
BLE_HOST_RECEIPT type=0x41 src=0x9999888877776666 session=2228645272 seq=28056
BLE_CHUNK len=118 hex=4757012801060000560418001800440166667777888899996666777788889999000000004e00b807014e010c0301050504011300986dd6840f004401986dd684986d000018004401000000000000000000000000000000000000000000000000000000000000000001000100000001000000000000ff
BLE_PACKET type=0x56 src=0x9999888877776666 dst=0x9999888877776666 session=21233688 seq=24 payload=014e010c0301050504011300986dd6840f004401986dd684986d000018004401000000000000000000000000000000000000000000000000000000000000000001000100000001000000000000ff
GATEWAY_COMMAND_EVENT GatewayCommandEvent(command_kind=1, stage=12, flags=3, attempt=1, command_status=5, reason=5, command_id=260, route_epoch=19, correlation_id=2228645272, gateway_sequence=21233679, host_session_id=2228645272, host_sequence=28056, event_sequence=21233688, anchor_id=0, pair_initiator_id=0, pair_responder_id=0, previous_hop_id=0, progress_count=1, total_count=1, success_count=0, failure_count=1, duplicate_count=0, lost_event_count=0, hop_count=0, discovery_slot=255)
BLE_HOST_RECEIPT type=0x56 src=0x9999888877776666 session=21233688 seq=24
Traceback (most recent call last):
  File "/home/tommie/Projects/IMEC2/firmware/scripts/provision_mesh_anchor.py", line 666, in _ble_client_session
    yield client
  File "/home/tommie/Projects/IMEC2/firmware/scripts/provision_mesh_anchor.py", line 1530, in run
    await await_qualification(
    ...<4 lines>...
    )
  File "/home/tommie/Projects/IMEC2/firmware/scripts/provision_mesh_anchor.py", line 1251, in await_qualification
    current.validate()
    ~~~~~~~~~~~~~~~~^^
  File "/home/tommie/Projects/IMEC2/firmware/scripts/provision_mesh_anchor.py", line 620, in validate
    raise RuntimeError("assignment qualification failed: " + "; ".join(self.errors))
RuntimeError: assignment qualification failed: gateway command failed before lifecycle terminal (command=260 status=5 reason=6); assignment terminal preceded required lifecycle progress; expected 2 unique anchor claims, got 0; expected 2 published slot mappings, got 0; assignment collection-complete event was not received; successful assignment table publication was not observed; expected hop-path evidence for 2 anchors, got 0; expected anchor 0x0f6d3a3bdac0f858 hop evidence is missing; expected anchor 0x9699122bd60a64e3 hop evidence is missing; expected 1 direct anchors, got 0; expected 1 multihop anchors, got 0; terminal assignment counters do not prove every table ACK completed (status=5 reason=5 total=1 success=0 failure=1 lost=0)

During handling of the above exception, another exception occurred:

Traceback (most recent call last):
  File "/home/tommie/Projects/IMEC2/firmware/scripts/provision_mesh_anchor.py", line 1843, in <module>
    main()
    ~~~~^^
  File "/home/tommie/Projects/IMEC2/firmware/scripts/provision_mesh_anchor.py", line 1835, in main
    asyncio.run(run(args))
    ~~~~~~~~~~~^^^^^^^^^^^
  File "/home/tommie/.local/share/uv/python/cpython-3.13.11-linux-x86_64-gnu/lib/python3.13/asyncio/runners.py", line 195, in run
    return runner.run(main)
           ~~~~~~~~~~^^^^^^
  File "/home/tommie/.local/share/uv/python/cpython-3.13.11-linux-x86_64-gnu/lib/python3.13/asyncio/runners.py", line 118, in run
    return self._loop.run_until_complete(task)
           ~~~~~~~~~~~~~~~~~~~~~~~~~~~~~^^^^^^
  File "/home/tommie/.local/share/uv/python/cpython-3.13.11-linux-x86_64-gnu/lib/python3.13/asyncio/base_events.py", line 725, in run_until_complete
    return future.result()
           ~~~~~~~~~~~~~^^
  File "/home/tommie/Projects/IMEC2/firmware/scripts/provision_mesh_anchor.py", line 1300, in run
    async with _ble_client_session(
               ~~~~~~~~~~~~~~~~~~~^
        gateway_target,
        ^^^^^^^^^^^^^^^
        timeout=args.connect_timeout,
        ^^^^^^^^^^^^^^^^^^^^^^^^^^^^^
        disconnected_callback=on_disconnect,
        ^^^^^^^^^^^^^^^^^^^^^^^^^^^^^^^^^^^^
    ) as client:
    ^
  File "/home/tommie/.local/share/uv/python/cpython-3.13.11-linux-x86_64-gnu/lib/python3.13/contextlib.py", line 235, in __aexit__
    await self.gen.athrow(value)
  File "/home/tommie/Projects/IMEC2/firmware/scripts/provision_mesh_anchor.py", line 665, in _ble_client_session
    async with BleakClient(*args, **kwargs) as client:
               ~~~~~~~~~~~^^^^^^^^^^^^^^^^^
  File "/home/tommie/Projects/IMEC2/.venv/lib/python3.13/site-packages/bleak/__init__.py", line 567, in __aexit__
    await self.disconnect()
  File "/home/tommie/Projects/IMEC2/.venv/lib/python3.13/site-packages/bleak/__init__.py", line 588, in disconnect
    await self._backend.disconnect()
  File "/home/tommie/Projects/IMEC2/.venv/lib/python3.13/site-packages/bleak/backends/bluezdbus/client.py", line 452, in disconnect
    reply = await self._bus.call(
            ^^^^^^^^^^^^^^^^^^^^^
    ...<6 lines>...
    )
    ^
  File "/home/tommie/Projects/IMEC2/.venv/lib/python3.13/site-packages/dbus_fast/aio/message_bus.py", line 478, in call
    await future
  File "src/dbus_fast/aio/message_reader.py", line 25, in dbus_fast.aio.message_reader._message_reader
  File "src/dbus_fast/_private/unmarshaller.py", line 1042, in dbus_fast._private.unmarshaller.Unmarshaller._unmarshall
  File "src/dbus_fast/_private/unmarshaller.py", line 879, in dbus_fast._private.unmarshaller.Unmarshaller._read_header
  File "src/dbus_fast/_private/unmarshaller.py", line 518, in dbus_fast._private.unmarshaller.Unmarshaller._read_to_pos
  File "src/dbus_fast/_private/unmarshaller.py", line 458, in dbus_fast._private.unmarshaller.Unmarshaller._read_sock_with_fds
EOFError
