BLE_CONNECTED gateway_id=0x9999888877776666 command=assign-slots session=1161289662 frame=04c101400201010101010101116666777788889999bedf3745bedf011b010101081002040178020306ab04dc620607ae0b0101010304dc620605e803defe00
BLE_CHUNK len=118 hex=4757012801060100560401000100500166667777888899996666777788889999000000004e001e1a014e01020000000004011600bedf374500000000bedf3745bedf000001005001000000000000000000000000000000000000000000000000000000000000000000000000000000000000000000ff
BLE_PACKET type=0x56 src=0x9999888877776666 dst=0x9999888877776666 session=22020097 seq=1 payload=014e01020000000004011600bedf374500000000bedf3745bedf000001005001000000000000000000000000000000000000000000000000000000000000000000000000000000000000000000ff
GATEWAY_COMMAND_EVENT GatewayCommandEvent(command_kind=1, stage=2, flags=0, attempt=0, command_status=0, reason=0, command_id=260, route_epoch=22, correlation_id=1161289662, gateway_sequence=0, host_session_id=1161289662, host_sequence=57278, event_sequence=22020097, anchor_id=0, pair_initiator_id=0, pair_responder_id=0, previous_hop_id=0, progress_count=0, total_count=0, success_count=0, failure_count=0, duplicate_count=0, lost_event_count=0, hop_count=0, discovery_slot=255)
BLE_HOST_RECEIPT type=0x56 src=0x9999888877776666 session=22020097 seq=1
BLE_CHUNK len=118 hex=4757012801060100560402000200500166667777888899996666777788889999000000004e00badf014e01030000000004011600bedf374500000000bedf3745bedf000002005001000000000000000000000000000000000000000000000000000000000000000000000000000000000000000000ff
BLE_PACKET type=0x56 src=0x9999888877776666 dst=0x9999888877776666 session=22020098 seq=2 payload=014e01030000000004011600bedf374500000000bedf3745bedf000002005001000000000000000000000000000000000000000000000000000000000000000000000000000000000000000000ff
GATEWAY_COMMAND_EVENT GatewayCommandEvent(command_kind=1, stage=3, flags=0, attempt=0, command_status=0, reason=0, command_id=260, route_epoch=22, correlation_id=1161289662, gateway_sequence=0, host_session_id=1161289662, host_sequence=57278, event_sequence=22020098, anchor_id=0, pair_initiator_id=0, pair_responder_id=0, previous_hop_id=0, progress_count=0, total_count=0, success_count=0, failure_count=0, duplicate_count=0, lost_event_count=0, hop_count=0, discovery_slot=255)
BLE_HOST_RECEIPT type=0x56 src=0x9999888877776666 session=22020098 seq=2
BLE_CHUNK len=118 hex=4757012801060100560404000400500166667777888899996666777788889999000000004e004388014e01030000000004011600bedf374503005001bedf3745bedf000004005001000000000000000000000000000000000000000000000000000000000000000000000000000000000000000000ff
BLE_PACKET type=0x56 src=0x9999888877776666 dst=0x9999888877776666 session=22020100 seq=4 payload=014e01030000000004011600bedf374503005001bedf3745bedf000004005001000000000000000000000000000000000000000000000000000000000000000000000000000000000000000000ff
GATEWAY_COMMAND_EVENT GatewayCommandEvent(command_kind=1, stage=3, flags=0, attempt=0, command_status=0, reason=0, command_id=260, route_epoch=22, correlation_id=1161289662, gateway_sequence=22020099, host_session_id=1161289662, host_sequence=57278, event_sequence=22020100, anchor_id=0, pair_initiator_id=0, pair_responder_id=0, previous_hop_id=0, progress_count=0, total_count=0, success_count=0, failure_count=0, duplicate_count=0, lost_event_count=0, hop_count=0, discovery_slot=255)
BLE_HOST_RECEIPT type=0x56 src=0x9999888877776666 session=22020100 seq=4
BLE_CHUNK len=118 hex=4757012801060100560406000600500166667777888899996666777788889999000000004e0077d1014e01040001000004011600bedf374503005001bedf3745bedf000006005001000000000000000000000000000000000000000000000000000000000000000000000000000000000000000000ff
BLE_PACKET type=0x56 src=0x9999888877776666 dst=0x9999888877776666 session=22020102 seq=6 payload=014e01040001000004011600bedf374503005001bedf3745bedf000006005001000000000000000000000000000000000000000000000000000000000000000000000000000000000000000000ff
GATEWAY_COMMAND_EVENT GatewayCommandEvent(command_kind=1, stage=4, flags=0, attempt=1, command_status=0, reason=0, command_id=260, route_epoch=22, correlation_id=1161289662, gateway_sequence=22020099, host_session_id=1161289662, host_sequence=57278, event_sequence=22020102, anchor_id=0, pair_initiator_id=0, pair_responder_id=0, previous_hop_id=0, progress_count=0, total_count=0, success_count=0, failure_count=0, duplicate_count=0, lost_event_count=0, hop_count=0, discovery_slot=255)
BLE_HOST_RECEIPT type=0x56 src=0x9999888877776666 session=22020102 seq=6
BLE_CHUNK len=118 hex=4757012801060100560407000700500166667777888899996666777788889999000000004e00079f014e01060000000004011600bedf374503005001bedf3745bedf00000700500107cbc8c619961a190000000000000000000000000000000007cbc8c619961a1901000000000000000000000001ff
BLE_PACKET type=0x56 src=0x9999888877776666 dst=0x9999888877776666 session=22020103 seq=7 payload=014e01060000000004011600bedf374503005001bedf3745bedf00000700500107cbc8c619961a190000000000000000000000000000000007cbc8c619961a1901000000000000000000000001ff
GATEWAY_COMMAND_EVENT GatewayCommandEvent(command_kind=1, stage=6, flags=0, attempt=0, command_status=0, reason=0, command_id=260, route_epoch=22, correlation_id=1161289662, gateway_sequence=22020099, host_session_id=1161289662, host_sequence=57278, event_sequence=22020103, anchor_id=1808923237796072199, pair_initiator_id=0, pair_responder_id=0, previous_hop_id=1808923237796072199, progress_count=1, total_count=0, success_count=0, failure_count=0, duplicate_count=0, lost_event_count=0, hop_count=1, discovery_slot=255)
BLE_HOST_RECEIPT type=0x56 src=0x9999888877776666 session=22020103 seq=7
BLE_CHUNK len=118 hex=4757012801060100560408000800500166667777888899996666777788889999000000004e002492014e01060000000004011600bedf374503005001bedf3745bedf00000800500141d1f64afe25da560000000000000000000000000000000041d1f64afe25da5602000000000000000000000001ff
BLE_PACKET type=0x56 src=0x9999888877776666 dst=0x9999888877776666 session=22020104 seq=8 payload=014e01060000000004011600bedf374503005001bedf3745bedf00000800500141d1f64afe25da560000000000000000000000000000000041d1f64afe25da5602000000000000000000000001ff
GATEWAY_COMMAND_EVENT GatewayCommandEvent(command_kind=1, stage=6, flags=0, attempt=0, command_status=0, reason=0, command_id=260, route_epoch=22, correlation_id=1161289662, gateway_sequence=22020099, host_session_id=1161289662, host_sequence=57278, event_sequence=22020104, anchor_id=6258356406294335809, pair_initiator_id=0, pair_responder_id=0, previous_hop_id=6258356406294335809, progress_count=2, total_count=0, success_count=0, failure_count=0, duplicate_count=0, lost_event_count=0, hop_count=1, discovery_slot=255)
BLE_HOST_RECEIPT type=0x56 src=0x9999888877776666 session=22020104 seq=8
BLE_CHUNK len=118 hex=4757012801060100560409000900500166667777888899996666777788889999000000004e0074df014e01060000000004011600bedf374503005001bedf3745bedf0000090050010e3070b9aac08b70000000000000000000000000000000000e3070b9aac08b7003000000000000000000000001ff
BLE_PACKET type=0x56 src=0x9999888877776666 dst=0x9999888877776666 session=22020105 seq=9 payload=014e01060000000004011600bedf374503005001bedf3745bedf0000090050010e3070b9aac08b70000000000000000000000000000000000e3070b9aac08b7003000000000000000000000001ff
GATEWAY_COMMAND_EVENT GatewayCommandEvent(command_kind=1, stage=6, flags=0, attempt=0, command_status=0, reason=0, command_id=260, route_epoch=22, correlation_id=1161289662, gateway_sequence=22020099, host_session_id=1161289662, host_sequence=57278, event_sequence=22020105, anchor_id=8109787393498820622, pair_initiator_id=0, pair_responder_id=0, previous_hop_id=8109787393498820622, progress_count=3, total_count=0, success_count=0, failure_count=0, duplicate_count=0, lost_event_count=0, hop_count=1, discovery_slot=255)
BLE_HOST_RECEIPT type=0x56 src=0x9999888877776666 session=22020105 seq=9
BLE_CHUNK len=118 hex=475701280106010056040c000c00500166667777888899996666777788889999000000004e00db34014e01080000000004011600bedf374503005001bedf3745bedf00000c0050010e3070b9aac08b700000000000000000000000000000000000000000000000000100030000000000000000000100
BLE_PACKET type=0x56 src=0x9999888877776666 dst=0x9999888877776666 session=22020108 seq=12 payload=014e01080000000004011600bedf374503005001bedf3745bedf00000c0050010e3070b9aac08b700000000000000000000000000000000000000000000000000100030000000000000000000100
GATEWAY_COMMAND_EVENT GatewayCommandEvent(command_kind=1, stage=8, flags=0, attempt=0, command_status=0, reason=0, command_id=260, route_epoch=22, correlation_id=1161289662, gateway_sequence=22020099, host_session_id=1161289662, host_sequence=57278, event_sequence=22020108, anchor_id=8109787393498820622, pair_initiator_id=0, pair_responder_id=0, previous_hop_id=0, progress_count=1, total_count=3, success_count=0, failure_count=0, duplicate_count=0, lost_event_count=0, hop_count=1, discovery_slot=0)
BLE_HOST_RECEIPT type=0x56 src=0x9999888877776666 session=22020108 seq=12
BLE_CHUNK len=118 hex=475701280106010056040d000d00500166667777888899996666777788889999000000004e00be04014e01080000000004011600bedf374503005001bedf3745bedf00000d00500141d1f64afe25da560000000000000000000000000000000000000000000000000200030000000000000000000101
BLE_PACKET type=0x56 src=0x9999888877776666 dst=0x9999888877776666 session=22020109 seq=13 payload=014e01080000000004011600bedf374503005001bedf3745bedf00000d00500141d1f64afe25da560000000000000000000000000000000000000000000000000200030000000000000000000101
GATEWAY_COMMAND_EVENT GatewayCommandEvent(command_kind=1, stage=8, flags=0, attempt=0, command_status=0, reason=0, command_id=260, route_epoch=22, correlation_id=1161289662, gateway_sequence=22020099, host_session_id=1161289662, host_sequence=57278, event_sequence=22020109, anchor_id=6258356406294335809, pair_initiator_id=0, pair_responder_id=0, previous_hop_id=0, progress_count=2, total_count=3, success_count=0, failure_count=0, duplicate_count=0, lost_event_count=0, hop_count=1, discovery_slot=1)
BLE_HOST_RECEIPT type=0x56 src=0x9999888877776666 session=22020109 seq=13
BLE_CHUNK len=118 hex=475701280106010056040e000e00500166667777888899996666777788889999000000004e00a2ba014e01080000000004011600bedf374503005001bedf3745bedf00000e00500107cbc8c619961a190000000000000000000000000000000000000000000000000300030000000000000000000102
BLE_PACKET type=0x56 src=0x9999888877776666 dst=0x9999888877776666 session=22020110 seq=14 payload=014e01080000000004011600bedf374503005001bedf3745bedf00000e00500107cbc8c619961a190000000000000000000000000000000000000000000000000300030000000000000000000102
GATEWAY_COMMAND_EVENT GatewayCommandEvent(command_kind=1, stage=8, flags=0, attempt=0, command_status=0, reason=0, command_id=260, route_epoch=22, correlation_id=1161289662, gateway_sequence=22020099, host_session_id=1161289662, host_sequence=57278, event_sequence=22020110, anchor_id=1808923237796072199, pair_initiator_id=0, pair_responder_id=0, previous_hop_id=0, progress_count=3, total_count=3, success_count=0, failure_count=0, duplicate_count=0, lost_event_count=0, hop_count=1, discovery_slot=2)
BLE_HOST_RECEIPT type=0x56 src=0x9999888877776666 session=22020110 seq=14
BLE_CHUNK len=118 hex=4757012801060100560411001100500166667777888899996666777788889999000000004e001047014e01060000000004011600bedf374503005001bedf3745bedf0000110050010e3070b9aac08b700000000000000000000000000000000000000000000000000100030001000000000000000100
BLE_PACKET type=0x56 src=0x9999888877776666 dst=0x9999888877776666 session=22020113 seq=17 payload=014e01060000000004011600bedf374503005001bedf3745bedf0000110050010e3070b9aac08b700000000000000000000000000000000000000000000000000100030001000000000000000100
GATEWAY_COMMAND_EVENT GatewayCommandEvent(command_kind=1, stage=6, flags=0, attempt=0, command_status=0, reason=0, command_id=260, route_epoch=22, correlation_id=1161289662, gateway_sequence=22020099, host_session_id=1161289662, host_sequence=57278, event_sequence=22020113, anchor_id=8109787393498820622, pair_initiator_id=0, pair_responder_id=0, previous_hop_id=0, progress_count=1, total_count=3, success_count=1, failure_count=0, duplicate_count=0, lost_event_count=0, hop_count=1, discovery_slot=0)
BLE_HOST_RECEIPT type=0x56 src=0x9999888877776666 session=22020113 seq=17
BLE_CHUNK len=51 hex=47570128010201004104bedfbedf374566667777888899996666777788889999000000000b00eedb10020401110200001e0103
BLE_PACKET type=0x41 src=0x9999888877776666 dst=0x9999888877776666 session=1161289662 seq=57278 payload=10020401110200001e0103
BLE_HOST_RECEIPT type=0x41 src=0x9999888877776666 session=1161289662 seq=57278
BLE_CHUNK len=118 hex=4757012801060100560412001200500166667777888899996666777788889999000000004e009953014e01060000000004011600bedf374503005001bedf3745bedf00001200500141d1f64afe25da560000000000000000000000000000000000000000000000000200030001000000000000000101
BLE_PACKET type=0x56 src=0x9999888877776666 dst=0x9999888877776666 session=22020114 seq=18 payload=014e01060000000004011600bedf374503005001bedf3745bedf00001200500141d1f64afe25da560000000000000000000000000000000000000000000000000200030001000000000000000101
GATEWAY_COMMAND_EVENT GatewayCommandEvent(command_kind=1, stage=6, flags=0, attempt=0, command_status=0, reason=0, command_id=260, route_epoch=22, correlation_id=1161289662, gateway_sequence=22020099, host_session_id=1161289662, host_sequence=57278, event_sequence=22020114, anchor_id=6258356406294335809, pair_initiator_id=0, pair_responder_id=0, previous_hop_id=0, progress_count=2, total_count=3, success_count=1, failure_count=0, duplicate_count=0, lost_event_count=0, hop_count=1, discovery_slot=1)
BLE_HOST_RECEIPT type=0x56 src=0x9999888877776666 session=22020114 seq=18
BLE_CHUNK len=118 hex=4757012801060100560413001300500166667777888899996666777788889999000000004e0069c9014e01060000000004011600bedf374503005001bedf3745bedf00001300500107cbc8c619961a190000000000000000000000000000000000000000000000000300030001000000000000000102
BLE_PACKET type=0x56 src=0x9999888877776666 dst=0x9999888877776666 session=22020115 seq=19 payload=014e01060000000004011600bedf374503005001bedf3745bedf00001300500107cbc8c619961a190000000000000000000000000000000000000000000000000300030001000000000000000102
GATEWAY_COMMAND_EVENT GatewayCommandEvent(command_kind=1, stage=6, flags=0, attempt=0, command_status=0, reason=0, command_id=260, route_epoch=22, correlation_id=1161289662, gateway_sequence=22020099, host_session_id=1161289662, host_sequence=57278, event_sequence=22020115, anchor_id=1808923237796072199, pair_initiator_id=0, pair_responder_id=0, previous_hop_id=0, progress_count=3, total_count=3, success_count=1, failure_count=0, duplicate_count=0, lost_event_count=0, hop_count=1, discovery_slot=2)
BLE_HOST_RECEIPT type=0x56 src=0x9999888877776666 session=22020115 seq=19
BLE_CHUNK len=118 hex=4757012801060100560414001400500166667777888899996666777788889999000000004e006a7a014e01070000000004011600bedf374503005001bedf3745bedf000014005001000000000000000000000000000000000000000000000000000000000000000003000300030000000000000000ff
BLE_PACKET type=0x56 src=0x9999888877776666 dst=0x9999888877776666 session=22020116 seq=20 payload=014e01070000000004011600bedf374503005001bedf3745bedf000014005001000000000000000000000000000000000000000000000000000000000000000003000300030000000000000000ff
GATEWAY_COMMAND_EVENT GatewayCommandEvent(command_kind=1, stage=7, flags=0, attempt=0, command_status=0, reason=0, command_id=260, route_epoch=22, correlation_id=1161289662, gateway_sequence=22020099, host_session_id=1161289662, host_sequence=57278, event_sequence=22020116, anchor_id=0, pair_initiator_id=0, pair_responder_id=0, previous_hop_id=0, progress_count=3, total_count=3, success_count=3, failure_count=0, duplicate_count=0, lost_event_count=0, hop_count=0, discovery_slot=255)
BLE_HOST_RECEIPT type=0x56 src=0x9999888877776666 session=22020116 seq=20
BLE_CHUNK len=118 hex=4757012801060100560415001500500166667777888899996666777788889999000000004e001c4d014e01080001000004011600bedf374503005001bedf3745bedf000015005001000000000000000000000000000000000000000000000000000000000000000003000300000000000000000000ff
BLE_PACKET type=0x56 src=0x9999888877776666 dst=0x9999888877776666 session=22020117 seq=21 payload=014e01080001000004011600bedf374503005001bedf3745bedf000015005001000000000000000000000000000000000000000000000000000000000000000003000300000000000000000000ff
GATEWAY_COMMAND_EVENT GatewayCommandEvent(command_kind=1, stage=8, flags=0, attempt=1, command_status=0, reason=0, command_id=260, route_epoch=22, correlation_id=1161289662, gateway_sequence=22020099, host_session_id=1161289662, host_sequence=57278, event_sequence=22020117, anchor_id=0, pair_initiator_id=0, pair_responder_id=0, previous_hop_id=0, progress_count=3, total_count=3, success_count=0, failure_count=0, duplicate_count=0, lost_event_count=0, hop_count=0, discovery_slot=255)
BLE_HOST_RECEIPT type=0x56 src=0x9999888877776666 session=22020117 seq=21
BLE_CHUNK len=118 hex=4757012801060000560416001600500166667777888899996666777788889999000000004e00fe43014e010c0100000004011600bedf374503005001bedf3745bedf000016005001000000000000000000000000000000000000000000000000000000000000000003000300030000000000000000ff
BLE_PACKET type=0x56 src=0x9999888877776666 dst=0x9999888877776666 session=22020118 seq=22 payload=014e010c0100000004011600bedf374503005001bedf3745bedf000016005001000000000000000000000000000000000000000000000000000000000000000003000300030000000000000000ff
GATEWAY_COMMAND_EVENT GatewayCommandEvent(command_kind=1, stage=12, flags=1, attempt=0, command_status=0, reason=0, command_id=260, route_epoch=22, correlation_id=1161289662, gateway_sequence=22020099, host_session_id=1161289662, host_sequence=57278, event_sequence=22020118, anchor_id=0, pair_initiator_id=0, pair_responder_id=0, previous_hop_id=0, progress_count=3, total_count=3, success_count=3, failure_count=0, duplicate_count=0, lost_event_count=0, hop_count=0, discovery_slot=255)
BLE_HOST_RECEIPT type=0x56 src=0x9999888877776666 session=22020118 seq=22
ASSIGNMENT_QUALIFICATION_OK anchors=3 direct=3 multihop=0 retries=0
BLE_COMPLETE packets=17
