BLE_CONNECTED gateway_id=0x9999888877776666 command=here-i-am session=1080363224 frame=04c101400201010101010101116666777788889999d8086540d80801330101010410020c06ab04dc620607ae0b0101010304dc620607e803ae1301020310620102c8040604fa010104b5f80305ae050103050201693400
BLE_CHUNK len=118 hex=475701280106010056046d006d00740266667777888899996666777788889999000000004e00a5e3014e0302000000000c005f00d808654000000000d8086540d80800006d007402000000000000000000000000000000000000000000000000000000000000000000000000000000000000000000ff
BLE_PACKET type=0x56 src=0x9999888877776666 dst=0x9999888877776666 session=41156717 seq=109 payload=014e0302000000000c005f00d808654000000000d8086540d80800006d007402000000000000000000000000000000000000000000000000000000000000000000000000000000000000000000ff
GATEWAY_COMMAND_EVENT GatewayCommandEvent(command_kind=3, stage=2, flags=0, attempt=0, command_status=0, reason=0, command_id=12, route_epoch=95, correlation_id=1080363224, gateway_sequence=0, host_session_id=1080363224, host_sequence=2264, event_sequence=41156717, anchor_id=0, pair_initiator_id=0, pair_responder_id=0, previous_hop_id=0, progress_count=0, total_count=0, success_count=0, failure_count=0, duplicate_count=0, lost_event_count=0, hop_count=0, discovery_slot=255)
BLE_CHUNK len=118 hex=475701280106010056046d006d00740266667777888899996666777788889999000000004e00a5e3014e0302000000000c005f00d808654000000000d8086540d80800006d007402000000000000000000000000000000000000000000000000000000000000000000000000000000000000000000ff
BLE_PACKET type=0x56 src=0x9999888877776666 dst=0x9999888877776666 session=41156717 seq=109 payload=014e0302000000000c005f00d808654000000000d8086540d80800006d007402000000000000000000000000000000000000000000000000000000000000000000000000000000000000000000ff
GATEWAY_COMMAND_EVENT GatewayCommandEvent(command_kind=3, stage=2, flags=0, attempt=0, command_status=0, reason=0, command_id=12, route_epoch=95, correlation_id=1080363224, gateway_sequence=0, host_session_id=1080363224, host_sequence=2264, event_sequence=41156717, anchor_id=0, pair_initiator_id=0, pair_responder_id=0, previous_hop_id=0, progress_count=0, total_count=0, success_count=0, failure_count=0, duplicate_count=0, lost_event_count=0, hop_count=0, discovery_slot=255)
BLE_CHUNK len=118 hex=475701280106010056046e006e00740266667777888899996666777788889999000000004e000126014e0303000000000c005f00d808654000000000d8086540d80800006e007402000000000000000000000000000000000000000000000000000000000000000000000000000000000000000000ff
BLE_PACKET type=0x56 src=0x9999888877776666 dst=0x9999888877776666 session=41156718 seq=110 payload=014e0303000000000c005f00d808654000000000d8086540d80800006e007402000000000000000000000000000000000000000000000000000000000000000000000000000000000000000000ff
GATEWAY_COMMAND_EVENT GatewayCommandEvent(command_kind=3, stage=3, flags=0, attempt=0, command_status=0, reason=0, command_id=12, route_epoch=95, correlation_id=1080363224, gateway_sequence=0, host_session_id=1080363224, host_sequence=2264, event_sequence=41156718, anchor_id=0, pair_initiator_id=0, pair_responder_id=0, previous_hop_id=0, progress_count=0, total_count=0, success_count=0, failure_count=0, duplicate_count=0, lost_event_count=0, hop_count=0, discovery_slot=255)
BLE_HOST_RECEIPT type=0x56 src=0x9999888877776666 session=41156717 seq=109
BLE_HOST_RECEIPT type=0x56 src=0x9999888877776666 session=41156718 seq=110
BLE_CHUNK len=118 hex=4757012801060100560470007000740266667777888899996666777788889999000000004e00bdf3014e0304000100000c005f00d80865406f007402d8086540d808000070007402000000000000000000000000000000000000000000000000000000000000000004000000000000000000000000ff
BLE_PACKET type=0x56 src=0x9999888877776666 dst=0x9999888877776666 session=41156720 seq=112 payload=014e0304000100000c005f00d80865406f007402d8086540d808000070007402000000000000000000000000000000000000000000000000000000000000000004000000000000000000000000ff
GATEWAY_COMMAND_EVENT GatewayCommandEvent(command_kind=3, stage=4, flags=0, attempt=1, command_status=0, reason=0, command_id=12, route_epoch=95, correlation_id=1080363224, gateway_sequence=41156719, host_session_id=1080363224, host_sequence=2264, event_sequence=41156720, anchor_id=0, pair_initiator_id=0, pair_responder_id=0, previous_hop_id=0, progress_count=4, total_count=0, success_count=0, failure_count=0, duplicate_count=0, lost_event_count=0, hop_count=0, discovery_slot=255)
BLE_HOST_RECEIPT type=0x56 src=0x9999888877776666 session=41156720 seq=112
BLE_CHUNK len=51 hex=47570128010201004104d808d808654066667777888899996666777788889999000000000b00a18510020c00110200001e0100
BLE_PACKET type=0x41 src=0x9999888877776666 dst=0x9999888877776666 session=1080363224 seq=2264 payload=10020c00110200001e0100
BLE_HOST_RECEIPT type=0x41 src=0x9999888877776666 session=1080363224 seq=2264
BLE_CHUNK len=118 hex=4757012801060000560471007100740266667777888899996666777788889999000000004e00e90b014e030c030100000c005f00d80865406f007402d8086540d808000071007402000000000000000000000000000000000000000000000000000000000000000004000000000000000000000000ff
BLE_PACKET type=0x56 src=0x9999888877776666 dst=0x9999888877776666 session=41156721 seq=113 payload=014e030c030100000c005f00d80865406f007402d8086540d808000071007402000000000000000000000000000000000000000000000000000000000000000004000000000000000000000000ff
GATEWAY_COMMAND_EVENT GatewayCommandEvent(command_kind=3, stage=12, flags=3, attempt=1, command_status=0, reason=0, command_id=12, route_epoch=95, correlation_id=1080363224, gateway_sequence=41156719, host_session_id=1080363224, host_sequence=2264, event_sequence=41156721, anchor_id=0, pair_initiator_id=0, pair_responder_id=0, previous_hop_id=0, progress_count=4, total_count=0, success_count=0, failure_count=0, duplicate_count=0, lost_event_count=0, hop_count=0, discovery_slot=255)
BLE_HOST_RECEIPT type=0x56 src=0x9999888877776666 session=41156721 seq=113
HERE_I_AM_LOCAL_FLOOD_OK attempts=1 retries=0 delivery_claim=local-broadcast-only
BLE_CONNECTED gateway_id=0x9999888877776666 command=assign-slots session=1080363225 frame=04c101400201010101010101116666777788889999d9086540d908011b010101081002040178020306ab04dc620607ae0b0101010304dc620605e803142d00
BLE_CHUNK len=118 hex=4757012801060100560472007200740266667777888899996666777788889999000000004e002b50014e01020000000004015f00d908654000000000d9086540d908000072007402000000000000000000000000000000000000000000000000000000000000000000000000000000000000000000ff
BLE_PACKET type=0x56 src=0x9999888877776666 dst=0x9999888877776666 session=41156722 seq=114 payload=014e01020000000004015f00d908654000000000d9086540d908000072007402000000000000000000000000000000000000000000000000000000000000000000000000000000000000000000ff
GATEWAY_COMMAND_EVENT GatewayCommandEvent(command_kind=1, stage=2, flags=0, attempt=0, command_status=0, reason=0, command_id=260, route_epoch=95, correlation_id=1080363225, gateway_sequence=0, host_session_id=1080363225, host_sequence=2265, event_sequence=41156722, anchor_id=0, pair_initiator_id=0, pair_responder_id=0, previous_hop_id=0, progress_count=0, total_count=0, success_count=0, failure_count=0, duplicate_count=0, lost_event_count=0, hop_count=0, discovery_slot=255)
BLE_HOST_RECEIPT type=0x56 src=0x9999888877776666 session=41156722 seq=114
BLE_CHUNK len=118 hex=4757012801060100560473007300740266667777888899996666777788889999000000004e0063b1014e01030000000004015f00d908654000000000d9086540d908000073007402000000000000000000000000000000000000000000000000000000000000000000000000000000000000000000ff
BLE_PACKET type=0x56 src=0x9999888877776666 dst=0x9999888877776666 session=41156723 seq=115 payload=014e01030000000004015f00d908654000000000d9086540d908000073007402000000000000000000000000000000000000000000000000000000000000000000000000000000000000000000ff
GATEWAY_COMMAND_EVENT GatewayCommandEvent(command_kind=1, stage=3, flags=0, attempt=0, command_status=0, reason=0, command_id=260, route_epoch=95, correlation_id=1080363225, gateway_sequence=0, host_session_id=1080363225, host_sequence=2265, event_sequence=41156723, anchor_id=0, pair_initiator_id=0, pair_responder_id=0, previous_hop_id=0, progress_count=0, total_count=0, success_count=0, failure_count=0, duplicate_count=0, lost_event_count=0, hop_count=0, discovery_slot=255)
BLE_HOST_RECEIPT type=0x56 src=0x9999888877776666 session=41156723 seq=115
BLE_CHUNK len=118 hex=4757012801060100560475007500740266667777888899996666777788889999000000004e0093ef014e01030000000004015f00d908654074007402d9086540d908000075007402000000000000000000000000000000000000000000000000000000000000000000000000000000000000000000ff
BLE_PACKET type=0x56 src=0x9999888877776666 dst=0x9999888877776666 session=41156725 seq=117 payload=014e01030000000004015f00d908654074007402d9086540d908000075007402000000000000000000000000000000000000000000000000000000000000000000000000000000000000000000ff
GATEWAY_COMMAND_EVENT GatewayCommandEvent(command_kind=1, stage=3, flags=0, attempt=0, command_status=0, reason=0, command_id=260, route_epoch=95, correlation_id=1080363225, gateway_sequence=41156724, host_session_id=1080363225, host_sequence=2265, event_sequence=41156725, anchor_id=0, pair_initiator_id=0, pair_responder_id=0, previous_hop_id=0, progress_count=0, total_count=0, success_count=0, failure_count=0, duplicate_count=0, lost_event_count=0, hop_count=0, discovery_slot=255)
BLE_HOST_RECEIPT type=0x56 src=0x9999888877776666 session=41156725 seq=117
BLE_CHUNK len=118 hex=4757012801060100560477007700740266667777888899996666777788889999000000004e00a7b6014e01040001000004015f00d908654074007402d9086540d908000077007402000000000000000000000000000000000000000000000000000000000000000000000000000000000000000000ff
BLE_PACKET type=0x56 src=0x9999888877776666 dst=0x9999888877776666 session=41156727 seq=119 payload=014e01040001000004015f00d908654074007402d9086540d908000077007402000000000000000000000000000000000000000000000000000000000000000000000000000000000000000000ff
GATEWAY_COMMAND_EVENT GatewayCommandEvent(command_kind=1, stage=4, flags=0, attempt=1, command_status=0, reason=0, command_id=260, route_epoch=95, correlation_id=1080363225, gateway_sequence=41156724, host_session_id=1080363225, host_sequence=2265, event_sequence=41156727, anchor_id=0, pair_initiator_id=0, pair_responder_id=0, previous_hop_id=0, progress_count=0, total_count=0, success_count=0, failure_count=0, duplicate_count=0, lost_event_count=0, hop_count=0, discovery_slot=255)
BLE_HOST_RECEIPT type=0x56 src=0x9999888877776666 session=41156727 seq=119
BLE_CHUNK len=118 hex=4757012801060100560478007800740266667777888899996666777788889999000000004e00664e014e01060000000004015f00d908654074007402d9086540d9080000780074020e3070b9aac08b70000000000000000000000000000000000e3070b9aac08b7001000000000000000000000001ff
BLE_PACKET type=0x56 src=0x9999888877776666 dst=0x9999888877776666 session=41156728 seq=120 payload=014e01060000000004015f00d908654074007402d9086540d9080000780074020e3070b9aac08b70000000000000000000000000000000000e3070b9aac08b7001000000000000000000000001ff
GATEWAY_COMMAND_EVENT GatewayCommandEvent(command_kind=1, stage=6, flags=0, attempt=0, command_status=0, reason=0, command_id=260, route_epoch=95, correlation_id=1080363225, gateway_sequence=41156724, host_session_id=1080363225, host_sequence=2265, event_sequence=41156728, anchor_id=8109787393498820622, pair_initiator_id=0, pair_responder_id=0, previous_hop_id=8109787393498820622, progress_count=1, total_count=0, success_count=0, failure_count=0, duplicate_count=0, lost_event_count=0, hop_count=1, discovery_slot=255)
BLE_HOST_RECEIPT type=0x56 src=0x9999888877776666 session=41156728 seq=120
BLE_CHUNK len=118 hex=4757012801060100560479007900740266667777888899996666777788889999000000004e00f4f5014e01060000000004015f00d908654074007402d9086540d90800007900740241d1f64afe25da560000000000000000000000000000000041d1f64afe25da5602000000000000000000000001ff
BLE_PACKET type=0x56 src=0x9999888877776666 dst=0x9999888877776666 session=41156729 seq=121 payload=014e01060000000004015f00d908654074007402d9086540d90800007900740241d1f64afe25da560000000000000000000000000000000041d1f64afe25da5602000000000000000000000001ff
GATEWAY_COMMAND_EVENT GatewayCommandEvent(command_kind=1, stage=6, flags=0, attempt=0, command_status=0, reason=0, command_id=260, route_epoch=95, correlation_id=1080363225, gateway_sequence=41156724, host_session_id=1080363225, host_sequence=2265, event_sequence=41156729, anchor_id=6258356406294335809, pair_initiator_id=0, pair_responder_id=0, previous_hop_id=6258356406294335809, progress_count=2, total_count=0, success_count=0, failure_count=0, duplicate_count=0, lost_event_count=0, hop_count=1, discovery_slot=255)
BLE_HOST_RECEIPT type=0x56 src=0x9999888877776666 session=41156729 seq=121
BLE_CHUNK len=118 hex=475701280106010056047a007a00740266667777888899996666777788889999000000004e007dd4014e01060000000004015f00d908654074007402d9086540d90800007a00740207cbc8c619961a190000000000000000000000000000000007cbc8c619961a1903000000000000000000000001ff
BLE_PACKET type=0x56 src=0x9999888877776666 dst=0x9999888877776666 session=41156730 seq=122 payload=014e01060000000004015f00d908654074007402d9086540d90800007a00740207cbc8c619961a190000000000000000000000000000000007cbc8c619961a1903000000000000000000000001ff
GATEWAY_COMMAND_EVENT GatewayCommandEvent(command_kind=1, stage=6, flags=0, attempt=0, command_status=0, reason=0, command_id=260, route_epoch=95, correlation_id=1080363225, gateway_sequence=41156724, host_session_id=1080363225, host_sequence=2265, event_sequence=41156730, anchor_id=1808923237796072199, pair_initiator_id=0, pair_responder_id=0, previous_hop_id=1808923237796072199, progress_count=3, total_count=0, success_count=0, failure_count=0, duplicate_count=0, lost_event_count=0, hop_count=1, discovery_slot=255)
BLE_HOST_RECEIPT type=0x56 src=0x9999888877776666 session=41156730 seq=122
BLE_CHUNK len=118 hex=475701280106010056047d007d00740266667777888899996666777788889999000000004e000b53014e01080000000004015f00d908654074007402d9086540d90800007d0074020e3070b9aac08b700000000000000000000000000000000000000000000000000100030000000000000000000100
BLE_PACKET type=0x56 src=0x9999888877776666 dst=0x9999888877776666 session=41156733 seq=125 payload=014e01080000000004015f00d908654074007402d9086540d90800007d0074020e3070b9aac08b700000000000000000000000000000000000000000000000000100030000000000000000000100
GATEWAY_COMMAND_EVENT GatewayCommandEvent(command_kind=1, stage=8, flags=0, attempt=0, command_status=0, reason=0, command_id=260, route_epoch=95, correlation_id=1080363225, gateway_sequence=41156724, host_session_id=1080363225, host_sequence=2265, event_sequence=41156733, anchor_id=8109787393498820622, pair_initiator_id=0, pair_responder_id=0, previous_hop_id=0, progress_count=1, total_count=3, success_count=0, failure_count=0, duplicate_count=0, lost_event_count=0, hop_count=1, discovery_slot=0)
BLE_HOST_RECEIPT type=0x56 src=0x9999888877776666 session=41156733 seq=125
BLE_CHUNK len=118 hex=475701280106010056047e007e00740266667777888899996666777788889999000000004e008247014e01080000000004015f00d908654074007402d9086540d90800007e00740241d1f64afe25da560000000000000000000000000000000000000000000000000200030000000000000000000101
BLE_PACKET type=0x56 src=0x9999888877776666 dst=0x9999888877776666 session=41156734 seq=126 payload=014e01080000000004015f00d908654074007402d9086540d90800007e00740241d1f64afe25da560000000000000000000000000000000000000000000000000200030000000000000000000101
GATEWAY_COMMAND_EVENT GatewayCommandEvent(command_kind=1, stage=8, flags=0, attempt=0, command_status=0, reason=0, command_id=260, route_epoch=95, correlation_id=1080363225, gateway_sequence=41156724, host_session_id=1080363225, host_sequence=2265, event_sequence=41156734, anchor_id=6258356406294335809, pair_initiator_id=0, pair_responder_id=0, previous_hop_id=0, progress_count=2, total_count=3, success_count=0, failure_count=0, duplicate_count=0, lost_event_count=0, hop_count=1, discovery_slot=1)
BLE_HOST_RECEIPT type=0x56 src=0x9999888877776666 session=41156734 seq=126
BLE_CHUNK len=118 hex=475701280106010056047f007f00740266667777888899996666777788889999000000004e0072dd014e01080000000004015f00d908654074007402d9086540d90800007f00740207cbc8c619961a190000000000000000000000000000000000000000000000000300030000000000000000000102
BLE_PACKET type=0x56 src=0x9999888877776666 dst=0x9999888877776666 session=41156735 seq=127 payload=014e01080000000004015f00d908654074007402d9086540d90800007f00740207cbc8c619961a190000000000000000000000000000000000000000000000000300030000000000000000000102
GATEWAY_COMMAND_EVENT GatewayCommandEvent(command_kind=1, stage=8, flags=0, attempt=0, command_status=0, reason=0, command_id=260, route_epoch=95, correlation_id=1080363225, gateway_sequence=41156724, host_session_id=1080363225, host_sequence=2265, event_sequence=41156735, anchor_id=1808923237796072199, pair_initiator_id=0, pair_responder_id=0, previous_hop_id=0, progress_count=3, total_count=3, success_count=0, failure_count=0, duplicate_count=0, lost_event_count=0, hop_count=1, discovery_slot=2)
BLE_HOST_RECEIPT type=0x56 src=0x9999888877776666 session=41156735 seq=127
BLE_CHUNK len=118 hex=4757012801060100560482008200740266667777888899996666777788889999000000004e00831d014e01060000000004015f00d908654074007402d9086540d9080000820074020e3070b9aac08b700000000000000000000000000000000000000000000000000100030001000000000000000100
BLE_PACKET type=0x56 src=0x9999888877776666 dst=0x9999888877776666 session=41156738 seq=130 payload=014e01060000000004015f00d908654074007402d9086540d9080000820074020e3070b9aac08b700000000000000000000000000000000000000000000000000100030001000000000000000100
GATEWAY_COMMAND_EVENT GatewayCommandEvent(command_kind=1, stage=6, flags=0, attempt=0, command_status=0, reason=0, command_id=260, route_epoch=95, correlation_id=1080363225, gateway_sequence=41156724, host_session_id=1080363225, host_sequence=2265, event_sequence=41156738, anchor_id=8109787393498820622, pair_initiator_id=0, pair_responder_id=0, previous_hop_id=0, progress_count=1, total_count=3, success_count=1, failure_count=0, duplicate_count=0, lost_event_count=0, hop_count=1, discovery_slot=0)
BLE_HOST_RECEIPT type=0x56 src=0x9999888877776666 session=41156738 seq=130
BLE_CHUNK len=51 hex=47570128010201004104d908d908654066667777888899996666777788889999000000000b00eedb10020401110200001e0103
BLE_PACKET type=0x41 src=0x9999888877776666 dst=0x9999888877776666 session=1080363225 seq=2265 payload=10020401110200001e0103
BLE_HOST_RECEIPT type=0x41 src=0x9999888877776666 session=1080363225 seq=2265
BLE_CHUNK len=118 hex=4757012801060100560483008300740266667777888899996666777788889999000000004e00e62d014e01060000000004015f00d908654074007402d9086540d90800008300740241d1f64afe25da560000000000000000000000000000000000000000000000000200030001000000000000000101
BLE_PACKET type=0x56 src=0x9999888877776666 dst=0x9999888877776666 session=41156739 seq=131 payload=014e01060000000004015f00d908654074007402d9086540d90800008300740241d1f64afe25da560000000000000000000000000000000000000000000000000200030001000000000000000101
GATEWAY_COMMAND_EVENT GatewayCommandEvent(command_kind=1, stage=6, flags=0, attempt=0, command_status=0, reason=0, command_id=260, route_epoch=95, correlation_id=1080363225, gateway_sequence=41156724, host_session_id=1080363225, host_sequence=2265, event_sequence=41156739, anchor_id=6258356406294335809, pair_initiator_id=0, pair_responder_id=0, previous_hop_id=0, progress_count=2, total_count=3, success_count=1, failure_count=0, duplicate_count=0, lost_event_count=0, hop_count=1, discovery_slot=1)
BLE_HOST_RECEIPT type=0x56 src=0x9999888877776666 session=41156739 seq=131
BLE_CHUNK len=118 hex=4757012801060100560484008400740266667777888899996666777788889999000000004e0022da014e01060000000004015f00d908654074007402d9086540d90800008400740207cbc8c619961a190000000000000000000000000000000000000000000000000300030001000000000000000102
BLE_PACKET type=0x56 src=0x9999888877776666 dst=0x9999888877776666 session=41156740 seq=132 payload=014e01060000000004015f00d908654074007402d9086540d90800008400740207cbc8c619961a190000000000000000000000000000000000000000000000000300030001000000000000000102
GATEWAY_COMMAND_EVENT GatewayCommandEvent(command_kind=1, stage=6, flags=0, attempt=0, command_status=0, reason=0, command_id=260, route_epoch=95, correlation_id=1080363225, gateway_sequence=41156724, host_session_id=1080363225, host_sequence=2265, event_sequence=41156740, anchor_id=1808923237796072199, pair_initiator_id=0, pair_responder_id=0, previous_hop_id=0, progress_count=3, total_count=3, success_count=1, failure_count=0, duplicate_count=0, lost_event_count=0, hop_count=1, discovery_slot=2)
BLE_HOST_RECEIPT type=0x56 src=0x9999888877776666 session=41156740 seq=132
BLE_CHUNK len=118 hex=4757012801060100560485008500740266667777888899996666777788889999000000004e001504014e01070000000004015f00d908654074007402d9086540d908000085007402000000000000000000000000000000000000000000000000000000000000000003000300030000000000000000ff
BLE_PACKET type=0x56 src=0x9999888877776666 dst=0x9999888877776666 session=41156741 seq=133 payload=014e01070000000004015f00d908654074007402d9086540d908000085007402000000000000000000000000000000000000000000000000000000000000000003000300030000000000000000ff
GATEWAY_COMMAND_EVENT GatewayCommandEvent(command_kind=1, stage=7, flags=0, attempt=0, command_status=0, reason=0, command_id=260, route_epoch=95, correlation_id=1080363225, gateway_sequence=41156724, host_session_id=1080363225, host_sequence=2265, event_sequence=41156741, anchor_id=0, pair_initiator_id=0, pair_responder_id=0, previous_hop_id=0, progress_count=3, total_count=3, success_count=3, failure_count=0, duplicate_count=0, lost_event_count=0, hop_count=0, discovery_slot=255)
BLE_HOST_RECEIPT type=0x56 src=0x9999888877776666 session=41156741 seq=133
BLE_CHUNK len=118 hex=4757012801060100560486008600740266667777888899996666777788889999000000004e008f17014e01080001000004015f00d908654074007402d9086540d908000086007402000000000000000000000000000000000000000000000000000000000000000003000300000000000000000000ff
BLE_PACKET type=0x56 src=0x9999888877776666 dst=0x9999888877776666 session=41156742 seq=134 payload=014e01080001000004015f00d908654074007402d9086540d908000086007402000000000000000000000000000000000000000000000000000000000000000003000300000000000000000000ff
GATEWAY_COMMAND_EVENT GatewayCommandEvent(command_kind=1, stage=8, flags=0, attempt=1, command_status=0, reason=0, command_id=260, route_epoch=95, correlation_id=1080363225, gateway_sequence=41156724, host_session_id=1080363225, host_sequence=2265, event_sequence=41156742, anchor_id=0, pair_initiator_id=0, pair_responder_id=0, previous_hop_id=0, progress_count=3, total_count=3, success_count=0, failure_count=0, duplicate_count=0, lost_event_count=0, hop_count=0, discovery_slot=255)
BLE_CHUNK len=118 hex=4757012801060100560486008600740266667777888899996666777788889999000000004e008f17014e01080001000004015f00d908654074007402d9086540d908000086007402000000000000000000000000000000000000000000000000000000000000000003000300000000000000000000ff
BLE_PACKET type=0x56 src=0x9999888877776666 dst=0x9999888877776666 session=41156742 seq=134 payload=014e01080001000004015f00d908654074007402d9086540d908000086007402000000000000000000000000000000000000000000000000000000000000000003000300000000000000000000ff
GATEWAY_COMMAND_EVENT GatewayCommandEvent(command_kind=1, stage=8, flags=0, attempt=1, command_status=0, reason=0, command_id=260, route_epoch=95, correlation_id=1080363225, gateway_sequence=41156724, host_session_id=1080363225, host_sequence=2265, event_sequence=41156742, anchor_id=0, pair_initiator_id=0, pair_responder_id=0, previous_hop_id=0, progress_count=3, total_count=3, success_count=0, failure_count=0, duplicate_count=0, lost_event_count=0, hop_count=0, discovery_slot=255)
BLE_HOST_RECEIPT type=0x56 src=0x9999888877776666 session=41156742 seq=134
BLE_CHUNK len=118 hex=4757012801060000560487008700740266667777888899996666777788889999000000004e00813d014e010c0100000004015f00d908654074007402d9086540d908000087007402000000000000000000000000000000000000000000000000000000000000000003000300030000000000000000ff
BLE_PACKET type=0x56 src=0x9999888877776666 dst=0x9999888877776666 session=41156743 seq=135 payload=014e010c0100000004015f00d908654074007402d9086540d908000087007402000000000000000000000000000000000000000000000000000000000000000003000300030000000000000000ff
GATEWAY_COMMAND_EVENT GatewayCommandEvent(command_kind=1, stage=12, flags=1, attempt=0, command_status=0, reason=0, command_id=260, route_epoch=95, correlation_id=1080363225, gateway_sequence=41156724, host_session_id=1080363225, host_sequence=2265, event_sequence=41156743, anchor_id=0, pair_initiator_id=0, pair_responder_id=0, previous_hop_id=0, progress_count=3, total_count=3, success_count=3, failure_count=0, duplicate_count=0, lost_event_count=0, hop_count=0, discovery_slot=255)
BLE_CHUNK len=118 hex=4757012801060000560487008700740266667777888899996666777788889999000000004e00813d014e010c0100000004015f00d908654074007402d9086540d908000087007402000000000000000000000000000000000000000000000000000000000000000003000300030000000000000000ff
BLE_PACKET type=0x56 src=0x9999888877776666 dst=0x9999888877776666 session=41156743 seq=135 payload=014e010c0100000004015f00d908654074007402d9086540d908000087007402000000000000000000000000000000000000000000000000000000000000000003000300030000000000000000ff
GATEWAY_COMMAND_EVENT GatewayCommandEvent(command_kind=1, stage=12, flags=1, attempt=0, command_status=0, reason=0, command_id=260, route_epoch=95, correlation_id=1080363225, gateway_sequence=41156724, host_session_id=1080363225, host_sequence=2265, event_sequence=41156743, anchor_id=0, pair_initiator_id=0, pair_responder_id=0, previous_hop_id=0, progress_count=3, total_count=3, success_count=3, failure_count=0, duplicate_count=0, lost_event_count=0, hop_count=0, discovery_slot=255)
BLE_HOST_RECEIPT type=0x56 src=0x9999888877776666 session=41156743 seq=135
HERE_I_AM_REACHABILITY_QUALIFICATION_OK anchors=3 direct=3 multihop=0 retries=0
BLE_COMPLETE packets=25
