[34m0000507[0m [36mI[0m Target type is nrf52833 [2m[board][0m
[34m0000528[0m [36mI[0m Performing connect pre-reset [2m[coresight_target][0m
[34m0000779[0m [36mI[0m DAP is not accessible after reset; attempting reconnect [2m[dap][0m
[34m0000886[0m [36mI[0m DP IDR = 0x2ba01477 (v1 rev2) [2m[dap][0m
[34m0000892[0m [36mI[0m AHB-AP#0 IDR = 0x24770011 (AHB-AP var1 rev2) [2m[discovery][0m
[34m0000893[0m [36mI[0m AP#1 IDR = 0x02880000 (AP var0 rev0) [2m[discovery][0m
[34m0000894[0m [36mI[0m NRF52833 not in secure state [2m[target_nRF52][0m
[34m0000897[0m [36mI[0m AHB-AP#0 Class 0x1 ROM table #0 @ 0xe00ff000 (designer=244 part=00d) [2m[rom_table][0m
[34m0000900[0m [36mI[0m [0]<e000e000:SCS v7-M class=14 designer=43b:Arm part=00c> [2m[rom_table][0m
[34m0000901[0m [36mI[0m [1]<e0001000:DWT v7-M class=14 designer=43b:Arm part=002> [2m[rom_table][0m
[34m0000903[0m [36mI[0m [2]<e0002000:FPB v7-M class=14 designer=43b:Arm part=003> [2m[rom_table][0m
[34m0000904[0m [36mI[0m [3]<e0000000:ITM v7-M class=14 designer=43b:Arm part=001> [2m[rom_table][0m
[34m0000907[0m [36mI[0m [4]<e0040000:TPIU M4 class=9 designer=43b:Arm part=9a1 devtype=11 archid=0000 devid=ca1:0:0> [2m[rom_table][0m
[34m0000909[0m [36mI[0m [5]<e0041000:ETM M4 class=9 designer=43b:Arm part=925 devtype=13 archid=0000 devid=0:0:0> [2m[rom_table][0m
[34m0000913[0m [36mI[0m CPU core #0: Cortex-M4 r0p1, v7.0-M architecture [2m[cortex_m][0m
[34m0000913[0m [36mI[0m   Extensions: [DSP, FPU, FPU_V4, MPU] [2m[cortex_m][0m
[34m0000913[0m [36mI[0m   FPU present: FPv4-SP-D16-M [2m[cortex_m][0m
[34m0000915[0m [36mI[0m This appears to be an nRF52833 AA B0 [2m[target_nRF52][0m
[34m0000920[0m [36mI[0m 4 hardware watchpoints [2m[dwt][0m
[34m0000921[0m [36mI[0m 6 hardware breakpoints, 4 literal comparators [2m[fpb][0m
[34m0000945[0m [36mI[0m 3 up channels and 3 down channels found [2m[rtt_cmd][0m
[34m0000945[0m [36mI[0m Reading from up channel 0 ("Terminal") [2m[rtt_cmd][0m
[34m0000947[0m [36mI[0m Writing to down channel 0 ("Terminal") [2m[rtt_cmd][0m
DBG_STACK_BOOT preset=mesh_gateway build=imec-stack-v1:mesh_gateway:ef598760ad091ed9f2e45293a9190a0b9065f1b7e09bf81faefd77bbb228b932 epoch=12572237144906090616 uptime=2
mesh node identity: ficr=0xeefc9670907f2ef7 node=0x9999888877776666 preset=mesh_gateway
DBG_LED_SELFTEST_CH5_RX
DBG_DIRECT_GW_PROBE_BOOT resetreas=0x00000000 phase=none
DBG_NODE_COMM_BOOT stage=init ret=0 running=1 uptime=1011
DBG_GATEWAY_BOOT stage=ble_begin uptime=1019
DBG_GATEWAY_BLE stage=entry enabled=1 uptime=1019
DBG_GATEWAY_BLE stage=bt_enable ret=0 uptime=1025
DBG_GATEWAY_BLE stage=adv_start ret=0 active=1 quiet=0 uptime=1027
DBG_GATEWAY_BOOT stage=ble_done ret=0 uptime=1027
DBG_GATEWAY_BOOT stage=ch9_begin uptime=1027
DBG_GATEWAY_RX_START reason=gateway startup active=1 qrx=0 qtx=0 adv_due=0
DBG_GATEWAY_BOOT stage=ch9_done ret=0 uptime=1027
DBG_COORD state=gateway-rx owner=uwb-rx reason=gateway-rx rx=0 tx=0 relay=0 route=0 ack=0 qack=0
DBG_DWM_INVALIDATE tag=configure_radio_from_reset active_phy=0 configured=0 awake=0
DBG_GATEWAY_CH9_RX_CONT_RESULT start=174581 end=175082 ret=-116 fail=0 status=0x00000000 len=0 frames=0
DBG_GATEWAY_CH9_RX_CONT_ARM now=175084 rem=500 frames=0 errors=0
DBG_GATEWAY_CH9_RX_CONT_RESULT start=175084 end=175585 ret=-116 fail=0 status=0x00000000 len=0 frames=0
DBG_GATEWAY_CH9_RX_CONT_ARM now=175587 rem=500 frames=0 errors=0
DBG_GATEWAY_CH9_RX_CONT_RESULT start=175587 end=176088 ret=-116 fail=0 status=0x00000000 len=0 frames=0
DBG_GATEWAY_CH9_RX_CONT_ARM now=176090 rem=500 frames=0 errors=0
DBG_GATEWAY_CH9_RX_CONT_RESULT start=176090 end=176591 ret=-116 fail=0 status=0x00000000 len=0 frames=0
DBG_GATEWAY_CH9_RX_CONT_ARM now=176593 rem=500 frames=0 errors=0
DBG_GATEWAY_CH9_RX_CONT_RESULT start=176593 end=177094 ret=-116 fail=0 status=0x00000000 len=0 frames=0
DBG_GATEWAY_CH9_RX_CONT_ARM now=177096 rem=500 frames=0 errors=0
DBG_GATEWAY_CH9_RX_CONT_RESULT start=177096 end=177597 ret=-116 fail=0 status=0x00000000 len=0 frames=0
DBG_GATEWAY_CH9_RX_CONT_ARM now=177599 rem=500 frames=0 errors=0
DBG_GATEWAY_CH9_RX_CONT_RESULT start=177599 end=178100 ret=-116 fail=0 status=0x00000000 len=0 frames=0
DBG_GATEWAY_CH9_RX_CONT_ARM now=178102 rem=500 frames=0 errors=0
DBG_GATEWAY_CH9_RX_CONT_RESULT start=178102 end=178603 ret=-116 fail=0 status=0x00000000 len=0 frames=0
DBG_GATEWAY_CH9_RX_CONT_ARM now=178605 rem=500 frames=0 errors=0
DBG_GATEWAY_CH9_RX_CONT_RESULT start=178605 end=179106 ret=-116 fail=0 status=0x00000000 len=0 frames=0
DBG_GATEWAY_CH9_RX_CONT_ARM now=179108 rem=500 frames=0 errors=0
DBG_GATEWAY_CH9_RX_CONT_RESULT start=179108 end=179609 ret=-116 fail=0 status=0x00000000 len=0 frames=0
DBG_GATEWAY_CH9_RX_CONT_ARM now=179611 rem=500 frames=0 errors=0
DBG_GATEWAY_CH9_RX_CONT_RESULT start=179611 end=180112 ret=-116 fail=0 status=0x00000000 len=0 frames=0
DBG_GATEWAY_CH9_RX_CONT_ARM now=180114 rem=500 frames=0 errors=0
DBG_GATEWAY_CH9_RX_CONT_RESULT start=180114 end=180615 ret=-116 fail=0 status=0x00000000 len=0 frames=0
DBG_GATEWAY_CH9_RX_CONT_ARM now=180617 rem=500 frames=0 errors=0
DBG_GATEWAY_CH9_RX_CONT_RESULT start=180617 end=181118 ret=-116 fail=0 status=0x00000000 len=0 frames=0
DBG_GATEWAY_CH9_RX_CONT_ARM now=181120 rem=500 frames=0 errors=0
DBG_GATEWAY_CH9_RX_CONT_RESULT start=181120 end=181621 ret=-116 fail=0 status=0x00000000 len=0 frames=0
DBG_GATEWAY_CH9_RX_CONT_ARM now=181623 rem=500 frames=0 errors=0
DBG_GATEWAY_CH9_RX_CONT_RESULT start=181623 end=182124 ret=-116 fail=0 status=0x00000000 len=0 frames=0
DBG_GATEWAY_CH9_RX_CONT_ARM now=182126 rem=500 frames=0 errors=0
DBG_GATEWAY_CH9_RX_CONT_RESULT start=182126 end=182627 ret=-116 fail=0 status=0x00000000 len=0 frames=0
DBG_GATEWAY_CH9_RX_CONT_ARM now=182629 rem=500 frames=0 errors=0
DBG_GATEWAY_CH9_RX_CONT_RESULT start=182629 end=183130 ret=-116 fail=0 status=0x00000000 len=0 frames=0
DBG_GATEWAY_CH9_RX_CONT_ARM now=183132 rem=500 frames=0 errors=0
DBG_GATEWAY_CH9_RX_CONT_RESULT start=183132 end=183633 ret=-116 fail=0 status=0x00000000 len=0 frames=0
DBG_GATEWAY_CH9_RX_CONT_ARM now=183635 rem=500 frames=0 errors=0
DBG_GATEWAY_CH9_RX_CONT_RESULT start=183635 end=184136 ret=-116 fail=0 status=0x00000000 len=0 frames=0
DBG_GATEWAY_CH9_RX_CONT_ARM now=184138 rem=500 frames=0 errors=0
DBG_GATEWAY_CH9_RX_CONT_RESULT start=184138 end=184639 ret=-116 fail=0 status=0x00000000 len=0 frames=0
DBG_GATEWAY_CH9_RX_CONT_ARM now=184641 rem=500 frames=0 errors=0
DBG_GATEWAY_CH9_RX_CONT_RESULT start=184641 end=185142 ret=-116 fail=0 status=0x00000000 len=0 frames=0
DBG_GATEWAY_CH9_RX_CONT_ARM now=185144 rem=500 frames=0 errors=0
DBG_GATEWAY_CH9_RX_CONT_RESULT start=185144 end=185645 ret=-116 fail=0 status=0x00000000 len=0 frames=0
DBG_GATEWAY_CH9_RX_CONT_ARM now=185647 rem=500 frames=0 errors=0
DBG_GATEWAY_CH9_RX_CONT_RESULT start=185647 end=186148 ret=-116 fail=0 status=0x00000000 len=0 frames=0
DBG_GATEWAY_CH9_RX_CONT_ARM now=186150 rem=500 frames=0 errors=0
DBG_GATEWAY_CH9_RX_CONT_RESULT start=186150 end=186651 ret=-116 fail=0 status=0x00000000 len=0 frames=0
DBG_GATEWAY_CH9_RX_CONT_ARM now=186653 rem=500 frames=0 errors=0
DBG_GATEWAY_CH9_RX_CONT_RESULT start=186653 end=187154 ret=-116 fail=0 status=0x00000000 len=0 frames=0
DBG_GATEWAY_CH9_RX_CONT_ARM now=187156 rem=500 frames=0 errors=0
DBG_GATEWAY_CH9_RX_CONT_RESULT start=187156 end=187657 ret=-116 fail=0 status=0x00000000 len=0 frames=0
DBG_GATEWAY_CH9_RX_CONT_ARM now=187659 rem=500 frames=0 errors=0
DBG_GATEWAY_CH9_RX_CONT_RESULT start=187659 end=188160 ret=-116 fail=0 status=0x00000000 len=0 frames=0
DBG_GATEWAY_CH9_RX_CONT_ARM now=188162 rem=500 frames=0 errors=0
DBG_GATEWAY_CH9_RX_CONT_RESULT start=188162 end=188663 ret=-116 fail=0 status=0x00000000 len=0 frames=0
DBG_GATEWAY_CH9_RX_CONT_ARM now=188665 rem=500 frames=0 errors=0
DBG_GATEWAY_CH9_RX_CONT_RESULT start=188665 end=189166 ret=-116 fail=0 status=0x00000000 len=0 frames=0
DBG_GATEWAY_CH9_RX_CONT_ARM now=189168 rem=500 frames=0 errors=0
DBG_GATEWAY_CH9_RX_CONT_RESULT start=189168 end=189669 ret=-116 fail=0 status=0x00000000 len=0 frames=0
DBG_GATEWAY_CH9_RX_CONT_ARM now=189671 rem=500 frames=0 errors=0
DBG_GATEWAY_CH9_RX_CONT_RESULT start=189671 end=190172 ret=-116 fail=0 status=0x00000000 len=0 frames=0
DBG_GATEWAY_CH9_RX_CONT_ARM now=190174 rem=500 frames=0 errors=0
DBG_GATEWAY_CH9_RX_CONT_RESULT start=190174 end=190675 ret=-116 fail=0 status=0x00000000 len=0 frames=0
DBG_GATEWAY_CH9_RX_CONT_ARM now=190677 rem=500 frames=0 errors=0
DBG_GATEWAY_CH9_RX_CONT_RESULT start=190677 end=191178 ret=-116 fail=0 status=0x00000000 len=0 frames=0
DBG_GATEWAY_CH9_RX_CONT_ARM now=191180 rem=500 frames=0 errors=0
DBG_GATEWAY_CH9_RX_CONT_RESULT start=191180 end=191681 ret=-116 fail=0 status=0x00000000 len=0 frames=0
DBG_GATEWAY_CH9_RX_CONT_ARM now=191683 rem=500 frames=0 errors=0
DBG_GATEWAY_CH9_RX_CONT_RESULT start=191683 end=192184 ret=-116 fail=0 status=0x00000000 len=0 frames=0
DBG_GATEWAY_CH9_RX_CONT_ARM now=192186 rem=500 frames=0 errors=0
DBG_GATEWAY_CH9_RX_CONT_RESULT start=192186 end=192687 ret=-116 fail=0 status=0x00000000 len=0 frames=0
DBG_GATEWAY_CH9_RX_CONT_ARM now=192689 rem=500 frames=0 errors=0
DBG_GATEWAY_CH9_RX_CONT_RESULT start=192689 end=193190 ret=-116 fail=0 status=0x00000000 len=0 frames=0
DBG_GATEWAY_CH9_RX_CONT_ARM now=193192 rem=500 frames=0 errors=0
DBG_GATEWAY_CH9_RX_CONT_RESULT start=193192 end=193693 ret=-116 fail=0 status=0x00000000 len=0 frames=0
DBG_GATEWAY_CH9_RX_CONT_ARM now=193695 rem=500 frames=0 errors=0
DBG_GATEWAY_CH9_RX_CONT_RESULT start=193695 end=194196 ret=-116 fail=0 status=0x00000000 len=0 frames=0
DBG_GATEWAY_CH9_RX_CONT_ARM now=194198 rem=500 frames=0 errors=0
DBG_GATEWAY_CH9_RX_CONT_RESULT start=194198 end=194699 ret=-116 fail=0 status=0x00000000 len=0 frames=0
DBG_GATEWAY_CH9_RX_CONT_ARM now=194701 rem=500 frames=0 errors=0
DBG_GATEWAY_CH9_RX_CONT_RESULT start=194701 end=195202 ret=-116 fail=0 status=0x00000000 len=0 frames=0
DBG_GATEWAY_CH9_RX_CONT_ARM now=195204 rem=500 frames=0 errors=0
DBG_GATEWAY_CH9_RX_CONT_RESULT start=195204 end=195705 ret=-116 fail=0 status=0x00000000 len=0 frames=0
DBG_GATEWAY_CH9_RX_CONT_ARM now=195707 rem=500 frames=0 errors=0
DBG_GATEWAY_CH9_RX_CONT_RESULT start=195707 end=196208 ret=-116 fail=0 status=0x00000000 len=0 frames=0
DBG_GATEWAY_CH9_RX_CONT_ARM now=196210 rem=500 frames=0 errors=0
DBG_GATEWAY_CH9_RX_CONT_RESULT start=196210 end=196711 ret=-116 fail=0 status=0x00000000 len=0 frames=0
DBG_GATEWAY_CH9_RX_CONT_ARM now=196713 rem=500 frames=0 errors=0
DBG_GATEWAY_CH9_RX_CONT_RESULT start=196713 end=197214 ret=-116 fail=0 status=0x00000000 len=0 frames=0
DBG_GATEWAY_CH9_RX_CONT_ARM now=197216 rem=500 frames=0 errors=0
DBG_GATEWAY_CH9_RX_CONT_RESULT start=197216 end=197717 ret=-116 fail=0 status=0x00000000 len=0 frames=0
DBG_GATEWAY_CH9_RX_CONT_ARM now=197719 rem=500 frames=0 errors=0
DBG_GATEWAY_CH9_RX_CONT_RESULT start=197719 end=198220 ret=-116 fail=0 status=0x00000000 len=0 frames=0
DBG_GATEWAY_CH9_RX_CONT_ARM now=198222 rem=500 frames=0 errors=0
DBG_GATEWAY_CH9_RX_CONT_RESULT start=198222 end=198723 ret=-116 fail=0 status=0x00000000 len=0 frames=0
DBG_GATEWAY_CH9_RX_CONT_ARM now=198725 rem=500 frames=0 errors=0
DBG_GATEWAY_CH9_RX_CONT_RESULT start=198725 end=199226 ret=-116 fail=0 status=0x00000000 len=0 frames=0
DBG_GATEWAY_CH9_RX_CONT_ARM now=199228 rem=500 frames=0 errors=0
DBG_GATEWAY_CH9_RX_CONT_RESULT start=199228 end=199729 ret=-116 fail=0 status=0x00000000 len=0 frames=0
DBG_GATEWAY_CH9_RX_CONT_ARM now=199731 rem=500 frames=0 errors=0
DBG_GATEWAY_CH9_RX_CONT_RESULT start=199731 end=200232 ret=-116 fail=0 status=0x00000000 len=0 frames=0
DBG_GATEWAY_CH9_RX_CONT_ARM now=200234 rem=500 frames=0 errors=0
DBG_GATEWAY_CH9_RX_CONT_RESULT start=200234 end=200735 ret=-116 fail=0 status=0x00000000 len=0 frames=0
DBG_GATEWAY_CH9_RX_CONT_ARM now=200737 rem=500 frames=0 errors=0
DBG_GATEWAY_CH9_RX_CONT_RESULT start=200737 end=201238 ret=-116 fail=0 status=0x00000000 len=0 frames=0
DBG_GATEWAY_CH9_RX_CONT_ARM now=201240 rem=500 frames=0 errors=0
DBG_GATEWAY_CH9_RX_CONT_RESULT start=201240 end=201741 ret=-116 fail=0 status=0x00000000 len=0 frames=0
DBG_GATEWAY_CH9_RX_CONT_ARM now=201743 rem=500 frames=0 errors=0
DBG_GATEWAY_CH9_RX_CONT_RESULT start=201743 end=202244 ret=-116 fail=0 status=0x00000000 len=0 frames=0
DBG_GATEWAY_CH9_RX_CONT_ARM now=202246 rem=500 frames=0 errors=0
DBG_GATEWAY_CH9_RX_CONT_RESULT start=202246 end=202747 ret=-116 fail=0 status=0x00000000 len=0 frames=0
DBG_GATEWAY_CH9_RX_CONT_ARM now=202749 rem=500 frames=0 errors=0
DBG_GATEWAY_CH9_RX_CONT_RESULT start=202749 end=203250 ret=-116 fail=0 status=0x00000000 len=0 frames=0
DBG_GATEWAY_CH9_RX_CONT_ARM now=203252 rem=500 frames=0 errors=0
DBG_GATEWAY_CH9_RX_CONT_RESULT start=203252 end=203753 ret=-116 fail=0 status=0x00000000 len=0 frames=0
DBG_GATEWAY_CH9_RX_CONT_ARM now=203755 rem=500 frames=0 errors=0
DBG_GATEWAY_CH9_RX_CONT_RESULT start=203755 end=204256 ret=-116 fail=0 status=0x00000000 len=0 frames=0
DBG_GATEWAY_CH9_RX_CONT_ARM now=204258 rem=500 frames=0 errors=0
DBG_GATEWAY_CH9_RX_CONT_RESULT start=204258 end=204759 ret=-116 fail=0 status=0x00000000 len=0 frames=0
DBG_GATEWAY_CH9_RX_CONT_ARM now=204761 rem=500 frames=0 errors=0
DBG_GATEWAY_CH9_RX_CONT_RESULT start=204761 end=205262 ret=-116 fail=0 status=0x00000000 len=0 frames=0
DBG_GATEWAY_CH9_RX_CONT_ARM now=205264 rem=500 frames=0 errors=0
DBG_GATEWAY_CH9_RX_CONT_RESULT start=205264 end=205765 ret=-116 fail=0 status=0x00000000 len=0 frames=0
DBG_GATEWAY_CH9_RX_CONT_ARM now=205767 rem=500 frames=0 errors=0
DBG_GATEWAY_CH9_RX_CONT_RESULT start=205767 end=206268 ret=-116 fail=0 status=0x00000000 len=0 frames=0
DBG_GATEWAY_CH9_RX_CONT_ARM now=206270 rem=500 frames=0 errors=0
DBG_GATEWAY_BLE event=connected err=0 uptime=206680
DBG_GATEWAY_BLE event=param-request ret=0 interval=24-40 latency=0 timeout_ms=12000 uptime=206680
DBG_GATEWAY_CH9_RX_CONT_RESULT start=206270 end=206771 ret=-116 fail=0 status=0x00000000 len=0 frames=0
DBG_GATEWAY_CH9_RX_CONT_ARM now=206773 rem=500 frames=0 errors=0
DBG_GATEWAY_CH9_RX_CONT_RESULT start=206773 end=207274 ret=-116 fail=0 status=0x00000000 len=0 frames=0
DBG_GATEWAY_CH9_RX_CONT_ARM now=207276 rem=500 frames=0 errors=0
DBG_GATEWAY_CH9_RX_CONT_RESULT start=207276 end=207777 ret=-116 fail=0 status=0x00000000 len=0 frames=0
DBG_GATEWAY_CH9_RX_CONT_ARM now=207779 rem=500 frames=0 errors=0
DBG_GATEWAY_CH9_RX_CONT_RESULT start=207779 end=208280 ret=-116 fail=0 status=0x00000000 len=0 frames=0
DBG_GATEWAY_CH9_RX_CONT_ARM now=208282 rem=500 frames=0 errors=0
DBG_GATEWAY_BLE event=param-updated interval=36 latency=0 timeout_ms=420 uptime=208592
DBG_GATEWAY_COMMAND_PRIORITY_SUBMIT ret=0 now=208684
DBG_STACK_RUN_BEGIN epoch=12572237144906090616 run=1 kind=ble_backpressure owner=system_workqueue queue=1 custody=1 credit=0 retry=0 drain=1 src=11068027678940948070 dst=11068027678940948070 session=47185921 seq=1 type=86 sequence=0 previous=0 uptime=208684
DBG_STACK_SAMPLE_BEGIN epoch=12572237144906090616 run=1 sample=1 kind=ble_backpressure owner=system_workqueue queue=1 custody=1 credit=0 retry=0 drain=1 src=11068027678940948070 dst=11068027678940948070 session=47185921 seq=1 type=86 uptime=208684
DBG_STACK_ISR_CONFIG size=8192 run=1 sample=1
DBG_STACK name=BT RX WQ tid=0x2000fe28 used=760 free=776 size=1536 ret=0 run=1 sample=1
DBG_STACK name=mesh_route tid=0x2000d560 used=2272 free=5920 size=8192 ret=0 run=1 sample=1
DBG_STACK name=sysworkq tid=0x20010d80 used=2304 free=2176 size=4480 ret=0 run=1 sample=1
DBG_STACK name=MPSL Work tid=0x20010b38 used=360 free=664 size=1024 ret=0 run=1 sample=1
DBG_STACK name=logging tid=0x2000f930 used=480 free=1568 size=2048 ret=0 run=1 sample=1
DBG_STACK name=idle tid=0x20010c10 used=64 free=256 size=320 ret=0 run=1 sample=1
DBG_STACK_SAMPLE_END run=1 sample=1
DBG_STACK_RUN_END epoch=12572237144906090616 run=1 kind=ble_backpressure owner=system_workqueue outcome=ack queue=2 custody=0 credit=1 retry=0 drain=2 src=11068027678940948070 dst=11068027678940948070 session=47185921 seq=1 type=86 samples=1 sequence=0 previous=0 uptime=208704
DBG_DWM_MARK_UNCONFIGURED tag=initialise_radio prev_phy=0
DBG_WAKE_TRAIN_CONFIG_BEGIN
DBG_DWM_INVALIDATE tag=configure_radio_from_reset active_phy=2 configured=1 awake=0
DBG_DWM_MARK_UNCONFIGURED tag=initialise_radio prev_phy=0
DBG_WAKE_TRAIN_CONFIG_OK
DBG_WAKE_TRAIN_FIRST_SEND_BEGIN
DBG_WAKE_TRAIN_FIRST_SEND_OK
DBG_UWB_TX_CH5
DBG_TX_WAKE_CLAIM_SENT
DBG_UWB_TX_CH5
DBG_TX_WAKE_CLAIM_SENT
DBG_STACK_RUN_BEGIN epoch=12572237144906090616 run=2 kind=ble_backpressure owner=system_workqueue queue=1 custody=1 credit=0 retry=0 drain=1 src=11068027678940948070 dst=11068027678940948070 session=47185922 seq=2 type=86 sequence=0 previous=0 uptime=208774
DBG_STACK_SAMPLE_BEGIN epoch=12572237144906090616 run=2 sample=2 kind=ble_backpressure owner=system_workqueue queue=1 custody=1 credit=0 retry=0 drain=1 src=11068027678940948070 dst=11068027678940948070 session=47185922 seq=2 type=86 uptime=208774
DBG_STACK_ISR_CONFIG size=8192 run=2 sample=2
DBG_STACK name=BT RX WQ tid=0x2000fe28 used=760 free=776 size=1536 ret=0 run=2 sample=2
DBG_STACK name=mesh_route tid=0x2000d560 used=2272 free=5920 size=8192 ret=0 run=2 sample=2
DBG_STACK name=sysworkq tid=0x20010d80 used=2304 free=2176 size=4480 ret=0 run=2 sample=2
DBG_STACK name=MPSL Work tid=0x20010b38 used=360 free=664 size=1024 ret=0 run=2 sample=2
DBG_STACK name=logging tid=0x2000f930 used=480 free=1568 size=2048 ret=0 run=2 sample=2
DBG_STACK name=idle tid=0x20010c10 used=64 free=256 size=320 ret=0 run=2 sample=2
DBG_STACK_SAMPLE_END run=2 sample=2
DBG_STACK_RUN_END epoch=12572237144906090616 run=2 kind=ble_backpressure owner=system_workqueue outcome=ack queue=1 custody=0 credit=1 retry=0 drain=1 src=11068027678940948070 dst=11068027678940948070 session=47185922 seq=2 type=86 samples=1 sequence=0 previous=0 uptime=208800
DBG_UWB_TX_CH5
DBG_TX_WAKE_CLAIM_SENT
DBG_UWB_TX_CH5
DBG_TX_WAKE_CLAIM_SENT
DBG_UWB_TX_CH5
DBG_TX_WAKE_CLAIM_SENT
DBG_UWB_TX_CH5
DBG_TX_WAKE_CLAIM_SENT
DBG_UWB_TX_CH5
DBG_TX_WAKE_CLAIM_SENT
DBG_UWB_TX_CH5
DBG_TX_WAKE_CLAIM_SENT
DBG_UWB_TX_CH5
DBG_TX_WAKE_CLAIM_SENT
DBG_UWB_TX_CH5
DBG_TX_WAKE_CLAIM_SENT
DBG_UWB_TX_CH5
DBG_TX_WAKE_CLAIM_SENT
DBG_UWB_TX_CH5
DBG_TX_WAKE_CLAIM_SENT
DBG_UWB_TX_CH5
DBG_TX_WAKE_CLAIM_SENT
DBG_UWB_TX_CH5
DBG_TX_WAKE_CLAIM_SENT
DBG_UWB_TX_CH5
DBG_TX_WAKE_CLAIM_SENT
DBG_UWB_TX_CH5
DBG_TX_WAKE_CLAIM_SENT
DBG_UWB_TX_CH5
DBG_TX_WAKE_CLAIM_SENT
DBG_UWB_TX_CH5
DBG_TX_WAKE_CLAIM_SENT
DBG_UWB_TX_CH5
DBG_TX_WAKE_CLAIM_SENT
DBG_UWB_TX_CH5
DBG_TX_WAKE_CLAIM_SENT
DBG_UWB_TX_CH5
DBG_TX_WAKE_CLAIM_SENT
DBG_UWB_TX_CH5
DBG_TX_WAKE_CLAIM_SENT
DBG_UWB_TX_CH5
DBG_TX_WAKE_CLAIM_SENT
DBG_UWB_TX_CH5
DBG_TX_WAKE_CLAIM_SENT
DBG_UWB_TX_CH5
DBG_TX_WAKE_CLAIM_SENT
DBG_UWB_TX_CH5
DBG_TX_WAKE_CLAIM_SENT
DBG_UWB_TX_CH5
DBG_TX_WAKE_CLAIM_SENT
DBG_UWB_TX_CH5
DBG_TX_WAKE_CLAIM_SENT
DBG_UWB_TX_CH5
DBG_TX_WAKE_CLAIM_SENT
DBG_UWB_TX_CH5
DBG_TX_WAKE_CLAIM_SENT
DBG_UWB_TX_CH5
DBG_TX_WAKE_CLAIM_SENT
DBG_UWB_TX_CH5
DBG_TX_WAKE_CLAIM_SENT
DBG_UWB_TX_CH5
DBG_TX_WAKE_CLAIM_SENT
DBG_UWB_TX_CH5
DBG_TX_WAKE_CLAIM_SENT
DBG_UWB_TX_CH5
DBG_TX_WAKE_CLAIM_SENT
DBG_UWB_TX_CH5
DBG_TX_WAKE_CLAIM_SENT
DBG_UWB_TX_CH5
DBG_TX_WAKE_CLAIM_SENT
DBG_UWB_TX_CH5
DBG_TX_WAKE_CLAIM_SENT
DBG_UWB_TX_CH5
DBG_TX_WAKE_CLAIM_SENT
DBG_UWB_TX_CH5
DBG_TX_WAKE_CLAIM_SENT
DBG_UWB_TX_CH5
DBG_TX_WAKE_CLAIM_SENT
DBG_UWB_TX_CH5
DBG_TX_WAKE_CLAIM_SENT
DBG_UWB_TX_CH5
DBG_TX_WAKE_CLAIM_SENT
DBG_UWB_TX_CH5
DBG_TX_WAKE_CLAIM_SENT
DBG_UWB_TX_CH5
DBG_TX_WAKE_CLAIM_SENT
DBG_UWB_TX_CH5
DBG_TX_WAKE_CLAIM_SENT
DBG_UWB_TX_CH5
DBG_TX_WAKE_CLAIM_SENT
DBG_UWB_TX_CH5
DBG_TX_WAKE_CLAIM_SENT
DBG_UWB_TX_CH5
DBG_TX_WAKE_CLAIM_SENT
DBG_UWB_TX_CH5
DBG_TX_WAKE_CLAIM_SENT
DBG_UWB_TX_CH5
DBG_TX_WAKE_CLAIM_SENT
DBG_UWB_TX_CH5
DBG_TX_WAKE_CLAIM_SENT
DBG_UWB_TX_CH5
DBG_TX_WAKE_CLAIM_SENT
DBG_UWB_TX_CH5
DBG_TX_WAKE_CLAIM_SENT
DBG_UWB_TX_CH5
DBG_TX_WAKE_CLAIM_SENT
DBG_UWB_TX_CH5
DBG_TX_WAKE_CLAIM_SENT
DBG_UWB_TX_CH5
DBG_TX_WAKE_CLAIM_SENT
DBG_UWB_TX_CH5
DBG_TX_WAKE_CLAIM_SENT
DBG_DWM_INVALIDATE tag=configure_radio_from_reset active_phy=2 configured=1 awake=1
DBG_DWM_MARK_UNCONFIGURED tag=initialise_radio prev_phy=0
DBG_DWM_INVALIDATE tag=configure_radio_from_reset active_phy=2 configured=1 awake=0
DBG_DWM_MARK_UNCONFIGURED tag=initialise_radio prev_phy=0
DBG_DWM_INVALIDATE tag=configure_radio_from_reset active_phy=2 configured=1 awake=0
DBG_DWM_MARK_UNCONFIGURED tag=initialise_radio prev_phy=0
DBG_DWM_WAKE_MESH_CTRL_OK sfd=4073
DBG_C5_TX_CONFIG ret=0 ext=1 len=178 msg=3c reason=bounded-c5-flood
DBG_UWB_TX_CH5
DBG_DWM_INVALIDATE tag=configure_radio_from_reset active_phy=4 configured=1 awake=0
DBG_DWM_MARK_UNCONFIGURED tag=initialise_radio prev_phy=0
DBG_DWM_WAKE_MESH_CTRL_OK sfd=4073
DBG_DWM_INVALIDATE tag=configure_radio_from_reset active_phy=4 configured=1 awake=0
DBG_DWM_MARK_UNCONFIGURED tag=initialise_radio prev_phy=0
DBG_DWM_INVALIDATE tag=configure_radio_from_reset active_phy=2 configured=1 awake=0
DBG_DWM_MARK_UNCONFIGURED tag=initialise_radio prev_phy=0
DBG_DWM_WAKE_MESH_CTRL_OK sfd=4073
DBG_C5_TX_CONFIG ret=0 ext=1 len=178 msg=3c reason=bounded-c5-flood
DBG_UWB_TX_CH5
DBG_DWM_INVALIDATE tag=configure_radio_from_reset active_phy=4 configured=1 awake=0
DBG_DWM_MARK_UNCONFIGURED tag=initialise_radio prev_phy=0
DBG_DWM_WAKE_MESH_CTRL_OK sfd=4073
DBG_GATEWAY_RX_DECODE ch=5 msg=0x3c src=0x9999888877776666 dst=0x0 prev=0x56da25fe4af6d141 seq=2 flags=0x00 plen=125 q=100
DBG_UWB_RX_CH5
DBG_MESH_RX_QUEUED ch=5 msg=0x3c src=0x9999888877776666 dst=0x0 prev=0x56da25fe4af6d141 seq=2 q=1
DBG_ROUTE_ADV_QUEUED q=1 prev=0x56da25fe4af6d141 seq=2
DBG_MESH_RX_DEFERRED q=1 msg=0x3c
DBG_C5_FLOOD_DELAY_RX_YIELD queued=1 q=1 rem=40
DBG_GATEWAY_RX_START reason=gateway mesh restart active=1 qrx=1 qtx=0 adv_due=0
DBG_MESH_RX_WORK_WAIT q=1
DBG_MESH_RX_WORK_ENTER q=1
DBG_MESH_RX_DRAIN_ENTER owner=work q=1
DBG_MESH_RX_DRAIN_EXIT owner=work handled=0 q=0
DBG_MESH_RX_WORK_EXIT handled=0 q=0
DBG_COORD state=gateway-rx owner=uwb-rx reason=gateway-rx rx=0 tx=0 relay=0 route=0 ack=0 qack=0
DBG_GATEWAY_CH9_RX_CONT_CAP now=209432 win=9 adv_wait=9 due=209441
DBG_DWM_INVALIDATE tag=configure_radio_from_reset active_phy=4 configured=1 awake=1
DBG_DWM_MARK_UNCONFIGURED tag=initialise_radio prev_phy=0
DBG_GATEWAY_CH9_RX_CONT_ARM now=209458 rem=9 frames=0 errors=0
DBG_GATEWAY_CH9_RX_CONT_RESULT start=209458 end=209467 ret=-116 fail=0 status=0x02000000 len=0 frames=0
DBG_GATEWAY_CH9_RX_DONE_YIELD_ADV now=209468 due=209441
DBG_ROUTE_REFRESH_RX_HANDOFF_READY abort=0
DBG_COORD state=idle owner=c5-flood reason=idle rx=0 tx=0 relay=0 route=0 ack=0 qack=0
DBG_DWM_INVALIDATE tag=configure_radio_from_reset active_phy=3 configured=1 awake=1
DBG_DWM_MARK_UNCONFIGURED tag=initialise_radio prev_phy=0
DBG_DWM_INVALIDATE tag=configure_radio_from_reset active_phy=2 configured=1 awake=0
DBG_DWM_MARK_UNCONFIGURED tag=initialise_radio prev_phy=0
DBG_DWM_WAKE_MESH_CTRL_OK sfd=4073
DBG_C5_TX_CONFIG ret=0 ext=1 len=178 msg=3c reason=bounded-c5-flood
DBG_UWB_TX_CH5
DBG_DWM_INVALIDATE tag=configure_radio_from_reset active_phy=4 configured=1 awake=0
DBG_DWM_MARK_UNCONFIGURED tag=initialise_radio prev_phy=0
DBG_DWM_WAKE_MESH_CTRL_OK sfd=4073
DBG_DWM_INVALIDATE tag=configure_radio_from_reset active_phy=4 configured=1 awake=0
DBG_DWM_MARK_UNCONFIGURED tag=initialise_radio prev_phy=0
DBG_GATEWAY_RX_START reason=gateway mesh restart active=1 qrx=0 qtx=0 adv_due=0
DBG_COORD state=gateway-rx owner=uwb-rx reason=gateway-rx rx=0 tx=0 relay=0 route=0 ack=0 qack=0
DBG_GATEWAY_CH9_RX_CONT_CAP now=209615 win=9 adv_wait=9 due=209624
DBG_DWM_INVALIDATE tag=configure_radio_from_reset active_phy=2 configured=1 awake=1
DBG_DWM_MARK_UNCONFIGURED tag=initialise_radio prev_phy=0
DBG_GATEWAY_CH9_RX_CONT_ARM now=209640 rem=9 frames=0 errors=0
DBG_GATEWAY_CH9_RX_CONT_RESULT start=209640 end=209650 ret=-116 fail=0 status=0x02000000 len=0 frames=0
DBG_GATEWAY_CH9_RX_DONE_YIELD_ADV now=209651 due=209624
DBG_ROUTE_REFRESH_RX_HANDOFF_READY abort=0
DBG_COORD state=idle owner=c5-flood reason=idle rx=0 tx=0 relay=0 route=0 ack=0 qack=0
DBG_DWM_INVALIDATE tag=configure_radio_from_reset active_phy=3 configured=1 awake=1
DBG_DWM_MARK_UNCONFIGURED tag=initialise_radio prev_phy=0
DBG_DWM_INVALIDATE tag=configure_radio_from_reset active_phy=2 configured=1 awake=0
DBG_DWM_MARK_UNCONFIGURED tag=initialise_radio prev_phy=0
DBG_DWM_WAKE_MESH_CTRL_OK sfd=4073
DBG_C5_TX_CONFIG ret=0 ext=1 len=178 msg=3c reason=bounded-c5-flood
DBG_UWB_TX_CH5
DBG_GATEWAY_RX_START reason=gateway mesh restart active=1 qrx=0 qtx=0 adv_due=0
DBG_STACK_RUN_BEGIN epoch=12572237144906090616 run=3 kind=ble_backpressure owner=system_workqueue queue=1 custody=1 credit=0 retry=0 drain=1 src=11068027678940948070 dst=11068027678940948070 session=47185924 seq=4 type=86 sequence=0 previous=0 uptime=209707
DBG_STACK_SAMPLE_BEGIN epoch=12572237144906090616 run=3 sample=3 kind=ble_backpressure owner=system_workqueue queue=1 custody=1 credit=0 retry=0 drain=1 src=11068027678940948070 dst=11068027678940948070 session=47185924 seq=4 type=86 uptime=209707
DBG_STACK_ISR_CONFIG size=8192 run=3 sample=3
DBG_STACK name=BT RX WQ tid=0x2000fe28 used=760 free=776 size=1536 ret=0 run=3 sample=3
DBG_STACK name=mesh_route tid=0x2000d560 used=5028 free=3164 size=8192 ret=0 run=3 sample=3
DBG_STACK name=sysworkq tid=0x20010d80 used=2304 free=2176 size=4480 ret=0 run=3 sample=3
DBG_STACK name=MPSL Work tid=0x20010b38 used=360 free=664 size=1024 ret=0 run=3 sample=3
DBG_STACK name=logging tid=0x2000f930 used=480 free=1568 size=2048 ret=0 run=3 sample=3
DBG_STACK name=idle tid=0x20010c10 used=64 free=256 size=320 ret=0 run=3 sample=3
DBG_STACK_SAMPLE_END run=3 sample=3
DBG_STACK_RUN_END epoch=12572237144906090616 run=3 kind=ble_backpressure owner=system_workqueue outcome=ack queue=1 custody=0 credit=1 retry=0 drain=1 src=11068027678940948070 dst=11068027678940948070 session=47185924 seq=4 type=86 samples=1 sequence=0 previous=0 uptime=209724
DBG_DWM_MARK_UNCONFIGURED tag=initialise_radio prev_phy=0
DBG_GATEWAY_CH9_RX_CONT_ARM now=209737 rem=500 frames=0 errors=0
DBG_GATEWAY_CH9_RX_CONT_RESULT start=209737 end=210237 ret=-116 fail=0 status=0x02000000 len=0 frames=0
DBG_GATEWAY_CH9_RX_CONT_CAP now=210239 win=12167 adv_wait=12167 due=222406
DBG_GATEWAY_CH9_RX_CONT_ARM now=210239 rem=500 frames=0 errors=0
DBG_GATEWAY_CH9_RX_CONT_RESULT start=210239 end=210740 ret=-116 fail=0 status=0x00000000 len=0 frames=0
DBG_GATEWAY_CH9_RX_CONT_CAP now=210742 win=11664 adv_wait=11664 due=222406
DBG_GATEWAY_CH9_RX_CONT_ARM now=210742 rem=500 frames=0 errors=0
DBG_GATEWAY_CH9_RX_CONT_RESULT start=210742 end=211243 ret=-116 fail=0 status=0x00000000 len=0 frames=0
DBG_GATEWAY_CH9_RX_CONT_CAP now=211245 win=11161 adv_wait=11161 due=222406
DBG_GATEWAY_CH9_RX_CONT_ARM now=211245 rem=500 frames=0 errors=0
DBG_GATEWAY_CH9_RX_CONT_RESULT start=211245 end=211746 ret=-116 fail=0 status=0x00000000 len=0 frames=0
DBG_GATEWAY_CH9_RX_CONT_CAP now=211748 win=10658 adv_wait=10658 due=222406
DBG_GATEWAY_CH9_RX_CONT_ARM now=211748 rem=500 frames=0 errors=0
DBG_GATEWAY_BLE event=param-updated interval=36 latency=0 timeout_ms=12000 uptime=212012
DBG_GATEWAY_CH9_RX_CONT_RESULT start=211748 end=212249 ret=-116 fail=0 status=0x00000000 len=0 frames=0
DBG_GATEWAY_CH9_RX_CONT_CAP now=212251 win=10155 adv_wait=10155 due=222406
DBG_GATEWAY_CH9_RX_CONT_ARM now=212251 rem=500 frames=0 errors=0
DBG_GATEWAY_CH9_RX_CONT_RESULT start=212251 end=212752 ret=-116 fail=0 status=0x00000000 len=0 frames=0
DBG_GATEWAY_CH9_RX_CONT_CAP now=212754 win=9652 adv_wait=9652 due=222406
DBG_GATEWAY_CH9_RX_CONT_ARM now=212754 rem=500 frames=0 errors=0
DBG_GATEWAY_CH9_RX_CONT_RESULT start=212754 end=213255 ret=-116 fail=0 status=0x00000000 len=0 frames=0
DBG_GATEWAY_CH9_RX_CONT_CAP now=213257 win=9149 adv_wait=9149 due=222406
DBG_GATEWAY_CH9_RX_CONT_ARM now=213257 rem=500 frames=0 errors=0
DBG_GATEWAY_CH9_RX_CONT_RESULT start=213257 end=213758 ret=-116 fail=0 status=0x00000000 len=0 frames=0
DBG_GATEWAY_CH9_RX_CONT_CAP now=213760 win=8646 adv_wait=8646 due=222406
DBG_GATEWAY_CH9_RX_CONT_ARM now=213760 rem=500 frames=0 errors=0
DBG_GATEWAY_CH9_RX_CONT_RESULT start=213760 end=214261 ret=-116 fail=0 status=0x00000000 len=0 frames=0
DBG_GATEWAY_CH9_RX_CONT_CAP now=214263 win=8143 adv_wait=8143 due=222406
DBG_GATEWAY_CH9_RX_CONT_ARM now=214263 rem=500 frames=0 errors=0
DBG_GATEWAY_CH9_RX_CONT_RESULT start=214263 end=214764 ret=-116 fail=0 status=0x00000000 len=0 frames=0
DBG_GATEWAY_CH9_RX_CONT_CAP now=214766 win=7640 adv_wait=7640 due=222406
DBG_GATEWAY_CH9_RX_CONT_ARM now=214766 rem=500 frames=0 errors=0
DBG_GATEWAY_CH9_RX_CONT_RESULT start=214766 end=215267 ret=-116 fail=0 status=0x00000000 len=0 frames=0
DBG_GATEWAY_CH9_RX_CONT_CAP now=215269 win=7137 adv_wait=7137 due=222406
DBG_GATEWAY_CH9_RX_CONT_ARM now=215269 rem=500 frames=0 errors=0
DBG_GATEWAY_CH9_RX_CONT_RESULT start=215269 end=215770 ret=-116 fail=0 status=0x00000000 len=0 frames=0
DBG_GATEWAY_CH9_RX_CONT_CAP now=215772 win=6634 adv_wait=6634 due=222406
DBG_GATEWAY_CH9_RX_CONT_ARM now=215772 rem=500 frames=0 errors=0
DBG_GATEWAY_CH9_RX_CONT_RESULT start=215772 end=216273 ret=-116 fail=0 status=0x00000000 len=0 frames=0
DBG_GATEWAY_CH9_RX_CONT_CAP now=216275 win=6131 adv_wait=6131 due=222406
DBG_GATEWAY_CH9_RX_CONT_ARM now=216275 rem=500 frames=0 errors=0
DBG_GATEWAY_CH9_RX_CONT_RESULT start=216275 end=216776 ret=-116 fail=0 status=0x00000000 len=0 frames=0
DBG_GATEWAY_CH9_RX_CONT_CAP now=216778 win=5628 adv_wait=5628 due=222406
DBG_GATEWAY_CH9_RX_CONT_ARM now=216778 rem=500 frames=0 errors=0
DBG_GATEWAY_CH9_RX_CONT_RESULT start=216778 end=217279 ret=-116 fail=0 status=0x00000000 len=0 frames=0
DBG_GATEWAY_CH9_RX_CONT_CAP now=217281 win=5125 adv_wait=5125 due=222406
DBG_GATEWAY_CH9_RX_CONT_ARM now=217281 rem=500 frames=0 errors=0
DBG_GATEWAY_CH9_RX_CONT_RESULT start=217281 end=217782 ret=-116 fail=0 status=0x00000000 len=0 frames=0
DBG_GATEWAY_CH9_RX_CONT_CAP now=217784 win=4622 adv_wait=4622 due=222406
DBG_GATEWAY_CH9_RX_CONT_ARM now=217784 rem=500 frames=0 errors=0
DBG_GATEWAY_CH9_RX_CONT_RESULT start=217784 end=218285 ret=-116 fail=0 status=0x00000000 len=0 frames=0
DBG_GATEWAY_CH9_RX_CONT_CAP now=218287 win=4119 adv_wait=4119 due=222406
DBG_GATEWAY_CH9_RX_CONT_ARM now=218287 rem=500 frames=0 errors=0
DBG_GATEWAY_CH9_RX_CONT_RESULT start=218287 end=218788 ret=-116 fail=0 status=0x00000000 len=0 frames=0
DBG_GATEWAY_CH9_RX_CONT_CAP now=218790 win=3616 adv_wait=3616 due=222406
DBG_GATEWAY_CH9_RX_CONT_ARM now=218790 rem=500 frames=0 errors=0
DBG_GATEWAY_CH9_RX_CONT_RESULT start=218790 end=219291 ret=-116 fail=0 status=0x00000000 len=0 frames=0
DBG_GATEWAY_CH9_RX_CONT_CAP now=219293 win=3113 adv_wait=3113 due=222406
DBG_GATEWAY_CH9_RX_CONT_ARM now=219293 rem=500 frames=0 errors=0
DBG_GATEWAY_CH9_RX_CONT_RESULT start=219293 end=219794 ret=-116 fail=0 status=0x00000000 len=0 frames=0
DBG_GATEWAY_CH9_RX_CONT_CAP now=219796 win=2610 adv_wait=2610 due=222406
DBG_GATEWAY_CH9_RX_CONT_ARM now=219796 rem=500 frames=0 errors=0
DBG_GATEWAY_CH9_RX_CONT_RESULT start=219796 end=220297 ret=-116 fail=0 status=0x00000000 len=0 frames=0
DBG_GATEWAY_CH9_RX_CONT_CAP now=220299 win=2107 adv_wait=2107 due=222406
DBG_GATEWAY_CH9_RX_CONT_ARM now=220299 rem=500 frames=0 errors=0
DBG_GATEWAY_CH9_RX_CONT_RESULT start=220299 end=220800 ret=-116 fail=0 status=0x00000000 len=0 frames=0
DBG_GATEWAY_CH9_RX_CONT_CAP now=220802 win=1604 adv_wait=1604 due=222406
DBG_GATEWAY_CH9_RX_CONT_ARM now=220802 rem=500 frames=0 errors=0
DBG_GATEWAY_CH9_RX_CONT_RESULT start=220802 end=221303 ret=-116 fail=0 status=0x00000000 len=0 frames=0
DBG_GATEWAY_CH9_RX_CONT_CAP now=221305 win=1101 adv_wait=1101 due=222406
DBG_GATEWAY_CH9_RX_CONT_ARM now=221305 rem=500 frames=0 errors=0
DBG_GATEWAY_CH9_RX_CONT_RESULT start=221305 end=221806 ret=-116 fail=0 status=0x00000000 len=0 frames=0
DBG_GATEWAY_CH9_RX_CONT_CAP now=221808 win=598 adv_wait=598 due=222406
DBG_GATEWAY_CH9_RX_CONT_ARM now=221808 rem=500 frames=0 errors=0
DBG_GATEWAY_CH9_RX_CONT_RESULT start=221808 end=222309 ret=-116 fail=0 status=0x00000000 len=0 frames=0
DBG_GATEWAY_CH9_RX_CONT_CAP now=222311 win=95 adv_wait=95 due=222406
DBG_GATEWAY_CH9_RX_CONT_ARM now=222311 rem=95 frames=0 errors=0
DBG_GATEWAY_CH9_RX_CONT_RESULT start=222311 end=222407 ret=-116 fail=0 status=0x00000000 len=0 frames=0
DBG_GATEWAY_CH9_RX_DONE_YIELD_ADV now=222408 due=222406
DBG_STACK_RUN_BEGIN epoch=12572237144906090616 run=4 kind=ble_backpressure owner=system_workqueue queue=1 custody=1 credit=0 retry=0 drain=1 src=11068027678940948070 dst=11068027678940948070 session=1191604976 seq=29424 type=65 sequence=0 previous=0 uptime=222408
DBG_STACK_SAMPLE_BEGIN epoch=12572237144906090616 run=4 sample=4 kind=ble_backpressure owner=system_workqueue queue=1 custody=1 credit=0 retry=0 drain=1 src=11068027678940948070 dst=11068027678940948070 session=1191604976 seq=29424 type=65 uptime=222409
DBG_STACK_ISR_CONFIG size=8192 run=4 sample=4
DBG_STACK name=BT RX WQ tid=0x2000fe28 used=760 free=776 size=1536 ret=0 run=4 sample=4
DBG_STACK name=mesh_route tid=0x2000d560 used=5028 free=3164 size=8192 ret=0 run=4 sample=4
DBG_STACK name=sysworkq tid=0x20010d80 used=2304 free=2176 size=4480 ret=0 run=4 sample=4
DBG_STACK name=MPSL Work tid=0x20010b38 used=360 free=664 size=1024 ret=0 run=4 sample=4
DBG_STACK name=logging tid=0x2000f930 used=480 free=1568 size=2048 ret=0 run=4 sample=4
DBG_STACK name=idle tid=0x20010c10 used=64 free=256 size=320 ret=0 run=4 sample=4
DBG_STACK_SAMPLE_END run=4 sample=4
DBG_STACK_RUN_END epoch=12572237144906090616 run=4 kind=ble_backpressure owner=system_workqueue outcome=ack queue=2 custody=0 credit=1 retry=0 drain=2 src=11068027678940948070 dst=11068027678940948070 session=1191604976 seq=29424 type=65 samples=1 sequence=0 previous=0 uptime=222432
DBG_STACK_RUN_BEGIN epoch=12572237144906090616 run=5 kind=ble_backpressure owner=system_workqueue queue=1 custody=1 credit=0 retry=0 drain=1 src=11068027678940948070 dst=11068027678940948070 session=47185925 seq=5 type=86 sequence=0 previous=0 uptime=222588
DBG_STACK_SAMPLE_BEGIN epoch=12572237144906090616 run=5 sample=5 kind=ble_backpressure owner=system_workqueue queue=1 custody=1 credit=0 retry=0 drain=1 src=11068027678940948070 dst=11068027678940948070 session=47185925 seq=5 type=86 uptime=222589
DBG_STACK_ISR_CONFIG size=8192 run=5 sample=5
DBG_STACK name=BT RX WQ tid=0x2000fe28 used=760 free=776 size=1536 ret=0 run=5 sample=5
DBG_STACK name=mesh_route tid=0x2000d560 used=5028 free=3164 size=8192 ret=0 run=5 sample=5
DBG_STACK name=sysworkq tid=0x20010d80 used=2304 free=2176 size=4480 ret=0 run=5 sample=5
DBG_STACK name=MPSL Work tid=0x20010b38 used=360 free=664 size=1024 ret=0 run=5 sample=5
DBG_STACK name=logging tid=0x2000f930 used=480 free=1568 size=2048 ret=0 run=5 sample=5
DBG_STACK name=idle tid=0x20010c10 used=64 free=256 size=320 ret=0 run=5 sample=5
DBG_STACK_SAMPLE_END run=5 sample=5
DBG_STACK_RUN_END epoch=12572237144906090616 run=5 kind=ble_backpressure owner=system_workqueue outcome=ack queue=1 custody=0 credit=1 retry=0 drain=1 src=11068027678940948070 dst=11068027678940948070 session=47185925 seq=5 type=86 samples=1 sequence=0 previous=0 uptime=222602
DBG_GATEWAY_CH9_RX_CONT_RESULT start=222418 end=222919 ret=-116 fail=0 status=0x00000000 len=0 frames=0
DBG_GATEWAY_CH9_RX_CONT_ARM now=222921 rem=500 frames=0 errors=0
DBG_GATEWAY_COMMAND_PRIORITY_SUBMIT ret=0 now=223039
DBG_STACK_RUN_BEGIN epoch=12572237144906090616 run=6 kind=ble_backpressure owner=system_workqueue queue=1 custody=1 credit=0 retry=0 drain=1 src=11068027678940948070 dst=11068027678940948070 session=47185926 seq=6 type=86 sequence=0 previous=0 uptime=223039
DBG_STACK_SAMPLE_BEGIN epoch=12572237144906090616 run=6 sample=6 kind=ble_backpressure owner=system_workqueue queue=1 custody=1 credit=0 retry=0 drain=1 src=11068027678940948070 dst=11068027678940948070 session=47185926 seq=6 type=86 uptime=223039
DBG_STACK_ISR_CONFIG size=8192 run=6 sample=6
DBG_STACK name=BT RX WQ tid=0x2000fe28 used=760 free=776 size=1536 ret=0 run=6 sample=6
DBG_STACK name=mesh_route tid=0x2000d560 used=5028 free=3164 size=8192 ret=0 run=6 sample=6
DBG_STACK name=sysworkq tid=0x20010d80 used=2304 free=2176 size=4480 ret=0 run=6 sample=6
DBG_STACK name=MPSL Work tid=0x20010b38 used=360 free=664 size=1024 ret=0 run=6 sample=6
DBG_STACK name=logging tid=0x2000f930 used=480 free=1568 size=2048 ret=0 run=6 sample=6
DBG_STACK name=idle tid=0x20010c10 used=64 free=256 size=320 ret=0 run=6 sample=6
DBG_STACK_SAMPLE_END run=6 sample=6
DBG_STACK_RUN_END epoch=12572237144906090616 run=6 kind=ble_backpressure owner=system_workqueue outcome=ack queue=3 custody=0 credit=1 retry=0 drain=3 src=11068027678940948070 dst=11068027678940948070 session=47185926 seq=6 type=86 samples=1 sequence=0 previous=0 uptime=223065
DBG_STACK_RUN_BEGIN epoch=12572237144906090616 run=7 kind=ble_backpressure owner=system_workqueue queue=2 custody=2 credit=0 retry=0 drain=2 src=11068027678940948070 dst=11068027678940948070 session=47185927 seq=7 type=86 sequence=0 previous=0 uptime=223264
DBG_STACK_SAMPLE_BEGIN epoch=12572237144906090616 run=7 sample=7 kind=ble_backpressure owner=system_workqueue queue=2 custody=2 credit=0 retry=0 drain=2 src=11068027678940948070 dst=11068027678940948070 session=47185927 seq=7 type=86 uptime=223264
DBG_STACK_ISR_CONFIG size=8192 run=7 sample=7
DBG_STACK name=BT RX WQ tid=0x2000fe28 used=760 free=776 size=1536 ret=0 run=7 sample=7
DBG_STACK name=mesh_route tid=0x2000d560 used=5028 free=3164 size=8192 ret=0 run=7 sample=7
DBG_STACK name=sysworkq tid=0x20010d80 used=2304 free=2176 size=4480 ret=0 run=7 sample=7
DBG_STACK name=MPSL Work tid=0x20010b38 used=360 free=664 size=1024 ret=0 run=7 sample=7
DBG_STACK name=logging tid=0x2000f930 used=480 free=1568 size=2048 ret=0 run=7 sample=7
DBG_STACK name=idle tid=0x20010c10 used=64 free=256 size=320 ret=0 run=7 sample=7
DBG_STACK_SAMPLE_END run=7 sample=7
DBG_STACK_RUN_END epoch=12572237144906090616 run=7 kind=ble_backpressure owner=system_workqueue outcome=ack queue=2 custody=0 credit=1 retry=0 drain=2 src=11068027678940948070 dst=11068027678940948070 session=47185927 seq=7 type=86 samples=1 sequence=0 previous=0 uptime=223281
DBG_STACK_RUN_BEGIN epoch=12572237144906090616 run=8 kind=ble_backpressure owner=system_workqueue queue=1 custody=1 credit=0 retry=0 drain=1 src=11068027678940948070 dst=11068027678940948070 session=47185929 seq=9 type=86 sequence=0 previous=0 uptime=223354
DBG_STACK_SAMPLE_BEGIN epoch=12572237144906090616 run=8 sample=8 kind=ble_backpressure owner=system_workqueue queue=1 custody=1 credit=0 retry=0 drain=1 src=11068027678940948070 dst=11068027678940948070 session=47185929 seq=9 type=86 uptime=223354
DBG_STACK_ISR_CONFIG size=8192 run=8 sample=8
DBG_STACK name=BT RX WQ tid=0x2000fe28 used=760 free=776 size=1536 ret=0 run=8 sample=8
DBG_STACK name=mesh_route tid=0x2000d560 used=5028 free=3164 size=8192 ret=0 run=8 sample=8
DBG_STACK name=sysworkq tid=0x20010d80 used=2304 free=2176 size=4480 ret=0 run=8 sample=8
DBG_STACK name=MPSL Work tid=0x20010b38 used=360 free=664 size=1024 ret=0 run=8 sample=8
DBG_STACK name=logging tid=0x2000f930 used=480 free=1568 size=2048 ret=0 run=8 sample=8
DBG_STACK name=idle tid=0x20010c10 used=64 free=256 size=320 ret=0 run=8 sample=8
DBG_STACK_SAMPLE_END run=8 sample=8
DBG_STACK_RUN_END epoch=12572237144906090616 run=8 kind=ble_backpressure owner=system_workqueue outcome=ack queue=1 custody=0 credit=1 retry=0 drain=1 src=11068027678940948070 dst=11068027678940948070 session=47185929 seq=9 type=86 samples=1 sequence=0 previous=0 uptime=223369
DBG_GATEWAY_CH9_RX_CONT_RESULT start=223044 end=223545 ret=-116 fail=0 status=0x00000000 len=0 frames=0
DBG_GATEWAY_COMMAND_PRIORITY_SUBMIT ret=0 now=223546
DBG_GATEWAY_CH9_RX_CONT_ARM now=223547 rem=500 frames=0 errors=0
DBG_GATEWAY_CH9_RX_CONT_RESULT start=223547 end=223548 ret=-140 fail=0 status=0x00000000 len=0 frames=0
DBG_GATEWAY_CH9_RX_COMMAND_PREEMPT now=223549 rem=500 frames=0
DBG_GATEWAY_CH9_RX_CONT_DONE ret=-140 len=0 fail=0 recover=0
DBG_NC o=0000000000000001 g=00000001 w=00 e=0000003c s=00000005 q=0000>0004 r=00000000 f=00000024 t=00000000 p=00000000 a=00
DBG_NODE_COMM_SUBMIT handle=1 profile=0 token=17039361 deadline=233549
DBG_ENUM_FLOOD kind=1 handle=1
DBG_ENUM_CLAIM_TX epoch=47185928 round=1 max_hop=5 first_wait_ms=1125 ceiling_ms=5625 ret=0
DBG_NODE_COMM_TX_BEGIN handle=1 profile=0 msg=64 dst=0x0 seq=1
DBG_CONTROL_RX_HANDOFF_READY abort=0
DBG_COORD state=idle owner=c5-flood reason=idle rx=0 tx=0 relay=0 route=0 ack=0 qack=0
DBG_WAKE_TRAIN_GUARD_OK
DBG_DWM_MARK_UNCONFIGURED tag=initialise_radio prev_phy=0
DBG_WAKE_TRAIN_CONFIG_BEGIN
DBG_DWM_INVALIDATE tag=configure_radio_from_reset active_phy=2 configured=1 awake=0
DBG_DWM_MARK_UNCONFIGURED tag=initialise_radio prev_phy=0
DBG_WAKE_TRAIN_CONFIG_OK
DBG_WAKE_TRAIN_FIRST_SEND_BEGIN
DBG_WAKE_TRAIN_FIRST_SEND_OK
DBG_UWB_TX_CH5
DBG_TX_WAKE_CLAIM_SENT
DBG_UWB_TX_CH5
DBG_TX_WAKE_CLAIM_SENT
DBG_UWB_TX_CH5
DBG_TX_WAKE_CLAIM_SENT
DBG_UWB_TX_CH5
DBG_TX_WAKE_CLAIM_SENT
DBG_UWB_TX_CH5
DBG_TX_WAKE_CLAIM_SENT
DBG_UWB_TX_CH5
DBG_TX_WAKE_CLAIM_SENT
DBG_UWB_TX_CH5
DBG_TX_WAKE_CLAIM_SENT
DBG_UWB_TX_CH5
DBG_TX_WAKE_CLAIM_SENT
DBG_UWB_TX_CH5
DBG_TX_WAKE_CLAIM_SENT
DBG_UWB_TX_CH5
DBG_TX_WAKE_CLAIM_SENT
DBG_UWB_TX_CH5
DBG_TX_WAKE_CLAIM_SENT
DBG_UWB_TX_CH5
DBG_TX_WAKE_CLAIM_SENT
DBG_UWB_TX_CH5
DBG_TX_WAKE_CLAIM_SENT
DBG_UWB_TX_CH5
DBG_TX_WAKE_CLAIM_SENT
DBG_UWB_TX_CH5
DBG_TX_WAKE_CLAIM_SENT
DBG_UWB_TX_CH5
DBG_TX_WAKE_CLAIM_SENT
DBG_UWB_TX_CH5
DBG_TX_WAKE_CLAIM_SENT
DBG_UWB_TX_CH5
DBG_TX_WAKE_CLAIM_SENT
DBG_UWB_TX_CH5
DBG_TX_WAKE_CLAIM_SENT
DBG_UWB_TX_CH5
DBG_TX_WAKE_CLAIM_SENT
DBG_UWB_TX_CH5
DBG_TX_WAKE_CLAIM_SENT
DBG_UWB_TX_CH5
DBG_TX_WAKE_CLAIM_SENT
DBG_UWB_TX_CH5
DBG_TX_WAKE_CLAIM_SENT
DBG_UWB_TX_CH5
DBG_TX_WAKE_CLAIM_SENT
DBG_UWB_TX_CH5
DBG_TX_WAKE_CLAIM_SENT
DBG_UWB_TX_CH5
DBG_TX_WAKE_CLAIM_SENT
DBG_UWB_TX_CH5
DBG_TX_WAKE_CLAIM_SENT
DBG_UWB_TX_CH5
DBG_TX_WAKE_CLAIM_SENT
DBG_UWB_TX_CH5
DBG_TX_WAKE_CLAIM_SENT
DBG_UWB_TX_CH5
DBG_TX_WAKE_CLAIM_SENT
DBG_UWB_TX_CH5
DBG_TX_WAKE_CLAIM_SENT
DBG_UWB_TX_CH5
DBG_TX_WAKE_CLAIM_SENT
DBG_UWB_TX_CH5
DBG_TX_WAKE_CLAIM_SENT
DBG_UWB_TX_CH5
DBG_TX_WAKE_CLAIM_SENT
DBG_UWB_TX_CH5
DBG_TX_WAKE_CLAIM_SENT
DBG_UWB_TX_CH5
DBG_TX_WAKE_CLAIM_SENT
DBG_UWB_TX_CH5
DBG_TX_WAKE_CLAIM_SENT
DBG_UWB_TX_CH5
DBG_TX_WAKE_CLAIM_SENT
DBG_UWB_TX_CH5
DBG_TX_WAKE_CLAIM_SENT
DBG_UWB_TX_CH5
DBG_TX_WAKE_CLAIM_SENT
DBG_UWB_TX_CH5
DBG_TX_WAKE_CLAIM_SENT
DBG_UWB_TX_CH5
DBG_TX_WAKE_CLAIM_SENT
DBG_UWB_TX_CH5
DBG_TX_WAKE_CLAIM_SENT
DBG_UWB_TX_CH5
DBG_TX_WAKE_CLAIM_SENT
DBG_UWB_TX_CH5
DBG_TX_WAKE_CLAIM_SENT
DBG_UWB_TX_CH5
DBG_TX_WAKE_CLAIM_SENT
DBG_UWB_TX_CH5
DBG_TX_WAKE_CLAIM_SENT
DBG_UWB_TX_CH5
DBG_TX_WAKE_CLAIM_SENT
DBG_UWB_TX_CH5
DBG_TX_WAKE_CLAIM_SENT
DBG_UWB_TX_CH5
DBG_TX_WAKE_CLAIM_SENT
DBG_UWB_TX_CH5
DBG_TX_WAKE_CLAIM_SENT
DBG_UWB_TX_CH5
DBG_TX_WAKE_CLAIM_SENT
DBG_UWB_TX_CH5
DBG_TX_WAKE_CLAIM_SENT
DBG_UWB_TX_CH5
DBG_TX_WAKE_CLAIM_SENT
DBG_UWB_TX_CH5
DBG_TX_WAKE_CLAIM_SENT
DBG_UWB_TX_CH5
DBG_TX_WAKE_CLAIM_SENT
DBG_UWB_TX_CH5
DBG_TX_WAKE_CLAIM_SENT
DBG_UWB_TX_CH5
DBG_TX_WAKE_CLAIM_SENT
DBG_UWB_TX_CH5
DBG_TX_WAKE_CLAIM_SENT
DBG_UWB_TX_CH5
DBG_TX_WAKE_CLAIM_SENT
DBG_UWB_TX_CH5
DBG_TX_WAKE_CLAIM_SENT
DBG_UWB_TX_CH5
DBG_TX_WAKE_CLAIM_SENT
DBG_UWB_TX_CH5
DBG_TX_WAKE_CLAIM_SENT
DBG_UWB_TX_CH5
DBG_TX_WAKE_CLAIM_SENT
DBG_UWB_TX_CH5
DBG_TX_WAKE_CLAIM_SENT
DBG_UWB_TX_CH5
DBG_TX_WAKE_CLAIM_SENT
DBG_UWB_TX_CH5
DBG_TX_WAKE_CLAIM_SENT
DBG_UWB_TX_CH5
DBG_TX_WAKE_CLAIM_SENT
DBG_UWB_TX_CH5
DBG_TX_WAKE_CLAIM_SENT
DBG_UWB_TX_CH5
DBG_TX_WAKE_CLAIM_SENT
DBG_UWB_TX_CH5
DBG_TX_WAKE_CLAIM_SENT
DBG_UWB_TX_CH5
DBG_TX_WAKE_CLAIM_SENT
DBG_UWB_TX_CH5
DBG_TX_WAKE_CLAIM_SENT
DBG_UWB_TX_CH5
DBG_TX_WAKE_CLAIM_SENT
DBG_UWB_TX_CH5
DBG_TX_WAKE_CLAIM_SENT
DBG_UWB_TX_CH5
DBG_TX_WAKE_CLAIM_SENT
DBG_UWB_TX_CH5
DBG_TX_WAKE_CLAIM_SENT
DBG_UWB_TX_CH5
DBG_TX_WAKE_CLAIM_SENT
DBG_UWB_TX_CH5
DBG_TX_WAKE_CLAIM_SENT
DBG_UWB_TX_CH5
DBG_TX_WAKE_CLAIM_SENT
DBG_UWB_TX_CH5
DBG_TX_WAKE_CLAIM_SENT
DBG_UWB_TX_CH5
DBG_TX_WAKE_CLAIM_SENT
DBG_UWB_TX_CH5
DBG_TX_WAKE_CLAIM_SENT
DBG_UWB_TX_CH5
DBG_TX_WAKE_CLAIM_SENT
DBG_UWB_TX_CH5
DBG_TX_WAKE_CLAIM_SENT
DBG_UWB_TX_CH5
DBG_TX_WAKE_CLAIM_SENT
DBG_UWB_TX_CH5
DBG_TX_WAKE_CLAIM_SENT
DBG_UWB_TX_CH5
DBG_TX_WAKE_CLAIM_SENT
DBG_UWB_TX_CH5
DBG_TX_WAKE_CLAIM_SENT
DBG_UWB_TX_CH5
DBG_TX_WAKE_CLAIM_SENT
DBG_UWB_TX_CH5
DBG_TX_WAKE_CLAIM_SENT
DBG_UWB_TX_CH5
DBG_TX_WAKE_CLAIM_SENT
DBG_UWB_TX_CH5
DBG_TX_WAKE_CLAIM_SENT
DBG_UWB_TX_CH5
DBG_TX_WAKE_CLAIM_SENT
DBG_UWB_TX_CH5
DBG_TX_WAKE_CLAIM_SENT
DBG_UWB_TX_CH5
DBG_TX_WAKE_CLAIM_SENT
DBG_UWB_TX_CH5
DBG_TX_WAKE_CLAIM_SENT
DBG_UWB_TX_CH5
DBG_TX_WAKE_CLAIM_SENT
DBG_UWB_TX_CH5
DBG_TX_WAKE_CLAIM_SENT
DBG_UWB_TX_CH5
DBG_TX_WAKE_CLAIM_SENT
DBG_UWB_TX_CH5
DBG_TX_WAKE_CLAIM_SENT
DBG_UWB_TX_CH5
DBG_TX_WAKE_CLAIM_SENT
DBG_UWB_TX_CH5
DBG_TX_WAKE_CLAIM_SENT
DBG_UWB_TX_CH5
DBG_TX_WAKE_CLAIM_SENT
DBG_UWB_TX_CH5
DBG_TX_WAKE_CLAIM_SENT
DBG_UWB_TX_CH5
DBG_TX_WAKE_CLAIM_SENT
DBG_UWB_TX_CH5
DBG_TX_WAKE_CLAIM_SENT
DBG_UWB_TX_CH5
DBG_TX_WAKE_CLAIM_SENT
DBG_UWB_TX_CH5
DBG_TX_WAKE_CLAIM_SENT
DBG_UWB_TX_CH5
DBG_TX_WAKE_CLAIM_SENT
DBG_UWB_TX_CH5
DBG_TX_WAKE_CLAIM_SENT
DBG_UWB_TX_CH5
DBG_TX_WAKE_CLAIM_SENT
DBG_UWB_TX_CH5
DBG_TX_WAKE_CLAIM_SENT
DBG_UWB_TX_CH5
DBG_TX_WAKE_CLAIM_SENT
DBG_UWB_TX_CH5
DBG_TX_WAKE_CLAIM_SENT
DBG_UWB_TX_CH5
DBG_TX_WAKE_CLAIM_SENT
DBG_UWB_TX_CH5
DBG_TX_WAKE_CLAIM_SENT
DBG_UWB_TX_CH5
DBG_TX_WAKE_CLAIM_SENT
DBG_UWB_TX_CH5
DBG_TX_WAKE_CLAIM_SENT
DBG_UWB_TX_CH5
DBG_TX_WAKE_CLAIM_SENT
DBG_UWB_TX_CH5
DBG_TX_WAKE_CLAIM_SENT
DBG_UWB_TX_CH5
DBG_TX_WAKE_CLAIM_SENT
DBG_UWB_TX_CH5
DBG_TX_WAKE_CLAIM_SENT
DBG_UWB_TX_CH5
DBG_TX_WAKE_CLAIM_SENT
DBG_UWB_TX_CH5
DBG_TX_WAKE_CLAIM_SENT
DBG_UWB_TX_CH5
DBG_TX_WAKE_CLAIM_SENT
DBG_UWB_TX_CH5
DBG_TX_WAKE_CLAIM_SENT
DBG_UWB_TX_CH5
DBG_TX_WAKE_CLAIM_SENT
DBG_UWB_TX_CH5
DBG_TX_WAKE_CLAIM_SENT
DBG_UWB_TX_CH5
DBG_TX_WAKE_CLAIM_SENT
DBG_UWB_TX_CH5
DBG_TX_WAKE_CLAIM_SENT
DBG_UWB_TX_CH5
DBG_TX_WAKE_CLAIM_SENT
DBG_UWB_TX_CH5
DBG_TX_WAKE_CLAIM_SENT
DBG_UWB_TX_CH5
DBG_TX_WAKE_CLAIM_SENT
DBG_UWB_TX_CH5
DBG_TX_WAKE_CLAIM_SENT
DBG_UWB_TX_CH5
DBG_TX_WAKE_CLAIM_SENT
DBG_UWB_TX_CH5
DBG_TX_WAKE_CLAIM_SENT
DBG_UWB_TX_CH5
DBG_TX_WAKE_CLAIM_SENT
DBG_UWB_TX_CH5
DBG_TX_WAKE_CLAIM_SENT
DBG_UWB_TX_CH5
DBG_TX_WAKE_CLAIM_SENT
DBG_UWB_TX_CH5
DBG_TX_WAKE_CLAIM_SENT
DBG_UWB_TX_CH5
DBG_TX_WAKE_CLAIM_SENT
DBG_UWB_TX_CH5
DBG_TX_WAKE_CLAIM_SENT
DBG_UWB_TX_CH5
DBG_TX_WAKE_CLAIM_SENT
DBG_UWB_TX_CH5
DBG_TX_WAKE_CLAIM_SENT
DBG_UWB_TX_CH5
DBG_TX_WAKE_CLAIM_SENT
DBG_UWB_TX_CH5
DBG_TX_WAKE_CLAIM_SENT
DBG_UWB_TX_CH5
DBG_TX_WAKE_CLAIM_SENT
DBG_DWM_INVALIDATE tag=configure_radio_from_reset active_phy=2 configured=1 awake=1
DBG_DWM_MARK_UNCONFIGURED tag=initialise_radio prev_phy=0
DBG_C5_CONTROL_FOLLOWUP_TURNAROUND delay=60 msg=40 reason=node-comm-bounded-control-flood
DBG_DWM_INVALIDATE tag=configure_radio_from_reset active_phy=2 configured=1 awake=0
DBG_DWM_MARK_UNCONFIGURED tag=initialise_radio prev_phy=0
DBG_DWM_INVALIDATE tag=configure_radio_from_reset active_phy=2 configured=1 awake=0
DBG_DWM_MARK_UNCONFIGURED tag=initialise_radio prev_phy=0
DBG_DWM_WAKE_MESH_CTRL_OK sfd=4073
DBG_C5_TX_CONFIG ret=0 ext=1 len=136 msg=40 reason=bounded-c5-flood
DBG_UWB_TX_CH5
DBG_NC o=0000000000000001 g=00000001 w=00 e=00000022 s=00000005 q=0004>0005 r=00000000 f=00000001 t=00000000 p=00000000 a=00
DBG_NC o=0000000000000001 g=00000001 w=00 e=00000042 s=00000005 q=0005>0006 r=00000000 f=00000001 t=00000000 p=00000000 a=00
DBG_NODE_COMM_ATTEMPT handle=1 profile=0 attempt=1 ret=0 rf=1 scheduled=0 state=0
DBG_GATEWAY_RX_START reason=gateway mesh restart active=1 qrx=0 qtx=0 adv_due=0
DBG_ENUM_RF_BEGIN kind=1 handle=1 attempt=1 tries=1
DBG_STACK_RUN_BEGIN epoch=12572237144906090616 run=9 kind=ble_backpressure owner=system_workqueue queue=1 custody=1 credit=0 retry=0 drain=1 src=11068027678940948070 dst=11068027678940948070 session=47185931 seq=11 type=86 sequence=0 previous=0 uptime=224783
DBG_STACK_SAMPLE_BEGIN epoch=12572237144906090616 run=9 sample=9 kind=ble_backpressure owner=system_workqueue queue=1 custody=1 credit=0 retry=0 drain=1 src=11068027678940948070 dst=11068027678940948070 session=47185931 seq=11 type=86 uptime=224783
DBG_STACK_ISR_CONFIG size=8192 run=9 sample=9
DBG_STACK name=BT RX WQ tid=0x2000fe28 used=760 free=776 size=1536 ret=0 run=9 sample=9
DBG_STACK name=mesh_route tid=0x2000d560 used=5888 free=2304 size=8192 ret=0 run=9 sample=9
DBG_STACK name=sysworkq tid=0x20010d80 used=2304 free=2176 size=4480 ret=0 run=9 sample=9
DBG_STACK name=MPSL Work tid=0x20010b38 used=360 free=664 size=1024 ret=0 run=9 sample=9
DBG_STACK name=logging tid=0x2000f930 used=480 free=1568 size=2048 ret=0 run=9 sample=9
DBG_STACK name=idle tid=0x20010c10 used=64 free=256 size=320 ret=0 run=9 sample=9
DBG_STACK_SAMPLE_END run=9 sample=9
DBG_STACK_RUN_END epoch=12572237144906090616 run=9 kind=ble_backpressure owner=system_workqueue outcome=ack queue=1 custody=0 credit=1 retry=0 drain=1 src=11068027678940948070 dst=11068027678940948070 session=47185931 seq=11 type=86 samples=1 sequence=0 previous=0 uptime=224810
DBG_GATEWAY_CH9_RX_CONT_ARM now=224813 rem=500 frames=0 errors=0
DBG_GATEWAY_CH9_RX_CONT_RESULT start=224813 end=224820 ret=-140 fail=0 status=0x02000000 len=0 frames=0
DBG_DWM_MARK_UNCONFIGURED tag=initialise_radio prev_phy=0
DBG_DWM_INVALIDATE tag=configure_radio_from_reset active_phy=2 configured=1 awake=0
DBG_DWM_MARK_UNCONFIGURED tag=initialise_radio prev_phy=0
DBG_DWM_WAKE_MESH_CTRL_OK sfd=4073
DBG_C5_TX_CONFIG ret=0 ext=1 len=136 msg=40 reason=bounded-c5-flood
DBG_UWB_TX_CH5
DBG_NC o=0000000000000001 g=00000001 w=00 e=00000022 s=00000005 q=0004>0005 r=00000000 f=00000001 t=00000000 p=00000000 a=00
DBG_NC o=0000000000000001 g=00000001 w=00 e=00000042 s=00000005 q=0005>0006 r=00000000 f=00000001 t=00000000 p=00000000 a=00
DBG_NODE_COMM_ATTEMPT handle=1 profile=0 attempt=2 ret=0 rf=1 scheduled=0 state=0
DBG_GATEWAY_RX_START reason=gateway mesh restart active=1 qrx=0 qtx=0 adv_due=0
DBG_COORD state=gateway-rx owner=uwb-rx reason=gateway-rx rx=0 tx=0 relay=0 route=0 ack=0 qack=0
DBG_DWM_INVALIDATE tag=configure_radio_from_reset active_phy=4 configured=1 awake=1
DBG_DWM_MARK_UNCONFIGURED tag=initialise_radio prev_phy=0
DBG_GATEWAY_CH9_RX_CONT_ARM now=224905 rem=500 frames=0 errors=0
DBG_GATEWAY_CH9_RX_CONT_RESULT start=224905 end=224916 ret=-140 fail=0 status=0x02000000 len=0 frames=0
DBG_GATEWAY_CH9_RX_COMMAND_PREEMPT now=224916 rem=500 frames=0
DBG_GATEWAY_CH9_RX_CONT_DONE ret=-140 len=0 fail=0 recover=0
DBG_NC o=0000000000000001 g=00000001 w=00 e=00000023 s=00000005 q=0006>0004 r=00000000 f=00000024 t=00000000 p=00000000 a=00
DBG_NODE_COMM_TX_BEGIN handle=1 profile=0 msg=64 dst=0x0 seq=1
DBG_CONTROL_RX_HANDOFF_READY abort=0
DBG_COORD state=idle owner=c5-flood reason=idle rx=0 tx=0 relay=0 route=0 ack=0 qack=0
DBG_DWM_INVALIDATE tag=configure_radio_from_reset active_phy=3 configured=1 awake=1
DBG_DWM_MARK_UNCONFIGURED tag=initialise_radio prev_phy=0
DBG_NC o=0000000000000001 g=00000001 w=00 e=0000003f s=00000005 q=0004>0004 r=00000000 f=00000000 t=00000000 p=00000000 a=00
DBG_NODE_COMM_ATTEMPT handle=1 profile=0 attempt=3 ret=-11 rf=0 scheduled=0 state=0
DBG_GATEWAY_RX_START reason=gateway mesh restart active=1 qrx=0 qtx=0 adv_due=0
DBG_COORD state=gateway-rx owner=uwb-rx reason=gateway-rx rx=0 tx=0 relay=0 route=0 ack=0 qack=0
DBG_DWM_INVALIDATE tag=configure_radio_from_reset active_phy=2 configured=1 awake=1
DBG_DWM_MARK_UNCONFIGURED tag=initialise_radio prev_phy=0
DBG_GATEWAY_CH9_RX_CONT_ARM now=224971 rem=500 frames=0 errors=0
DBG_GATEWAY_CH9_RX_CONT_RESULT start=224971 end=225071 ret=-140 fail=0 status=0x02000000 len=0 frames=0
DBG_GATEWAY_CH9_RX_COMMAND_PREEMPT now=225071 rem=500 frames=0
DBG_GATEWAY_CH9_RX_CONT_DONE ret=-140 len=0 fail=0 recover=0
DBG_NODE_COMM_TX_BEGIN handle=1 profile=0 msg=64 dst=0x0 seq=1
DBG_CONTROL_RX_HANDOFF_READY abort=0
DBG_COORD state=idle owner=c5-flood reason=idle rx=0 tx=0 relay=0 route=0 ack=0 qack=0
DBG_DWM_INVALIDATE tag=configure_radio_from_reset active_phy=3 configured=1 awake=1
DBG_DWM_MARK_UNCONFIGURED tag=initialise_radio prev_phy=0
DBG_DWM_INVALIDATE tag=configure_radio_from_reset active_phy=2 configured=1 awake=0
DBG_DWM_MARK_UNCONFIGURED tag=initialise_radio prev_phy=0
DBG_DWM_WAKE_MESH_CTRL_OK sfd=4073
DBG_C5_TX_CONFIG ret=0 ext=1 len=136 msg=40 reason=bounded-c5-flood
DBG_UWB_TX_CH5
DBG_NC o=0000000000000001 g=00000001 w=00 e=00000022 s=00000005 q=0004>0005 r=00000000 f=00000001 t=00000000 p=00000000 a=00
DBG_NC o=0000000000000001 g=00000001 w=00 e=00000042 s=00000005 q=0005>0006 r=00000000 f=00000001 t=00000000 p=00000000 a=00
DBG_NODE_COMM_ATTEMPT handle=1 profile=0 attempt=3 ret=0 rf=1 scheduled=0 state=0
DBG_GATEWAY_RX_START reason=gateway mesh restart active=1 qrx=0 qtx=0 adv_due=0
DBG_COORD state=gateway-rx owner=uwb-rx reason=gateway-rx rx=0 tx=0 relay=0 route=0 ack=0 qack=0
DBG_DWM_INVALIDATE tag=configure_radio_from_reset active_phy=4 configured=1 awake=1
DBG_DWM_MARK_UNCONFIGURED tag=initialise_radio prev_phy=0
DBG_GATEWAY_CH9_RX_CONT_ARM now=225153 rem=500 frames=0 errors=0
DBG_GATEWAY_CH9_RX_CONT_RESULT start=225153 end=225166 ret=-140 fail=0 status=0x02000000 len=0 frames=0
DBG_GATEWAY_CH9_RX_COMMAND_PREEMPT now=225166 rem=500 frames=0
DBG_GATEWAY_CH9_RX_CONT_DONE ret=-140 len=0 fail=0 recover=0
DBG_NC o=0000000000000001 g=00000001 w=00 e=00000023 s=00000005 q=0006>0004 r=00000000 f=00000024 t=00000000 p=00000000 a=00
DBG_NODE_COMM_TX_BEGIN handle=1 profile=0 msg=64 dst=0x0 seq=1
DBG_CONTROL_RX_HANDOFF_READY abort=0
DBG_COORD state=idle owner=c5-flood reason=idle rx=0 tx=0 relay=0 route=0 ack=0 qack=0
DBG_DWM_INVALIDATE tag=configure_radio_from_reset active_phy=3 configured=1 awake=1
DBG_DWM_MARK_UNCONFIGURED tag=initialise_radio prev_phy=0
DBG_DWM_INVALIDATE tag=configure_radio_from_reset active_phy=2 configured=1 awake=0
DBG_DWM_MARK_UNCONFIGURED tag=initialise_radio prev_phy=0
DBG_DWM_WAKE_MESH_CTRL_OK sfd=4073
DBG_C5_TX_CONFIG ret=0 ext=1 len=136 msg=40 reason=bounded-c5-flood
DBG_UWB_TX_CH5
DBG_NC o=0000000000000001 g=00000001 w=00 e=00000022 s=00000005 q=0004>0005 r=00000000 f=00000001 t=00000000 p=00000000 a=00
DBG_NC o=0000000000000001 g=00000001 w=00 e=00000041 s=00000005 q=0005>0008 r=00000000 f=00000026 t=00000000 p=00000001 a=04
DBG_NODE_COMM_ATTEMPT handle=1 profile=0 attempt=4 ret=0 rf=1 scheduled=0 state=0
DBG_GATEWAY_RX_START reason=gateway mesh restart active=1 qrx=0 qtx=0 adv_due=0
DBG_ENUM_RF_RESULT kind=1 handle=1 success=1 reason=0 tries=4
DBG_ENUM_COMPACT_GATEWAY_SCHEDULE now=225224 start=227049 deadline=228174 wait=2950
DBG_GATEWAY_RX_START reason=compact-enumeration active=1 qrx=0 qtx=0 adv_due=0
DBG_COORD state=gateway-rx owner=uwb-rx reason=gateway-rx rx=0 tx=0 relay=0 route=0 ack=0 qack=0
DBG_DWM_INVALIDATE tag=configure_radio_from_reset active_phy=4 configured=1 awake=1
DBG_DWM_MARK_UNCONFIGURED tag=initialise_radio prev_phy=0
DBG_GATEWAY_CH9_RX_CONT_ARM now=225251 rem=500 frames=0 errors=0
DBG_GATEWAY_CH9_RX_CONT_RESULT start=225251 end=225752 ret=-116 fail=0 status=0x02000000 len=0 frames=0
DBG_GATEWAY_CH9_RX_CONT_ARM now=225754 rem=500 frames=0 errors=0
DBG_GATEWAY_CH9_RX_CONT_RESULT start=225754 end=226255 ret=-116 fail=0 status=0x00000000 len=0 frames=0
DBG_GATEWAY_CH9_RX_CONT_ARM now=226257 rem=500 frames=0 errors=0
DBG_GATEWAY_CH9_RX_CONT_RESULT start=226257 end=226758 ret=-116 fail=0 status=0x00000000 len=0 frames=0
DBG_GATEWAY_CH9_RX_CONT_ARM now=226760 rem=500 frames=0 errors=0
DBG_GATEWAY_CH9_RX_CONT_RESULT start=226760 end=227261 ret=-116 fail=0 status=0x00000000 len=0 frames=0
DBG_DWM_INVALIDATE tag=configure_radio_from_reset active_phy=3 configured=1 awake=1
DBG_DWM_MARK_UNCONFIGURED tag=initialise_radio prev_phy=0
DBG_ENUM_COMPACT_GATEWAY_BEGIN now=227284 first_window=11 ret=0
DBG_ENUM_COMPACT_RECORD epoch=47185928 anchor=0x708bc0aab970300e hop=1 via=0x708bc0aab970300e responders=1
DBG_ENUM_COMPACT_DEPTH_WAIT observed_hop=1 through_hop=2 deadline=229299
DBG_ENUM_COMPACT_GATEWAY_RX epoch=47185928 child=0x708bc0aab970300e seq=0 records=1 ret=0
DBG_STACK_RUN_BEGIN epoch=12572237144906090616 run=10 kind=ble_backpressure owner=system_workqueue queue=1 custody=1 credit=0 retry=0 drain=1 src=11068027678940948070 dst=11068027678940948070 session=47185932 seq=12 type=86 sequence=0 previous=0 uptime=227312
DBG_STACK_SAMPLE_BEGIN epoch=12572237144906090616 run=10 sample=10 kind=ble_backpressure owner=system_workqueue queue=1 custody=1 credit=0 retry=0 drain=1 src=11068027678940948070 dst=11068027678940948070 session=47185932 seq=12 type=86 uptime=227313
DBG_STACK_ISR_CONFIG size=8192 run=10 sample=10
DBG_STACK name=BT RX WQ tid=0x2000fe28 used=760 free=776 size=1536 ret=0 run=10 sample=10
DBG_STACK name=mesh_route tid=0x2000d560 used=5888 free=2304 size=8192 ret=0 run=10 sample=10
DBG_STACK name=sysworkq tid=0x20010d80 used=2304 free=2176 size=4480 ret=0 run=10 sample=10
DBG_STACK name=MPSL Work tid=0x20010b38 used=360 free=664 size=1024 ret=0 run=10 sample=10
DBG_STACK name=logging tid=0x2000f930 used=480 free=1568 size=2048 ret=0 run=10 sample=10
DBG_STACK name=idle tid=0x20010c10 used=64 free=256 size=320 ret=0 run=10 sample=10
DBG_STACK_SAMPLE_END run=10 sample=10
DBG_STACK_RUN_END epoch=12572237144906090616 run=10 kind=ble_backpressure owner=system_workqueue outcome=ack queue=1 custody=0 credit=1 retry=0 drain=1 src=11068027678940948070 dst=11068027678940948070 session=47185932 seq=12 type=86 samples=1 sequence=0 previous=0 uptime=227339
DBG_ENUM_COMPACT_RECORD epoch=47185928 anchor=0x56da25fe4af6d141 hop=1 via=0x56da25fe4af6d141 responders=2
DBG_ENUM_COMPACT_GATEWAY_RX epoch=47185928 child=0x56da25fe4af6d141 seq=0 records=1 ret=0
DBG_ENUM_COMPACT_RECORD epoch=47185928 anchor=0x191a9619c6c8cb07 hop=1 via=0x191a9619c6c8cb07 responders=3
DBG_ENUM_COMPACT_QUIET max_hop=1 deadline=227688
DBG_ENUM_COMPACT_GATEWAY_RX epoch=47185928 child=0x191a9619c6c8cb07 seq=0 records=1 ret=0
DBG_ENUM_COMPACT_DEPTH_WAIT observed_hop=1 through_hop=2 deadline=229299
DBG_ENUM_COMPACT_QUIET max_hop=1 deadline=227710
DBG_ENUM_COMPACT_GATEWAY_RX epoch=47185928 child=0x708bc0aab970300e seq=0 records=1 ret=0
DBG_STACK_RUN_BEGIN epoch=12572237144906090616 run=11 kind=ble_backpressure owner=system_workqueue queue=2 custody=2 credit=0 retry=0 drain=2 src=11068027678940948070 dst=11068027678940948070 session=47185933 seq=13 type=86 sequence=0 previous=0 uptime=227584
DBG_STACK_SAMPLE_BEGIN epoch=12572237144906090616 run=11 sample=11 kind=ble_backpressure owner=system_workqueue queue=2 custody=2 credit=0 retry=0 drain=2 src=11068027678940948070 dst=11068027678940948070 session=47185933 seq=13 type=86 uptime=227584
DBG_STACK_ISR_CONFIG size=8192 run=11 sample=11
DBG_STACK name=BT RX WQ tid=0x2000fe28 used=760 free=776 size=1536 ret=0 run=11 sample=11
DBG_STACK name=mesh_route tid=0x2000d560 used=5888 free=2304 size=8192 ret=0 run=11 sample=11
DBG_STACK name=sysworkq tid=0x20010d80 used=2304 free=2176 size=4480 ret=0 run=11 sample=11
DBG_STACK name=MPSL Work tid=0x20010b38 used=360 free=664 size=1024 ret=0 run=11 sample=11
DBG_STACK name=logging tid=0x2000f930 used=480 free=1568 size=2048 ret=0 run=11 sample=11
DBG_STACK name=idle tid=0x20010c10 used=64 free=256 size=320 ret=0 run=11 sample=11
DBG_STACK_SAMPLE_END run=11 sample=11
DBG_STACK_RUN_END epoch=12572237144906090616 run=11 kind=ble_backpressure owner=system_workqueue outcome=ack queue=2 custody=0 credit=1 retry=0 drain=2 src=11068027678940948070 dst=11068027678940948070 session=47185933 seq=13 type=86 samples=1 sequence=0 previous=0 uptime=227604
DBG_ENUM_COMPACT_DEPTH_WAIT observed_hop=1 through_hop=2 deadline=229299
DBG_ENUM_COMPACT_QUIET max_hop=1 deadline=227761
DBG_ENUM_COMPACT_GATEWAY_RX epoch=47185928 child=0x708bc0aab970300e seq=0 records=1 ret=0
DBG_ENUM_COMPACT_DEPTH_WAIT observed_hop=1 through_hop=2 deadline=229299
DBG_ENUM_COMPACT_QUIET max_hop=1 deadline=227838
DBG_ENUM_COMPACT_GATEWAY_RX epoch=47185928 child=0x191a9619c6c8cb07 seq=0 records=1 ret=0
DBG_ENUM_COMPACT_DEPTH_WAIT observed_hop=1 through_hop=2 deadline=229299
DBG_ENUM_COMPACT_QUIET max_hop=1 deadline=227861
DBG_ENUM_COMPACT_GATEWAY_RX epoch=47185928 child=0x708bc0aab970300e seq=0 records=1 ret=0
DBG_STACK_RUN_BEGIN epoch=12572237144906090616 run=12 kind=ble_backpressure owner=system_workqueue queue=1 custody=1 credit=0 retry=0 drain=1 src=11068027678940948070 dst=11068027678940948070 session=47185934 seq=14 type=86 sequence=0 previous=0 uptime=227719
DBG_STACK_SAMPLE_BEGIN epoch=12572237144906090616 run=12 sample=12 kind=ble_backpressure owner=system_workqueue queue=1 custody=1 credit=0 retry=0 drain=1 src=11068027678940948070 dst=11068027678940948070 session=47185934 seq=14 type=86 uptime=227719
DBG_STACK_ISR_CONFIG size=8192 run=12 sample=12
DBG_STACK name=BT RX WQ tid=0x2000fe28 used=760 free=776 size=1536 ret=0 run=12 sample=12
DBG_STACK name=mesh_route tid=0x2000d560 used=5888 free=2304 size=8192 ret=0 run=12 sample=12
DBG_STACK name=sysworkq tid=0x20010d80 used=2304 free=2176 size=4480 ret=0 run=12 sample=12
DBG_STACK name=MPSL Work tid=0x20010b38 used=360 free=664 size=1024 ret=0 run=12 sample=12
DBG_STACK name=logging tid=0x2000f930 used=480 free=1568 size=2048 ret=0 run=12 sample=12
DBG_STACK name=idle tid=0x20010c10 used=64 free=256 size=320 ret=0 run=12 sample=12
DBG_STACK_SAMPLE_END run=12 sample=12
DBG_STACK_RUN_END epoch=12572237144906090616 run=12 kind=ble_backpressure owner=system_workqueue outcome=ack queue=1 custody=0 credit=1 retry=0 drain=1 src=11068027678940948070 dst=11068027678940948070 session=47185934 seq=14 type=86 samples=1 sequence=0 previous=0 uptime=227738
DBG_ENUM_COMPACT_GATEWAY_END now=227899 timeouts=25 raw=0 bundles=10 errors=0 ret=0
DBG_GATEWAY_COMMAND_PRIORITY_SUBMIT ret=0 now=227900
DBG_DWM_INVALIDATE tag=configure_radio_from_reset active_phy=2 configured=1 awake=1
DBG_DWM_MARK_UNCONFIGURED tag=initialise_radio prev_phy=0
DBG_GATEWAY_CH9_RX_CONT_ARM now=227921 rem=500 frames=0 errors=0
DBG_GATEWAY_CH9_RX_CONT_RESULT start=227921 end=227923 ret=-140 fail=0 status=0x02000000 len=0 frames=0
DBG_GATEWAY_CH9_RX_COMMAND_PREEMPT now=227923 rem=500 frames=0
DBG_GATEWAY_CH9_RX_CONT_DONE ret=-140 len=0 fail=0 recover=0
DBG_NC o=0000000000000002 g=00000002 w=00 e=0000003c s=00000005 q=0000>0004 r=00000000 f=00000024 t=00000000 p=00000000 a=00
DBG_NODE_COMM_SUBMIT handle=2 profile=6 token=17039362 deadline=237926
DBG_ENUM_FLOOD kind=2 handle=2
DBG_ENUM_TABLE_TX epoch=47185928 count=3 round=1 ret=0
DBG_NODE_COMM_TX_BEGIN handle=2 profile=6 msg=64 dst=0x0 seq=2
DBG_CONTROL_RX_HANDOFF_READY abort=0
DBG_COORD state=idle owner=c5-flood reason=idle rx=0 tx=0 relay=0 route=0 ack=0 qack=0
DBG_DWM_INVALIDATE tag=configure_radio_from_reset active_phy=3 configured=1 awake=1
DBG_DWM_MARK_UNCONFIGURED tag=initialise_radio prev_phy=0
DBG_DWM_INVALIDATE tag=configure_radio_from_reset active_phy=2 configured=1 awake=0
DBG_DWM_MARK_UNCONFIGURED tag=initialise_radio prev_phy=0
DBG_DWM_WAKE_MESH_CTRL_OK sfd=4073
DBG_C5_TX_CONFIG ret=0 ext=1 len=187 msg=40 reason=bounded-c5-flood
DBG_UWB_TX_CH5
DBG_NC o=0000000000000002 g=00000002 w=00 e=00000022 s=00000005 q=0004>0005 r=00000000 f=00000001 t=00000000 p=00000000 a=00
DBG_NC o=0000000000000002 g=00000002 w=00 e=00000041 s=00000005 q=0005>0008 r=00000000 f=00000026 t=00000000 p=00000001 a=01
DBG_NODE_COMM_ATTEMPT handle=2 profile=6 attempt=1 ret=0 rf=1 scheduled=0 state=0
DBG_GATEWAY_RX_START reason=gateway mesh restart active=1 qrx=0 qtx=0 adv_due=0
DBG_ENUM_RF_RESULT kind=2 handle=2 success=1 reason=0 tries=1
DBG_COORD state=gateway-rx owner=uwb-rx reason=gateway-rx rx=0 tx=0 relay=0 route=0 ack=0 qack=0
DBG_DWM_INVALIDATE tag=configure_radio_from_reset active_phy=4 configured=1 awake=1
DBG_DWM_MARK_UNCONFIGURED tag=initialise_radio prev_phy=0
DBG_GATEWAY_CH9_RX_CONT_ARM now=228009 rem=500 frames=0 errors=0
DBG_GATEWAY_CH9_RX_CONT_RESULT start=228009 end=228510 ret=-116 fail=0 status=0x02000000 len=0 frames=0
DBG_GATEWAY_CH9_RX_CONT_ARM now=228512 rem=500 frames=0 errors=0
DBG_GATEWAY_CH9_RX_CONT_RESULT start=228512 end=229013 ret=-116 fail=0 status=0x00000000 len=0 frames=0
DBG_NC o=0000000000000003 g=00000003 w=00 e=0000003c s=00000005 q=0000>0004 r=00000000 f=00000024 t=00000000 p=00000000 a=00
DBG_NODE_COMM_SUBMIT handle=3 profile=6 token=17039363 deadline=239014
DBG_ENUM_FLOOD kind=3 handle=3
DBG_ENUM_END_TX epoch=47185928 table_seq=47185935 ret=0
DBG_NODE_COMM_TX_BEGIN handle=3 profile=6 msg=64 dst=0x0 seq=3
DBG_CONTROL_RX_HANDOFF_READY abort=0
DBG_COORD state=idle owner=c5-flood reason=idle rx=0 tx=0 relay=0 route=0 ack=0 qack=0
DBG_DWM_INVALIDATE tag=configure_radio_from_reset active_phy=3 configured=1 awake=1
DBG_DWM_MARK_UNCONFIGURED tag=initialise_radio prev_phy=0
DBG_DWM_INVALIDATE tag=configure_radio_from_reset active_phy=2 configured=1 awake=0
DBG_DWM_MARK_UNCONFIGURED tag=initialise_radio prev_phy=0
DBG_DWM_WAKE_MESH_CTRL_OK sfd=4073
DBG_C5_TX_CONFIG ret=0 ext=1 len=169 msg=40 reason=bounded-c5-flood
DBG_UWB_TX_CH5
DBG_NC o=0000000000000003 g=00000003 w=00 e=00000022 s=00000005 q=0004>0005 r=00000000 f=00000001 t=00000000 p=00000000 a=00
DBG_NC o=0000000000000003 g=00000003 w=00 e=00000041 s=00000005 q=0005>0008 r=00000000 f=00000026 t=00000000 p=00000001 a=01
DBG_NODE_COMM_ATTEMPT handle=3 profile=6 attempt=1 ret=0 rf=1 scheduled=0 state=0
DBG_GATEWAY_RX_START reason=gateway mesh restart active=1 qrx=0 qtx=0 adv_due=0
DBG_ENUM_RF_RESULT kind=3 handle=3 success=1 reason=0 tries=1
DBG_COORD state=gateway-rx owner=uwb-rx reason=gateway-rx rx=0 tx=0 relay=0 route=0 ack=0 qack=0
DBG_DWM_INVALIDATE tag=configure_radio_from_reset active_phy=4 configured=1 awake=1
DBG_DWM_MARK_UNCONFIGURED tag=initialise_radio prev_phy=0
DBG_GATEWAY_CH9_RX_CONT_ARM now=229099 rem=500 frames=0 errors=0
DBG_GATEWAY_CH9_RX_CONT_RESULT start=229099 end=229600 ret=-116 fail=0 status=0x02000000 len=0 frames=0
DBG_GATEWAY_CH9_RX_CONT_ARM now=229602 rem=500 frames=0 errors=0
DBG_GATEWAY_CH9_RX_CONT_RESULT start=229602 end=230103 ret=-116 fail=0 status=0x00000000 len=0 frames=0
DBG_GATEWAY_COMMAND_PRIORITY_SUBMIT ret=0 now=230104
DBG_GATEWAY_CH9_RX_CONT_ARM now=230105 rem=500 frames=0 errors=0
DBG_GATEWAY_CH9_RX_CONT_RESULT start=230105 end=230106 ret=-140 fail=0 status=0x00000000 len=0 frames=0
DBG_GATEWAY_CH9_RX_COMMAND_PREEMPT now=230107 rem=500 frames=0
DBG_GATEWAY_CH9_RX_CONT_DONE ret=-140 len=0 fail=0 recover=0
DBG_STACK_RUN_BEGIN epoch=12572237144906090616 run=13 kind=ble_backpressure owner=system_workqueue queue=2 custody=2 credit=0 retry=0 drain=2 src=11068027678940948070 dst=11068027678940948070 session=47185939 seq=19 type=86 sequence=0 previous=0 uptime=230108
DBG_STACK_SAMPLE_BEGIN epoch=12572237144906090616 run=13 sample=13 kind=ble_backpressure owner=system_workqueue queue=2 custody=2 credit=0 retry=0 drain=2 src=11068027678940948070 dst=11068027678940948070 session=47185939 seq=19 type=86 uptime=230108
DBG_STACK_ISR_CONFIG size=8192 run=13 sample=13
DBG_STACK name=BT RX WQ tid=0x2000fe28 used=760 free=776 size=1536 ret=0 run=13 sample=13
DBG_STACK name=mesh_route tid=0x2000d560 used=5888 free=2304 size=8192 ret=0 run=13 sample=13
DBG_STACK name=sysworkq tid=0x20010d80 used=2304 free=2176 size=4480 ret=0 run=13 sample=13
DBG_STACK name=MPSL Work tid=0x20010b38 used=360 free=664 size=1024 ret=0 run=13 sample=13
DBG_STACK name=logging tid=0x2000f930 used=480 free=1568 size=2048 ret=0 run=13 sample=13
DBG_STACK name=idle tid=0x20010c10 used=64 free=256 size=320 ret=0 run=13 sample=13
DBG_STACK_SAMPLE_END run=13 sample=13
DBG_STACK_RUN_END epoch=12572237144906090616 run=13 kind=ble_backpressure owner=system_workqueue outcome=ack queue=2 custody=0 credit=1 retry=0 drain=2 src=11068027678940948070 dst=11068027678940948070 session=47185939 seq=19 type=86 samples=1 sequence=0 previous=0 uptime=230124
DBG_STACK_RUN_BEGIN epoch=12572237144906090616 run=14 kind=ble_backpressure owner=system_workqueue queue=2 custody=2 credit=0 retry=0 drain=2 src=11068027678940948070 dst=11068027678940948070 session=1191604977 seq=29425 type=65 sequence=0 previous=0 uptime=230194
DBG_STACK_SAMPLE_BEGIN epoch=12572237144906090616 run=14 sample=14 kind=ble_backpressure owner=system_workqueue queue=2 custody=2 credit=0 retry=0 drain=2 src=11068027678940948070 dst=11068027678940948070 session=1191604977 seq=29425 type=65 uptime=230194
DBG_STACK_ISR_CONFIG size=8192 run=14 sample=14
DBG_STACK name=BT RX WQ tid=0x2000fe28 used=760 free=776 size=1536 ret=0 run=14 sample=14
DBG_STACK name=mesh_route tid=0x2000d560 used=5888 free=2304 size=8192 ret=0 run=14 sample=14
DBG_STACK name=sysworkq tid=0x20010d80 used=2408 free=2072 size=4480 ret=0 run=14 sample=14
DBG_STACK name=MPSL Work tid=0x20010b38 used=360 free=664 size=1024 ret=0 run=14 sample=14
DBG_STACK name=logging tid=0x2000f930 used=480 free=1568 size=2048 ret=0 run=14 sample=14
DBG_STACK name=idle tid=0x20010c10 used=64 free=256 size=320 ret=0 run=14 sample=14
DBG_STACK_SAMPLE_END run=14 sample=14
DBG_STACK_RUN_END epoch=12572237144906090616 run=14 kind=ble_backpressure owner=system_workqueue outcome=ack queue=2 custody=0 credit=1 retry=0 drain=2 src=11068027678940948070 dst=11068027678940948070 session=1191604977 seq=29425 type=65 samples=1 sequence=0 previous=0 uptime=230208
DBG_STACK_RUN_BEGIN epoch=12572237144906090616 run=15 kind=ble_backpressure owner=system_workqueue queue=1 custody=1 credit=0 retry=0 drain=1 src=11068027678940948070 dst=11068027678940948070 session=47185940 seq=20 type=86 sequence=0 previous=0 uptime=230463
DBG_STACK_SAMPLE_BEGIN epoch=12572237144906090616 run=15 sample=15 kind=ble_backpressure owner=system_workqueue queue=1 custody=1 credit=0 retry=0 drain=1 src=11068027678940948070 dst=11068027678940948070 session=47185940 seq=20 type=86 uptime=230464
DBG_STACK_ISR_CONFIG size=8192 run=15 sample=15
DBG_STACK name=BT RX WQ tid=0x2000fe28 used=760 free=776 size=1536 ret=0 run=15 sample=15
DBG_STACK name=mesh_route tid=0x2000d560 used=5888 free=2304 size=8192 ret=0 run=15 sample=15
DBG_STACK name=sysworkq tid=0x20010d80 used=2408 free=2072 size=4480 ret=0 run=15 sample=15
DBG_STACK name=MPSL Work tid=0x20010b38 used=360 free=664 size=1024 ret=0 run=15 sample=15
DBG_STACK name=logging tid=0x2000f930 used=480 free=1568 size=2048 ret=0 run=15 sample=15
DBG_STACK name=idle tid=0x20010c10 used=64 free=256 size=320 ret=0 run=15 sample=15
DBG_STACK_SAMPLE_END run=15 sample=15
DBG_STACK_RUN_END epoch=12572237144906090616 run=15 kind=ble_backpressure owner=system_workqueue outcome=ack queue=1 custody=0 credit=1 retry=0 drain=1 src=11068027678940948070 dst=11068027678940948070 session=47185940 seq=20 type=86 samples=1 sequence=0 previous=0 uptime=230474
DBG_STACK_RUN_BEGIN epoch=12572237144906090616 run=16 kind=ble_backpressure owner=system_workqueue queue=1 custody=1 credit=0 retry=0 drain=1 src=11068027678940948070 dst=11068027678940948070 session=47185941 seq=21 type=86 sequence=0 previous=0 uptime=230554
DBG_STACK_SAMPLE_BEGIN epoch=12572237144906090616 run=16 sample=16 kind=ble_backpressure owner=system_workqueue queue=1 custody=1 credit=0 retry=0 drain=1 src=11068027678940948070 dst=11068027678940948070 session=47185941 seq=21 type=86 uptime=230554
DBG_STACK_ISR_CONFIG size=8192 run=16 sample=16
DBG_STACK name=BT RX WQ tid=0x2000fe28 used=760 free=776 size=1536 ret=0 run=16 sample=16
DBG_STACK name=mesh_route tid=0x2000d560 used=5888 free=2304 size=8192 ret=0 run=16 sample=16
DBG_STACK name=sysworkq tid=0x20010d80 used=2408 free=2072 size=4480 ret=0 run=16 sample=16
DBG_STACK name=MPSL Work tid=0x20010b38 used=360 free=664 size=1024 ret=0 run=16 sample=16
DBG_STACK name=logging tid=0x2000f930 used=480 free=1568 size=2048 ret=0 run=16 sample=16
DBG_STACK name=idle tid=0x20010c10 used=64 free=256 size=320 ret=0 run=16 sample=16
DBG_STACK_SAMPLE_END run=16 sample=16
DBG_STACK_RUN_END epoch=12572237144906090616 run=16 kind=ble_backpressure owner=system_workqueue outcome=ack queue=1 custody=0 credit=1 retry=0 drain=1 src=11068027678940948070 dst=11068027678940948070 session=47185941 seq=21 type=86 samples=1 sequence=0 previous=0 uptime=230574
DBG_GATEWAY_CH9_RX_CONT_RESULT start=230110 end=230610 ret=-116 fail=0 status=0x00000000 len=0 frames=0
DBG_GATEWAY_CH9_RX_CONT_ARM now=230612 rem=500 frames=0 errors=0
DBG_STACK_RUN_BEGIN epoch=12572237144906090616 run=17 kind=ble_backpressure owner=system_workqueue queue=1 custody=1 credit=0 retry=0 drain=1 src=11068027678940948070 dst=11068027678940948070 session=47185942 seq=22 type=86 sequence=0 previous=0 uptime=230734
DBG_STACK_SAMPLE_BEGIN epoch=12572237144906090616 run=17 sample=17 kind=ble_backpressure owner=system_workqueue queue=1 custody=1 credit=0 retry=0 drain=1 src=11068027678940948070 dst=11068027678940948070 session=47185942 seq=22 type=86 uptime=230734
DBG_STACK_ISR_CONFIG size=8192 run=17 sample=17
DBG_STACK name=BT RX WQ tid=0x2000fe28 used=760 free=776 size=1536 ret=0 run=17 sample=17
DBG_STACK name=mesh_route tid=0x2000d560 used=5888 free=2304 size=8192 ret=0 run=17 sample=17
DBG_STACK name=sysworkq tid=0x20010d80 used=2408 free=2072 size=4480 ret=0 run=17 sample=17
DBG_STACK name=MPSL Work tid=0x20010b38 used=360 free=664 size=1024 ret=0 run=17 sample=17
DBG_STACK name=logging tid=0x2000f930 used=480 free=1568 size=2048 ret=0 run=17 sample=17
DBG_STACK name=idle tid=0x20010c10 used=64 free=256 size=320 ret=0 run=17 sample=17
DBG_STACK_SAMPLE_END run=17 sample=17
DBG_STACK_RUN_END epoch=12572237144906090616 run=17 kind=ble_backpressure owner=system_workqueue outcome=ack queue=1 custody=0 credit=1 retry=0 drain=1 src=11068027678940948070 dst=11068027678940948070 session=47185942 seq=22 type=86 samples=1 sequence=0 previous=0 uptime=230754
DBG_STACK_RUN_BEGIN epoch=12572237144906090616 run=18 kind=ble_backpressure owner=system_workqueue queue=1 custody=1 credit=0 retry=0 drain=1 src=11068027678940948070 dst=11068027678940948070 session=47185943 seq=23 type=86 sequence=0 previous=0 uptime=231004
DBG_STACK_SAMPLE_BEGIN epoch=12572237144906090616 run=18 sample=18 kind=ble_backpressure owner=system_workqueue queue=1 custody=1 credit=0 retry=0 drain=1 src=11068027678940948070 dst=11068027678940948070 session=47185943 seq=23 type=86 uptime=231004
DBG_STACK_ISR_CONFIG size=8192 run=18 sample=18
DBG_STACK name=BT RX WQ tid=0x2000fe28 used=760 free=776 size=1536 ret=0 run=18 sample=18
DBG_STACK name=mesh_route tid=0x2000d560 used=5888 free=2304 size=8192 ret=0 run=18 sample=18
DBG_STACK name=sysworkq tid=0x20010d80 used=2408 free=2072 size=4480 ret=0 run=18 sample=18
DBG_STACK name=MPSL Work tid=0x20010b38 used=360 free=664 size=1024 ret=0 run=18 sample=18
DBG_STACK name=logging tid=0x2000f930 used=480 free=1568 size=2048 ret=0 run=18 sample=18
DBG_STACK name=idle tid=0x20010c10 used=64 free=256 size=320 ret=0 run=18 sample=18
DBG_STACK_SAMPLE_END run=18 sample=18
DBG_STACK_RUN_END epoch=12572237144906090616 run=18 kind=ble_backpressure owner=system_workqueue outcome=ack queue=1 custody=0 credit=1 retry=0 drain=1 src=11068027678940948070 dst=11068027678940948070 session=47185943 seq=23 type=86 samples=1 sequence=0 previous=0 uptime=231020
DBG_STACK_RUN_BEGIN epoch=12572237144906090616 run=19 kind=ble_backpressure owner=system_workqueue queue=1 custody=1 credit=0 retry=0 drain=1 src=11068027678940948070 dst=11068027678940948070 session=47185944 seq=24 type=86 sequence=0 previous=0 uptime=231094
DBG_STACK_SAMPLE_BEGIN epoch=12572237144906090616 run=19 sample=19 kind=ble_backpressure owner=system_workqueue queue=1 custody=1 credit=0 retry=0 drain=1 src=11068027678940948070 dst=11068027678940948070 session=47185944 seq=24 type=86 uptime=231094
DBG_STACK_ISR_CONFIG size=8192 run=19 sample=19
DBG_STACK name=BT RX WQ tid=0x2000fe28 used=760 free=776 size=1536 ret=0 run=19 sample=19
DBG_STACK name=mesh_route tid=0x2000d560 used=5888 free=2304 size=8192 ret=0 run=19 sample=19
DBG_STACK name=sysworkq tid=0x20010d80 used=2408 free=2072 size=4480 ret=0 run=19 sample=19
DBG_STACK name=MPSL Work tid=0x20010b38 used=360 free=664 size=1024 ret=0 run=19 sample=19
DBG_STACK name=logging tid=0x2000f930 used=480 free=1568 size=2048 ret=0 run=19 sample=19
DBG_STACK name=idle tid=0x20010c10 used=64 free=256 size=320 ret=0 run=19 sample=19
DBG_STACK_SAMPLE_END run=19 sample=19
DBG_STACK_RUN_END epoch=12572237144906090616 run=19 kind=ble_backpressure owner=system_workqueue outcome=ack queue=1 custody=0 credit=1 retry=0 drain=1 src=11068027678940948070 dst=11068027678940948070 session=47185944 seq=24 type=86 samples=1 sequence=0 previous=0 uptime=231114
DBG_GATEWAY_CH9_RX_CONT_ARM now=231116 rem=500 frames=0 errors=0
DBG_GATEWAY_CH9_RX_CONT_RESULT start=231116 end=231616 ret=-116 fail=0 status=0x00000000 len=0 frames=0
DBG_GATEWAY_CH9_RX_CONT_ARM now=231621 rem=500 frames=0 errors=0
DBG_GATEWAY_CH9_RX_CONT_RESULT start=231621 end=232122 ret=-116 fail=0 status=0x00000000 len=0 frames=0
DBG_GATEWAY_CH9_RX_CONT_ARM now=232124 rem=500 frames=0 errors=0
DBG_GATEWAY_CH9_RX_CONT_RESULT start=232124 end=232625 ret=-116 fail=0 status=0x00000000 len=0 frames=0
DBG_GATEWAY_CH9_RX_CONT_ARM now=232627 rem=500 frames=0 errors=0
DBG_GATEWAY_CH9_RX_CONT_RESULT start=232627 end=233128 ret=-116 fail=0 status=0x00000000 len=0 frames=0
DBG_GATEWAY_CH9_RX_CONT_ARM now=233130 rem=500 frames=0 errors=0
DBG_GATEWAY_BLE event=disconnected reason=19 uptime=233342
DBG_GATEWAY_BLE event=recovery round=1 delay_ms=270 reason=disconnected uptime=233342
DBG_GATEWAY_CH9_RX_CONT_RESULT start=233130 end=233631 ret=-116 fail=0 status=0x00000000 len=0 frames=0
DBG_GATEWAY_CH9_RX_CONT_ARM now=233633 rem=500 frames=0 errors=0
DBG_GATEWAY_CH9_RX_CONT_RESULT start=233633 end=234134 ret=-116 fail=0 status=0x00000000 len=0 frames=0
DBG_GATEWAY_CH9_RX_CONT_ARM now=234136 rem=500 frames=0 errors=0
DBG_GATEWAY_CH9_RX_CONT_RESULT start=234136 end=234637 ret=-116 fail=0 status=0x00000000 len=0 frames=0
DBG_GATEWAY_CH9_RX_CONT_ARM now=234639 rem=500 frames=0 errors=0
DBG_GATEWAY_CH9_RX_CONT_RESULT start=234639 end=235140 ret=-116 fail=0 status=0x00000000 len=0 frames=0
DBG_GATEWAY_CH9_RX_CONT_ARM now=235142 rem=500 frames=0 errors=0
DBG_GATEWAY_CH9_RX_CONT_RESULT start=235142 end=235643 ret=-116 fail=0 status=0x00000000 len=0 frames=0
DBG_GATEWAY_CH9_RX_CONT_ARM now=235645 rem=500 frames=0 errors=0
DBG_GATEWAY_CH9_RX_CONT_RESULT start=235645 end=236146 ret=-116 fail=0 status=0x00000000 len=0 frames=0
DBG_GATEWAY_CH9_RX_CONT_ARM now=236148 rem=500 frames=0 errors=0
