BLE_CONNECTED gateway_id=0x9999888877776666 command=here-i-am session=1191604976 frame=04c101400201010101010101116666777788889999f0720647f07201330101010410020c06ab04dc620607ae0b0101010304dc620607e803ae1301020310620102c8040604fa010104b5f80305ae050103050201211700
BLE_CHUNK len=118 hex=4757012801060100560401000100d00266667777888899996666777788889999000000004e00f028014e0302000000000c007600f072064700000000f0720647f07200000100d002000000000000000000000000000000000000000000000000000000000000000000000000000000000000000000ff
BLE_PACKET type=0x56 src=0x9999888877776666 dst=0x9999888877776666 session=47185921 seq=1 payload=014e0302000000000c007600f072064700000000f0720647f07200000100d002000000000000000000000000000000000000000000000000000000000000000000000000000000000000000000ff
GATEWAY_COMMAND_EVENT GatewayCommandEvent(command_kind=3, stage=2, flags=0, attempt=0, command_status=0, reason=0, command_id=12, route_epoch=118, correlation_id=1191604976, gateway_sequence=0, host_session_id=1191604976, host_sequence=29424, event_sequence=47185921, anchor_id=0, pair_initiator_id=0, pair_responder_id=0, previous_hop_id=0, progress_count=0, total_count=0, success_count=0, failure_count=0, duplicate_count=0, lost_event_count=0, hop_count=0, discovery_slot=255)
BLE_HOST_RECEIPT type=0x56 src=0x9999888877776666 session=47185921 seq=1
BLE_CHUNK len=118 hex=4757012801060100560402000200d00266667777888899996666777788889999000000004e0054ed014e0303000000000c007600f072064700000000f0720647f07200000200d002000000000000000000000000000000000000000000000000000000000000000000000000000000000000000000ff
BLE_PACKET type=0x56 src=0x9999888877776666 dst=0x9999888877776666 session=47185922 seq=2 payload=014e0303000000000c007600f072064700000000f0720647f07200000200d002000000000000000000000000000000000000000000000000000000000000000000000000000000000000000000ff
GATEWAY_COMMAND_EVENT GatewayCommandEvent(command_kind=3, stage=3, flags=0, attempt=0, command_status=0, reason=0, command_id=12, route_epoch=118, correlation_id=1191604976, gateway_sequence=0, host_session_id=1191604976, host_sequence=29424, event_sequence=47185922, anchor_id=0, pair_initiator_id=0, pair_responder_id=0, previous_hop_id=0, progress_count=0, total_count=0, success_count=0, failure_count=0, duplicate_count=0, lost_event_count=0, hop_count=0, discovery_slot=255)
BLE_HOST_RECEIPT type=0x56 src=0x9999888877776666 session=47185922 seq=2
BLE_CHUNK len=118 hex=4757012801060100560404000400d00266667777888899996666777788889999000000004e00cbe9014e0304000100000c007600f07206470300d002f0720647f07200000400d002000000000000000000000000000000000000000000000000000000000000000004000000000000000000000000ff
BLE_PACKET type=0x56 src=0x9999888877776666 dst=0x9999888877776666 session=47185924 seq=4 payload=014e0304000100000c007600f07206470300d002f0720647f07200000400d002000000000000000000000000000000000000000000000000000000000000000004000000000000000000000000ff
GATEWAY_COMMAND_EVENT GatewayCommandEvent(command_kind=3, stage=4, flags=0, attempt=1, command_status=0, reason=0, command_id=12, route_epoch=118, correlation_id=1191604976, gateway_sequence=47185923, host_session_id=1191604976, host_sequence=29424, event_sequence=47185924, anchor_id=0, pair_initiator_id=0, pair_responder_id=0, previous_hop_id=0, progress_count=4, total_count=0, success_count=0, failure_count=0, duplicate_count=0, lost_event_count=0, hop_count=0, discovery_slot=255)
BLE_HOST_RECEIPT type=0x56 src=0x9999888877776666 session=47185924 seq=4
BLE_CHUNK len=51 hex=47570128010201004104f072f072064766667777888899996666777788889999000000000b00a18510020c00110200001e0100
BLE_PACKET type=0x41 src=0x9999888877776666 dst=0x9999888877776666 session=1191604976 seq=29424 payload=10020c00110200001e0100
BLE_HOST_RECEIPT type=0x41 src=0x9999888877776666 session=1191604976 seq=29424
BLE_CHUNK len=118 hex=4757012801060000560405000500d00266667777888899996666777788889999000000004e009f11014e030c030100000c007600f07206470300d002f0720647f07200000500d002000000000000000000000000000000000000000000000000000000000000000004000000000000000000000000ff
BLE_PACKET type=0x56 src=0x9999888877776666 dst=0x9999888877776666 session=47185925 seq=5 payload=014e030c030100000c007600f07206470300d002f0720647f07200000500d002000000000000000000000000000000000000000000000000000000000000000004000000000000000000000000ff
GATEWAY_COMMAND_EVENT GatewayCommandEvent(command_kind=3, stage=12, flags=3, attempt=1, command_status=0, reason=0, command_id=12, route_epoch=118, correlation_id=1191604976, gateway_sequence=47185923, host_session_id=1191604976, host_sequence=29424, event_sequence=47185925, anchor_id=0, pair_initiator_id=0, pair_responder_id=0, previous_hop_id=0, progress_count=4, total_count=0, success_count=0, failure_count=0, duplicate_count=0, lost_event_count=0, hop_count=0, discovery_slot=255)
BLE_HOST_RECEIPT type=0x56 src=0x9999888877776666 session=47185925 seq=5
HERE_I_AM_LOCAL_FLOOD_OK attempts=1 retries=0 delivery_claim=local-broadcast-only
BLE_CONNECTED gateway_id=0x9999888877776666 command=assign-slots session=1191604977 frame=04c101400201010101010101116666777788889999f1720647f172011b010101081002040178020306ab04dc620607ae0b0101010304dc620605e803642b00
BLE_CHUNK len=118 hex=4757012801060100560406000600d00266667777888899996666777788889999000000004e008f3f014e01020000000004017600f172064700000000f1720647f17200000600d002000000000000000000000000000000000000000000000000000000000000000000000000000000000000000000ff
BLE_PACKET type=0x56 src=0x9999888877776666 dst=0x9999888877776666 session=47185926 seq=6 payload=014e01020000000004017600f172064700000000f1720647f17200000600d002000000000000000000000000000000000000000000000000000000000000000000000000000000000000000000ff
GATEWAY_COMMAND_EVENT GatewayCommandEvent(command_kind=1, stage=2, flags=0, attempt=0, command_status=0, reason=0, command_id=260, route_epoch=118, correlation_id=1191604977, gateway_sequence=0, host_session_id=1191604977, host_sequence=29425, event_sequence=47185926, anchor_id=0, pair_initiator_id=0, pair_responder_id=0, previous_hop_id=0, progress_count=0, total_count=0, success_count=0, failure_count=0, duplicate_count=0, lost_event_count=0, hop_count=0, discovery_slot=255)
BLE_HOST_RECEIPT type=0x56 src=0x9999888877776666 session=47185926 seq=6
BLE_CHUNK len=118 hex=4757012801060100560407000700d00266667777888899996666777788889999000000004e00c7de014e01030000000004017600f172064700000000f1720647f17200000700d002000000000000000000000000000000000000000000000000000000000000000000000000000000000000000000ff
BLE_PACKET type=0x56 src=0x9999888877776666 dst=0x9999888877776666 session=47185927 seq=7 payload=014e01030000000004017600f172064700000000f1720647f17200000700d002000000000000000000000000000000000000000000000000000000000000000000000000000000000000000000ff
GATEWAY_COMMAND_EVENT GatewayCommandEvent(command_kind=1, stage=3, flags=0, attempt=0, command_status=0, reason=0, command_id=260, route_epoch=118, correlation_id=1191604977, gateway_sequence=0, host_session_id=1191604977, host_sequence=29425, event_sequence=47185927, anchor_id=0, pair_initiator_id=0, pair_responder_id=0, previous_hop_id=0, progress_count=0, total_count=0, success_count=0, failure_count=0, duplicate_count=0, lost_event_count=0, hop_count=0, discovery_slot=255)
BLE_CHUNK len=118 hex=4757012801060100560409000900d00266667777888899996666777788889999000000004e0072ab014e01030000000004017600f17206470800d002f1720647f17200000900d002000000000000000000000000000000000000000000000000000000000000000000000000000000000000000000ff
BLE_PACKET type=0x56 src=0x9999888877776666 dst=0x9999888877776666 session=47185929 seq=9 payload=014e01030000000004017600f17206470800d002f1720647f17200000900d002000000000000000000000000000000000000000000000000000000000000000000000000000000000000000000ff
GATEWAY_COMMAND_EVENT GatewayCommandEvent(command_kind=1, stage=3, flags=0, attempt=0, command_status=0, reason=0, command_id=260, route_epoch=118, correlation_id=1191604977, gateway_sequence=47185928, host_session_id=1191604977, host_sequence=29425, event_sequence=47185929, anchor_id=0, pair_initiator_id=0, pair_responder_id=0, previous_hop_id=0, progress_count=0, total_count=0, success_count=0, failure_count=0, duplicate_count=0, lost_event_count=0, hop_count=0, discovery_slot=255)
BLE_HOST_RECEIPT type=0x56 src=0x9999888877776666 session=47185927 seq=7
BLE_HOST_RECEIPT type=0x56 src=0x9999888877776666 session=47185929 seq=9
BLE_CHUNK len=118 hex=475701280106010056040b000b00d00266667777888899996666777788889999000000004e0046f2014e01040001000004017600f17206470800d002f1720647f17200000b00d002000000000000000000000000000000000000000000000000000000000000000000000000000000000000000000ff
BLE_PACKET type=0x56 src=0x9999888877776666 dst=0x9999888877776666 session=47185931 seq=11 payload=014e01040001000004017600f17206470800d002f1720647f17200000b00d002000000000000000000000000000000000000000000000000000000000000000000000000000000000000000000ff
GATEWAY_COMMAND_EVENT GatewayCommandEvent(command_kind=1, stage=4, flags=0, attempt=1, command_status=0, reason=0, command_id=260, route_epoch=118, correlation_id=1191604977, gateway_sequence=47185928, host_session_id=1191604977, host_sequence=29425, event_sequence=47185931, anchor_id=0, pair_initiator_id=0, pair_responder_id=0, previous_hop_id=0, progress_count=0, total_count=0, success_count=0, failure_count=0, duplicate_count=0, lost_event_count=0, hop_count=0, discovery_slot=255)
BLE_HOST_RECEIPT type=0x56 src=0x9999888877776666 session=47185931 seq=11
BLE_CHUNK len=118 hex=475701280106010056040c000c00d00266667777888899996666777788889999000000004e003799014e01060000000004017600f17206470800d002f1720647f17200000c00d0020e3070b9aac08b70000000000000000000000000000000000e3070b9aac08b7001000000000000000000000001ff
BLE_PACKET type=0x56 src=0x9999888877776666 dst=0x9999888877776666 session=47185932 seq=12 payload=014e01060000000004017600f17206470800d002f1720647f17200000c00d0020e3070b9aac08b70000000000000000000000000000000000e3070b9aac08b7001000000000000000000000001ff
GATEWAY_COMMAND_EVENT GatewayCommandEvent(command_kind=1, stage=6, flags=0, attempt=0, command_status=0, reason=0, command_id=260, route_epoch=118, correlation_id=1191604977, gateway_sequence=47185928, host_session_id=1191604977, host_sequence=29425, event_sequence=47185932, anchor_id=8109787393498820622, pair_initiator_id=0, pair_responder_id=0, previous_hop_id=8109787393498820622, progress_count=1, total_count=0, success_count=0, failure_count=0, duplicate_count=0, lost_event_count=0, hop_count=1, discovery_slot=255)
BLE_HOST_RECEIPT type=0x56 src=0x9999888877776666 session=47185932 seq=12
BLE_CHUNK len=118 hex=475701280106010056040d000d00d00266667777888899996666777788889999000000004e000567014e01060000000004017600f17206470800d002f1720647f17200000d00d00241d1f64afe25da560000000000000000000000000000000041d1f64afe25da5602000000000000000100000001ff
BLE_PACKET type=0x56 src=0x9999888877776666 dst=0x9999888877776666 session=47185933 seq=13 payload=014e01060000000004017600f17206470800d002f1720647f17200000d00d00241d1f64afe25da560000000000000000000000000000000041d1f64afe25da5602000000000000000100000001ff
GATEWAY_COMMAND_EVENT GatewayCommandEvent(command_kind=1, stage=6, flags=0, attempt=0, command_status=0, reason=0, command_id=260, route_epoch=118, correlation_id=1191604977, gateway_sequence=47185928, host_session_id=1191604977, host_sequence=29425, event_sequence=47185933, anchor_id=6258356406294335809, pair_initiator_id=0, pair_responder_id=0, previous_hop_id=6258356406294335809, progress_count=2, total_count=0, success_count=0, failure_count=0, duplicate_count=1, lost_event_count=0, hop_count=1, discovery_slot=255)
BLE_HOST_RECEIPT type=0x56 src=0x9999888877776666 session=47185933 seq=13
BLE_CHUNK len=118 hex=475701280106010056040e000e00d00266667777888899996666777788889999000000004e008c46014e01060000000004017600f17206470800d002f1720647f17200000e00d00207cbc8c619961a190000000000000000000000000000000007cbc8c619961a1903000000000000000100000001ff
BLE_PACKET type=0x56 src=0x9999888877776666 dst=0x9999888877776666 session=47185934 seq=14 payload=014e01060000000004017600f17206470800d002f1720647f17200000e00d00207cbc8c619961a190000000000000000000000000000000007cbc8c619961a1903000000000000000100000001ff
GATEWAY_COMMAND_EVENT GatewayCommandEvent(command_kind=1, stage=6, flags=0, attempt=0, command_status=0, reason=0, command_id=260, route_epoch=118, correlation_id=1191604977, gateway_sequence=47185928, host_session_id=1191604977, host_sequence=29425, event_sequence=47185934, anchor_id=1808923237796072199, pair_initiator_id=0, pair_responder_id=0, previous_hop_id=1808923237796072199, progress_count=3, total_count=0, success_count=0, failure_count=0, duplicate_count=1, lost_event_count=0, hop_count=1, discovery_slot=255)
BLE_HOST_RECEIPT type=0x56 src=0x9999888877776666 session=47185934 seq=14
BLE_CHUNK len=118 hex=4757012801060100560413001300d00266667777888899996666777788889999000000004e009240014e01060000000004017600f17206470800d002f1720647f17200001300d0020e3070b9aac08b700000000000000000000000000000000000000000000000000100030001000000070000000100
BLE_PACKET type=0x56 src=0x9999888877776666 dst=0x9999888877776666 session=47185939 seq=19 payload=014e01060000000004017600f17206470800d002f1720647f17200001300d0020e3070b9aac08b700000000000000000000000000000000000000000000000000100030001000000070000000100
GATEWAY_COMMAND_EVENT GatewayCommandEvent(command_kind=1, stage=6, flags=0, attempt=0, command_status=0, reason=0, command_id=260, route_epoch=118, correlation_id=1191604977, gateway_sequence=47185928, host_session_id=1191604977, host_sequence=29425, event_sequence=47185939, anchor_id=8109787393498820622, pair_initiator_id=0, pair_responder_id=0, previous_hop_id=0, progress_count=1, total_count=3, success_count=1, failure_count=0, duplicate_count=7, lost_event_count=0, hop_count=1, discovery_slot=0)
BLE_HOST_RECEIPT type=0x56 src=0x9999888877776666 session=47185939 seq=19
BLE_CHUNK len=51 hex=47570128010201004104f172f172064766667777888899996666777788889999000000000b00eedb10020401110200001e0103
BLE_PACKET type=0x41 src=0x9999888877776666 dst=0x9999888877776666 session=1191604977 seq=29425 payload=10020401110200001e0103
BLE_HOST_RECEIPT type=0x41 src=0x9999888877776666 session=1191604977 seq=29425
BLE_CHUNK len=118 hex=4757012801060100560414001400d00266667777888899996666777788889999010000004e00c31d014e01060000000004017600f17206470800d002f1720647f17200001400d00241d1f64afe25da560000000000000000000000000000000000000000000000000200030001000000070000000101
BLE_PACKET type=0x56 src=0x9999888877776666 dst=0x9999888877776666 session=47185940 seq=20 payload=014e01060000000004017600f17206470800d002f1720647f17200001400d00241d1f64afe25da560000000000000000000000000000000000000000000000000200030001000000070000000101
GATEWAY_COMMAND_EVENT GatewayCommandEvent(command_kind=1, stage=6, flags=0, attempt=0, command_status=0, reason=0, command_id=260, route_epoch=118, correlation_id=1191604977, gateway_sequence=47185928, host_session_id=1191604977, host_sequence=29425, event_sequence=47185940, anchor_id=6258356406294335809, pair_initiator_id=0, pair_responder_id=0, previous_hop_id=0, progress_count=2, total_count=3, success_count=1, failure_count=0, duplicate_count=7, lost_event_count=0, hop_count=1, discovery_slot=1)
BLE_HOST_RECEIPT type=0x56 src=0x9999888877776666 session=47185940 seq=20
BLE_CHUNK len=118 hex=4757012801060100560415001500d00266667777888899996666777788889999000000004e003387014e01060000000004017600f17206470800d002f1720647f17200001500d00207cbc8c619961a190000000000000000000000000000000000000000000000000300030001000000070000000102
BLE_PACKET type=0x56 src=0x9999888877776666 dst=0x9999888877776666 session=47185941 seq=21 payload=014e01060000000004017600f17206470800d002f1720647f17200001500d00207cbc8c619961a190000000000000000000000000000000000000000000000000300030001000000070000000102
GATEWAY_COMMAND_EVENT GatewayCommandEvent(command_kind=1, stage=6, flags=0, attempt=0, command_status=0, reason=0, command_id=260, route_epoch=118, correlation_id=1191604977, gateway_sequence=47185928, host_session_id=1191604977, host_sequence=29425, event_sequence=47185941, anchor_id=1808923237796072199, pair_initiator_id=0, pair_responder_id=0, previous_hop_id=0, progress_count=3, total_count=3, success_count=1, failure_count=0, duplicate_count=7, lost_event_count=0, hop_count=1, discovery_slot=2)
BLE_HOST_RECEIPT type=0x56 src=0x9999888877776666 session=47185941 seq=21
BLE_CHUNK len=118 hex=4757012801060100560416001600d00266667777888899996666777788889999000000004e00e87d014e01070000000004017600f17206470800d002f1720647f17200001600d002000000000000000000000000000000000000000000000000000000000000000003000300030000000700000000ff
BLE_PACKET type=0x56 src=0x9999888877776666 dst=0x9999888877776666 session=47185942 seq=22 payload=014e01070000000004017600f17206470800d002f1720647f17200001600d002000000000000000000000000000000000000000000000000000000000000000003000300030000000700000000ff
GATEWAY_COMMAND_EVENT GatewayCommandEvent(command_kind=1, stage=7, flags=0, attempt=0, command_status=0, reason=0, command_id=260, route_epoch=118, correlation_id=1191604977, gateway_sequence=47185928, host_session_id=1191604977, host_sequence=29425, event_sequence=47185942, anchor_id=0, pair_initiator_id=0, pair_responder_id=0, previous_hop_id=0, progress_count=3, total_count=3, success_count=3, failure_count=0, duplicate_count=7, lost_event_count=0, hop_count=0, discovery_slot=255)
BLE_HOST_RECEIPT type=0x56 src=0x9999888877776666 session=47185942 seq=22
BLE_CHUNK len=118 hex=4757012801060100560417001700d00266667777888899996666777788889999010000004e009e4a014e01080001000004017600f17206470800d002f1720647f17200001700d002000000000000000000000000000000000000000000000000000000000000000003000300000000000700000000ff
BLE_PACKET type=0x56 src=0x9999888877776666 dst=0x9999888877776666 session=47185943 seq=23 payload=014e01080001000004017600f17206470800d002f1720647f17200001700d002000000000000000000000000000000000000000000000000000000000000000003000300000000000700000000ff
GATEWAY_COMMAND_EVENT GatewayCommandEvent(command_kind=1, stage=8, flags=0, attempt=1, command_status=0, reason=0, command_id=260, route_epoch=118, correlation_id=1191604977, gateway_sequence=47185928, host_session_id=1191604977, host_sequence=29425, event_sequence=47185943, anchor_id=0, pair_initiator_id=0, pair_responder_id=0, previous_hop_id=0, progress_count=3, total_count=3, success_count=0, failure_count=0, duplicate_count=7, lost_event_count=0, hop_count=0, discovery_slot=255)
BLE_HOST_RECEIPT type=0x56 src=0x9999888877776666 session=47185943 seq=23
BLE_CHUNK len=118 hex=4757012801060000560418001800d00266667777888899996666777788889999000000004e00149e014e010c0100000004017600f17206470800d002f1720647f17200001800d002000000000000000000000000000000000000000000000000000000000000000003000300030000000700000000ff
BLE_PACKET type=0x56 src=0x9999888877776666 dst=0x9999888877776666 session=47185944 seq=24 payload=014e010c0100000004017600f17206470800d002f1720647f17200001800d002000000000000000000000000000000000000000000000000000000000000000003000300030000000700000000ff
GATEWAY_COMMAND_EVENT GatewayCommandEvent(command_kind=1, stage=12, flags=1, attempt=0, command_status=0, reason=0, command_id=260, route_epoch=118, correlation_id=1191604977, gateway_sequence=47185928, host_session_id=1191604977, host_sequence=29425, event_sequence=47185944, anchor_id=0, pair_initiator_id=0, pair_responder_id=0, previous_hop_id=0, progress_count=3, total_count=3, success_count=3, failure_count=0, duplicate_count=7, lost_event_count=0, hop_count=0, discovery_slot=255)
BLE_HOST_RECEIPT type=0x56 src=0x9999888877776666 session=47185944 seq=24
HERE_I_AM_REACHABILITY_QUALIFICATION_OK anchors=3 direct=3 multihop=0 retries=0
BLE_COMPLETE packets=19
