[34m0000500[0m [36mI[0m Target type is nrf52833 [2m[board][0m
[34m0000525[0m [36mI[0m Performing connect pre-reset [2m[coresight_target][0m
[34m0000729[0m [36mI[0m DP IDR = 0x2ba01477 (v1 rev2) [2m[dap][0m
[34m0000735[0m [36mI[0m AHB-AP#0 IDR = 0x24770011 (AHB-AP var1 rev2) [2m[discovery][0m
[34m0000736[0m [36mI[0m AP#1 IDR = 0x02880000 (AP var0 rev0) [2m[discovery][0m
[34m0000737[0m [36mI[0m NRF52833 not in secure state [2m[target_nRF52][0m
[34m0000740[0m [36mI[0m AHB-AP#0 Class 0x1 ROM table #0 @ 0xe00ff000 (designer=244 part=00d) [2m[rom_table][0m
[34m0000743[0m [36mI[0m [0]<e000e000:SCS v7-M class=14 designer=43b:Arm part=00c> [2m[rom_table][0m
[34m0000744[0m [36mI[0m [1]<e0001000:DWT v7-M class=14 designer=43b:Arm part=002> [2m[rom_table][0m
[34m0000746[0m [36mI[0m [2]<e0002000:FPB v7-M class=14 designer=43b:Arm part=003> [2m[rom_table][0m
[34m0000747[0m [36mI[0m [3]<e0000000:ITM v7-M class=14 designer=43b:Arm part=001> [2m[rom_table][0m
[34m0000750[0m [36mI[0m [4]<e0040000:TPIU M4 class=9 designer=43b:Arm part=9a1 devtype=11 archid=0000 devid=ca1:0:0> [2m[rom_table][0m
[34m0000752[0m [36mI[0m [5]<e0041000:ETM M4 class=9 designer=43b:Arm part=925 devtype=13 archid=0000 devid=0:0:0> [2m[rom_table][0m
[34m0000756[0m [36mI[0m CPU core #0: Cortex-M4 r0p1, v7.0-M architecture [2m[cortex_m][0m
[34m0000756[0m [36mI[0m   Extensions: [DSP, FPU, FPU_V4, MPU] [2m[cortex_m][0m
[34m0000756[0m [36mI[0m   FPU present: FPv4-SP-D16-M [2m[cortex_m][0m
[34m0000758[0m [36mI[0m This appears to be an nRF52833 AA B0 [2m[target_nRF52][0m
[34m0000763[0m [36mI[0m 4 hardware watchpoints [2m[dwt][0m
[34m0000764[0m [36mI[0m 6 hardware breakpoints, 4 literal comparators [2m[fpb][0m
[34m0000783[0m [36mI[0m 3 up channels and 3 down channels found [2m[rtt_cmd][0m
[34m0000783[0m [36mI[0m Reading from up channel 0 ("Terminal") [2m[rtt_cmd][0m
[34m0000785[0m [36mI[0m Writing to down channel 0 ("Terminal") [2m[rtt_cmd][0m
DBG_UWB_RX_CH9
DBG_GATEWAY_CH9_RX_RELEASE_IDLE
DBG_GATEWAY_RX_DECODE ch=9 msg=0x41 src=0x191a9619c6c8cb07 dst=0x9999888877776666 prev=0x191a9619c6c8cb07 seq=8 flags=0x14 ple
DBG_UWB_RX_CH9
DBG_MESH_RX_QUEUED ch=9 msg=0x41 src=0x191a9619c6c8cb07 dst=0x9999888877776666 prev=0x191a9619c6c8cb07 seq=8 q=1
DBG_MESH_RX_DIRECT_WAIT q=1 reason=gateway-ch9-continuous-rx
DBG_MESH_RX_DIRECT_ENTER q=1 reason=gateway-ch9-continuous-rx
DBG_MESH_RX_DRAIN_ENTER owner=gateway-ch9-continuous-rx q=1
DBG_ENUM_REJECT reason=proof ret=-11
DBG_MESH_RX_DRAIN_EXIT owner=gateway-ch9-continuous-rx handled=0 q=0
DBG_MESH_RX_DIRECT_EXIT handled=0 q=0 reason=gateway-ch9-continuous-rx
DBG_MESH_RX_WORK_WAIT q=0
DBG_MESH_RX_WORK_ENTER q=0
DBG_MESH_RX_DRAIN_ENTER owner=work q=0
DBG_MESH_RX_DRAIN_EXIT owner=work handled=0 q=0
DBG_MESH_RX_WORK_EXIT handled=0 q=0
DBG_UWB_RX_CH9
DBG_GATEWAY_CH9_RX_RELEASE_IDLE
DBG_GATEWAY_RX_DECODE ch=9 msg=0x41 src=0x191a9619c6c8cb07 dst=0x9999888877776666 prev=0x191a9619c6c8cb07 seq=8 flags=0x14 ple
DBG_UWB_RX_CH9
DBG_GATEWAY_CH9_RX_RELEASE_IDLE
DBG_GATEWAY_RX_DECODE ch=9 msg=0x41 src=0x191a9619c6c8cb07 dst=0x9999888877776666 prev=0x191a9619c6c8cb07 seq=8 flags=0x14 ple
DBG_UWB_RX_CH9
DBG_MESH_RX_QUEUED ch=9 msg=0x41 src=0x191a9619c6c8cb07 dst=0x9999888877776666 prev=0x191a9619c6c8cb07 seq=8 q=1
DBG_MESH_RX_DIRECT_WAIT q=1 reason=gateway-ch9-continuous-rx
DBG_MESH_RX_DIRECT_ENTER q=1 reason=gateway-ch9-continuous-rx
DBG_MESH_RX_DRAIN_ENTER owner=gateway-ch9-continuous-rx q=1
DBG_ENUM_REJECT reason=proof ret=-11
DBG_MESH_RX_DRAIN_EXIT owner=gateway-ch9-continuous-rx handled=0 q=0
DBG_MESH_RX_DIRECT_EXIT handled=0 q=0 reason=gateway-ch9-continuous-rx
DBG_GATEWAY_CH9_RX_CONT_DONE ret=0 len=131 fail=0 recover=0
DBG_MESH_RX_WORK_WAIT q=0
DBG_MESH_RX_WORK_ENTER q=0
DBG_MESH_RX_DRAIN_ENTER owner=work q=0
DBG_MESH_RX_DRAIN_EXIT owner=work handled=0 q=0
DBG_MESH_RX_WORK_EXIT handled=0 q=0
DBG_UWB_RX_CH9
DBG_GATEWAY_CH9_RX_RELEASE_IDLE
DBG_GATEWAY_RX_DECODE ch=9 msg=0x41 src=0x191a9619c6c8cb07 dst=0x9999888877776666 prev=0x191a9619c6c8cb07 seq=8 flags=0x14 ple
DBG_UWB_RX_CH9
DBG_MESH_RX_QUEUED ch=9 msg=0x41 src=0x191a9619c6c8cb07 dst=0x9999888877776666 prev=0x191a9619c6c8cb07 seq=8 q=1
DBG_MESH_RX_DIRECT_WAIT q=1 reason=gateway-ch9-continuous-rx
DBG_MESH_RX_DIRECT_ENTER q=1 reason=gateway-ch9-continuous-rx
DBG_MESH_RX_DRAIN_ENTER owner=gateway-ch9-continuous-rx q=1
DBG_ENUM_REJECT reason=proof ret=-11
DBG_MESH_RX_DRAIN_EXIT owner=gateway-ch9-continuous-rx handled=0 q=0
DBG_MESH_RX_DIRECT_EXIT handled=0 q=0 reason=gateway-ch9-continuous-rx
DBG_MESH_RX_WORK_WAIT q=0
DBG_MESH_RX_WORK_ENTER q=0
DBG_MESH_RX_DRAIN_ENTER owner=work q=0
DBG_MESH_RX_DRAIN_EXIT owner=work handled=0 q=0
DBG_MESH_RX_WORK_EXIT handled=0 q=0
DBG_UWB_RX_CH9
DBG_GATEWAY_CH9_RX_RELEASE_IDLE
DBG_GATEWAY_RX_DECODE ch=9 msg=0x41 src=0x191a9619c6c8cb07 dst=0x9999888877776666 prev=0x191a9619c6c8cb07 seq=8 flags=0x14 ple
DBG_UWB_RX_CH9
DBG_MESH_RX_QUEUED ch=9 msg=0x41 src=0x191a9619c6c8cb07 dst=0x9999888877776666 prev=0x191a9619c6c8cb07 seq=8 q=1
DBG_MESH_RX_DIRECT_WAIT q=1 reason=gateway-ch9-continuous-rx
DBG_MESH_RX_DIRECT_ENTER q=1 reason=gateway-ch9-continuous-rx
DBG_MESH_RX_DRAIN_ENTER owner=gateway-ch9-continuous-rx q=1
DBG_ENUM_REJECT reason=proof ret=-11
DBG_MESH_RX_DRAIN_EXIT owner=gateway-ch9-continuous-rx handled=0 q=0
DBG_MESH_RX_DIRECT_EXIT handled=0 q=0 reason=gateway-ch9-continuous-rx
DBG_MESH_RX_WORK_WAIT q=0
DBG_MESH_RX_WORK_ENTER q=0
DBG_MESH_RX_DRAIN_ENTER owner=work q=0
DBG_MESH_RX_DRAIN_EXIT owner=work handled=0 q=0
DBG_MESH_RX_WORK_EXIT handled=0 q=0
DBG_UWB_RX_CH9
DBG_GATEWAY_CH9_RX_RELEASE_IDLE
DBG_GATEWAY_RX_DECODE ch=9 msg=0x41 src=0x191a9619c6c8cb07 dst=0x9999888877776666 prev=0x191a9619c6c8cb07 seq=8 flags=0x14 ple
DBG_UWB_RX_CH9
DBG_MESH_RX_QUEUED ch=9 msg=0x41 src=0x191a9619c6c8cb07 dst=0x9999888877776666 prev=0x191a9619c6c8cb07 seq=8 q=1
DBG_MESH_RX_DIRECT_WAIT q=1 reason=gateway-ch9-continuous-rx
DBG_MESH_RX_DIRECT_ENTER q=1 reason=gateway-ch9-continuous-rx
DBG_MESH_RX_DRAIN_ENTER owner=gateway-ch9-continuous-rx q=1
DBG_ENUM_REJECT reason=proof ret=-11
DBG_MESH_RX_DRAIN_EXIT owner=gateway-ch9-continuous-rx handled=0 q=0
DBG_MESH_RX_DIRECT_EXIT handled=0 q=0 reason=gateway-ch9-continuous-rx
DBG_MESH_RX_WORK_WAIT q=0
DBG_MESH_RX_WORK_ENTER q=0
DBG_MESH_RX_DRAIN_ENTER owner=work q=0
DBG_MESH_RX_DRAIN_EXIT owner=work handled=0 q=0
DBG_MESH_RX_WORK_EXIT handled=0 q=0
DBG_UWB_RX_CH9
DBG_GATEWAY_CH9_RX_RELEASE_IDLE
DBG_GATEWAY_RX_DECODE ch=9 msg=0x41 src=0x191a9619c6c8cb07 dst=0x9999888877776666 prev=0x191a9619c6c8cb07 seq=8 flags=0x14 ple
DBG_UWB_RX_CH9
DBG_MESH_RX_QUEUED ch=9 msg=0x41 src=0x191a9619c6c8cb07 dst=0x9999888877776666 prev=0x191a9619c6c8cb07 seq=8 q=1
DBG_MESH_RX_DIRECT_WAIT q=1 reason=gateway-ch9-continuous-rx
DBG_MESH_RX_DIRECT_ENTER q=1 reason=gateway-ch9-continuous-rx
DBG_MESH_RX_DRAIN_ENTER owner=gateway-ch9-continuous-rx q=1
DBG_ENUM_REJECT reason=proof ret=-11
DBG_MESH_RX_DRAIN_EXIT owner=gateway-ch9-continuous-rx handled=0 q=0
DBG_MESH_RX_DIRECT_EXIT handled=0 q=0 reason=gateway-ch9-continuous-rx
DBG_MESH_RX_WORK_WAIT q=0
DBG_MESH_RX_WORK_ENTER q=0
DBG_MESH_RX_DRAIN_ENTER owner=work q=0
DBG_MESH_RX_DRAIN_EXIT owner=work handled=0 q=0
DBG_MESH_RX_WORK_EXIT handled=0 q=0
DBG_UWB_RX_CH9
DBG_GATEWAY_CH9_RX_RELEASE_IDLE
DBG_GATEWAY_RX_DECODE ch=9 msg=0x41 src=0x191a9619c6c8cb07 dst=0x9999888877776666 prev=0x191a9619c6c8cb07 seq=8 flags=0x14 ple
DBG_UWB_RX_CH9
DBG_MESH_RX_QUEUED ch=9 msg=0x41 src=0x191a9619c6c8cb07 dst=0x9999888877776666 prev=0x191a9619c6c8cb07 seq=8 q=1
DBG_MESH_RX_DIRECT_WAIT q=1 reason=gateway-ch9-continuous-rx
DBG_MESH_RX_DIRECT_ENTER q=1 reason=gateway-ch9-continuous-rx
DBG_MESH_RX_DRAIN_ENTER owner=gateway-ch9-continuous-rx q=1
DBG_ENUM_REJECT reason=proof ret=-11
DBG_MESH_RX_DRAIN_EXIT owner=gateway-ch9-continuous-rx handled=0 q=0
DBG_MESH_RX_DIRECT_EXIT handled=0 q=0 reason=gateway-ch9-continuous-rx
DBG_MESH_RX_WORK_WAIT q=0
DBG_MESH_RX_WORK_ENTER q=0
DBG_MESH_RX_DRAIN_ENTER owner=work q=0
DBG_MESH_RX_DRAIN_EXIT owner=work handled=0 q=0
DBG_MESH_RX_WORK_EXIT handled=0 q=0
DBG_UWB_RX_CH9
DBG_GATEWAY_CH9_RX_RELEASE_IDLE
DBG_GATEWAY_RX_DECODE ch=9 msg=0x41 src=0x191a9619c6c8cb07 dst=0x9999888877776666 prev=0x191a9619c6c8cb07 seq=8 flags=0x14 ple
DBG_UWB_RX_CH9
DBG_MESH_RX_QUEUED ch=9 msg=0x41 src=0x191a9619c6c8cb07 dst=0x9999888877776666 prev=0x191a9619c6c8cb07 seq=8 q=1
DBG_MESH_RX_DIRECT_WAIT q=1 reason=gateway-ch9-continuous-rx
DBG_MESH_RX_DIRECT_ENTER q=1 reason=gateway-ch9-continuous-rx
DBG_MESH_RX_DRAIN_ENTER owner=gateway-ch9-continuous-rx q=1
DBG_ENUM_REJECT reason=proof ret=-11
DBG_MESH_RX_DRAIN_EXIT owner=gateway-ch9-continuous-rx handled=0 q=0
DBG_MESH_RX_DIRECT_EXIT handled=0 q=0 reason=gateway-ch9-continuous-rx
DBG_MESH_RX_WORK_WAIT q=0
DBG_MESH_RX_WORK_ENTER q=0
DBG_MESH_RX_DRAIN_ENTER owner=work q=0
DBG_MESH_RX_DRAIN_EXIT owner=work handled=0 q=0
DBG_MESH_RX_WORK_EXIT handled=0 q=0
DBG_UWB_RX_CH9
DBG_GATEWAY_CH9_RX_RELEASE_IDLE
DBG_GATEWAY_RX_DECODE ch=9 msg=0x41 src=0x191a9619c6c8cb07 dst=0x9999888877776666 prev=0x191a9619c6c8cb07 seq=8 flags=0x14 ple
DBG_UWB_RX_CH9
DBG_MESH_RX_QUEUED ch=9 msg=0x41 src=0x191a9619c6c8cb07 dst=0x9999888877776666 prev=0x191a9619c6c8cb07 seq=8 q=1
DBG_MESH_RX_DIRECT_WAIT q=1 reason=gateway-ch9-continuous-rx
DBG_MESH_RX_DIRECT_ENTER q=1 reason=gateway-ch9-continuous-rx
DBG_MESH_RX_DRAIN_ENTER owner=gateway-ch9-continuous-rx q=1
DBG_ENUM_REJECT reason=proof ret=-11
DBG_MESH_RX_DRAIN_EXIT owner=gateway-ch9-continuous-rx handled=0 q=0
DBG_MESH_RX_DIRECT_EXIT handled=0 q=0 reason=gateway-ch9-continuous-rx
DBG_MESH_RX_WORK_WAIT q=0
DBG_MESH_RX_WORK_ENTER q=0
DBG_MESH_RX_DRAIN_ENTER owner=work q=0
DBG_MESH_RX_DRAIN_EXIT owner=work handled=0 q=0
DBG_MESH_RX_WORK_EXIT handled=0 q=0
DBG_UWB_RX_CH9
DBG_GATEWAY_CH9_RX_RELEASE_IDLE
DBG_GATEWAY_RX_DECODE ch=9 msg=0x41 src=0x191a9619c6c8cb07 dst=0x9999888877776666 prev=0x191a9619c6c8cb07 seq=8 flags=0x14 ple
DBG_UWB_RX_CH9
DBG_MESH_RX_QUEUED ch=9 msg=0x41 src=0x191a9619c6c8cb07 dst=0x9999888877776666 prev=0x191a9619c6c8cb07 seq=8 q=1
DBG_MESH_RX_DIRECT_WAIT q=1 reason=gateway-ch9-continuous-rx
DBG_MESH_RX_DIRECT_ENTER q=1 reason=gateway-ch9-continuous-rx
DBG_MESH_RX_DRAIN_ENTER owner=gateway-ch9-continuous-rx q=1
DBG_ENUM_REJECT reason=proof ret=-11
DBG_MESH_RX_DRAIN_EXIT owner=gateway-ch9-continuous-rx handled=0 q=0
DBG_MESH_RX_DIRECT_EXIT handled=0 q=0 reason=gateway-ch9-continuous-rx
DBG_GATEWAY_CH9_RX_CONT_DONE ret=0 len=131 fail=0 recover=0
DBG_MESH_RX_WORK_WAIT q=0
DBG_MESH_RX_WORK_ENTER q=0
DBG_MESH_RX_DRAIN_ENTER owner=work q=0
DBG_MESH_RX_DRAIN_EXIT owner=work handled=0 q=0
DBG_MESH_RX_WORK_EXIT handled=0 q=0
DBG_UWB_RX_CH9
DBG_GATEWAY_CH9_RX_RELEASE_IDLE
DBG_GATEWAY_RX_DECODE ch=9 msg=0x41 src=0x191a9619c6c8cb07 dst=0x9999888877776666 prev=0x191a9619c6c8cb07 seq=8 flags=0x14 ple
DBG_UWB_RX_CH9
DBG_MESH_RX_QUEUED ch=9 msg=0x41 src=0x191a9619c6c8cb07 dst=0x9999888877776666 prev=0x191a9619c6c8cb07 seq=8 q=1
DBG_MESH_RX_DIRECT_WAIT q=1 reason=gateway-ch9-continuous-rx
DBG_MESH_RX_DIRECT_ENTER q=1 reason=gateway-ch9-continuous-rx
DBG_MESH_RX_DRAIN_ENTER owner=gateway-ch9-continuous-rx q=1
DBG_ENUM_REJECT reason=proof ret=-11
DBG_MESH_RX_DRAIN_EXIT owner=gateway-ch9-continuous-rx handled=0 q=0
DBG_MESH_RX_DIRECT_EXIT handled=0 q=0 reason=gateway-ch9-continuous-rx
DBG_GATEWAY_CH9_RX_CONT_DONE ret=0 len=131 fail=0 recover=0
DBG_MESH_RX_WORK_WAIT q=0
DBG_MESH_RX_WORK_ENTER q=0
DBG_MESH_RX_DRAIN_ENTER owner=work q=0
DBG_MESH_RX_DRAIN_EXIT owner=work handled=0 q=0
DBG_MESH_RX_WORK_EXIT handled=0 q=0
DBG_UWB_RX_CH9
DBG_GATEWAY_CH9_RX_RELEASE_IDLE
DBG_GATEWAY_RX_DECODE ch=9 msg=0x41 src=0x191a9619c6c8cb07 dst=0x9999888877776666 prev=0x191a9619c6c8cb07 seq=8 flags=0x14 ple
DBG_UWB_RX_CH9
DBG_MESH_RX_QUEUED ch=9 msg=0x41 src=0x191a9619c6c8cb07 dst=0x9999888877776666 prev=0x191a9619c6c8cb07 seq=8 q=1
DBG_MESH_RX_DIRECT_WAIT q=1 reason=gateway-ch9-continuous-rx
DBG_MESH_RX_DIRECT_ENTER q=1 reason=gateway-ch9-continuous-rx
DBG_MESH_RX_DRAIN_ENTER owner=gateway-ch9-continuous-rx q=1
DBG_ENUM_REJECT reason=proof ret=-11
DBG_MESH_RX_DRAIN_EXIT owner=gateway-ch9-continuous-rx handled=0 q=0
DBG_MESH_RX_DIRECT_EXIT handled=0 q=0 reason=gateway-ch9-continuous-rx
DBG_MESH_RX_WORK_WAIT q=0
DBG_MESH_RX_WORK_ENTER q=0
DBG_MESH_RX_DRAIN_ENTER owner=work q=0
DBG_MESH_RX_DRAIN_EXIT owner=work handled=0 q=0
DBG_MESH_RX_WORK_EXIT handled=0 q=0
DBG_UWB_RX_CH9
DBG_GATEWAY_CH9_RX_RELEASE_IDLE
DBG_GATEWAY_RX_DECODE ch=9 msg=0x41 src=0x191a9619c6c8cb07 dst=0x9999888877776666 prev=0x191a9619c6c8cb07 seq=8 flags=0x14 ple
DBG_UWB_RX_CH9
DBG_MESH_RX_QUEUED ch=9 msg=0x41 src=0x191a9619c6c8cb07 dst=0x9999888877776666 prev=0x191a9619c6c8cb07 seq=8 q=1
DBG_MESH_RX_DIRECT_WAIT q=1 reason=gateway-ch9-continuous-rx
DBG_MESH_RX_DIRECT_ENTER q=1 reason=gateway-ch9-continuous-rx
DBG_MESH_RX_DRAIN_ENTER owner=gateway-ch9-continuous-rx q=1
DBG_ENUM_REJECT reason=proof ret=-11
DBG_MESH_RX_DRAIN_EXIT owner=gateway-ch9-continuous-rx handled=0 q=0
DBG_MESH_RX_DIRECT_EXIT handled=0 q=0 reason=gateway-ch9-continuous-rx
DBG_MESH_RX_WORK_WAIT q=0
DBG_MESH_RX_WORK_ENTER q=0
DBG_MESH_RX_DRAIN_ENTER owner=work q=0
DBG_MESH_RX_DRAIN_EXIT owner=work handled=0 q=0
DBG_MESH_RX_WORK_EXIT handled=0 q=0
DBG_UWB_RX_CH9
DBG_GATEWAY_CH9_RX_RELEASE_IDLE
DBG_GATEWAY_RX_DECODE ch=9 msg=0x41 src=0x191a9619c6c8cb07 dst=0x9999888877776666 prev=0x191a9619c6c8cb07 seq=8 flags=0x14 ple
DBG_UWB_RX_CH9
DBG_MESH_RX_QUEUED ch=9 msg=0x41 src=0x191a9619c6c8cb07 dst=0x9999888877776666 prev=0x191a9619c6c8cb07 seq=8 q=1
DBG_MESH_RX_DIRECT_WAIT q=1 reason=gateway-ch9-continuous-rx
DBG_MESH_RX_DIRECT_ENTER q=1 reason=gateway-ch9-continuous-rx
DBG_MESH_RX_DRAIN_ENTER owner=gateway-ch9-continuous-rx q=1
DBG_ENUM_REJECT reason=proof ret=-11
DBG_MESH_RX_DRAIN_EXIT owner=gateway-ch9-continuous-rx handled=0 q=0
DBG_MESH_RX_DIRECT_EXIT handled=0 q=0 reason=gateway-ch9-continuous-rx
DBG_MESH_RX_WORK_WAIT q=0
DBG_MESH_RX_WORK_ENTER q=0
DBG_MESH_RX_DRAIN_ENTER owner=work q=0
DBG_MESH_RX_DRAIN_EXIT owner=work handled=0 q=0
DBG_MESH_RX_WORK_EXIT handled=0 q=0
DBG_UWB_RX_CH9
DBG_GATEWAY_CH9_RX_RELEASE_IDLE
DBG_GATEWAY_RX_DECODE ch=9 msg=0x41 src=0x191a9619c6c8cb07 dst=0x9999888877776666 prev=0x191a9619c6c8cb07 seq=8 flags=0x14 ple
DBG_UWB_RX_CH9
DBG_MESH_RX_QUEUED ch=9 msg=0x41 src=0x191a9619c6c8cb07 dst=0x9999888877776666 prev=0x191a9619c6c8cb07 seq=8 q=1
DBG_MESH_RX_DIRECT_WAIT q=1 reason=gateway-ch9-continuous-rx
DBG_MESH_RX_DIRECT_ENTER q=1 reason=gateway-ch9-continuous-rx
DBG_MESH_RX_DRAIN_ENTER owner=gateway-ch9-continuous-rx q=1
DBG_ENUM_REJECT reason=proof ret=-11
DBG_MESH_RX_DRAIN_EXIT owner=gateway-ch9-continuous-rx handled=0 q=0
DBG_MESH_RX_DIRECT_EXIT handled=0 q=0 reason=gateway-ch9-continuous-rx
DBG_MESH_RX_WORK_WAIT q=0
DBG_MESH_RX_WORK_ENTER q=0
DBG_MESH_RX_DRAIN_ENTER owner=work q=0
DBG_MESH_RX_DRAIN_EXIT owner=work handled=0 q=0
DBG_MESH_RX_WORK_EXIT handled=0 q=0
DBG_UWB_RX_CH9
DBG_GATEWAY_CH9_RX_RELEASE_IDLE
DBG_GATEWAY_RX_DECODE ch=9 msg=0x41 src=0x191a9619c6c8cb07 dst=0x9999888877776666 prev=0x191a9619c6c8cb07 seq=8 flags=0x14 ple
DBG_UWB_RX_CH9
DBG_MESH_RX_QUEUED ch=9 msg=0x41 src=0x191a9619c6c8cb07 dst=0x9999888877776666 prev=0x191a9619c6c8cb07 seq=8 q=1
DBG_MESH_RX_DIRECT_WAIT q=1 reason=gateway-ch9-continuous-rx
DBG_MESH_RX_DIRECT_ENTER q=1 reason=gateway-ch9-continuous-rx
DBG_MESH_RX_DRAIN_ENTER owner=gateway-ch9-continuous-rx q=1
DBG_ENUM_REJECT reason=proof ret=-11
DBG_MESH_RX_DRAIN_EXIT owner=gateway-ch9-continuous-rx handled=0 q=0
DBG_MESH_RX_DIRECT_EXIT handled=0 q=0 reason=gateway-ch9-continuous-rx
DBG_MESH_RX_WORK_WAIT q=0
DBG_MESH_RX_WORK_ENTER q=0
DBG_MESH_RX_DRAIN_ENTER owner=work q=0
DBG_MESH_RX_DRAIN_EXIT owner=work handled=0 q=0
DBG_MESH_RX_WORK_EXIT handled=0 q=0
DBG_UWB_RX_CH9
DBG_GATEWAY_CH9_RX_RELEASE_IDLE
DBG_GATEWAY_RX_DECODE ch=9 msg=0x41 src=0x191a9619c6c8cb07 dst=0x9999888877776666 prev=0x191a9619c6c8cb07 seq=8 flags=0x14 ple
DBG_UWB_RX_CH9
DBG_MESH_RX_QUEUED ch=9 msg=0x41 src=0x191a9619c6c8cb07 dst=0x9999888877776666 prev=0x191a9619c6c8cb07 seq=8 q=1
DBG_MESH_RX_DIRECT_WAIT q=1 reason=gateway-ch9-continuous-rx
DBG_MESH_RX_DIRECT_ENTER q=1 reason=gateway-ch9-continuous-rx
DBG_MESH_RX_DRAIN_ENTER owner=gateway-ch9-continuous-rx q=1
DBG_ENUM_REJECT reason=proof ret=-11
DBG_MESH_RX_DRAIN_EXIT owner=gateway-ch9-continuous-rx handled=0 q=0
DBG_MESH_RX_DIRECT_EXIT handled=0 q=0 reason=gateway-ch9-continuous-rx
DBG_GATEWAY_CH9_RX_CONT_DONE ret=0 len=131 fail=0 recover=0
DBG_MESH_RX_WORK_WAIT q=0
DBG_MESH_RX_WORK_ENTER q=0
DBG_MESH_RX_DRAIN_ENTER owner=work q=0
DBG_MESH_RX_DRAIN_EXIT owner=work handled=0 q=0
DBG_MESH_RX_WORK_EXIT handled=0 q=0
DBG_UWB_RX_CH9
DBG_GATEWAY_CH9_RX_RELEASE_IDLE
DBG_GATEWAY_RX_DECODE ch=9 msg=0x41 src=0x191a9619c6c8cb07 dst=0x9999888877776666 prev=0x191a9619c6c8cb07 seq=8 flags=0x14 ple
DBG_UWB_RX_CH9
DBG_MESH_RX_QUEUED ch=9 msg=0x41 src=0x191a9619c6c8cb07 dst=0x9999888877776666 prev=0x191a9619c6c8cb07 seq=8 q=1
DBG_MESH_RX_DIRECT_WAIT q=1 reason=gateway-ch9-continuous-rx
DBG_MESH_RX_DIRECT_ENTER q=1 reason=gateway-ch9-continuous-rx
DBG_MESH_RX_DRAIN_ENTER owner=gateway-ch9-continuous-rx q=1
DBG_ENUM_REJECT reason=proof ret=-11
DBG_MESH_RX_DRAIN_EXIT owner=gateway-ch9-continuous-rx handled=0 q=0
DBG_MESH_RX_DIRECT_EXIT handled=0 q=0 reason=gateway-ch9-continuous-rx
DBG_MESH_RX_WORK_WAIT q=0
DBG_MESH_RX_WORK_ENTER q=0
DBG_MESH_RX_DRAIN_ENTER owner=work q=0
DBG_MESH_RX_DRAIN_EXIT owner=work handled=0 q=0
DBG_MESH_RX_WORK_EXIT handled=0 q=0
DBG_UWB_RX_CH9
DBG_GATEWAY_CH9_RX_RELEASE_IDLE
DBG_GATEWAY_RX_DECODE ch=9 msg=0x41 src=0x191a9619c6c8cb07 dst=0x9999888877776666 prev=0x191a9619c6c8cb07 seq=8 flags=0x14 ple
DBG_UWB_RX_CH9
DBG_MESH_RX_QUEUED ch=9 msg=0x41 src=0x191a9619c6c8cb07 dst=0x9999888877776666 prev=0x191a9619c6c8cb07 seq=8 q=1
DBG_MESH_RX_DIRECT_WAIT q=1 reason=gateway-ch9-continuous-rx
DBG_MESH_RX_DIRECT_ENTER q=1 reason=gateway-ch9-continuous-rx
DBG_MESH_RX_DRAIN_ENTER owner=gateway-ch9-continuous-rx q=1
DBG_ENUM_REJECT reason=proof ret=-11
DBG_MESH_RX_DRAIN_EXIT owner=gateway-ch9-continuous-rx handled=0 q=0
DBG_MESH_RX_DIRECT_EXIT handled=0 q=0 reason=gateway-ch9-continuous-rx
DBG_MESH_RX_WORK_WAIT q=0
DBG_MESH_RX_WORK_ENTER q=0
DBG_MESH_RX_DRAIN_ENTER owner=work q=0
DBG_MESH_RX_DRAIN_EXIT owner=work handled=0 q=0
DBG_MESH_RX_WORK_EXIT handled=0 q=0
DBG_UWB_RX_CH9
DBG_GATEWAY_CH9_RX_RELEASE_IDLE
DBG_GATEWAY_RX_DECODE ch=9 msg=0x41 src=0x191a9619c6c8cb07 dst=0x9999888877776666 prev=0x191a9619c6c8cb07 seq=8 flags=0x14 ple
DBG_UWB_RX_CH9
DBG_MESH_RX_QUEUED ch=9 msg=0x41 src=0x191a9619c6c8cb07 dst=0x9999888877776666 prev=0x191a9619c6c8cb07 seq=8 q=1
DBG_MESH_RX_DIRECT_WAIT q=1 reason=gateway-ch9-continuous-rx
DBG_MESH_RX_DIRECT_ENTER q=1 reason=gateway-ch9-continuous-rx
DBG_MESH_RX_DRAIN_ENTER owner=gateway-ch9-continuous-rx q=1
DBG_ENUM_REJECT reason=proof ret=-11
DBG_MESH_RX_DRAIN_EXIT owner=gateway-ch9-continuous-rx handled=0 q=0
DBG_MESH_RX_DIRECT_EXIT handled=0 q=0 reason=gateway-ch9-continuous-rx
DBG_GATEWAY_CH9_RX_CONT_DONE ret=0 len=131 fail=0 recover=0
DBG_MESH_RX_WORK_WAIT q=0
DBG_MESH_RX_WORK_ENTER q=0
DBG_MESH_RX_DRAIN_ENTER owner=work q=0
DBG_MESH_RX_DRAIN_EXIT owner=work handled=0 q=0
DBG_MESH_RX_WORK_EXIT handled=0 q=0
DBG_UWB_RX_CH9
DBG_GATEWAY_CH9_RX_RELEASE_IDLE
DBG_GATEWAY_RX_DECODE ch=9 msg=0x41 src=0x191a9619c6c8cb07 dst=0x9999888877776666 prev=0x191a9619c6c8cb07 seq=8 flags=0x14 ple
DBG_UWB_RX_CH9
DBG_MESH_RX_QUEUED ch=9 msg=0x41 src=0x191a9619c6c8cb07 dst=0x9999888877776666 prev=0x191a9619c6c8cb07 seq=8 q=1
DBG_MESH_RX_DIRECT_WAIT q=1 reason=gateway-ch9-continuous-rx
DBG_MESH_RX_DIRECT_ENTER q=1 reason=gateway-ch9-continuous-rx
DBG_MESH_RX_DRAIN_ENTER owner=gateway-ch9-continuous-rx q=1
DBG_ENUM_REJECT reason=proof ret=-11
DBG_MESH_RX_DRAIN_EXIT owner=gateway-ch9-continuous-rx handled=0 q=0
DBG_MESH_RX_DIRECT_EXIT handled=0 q=0 reason=gateway-ch9-continuous-rx
DBG_MESH_RX_WORK_WAIT q=0
DBG_MESH_RX_WORK_ENTER q=0
DBG_MESH_RX_DRAIN_ENTER owner=work q=0
DBG_MESH_RX_DRAIN_EXIT owner=work handled=0 q=0
DBG_MESH_RX_WORK_EXIT handled=0 q=0
DBG_UWB_RX_CH9
DBG_GATEWAY_CH9_RX_RELEASE_IDLE
DBG_GATEWAY_RX_DECODE ch=9 msg=0x41 src=0x191a9619c6c8cb07 dst=0x9999888877776666 prev=0x191a9619c6c8cb07 seq=8 flags=0x14 ple
DBG_UWB_RX_CH9
DBG_MESH_RX_QUEUED ch=9 msg=0x41 src=0x191a9619c6c8cb07 dst=0x9999888877776666 prev=0x191a9619c6c8cb07 seq=8 q=1
DBG_MESH_RX_DIRECT_WAIT q=1 reason=gateway-ch9-continuous-rx
DBG_MESH_RX_DIRECT_ENTER q=1 reason=gateway-ch9-continuous-rx
DBG_MESH_RX_DRAIN_ENTER owner=gateway-ch9-continuous-rx q=1
DBG_ENUM_REJECT reason=proof ret=-11
DBG_MESH_RX_DRAIN_EXIT owner=gateway-ch9-continuous-rx handled=0 q=0
DBG_MESH_RX_DIRECT_EXIT handled=0 q=0 reason=gateway-ch9-continuous-rx
DBG_MESH_RX_WORK_WAIT q=0
DBG_MESH_RX_WORK_ENTER q=0
DBG_MESH_RX_DRAIN_ENTER owner=work q=0
DBG_MESH_RX_DRAIN_EXIT owner=work handled=0 q=0
DBG_MESH_RX_WORK_EXIT handled=0 q=0
DBG_UWB_RX_CH9
DBG_GATEWAY_CH9_RX_RELEASE_IDLE
DBG_GATEWAY_RX_DECODE ch=9 msg=0x41 src=0x191a9619c6c8cb07 dst=0x9999888877776666 prev=0x191a9619c6c8cb07 seq=8 flags=0x14 ple
DBG_UWB_RX_CH9
DBG_MESH_RX_QUEUED ch=9 msg=0x41 src=0x191a9619c6c8cb07 dst=0x9999888877776666 prev=0x191a9619c6c8cb07 seq=8 q=1
DBG_MESH_RX_DIRECT_WAIT q=1 reason=gateway-ch9-continuous-rx
DBG_MESH_RX_DIRECT_ENTER q=1 reason=gateway-ch9-continuous-rx
DBG_MESH_RX_DRAIN_ENTER owner=gateway-ch9-continuous-rx q=1
DBG_ENUM_REJECT reason=proof ret=-11
DBG_MESH_RX_DRAIN_EXIT owner=gateway-ch9-continuous-rx handled=0 q=0
DBG_MESH_RX_DIRECT_EXIT handled=0 q=0 reason=gateway-ch9-continuous-rx
DBG_MESH_RX_WORK_WAIT q=0
DBG_MESH_RX_WORK_ENTER q=0
DBG_MESH_RX_DRAIN_ENTER owner=work q=0
DBG_MESH_RX_DRAIN_EXIT owner=work handled=0 q=0
DBG_MESH_RX_WORK_EXIT handled=0 q=0
DBG_UWB_RX_CH9
DBG_GATEWAY_CH9_RX_RELEASE_IDLE
DBG_GATEWAY_RX_DECODE ch=9 msg=0x41 src=0x191a9619c6c8cb07 dst=0x9999888877776666 prev=0x191a9619c6c8cb07 seq=8 flags=0x14 ple
DBG_UWB_RX_CH9
DBG_MESH_RX_QUEUED ch=9 msg=0x41 src=0x191a9619c6c8cb07 dst=0x9999888877776666 prev=0x191a9619c6c8cb07 seq=8 q=1
DBG_MESH_RX_DIRECT_WAIT q=1 reason=gateway-ch9-continuous-rx
DBG_MESH_RX_DIRECT_ENTER q=1 reason=gateway-ch9-continuous-rx
DBG_MESH_RX_DRAIN_ENTER owner=gateway-ch9-continuous-rx q=1
DBG_ENUM_REJECT reason=proof ret=-11
DBG_MESH_RX_DRAIN_EXIT owner=gateway-ch9-continuous-rx handled=0 q=0
DBG_MESH_RX_DIRECT_EXIT handled=0 q=0 reason=gateway-ch9-continuous-rx
DBG_MESH_RX_WORK_WAIT q=0
DBG_MESH_RX_WORK_ENTER q=0
DBG_MESH_RX_DRAIN_ENTER owner=work q=0
DBG_MESH_RX_DRAIN_EXIT owner=work handled=0 q=0
DBG_MESH_RX_WORK_EXIT handled=0 q=0
DBG_UWB_RX_CH9
DBG_GATEWAY_CH9_RX_RELEASE_IDLE
DBG_GATEWAY_RX_DECODE ch=9 msg=0x41 src=0x191a9619c6c8cb07 dst=0x9999888877776666 prev=0x191a9619c6c8cb07 seq=8 flags=0x14 ple
DBG_UWB_RX_CH9
DBG_MESH_RX_QUEUED ch=9 msg=0x41 src=0x191a9619c6c8cb07 dst=0x9999888877776666 prev=0x191a9619c6c8cb07 seq=8 q=1
DBG_MESH_RX_DIRECT_WAIT q=1 reason=gateway-ch9-continuous-rx
DBG_MESH_RX_DIRECT_ENTER q=1 reason=gateway-ch9-continuous-rx
DBG_MESH_RX_DRAIN_ENTER owner=gateway-ch9-continuous-rx q=1
DBG_ENUM_REJECT reason=proof ret=-11
DBG_MESH_RX_DRAIN_EXIT owner=gateway-ch9-continuous-rx handled=0 q=0
DBG_MESH_RX_DIRECT_EXIT handled=0 q=0 reason=gateway-ch9-continuous-rx
DBG_MESH_RX_WORK_WAIT q=0
DBG_MESH_RX_WORK_ENTER q=0
DBG_MESH_RX_DRAIN_ENTER owner=work q=0
DBG_MESH_RX_DRAIN_EXIT owner=work handled=0 q=0
DBG_MESH_RX_WORK_EXIT handled=0 q=0
DBG_UWB_RX_CH9
DBG_GATEWAY_CH9_RX_RELEASE_IDLE
DBG_GATEWAY_RX_DECODE ch=9 msg=0x41 src=0x191a9619c6c8cb07 dst=0x9999888877776666 prev=0x191a9619c6c8cb07 seq=8 flags=0x14 ple
DBG_UWB_RX_CH9
DBG_MESH_RX_QUEUED ch=9 msg=0x41 src=0x191a9619c6c8cb07 dst=0x9999888877776666 prev=0x191a9619c6c8cb07 seq=8 q=1
DBG_MESH_RX_DIRECT_WAIT q=1 reason=gateway-ch9-continuous-rx
DBG_MESH_RX_DIRECT_ENTER q=1 reason=gateway-ch9-continuous-rx
DBG_MESH_RX_DRAIN_ENTER owner=gateway-ch9-continuous-rx q=1
DBG_ENUM_REJECT reason=proof ret=-11
DBG_MESH_RX_DRAIN_EXIT owner=gateway-ch9-continuous-rx handled=0 q=0
DBG_MESH_RX_DIRECT_EXIT handled=0 q=0 reason=gateway-ch9-continuous-rx
DBG_GATEWAY_CH9_RX_CONT_DONE ret=0 len=131 fail=0 recover=0
DBG_MESH_RX_WORK_WAIT q=0
DBG_MESH_RX_WORK_ENTER q=0
DBG_MESH_RX_DRAIN_ENTER owner=work q=0
DBG_MESH_RX_DRAIN_EXIT owner=work handled=0 q=0
DBG_MESH_RX_WORK_EXIT handled=0 q=0
DBG_UWB_RX_CH9
DBG_GATEWAY_CH9_RX_RELEASE_IDLE
DBG_GATEWAY_RX_DECODE ch=9 msg=0x41 src=0x191a9619c6c8cb07 dst=0x9999888877776666 prev=0x191a9619c6c8cb07 seq=8 flags=0x14 ple
DBG_UWB_RX_CH9
DBG_MESH_RX_QUEUED ch=9 msg=0x41 src=0x191a9619c6c8cb07 dst=0x9999888877776666 prev=0x191a9619c6c8cb07 seq=8 q=1
DBG_MESH_RX_DIRECT_WAIT q=1 reason=gateway-ch9-continuous-rx
DBG_MESH_RX_DIRECT_ENTER q=1 reason=gateway-ch9-continuous-rx
DBG_MESH_RX_DRAIN_ENTER owner=gateway-ch9-continuous-rx q=1
DBG_ENUM_REJECT reason=proof ret=-11
DBG_MESH_RX_DRAIN_EXIT owner=gateway-ch9-continuous-rx handled=0 q=0
DBG_MESH_RX_DIRECT_EXIT handled=0 q=0 reason=gateway-ch9-continuous-rx
DBG_MESH_RX_WORK_WAIT q=0
DBG_MESH_RX_WORK_ENTER q=0
DBG_MESH_RX_DRAIN_ENTER owner=work q=0
DBG_MESH_RX_DRAIN_EXIT owner=work handled=0 q=0
DBG_MESH_RX_WORK_EXIT handled=0 q=0
DBG_UWB_RX_CH9
DBG_GATEWAY_CH9_RX_RELEASE_IDLE
DBG_GATEWAY_RX_DECODE ch=9 msg=0x41 src=0x191a9619c6c8cb07 dst=0x9999888877776666 prev=0x191a9619c6c8cb07 seq=8 flags=0x14 ple
DBG_UWB_RX_CH9
DBG_MESH_RX_QUEUED ch=9 msg=0x41 src=0x191a9619c6c8cb07 dst=0x9999888877776666 prev=0x191a9619c6c8cb07 seq=8 q=1
DBG_MESH_RX_DIRECT_WAIT q=1 reason=gateway-ch9-continuous-rx
DBG_MESH_RX_DIRECT_ENTER q=1 reason=gateway-ch9-continuous-rx
DBG_MESH_RX_DRAIN_ENTER owner=gateway-ch9-continuous-rx q=1
DBG_ENUM_REJECT reason=proof ret=-11
DBG_MESH_RX_DRAIN_EXIT owner=gateway-ch9-continuous-rx handled=0 q=0
DBG_MESH_RX_DIRECT_EXIT handled=0 q=0 reason=gateway-ch9-continuous-rx
DBG_MESH_RX_WORK_WAIT q=0
DBG_MESH_RX_WORK_ENTER q=0
DBG_MESH_RX_DRAIN_ENTER owner=work q=0
DBG_MESH_RX_DRAIN_EXIT owner=work handled=0 q=0
DBG_MESH_RX_WORK_EXIT handled=0 q=0
DBG_UWB_RX_CH9
DBG_GATEWAY_CH9_RX_RELEASE_IDLE
DBG_GATEWAY_RX_DECODE ch=9 msg=0x41 src=0x191a9619c6c8cb07 dst=0x9999888877776666 prev=0x191a9619c6c8cb07 seq=8 flags=0x14 ple
DBG_UWB_RX_CH9
DBG_MESH_RX_QUEUED ch=9 msg=0x41 src=0x191a9619c6c8cb07 dst=0x9999888877776666 prev=0x191a9619c6c8cb07 seq=8 q=1
DBG_MESH_RX_DIRECT_WAIT q=1 reason=gateway-ch9-continuous-rx
DBG_MESH_RX_DIRECT_ENTER q=1 reason=gateway-ch9-continuous-rx
DBG_MESH_RX_DRAIN_ENTER owner=gateway-ch9-continuous-rx q=1
DBG_ENUM_REJECT reason=proof ret=-11
DBG_MESH_RX_DRAIN_EXIT owner=gateway-ch9-continuous-rx handled=0 q=0
DBG_MESH_RX_DIRECT_EXIT handled=0 q=0 reason=gateway-ch9-continuous-rx
DBG_MESH_RX_WORK_WAIT q=0
DBG_MESH_RX_WORK_ENTER q=0
DBG_MESH_RX_DRAIN_ENTER owner=work q=0
DBG_MESH_RX_DRAIN_EXIT owner=work handled=0 q=0
DBG_MESH_RX_WORK_EXIT handled=0 q=0
DBG_UWB_RX_CH9
DBG_GATEWAY_CH9_RX_RELEASE_IDLE
DBG_GATEWAY_RX_DECODE ch=9 msg=0x41 src=0x191a9619c6c8cb07 dst=0x9999888877776666 prev=0x191a9619c6c8cb07 seq=8 flags=0x14 ple
DBG_UWB_RX_CH9
DBG_MESH_RX_QUEUED ch=9 msg=0x41 src=0x191a9619c6c8cb07 dst=0x9999888877776666 prev=0x191a9619c6c8cb07 seq=8 q=1
DBG_MESH_RX_DIRECT_WAIT q=1 reason=gateway-ch9-continuous-rx
DBG_MESH_RX_DIRECT_ENTER q=1 reason=gateway-ch9-continuous-rx
DBG_MESH_RX_DRAIN_ENTER owner=gateway-ch9-continuous-rx q=1
DBG_ENUM_REJECT reason=proof ret=-11
DBG_MESH_RX_DRAIN_EXIT owner=gateway-ch9-continuous-rx handled=0 q=0
DBG_MESH_RX_DIRECT_EXIT handled=0 q=0 reason=gateway-ch9-continuous-rx
DBG_MESH_RX_WORK_WAIT q=0
DBG_MESH_RX_WORK_ENTER q=0
DBG_MESH_RX_DRAIN_ENTER owner=work q=0
DBG_MESH_RX_DRAIN_EXIT owner=work handled=0 q=0
DBG_MESH_RX_WORK_EXIT handled=0 q=0
DBG_UWB_RX_CH9
DBG_GATEWAY_CH9_RX_RELEASE_IDLE
DBG_GATEWAY_RX_DECODE ch=9 msg=0x41 src=0x191a9619c6c8cb07 dst=0x9999888877776666 prev=0x191a9619c6c8cb07 seq=8 flags=0x14 ple
DBG_UWB_RX_CH9
DBG_MESH_RX_QUEUED ch=9 msg=0x41 src=0x191a9619c6c8cb07 dst=0x9999888877776666 prev=0x191a9619c6c8cb07 seq=8 q=1
DBG_MESH_RX_DIRECT_WAIT q=1 reason=gateway-ch9-continuous-rx
DBG_MESH_RX_DIRECT_ENTER q=1 reason=gateway-ch9-continuous-rx
DBG_MESH_RX_DRAIN_ENTER owner=gateway-ch9-continuous-rx q=1
DBG_ENUM_REJECT reason=proof ret=-11
DBG_MESH_RX_DRAIN_EXIT owner=gateway-ch9-continuous-rx handled=0 q=0
DBG_MESH_RX_DIRECT_EXIT handled=0 q=0 reason=gateway-ch9-continuous-rx
DBG_MESH_RX_WORK_WAIT q=0
DBG_MESH_RX_WORK_ENTER q=0
DBG_MESH_RX_DRAIN_ENTER owner=work q=0
DBG_MESH_RX_DRAIN_EXIT owner=work handled=0 q=0
DBG_MESH_RX_WORK_EXIT handled=0 q=0
DBG_GATEWAY_BLE event=connected err=0 uptime=239251
DBG_GATEWAY_BLE event=param-request ret=0 interval=24-40 latency=0 timeout_ms=12000 uptime=239251
DBG_UWB_RX_CH9
DBG_GATEWAY_CH9_RX_RELEASE_IDLE
DBG_GATEWAY_RX_DECODE ch=9 msg=0x41 src=0x191a9619c6c8cb07 dst=0x9999888877776666 prev=0x191a9619c6c8cb07 seq=8 flags=0x14 ple
DBG_UWB_RX_CH9
DBG_MESH_RX_QUEUED ch=9 msg=0x41 src=0x191a9619c6c8cb07 dst=0x9999888877776666 prev=0x191a9619c6c8cb07 seq=8 q=1
DBG_MESH_RX_DIRECT_WAIT q=1 reason=gateway-ch9-continuous-rx
DBG_MESH_RX_DIRECT_ENTER q=1 reason=gateway-ch9-continuous-rx
DBG_MESH_RX_DRAIN_ENTER owner=gateway-ch9-continuous-rx q=1
DBG_ENUM_REJECT reason=proof ret=-11
DBG_MESH_RX_DRAIN_EXIT owner=gateway-ch9-continuous-rx handled=0 q=0
DBG_MESH_RX_DIRECT_EXIT handled=0 q=0 reason=gateway-ch9-continuous-rx
DBG_MESH_RX_WORK_WAIT q=0
DBG_MESH_RX_WORK_ENTER q=0
DBG_MESH_RX_DRAIN_ENTER owner=work q=0
DBG_MESH_RX_DRAIN_EXIT owner=work handled=0 q=0
DBG_MESH_RX_WORK_EXIT handled=0 q=0
DBG_UWB_RX_CH9
DBG_GATEWAY_CH9_RX_RELEASE_IDLE
DBG_GATEWAY_RX_DECODE ch=9 msg=0x41 src=0x191a9619c6c8cb07 dst=0x9999888877776666 prev=0x191a9619c6c8cb07 seq=8 flags=0x14 ple
DBG_UWB_RX_CH9
DBG_MESH_RX_QUEUED ch=9 msg=0x41 src=0x191a9619c6c8cb07 dst=0x9999888877776666 prev=0x191a9619c6c8cb07 seq=8 q=1
DBG_MESH_RX_DIRECT_WAIT q=1 reason=gateway-ch9-continuous-rx
DBG_MESH_RX_DIRECT_ENTER q=1 reason=gateway-ch9-continuous-rx
DBG_MESH_RX_DRAIN_ENTER owner=gateway-ch9-continuous-rx q=1
DBG_ENUM_REJECT reason=proof ret=-11
DBG_MESH_RX_DRAIN_EXIT owner=gateway-ch9-continuous-rx handled=0 q=0
DBG_MESH_RX_DIRECT_EXIT handled=0 q=0 reason=gateway-ch9-continuous-rx
DBG_MESH_RX_WORK_WAIT q=0
DBG_MESH_RX_WORK_ENTER q=0
DBG_MESH_RX_DRAIN_ENTER owner=work q=0
DBG_MESH_RX_DRAIN_EXIT owner=work handled=0 q=0
DBG_MESH_RX_WORK_EXIT handled=0 q=0
DBG_GATEWAY_COMMAND_PRIORITY_SUBMIT ret=0 now=240457
DBG_STACK_RUN_BEGIN epoch=10013019366851854526 run=33 kind=ble_backpressure owner=system_workqueue queue=1 custody=1 credit=0 retry=0 drain=1 src=11068027678940948070 dst=11068027678940948070 session=31719472 seq=48 type=86 sequence=0 previous=0 uptime=240457
DBG_STACK_SAMPLE_BEGIN epoch=10013019366851854526 run=33 sample=33 kind=ble_backpressure owner=system_workqueue queue=1 custody=1 credit=0 retry=0 drain=1 src=11068027678940948070 dst=11068027678940948070 session=31719472 seq=48 type=86 uptime=240457
DBG_STACK_ISR_CONFIG size=8192 run=33 sample=33
DBG_STACK name=BT RX WQ tid=0x2000fe18 used=760 free=776 size=1536 ret=0 run=33 sample=33
DBG_STACK name=mesh_route tid=0x2000d560 used=5888 free=2304 size=8192 ret=0 run=33 sample=33
DBG_STACK name=sysworkq tid=0x20010d70 used=2408 free=2072 size=4480 ret=0 run=33 sample=33
DBG_STACK name=MPSL Work tid=0x20010b28 used=376 free=648 size=1024 ret=0 run=33 sample=33
DBG_STACK name=logging tid=0x2000f920 used=480 free=1568 size=2048 ret=0 run=33 sample=33
DBG_STACK name=idle tid=0x20010c00 used=64 free=256 size=320 ret=0 run=33 sample=33
DBG_STACK_SAMPLE_END run=33 sample=33
DBG_STACK_RUN_END epoch=10013019366851854526 run=33 kind=ble_backpressure owner=system_workqueue outcome=ack queue=3 custody=0 credit=1 retry=0 drain=3 src=11068027678940948070 dst=11068027678940948070 session=31719472 seq=48 type=86 samples=1 sequence=0 previous=0 uptime=240476
DBG_GATEWAY_CH9_RX_COMMAND_PREEMPT now=240477 rem=100 frames=0
DBG_GATEWAY_CH9_RX_CONT_DONE ret=-140 len=0 fail=0 recover=0
DBG_NODE_COMM_TX_BEGIN handle=10 profile=6 msg=64 dst=0x0 seq=10
DBG_CONTROL_RX_HANDOFF_READY abort=0
DBG_WAKE_TRAIN_GUARD_OK
DBG_DWM_MARK_UNCONFIGURED tag=initialise_radio prev_phy=0
DBG_WAKE_TRAIN_CONFIG_BEGIN
DBG_DWM_INVALIDATE tag=configure_radio_from_reset active_phy=2 configured=1 awake=0
DBG_DWM_MARK_UNCONFIGURED tag=initialise_radio prev_phy=0
DBG_WAKE_TRAIN_CONFIG_OK
DBG_WAKE_TRAIN_FIRST_SEND_BEGIN
DBG_WAKE_TRAIN_FIRST_SEND_OK
DBG_UWB_TX_CH5
DBG_TX_WAKE_CLAIM_SENT
DBG_UWB_TX_CH5
DBG_TX_WAKE_CLAIM_SENT
DBG_UWB_TX_CH5
DBG_TX_WAKE_CLAIM_SENT
DBG_UWB_TX_CH5
DBG_TX_WAKE_CLAIM_SENT
DBG_UWB_TX_CH5
DBG_TX_WAKE_CLAIM_SENT
DBG_UWB_TX_CH5
DBG_TX_WAKE_CLAIM_SENT
DBG_UWB_TX_CH5
DBG_TX_WAKE_CLAIM_SENT
DBG_UWB_TX_CH5
DBG_TX_WAKE_CLAIM_SENT
DBG_UWB_TX_CH5
DBG_TX_WAKE_CLAIM_SENT
DBG_UWB_TX_CH5
DBG_TX_WAKE_CLAIM_SENT
DBG_UWB_TX_CH5
DBG_TX_WAKE_CLAIM_SENT
DBG_UWB_TX_CH5
DBG_TX_WAKE_CLAIM_SENT
DBG_UWB_TX_CH5
DBG_TX_WAKE_CLAIM_SENT
DBG_UWB_TX_CH5
DBG_TX_WAKE_CLAIM_SENT
DBG_UWB_TX_CH5
DBG_TX_WAKE_CLAIM_SENT
DBG_UWB_TX_CH5
DBG_TX_WAKE_CLAIM_SENT
DBG_UWB_TX_CH5
DBG_TX_WAKE_CLAIM_SENT
DBG_UWB_TX_CH5
DBG_TX_WAKE_CLAIM_SENT
DBG_UWB_TX_CH5
DBG_TX_WAKE_CLAIM_SENT
DBG_UWB_TX_CH5
DBG_TX_WAKE_CLAIM_SENT
DBG_UWB_TX_CH5
DBG_TX_WAKE_CLAIM_SENT
DBG_UWB_TX_CH5
DBG_TX_WAKE_CLAIM_SENT
DBG_UWB_TX_CH5
DBG_TX_WAKE_CLAIM_SENT
DBG_UWB_TX_CH5
DBG_TX_WAKE_CLAIM_SENT
DBG_UWB_TX_CH5
DBG_TX_WAKE_CLAIM_SENT
DBG_UWB_TX_CH5
DBG_TX_WAKE_CLAIM_SENT
DBG_UWB_TX_CH5
DBG_TX_WAKE_CLAIM_SENT
DBG_UWB_TX_CH5
DBG_TX_WAKE_CLAIM_SENT
DBG_UWB_TX_CH5
DBG_TX_WAKE_CLAIM_SENT
DBG_UWB_TX_CH5
DBG_TX_WAKE_CLAIM_SENT
DBG_UWB_TX_CH5
DBG_TX_WAKE_CLAIM_SENT
DBG_UWB_TX_CH5
DBG_TX_WAKE_CLAIM_SENT
DBG_UWB_TX_CH5
DBG_TX_WAKE_CLAIM_SENT
DBG_UWB_TX_CH5
DBG_TX_WAKE_CLAIM_SENT
DBG_UWB_TX_CH5
DBG_TX_WAKE_CLAIM_SENT
DBG_UWB_TX_CH5
DBG_TX_WAKE_CLAIM_SENT
DBG_UWB_TX_CH5
DBG_TX_WAKE_CLAIM_SENT
DBG_UWB_TX_CH5
DBG_TX_WAKE_CLAIM_SENT
DBG_UWB_TX_CH5
DBG_TX_WAKE_CLAIM_SENT
DBG_UWB_TX_CH5
DBG_TX_WAKE_CLAIM_SENT
DBG_UWB_TX_CH5
DBG_TX_WAKE_CLAIM_SENT
DBG_UWB_TX_CH5
DBG_TX_WAKE_CLAIM_SENT
DBG_UWB_TX_CH5
DBG_TX_WAKE_CLAIM_SENT
DBG_UWB_TX_CH5
DBG_TX_WAKE_CLAIM_SENT
DBG_UWB_TX_CH5
DBG_TX_WAKE_CLAIM_SENT
DBG_UWB_TX_CH5
DBG_TX_WAKE_CLAIM_SENT
DBG_UWB_TX_CH5
DBG_TX_WAKE_CLAIM_SENT
DBG_UWB_TX_CH5
DBG_TX_WAKE_CLAIM_SENT
DBG_UWB_TX_CH5
DBG_TX_WAKE_CLAIM_SENT
DBG_UWB_TX_CH5
DBG_TX_WAKE_CLAIM_SENT
DBG_UWB_TX_CH5
DBG_TX_WAKE_CLAIM_SENT
DBG_UWB_TX_CH5
DBG_TX_WAKE_CLAIM_SENT
DBG_UWB_TX_CH5
DBG_TX_WAKE_CLAIM_SENT
DBG_UWB_TX_CH5
DBG_TX_WAKE_CLAIM_SENT
DBG_UWB_TX_CH5
DBG_TX_WAKE_CLAIM_SENT
DBG_UWB_TX_CH5
DBG_TX_WAKE_CLAIM_SENT
DBG_UWB_TX_CH5
DBG_TX_WAKE_CLAIM_SENT
DBG_UWB_TX_CH5
DBG_TX_WAKE_CLAIM_SENT
DBG_UWB_TX_CH5
DBG_TX_WAKE_CLAIM_SENT
DBG_UWB_TX_CH5
DBG_TX_WAKE_CLAIM_SENT
DBG_UWB_TX_CH5
DBG_TX_WAKE_CLAIM_SENT
DBG_UWB_TX_CH5
DBG_TX_WAKE_CLAIM_SENT
DBG_UWB_TX_CH5
DBG_TX_WAKE_CLAIM_SENT
DBG_STACK_RUN_BEGIN epoch=10013019366851854526 run=34 kind=ble_backpressure owner=system_workqueue queue=2 custody=2 credit=0 retry=0 drain=2 src=11068027678940948070 dst=11068027678940948070 session=31719473 seq=49 type=86 sequence=0 previous=0 uptime=241087
DBG_STACK_SAMPLE_BEGIN epoch=10013019366851854526 run=34 sample=34 kind=ble_backpressure owner=system_workqueue queue=2 custody=2 credit=0 retry=0 drain=2 src=11068027678940948070 dst=11068027678940948070 session=31719473 seq=49 type=86 uptime=241087
DBG_STACK_ISR_CONFIG size=8192 run=34 sample=34
DBG_STACK name=BT RX WQ tid=0x2000fe18 used=760 free=776 size=1536 ret=0 run=34 sample=34
DBG_STACK name=mesh_route tid=0x2000d560 used=5888 free=2304 size=8192 ret=0 run=34 sample=34
DBG_STACK name=sysworkq tid=0x20010d70 used=2408 free=2072 size=4480 ret=0 run=34 sample=34
DBG_STACK name=MPSL Work tid=0x20010b28 used=376 free=648 size=1024 ret=0 run=34 sample=34
DBG_STACK name=logging tid=0x2000f920 used=480 free=1568 size=2048 ret=0 run=34 sample=34
DBG_STACK name=idle tid=0x20010c00 used=64 free=256 size=320 ret=0 run=34 sample=34
DBG_STACK_SAMPLE_END run=34 sample=34
DBG_STACK_RUN_END epoch=10013019366851854526 run=34 kind=ble_backpressure owner=system_workqueue outcome=ack queue=2 custody=0 credit=1 retry=0 drain=2 src=11068027678940948070 dst=11068027678940948070 session=31719473 seq=49 type=86 samples=1 sequence=0 previous=0 uptime=241106
DBG_UWB_TX_CH5
DBG_TX_WAKE_CLAIM_SENT
DBG_UWB_TX_CH5
DBG_TX_WAKE_CLAIM_SENT
DBG_UWB_TX_CH5
DBG_TX_WAKE_CLAIM_SENT
DBG_UWB_TX_CH5
DBG_TX_WAKE_CLAIM_SENT
DBG_UWB_TX_CH5
DBG_TX_WAKE_CLAIM_SENT
DBG_UWB_TX_CH5
DBG_TX_WAKE_CLAIM_SENT
DBG_UWB_TX_CH5
DBG_TX_WAKE_CLAIM_SENT
DBG_UWB_TX_CH5
DBG_TX_WAKE_CLAIM_SENT
DBG_UWB_TX_CH5
DBG_TX_WAKE_CLAIM_SENT
DBG_UWB_TX_CH5
DBG_TX_WAKE_CLAIM_SENT
DBG_UWB_TX_CH5
DBG_TX_WAKE_CLAIM_SENT
DBG_UWB_TX_CH5
DBG_TX_WAKE_CLAIM_SENT
DBG_UWB_TX_CH5
DBG_TX_WAKE_CLAIM_SENT
DBG_UWB_TX_CH5
DBG_TX_WAKE_CLAIM_SENT
DBG_UWB_TX_CH5
DBG_TX_WAKE_CLAIM_SENT
DBG_UWB_TX_CH5
DBG_TX_WAKE_CLAIM_SENT
DBG_UWB_TX_CH5
DBG_TX_WAKE_CLAIM_SENT
DBG_UWB_TX_CH5
DBG_TX_WAKE_CLAIM_SENT
DBG_UWB_TX_CH5
DBG_TX_WAKE_CLAIM_SENT
DBG_UWB_TX_CH5
DBG_TX_WAKE_CLAIM_SENT
DBG_UWB_TX_CH5
DBG_TX_WAKE_CLAIM_SENT
DBG_UWB_TX_CH5
DBG_TX_WAKE_CLAIM_SENT
DBG_UWB_TX_CH5
DBG_TX_WAKE_CLAIM_SENT
DBG_UWB_TX_CH5
DBG_TX_WAKE_CLAIM_SENT
DBG_UWB_TX_CH5
DBG_TX_WAKE_CLAIM_SENT
DBG_UWB_TX_CH5
DBG_TX_WAKE_CLAIM_SENT
DBG_UWB_TX_CH5
DBG_TX_WAKE_CLAIM_SENT
DBG_UWB_TX_CH5
DBG_TX_WAKE_CLAIM_SENT
DBG_UWB_TX_CH5
DBG_TX_WAKE_CLAIM_SENT
DBG_UWB_TX_CH5
DBG_TX_WAKE_CLAIM_SENT
DBG_UWB_TX_CH5
DBG_TX_WAKE_CLAIM_SENT
DBG_UWB_TX_CH5
DBG_TX_WAKE_CLAIM_SENT
DBG_UWB_TX_CH5
DBG_TX_WAKE_CLAIM_SENT
DBG_UWB_TX_CH5
DBG_TX_WAKE_CLAIM_SENT
DBG_UWB_TX_CH5
DBG_TX_WAKE_CLAIM_SENT
DBG_UWB_TX_CH5
DBG_TX_WAKE_CLAIM_SENT
DBG_UWB_TX_CH5
DBG_TX_WAKE_CLAIM_SENT
DBG_UWB_TX_CH5
DBG_TX_WAKE_CLAIM_SENT
DBG_UWB_TX_CH5
DBG_TX_WAKE_CLAIM_SENT
DBG_UWB_TX_CH5
DBG_TX_WAKE_CLAIM_SENT
DBG_UWB_TX_CH5
DBG_TX_WAKE_CLAIM_SENT
DBG_UWB_TX_CH5
DBG_TX_WAKE_CLAIM_SENT
DBG_UWB_TX_CH5
DBG_TX_WAKE_CLAIM_SENT
DBG_UWB_TX_CH5
DBG_TX_WAKE_CLAIM_SENT
DBG_UWB_TX_CH5
DBG_TX_WAKE_CLAIM_SENT
DBG_UWB_TX_CH5
DBG_TX_WAKE_CLAIM_SENT
DBG_UWB_TX_CH5
DBG_TX_WAKE_CLAIM_SENT
DBG_UWB_TX_CH5
DBG_TX_WAKE_CLAIM_SENT
DBG_UWB_TX_CH5
DBG_TX_WAKE_CLAIM_SENT
DBG_UWB_TX_CH5
DBG_TX_WAKE_CLAIM_SENT
DBG_UWB_TX_CH5
DBG_TX_WAKE_CLAIM_SENT
DBG_UWB_TX_CH5
DBG_TX_WAKE_CLAIM_SENT
DBG_DWM_INVALIDATE tag=configure_radio_from_reset active_phy=2 configured=1 awake=1
DBG_DWM_MARK_UNCONFIGURED tag=initialise_radio prev_phy=0
DBG_C5_CONTROL_FOLLOWUP_TURNAROUND delay=60 msg=40 reason=node-comm-bounded-control-flood
DBG_DWM_INVALIDATE tag=configure_radio_from_reset active_phy=2 configured=1 awake=0
DBG_DWM_MARK_UNCONFIGURED tag=initialise_radio prev_phy=0
DBG_STACK_RUN_BEGIN epoch=10013019366851854526 run=35 kind=ble_backpressure owner=system_workqueue queue=1 custody=1 credit=0 retry=0 drain=1 src=11068027678940948070 dst=11068027678940948070 session=31719475 seq=51 type=86 sequence=0 previous=0 uptime=241672
DBG_STACK_SAMPLE_BEGIN epoch=10013019366851854526 run=35 sample=35 kind=ble_backpressure owner=system_workqueue queue=1 custody=1 credit=0 retry=0 drain=1 src=11068027678940948070 dst=11068027678940948070 session=31719475 seq=51 type=86 uptime=241672
DBG_STACK_ISR_CONFIG size=8192 run=35 sample=35
DBG_STACK name=BT RX WQ tid=0x2000fe18 used=760 free=776 size=1536 ret=0 run=35 sample=35
DBG_STACK name=mesh_route tid=0x2000d560 used=5888 free=2304 size=8192 ret=0 run=35 sample=35
DBG_STACK name=sysworkq tid=0x20010d70 used=2408 free=2072 size=4480 ret=0 run=35 sample=35
DBG_STACK name=MPSL Work tid=0x20010b28 used=376 free=648 size=1024 ret=0 run=35 sample=35
DBG_STACK name=logging tid=0x2000f920 used=480 free=1568 size=2048 ret=0 run=35 sample=35
DBG_STACK name=idle tid=0x20010c00 used=64 free=256 size=320 ret=0 run=35 sample=35
DBG_STACK_SAMPLE_END run=35 sample=35
DBG_STACK_RUN_END epoch=10013019366851854526 run=35 kind=ble_backpressure owner=system_workqueue outcome=ack queue=1 custody=0 credit=1 retry=0 drain=1 src=11068027678940948070 dst=11068027678940948070 session=31719475 seq=51 type=86 samples=1 sequence=0 previous=0 uptime=241689
DBG_DWM_MARK_UNCONFIGURED tag=initialise_radio prev_phy=0
DBG_DWM_WAKE_MESH_CTRL_OK sfd=4073
DBG_C5_TX_CONFIG ret=0 ext=1 len=133 msg=40 reason=bounded-c5-flood
DBG_UWB_TX_CH5
DBG_NC o=000000000000000a g=0000000a w=00 e=00000022 s=00000005 q=0004>0005 r=00000000 f=00000001 t=00000000 p=00000000 a=00
DBG_NC o=000000000000000a g=0000000a w=00 e=00000041 s=00000005 q=0005>0008 r=00000000 f=00000026 t=00000000 p=00000001 a=01
DBG_NODE_COMM_ATTEMPT handle=10 profile=6 attempt=1 ret=0 rf=1 scheduled=0 state=0
DBG_GATEWAY_RX_START reason=gateway mesh restart active=1 qrx=0 qtx=0 adv_due=0
DBG_DWM_INVALIDATE tag=configure_radio_from_reset active_phy=4 configured=1 awake=1
DBG_DWM_MARK_UNCONFIGURED tag=initialise_radio prev_phy=0
DBG_STACK_RUN_BEGIN epoch=10013019366851854526 run=36 kind=ble_backpressure owner=system_workqueue queue=1 custody=1 credit=0 retry=0 drain=1 src=11068027678940948070 dst=11068027678940948070 session=31719477 seq=53 type=86 sequence=0 previous=0 uptime=242212
DBG_STACK_SAMPLE_BEGIN epoch=10013019366851854526 run=36 sample=36 kind=ble_backpressure owner=system_workqueue queue=1 custody=1 credit=0 retry=0 drain=1 src=11068027678940948070 dst=11068027678940948070 session=31719477 seq=53 type=86 uptime=242212
DBG_STACK_ISR_CONFIG size=8192 run=36 sample=36
DBG_STACK name=BT RX WQ tid=0x2000fe18 used=760 free=776 size=1536 ret=0 run=36 sample=36
DBG_STACK name=mesh_route tid=0x2000d560 used=5888 free=2304 size=8192 ret=0 run=36 sample=36
DBG_STACK name=sysworkq tid=0x20010d70 used=2408 free=2072 size=4480 ret=0 run=36 sample=36
DBG_STACK name=MPSL Work tid=0x20010b28 used=376 free=648 size=1024 ret=0 run=36 sample=36
DBG_STACK name=logging tid=0x2000f920 used=480 free=1568 size=2048 ret=0 run=36 sample=36
DBG_STACK name=idle tid=0x20010c00 used=64 free=256 size=320 ret=0 run=36 sample=36
DBG_STACK_SAMPLE_END run=36 sample=36
DBG_STACK_RUN_END epoch=10013019366851854526 run=36 kind=ble_backpressure owner=system_workqueue outcome=ack queue=1 custody=0 credit=1 retry=0 drain=1 src=11068027678940948070 dst=11068027678940948070 session=31719477 seq=53 type=86 samples=1 sequence=0 previous=0 uptime=242228
DBG_UWB_RX_CH9
DBG_GATEWAY_CH9_RX_RELEASE_IDLE
DBG_GATEWAY_RX_DECODE ch=9 msg=0x41 src=0x191a9619c6c8cb07 dst=0x9999888877776666 prev=0x191a9619c6c8cb07 seq=10 flags=0x14 pl
DBG_UWB_RX_CH9
DBG_MESH_RX_QUEUED ch=9 msg=0x41 src=0x191a9619c6c8cb07 dst=0x9999888877776666 prev=0x191a9619c6c8cb07 seq=10 q=1
DBG_MESH_RX_DIRECT_WAIT q=1 reason=gateway-ch9-continuous-rx
DBG_MESH_RX_DIRECT_ENTER q=1 reason=gateway-ch9-continuous-rx
DBG_MESH_RX_DRAIN_ENTER owner=gateway-ch9-continuous-rx q=1
DBG_ENUM_ADAPTIVE_DEADLINE stage=0 observed_hop=1 next_hop=2 wait=4178 deadline=246492
DBG_ENUM_CLAIM_RX epoch=31719474 anchor=0x191a9619c6c8cb07 hop=1 responders=1 roster=1 retained=0
DBG_GATEWAY_ACK_INPUT type=65 src=0x191a9619c6c8cb07 dst=0x9999888877776666 rxseq=10 ackseq=32 len=36 flags=0x14 meta=0
DBG_GATEWAY_ACK_GUARD ms=10 seq=32
DBG_COORD state=idle owner=gateway-ack-immediate-channel9 reason=idle rx=0 tx=0 relay=0 route=0 ack=0 qack=0
DBG_CH9_TX_CONFIG ret=0 now=242327 earliest=0 msg=32
DBG_CH9_TX_SEND_AT now=242327 earliest=0 msg=32 len=105
DBG_CH9_TX_RELEASE_IDLE msg=32 seq=32 reason=gateway-ack-immediate-channel9 ret=0
DBG_UWB_TX_CH9
DBG_GATEWAY_ACK_TX_LED
DBG_GATEWAY_RX_REARM_DEFER delay=0 ret=1 active=1
DBG_GATEWAY_RX_START reason=gateway mesh restart active=1 qrx=0 qtx=0 adv_due=0
DBG_GATEWAY_ACK_SEND ret=0 seq=32 dst=0x191a9619c6c8cb07 next=0x191a9619c6c8cb07
DBG_MESH_RX_DRAIN_EXIT owner=gateway-ch9-continuous-rx handled=1 q=0
DBG_MESH_RX_DIRECT_EXIT handled=1 q=0 reason=gateway-ch9-continuous-rx
DBG_MESH_RX_WORK_WAIT q=0
DBG_MESH_RX_WORK_ENTER q=0
DBG_MESH_RX_DRAIN_ENTER owner=work q=0
DBG_MESH_RX_DRAIN_EXIT owner=work handled=0 q=0
DBG_MESH_RX_WORK_EXIT handled=0 q=0
DBG_GATEWAY_RX_REARM_RUN delay=0 ret=1 active=1
DBG_COORD state=gateway-rx owner=uwb-rx reason=gateway-rx rx=0 tx=0 relay=0 route=0 ack=0 qack=0
DBG_UWB_RX_CH9
DBG_GATEWAY_CH9_RX_RELEASE_IDLE
DBG_GATEWAY_RX_DECODE ch=9 msg=0x33 src=0x191a9619c6c8cb07 dst=0x9999888877776666 prev=0x191a9619c6c8cb07 seq=10 flags=0x04 pl
DBG_UWB_RX_CH9
DBG_MESH_RX_QUEUED ch=9 msg=0x33 src=0x191a9619c6c8cb07 dst=0x9999888877776666 prev=0x191a9619c6c8cb07 seq=10 q=1
DBG_MESH_RX_DIRECT_WAIT q=1 reason=gateway-ch9-continuous-rx
DBG_MESH_RX_DIRECT_ENTER q=1 reason=gateway-ch9-continuous-rx
DBG_MESH_RX_DRAIN_ENTER owner=gateway-ch9-continuous-rx q=1
DBG_GATEWAY_ACK_INPUT type=51 src=0x191a9619c6c8cb07 dst=0x9999888877776666 rxseq=10 ackseq=33 len=44 flags=0x04 meta=0
DBG_GATEWAY_ACK_GUARD ms=10 seq=33
DBG_COORD state=idle owner=gateway-ack-immediate-channel9 reason=idle rx=0 tx=0 relay=0 route=0 ack=0 qack=0
DBG_CH9_TX_CONFIG ret=0 now=242588 earliest=0 msg=32
DBG_CH9_TX_SEND_AT now=242588 earliest=0 msg=32 len=105
DBG_CH9_TX_RELEASE_IDLE msg=32 seq=33 reason=gateway-ack-immediate-channel9 ret=0
DBG_UWB_TX_CH9
DBG_GATEWAY_ACK_TX_LED
DBG_GATEWAY_RX_REARM_DEFER delay=0 ret=1 active=1
DBG_GATEWAY_RX_START reason=gateway mesh restart active=1 qrx=0 qtx=0 adv_due=0
DBG_GATEWAY_ACK_SEND ret=0 seq=33 dst=0x191a9619c6c8cb07 next=0x191a9619c6c8cb07
DBG_MESH_RX_WORK_WAIT q=0
DBG_MESH_RX_WORK_ENTER q=0
DBG_MESH_RX_DRAIN_ENTER owner=work q=0
DBG_MESH_RX_DRAIN_EXIT owner=work handled=0 q=0
DBG_MESH_RX_WORK_EXIT handled=0 q=0
DBG_GATEWAY_RX_REARM_RUN delay=0 ret=1 active=1
DBG_COORD state=gateway-rx owner=uwb-rx reason=gateway-rx rx=0 tx=0 relay=0 route=0 ack=0 qack=0
DBG_STACK_RUN_BEGIN epoch=10013019366851854526 run=37 kind=ble_backpressure owner=system_workqueue queue=1 custody=1 credit=0 retry=0 drain=1 src=11068027678940948070 dst=11068027678940948070 session=31719478 seq=54 type=86 sequence=0 previous=0 uptime=242797
DBG_STACK_SAMPLE_BEGIN epoch=10013019366851854526 run=37 sample=37 kind=ble_backpressure owner=system_workqueue queue=1 custody=1 credit=0 retry=0 drain=1 src=11068027678940948070 dst=11068027678940948070 session=31719478 seq=54 type=86 uptime=242797
DBG_STACK_ISR_CONFIG size=8192 run=37 sample=37
DBG_STACK name=BT RX WQ tid=0x2000fe18 used=760 free=776 size=1536 ret=0 run=37 sample=37
DBG_STACK name=mesh_route tid=0x2000d560 used=5888 free=2304 size=8192 ret=0 run=37 sample=37
DBG_STACK name=sysworkq tid=0x20010d70 used=2408 free=2072 size=4480 ret=0 run=37 sample=37
DBG_STACK name=MPSL Work tid=0x20010b28 used=376 free=648 size=1024 ret=0 run=37 sample=37
DBG_STACK name=logging tid=0x2000f920 used=480 free=1568 size=2048 ret=0 run=37 sample=37
DBG_STACK name=idle tid=0x20010c00 used=64 free=256 size=320 ret=0 run=37 sample=37
DBG_STACK_SAMPLE_END run=37 sample=37
DBG_STACK_RUN_END epoch=10013019366851854526 run=37 kind=ble_backpressure owner=system_workqueue outcome=ack queue=1 custody=0 credit=1 retry=0 drain=1 src=11068027678940948070 dst=11068027678940948070 session=31719478 seq=54 type=86 samples=1 sequence=0 previous=0 uptime=242820
DBG_UWB_RX_CH9
DBG_GATEWAY_CH9_RX_RELEASE_IDLE
DBG_GATEWAY_RX_DECODE ch=9 msg=0x41 src=0x708bc0aab970300e dst=0x9999888877776666 prev=0x708bc0aab970300e seq=10 flags=0x14 pl
DBG_UWB_RX_CH9
DBG_MESH_RX_QUEUED ch=9 msg=0x41 src=0x708bc0aab970300e dst=0x9999888877776666 prev=0x708bc0aab970300e seq=10 q=1
DBG_MESH_RX_DIRECT_WAIT q=1 reason=gateway-ch9-continuous-rx
DBG_MESH_RX_DIRECT_ENTER q=1 reason=gateway-ch9-continuous-rx
DBG_MESH_RX_DRAIN_ENTER owner=gateway-ch9-continuous-rx q=1
DBG_ENUM_ADAPTIVE_DEADLINE stage=0 observed_hop=1 next_hop=2 wait=4178 deadline=247591
DBG_ENUM_CLAIM_RX epoch=31719474 anchor=0x708bc0aab970300e hop=1 responders=2 roster=2 retained=0
DBG_GATEWAY_ACK_INPUT type=65 src=0x708bc0aab970300e dst=0x9999888877776666 rxseq=10 ackseq=34 len=36 flags=0x14 meta=0
DBG_GATEWAY_ACK_GUARD ms=10 seq=34
DBG_STACK_RUN_BEGIN epoch=10013019366851854526 run=38 kind=ble_backpressure owner=system_workqueue queue=1 custody=1 credit=0 retry=0 drain=1 src=11068027678940948070 dst=11068027678940948070 session=31719479 seq=55 type=86 sequence=0 previous=0 uptime=243415
DBG_STACK_SAMPLE_BEGIN epoch=10013019366851854526 run=38 sample=38 kind=ble_backpressure owner=system_workqueue queue=1 custody=1 credit=0 retry=0 drain=1 src=11068027678940948070 dst=11068027678940948070 session=31719479 seq=55 type=86 uptime=243431
DBG_STACK_ISR_CONFIG size=8192 run=38 sample=38
DBG_STACK name=BT RX WQ tid=0x2000fe18 used=760 free=776 size=1536 ret=0 run=38 sample=38
DBG_STACK name=mesh_route tid=0x2000d560 used=5888 free=2304 size=8192 ret=0 run=38 sample=38
DBG_STACK name=sysworkq tid=0x20010d70 used=2408 free=2072 size=4480 ret=0 run=38 sample=38
DBG_STACK name=MPSL Work tid=0x20010b28 used=376 free=648 size=1024 ret=0 run=38 sample=38
DBG_STACK name=logging tid=0x2000f920 used=480 free=1568 size=2048 ret=0 run=38 sample=38
DBG_STACK name=idle tid=0x20010c00 used=64 free=256 size=320 ret=0 run=38 sample=38
DBG_STACK_SAMPLE_END run=38 sample=38
DBG_STACK_RUN_END epoch=10013019366851854526 run=38 kind=ble_backpressure owner=system_workqueue outcome=ack queue=1 custody=0 credit=1 retry=0 drain=1 src=11068027678940948070 dst=11068027678940948070 session=31719479 seq=55 type=86 samples=1 sequence=0 previous=0 uptime=243457
DBG_MESH_RX_WORK_WAIT q=0
DBG_MESH_RX_WORK_ENTER q=0
DBG_MESH_RX_DRAIN_ENTER owner=work q=0
DBG_MESH_RX_DRAIN_EXIT owner=work handled=0 q=0
DBG_MESH_RX_WORK_EXIT handled=0 q=0
DBG_GATEWAY_RX_REARM_RUN delay=0 ret=1 active=1
DBG_COORD state=gateway-rx owner=uwb-rx reason=gateway-rx rx=0 tx=0 relay=0 route=0 ack=0 qack=0
DBG_UWB_RX_CH9
DBG_GATEWAY_CH9_RX_RELEASE_IDLE
DBG_GATEWAY_RX_DECODE ch=9 msg=0x41 src=0x56da25fe4af6d141 dst=0x9999888877776666 prev=0x56da25fe4af6d141 seq=10 flags=0x14 pl
DBG_UWB_RX_CH9
DBG_MESH_RX_QUEUED ch=9 msg=0x41 src=0x56da25fe4af6d141 dst=0x9999888877776666 prev=0x56da25fe4af6d141 seq=10 q=1
DBG_MESH_RX_DIRECT_WAIT q=1 reason=gateway-ch9-continuous-rx
DBG_MESH_RX_DIRECT_ENTER q=1 reason=gateway-ch9-continuous-rx
DBG_MESH_RX_DRAIN_ENTER owner=gateway-ch9-continuous-rx q=1
DBG_ENUM_ADAPTIVE_DEADLINE stage=0 observed_hop=1 next_hop=2 wait=4176 deadline=248058
DBG_ENUM_CONFIRM ret=1
DBG_ENUM_CLAIM_RX epoch=31719474 anchor=0x56da25fe4af6d141 hop=1 responders=3 roster=3 retained=0
DBG_GATEWAY_ACK_INPUT type=65 src=0x56da25fe4af6d141 dst=0x9999888877776666 rxseq=10 ackseq=35 len=36 flags=0x14 meta=0
DBG_GATEWAY_ACK_GUARD ms=10 seq=35
DBG_STACK_RUN_BEGIN epoch=10013019366851854526 run=39 kind=ble_backpressure owner=system_workqueue queue=1 custody=1 credit=0 retry=0 drain=1 src=11068027678940948070 dst=11068027678940948070 session=31719480 seq=56 type=86 sequence=0 previous=0 uptime=243884
DBG_STACK_SAMPLE_BEGIN epoch=10013019366851854526 run=39 sample=39 kind=ble_backpressure owner=system_workqueue queue=1 custody=1 credit=0 retry=0 drain=1 src=11068027678940948070 dst=11068027678940948070 session=31719480 seq=56 type=86 uptime=243893
DBG_STACK_ISR_CONFIG size=8192 run=39 sample=39
DBG_STACK name=BT RX WQ tid=0x2000fe18 used=760 free=776 size=1536 ret=0 run=39 sample=39
DBG_STACK name=mesh_route tid=0x2000d560 used=5888 free=2304 size=8192 ret=0 run=39 sample=39
DBG_STACK name=sysworkq tid=0x20010d70 used=2408 free=2072 size=4480 ret=0 run=39 sample=39
DBG_STACK name=MPSL Work tid=0x20010b28 used=376 free=648 size=1024 ret=0 run=39 sample=39
DBG_STACK name=logging tid=0x2000f920 used=480 free=1568 size=2048 ret=0 run=39 sample=39
DBG_STACK name=idle tid=0x20010c00 used=64 free=256 size=320 ret=0 run=39 sample=39
DBG_STACK_SAMPLE_END run=39 sample=39
DBG_STACK_RUN_END epoch=10013019366851854526 run=39 kind=ble_backpressure owner=system_workqueue outcome=ack queue=1 custody=0 credit=1 retry=0 drain=1 src=11068027678940948070 dst=11068027678940948070 session=31719480 seq=56 type=86 samples=1 sequence=0 previous=0 uptime=243920
DBG_COORD state=idle owner=gateway-ack-immediate-channel9 reason=idle rx=0 tx=0 relay=0 route=0 ack=0 qack=0
DBG_CH9_TX_CONFIG ret=0 now=243928 earliest=0 msg=32
DBG_CH9_TX_SEND_AT now=243928 earliest=0 msg=32 len=105
DBG_CH9_TX_RELEASE_IDLE msg=32 seq=36 reason=gateway-ack-immediate-channel9 ret=0
DBG_UWB_TX_CH9
DBG_GATEWAY_ACK_TX_LED
DBG_GATEWAY_RX_REARM_DEFER delay=0 ret=1 active=1
DBG_GATEWAY_RX_START reason=gateway mesh restart active=1 qrx=0 qtx=0 adv_due=0
DBG_GATEWAY_ACK_SEND ret=0 seq=36 dst=0x56da25fe4af6d141 next=0x56da25fe4af6d141
DBG_MESH_RX_DRAIN_EXIT owner=gateway-ch9-continuous-rx handled=1 q=0
DBG_GATEWAY_COMMAND_PRIORITY_SUBMIT ret=0 now=244372
DBG_GATEWAY_CH9_RX_COMMAND_PREEMPT now=244384 rem=100 frames=0
DBG_GATEWAY_CH9_RX_CONT_DONE ret=-140 len=0 fail=0 recover=0
DBG_NC o=000000000000000b g=0000000b w=00 e=0000003c s=00000005 q=0000>0004 r=00000000 f=00000024 t=00000000 p=00000000 a=00
DBG_NODE_COMM_SUBMIT handle=11 profile=6 token=17039371 deadline=254386
DBG_ENUM_FLOOD kind=2 handle=11
DBG_ENUM_TABLE_TX epoch=31719474 count=3 round=1 ret=0
DBG_NODE_COMM_TX_BEGIN handle=11 profile=6 msg=64 dst=0x0 seq=11
DBG_CONTROL_RX_HANDOFF_READY abort=0
DBG_COORD state=idle owner=c5-flood reason=idle rx=0 tx=0 relay=0 route=0 ack=0 qack=0
DBG_DWM_INVALIDATE tag=configure_radio_from_reset active_phy=3 configured=1 awake=1
DBG_DWM_MARK_UNCONFIGURED tag=initialise_radio prev_phy=0
DBG_DWM_INVALIDATE tag=configure_radio_from_reset active_phy=2 configured=1 awake=0
DBG_DWM_MARK_UNCONFIGURED tag=initialise_radio prev_phy=0
DBG_DWM_WAKE_MESH_CTRL_OK sfd=4073
DBG_C5_TX_CONFIG ret=0 ext=1 len=193 msg=40 reason=bounded-c5-flood
DBG_UWB_TX_CH5
DBG_NC o=000000000000000b g=0000000b w=00 e=00000022 s=00000005 q=0004>0005 r=00000000 f=00000001 t=00000000 p=00000000 a=00
DBG_NC o=000000000000000b g=0000000b w=00 e=00000041 s=00000005 q=0005>0008 r=00000000 f=00000026 t=00000000 p=00000001 a=01
DBG_NODE_COMM_ATTEMPT handle=11 profile=6 attempt=1 ret=0 rf=1 scheduled=0 state=0
DBG_GATEWAY_RX_START reason=gateway mesh restart active=1 qrx=0 qtx=0 adv_due=0
DBG_ENUM_RF_RESULT kind=2 handle=11 success=1 reason=0 tries=1
DBG_COORD state=gateway-rx owner=uwb-rx reason=gateway-rx rx=0 tx=0 relay=0 route=0 ack=0 qack=0
DBG_DWM_INVALIDATE tag=configure_radio_from_reset active_phy=4 configured=1 awake=1
DBG_DWM_MARK_UNCONFIGURED tag=initialise_radio prev_phy=0
DBG_UWB_RX_CH9
DBG_GATEWAY_CH9_RX_RELEASE_IDLE
DBG_GATEWAY_RX_DECODE ch=9 msg=0x41 src=0x708bc0aab970300e dst=0x9999888877776666 prev=0x708bc0aab970300e seq=11 flags=0x14 pl
DBG_UWB_RX_CH9
DBG_MESH_RX_QUEUED ch=9 msg=0x41 src=0x708bc0aab970300e dst=0x9999888877776666 prev=0x708bc0aab970300e seq=11 q=1
DBG_MESH_RX_DIRECT_WAIT q=1 reason=gateway-ch9-continuous-rx
DBG_MESH_RX_DIRECT_ENTER q=1 reason=gateway-ch9-continuous-rx
DBG_MESH_RX_DRAIN_ENTER owner=gateway-ch9-continuous-rx q=1
DBG_ENUM_ADAPTIVE_DEADLINE stage=1 observed_hop=1 next_hop=2 wait=4178 deadline=249044
DBG_DISCOVERY_SLOT_ACK_RX epoch=31719474 anchor=0x708bc0aab970300e hop=1 acked=1 missing=2
DBG_GATEWAY_ACK_INPUT type=65 src=0x708bc0aab970300e dst=0x9999888877776666 rxseq=11 ackseq=37 len=70 flags=0x14 meta=0
DBG_GATEWAY_ACK_GUARD ms=10 seq=37
DBG_COORD state=idle owner=gateway-ack-immediate-channel9 reason=idle rx=0 tx=0 relay=0 route=0 ack=0 qack=0
DBG_CH9_TX_CONFIG ret=0 now=244879 earliest=0 msg=32
DBG_CH9_TX_SEND_AT now=244879 earliest=0 msg=32 len=105
DBG_CH9_TX_RELEASE_IDLE msg=32 seq=37 reason=gateway-ack-immediate-channel9 ret=0
DBG_UWB_TX_CH9
DBG_GATEWAY_ACK_TX_LED
DBG_GATEWAY_RX_REARM_DEFER delay=0 ret=1 active=1
DBG_GATEWAY_RX_START reason=gateway mesh restart active=1 qrx=0 qtx=0 adv_due=0
DBG_MESH_RX_WORK_WAIT q=0
DBG_MESH_RX_WORK_ENTER q=0
DBG_MESH_RX_DRAIN_ENTER owner=work q=0
DBG_MESH_RX_DRAIN_EXIT owner=work handled=0 q=0
DBG_MESH_RX_WORK_EXIT handled=0 q=0
DBG_GATEWAY_RX_REARM_RUN delay=0 ret=1 active=1
DBG_COORD state=gateway-rx owner=uwb-rx reason=gateway-rx rx=0 tx=0 relay=0 route=0 ack=0 qack=0
DBG_UWB_RX_CH9
DBG_GATEWAY_CH9_RX_RELEASE_IDLE
DBG_GATEWAY_RX_DECODE ch=9 msg=0x41 src=0x56da25fe4af6d141 dst=0x9999888877776666 prev=0x56da25fe4af6d141 seq=11 flags=0x14 pl
DBG_UWB_RX_CH9
DBG_MESH_RX_QUEUED ch=9 msg=0x41 src=0x56da25fe4af6d141 dst=0x9999888877776666 prev=0x56da25fe4af6d141 seq=11 q=1
DBG_MESH_RX_DIRECT_WAIT q=1 reason=gateway-ch9-continuous-rx
DBG_MESH_RX_DIRECT_ENTER q=1 reason=gateway-ch9-continuous-rx
DBG_MESH_RX_DRAIN_ENTER owner=gateway-ch9-continuous-rx q=1
DBG_ENUM_ADAPTIVE_DEADLINE stage=1 observed_hop=1 next_hop=2 wait=4178 deadline=249701
DBG_DISCOVERY_SLOT_ACK_RX epoch=31719474 anchor=0x56da25fe4af6d141 hop=1 acked=2 missing=1
DBG_GATEWAY_ACK_INPUT type=65 src=0x56da25fe4af6d141 dst=0x9999888877776666 rxseq=11 ackseq=38 len=70 flags=0x14 meta=0
DBG_GATEWAY_ACK_GUARD ms=10 seq=38
DBG_COORD state=idle owner=gateway-ack-immediate-channel9 reason=idle rx=0 tx=0 relay=0 route=0 ack=0 qack=0
DBG_CH9_TX_CONFIG ret=0 now=245536 earliest=0 msg=32
DBG_CH9_TX_SEND_AT now=245536 earliest=0 msg=32 len=105
DBG_CH9_TX_RELEASE_IDLE msg=32 seq=38 reason=gateway-ack-immediate-channel9 ret=0
DBG_UWB_TX_CH9
DBG_GATEWAY_ACK_TX_LED
DBG_GATEWAY_RX_REARM_DEFER delay=0 ret=1 active=1
DBG_GATEWAY_RX_START reason=gateway mesh restart active=1 qrx=0 qtx=0 adv_due=0
DBG_GATEWAY_ACK_SEND ret=0 seq=38 dst=0x56da25fe4af6d141 next=0x56da25fe4af6d141
DBG_MESH_RX_DRAIN_EXIT owner=gateway-ch9-continuous-rx handled=1 q=0
DBG_UWB_RX_CH9
DBG_GATEWAY_CH9_RX_RELEASE_IDLE
DBG_GATEWAY_RX_DECODE ch=9 msg=0x33 src=0x56da25fe4af6d141 dst=0x9999888877776666 prev=0x56da25fe4af6d141 seq=11 flags=0x04 pl
DBG_UWB_RX_CH9
DBG_MESH_RX_QUEUED ch=9 msg=0x33 src=0x56da25fe4af6d141 dst=0x9999888877776666 prev=0x56da25fe4af6d141 seq=11 q=1
DBG_MESH_RX_DIRECT_WAIT q=1 reason=gateway-ch9-continuous-rx
DBG_ENUM_CONFIRM ret=1
DBG_GATEWAY_ACK_INPUT type=51 src=0x56da25fe4af6d141 dst=0x9999888877776666 rxseq=11 ackseq=39 len=44 flags=0x04 meta=0
DBG_GATEWAY_ACK_GUARD ms=10 seq=39
DBG_STACK_RUN_BEGIN epoch=10013019366851854526 run=40 kind=ble_backpressure owner=system_workqueue queue=1 custody=1 credit=0 retry=0 drain=1 src=11068027678940948070 dst=11068027678940948070 session=31719483 seq=59 type=86 sequence=0 previous=0 uptime=245559
DBG_STACK_SAMPLE_BEGIN epoch=10013019366851854526 run=40 sample=40 kind=ble_backpressure owner=system_workqueue queue=1 custody=1 credit=0 retry=0 drain=1 src=11068027678940948070 dst=11068027678940948070 session=31719483 seq=59 type=86 uptime=245560
DBG_STACK_ISR_CONFIG size=8192 run=40 sample=40
DBG_STACK name=BT RX WQ tid=0x2000fe18 used=760 free=776 size=1536 ret=0 run=40 sample=40
DBG_STACK name=mesh_route tid=0x2000d560 used=5888 free=2304 size=8192 ret=0 run=40 sample=40
DBG_STACK name=sysworkq tid=0x20010d70 used=2408 free=2072 size=4480 ret=0 run=40 sample=40
DBG_STACK name=MPSL Work tid=0x20010b28 used=376 free=648 size=1024 ret=0 run=40 sample=40
DBG_STACK name=logging tid=0x2000f920 used=480 free=1568 size=2048 ret=0 run=40 sample=40
DBG_STACK name=idle tid=0x20010c00 used=64 free=256 size=320 ret=0 run=40 sample=40
DBG_STACK_SAMPLE_END run=40 sample=40
DBG_STACK_RUN_END epoch=10013019366851854526 run=40 kind=ble_backpressure owner=system_workqueue outcome=ack queue=1 custody=0 credit=1 retry=0 drain=1 src=11068027678940948070 dst=11068027678940948070 session=31719483 seq=59 type=86 samples=1 sequence=0 previous=0 uptime=245583
DBG_UWB_RX_CH9
DBG_GATEWAY_CH9_RX_RELEASE_IDLE
DBG_GATEWAY_RX_DECODE ch=9 msg=0x41 src=0x191a9619c6c8cb07 dst=0x9999888877776666 prev=0x191a9619c6c8cb07 seq=11 flags=0x14 pl
DBG_UWB_RX_CH9
DBG_MESH_RX_QUEUED ch=9 msg=0x41 src=0x191a9619c6c8cb07 dst=0x9999888877776666 prev=0x191a9619c6c8cb07 seq=11 q=1
DBG_MESH_RX_DIRECT_WAIT q=1 reason=gateway-ch9-continuous-rx
DBG_MESH_RX_DIRECT_ENTER q=1 reason=gateway-ch9-continuous-rx
DBG_MESH_RX_DRAIN_ENTER owner=gateway-ch9-continuous-rx q=1
DBG_ENUM_ADAPTIVE_DEADLINE stage=1 observed_hop=1 next_hop=2 wait=4178 deadline=250002
DBG_DISCOVERY_SLOT_ACK_RX epoch=31719474 anchor=0x191a9619c6c8cb07 hop=1 acked=3 missing=0
DBG_GATEWAY_ACK_INPUT type=65 src=0x191a9619c6c8cb07 dst=0x9999888877776666 rxseq=11 ackseq=40 len=70 flags=0x14 meta=0
DBG_GATEWAY_ACK_GUARD ms=10 seq=40
DBG_COORD state=idle owner=gateway-ack-immediate-channel9 reason=idle rx=0 tx=0 relay=0 route=0 ack=0 qack=0
DBG_CH9_TX_CONFIG ret=0 now=245837 earliest=0 msg=32
DBG_CH9_TX_SEND_AT now=245837 earliest=0 msg=32 len=105
DBG_CH9_TX_RELEASE_IDLE msg=32 seq=40 reason=gateway-ack-immediate-channel9 ret=0
DBG_UWB_TX_CH9
DBG_GATEWAY_ACK_TX_LED
DBG_GATEWAY_RX_REARM_DEFER delay=0 ret=1 active=1
DBG_GATEWAY_RX_START reason=gateway mesh restart active=1 qrx=0 qtx=0 adv_due=0
DBG_GATEWAY_ACK_SEND ret=0 seq=40 dst=0x191a9619c6c8cb07 next=0x191a9619c6c8cb07
DBG_MESH_RX_DRAIN_EXIT owner=gateway-ch9-continuous-rx handled=1 q=0
DBG_MESH_RX_DIRECT_EXIT handled=1 q=0 reason=gateway-ch9-continuous-rx
DBG_MESH_RX_WORK_WAIT q=0
DBG_MESH_RX_WORK_ENTER q=0
DBG_MESH_RX_DRAIN_ENTER owner=work q=0
DBG_MESH_RX_DRAIN_EXIT owner=work handled=0 q=0
DBG_MESH_RX_WORK_EXIT handled=0 q=0
DBG_GATEWAY_RX_REARM_RUN delay=0 ret=1 active=1
DBG_COORD state=gateway-rx owner=uwb-rx reason=gateway-rx rx=0 tx=0 relay=0 route=0 ack=0 qack=0
DBG_UWB_RX_CH9
DBG_GATEWAY_CH9_RX_RELEASE_IDLE
DBG_GATEWAY_RX_DECODE ch=9 msg=0x33 src=0x191a9619c6c8cb07 dst=0x9999888877776666 prev=0x191a9619c6c8cb07 seq=11 flags=0x04 pl
DBG_UWB_RX_CH9
DBG_MESH_RX_QUEUED ch=9 msg=0x33 src=0x191a9619c6c8cb07 dst=0x9999888877776666 prev=0x191a9619c6c8cb07 seq=11 q=1
DBG_MESH_RX_DIRECT_WAIT q=1 reason=gateway-ch9-continuous-rx
DBG_MESH_RX_DIRECT_ENTER q=1 reason=gateway-ch9-continuous-rx
DBG_MESH_RX_DRAIN_ENTER owner=gateway-ch9-continuous-rx q=1
DBG_ENUM_ADAPTIVE_DEADLINE stage=1 observed_hop=1 next_hop=2 wait=4184 deadline=250164
DBG_ENUM_CONFIRM ret=1
DBG_GATEWAY_ACK_INPUT type=51 src=0x191a9619c6c8cb07 dst=0x9999888877776666 rxseq=11 ackseq=41 len=44 flags=0x04 meta=0
DBG_GATEWAY_ACK_GUARD ms=10 seq=41
DBG_STACK_RUN_BEGIN epoch=10013019366851854526 run=41 kind=ble_backpressure owner=system_workqueue queue=1 custody=1 credit=0 retry=0 drain=1 src=11068027678940948070 dst=11068027678940948070 session=31719484 seq=60 type=86 sequence=0 previous=0 uptime=245992
DBG_STACK_SAMPLE_BEGIN epoch=10013019366851854526 run=41 sample=41 kind=ble_backpressure owner=system_workqueue queue=1 custody=1 credit=0 retry=0 drain=1 src=11068027678940948070 dst=11068027678940948070 session=31719484 seq=60 type=86 uptime=245992
DBG_STACK_ISR_CONFIG size=8192 run=41 sample=41
DBG_STACK name=BT RX WQ tid=0x2000fe18 used=760 free=776 size=1536 ret=0 run=41 sample=41
DBG_STACK name=mesh_route tid=0x2000d560 used=5888 free=2304 size=8192 ret=0 run=41 sample=41
DBG_STACK name=sysworkq tid=0x20010d70 used=2408 free=2072 size=4480 ret=0 run=41 sample=41
DBG_STACK name=MPSL Work tid=0x20010b28 used=376 free=648 size=1024 ret=0 run=41 sample=41
DBG_STACK name=logging tid=0x2000f920 used=480 free=1568 size=2048 ret=0 run=41 sample=41
DBG_STACK name=idle tid=0x20010c00 used=64 free=256 size=320 ret=0 run=41 sample=41
DBG_STACK_SAMPLE_END run=41 sample=41
DBG_STACK_RUN_END epoch=10013019366851854526 run=41 kind=ble_backpressure owner=system_workqueue outcome=ack queue=1 custody=0 credit=1 retry=0 drain=1 src=11068027678940948070 dst=11068027678940948070 session=31719484 seq=60 type=86 samples=1 sequence=0 previous=0 uptime=246012
DBG_UWB_RX_CH9
DBG_GATEWAY_CH9_RX_RELEASE_IDLE
DBG_GATEWAY_RX_DECODE ch=9 msg=0x33 src=0x708bc0aab970300e dst=0x9999888877776666 prev=0x708bc0aab970300e seq=11 flags=0x04 pl
DBG_UWB_RX_CH9
DBG_MESH_RX_QUEUED ch=9 msg=0x33 src=0x708bc0aab970300e dst=0x9999888877776666 prev=0x708bc0aab970300e seq=11 q=1
DBG_MESH_RX_DIRECT_WAIT q=1 reason=gateway-ch9-continuous-rx
DBG_MESH_RX_DIRECT_ENTER q=1 reason=gateway-ch9-continuous-rx
DBG_MESH_RX_DRAIN_ENTER owner=gateway-ch9-continuous-rx q=1
DBG_ENUM_ADAPTIVE_DEADLINE stage=1 observed_hop=1 next_hop=2 wait=4184 deadline=250790
DBG_ENUM_CONFIRM ret=1
DBG_GATEWAY_ACK_INPUT type=51 src=0x708bc0aab970300e dst=0x9999888877776666 rxseq=11 ackseq=42 len=44 flags=0x04 meta=0
DBG_GATEWAY_ACK_GUARD ms=10 seq=42
DBG_STACK_RUN_BEGIN epoch=10013019366851854526 run=42 kind=ble_backpressure owner=system_workqueue queue=1 custody=1 credit=0 retry=0 drain=1 src=11068027678940948070 dst=11068027678940948070 session=31719485 seq=61 type=86 sequence=0 previous=0 uptime=246608
DBG_STACK_SAMPLE_BEGIN epoch=10013019366851854526 run=42 sample=42 kind=ble_backpressure owner=system_workqueue queue=1 custody=1 credit=0 retry=0 drain=1 src=11068027678940948070 dst=11068027678940948070 session=31719485 seq=61 type=86 uptime=246608
DBG_STACK_ISR_CONFIG size=8192 run=42 sample=42
DBG_STACK name=BT RX WQ tid=0x2000fe18 used=760 free=776 size=1536 ret=0 run=42 sample=42
DBG_STACK name=mesh_route tid=0x2000d560 used=5888 free=2304 size=8192 ret=0 run=42 sample=42
DBG_STACK name=sysworkq tid=0x20010d70 used=2408 free=2072 size=4480 ret=0 run=42 sample=42
DBG_STACK name=MPSL Work tid=0x20010b28 used=376 free=648 size=1024 ret=0 run=42 sample=42
DBG_STACK name=logging tid=0x2000f920 used=480 free=1568 size=2048 ret=0 run=42 sample=42
DBG_STACK name=idle tid=0x20010c00 used=64 free=256 size=320 ret=0 run=42 sample=42
DBG_STACK_SAMPLE_END run=42 sample=42
DBG_STACK_RUN_END epoch=10013019366851854526 run=42 kind=ble_backpressure owner=system_workqueue outcome=ack queue=1 custody=0 credit=1 retry=0 drain=1 src=11068027678940948070 dst=11068027678940948070 session=31719485 seq=61 type=86 samples=1 sequence=0 previous=0 uptime=246634
DBG_MESH_RX_WORK_WAIT q=0
DBG_MESH_RX_WORK_ENTER q=0
DBG_MESH_RX_DRAIN_ENTER owner=work q=0
DBG_MESH_RX_DRAIN_EXIT owner=work handled=0 q=0
DBG_MESH_RX_WORK_EXIT handled=0 q=0
DBG_NODE_COMM_SUBMIT handle=12 profile=6 token=17039372 deadline=256656
DBG_DWM_MARK_UNCONFIGURED tag=initialise_radio prev_phy=0
DBG_DWM_INVALIDATE tag=configure_radio_from_reset active_phy=2 configured=1 awake=0
DBG_DWM_MARK_UNCONFIGURED tag=initialise_radio prev_phy=0
DBG_DWM_WAKE_MESH_CTRL_OK sfd=4073
DBG_C5_TX_CONFIG ret=0 ext=1 len=175 msg=40 reason=bounded-c5-flood
DBG_UWB_TX_CH5
DBG_NC o=000000000000000c g=0000000c w=00 e=00000022 s=00000005 q=0004>0005 r=00000000 f=00000001 t=00000000 p=00000000 a=00
DBG_NC o=000000000000000c g=0000000c w=00 e=00000041 s=00000005 q=0005>0008 r=00000000 f=00000026 t=00000000 p=00000001 a=01
DBG_NODE_COMM_ATTEMPT handle=12 profile=6 attempt=1 ret=0 rf=1 scheduled=0 state=0
DBG_GATEWAY_RX_START reason=gateway mesh restart active=1 qrx=0 qtx=0 adv_due=0
DBG_ENUM_RF_RESULT kind=3 handle=12 success=1 reason=0 tries=1
DBG_COORD state=gateway-rx owner=uwb-rx reason=gateway-rx rx=0 tx=0 relay=0 route=0 ack=0 qack=0
DBG_DWM_INVALIDATE tag=configure_radio_from_reset active_phy=4 configured=1 awake=1
DBG_DWM_MARK_UNCONFIGURED tag=initialise_radio prev_phy=0
DBG_STACK_RUN_BEGIN epoch=10013019366851854526 run=43 kind=ble_backpressure owner=system_workqueue queue=2 custody=2 credit=0 retry=0 drain=2 src=11068027678940948070 dst=11068027678940948070 session=31719488 seq=64 type=86 sequence=0 previous=0 uptime=247117
DBG_STACK_SAMPLE_BEGIN epoch=10013019366851854526 run=43 sample=43 kind=ble_backpressure owner=system_workqueue queue=2 custody=2 credit=0 retry=0 drain=2 src=11068027678940948070 dst=11068027678940948070 session=31719488 seq=64 type=86 uptime=247117
DBG_STACK_ISR_CONFIG size=8192 run=43 sample=43
DBG_STACK name=BT RX WQ tid=0x2000fe18 used=760 free=776 size=1536 ret=0 run=43 sample=43
DBG_STACK name=mesh_route tid=0x2000d560 used=5888 free=2304 size=8192 ret=0 run=43 sample=43
DBG_STACK name=sysworkq tid=0x20010d70 used=2408 free=2072 size=4480 ret=0 run=43 sample=43
DBG_STACK name=MPSL Work tid=0x20010b28 used=376 free=648 size=1024 ret=0 run=43 sample=43
DBG_STACK name=logging tid=0x2000f920 used=480 free=1568 size=2048 ret=0 run=43 sample=43
DBG_STACK name=idle tid=0x20010c00 used=64 free=256 size=320 ret=0 run=43 sample=43
DBG_STACK_SAMPLE_END run=43 sample=43
DBG_STACK_RUN_END epoch=10013019366851854526 run=43 kind=ble_backpressure owner=system_workqueue outcome=ack queue=2 custody=0 credit=1 retry=0 drain=2 src=11068027678940948070 dst=11068027678940948070 session=31719488 seq=64 type=86 samples=1 sequence=0 previous=0 uptime=247136
DBG_STACK_RUN_BEGIN epoch=10013019366851854526 run=44 kind=ble_backpressure owner=system_workqueue queue=2 custody=2 credit=0 retry=0 drain=2 src=11068027678940948070 dst=11068027678940948070 session=2240518833 seq=39601 type=65 sequence=0 previous=0 uptime=247612
DBG_STACK_SAMPLE_BEGIN epoch=10013019366851854526 run=44 sample=44 kind=ble_backpressure owner=system_workqueue queue=2 custody=2 credit=0 retry=0 drain=2 src=11068027678940948070 dst=11068027678940948070 session=2240518833 seq=39601 type=65 uptime=247613
DBG_STACK_ISR_CONFIG size=8192 run=44 sample=44
DBG_STACK name=BT RX WQ tid=0x2000fe18 used=760 free=776 size=1536 ret=0 run=44 sample=44
DBG_STACK name=mesh_route tid=0x2000d560 used=5888 free=2304 size=8192 ret=0 run=44 sample=44
DBG_STACK name=sysworkq tid=0x20010d70 used=2408 free=2072 size=4480 ret=0 run=44 sample=44
DBG_STACK name=MPSL Work tid=0x20010b28 used=376 free=648 size=1024 ret=0 run=44 sample=44
DBG_STACK name=logging tid=0x2000f920 used=480 free=1568 size=2048 ret=0 run=44 sample=44
DBG_STACK name=idle tid=0x20010c00 used=64 free=256 size=320 ret=0 run=44 sample=44
DBG_STACK_SAMPLE_END run=44 sample=44
DBG_STACK_RUN_END epoch=10013019366851854526 run=44 kind=ble_backpressure owner=system_workqueue outcome=ack queue=2 custody=0 credit=1 retry=0 drain=2 src=11068027678940948070 dst=11068027678940948070 session=2240518833 seq=39601 type=65 samples=1 sequence=0 previous=0 uptime=247631
DBG_STACK_RUN_BEGIN epoch=10013019366851854526 run=45 kind=ble_backpressure owner=system_workqueue queue=1 custody=1 credit=0 retry=0 drain=1 src=11068027678940948070 dst=11068027678940948070 session=31719489 seq=65 type=86 sequence=0 previous=0 uptime=248062
DBG_STACK_SAMPLE_BEGIN epoch=10013019366851854526 run=45 sample=45 kind=ble_backpressure owner=system_workqueue queue=1 custody=1 credit=0 retry=0 drain=1 src=11068027678940948070 dst=11068027678940948070 session=31719489 seq=65 type=86 uptime=248062
DBG_STACK_ISR_CONFIG size=8192 run=45 sample=45
DBG_STACK name=BT RX WQ tid=0x2000fe18 used=760 free=776 size=1536 ret=0 run=45 sample=45
DBG_STACK name=mesh_route tid=0x2000d560 used=5888 free=2304 size=8192 ret=0 run=45 sample=45
DBG_STACK name=sysworkq tid=0x20010d70 used=2408 free=2072 size=4480 ret=0 run=45 sample=45
DBG_STACK name=MPSL Work tid=0x20010b28 used=376 free=648 size=1024 ret=0 run=45 sample=45
DBG_STACK name=logging tid=0x2000f920 used=480 free=1568 size=2048 ret=0 run=45 sample=45
DBG_STACK name=idle tid=0x20010c00 used=64 free=256 size=320 ret=0 run=45 sample=45
DBG_STACK_SAMPLE_END run=45 sample=45
DBG_STACK_RUN_END epoch=10013019366851854526 run=45 kind=ble_backpressure owner=system_workqueue outcome=ack queue=1 custody=0 credit=1 retry=0 drain=1 src=11068027678940948070 dst=11068027678940948070 session=31719489 seq=65 type=86 samples=1 sequence=0 previous=0 uptime=248082
DBG_STACK_RUN_BEGIN epoch=10013019366851854526 run=46 kind=ble_backpressure owner=system_workqueue queue=1 custody=1 credit=0 retry=0 drain=1 src=11068027678940948070 dst=11068027678940948070 session=31719490 seq=66 type=86 sequence=0 previous=0 uptime=248647
DBG_STACK_SAMPLE_BEGIN epoch=10013019366851854526 run=46 sample=46 kind=ble_backpressure owner=system_workqueue queue=1 custody=1 credit=0 retry=0 drain=1 src=11068027678940948070 dst=11068027678940948070 session=31719490 seq=66 type=86 uptime=248648
DBG_STACK_ISR_CONFIG size=8192 run=46 sample=46
DBG_STACK name=BT RX WQ tid=0x2000fe18 used=760 free=776 size=1536 ret=0 run=46 sample=46
DBG_STACK name=mesh_route tid=0x2000d560 used=5888 free=2304 size=8192 ret=0 run=46 sample=46
DBG_STACK name=sysworkq tid=0x20010d70 used=2408 free=2072 size=4480 ret=0 run=46 sample=46
DBG_STACK name=MPSL Work tid=0x20010b28 used=376 free=648 size=1024 ret=0 run=46 sample=46
DBG_STACK name=logging tid=0x2000f920 used=480 free=1568 size=2048 ret=0 run=46 sample=46
DBG_STACK name=idle tid=0x20010c00 used=64 free=256 size=320 ret=0 run=46 sample=46
DBG_STACK_SAMPLE_END run=46 sample=46
DBG_STACK_RUN_END epoch=10013019366851854526 run=46 kind=ble_backpressure owner=system_workqueue outcome=ack queue=1 custody=0 credit=1 retry=0 drain=1 src=11068027678940948070 dst=11068027678940948070 session=31719490 seq=66 type=86 samples=1 sequence=0 previous=0 uptime=248670
DBG_STACK_RUN_BEGIN epoch=10013019366851854526 run=47 kind=ble_backpressure owner=system_workqueue queue=1 custody=1 credit=0 retry=0 drain=1 src=11068027678940948070 dst=11068027678940948070 session=31719491 seq=67 type=86 sequence=0 previous=0 uptime=249322
DBG_STACK_SAMPLE_BEGIN epoch=10013019366851854526 run=47 sample=47 kind=ble_backpressure owner=system_workqueue queue=1 custody=1 credit=0 retry=0 drain=1 src=11068027678940948070 dst=11068027678940948070 session=31719491 seq=67 type=86 uptime=249323
DBG_STACK_ISR_CONFIG size=8192 run=47 sample=47
DBG_STACK name=BT RX WQ tid=0x2000fe18 used=760 free=776 size=1536 ret=0 run=47 sample=47
DBG_STACK name=mesh_route tid=0x2000d560 used=5888 free=2304 size=8192 ret=0 run=47 sample=47
DBG_STACK name=sysworkq tid=0x20010d70 used=2408 free=2072 size=4480 ret=0 run=47 sample=47
DBG_STACK name=MPSL Work tid=0x20010b28 used=376 free=648 size=1024 ret=0 run=47 sample=47
DBG_STACK name=logging tid=0x2000f920 used=480 free=1568 size=2048 ret=0 run=47 sample=47
DBG_STACK name=idle tid=0x20010c00 used=64 free=256 size=320 ret=0 run=47 sample=47
DBG_STACK_SAMPLE_END run=47 sample=47
DBG_STACK_RUN_END epoch=10013019366851854526 run=47 kind=ble_backpressure owner=system_workqueue outcome=ack queue=1 custody=0 credit=1 retry=0 drain=1 src=11068027678940948070 dst=11068027678940948070 session=31719491 seq=67 type=86 samples=1 sequence=0 previous=0 uptime=249331
DBG_STACK_RUN_BEGIN epoch=10013019366851854526 run=48 kind=ble_backpressure owner=system_workqueue queue=1 custody=1 credit=0 retry=0 drain=1 src=11068027678940948070 dst=11068027678940948070 session=31719492 seq=68 type=86 sequence=0 previous=0 uptime=249907
DBG_STACK_SAMPLE_BEGIN epoch=10013019366851854526 run=48 sample=48 kind=ble_backpressure owner=system_workqueue queue=1 custody=1 credit=0 retry=0 drain=1 src=11068027678940948070 dst=11068027678940948070 session=31719492 seq=68 type=86 uptime=249908
DBG_STACK_ISR_CONFIG size=8192 run=48 sample=48
DBG_STACK name=BT RX WQ tid=0x2000fe18 used=760 free=776 size=1536 ret=0 run=48 sample=48
DBG_STACK name=mesh_route tid=0x2000d560 used=5888 free=2304 size=8192 ret=0 run=48 sample=48
DBG_STACK name=sysworkq tid=0x20010d70 used=2408 free=2072 size=4480 ret=0 run=48 sample=48
DBG_STACK name=MPSL Work tid=0x20010b28 used=376 free=648 size=1024 ret=0 run=48 sample=48
DBG_STACK name=logging tid=0x2000f920 used=480 free=1568 size=2048 ret=0 run=48 sample=48
DBG_STACK name=idle tid=0x20010c00 used=64 free=256 size=320 ret=0 run=48 sample=48
DBG_STACK_SAMPLE_END run=48 sample=48
DBG_STACK_RUN_END epoch=10013019366851854526 run=48 kind=ble_backpressure owner=system_workqueue outcome=ack queue=1 custody=0 credit=1 retry=0 drain=1 src=11068027678940948070 dst=11068027678940948070 session=31719492 seq=68 type=86 samples=1 sequence=0 previous=0 uptime=249926
DBG_STACK_RUN_BEGIN epoch=10013019366851854526 run=49 kind=ble_backpressure owner=system_workqueue queue=1 custody=1 credit=0 retry=0 drain=1 src=11068027678940948070 dst=11068027678940948070 session=31719493 seq=69 type=86 sequence=0 previous=0 uptime=250402
DBG_STACK_SAMPLE_BEGIN epoch=10013019366851854526 run=49 sample=49 kind=ble_backpressure owner=system_workqueue queue=1 custody=1 credit=0 retry=0 drain=1 src=11068027678940948070 dst=11068027678940948070 session=31719493 seq=69 type=86 uptime=250403
DBG_STACK_ISR_CONFIG size=8192 run=49 sample=49
DBG_STACK name=BT RX WQ tid=0x2000fe18 used=760 free=776 size=1536 ret=0 run=49 sample=49
DBG_STACK name=mesh_route tid=0x2000d560 used=5888 free=2304 size=8192 ret=0 run=49 sample=49
DBG_STACK name=sysworkq tid=0x20010d70 used=2408 free=2072 size=4480 ret=0 run=49 sample=49
DBG_STACK name=MPSL Work tid=0x20010b28 used=376 free=648 size=1024 ret=0 run=49 sample=49
DBG_STACK name=logging tid=0x2000f920 used=480 free=1568 size=2048 ret=0 run=49 sample=49
DBG_STACK name=idle tid=0x20010c00 used=64 free=256 size=320 ret=0 run=49 sample=49
DBG_STACK_SAMPLE_END run=49 sample=49
DBG_STACK_RUN_END epoch=10013019366851854526 run=49 kind=ble_backpressure owner=system_workqueue outcome=ack queue=1 custody=0 credit=1 retry=0 drain=1 src=11068027678940948070 dst=11068027678940948070 session=31719493 seq=69 type=86 samples=1 sequence=0 previous=0 uptime=250420
DBG_GATEWAY_BLE event=disconnected reason=19 uptime=252786
DBG_GATEWAY_BLE event=recovery round=1 delay_ms=414 reason=disconnected uptime=252786
