BLE_CONNECTED gateway_id=0x9999888877776666 command=here-i-am session=2984249118 frame=04c1014002010101010101011166667777888899991e07e0b11e0701330101010410020c06ab04dc620607ae0b0101010304dc620607e803ae1301020310620102c8040604fa010104b5f80305ae050103050201bd7a00
BLE_CHUNK len=118 hex=4757012801060100560466006600e80266667777888899996666777788889999000000004e00269a014e0302000000000c007c001e07e0b1000000001e07e0b11e0700006600e802000000000000000000000000000000000000000000000000000000000000000000000000000000000000000000ff
BLE_PACKET type=0x56 src=0x9999888877776666 dst=0x9999888877776666 session=48758886 seq=102 payload=014e0302000000000c007c001e07e0b1000000001e07e0b11e0700006600e802000000000000000000000000000000000000000000000000000000000000000000000000000000000000000000ff
GATEWAY_COMMAND_EVENT GatewayCommandEvent(command_kind=3, stage=2, flags=0, attempt=0, command_status=0, reason=0, command_id=12, route_epoch=124, correlation_id=2984249118, gateway_sequence=0, host_session_id=2984249118, host_sequence=1822, event_sequence=48758886, anchor_id=0, pair_initiator_id=0, pair_responder_id=0, previous_hop_id=0, progress_count=0, total_count=0, success_count=0, failure_count=0, duplicate_count=0, lost_event_count=0, hop_count=0, discovery_slot=255)
BLE_HOST_RECEIPT type=0x56 src=0x9999888877776666 session=48758886 seq=102
BLE_CHUNK len=118 hex=4757012801060100560467006700e80266667777888899996666777788889999000000004e006e7b014e0303000000000c007c001e07e0b1000000001e07e0b11e0700006700e802000000000000000000000000000000000000000000000000000000000000000000000000000000000000000000ff
BLE_PACKET type=0x56 src=0x9999888877776666 dst=0x9999888877776666 session=48758887 seq=103 payload=014e0303000000000c007c001e07e0b1000000001e07e0b11e0700006700e802000000000000000000000000000000000000000000000000000000000000000000000000000000000000000000ff
GATEWAY_COMMAND_EVENT GatewayCommandEvent(command_kind=3, stage=3, flags=0, attempt=0, command_status=0, reason=0, command_id=12, route_epoch=124, correlation_id=2984249118, gateway_sequence=0, host_session_id=2984249118, host_sequence=1822, event_sequence=48758887, anchor_id=0, pair_initiator_id=0, pair_responder_id=0, previous_hop_id=0, progress_count=0, total_count=0, success_count=0, failure_count=0, duplicate_count=0, lost_event_count=0, hop_count=0, discovery_slot=255)
BLE_HOST_RECEIPT type=0x56 src=0x9999888877776666 session=48758887 seq=103
BLE_CHUNK len=118 hex=4757012801060100560469006900e80266667777888899996666777788889999000000004e004684014e0304000100000c007c001e07e0b16800e8021e07e0b11e0700006900e802000000000000000000000000000000000000000000000000000000000000000004000000000000000000000000ff
BLE_PACKET type=0x56 src=0x9999888877776666 dst=0x9999888877776666 session=48758889 seq=105 payload=014e0304000100000c007c001e07e0b16800e8021e07e0b11e0700006900e802000000000000000000000000000000000000000000000000000000000000000004000000000000000000000000ff
GATEWAY_COMMAND_EVENT GatewayCommandEvent(command_kind=3, stage=4, flags=0, attempt=1, command_status=0, reason=0, command_id=12, route_epoch=124, correlation_id=2984249118, gateway_sequence=48758888, host_session_id=2984249118, host_sequence=1822, event_sequence=48758889, anchor_id=0, pair_initiator_id=0, pair_responder_id=0, previous_hop_id=0, progress_count=4, total_count=0, success_count=0, failure_count=0, duplicate_count=0, lost_event_count=0, hop_count=0, discovery_slot=255)
BLE_HOST_RECEIPT type=0x56 src=0x9999888877776666 session=48758889 seq=105
BLE_CHUNK len=51 hex=475701280102010041041e071e07e0b166667777888899996666777788889999000000000b00a18510020c00110200001e0100
BLE_PACKET type=0x41 src=0x9999888877776666 dst=0x9999888877776666 session=2984249118 seq=1822 payload=10020c00110200001e0100
BLE_CHUNK len=118 hex=475701280106000056046a006a00e80266667777888899996666777788889999000000004e00fe58014e030c030100000c007c001e07e0b16800e8021e07e0b11e0700006a00e802000000000000000000000000000000000000000000000000000000000000000004000000000000000000000000ff
BLE_PACKET type=0x56 src=0x9999888877776666 dst=0x9999888877776666 session=48758890 seq=106 payload=014e030c030100000c007c001e07e0b16800e8021e07e0b11e0700006a00e802000000000000000000000000000000000000000000000000000000000000000004000000000000000000000000ff
GATEWAY_COMMAND_EVENT GatewayCommandEvent(command_kind=3, stage=12, flags=3, attempt=1, command_status=0, reason=0, command_id=12, route_epoch=124, correlation_id=2984249118, gateway_sequence=48758888, host_session_id=2984249118, host_sequence=1822, event_sequence=48758890, anchor_id=0, pair_initiator_id=0, pair_responder_id=0, previous_hop_id=0, progress_count=4, total_count=0, success_count=0, failure_count=0, duplicate_count=0, lost_event_count=0, hop_count=0, discovery_slot=255)
BLE_HOST_RECEIPT type=0x41 src=0x9999888877776666 session=2984249118 seq=1822
BLE_HOST_RECEIPT type=0x56 src=0x9999888877776666 session=48758890 seq=106
HERE_I_AM_LOCAL_FLOOD_OK attempts=1 retries=0 delivery_claim=local-broadcast-only
BLE_CONNECTED gateway_id=0x9999888877776666 command=assign-slots session=2984249119 frame=04c1014002010101010101011166667777888899991f07e0b11f07011b010101081002040178020306ab04dc620607ae0b0101010304dc620605e8031ca100
BLE_CHUNK len=118 hex=475701280106010056046b006b00e80266667777888899996666777788889999000000004e00053a014e01020000000004017c001f07e0b1000000001f07e0b11f0700006b00e802000000000000000000000000000000000000000000000000000000000000000000000000000000000000000000ff
BLE_PACKET type=0x56 src=0x9999888877776666 dst=0x9999888877776666 session=48758891 seq=107 payload=014e01020000000004017c001f07e0b1000000001f07e0b11f0700006b00e802000000000000000000000000000000000000000000000000000000000000000000000000000000000000000000ff
GATEWAY_COMMAND_EVENT GatewayCommandEvent(command_kind=1, stage=2, flags=0, attempt=0, command_status=0, reason=0, command_id=260, route_epoch=124, correlation_id=2984249119, gateway_sequence=0, host_session_id=2984249119, host_sequence=1823, event_sequence=48758891, anchor_id=0, pair_initiator_id=0, pair_responder_id=0, previous_hop_id=0, progress_count=0, total_count=0, success_count=0, failure_count=0, duplicate_count=0, lost_event_count=0, hop_count=0, discovery_slot=255)
BLE_HOST_RECEIPT type=0x56 src=0x9999888877776666 session=48758891 seq=107
BLE_CHUNK len=118 hex=475701280106010056046c006c00e80266667777888899996666777788889999000000004e0079b6014e01030000000004017c001f07e0b1000000001f07e0b11f0700006c00e802000000000000000000000000000000000000000000000000000000000000000000000000000000000000000000ff
BLE_PACKET type=0x56 src=0x9999888877776666 dst=0x9999888877776666 session=48758892 seq=108 payload=014e01030000000004017c001f07e0b1000000001f07e0b11f0700006c00e802000000000000000000000000000000000000000000000000000000000000000000000000000000000000000000ff
GATEWAY_COMMAND_EVENT GatewayCommandEvent(command_kind=1, stage=3, flags=0, attempt=0, command_status=0, reason=0, command_id=260, route_epoch=124, correlation_id=2984249119, gateway_sequence=0, host_session_id=2984249119, host_sequence=1823, event_sequence=48758892, anchor_id=0, pair_initiator_id=0, pair_responder_id=0, previous_hop_id=0, progress_count=0, total_count=0, success_count=0, failure_count=0, duplicate_count=0, lost_event_count=0, hop_count=0, discovery_slot=255)
BLE_HOST_RECEIPT type=0x56 src=0x9999888877776666 session=48758892 seq=108
BLE_CHUNK len=118 hex=475701280106010056046e006e00e80266667777888899996666777788889999000000004e00c997014e01030000000004017c001f07e0b16d00e8021f07e0b11f0700006e00e802000000000000000000000000000000000000000000000000000000000000000000000000000000000000000000ff
BLE_PACKET type=0x56 src=0x9999888877776666 dst=0x9999888877776666 session=48758894 seq=110 payload=014e01030000000004017c001f07e0b16d00e8021f07e0b11f0700006e00e802000000000000000000000000000000000000000000000000000000000000000000000000000000000000000000ff
GATEWAY_COMMAND_EVENT GatewayCommandEvent(command_kind=1, stage=3, flags=0, attempt=0, command_status=0, reason=0, command_id=260, route_epoch=124, correlation_id=2984249119, gateway_sequence=48758893, host_session_id=2984249119, host_sequence=1823, event_sequence=48758894, anchor_id=0, pair_initiator_id=0, pair_responder_id=0, previous_hop_id=0, progress_count=0, total_count=0, success_count=0, failure_count=0, duplicate_count=0, lost_event_count=0, hop_count=0, discovery_slot=255)
BLE_HOST_RECEIPT type=0x56 src=0x9999888877776666 session=48758894 seq=110
BLE_CHUNK len=118 hex=4757012801060100560470007000e80266667777888899996666777788889999000000004e00d423014e01040001000004017c001f07e0b16d00e8021f07e0b11f0700007000e802000000000000000000000000000000000000000000000000000000000000000000000000000000000000000000ff
BLE_PACKET type=0x56 src=0x9999888877776666 dst=0x9999888877776666 session=48758896 seq=112 payload=014e01040001000004017c001f07e0b16d00e8021f07e0b11f0700007000e802000000000000000000000000000000000000000000000000000000000000000000000000000000000000000000ff
GATEWAY_COMMAND_EVENT GatewayCommandEvent(command_kind=1, stage=4, flags=0, attempt=1, command_status=0, reason=0, command_id=260, route_epoch=124, correlation_id=2984249119, gateway_sequence=48758893, host_session_id=2984249119, host_sequence=1823, event_sequence=48758896, anchor_id=0, pair_initiator_id=0, pair_responder_id=0, previous_hop_id=0, progress_count=0, total_count=0, success_count=0, failure_count=0, duplicate_count=0, lost_event_count=0, hop_count=0, discovery_slot=255)
BLE_HOST_RECEIPT type=0x56 src=0x9999888877776666 session=48758896 seq=112
BLE_CHUNK len=118 hex=4757012801060100560471007100e80266667777888899996666777788889999000000004e009125014e01060000000004017c001f07e0b16d00e8021f07e0b11f0700007100e8020e3070b9aac08b70000000000000000000000000000000000e3070b9aac08b7001000000000000000000000001ff
BLE_PACKET type=0x56 src=0x9999888877776666 dst=0x9999888877776666 session=48758897 seq=113 payload=014e01060000000004017c001f07e0b16d00e8021f07e0b11f0700007100e8020e3070b9aac08b70000000000000000000000000000000000e3070b9aac08b7001000000000000000000000001ff
GATEWAY_COMMAND_EVENT GatewayCommandEvent(command_kind=1, stage=6, flags=0, attempt=0, command_status=0, reason=0, command_id=260, route_epoch=124, correlation_id=2984249119, gateway_sequence=48758893, host_session_id=2984249119, host_sequence=1823, event_sequence=48758897, anchor_id=8109787393498820622, pair_initiator_id=0, pair_responder_id=0, previous_hop_id=8109787393498820622, progress_count=1, total_count=0, success_count=0, failure_count=0, duplicate_count=0, lost_event_count=0, hop_count=1, discovery_slot=255)
BLE_HOST_RECEIPT type=0x56 src=0x9999888877776666 session=48758897 seq=113
BLE_CHUNK len=118 hex=4757012801060100560472007200e80266667777888899996666777788889999000000004e009dd6014e01060000000004017c001f07e0b16d00e8021f07e0b11f0700007200e80207cbc8c619961a190000000000000000000000000000000007cbc8c619961a1902000000000000000000000001ff
BLE_PACKET type=0x56 src=0x9999888877776666 dst=0x9999888877776666 session=48758898 seq=114 payload=014e01060000000004017c001f07e0b16d00e8021f07e0b11f0700007200e80207cbc8c619961a190000000000000000000000000000000007cbc8c619961a1902000000000000000000000001ff
GATEWAY_COMMAND_EVENT GatewayCommandEvent(command_kind=1, stage=6, flags=0, attempt=0, command_status=0, reason=0, command_id=260, route_epoch=124, correlation_id=2984249119, gateway_sequence=48758893, host_session_id=2984249119, host_sequence=1823, event_sequence=48758898, anchor_id=1808923237796072199, pair_initiator_id=0, pair_responder_id=0, previous_hop_id=1808923237796072199, progress_count=2, total_count=0, success_count=0, failure_count=0, duplicate_count=0, lost_event_count=0, hop_count=1, discovery_slot=255)
BLE_HOST_RECEIPT type=0x56 src=0x9999888877776666 session=48758898 seq=114
BLE_CHUNK len=118 hex=4757012801060100560473007300e80266667777888899996666777788889999000000004e00f8d3014e01060000000004017c001f07e0b16d00e8021f07e0b11f0700007300e80241d1f64afe25da560000000000000000000000000000000041d1f64afe25da5603000000000000000000000001ff
BLE_PACKET type=0x56 src=0x9999888877776666 dst=0x9999888877776666 session=48758899 seq=115 payload=014e01060000000004017c001f07e0b16d00e8021f07e0b11f0700007300e80241d1f64afe25da560000000000000000000000000000000041d1f64afe25da5603000000000000000000000001ff
GATEWAY_COMMAND_EVENT GatewayCommandEvent(command_kind=1, stage=6, flags=0, attempt=0, command_status=0, reason=0, command_id=260, route_epoch=124, correlation_id=2984249119, gateway_sequence=48758893, host_session_id=2984249119, host_sequence=1823, event_sequence=48758899, anchor_id=6258356406294335809, pair_initiator_id=0, pair_responder_id=0, previous_hop_id=6258356406294335809, progress_count=3, total_count=0, success_count=0, failure_count=0, duplicate_count=0, lost_event_count=0, hop_count=1, discovery_slot=255)
BLE_HOST_RECEIPT type=0x56 src=0x9999888877776666 session=48758899 seq=115
BLE_CHUNK len=118 hex=4757012801060100560478007800e80266667777888899996666777788889999000000004e00006e014e01060000000004017c001f07e0b16d00e8021f07e0b11f0700007800e8020e3070b9aac08b700000000000000000000000000000000000000000000000000100030001000000000000000100
BLE_PACKET type=0x56 src=0x9999888877776666 dst=0x9999888877776666 session=48758904 seq=120 payload=014e01060000000004017c001f07e0b16d00e8021f07e0b11f0700007800e8020e3070b9aac08b700000000000000000000000000000000000000000000000000100030001000000000000000100
GATEWAY_COMMAND_EVENT GatewayCommandEvent(command_kind=1, stage=6, flags=0, attempt=0, command_status=0, reason=0, command_id=260, route_epoch=124, correlation_id=2984249119, gateway_sequence=48758893, host_session_id=2984249119, host_sequence=1823, event_sequence=48758904, anchor_id=8109787393498820622, pair_initiator_id=0, pair_responder_id=0, previous_hop_id=0, progress_count=1, total_count=3, success_count=1, failure_count=0, duplicate_count=0, lost_event_count=0, hop_count=1, discovery_slot=0)
BLE_HOST_RECEIPT type=0x56 src=0x9999888877776666 session=48758904 seq=120
BLE_CHUNK len=51 hex=475701280102010041041f071f07e0b166667777888899996666777788889999000000000b00eedb10020401110200001e0103
BLE_PACKET type=0x41 src=0x9999888877776666 dst=0x9999888877776666 session=2984249119 seq=1823 payload=10020401110200001e0103
BLE_CHUNK len=118 hex=4757012801060100560479007900e80266667777888899996666777788889999000000004e00655e014e01060000000004017c001f07e0b16d00e8021f07e0b11f0700007900e80241d1f64afe25da560000000000000000000000000000000000000000000000000200030001000000000000000101
BLE_PACKET type=0x56 src=0x9999888877776666 dst=0x9999888877776666 session=48758905 seq=121 payload=014e01060000000004017c001f07e0b16d00e8021f07e0b11f0700007900e80241d1f64afe25da560000000000000000000000000000000000000000000000000200030001000000000000000101
GATEWAY_COMMAND_EVENT GatewayCommandEvent(command_kind=1, stage=6, flags=0, attempt=0, command_status=0, reason=0, command_id=260, route_epoch=124, correlation_id=2984249119, gateway_sequence=48758893, host_session_id=2984249119, host_sequence=1823, event_sequence=48758905, anchor_id=6258356406294335809, pair_initiator_id=0, pair_responder_id=0, previous_hop_id=0, progress_count=2, total_count=3, success_count=1, failure_count=0, duplicate_count=0, lost_event_count=0, hop_count=1, discovery_slot=1)
BLE_HOST_RECEIPT type=0x41 src=0x9999888877776666 session=2984249119 seq=1823
BLE_HOST_RECEIPT type=0x56 src=0x9999888877776666 session=48758905 seq=121
BLE_CHUNK len=118 hex=475701280106010056047a007a00e80266667777888899996666777788889999000000004e0079e0014e01060000000004017c001f07e0b16d00e8021f07e0b11f0700007a00e80207cbc8c619961a190000000000000000000000000000000000000000000000000300030001000000000000000102
BLE_PACKET type=0x56 src=0x9999888877776666 dst=0x9999888877776666 session=48758906 seq=122 payload=014e01060000000004017c001f07e0b16d00e8021f07e0b11f0700007a00e80207cbc8c619961a190000000000000000000000000000000000000000000000000300030001000000000000000102
GATEWAY_COMMAND_EVENT GatewayCommandEvent(command_kind=1, stage=6, flags=0, attempt=0, command_status=0, reason=0, command_id=260, route_epoch=124, correlation_id=2984249119, gateway_sequence=48758893, host_session_id=2984249119, host_sequence=1823, event_sequence=48758906, anchor_id=1808923237796072199, pair_initiator_id=0, pair_responder_id=0, previous_hop_id=0, progress_count=3, total_count=3, success_count=1, failure_count=0, duplicate_count=0, lost_event_count=0, hop_count=1, discovery_slot=2)
BLE_HOST_RECEIPT type=0x56 src=0x9999888877776666 session=48758906 seq=122
BLE_CHUNK len=118 hex=475701280106010056047b007b00e80266667777888899996666777788889999000000004e004e3e014e01070000000004017c001f07e0b16d00e8021f07e0b11f0700007b00e802000000000000000000000000000000000000000000000000000000000000000003000300030000000000000000ff
BLE_PACKET type=0x56 src=0x9999888877776666 dst=0x9999888877776666 session=48758907 seq=123 payload=014e01070000000004017c001f07e0b16d00e8021f07e0b11f0700007b00e802000000000000000000000000000000000000000000000000000000000000000003000300030000000000000000ff
GATEWAY_COMMAND_EVENT GatewayCommandEvent(command_kind=1, stage=7, flags=0, attempt=0, command_status=0, reason=0, command_id=260, route_epoch=124, correlation_id=2984249119, gateway_sequence=48758893, host_session_id=2984249119, host_sequence=1823, event_sequence=48758907, anchor_id=0, pair_initiator_id=0, pair_responder_id=0, previous_hop_id=0, progress_count=3, total_count=3, success_count=3, failure_count=0, duplicate_count=0, lost_event_count=0, hop_count=0, discovery_slot=255)
BLE_HOST_RECEIPT type=0x56 src=0x9999888877776666 session=48758907 seq=123
BLE_CHUNK len=118 hex=475701280106010056047c007c00e80266667777888899996666777788889999000000004e000c64014e01080001000004017c001f07e0b16d00e8021f07e0b11f0700007c00e802000000000000000000000000000000000000000000000000000000000000000003000300000000000000000000ff
BLE_PACKET type=0x56 src=0x9999888877776666 dst=0x9999888877776666 session=48758908 seq=124 payload=014e01080001000004017c001f07e0b16d00e8021f07e0b11f0700007c00e802000000000000000000000000000000000000000000000000000000000000000003000300000000000000000000ff
GATEWAY_COMMAND_EVENT GatewayCommandEvent(command_kind=1, stage=8, flags=0, attempt=1, command_status=0, reason=0, command_id=260, route_epoch=124, correlation_id=2984249119, gateway_sequence=48758893, host_session_id=2984249119, host_sequence=1823, event_sequence=48758908, anchor_id=0, pair_initiator_id=0, pair_responder_id=0, previous_hop_id=0, progress_count=3, total_count=3, success_count=0, failure_count=0, duplicate_count=0, lost_event_count=0, hop_count=0, discovery_slot=255)
BLE_HOST_RECEIPT type=0x56 src=0x9999888877776666 session=48758908 seq=124
BLE_CHUNK len=118 hex=475701280106000056047d007d00e80266667777888899996666777788889999000000004e00024e014e010c0100000004017c001f07e0b16d00e8021f07e0b11f0700007d00e802000000000000000000000000000000000000000000000000000000000000000003000300030000000000000000ff
BLE_PACKET type=0x56 src=0x9999888877776666 dst=0x9999888877776666 session=48758909 seq=125 payload=014e010c0100000004017c001f07e0b16d00e8021f07e0b11f0700007d00e802000000000000000000000000000000000000000000000000000000000000000003000300030000000000000000ff
GATEWAY_COMMAND_EVENT GatewayCommandEvent(command_kind=1, stage=12, flags=1, attempt=0, command_status=0, reason=0, command_id=260, route_epoch=124, correlation_id=2984249119, gateway_sequence=48758893, host_session_id=2984249119, host_sequence=1823, event_sequence=48758909, anchor_id=0, pair_initiator_id=0, pair_responder_id=0, previous_hop_id=0, progress_count=3, total_count=3, success_count=3, failure_count=0, duplicate_count=0, lost_event_count=0, hop_count=0, discovery_slot=255)
BLE_HOST_RECEIPT type=0x56 src=0x9999888877776666 session=48758909 seq=125
HERE_I_AM_REACHABILITY_QUALIFICATION_OK anchors=3 direct=3 multihop=0 retries=0
BLE_COMPLETE packets=19
