Script started on 2026-08-22 22:47:09+02:00 [COMMAND=".venv/bin/pyocd rtt -t nrf52833 -M pre-reset -u E46070D247233537" TERM="xterm-256color" TTY="/dev/pts/3" COLUMNS="80" LINES="24"]
[34m0000487[0m [36mI[0m Target type is nrf52833 [2m[board][0m
[34m0000511[0m [36mI[0m Performing connect pre-reset [2m[coresight_target][0m
[34m0000763[0m [36mI[0m DAP is not accessible after reset; attempting reconnect [2m[dap][0m
[34m0000871[0m [36mI[0m DP IDR = 0x2ba01477 (v1 rev2) [2m[dap][0m
[34m0000877[0m [36mI[0m AHB-AP#0 IDR = 0x24770011 (AHB-AP var1 rev2) [2m[discovery][0m
[34m0000878[0m [36mI[0m AP#1 IDR = 0x02880000 (AP var0 rev0) [2m[discovery][0m
[34m0000879[0m [36mI[0m NRF52833 not in secure state [2m[target_nRF52][0m
[34m0000882[0m [36mI[0m AHB-AP#0 Class 0x1 ROM table #0 @ 0xe00ff000 (designer=244 part=00d) [2m[rom_table][0m
[34m0000885[0m [36mI[0m [0]<e000e000:SCS v7-M class=14 designer=43b:Arm part=00c> [2m[rom_table][0m
[34m0000886[0m [36mI[0m [1]<e0001000:DWT v7-M class=14 designer=43b:Arm part=002> [2m[rom_table][0m
[34m0000888[0m [36mI[0m [2]<e0002000:FPB v7-M class=14 designer=43b:Arm part=003> [2m[rom_table][0m
[34m0000889[0m [36mI[0m [3]<e0000000:ITM v7-M class=14 designer=43b:Arm part=001> [2m[rom_table][0m
[34m0000892[0m [36mI[0m [4]<e0040000:TPIU M4 class=9 designer=43b:Arm part=9a1 devtype=11 archid=0000 devid=ca1:0:0> [2m[rom_table][0m
[34m0000894[0m [36mI[0m [5]<e0041000:ETM M4 class=9 designer=43b:Arm part=925 devtype=13 archid=0000 devid=0:0:0> [2m[rom_table][0m
[34m0000898[0m [36mI[0m CPU core #0: Cortex-M4 r0p1, v7.0-M architecture [2m[cortex_m][0m
[34m0000898[0m [36mI[0m   Extensions: [DSP, FPU, FPU_V4, MPU] [2m[cortex_m][0m
[34m0000898[0m [36mI[0m   FPU present: FPv4-SP-D16-M [2m[cortex_m][0m
[34m0000900[0m [36mI[0m This appears to be an nRF52833 AA B0 [2m[target_nRF52][0m
[34m0000905[0m [36mI[0m 4 hardware watchpoints [2m[dwt][0m
[34m0000906[0m [36mI[0m 6 hardware breakpoints, 4 literal comparators [2m[fpb][0m
[34m0000957[0m [36mI[0m 3 up channels and 3 down channels found [2m[rtt_cmd][0m
[34m0000957[0m [36mI[0m Reading from up channel 0 ("Terminal") [2m[rtt_cmd][0m
[34m0000959[0m [36mI[0m Writing to down channel 0 ("Terminal") [2m[rtt_cmd][0m
DBG_STACK_BOOT preset=mesh_gateway build=imec-stack-v1:mesh_gateway:951c6e22de67cae0ee159049f7f60500cfb022e2b2067237f7f1b55d411f1192 epoch=3279267663088411711 uptime=2
mesh node identity: ficr=0xeefc9670907f2ef7 node=0x9999888877776666 preset=mesh_gateway
DBG_LED_SELFTEST_CH5_RX
DBG_DIRECT_GW_PROBE_BOOT resetreas=0x00000000 phase=none
DBG_NODE_COMM_BOOT stage=init ret=0 running=1 uptime=1011
DBG_GATEWAY_BOOT stage=ble_begin uptime=1020
DBG_GATEWAY_BLE stage=entry enabled=1 uptime=1020
DBG_GATEWAY_BLE stage=bt_enable ret=0 uptime=1026
DBG_GATEWAY_BLE stage=adv_start ret=0 active=1 quiet=0 uptime=1027
DBG_GATEWAY_BOOT stage=ble_done ret=0 uptime=1027
DBG_GATEWAY_BOOT stage=ch9_begin uptime=1027
DBG_GATEWAY_RX_START reason=gateway startup active=1 qrx=0 qtx=0 adv_due=0
DBG_GATEWAY_BOOT stage=ch9_done ret=0 uptime=1027
DBG_COORD state=gateway-rx owner=uwb-rx reason=gateway-rx rx=0 tx=0 relay=0 route=0 ack=0 qack=0
DBG_DWM_INVALIDATE tag=configure_radio_from_reset active_phy=0 configured=0 awake=0
DBG_GATEWAY_BLE event=connected err=0 uptime=80173
DBG_GATEWAY_COMMAND_PRIORITY_SUBMIT ret=0 now=81433
DBG_STACK_RUN_BEGIN epoch=3279267663088411711 run=1 kind=ble_backpressure owner=system_workqueue queue=1 custody=1 credit=0 retry=0 drain=1 src=11068027678940948070 dst=11068027678940948070 session=24641537 seq=1 type=86 sequence=0 previous=0 uptime=81433
DBG_STACK_SAMPLE_BEGIN epoch=3279267663088411711 run=1 sample=1 kind=ble_backpressure owner=system_workqueue queue=1 custody=1 credit=0 retry=0 drain=1 src=11068027678940948070 dst=11068027678940948070 session=24641537 seq=1 type=86 uptime=81434
DBG_STACK_ISR_CONFIG size=8192 run=1 sample=1
DBG_STACK name=BT RX WQ tid=0x2000fe18 used=760 free=776 size=1536 ret=0 run=1 sample=1
DBG_STACK name=mesh_route tid=0x2000d560 used=2032 free=6160 size=8192 ret=0 run=1 sample=1
DBG_STACK name=sysworkq tid=0x20010d70 used=2304 free=2176 size=4480 ret=0 run=1 sample=1
DBG_STACK name=MPSL Work tid=0x20010b28 used=376 free=648 size=1024 ret=0 run=1 sample=1
DBG_STACK name=logging tid=0x2000f920 used=480 free=1568 size=2048 ret=0 run=1 sample=1
DBG_STACK name=idle tid=0x20010c00 used=64 free=256 size=320 ret=0 run=1 sample=1
DBG_STACK_SAMPLE_END run=1 sample=1
DBG_STACK_RUN_END epoch=3279267663088411711 run=1 kind=ble_backpressure owner=system_workqueue outcome=ack queue=3 custody=0 credit=1 retry=0 drain=3 src=11068027678940948070 dst=11068027678940948070 session=24641537 seq=1 type=86 samples=1 sequence=0 previous=0 uptime=81459
DBG_GATEWAY_CH9_RX_COMMAND_PREEMPT now=81461 rem=100 frames=0
DBG_GATEWAY_CH9_RX_CONT_DONE ret=-140 len=0 fail=0 recover=0
DBG_NODE_COMM_TX_BEGIN handle=1 profile=6 msg=64 dst=0x0 seq=1
DBG_CONTROL_RX_HANDOFF_READY abort=0
DBG_COORD state=idle owner=c5-flood reason=idle rx=0 tx=0 relay=0 route=0 ack=0 qack=0
DBG_WAKE_TRAIN_GUARD_OK
DBG_DWM_INVALIDATE tag=configure_radio_from_reset active_phy=3 configured=1 awake=1
DBG_DWM_MARK_UNCONFIGURED tag=initialise_radio prev_phy=0
DBG_WAKE_TRAIN_CONFIG_BEGIN
DBG_DWM_INVALIDATE tag=configure_radio_from_reset active_phy=2 configured=1 awake=0
DBG_DWM_MARK_UNCONFIGURED tag=initialise_radio prev_phy=0
DBG_WAKE_TRAIN_CONFIG_OK
DBG_WAKE_TRAIN_FIRST_SEND_BEGIN
DBG_WAKE_TRAIN_FIRST_SEND_OK
DBG_UWB_TX_CH5
DBG_TX_WAKE_CLAIM_SENT
DBG_UWB_TX_CH5
DBG_TX_WAKE_CLAIM_SENT
DBG_UWB_TX_CH5
DBG_TX_WAKE_CLAIM_SENT
DBG_UWB_TX_CH5
DBG_TX_WAKE_CLAIM_SENT
DBG_UWB_TX_CH5
DBG_TX_WAKE_CLAIM_SENT
DBG_UWB_TX_CH5
DBG_TX_WAKE_CLAIM_SENT
DBG_UWB_TX_CH5
DBG_TX_WAKE_CLAIM_SENT
DBG_UWB_TX_CH5
DBG_TX_WAKE_CLAIM_SENT
DBG_UWB_TX_CH5
DBG_TX_WAKE_CLAIM_SENT
DBG_UWB_TX_CH5
DBG_TX_WAKE_CLAIM_SENT
DBG_UWB_TX_CH5
DBG_TX_WAKE_CLAIM_SENT
DBG_UWB_TX_CH5
DBG_TX_WAKE_CLAIM_SENT
DBG_UWB_TX_CH5
DBG_TX_WAKE_CLAIM_SENT
DBG_UWB_TX_CH5
DBG_TX_WAKE_CLAIM_SENT
DBG_UWB_TX_CH5
DBG_TX_WAKE_CLAIM_SENT
DBG_UWB_TX_CH5
DBG_TX_WAKE_CLAIM_SENT
DBG_UWB_TX_CH5
DBG_TX_WAKE_CLAIM_SENT
DBG_UWB_TX_CH5
DBG_TX_WAKE_CLAIM_SENT
DBG_UWB_TX_CH5
DBG_TX_WAKE_CLAIM_SENT
DBG_UWB_TX_CH5
DBG_TX_WAKE_CLAIM_SENT
DBG_UWB_TX_CH5
DBG_TX_WAKE_CLAIM_SENT
DBG_UWB_TX_CH5
DBG_TX_WAKE_CLAIM_SENT
DBG_UWB_TX_CH5
DBG_TX_WAKE_CLAIM_SENT
DBG_UWB_TX_CH5
DBG_TX_WAKE_CLAIM_SENT
DBG_UWB_TX_CH5
DBG_TX_WAKE_CLAIM_SENT
DBG_UWB_TX_CH5
DBG_TX_WAKE_CLAIM_SENT
DBG_UWB_TX_CH5
DBG_TX_WAKE_CLAIM_SENT
DBG_UWB_TX_CH5
DBG_TX_WAKE_CLAIM_SENT
DBG_UWB_TX_CH5
DBG_TX_WAKE_CLAIM_SENT
DBG_UWB_TX_CH5
DBG_TX_WAKE_CLAIM_SENT
DBG_UWB_TX_CH5
DBG_TX_WAKE_CLAIM_SENT
DBG_UWB_TX_CH5
DBG_TX_WAKE_CLAIM_SENT
DBG_UWB_TX_CH5
DBG_TX_WAKE_CLAIM_SENT
DBG_UWB_TX_CH5
DBG_TX_WAKE_CLAIM_SENT
DBG_UWB_TX_CH5
DBG_TX_WAKE_CLAIM_SENT
DBG_UWB_TX_CH5
DBG_TX_WAKE_CLAIM_SENT
DBG_UWB_TX_CH5
DBG_TX_WAKE_CLAIM_SENT
DBG_UWB_TX_CH5
DBG_TX_WAKE_CLAIM_SENT
DBG_UWB_TX_CH5
DBG_TX_WAKE_CLAIM_SENT
DBG_UWB_TX_CH5
DBG_TX_WAKE_CLAIM_SENT
DBG_UWB_TX_CH5
DBG_TX_WAKE_CLAIM_SENT
DBG_UWB_TX_CH5
DBG_TX_WAKE_CLAIM_SENT
DBG_UWB_TX_CH5
DBG_TX_WAKE_CLAIM_SENT
DBG_UWB_TX_CH5
DBG_TX_WAKE_CLAIM_SENT
DBG_UWB_TX_CH5
DBG_TX_WAKE_CLAIM_SENT
DBG_UWB_TX_CH5
DBG_TX_WAKE_CLAIM_SENT
DBG_UWB_TX_CH5
DBG_TX_WAKE_CLAIM_SENT
DBG_UWB_TX_CH5
DBG_TX_WAKE_CLAIM_SENT
DBG_UWB_TX_CH5
DBG_TX_WAKE_CLAIM_SENT
DBG_UWB_TX_CH5
DBG_TX_WAKE_CLAIM_SENT
DBG_UWB_TX_CH5
DBG_TX_WAKE_CLAIM_SENT
DBG_UWB_TX_CH5
DBG_TX_WAKE_CLAIM_SENT
DBG_UWB_TX_CH5
DBG_TX_WAKE_CLAIM_SENT
DBG_UWB_TX_CH5
DBG_TX_WAKE_CLAIM_SENT
DBG_STACK_RUN_BEGIN epoch=3279267663088411711 run=2 kind=ble_backpressure owner=system_workqueue queue=2 custody=2 credit=0 retry=0 drain=2 src=11068027678940948070 dst=11068027678940948070 session=24641538 seq=2 type=86 sequence=0 previous=0 uptime=81883
DBG_STACK_SAMPLE_BEGIN epoch=3279267663088411711 run=2 sample=2 kind=ble_backpressure owner=system_workqueue queue=2 custody=2 credit=0 retry=0 drain=2 src=11068027678940948070 dst=11068027678940948070 session=24641538 seq=2 type=86 uptime=81883
DBG_STACK_ISR_CONFIG size=8192 run=2 sample=2
DBG_STACK name=BT RX WQ tid=0x2000fe18 used=760 free=776 size=1536 ret=0 run=2 sample=2
DBG_STACK name=mesh_route tid=0x2000d560 used=3792 free=4400 size=8192 ret=0 run=2 sample=2
DBG_STACK name=sysworkq tid=0x20010d70 used=2304 free=2176 size=4480 ret=0 run=2 sample=2
DBG_STACK name=MPSL Work tid=0x20010b28 used=376 free=648 size=1024 ret=0 run=2 sample=2
DBG_STACK name=logging tid=0x2000f920 used=480 free=1568 size=2048 ret=0 run=2 sample=2
DBG_STACK name=idle tid=0x20010c00 used=64 free=256 size=320 ret=0 run=2 sample=2
DBG_STACK_SAMPLE_END run=2 sample=2
DBG_STACK_RUN_END epoch=3279267663088411711 run=2 kind=ble_backpressure owner=system_workqueue outcome=ack queue=2 custody=0 credit=1 retry=0 drain=2 src=11068027678940948070 dst=11068027678940948070 session=24641538 seq=2 type=86 samples=1 sequence=0 previous=0 uptime=81899
DBG_UWB_TX_CH5
DBG_TX_WAKE_CLAIM_SENT
DBG_UWB_TX_CH5
DBG_TX_WAKE_CLAIM_SENT
DBG_UWB_TX_CH5
DBG_TX_WAKE_CLAIM_SENT
DBG_UWB_TX_CH5
DBG_TX_WAKE_CLAIM_SENT
DBG_UWB_TX_CH5
DBG_TX_WAKE_CLAIM_SENT
DBG_UWB_TX_CH5
DBG_TX_WAKE_CLAIM_SENT
DBG_DWM_INVALIDATE tag=configure_radio_from_reset active_phy=2 configured=1 awake=1
DBG_DWM_MARK_UNCONFIGURED tag=initialise_radio prev_phy=0
DBG_C5_CONTROL_FOLLOWUP_TURNAROUND delay=60 msg=40 reason=node-comm-bounded-control-flood
DBG_DWM_INVALIDATE tag=configure_radio_from_reset active_phy=2 configured=1 awake=0
DBG_DWM_MARK_UNCONFIGURED tag=initialise_radio prev_phy=0
DBG_DWM_INVALIDATE tag=configure_radio_from_reset active_phy=2 configured=1 awake=0
DBG_DWM_MARK_UNCONFIGURED tag=initialise_radio prev_phy=0
DBG_DWM_WAKE_MESH_CTRL_OK sfd=4073
DBG_C5_TX_CONFIG ret=0 ext=1 len=133 msg=40 reason=bounded-c5-flood
DBG_UWB_TX_CH5
DBG_NC o=0000000000000001 g=00000001 w=00 e=00000022 s=00000005 q=0004>0005 r=00000000 f=00000001 t=00000000 p=00000000 a=00
DBG_NC o=0000000000000001 g=00000001 w=00 e=00000041 s=00000005 q=0005>0008 r=00000000 f=00000026 t=00000000 p=00000001 a=01
DBG_NODE_COMM_ATTEMPT handle=1 profile=6 attempt=1 ret=0 rf=1 scheduled=0 state=0
DBG_GATEWAY_RX_START reason=gateway mesh restart active=1 qrx=0 qtx=0 adv_due=0
DBG_ENUM_RF_BEGIN kind=1 handle=1 attempt=1 tries=1
DBG_ENUM_RF_RESULT kind=1 handle=1 success=1 reason=0 tries=1
DBG_COORD state=gateway-rx owner=uwb-rx reason=gateway-rx rx=0 tx=0 relay=0 route=0 ack=0 qack=0
DBG_DWM_INVALIDATE tag=configure_radio_from_reset active_phy=4 configured=1 awake=1
DBG_DWM_MARK_UNCONFIGURED tag=initialise_radio prev_phy=0
DBG_STACK_RUN_BEGIN epoch=3279267663088411711 run=3 kind=ble_backpressure owner=system_workqueue queue=2 custody=2 credit=0 retry=0 drain=2 src=11068027678940948070 dst=11068027678940948070 session=24641540 seq=4 type=86 sequence=0 previous=0 uptime=82378
DBG_STACK_SAMPLE_BEGIN epoch=3279267663088411711 run=3 sample=3 kind=ble_backpressure owner=system_workqueue queue=2 custody=2 credit=0 retry=0 drain=2 src=11068027678940948070 dst=11068027678940948070 session=24641540 seq=4 type=86 uptime=82378
DBG_STACK_ISR_CONFIG size=8192 run=3 sample=3
DBG_STACK name=BT RX WQ tid=0x2000fe18 used=760 free=776 size=1536 ret=0 run=3 sample=3
DBG_STACK name=mesh_route tid=0x2000d560 used=5888 free=2304 size=8192 ret=0 run=3 sample=3
DBG_STACK name=sysworkq tid=0x20010d70 used=2304 free=2176 size=4480 ret=0 run=3 sample=3
DBG_STACK name=MPSL Work tid=0x20010b28 used=376 free=648 size=1024 ret=0 run=3 sample=3
DBG_STACK name=logging tid=0x2000f920 used=480 free=1568 size=2048 ret=0 run=3 sample=3
DBG_STACK name=idle tid=0x20010c00 used=64 free=256 size=320 ret=0 run=3 sample=3
DBG_STACK_SAMPLE_END run=3 sample=3
DBG_STACK_RUN_END epoch=3279267663088411711 run=3 kind=ble_backpressure owner=system_workqueue outcome=ack queue=2 custody=0 credit=1 retry=0 drain=2 src=11068027678940948070 dst=11068027678940948070 session=24641540 seq=4 type=86 samples=1 sequence=0 previous=0 uptime=82387
DBG_UWB_RX_CH9
DBG_GATEWAY_CH9_RX_RELEASE_IDLE
DBG_GATEWAY_RX_DECODE ch=9 msg=0x41 src=0x191a9619c6c8cb07 dst=0x9999888877776666 prev=0x191a9619c6c8cb07 seq=1 flags=0x14 ple
DBG_UWB_RX_CH9
DBG_MESH_RX_QUEUED ch=9 msg=0x41 src=0x191a9619c6c8cb07 dst=0x9999888877776666 prev=0x191a9619c6c8cb07 seq=1 q=1
DBG_MESH_RX_DIRECT_WAIT q=1 reason=gateway-ch9-continuous-rx
DBG_MESH_RX_DIRECT_ENTER q=1 reason=gateway-ch9-continuous-rx
DBG_MESH_RX_DRAIN_ENTER owner=gateway-ch9-continuous-rx q=1
DBG_ENUM_ADAPTIVE_DEADLINE stage=0 observed_hop=1 next_hop=2 wait=4179 deadline=86614
DBG_ENUM_CLAIM_RX epoch=24641539 anchor=0x191a9619c6c8cb07 hop=1 responders=1 roster=1 retained=0
DBG_GATEWAY_ACK_INPUT type=65 src=0x191a9619c6c8cb07 dst=0x9999888877776666 rxseq=1 ackseq=2 len=36 flags=0x14 meta=0
DBG_GATEWAY_ACK_GUARD ms=10 seq=2
DBG_COORD state=idle owner=gateway-ack-immediate-channel9 reason=idle rx=0 tx=0 relay=0 route=0 ack=0 qack=0
DBG_CH9_TX_CONFIG ret=0 now=82448 earliest=0 msg=32
DBG_CH9_TX_SEND_AT now=82448 earliest=0 msg=32 len=105
DBG_CH9_TX_RELEASE_IDLE msg=32 seq=2 reason=gateway-ack-immediate-channel9 ret=0
DBG_UWB_TX_CH9
DBG_GATEWAY_ACK_TX_LED
DBG_GATEWAY_RX_REARM_DEFER delay=0 ret=1 active=1
DBG_UWB_RX_CH9
DBG_GATEWAY_CH9_RX_RELEASE_IDLE
DBG_GATEWAY_RX_DECODE ch=9 msg=0x33 src=0x191a9619c6c8cb07 dst=0x9999888877776666 prev=0x191a9619c6c8cb07 seq=1 flags=0x04 ple
DBG_UWB_RX_CH9
DBG_MESH_RX_QUEUED ch=9 msg=0x33 src=0x191a9619c6c8cb07 dst=0x9999888877776666 prev=0x191a9619c6c8cb07 seq=1 q=1
DBG_MESH_RX_DIRECT_WAIT q=1 reason=gateway-ch9-continuous-rx
DBG_MESH_RX_DIRECT_ENTER q=1 reason=gateway-ch9-continuous-rx
DBG_MESH_RX_DRAIN_ENTER owner=gateway-ch9-continuous-rx q=1
DBG_GATEWAY_ACK_INPUT type=51 src=0x191a9619c6c8cb07 dst=0x9999888877776666 rxseq=1 ackseq=3 len=44 flags=0x04 meta=0
DBG_GATEWAY_ACK_GUARD ms=10 seq=3
DBG_COORD state=idle owner=gateway-ack-immediate-channel9 reason=idle rx=0 tx=0 relay=0 route=0 ack=0 qack=0
DBG_CH9_TX_CONFIG ret=0 now=82481 earliest=0 msg=32
DBG_CH9_TX_SEND_AT now=82481 earliest=0 msg=32 len=105
DBG_CH9_TX_RELEASE_IDLE msg=32 seq=3 reason=gateway-ack-immediate-channel9 ret=0
DBG_UWB_TX_CH9
DBG_GATEWAY_ACK_TX_LED
DBG_GATEWAY_RX_REARM_DEFER delay=0 ret=1 active=1
DBG_GATEWAY_RX_START reason=gateway mesh restart active=1 qrx=0 qtx=0 adv_due=0
DBG_GATEWAY_ACK_SEND ret=0 seq=3 dst=0x191a9619c6c8cb07 next=0x191a9619c6c8cb07
DBG_MESH_RX_DRAIN_EXIT owner=gateway-ch9-continuous-rx handled=1 q=0
DBG_MESH_RX_DIRECT_EXIT handled=1 q=0 reason=gateway-ch9-continuous-rx
DBG_MESH_RX_WORK_WAIT q=0
DBG_MESH_RX_WORK_ENTER q=0
DBG_MESH_RX_DRAIN_ENTER owner=work q=0
DBG_MESH_RX_DRAIN_EXIT owner=work handled=0 q=0
DBG_MESH_RX_WORK_EXIT handled=0 q=0
DBG_GATEWAY_RX_REARM_RUN delay=0 ret=1 active=1
DBG_COORD state=gateway-rx owner=uwb-rx reason=gateway-rx rx=0 tx=0 relay=0 route=0 ack=0 qack=0
DBG_STACK_RUN_BEGIN epoch=3279267663088411711 run=4 kind=ble_backpressure owner=system_workqueue queue=2 custody=2 credit=0 retry=0 drain=2 src=11068027678940948070 dst=11068027678940948070 session=24641542 seq=6 type=86 sequence=0 previous=0 uptime=82828
DBG_STACK_SAMPLE_BEGIN epoch=3279267663088411711 run=4 sample=4 kind=ble_backpressure owner=system_workqueue queue=2 custody=2 credit=0 retry=0 drain=2 src=11068027678940948070 dst=11068027678940948070 session=24641542 seq=6 type=86 uptime=82828
DBG_STACK_ISR_CONFIG size=8192 run=4 sample=4
DBG_STACK name=BT RX WQ tid=0x2000fe18 used=760 free=776 size=1536 ret=0 run=4 sample=4
DBG_STACK name=mesh_route tid=0x2000d560 used=5888 free=2304 size=8192 ret=0 run=4 sample=4
DBG_STACK name=sysworkq tid=0x20010d70 used=2304 free=2176 size=4480 ret=0 run=4 sample=4
DBG_STACK name=MPSL Work tid=0x20010b28 used=376 free=648 size=1024 ret=0 run=4 sample=4
DBG_STACK name=logging tid=0x2000f920 used=480 free=1568 size=2048 ret=0 run=4 sample=4
DBG_STACK name=idle tid=0x20010c00 used=64 free=256 size=320 ret=0 run=4 sample=4
DBG_STACK_SAMPLE_END run=4 sample=4
DBG_STACK_RUN_END epoch=3279267663088411711 run=4 kind=ble_backpressure owner=system_workqueue outcome=ack queue=2 custody=0 credit=1 retry=0 drain=2 src=11068027678940948070 dst=11068027678940948070 session=24641542 seq=6 type=86 samples=1 sequence=0 previous=0 uptime=82847
DBG_UWB_RX_CH9
DBG_GATEWAY_CH9_RX_RELEASE_IDLE
DBG_GATEWAY_RX_DECODE ch=9 msg=0x41 src=0x708bc0aab970300e dst=0x9999888877776666 prev=0x708bc0aab970300e seq=1 flags=0x14 ple
DBG_UWB_RX_CH9
DBG_MESH_RX_QUEUED ch=9 msg=0x41 src=0x708bc0aab970300e dst=0x9999888877776666 prev=0x708bc0aab970300e seq=1 q=1
DBG_MESH_RX_DIRECT_WAIT q=1 reason=gateway-ch9-continuous-rx
DBG_MESH_RX_DIRECT_ENTER q=1 reason=gateway-ch9-continuous-rx
DBG_MESH_RX_DRAIN_ENTER owner=gateway-ch9-continuous-rx q=1
DBG_ENUM_ADAPTIVE_DEADLINE stage=0 observed_hop=1 next_hop=2 wait=4179 deadline=87148
DBG_ENUM_CLAIM_RX epoch=24641539 anchor=0x708bc0aab970300e hop=1 responders=2 roster=2 retained=0
DBG_GATEWAY_ACK_INPUT type=65 src=0x708bc0aab970300e dst=0x9999888877776666 rxseq=1 ackseq=4 len=36 flags=0x14 meta=0
DBG_GATEWAY_ACK_GUARD ms=10 seq=4
DBG_COORD state=idle owner=gateway-ack-immediate-channel9 reason=idle rx=0 tx=0 relay=0 route=0 ack=0 qack=0
DBG_CH9_TX_CONFIG ret=0 now=82982 earliest=0 msg=32
DBG_CH9_TX_SEND_AT now=82982 earliest=0 msg=32 len=105
DBG_CH9_TX_RELEASE_IDLE msg=32 seq=4 reason=gateway-ack-immediate-channel9 ret=0
DBG_UWB_TX_CH9
DBG_GATEWAY_ACK_TX_LED
DBG_GATEWAY_RX_REARM_DEFER delay=0 ret=1 active=1
DBG_GATEWAY_RX_START reason=gateway mesh restart active=1 qrx=0 qtx=0 adv_due=0
DBG_MESH_RX_WORK_WAIT q=0
DBG_MESH_RX_WORK_ENTER q=0
DBG_MESH_RX_DRAIN_ENTER owner=work q=0
DBG_MESH_RX_DRAIN_EXIT owner=work handled=0 q=0
DBG_MESH_RX_WORK_EXIT handled=0 q=0
DBG_GATEWAY_RX_REARM_RUN delay=0 ret=1 active=1
DBG_COORD state=gateway-rx owner=uwb-rx reason=gateway-rx rx=0 tx=0 relay=0 route=0 ack=0 qack=0
DBG_STACK_RUN_BEGIN epoch=3279267663088411711 run=5 kind=ble_backpressure owner=system_workqueue queue=2 custody=2 credit=0 retry=0 drain=2 src=11068027678940948070 dst=11068027678940948070 session=24641543 seq=7 type=86 sequence=0 previous=0 uptime=83278
DBG_STACK_SAMPLE_BEGIN epoch=3279267663088411711 run=5 sample=5 kind=ble_backpressure owner=system_workqueue queue=2 custody=2 credit=0 retry=0 drain=2 src=11068027678940948070 dst=11068027678940948070 session=24641543 seq=7 type=86 uptime=83278
DBG_STACK_ISR_CONFIG size=8192 run=5 sample=5
DBG_STACK name=BT RX WQ tid=0x2000fe18 used=760 free=776 size=1536 ret=0 run=5 sample=5
DBG_STACK name=mesh_route tid=0x2000d560 used=5888 free=2304 size=8192 ret=0 run=5 sample=5
DBG_STACK name=sysworkq tid=0x20010d70 used=2304 free=2176 size=4480 ret=0 run=5 sample=5
DBG_STACK name=MPSL Work tid=0x20010b28 used=376 free=648 size=1024 ret=0 run=5 sample=5
DBG_STACK name=logging tid=0x2000f920 used=480 free=1568 size=2048 ret=0 run=5 sample=5
DBG_STACK name=idle tid=0x20010c00 used=64 free=256 size=320 ret=0 run=5 sample=5
DBG_STACK_SAMPLE_END run=5 sample=5
DBG_STACK_RUN_END epoch=3279267663088411711 run=5 kind=ble_backpressure owner=system_workqueue outcome=ack queue=2 custody=0 credit=1 retry=0 drain=2 src=11068027678940948070 dst=11068027678940948070 session=24641543 seq=7 type=86 samples=1 sequence=0 previous=0 uptime=83289
DBG_GATEWAY_RX_DECODE ch=9 msg=0x33 src=0x708bc0aab970300e dst=0x9999888877776666 prev=0x708bc0aab970300e seq=1 flags=0x04 ple
DBG_UWB_RX_CH9
DBG_MESH_RX_QUEUED ch=9 msg=0x33 src=0x708bc0aab970300e dst=0x9999888877776666 prev=0x708bc0aab970300e seq=1 q=1
DBG_MESH_RX_DIRECT_WAIT q=1 reason=gateway-ch9-continuous-rx
DBG_MESH_RX_DIRECT_ENTER q=1 reason=gateway-ch9-continuous-rx
DBG_MESH_RX_DRAIN_ENTER owner=gateway-ch9-continuous-rx q=1
DBG_GATEWAY_ACK_INPUT type=51 src=0x708bc0aab970300e dst=0x9999888877776666 rxseq=1 ackseq=5 len=44 flags=0x04 meta=0
DBG_GATEWAY_ACK_GUARD ms=10 seq=5
DBG_COORD state=idle owner=gateway-ack-immediate-channel9 reason=idle rx=0 tx=0 relay=0 route=0 ack=0 qack=0
DBG_UWB_TX_CH9
DBG_GATEWAY_ACK_TX_LED
DBG_STACK_RUN_BEGIN epoch=3279267663088411711 run=6 kind=ble_backpressure owner=system_workqueue queue=1 custody=1 credit=0 retry=0 drain=1 src=11068027678940948070 dst=11068027678940948070 session=24641544 seq=8 type=86 sequence=0 previous=0 uptime=83728
DBG_STACK_SAMPLE_BEGIN epoch=3279267663088411711 run=6 sample=6 kind=ble_backpressure owner=system_workqueue queue=1 custody=1 credit=0 retry=0 drain=1 src=11068027678940948070 dst=11068027678940948070 session=24641544 seq=8 type=86 uptime=83728
DBG_STACK_ISR_CONFIG size=8192 run=6 sample=6
DBG_STACK name=BT RX WQ tid=0x2000fe18 used=760 free=776 size=1536 ret=0 run=6 sample=6
DBG_STACK name=mesh_route tid=0x2000d560 used=5888 free=2304 size=8192 ret=0 run=6 sample=6
DBG_STACK name=sysworkq tid=0x20010d70 used=2304 free=2176 size=4480 ret=0 run=6 sample=6
DBG_STACK name=MPSL Work tid=0x20010b28 used=376 free=648 size=1024 ret=0 run=6 sample=6
DBG_STACK name=logging tid=0x2000f920 used=480 free=1568 size=2048 ret=0 run=6 sample=6
DBG_STACK name=idle tid=0x20010c00 used=64 free=256 size=320 ret=0 run=6 sample=6
DBG_STACK_SAMPLE_END run=6 sample=6
DBG_STACK_RUN_END epoch=3279267663088411711 run=6 kind=ble_backpressure owner=system_workqueue outcome=ack queue=1 custody=0 credit=1 retry=0 drain=1 src=11068027678940948070 dst=11068027678940948070 session=24641544 seq=8 type=86 samples=1 sequence=0 previous=0 uptime=83746
DBG_UWB_RX_CH9
DBG_GATEWAY_CH9_RX_RELEASE_IDLE
DBG_GATEWAY_RX_DECODE ch=9 msg=0x41 src=0x56da25fe4af6d141 dst=0x9999888877776666 prev=0x56da25fe4af6d141 seq=1 flags=0x14 ple
DBG_UWB_RX_CH9
DBG_MESH_RX_QUEUED ch=9 msg=0x41 src=0x56da25fe4af6d141 dst=0x9999888877776666 prev=0x56da25fe4af6d141 seq=1 q=1
DBG_MESH_RX_DIRECT_WAIT q=1 reason=gateway-ch9-continuous-rx
DBG_MESH_RX_DIRECT_ENTER q=1 reason=gateway-ch9-continuous-rx
DBG_MESH_RX_DRAIN_ENTER owner=gateway-ch9-continuous-rx q=1
DBG_ENUM_ADAPTIVE_DEADLINE stage=0 observed_hop=1 next_hop=2 wait=4178 deadline=91244
DBG_ENUM_CONFIRM ret=1
DBG_ENUM_CLAIM_RX epoch=24641539 anchor=0x56da25fe4af6d141 hop=1 responders=3 roster=3 retained=0
DBG_GATEWAY_ACK_INPUT type=65 src=0x56da25fe4af6d141 dst=0x9999888877776666 rxseq=1 ackseq=6 len=36 flags=0x14 meta=0
DBG_GATEWAY_ACK_GUARD ms=10 seq=6
DBG_STACK_RUN_BEGIN epoch=3279267663088411711 run=7 kind=ble_backpressure owner=system_workqueue queue=1 custody=1 credit=0 retry=0 drain=1 src=11068027678940948070 dst=11068027678940948070 session=24641545 seq=9 type=86 sequence=0 previous=0 uptime=87068
DBG_STACK_SAMPLE_BEGIN epoch=3279267663088411711 run=7 sample=7 kind=ble_backpressure owner=system_workqueue queue=1 custody=1 credit=0 retry=0 drain=1 src=11068027678940948070 dst=11068027678940948070 session=24641545 seq=9 type=86 uptime=87077
DBG_STACK_ISR_CONFIG size=8192 run=7 sample=7
DBG_STACK name=BT RX WQ tid=0x2000fe18 used=760 free=776 size=1536 ret=0 run=7 sample=7
DBG_STACK name=mesh_route tid=0x2000d560 used=5888 free=2304 size=8192 ret=0 run=7 sample=7
DBG_STACK name=sysworkq tid=0x20010d70 used=2304 free=2176 size=4480 ret=0 run=7 sample=7
DBG_STACK name=MPSL Work tid=0x20010b28 used=376 free=648 size=1024 ret=0 run=7 sample=7
DBG_STACK name=logging tid=0x2000f920 used=480 free=1568 size=2048 ret=0 run=7 sample=7
DBG_STACK name=idle tid=0x20010c00 used=64 free=256 size=320 ret=0 run=7 sample=7
DBG_STACK_SAMPLE_END run=7 sample=7
DBG_STACK_RUN_END epoch=3279267663088411711 run=7 kind=ble_backpressure owner=system_workqueue outcome=ack queue=1 custody=0 credit=1 retry=0 drain=1 src=11068027678940948070 dst=11068027678940948070 session=24641545 seq=9 type=86 samples=1 sequence=0 previous=0 uptime=87102
DBG_MESH_RX_WORK_WAIT q=0
DBG_MESH_RX_WORK_ENTER q=0
DBG_MESH_RX_DRAIN_ENTER owner=work q=0
DBG_MESH_RX_DRAIN_EXIT owner=work handled=0 q=0
DBG_MESH_RX_WORK_EXIT handled=0 q=0
DBG_GATEWAY_RX_REARM_RUN delay=0 ret=1 active=1
DBG_COORD state=gateway-rx owner=uwb-rx reason=gateway-rx rx=0 tx=0 relay=0 route=0 ack=0 qack=0
DBG_UWB_RX_CH9
DBG_GATEWAY_CH9_RX_RELEASE_IDLE
DBG_GATEWAY_RX_DECODE ch=9 msg=0x41 src=0x56da25fe4af6d141 dst=0x9999888877776666 prev=0x56da25fe4af6d141 seq=1 flags=0x14 ple
DBG_UWB_RX_CH9
DBG_MESH_RX_QUEUED ch=9 msg=0x41 src=0x56da25fe4af6d141 dst=0x9999888877776666 prev=0x56da25fe4af6d141 seq=1 q=1
DBG_MESH_RX_DIRECT_WAIT q=1 reason=gateway-ch9-continuous-rx
DBG_MESH_RX_DIRECT_ENTER q=1 reason=gateway-ch9-continuous-rx
DBG_MESH_RX_DRAIN_ENTER owner=gateway-ch9-continuous-rx q=1
DBG_GATEWAY_ACK_INPUT type=65 src=0x56da25fe4af6d141 dst=0x9999888877776666 rxseq=1 ackseq=7 len=36 flags=0x14 meta=0
DBG_GATEWAY_ACK_GUARD ms=10 seq=7
DBG_COORD state=idle owner=gateway-ack-immediate-channel9 reason=idle rx=0 tx=0 relay=0 route=0 ack=0 qack=0
DBG_CH9_TX_CONFIG ret=0 now=87396 earliest=0 msg=32
DBG_CH9_TX_SEND_AT now=87396 earliest=0 msg=32 len=105
DBG_CH9_TX_RELEASE_IDLE msg=32 seq=7 reason=gateway-ack-immediate-channel9 ret=0
DBG_UWB_TX_CH9
DBG_GATEWAY_ACK_TX_LED
DBG_GATEWAY_RX_REARM_DEFER delay=0 ret=1 active=1
DBG_UWB_RX_CH9
DBG_GATEWAY_CH9_RX_RELEASE_IDLE
DBG_GATEWAY_RX_DECODE ch=9 msg=0x33 src=0x56da25fe4af6d141 dst=0x9999888877776666 prev=0x56da25fe4af6d141 seq=1 flags=0x04 ple
DBG_UWB_RX_CH9
DBG_MESH_RX_QUEUED ch=9 msg=0x33 src=0x56da25fe4af6d141 dst=0x9999888877776666 prev=0x56da25fe4af6d141 seq=1 q=1
DBG_COORD state=gateway-rx owner=gateway-ch9-continuous-rx reason=gateway-rx rx=1 tx=0 relay=0 route=0 ack=0 qack=0
DBG_MESH_RX_DIRECT_WAIT q=1 reason=gateway-ch9-continuous-rx
DBG_MESH_RX_DIRECT_ENTER q=1 reason=gateway-ch9-continuous-rx
DBG_MESH_RX_DRAIN_ENTER owner=gateway-ch9-continuous-rx q=1
DBG_GATEWAY_ACK_INPUT type=51 src=0x56da25fe4af6d141 dst=0x9999888877776666 rxseq=1 ackseq=8 len=44 flags=0x04 meta=0
DBG_GATEWAY_ACK_GUARD ms=10 seq=8
DBG_COORD state=idle owner=gateway-ack-immediate-channel9 reason=idle rx=0 tx=0 relay=0 route=0 ack=0 qack=0
DBG_CH9_TX_CONFIG ret=0 now=87429 earliest=0 msg=32
DBG_CH9_TX_SEND_AT now=87429 earliest=0 msg=32 len=105
DBG_CH9_TX_RELEASE_IDLE msg=32 seq=8 reason=gateway-ack-immediate-channel9 ret=0
DBG_UWB_TX_CH9
DBG_GATEWAY_ACK_TX_LED
DBG_GATEWAY_RX_REARM_DEFER delay=0 ret=1 active=1
DBG_GATEWAY_RX_START reason=gateway mesh restart active=1 qrx=0 qtx=0 adv_due=0
DBG_GATEWAY_ACK_SEND ret=0 seq=8 dst=0x56da25fe4af6d141 next=0x56da25fe4af6d141
DBG_MESH_RX_WORK_WAIT q=0
DBG_MESH_RX_WORK_ENTER q=0
DBG_MESH_RX_DRAIN_ENTER owner=work q=0
DBG_MESH_RX_DRAIN_EXIT owner=work handled=0 q=0
DBG_MESH_RX_WORK_EXIT handled=0 q=0
DBG_GATEWAY_RX_REARM_RUN delay=0 ret=1 active=1
DBG_COORD state=gateway-rx owner=uwb-rx reason=gateway-rx rx=0 tx=0 relay=0 route=0 ack=0 qack=0
DBG_GATEWAY_COMMAND_PRIORITY_SUBMIT ret=0 now=87564
DBG_GATEWAY_CH9_RX_COMMAND_PREEMPT now=87575 rem=100 frames=0
DBG_GATEWAY_CH9_RX_CONT_DONE ret=-140 len=0 fail=0 recover=0
DBG_NC o=0000000000000002 g=00000002 w=00 e=0000003c s=00000005 q=0000>0004 r=00000000 f=00000024 t=00000000 p=00000000 a=00
DBG_NODE_COMM_SUBMIT handle=2 profile=6 token=17039362 deadline=97578
DBG_ENUM_FLOOD kind=2 handle=2
DBG_ENUM_TABLE_TX epoch=24641539 count=3 round=1 ret=0
DBG_NODE_COMM_TX_BEGIN handle=2 profile=6 msg=64 dst=0x0 seq=2
DBG_CONTROL_RX_HANDOFF_READY abort=0
DBG_COORD state=idle owner=c5-flood reason=idle rx=0 tx=0 relay=0 route=0 ack=0 qack=0
DBG_DWM_INVALIDATE tag=configure_radio_from_reset active_phy=3 configured=1 awake=1
DBG_DWM_MARK_UNCONFIGURED tag=initialise_radio prev_phy=0
DBG_DWM_INVALIDATE tag=configure_radio_from_reset active_phy=2 configured=1 awake=0
DBG_DWM_MARK_UNCONFIGURED tag=initialise_radio prev_phy=0
DBG_DWM_WAKE_MESH_CTRL_OK sfd=4073
DBG_C5_TX_CONFIG ret=0 ext=1 len=193 msg=40 reason=bounded-c5-flood
DBG_UWB_TX_CH5
DBG_NC o=0000000000000002 g=00000002 w=00 e=00000022 s=00000005 q=0004>0005 r=00000000 f=00000001 t=00000000 p=00000000 a=00
DBG_NC o=0000000000000002 g=00000002 w=00 e=00000041 s=00000005 q=0005>0008 r=00000000 f=00000026 t=00000000 p=00000001 a=01
DBG_NODE_COMM_ATTEMPT handle=2 profile=6 attempt=1 ret=0 rf=1 scheduled=0 state=0
DBG_GATEWAY_RX_START reason=gateway mesh restart active=1 qrx=0 qtx=0 adv_due=0
DBG_ENUM_RF_RESULT kind=2 handle=2 success=1 reason=0 tries=1
DBG_COORD state=gateway-rx owner=uwb-rx reason=gateway-rx rx=0 tx=0 relay=0 route=0 ack=0 qack=0
DBG_DWM_INVALIDATE tag=configure_radio_from_reset active_phy=4 configured=1 awake=1
DBG_DWM_MARK_UNCONFIGURED tag=initialise_radio prev_phy=0
DBG_UWB_RX_CH9
DBG_GATEWAY_CH9_RX_RELEASE_IDLE
DBG_GATEWAY_RX_DECODE ch=9 msg=0x41 src=0x708bc0aab970300e dst=0x9999888877776666 prev=0x708bc0aab970300e seq=2 flags=0x14 ple
DBG_UWB_RX_CH9
DBG_MESH_RX_QUEUED ch=9 msg=0x41 src=0x708bc0aab970300e dst=0x9999888877776666 prev=0x708bc0aab970300e seq=2 q=1
DBG_MESH_RX_DIRECT_WAIT q=1 reason=gateway-ch9-continuous-rx
DBG_MESH_RX_DIRECT_ENTER q=1 reason=gateway-ch9-continuous-rx
DBG_MESH_RX_DRAIN_ENTER owner=gateway-ch9-continuous-rx q=1
DBG_ENUM_ADAPTIVE_DEADLINE stage=1 observed_hop=1 next_hop=2 wait=4178 deadline=92486
DBG_DISCOVERY_SLOT_ACK_RX epoch=24641539 anchor=0x708bc0aab970300e hop=1 acked=1 missing=2
DBG_GATEWAY_ACK_INPUT type=65 src=0x708bc0aab970300e dst=0x9999888877776666 rxseq=2 ackseq=9 len=70 flags=0x14 meta=0
DBG_GATEWAY_ACK_GUARD ms=10 seq=9
DBG_COORD state=idle owner=gateway-ack-immediate-channel9 reason=idle rx=0 tx=0 relay=0 route=0 ack=0 qack=0
DBG_CH9_TX_CONFIG ret=0 now=88321 earliest=0 msg=32
DBG_CH9_TX_SEND_AT now=88321 earliest=0 msg=32 len=105
DBG_CH9_TX_RELEASE_IDLE msg=32 seq=9 reason=gateway-ack-immediate-channel9 ret=0
DBG_UWB_TX_CH9
DBG_GATEWAY_ACK_TX_LED
DBG_GATEWAY_RX_REARM_DEFER delay=0 ret=1 active=1
DBG_GATEWAY_RX_START reason=gateway mesh restart active=1 qrx=0 qtx=0 adv_due=0
DBG_GATEWAY_ACK_SEND ret=0 seq=9 dst=0x708bc0aab970300e next=0x708bc0aab970300e
DBG_MESH_RX_WORK_WAIT q=0
DBG_UWB_RX_CH9
DBG_GATEWAY_CH9_RX_RELEASE_IDLE
DBG_GATEWAY_RX_DECODE ch=9 msg=0x33 src=0x708bc0aab970300e dst=0x9999888877776666 prev=0x708bc0aab970300e seq=2 flags=0x04 ple
DBG_UWB_RX_CH9
DBG_MESH_RX_QUEUED ch=9 msg=0x33 src=0x708bc0aab970300e dst=0x9999888877776666 prev=0x708bc0aab970300e seq=2 q=1
DBG_MESH_RX_DIRECT_WAIT q=1 reason=gateway-ch9-continuous-rx
DBG_MESH_RX_DIRECT_ENTER q=1 reason=gateway-ch9-continuous-rx
DBG_ENUM_CONFIRM ret=1
DBG_GATEWAY_ACK_INPUT type=51 src=0x708bc0aab970300e dst=0x9999888877776666 rxseq=2 ackseq=10 len=44 flags=0x04 meta=0
DBG_GATEWAY_ACK_GUARD ms=10 seq=10
DBG_STACK_RUN_BEGIN epoch=3279267663088411711 run=8 kind=ble_backpressure owner=system_workqueue queue=1 custody=1 credit=0 retry=0 drain=1 src=11068027678940948070 dst=11068027678940948070 session=24641548 seq=12 type=86 sequence=0 previous=0 uptime=88344
DBG_STACK_SAMPLE_BEGIN epoch=3279267663088411711 run=8 sample=8 kind=ble_backpressure owner=system_workqueue queue=1 custody=1 credit=0 retry=0 drain=1 src=11068027678940948070 dst=11068027678940948070 session=24641548 seq=12 type=86 uptime=88344
DBG_STACK_ISR_CONFIG size=8192 run=8 sample=8
DBG_STACK name=BT RX WQ tid=0x2000fe18 used=760 free=776 size=1536 ret=0 run=8 sample=8
DBG_STACK name=mesh_route tid=0x2000d560 used=5888 free=2304 size=8192 ret=0 run=8 sample=8
DBG_STACK name=sysworkq tid=0x20010d70 used=2304 free=2176 size=4480 ret=0 run=8 sample=8
DBG_STACK name=MPSL Work tid=0x20010b28 used=376 free=648 size=1024 ret=0 run=8 sample=8
DBG_STACK name=logging tid=0x2000f920 used=480 free=1568 size=2048 ret=0 run=8 sample=8
DBG_STACK name=idle tid=0x20010c00 used=64 free=256 size=320 ret=0 run=8 sample=8
DBG_STACK_SAMPLE_END run=8 sample=8
DBG_STACK_RUN_END epoch=3279267663088411711 run=8 kind=ble_backpressure owner=system_workqueue outcome=ack queue=1 custody=0 credit=1 retry=0 drain=1 src=11068027678940948070 dst=11068027678940948070 session=24641548 seq=12 type=86 samples=1 sequence=0 previous=0 uptime=88369
DBG_MESH_RX_WORK_WAIT q=0
DBG_MESH_RX_WORK_ENTER q=0
DBG_MESH_RX_DRAIN_ENTER owner=work q=0
DBG_MESH_RX_DRAIN_EXIT owner=work handled=0 q=0
DBG_MESH_RX_WORK_EXIT handled=0 q=0
DBG_GATEWAY_RX_REARM_RUN delay=0 ret=1 active=1
DBG_COORD state=gateway-rx owner=uwb-rx reason=gateway-rx rx=0 tx=0 relay=0 route=0 ack=0 qack=0
DBG_UWB_RX_CH9
DBG_GATEWAY_CH9_RX_RELEASE_IDLE
DBG_GATEWAY_RX_DECODE ch=9 msg=0x41 src=0x56da25fe4af6d141 dst=0x9999888877776666 prev=0x56da25fe4af6d141 seq=2 flags=0x14 ple
DBG_UWB_RX_CH9
DBG_MESH_RX_QUEUED ch=9 msg=0x41 src=0x56da25fe4af6d141 dst=0x9999888877776666 prev=0x56da25fe4af6d141 seq=2 q=1
DBG_MESH_RX_DIRECT_WAIT q=1 reason=gateway-ch9-continuous-rx
DBG_MESH_RX_DIRECT_ENTER q=1 reason=gateway-ch9-continuous-rx
DBG_MESH_RX_DRAIN_ENTER owner=gateway-ch9-continuous-rx q=1
DBG_ENUM_ADAPTIVE_DEADLINE stage=1 observed_hop=1 next_hop=2 wait=4178 deadline=92914
DBG_DISCOVERY_SLOT_ACK_RX epoch=24641539 anchor=0x56da25fe4af6d141 hop=1 acked=2 missing=1
DBG_GATEWAY_ACK_INPUT type=65 src=0x56da25fe4af6d141 dst=0x9999888877776666 rxseq=2 ackseq=11 len=70 flags=0x14 meta=0
DBG_GATEWAY_ACK_GUARD ms=10 seq=11
DBG_COORD state=idle owner=gateway-ack-immediate-channel9 reason=idle rx=0 tx=0 relay=0 route=0 ack=0 qack=0
DBG_CH9_TX_CONFIG ret=0 now=88750 earliest=0 msg=32
DBG_CH9_TX_SEND_AT now=88750 earliest=0 msg=32 len=105
DBG_CH9_TX_RELEASE_IDLE msg=32 seq=11 reason=gateway-ack-immediate-channel9 ret=0
DBG_UWB_TX_CH9
DBG_GATEWAY_ACK_TX_LED
DBG_GATEWAY_RX_REARM_DEFER delay=0 ret=1 active=1
DBG_GATEWAY_RX_START reason=gateway mesh restart active=1 qrx=0 qtx=0 adv_due=0
DBG_GATEWAY_ACK_SEND ret=0 seq=11 dst=0x56da25fe4af6d141 next=0x56da25fe4af6d141
DBG_MESH_RX_DRAIN_EXIT owner=gateway-ch9-continuous-rx handled=1 q=0
DBG_MESH_RX_DIRECT_EXIT handled=1 q=0 reason=gateway-ch9-continuous-rx
DBG_GATEWAY_CH9_RX_CONT_DONE ret=0 len=131 fail=0 recover=0
DBG_MESH_RX_WORK_WAIT q=0
DBG_MESH_RX_WORK_ENTER q=0
DBG_MESH_RX_DRAIN_ENTER owner=work q=0
DBG_UWB_RX_CH9
DBG_GATEWAY_CH9_RX_RELEASE_IDLE
DBG_GATEWAY_RX_DECODE ch=9 msg=0x33 src=0x56da25fe4af6d141 dst=0x9999888877776666 prev=0x56da25fe4af6d141 seq=2 flags=0x04 ple
DBG_UWB_RX_CH9
DBG_MESH_RX_QUEUED ch=9 msg=0x33 src=0x56da25fe4af6d141 dst=0x9999888877776666 prev=0x56da25fe4af6d141 seq=2 q=1
DBG_MESH_RX_DIRECT_WAIT q=1 reason=gateway-ch9-continuous-rx
DBG_ENUM_CONFIRM ret=1
DBG_COORD state=idle owner=gateway-ack-immediate-channel9 reason=idle rx=0 tx=0 relay=0 route=0 ack=0 qack=0
DBG_CH9_TX_CONFIG ret=0 now=88783 earliest=0 msg=32
DBG_CH9_TX_SEND_AT now=88783 earliest=0 msg=32 len=105
DBG_CH9_TX_RELEASE_IDLE msg=32 seq=12 reason=gateway-ack-immediate-channel9 ret=0
DBG_UWB_TX_CH9
DBG_GATEWAY_ACK_TX_LED
DBG_GATEWAY_RX_REARM_DEFER delay=0 ret=1 active=1
DBG_GATEWAY_RX_START reason=gateway mesh restart active=1 qrx=0 qtx=0 adv_due=0
DBG_GATEWAY_ACK_SEND ret=0 seq=12 dst=0x56da25fe4af6d141 next=0x56da25fe4af6d141
DBG_MESH_RX_DRAIN_EXIT owner=gateway-ch9-continuous-rx handled=1 q=0
DBG_MESH_RX_WORK_WAIT q=0
DBG_MESH_RX_WORK_ENTER q=0
DBG_MESH_RX_DRAIN_ENTER owner=work q=0
DBG_MESH_RX_DRAIN_EXIT owner=work handled=0 q=0
DBG_MESH_RX_WORK_EXIT handled=0 q=0
DBG_GATEWAY_RX_REARM_RUN delay=0 ret=1 active=1
DBG_COORD state=gateway-rx owner=uwb-rx reason=gateway-rx rx=0 tx=0 relay=0 route=0 ack=0 qack=0
DBG_STACK_RUN_BEGIN epoch=3279267663088411711 run=9 kind=ble_backpressure owner=system_workqueue queue=1 custody=1 credit=0 retry=0 drain=1 src=11068027678940948070 dst=11068027678940948070 session=24641549 seq=13 type=86 sequence=0 previous=0 uptime=88903
DBG_STACK_SAMPLE_BEGIN epoch=3279267663088411711 run=9 sample=9 kind=ble_backpressure owner=system_workqueue queue=1 custody=1 credit=0 retry=0 drain=1 src=11068027678940948070 dst=11068027678940948070 session=24641549 seq=13 type=86 uptime=88903
DBG_STACK_ISR_CONFIG size=8192 run=9 sample=9
DBG_STACK name=BT RX WQ tid=0x2000fe18 used=760 free=776 size=1536 ret=0 run=9 sample=9
DBG_STACK name=mesh_route tid=0x2000d560 used=5888 free=2304 size=8192 ret=0 run=9 sample=9
DBG_STACK name=sysworkq tid=0x20010d70 used=2304 free=2176 size=4480 ret=0 run=9 sample=9
DBG_STACK name=MPSL Work tid=0x20010b28 used=376 free=648 size=1024 ret=0 run=9 sample=9
DBG_STACK name=logging tid=0x2000f920 used=480 free=1568 size=2048 ret=0 run=9 sample=9
DBG_STACK name=idle tid=0x20010c00 used=64 free=256 size=320 ret=0 run=9 sample=9
DBG_STACK_SAMPLE_END run=9 sample=9
DBG_STACK_RUN_END epoch=3279267663088411711 run=9 kind=ble_backpressure owner=system_workqueue outcome=ack queue=1 custody=0 credit=1 retry=0 drain=1 src=11068027678940948070 dst=11068027678940948070 session=24641549 seq=13 type=86 samples=1 sequence=0 previous=0 uptime=88925
DBG_UWB_RX_CH9
DBG_GATEWAY_CH9_RX_RELEASE_IDLE
DBG_GATEWAY_RX_DECODE ch=9 msg=0x41 src=0x191a9619c6c8cb07 dst=0x9999888877776666 prev=0x191a9619c6c8cb07 seq=2 flags=0x14 ple
DBG_UWB_RX_CH9
DBG_MESH_RX_QUEUED ch=9 msg=0x41 src=0x191a9619c6c8cb07 dst=0x9999888877776666 prev=0x191a9619c6c8cb07 seq=2 q=1
DBG_MESH_RX_DIRECT_WAIT q=1 reason=gateway-ch9-continuous-rx
DBG_MESH_RX_DIRECT_ENTER q=1 reason=gateway-ch9-continuous-rx
DBG_MESH_RX_DRAIN_ENTER owner=gateway-ch9-continuous-rx q=1
DBG_ENUM_ADAPTIVE_DEADLINE stage=1 observed_hop=1 next_hop=2 wait=4178 deadline=93141
DBG_DISCOVERY_SLOT_ACK_RX epoch=24641539 anchor=0x191a9619c6c8cb07 hop=1 acked=3 missing=0
DBG_GATEWAY_ACK_INPUT type=65 src=0x191a9619c6c8cb07 dst=0x9999888877776666 rxseq=2 ackseq=13 len=70 flags=0x14 meta=0
DBG_GATEWAY_ACK_GUARD ms=10 seq=13
DBG_COORD state=idle owner=gateway-ack-immediate-channel9 reason=idle rx=0 tx=0 relay=0 route=0 ack=0 qack=0
DBG_CH9_TX_CONFIG ret=0 now=88976 earliest=0 msg=32
DBG_CH9_TX_SEND_AT now=88976 earliest=0 msg=32 len=105
DBG_CH9_TX_RELEASE_IDLE msg=32 seq=13 reason=gateway-ack-immediate-channel9 ret=0
DBG_UWB_TX_CH9
DBG_GATEWAY_ACK_TX_LED
DBG_GATEWAY_RX_REARM_DEFER delay=0 ret=1 active=1
DBG_GATEWAY_RX_START reason=gateway mesh restart active=1 qrx=0 qtx=0 adv_due=0
DBG_GATEWAY_ACK_SEND ret=0 seq=13 dst=0x191a9619c6c8cb07 next=0x191a9619c6c8cb07
DBG_MESH_RX_DRAIN_EXIT owner=gateway-ch9-continuous-rx handled=1 q=0
DBG_MESH_RX_DIRECT_EXIT handled=1 q=0 reason=gateway-ch9-continuous-rx
DBG_GATEWAY_CH9_RX_CONT_DONE ret=0 len=131 fail=0 recover=0
DBG_MESH_RX_WORK_WAIT q=0
DBG_MESH_RX_WORK_ENTER q=0
DBG_MESH_RX_DRAIN_ENTER owner=work q=0
DBG_UWB_RX_CH9
DBG_GATEWAY_CH9_RX_RELEASE_IDLE
DBG_GATEWAY_RX_DECODE ch=9 msg=0x33 src=0x191a9619c6c8cb07 dst=0x9999888877776666 prev=0x191a9619c6c8cb07 seq=2 flags=0x04 ple
DBG_UWB_RX_CH9
DBG_MESH_RX_QUEUED ch=9 msg=0x33 src=0x191a9619c6c8cb07 dst=0x9999888877776666 prev=0x191a9619c6c8cb07 seq=2 q=1
DBG_MESH_RX_DIRECT_WAIT q=1 reason=gateway-ch9-continuous-rx
DBG_ENUM_CONFIRM ret=1
DBG_COORD state=idle owner=gateway-ack-immediate-channel9 reason=idle rx=0 tx=0 relay=0 route=0 ack=0 qack=0
DBG_CH9_TX_CONFIG ret=0 now=89010 earliest=0 msg=32
DBG_CH9_TX_SEND_AT now=89010 earliest=0 msg=32 len=105
DBG_CH9_TX_RELEASE_IDLE msg=32 seq=14 reason=gateway-ack-immediate-channel9 ret=0
DBG_UWB_TX_CH9
DBG_GATEWAY_ACK_TX_LED
DBG_GATEWAY_RX_REARM_DEFER delay=0 ret=1 active=1
DBG_GATEWAY_RX_START reason=gateway mesh restart active=1 qrx=0 qtx=0 adv_due=0
DBG_GATEWAY_ACK_SEND ret=0 seq=14 dst=0x191a9619c6c8cb07 next=0x191a9619c6c8cb07
DBG_MESH_RX_DRAIN_EXIT owner=gateway-ch9-continuous-rx handled=1 q=0
DBG_MESH_RX_WORK_WAIT q=0
DBG_MESH_RX_WORK_ENTER q=0
DBG_MESH_RX_DRAIN_ENTER owner=work q=0
DBG_MESH_RX_DRAIN_EXIT owner=work handled=0 q=0
DBG_MESH_RX_WORK_EXIT handled=0 q=0
DBG_GATEWAY_RX_REARM_RUN delay=0 ret=1 active=1
DBG_COORD state=gateway-rx owner=uwb-rx reason=gateway-rx rx=0 tx=0 relay=0 route=0 ack=0 qack=0
DBG_NC o=0000000000000003 g=00000003 w=00 e=0000003c s=00000005 q=0000>0004 r=00000000 f=00000024 t=00000000 p=00000000 a=00
DBG_NODE_COMM_SUBMIT handle=3 profile=6 token=17039363 deadline=99417
DBG_ENUM_FLOOD kind=3 handle=3
DBG_ENUM_END_TX epoch=24641539 table_seq=24641546 ret=0
DBG_NODE_COMM_TX_BEGIN handle=3 profile=6 msg=64 dst=0x0 seq=3
DBG_CONTROL_RX_HANDOFF_READY abort=0
DBG_COORD state=idle owner=c5-flood reason=idle rx=0 tx=0 relay=0 route=0 ack=0 qack=0
DBG_DWM_INVALIDATE tag=configure_radio_from_reset active_phy=3 configured=1 awake=0
DBG_DWM_MARK_UNCONFIGURED tag=initialise_radio prev_phy=0
DBG_NC o=0000000000000003 g=00000003 w=00 e=0000003f s=00000005 q=0004>0004 r=00000000 f=00000000 t=00000000 p=00000000 a=00
DBG_NODE_COMM_ATTEMPT handle=3 profile=6 attempt=1 ret=-11 rf=0 scheduled=0 state=0
DBG_GATEWAY_RX_START reason=gateway mesh restart active=1 qrx=0 qtx=0 adv_due=0
DBG_NODE_COMM_TX_BEGIN handle=3 profile=6 msg=64 dst=0x0 seq=3
DBG_CONTROL_RX_HANDOFF_READY abort=0
DBG_DWM_INVALIDATE tag=configure_radio_from_reset active_phy=2 configured=1 awake=0
DBG_DWM_MARK_UNCONFIGURED tag=initialise_radio prev_phy=0
DBG_DWM_INVALIDATE tag=configure_radio_from_reset active_phy=2 configured=1 awake=0
DBG_DWM_MARK_UNCONFIGURED tag=initialise_radio prev_phy=0
DBG_DWM_WAKE_MESH_CTRL_OK sfd=4073
DBG_C5_TX_CONFIG ret=0 ext=1 len=175 msg=40 reason=bounded-c5-flood
DBG_UWB_TX_CH5
DBG_NC o=0000000000000003 g=00000003 w=00 e=00000022 s=00000005 q=0004>0005 r=00000000 f=00000001 t=00000000 p=00000000 a=00
DBG_NC o=0000000000000003 g=00000003 w=00 e=00000041 s=00000005 q=0005>0008 r=00000000 f=00000026 t=00000000 p=00000001 a=01
DBG_NODE_COMM_ATTEMPT handle=3 profile=6 attempt=1 ret=0 rf=1 scheduled=0 state=0
DBG_GATEWAY_RX_START reason=gateway mesh restart active=1 qrx=0 qtx=0 adv_due=0
DBG_ENUM_RF_RESULT kind=3 handle=3 success=1 reason=0 tries=1
DBG_COORD state=gateway-rx owner=uwb-rx reason=gateway-rx rx=0 tx=0 relay=0 route=0 ack=0 qack=0
DBG_DWM_INVALIDATE tag=configure_radio_from_reset active_phy=4 configured=1 awake=1
DBG_DWM_MARK_UNCONFIGURED tag=initialise_radio prev_phy=0
DBG_STACK_RUN_BEGIN epoch=3279267663088411711 run=10 kind=ble_backpressure owner=system_workqueue queue=2 custody=2 credit=0 retry=0 drain=2 src=11068027678940948070 dst=11068027678940948070 session=24641550 seq=14 type=86 sequence=0 previous=0 uptime=89668
DBG_STACK_SAMPLE_BEGIN epoch=3279267663088411711 run=10 sample=10 kind=ble_backpressure owner=system_workqueue queue=2 custody=2 credit=0 retry=0 drain=2 src=11068027678940948070 dst=11068027678940948070 session=24641550 seq=14 type=86 uptime=89668
DBG_STACK_ISR_CONFIG size=8192 run=10 sample=10
DBG_STACK name=BT RX WQ tid=0x2000fe18 used=760 free=776 size=1536 ret=0 run=10 sample=10
DBG_STACK name=mesh_route tid=0x2000d560 used=5888 free=2304 size=8192 ret=0 run=10 sample=10
DBG_STACK name=sysworkq tid=0x20010d70 used=2304 free=2176 size=4480 ret=0 run=10 sample=10
DBG_STACK name=MPSL Work tid=0x20010b28 used=376 free=648 size=1024 ret=0 run=10 sample=10
DBG_STACK name=logging tid=0x2000f920 used=480 free=1568 size=2048 ret=0 run=10 sample=10
DBG_STACK name=idle tid=0x20010c00 used=64 free=256 size=320 ret=0 run=10 sample=10
DBG_STACK_SAMPLE_END run=10 sample=10
DBG_STACK_RUN_END epoch=3279267663088411711 run=10 kind=ble_backpressure owner=system_workqueue outcome=ack queue=2 custody=0 credit=1 retry=0 drain=2 src=11068027678940948070 dst=11068027678940948070 session=24641550 seq=14 type=86 samples=1 sequence=0 previous=0 uptime=89687
DBG_UWB_RX_CH9
DBG_GATEWAY_CH9_RX_RELEASE_IDLE
DBG_GATEWAY_RX_DECODE ch=9 msg=0x33 src=0x708bc0aab970300e dst=0x9999888877776666 prev=0x708bc0aab970300e seq=2 flags=0x04 ple
DBG_UWB_RX_CH9
DBG_MESH_RX_QUEUED ch=9 msg=0x33 src=0x708bc0aab970300e dst=0x9999888877776666 prev=0x708bc0aab970300e seq=2 q=1
DBG_MESH_RX_DIRECT_WAIT q=1 reason=gateway-ch9-continuous-rx
DBG_MESH_RX_DIRECT_ENTER q=1 reason=gateway-ch9-continuous-rx
DBG_MESH_RX_DRAIN_ENTER owner=gateway-ch9-continuous-rx q=1
DBG_GATEWAY_ACK_INPUT type=51 src=0x708bc0aab970300e dst=0x9999888877776666 rxseq=2 ackseq=15 len=44 flags=0x04 meta=0
DBG_GATEWAY_ACK_GUARD ms=10 seq=15
DBG_COORD state=idle owner=gateway-ack-immediate-channel9 reason=idle rx=0 tx=0 relay=0 route=0 ack=0 qack=0
DBG_CH9_TX_CONFIG ret=0 now=89966 earliest=0 msg=32
DBG_CH9_TX_SEND_AT now=89966 earliest=0 msg=32 len=105
DBG_CH9_TX_RELEASE_IDLE msg=32 seq=15 reason=gateway-ack-immediate-channel9 ret=0
DBG_UWB_TX_CH9
DBG_GATEWAY_ACK_TX_LED
DBG_GATEWAY_RX_REARM_DEFER delay=0 ret=1 active=1
DBG_MESH_RX_WORK_WAIT q=0
DBG_STACK_RUN_BEGIN epoch=3279267663088411711 run=11 kind=ble_backpressure owner=system_workqueue queue=2 custody=2 credit=0 retry=0 drain=2 src=11068027678940948070 dst=11068027678940948070 session=24641553 seq=17 type=86 sequence=0 previous=0 uptime=90118
DBG_STACK_SAMPLE_BEGIN epoch=3279267663088411711 run=11 sample=11 kind=ble_backpressure owner=system_workqueue queue=2 custody=2 credit=0 retry=0 drain=2 src=11068027678940948070 dst=11068027678940948070 session=24641553 seq=17 type=86 uptime=90118
DBG_STACK_ISR_CONFIG size=8192 run=11 sample=11
DBG_STACK name=BT RX WQ tid=0x2000fe18 used=760 free=776 size=1536 ret=0 run=11 sample=11
DBG_STACK name=mesh_route tid=0x2000d560 used=5888 free=2304 size=8192 ret=0 run=11 sample=11
DBG_STACK name=sysworkq tid=0x20010d70 used=2304 free=2176 size=4480 ret=0 run=11 sample=11
DBG_STACK name=MPSL Work tid=0x20010b28 used=376 free=648 size=1024 ret=0 run=11 sample=11
DBG_STACK name=logging tid=0x2000f920 used=480 free=1568 size=2048 ret=0 run=11 sample=11
DBG_STACK name=idle tid=0x20010c00 used=64 free=256 size=320 ret=0 run=11 sample=11
DBG_STACK_SAMPLE_END run=11 sample=11
DBG_STACK_RUN_END epoch=3279267663088411711 run=11 kind=ble_backpressure owner=system_workqueue outcome=ack queue=2 custody=0 credit=1 retry=0 drain=2 src=11068027678940948070 dst=11068027678940948070 session=24641553 seq=17 type=86 samples=1 sequence=0 previous=0 uptime=90128
DBG_UWB_RX_CH9
DBG_GATEWAY_CH9_RX_RELEASE_IDLE
DBG_GATEWAY_RX_DECODE ch=9 msg=0x33 src=0x56da25fe4af6d141 dst=0x9999888877776666 prev=0x56da25fe4af6d141 seq=2 flags=0x04 ple
DBG_UWB_RX_CH9
DBG_MESH_RX_QUEUED ch=9 msg=0x33 src=0x56da25fe4af6d141 dst=0x9999888877776666 prev=0x56da25fe4af6d141 seq=2 q=1
DBG_MESH_RX_DIRECT_WAIT q=1 reason=gateway-ch9-continuous-rx
DBG_MESH_RX_DIRECT_ENTER q=1 reason=gateway-ch9-continuous-rx
DBG_MESH_RX_DRAIN_ENTER owner=gateway-ch9-continuous-rx q=1
DBG_GATEWAY_ACK_INPUT type=51 src=0x56da25fe4af6d141 dst=0x9999888877776666 rxseq=2 ackseq=16 len=44 flags=0x04 meta=0
DBG_GATEWAY_ACK_GUARD ms=10 seq=16
DBG_COORD state=idle owner=gateway-ack-immediate-channel9 reason=idle rx=0 tx=0 relay=0 route=0 ack=0 qack=0
DBG_CH9_TX_CONFIG ret=0 now=90328 earliest=0 msg=32
DBG_CH9_TX_SEND_AT now=90328 earliest=0 msg=32 len=105
DBG_CH9_TX_RELEASE_IDLE msg=32 seq=16 reason=gateway-ack-immediate-channel9 ret=0
DBG_UWB_TX_CH9
DBG_GATEWAY_ACK_TX_LED
DBG_GATEWAY_RX_REARM_DEFER delay=0 ret=1 active=1
DBG_MESH_RX_WORK_WAIT q=0
DBG_MESH_RX_WORK_ENTER q=0
DBG_MESH_RX_DRAIN_ENTER owner=work q=0
DBG_MESH_RX_DRAIN_EXIT owner=work handled=0 q=0
DBG_MESH_RX_WORK_EXIT handled=0 q=0
DBG_GATEWAY_RX_REARM_RUN delay=0 ret=1 active=1
DBG_COORD state=gateway-rx owner=uwb-rx reason=gateway-rx rx=0 tx=0 relay=0 route=0 ack=0 qack=0
DBG_STACK_RUN_BEGIN epoch=3279267663088411711 run=12 kind=ble_backpressure owner=system_workqueue queue=2 custody=2 credit=0 retry=0 drain=2 src=11068027678940948070 dst=11068027678940948070 session=1830184641 seq=26305 type=65 sequence=0 previous=0 uptime=90568
DBG_STACK_SAMPLE_BEGIN epoch=3279267663088411711 run=12 sample=12 kind=ble_backpressure owner=system_workqueue queue=2 custody=2 credit=0 retry=0 drain=2 src=11068027678940948070 dst=11068027678940948070 session=1830184641 seq=26305 type=65 uptime=90569
DBG_STACK_ISR_CONFIG size=8192 run=12 sample=12
DBG_STACK name=BT RX WQ tid=0x2000fe18 used=760 free=776 size=1536 ret=0 run=12 sample=12
DBG_STACK name=mesh_route tid=0x2000d560 used=5888 free=2304 size=8192 ret=0 run=12 sample=12
DBG_STACK name=sysworkq tid=0x20010d70 used=2408 free=2072 size=4480 ret=0 run=12 sample=12
DBG_STACK name=MPSL Work tid=0x20010b28 used=376 free=648 size=1024 ret=0 run=12 sample=12
DBG_STACK name=logging tid=0x2000f920 used=480 free=1568 size=2048 ret=0 run=12 sample=12
DBG_STACK name=idle tid=0x20010c00 used=64 free=256 size=320 ret=0 run=12 sample=12
DBG_STACK_SAMPLE_END run=12 sample=12
DBG_STACK_RUN_END epoch=3279267663088411711 run=12 kind=ble_backpressure owner=system_workqueue outcome=ack queue=2 custody=0 credit=1 retry=0 drain=2 src=11068027678940948070 dst=11068027678940948070 session=1830184641 seq=26305 type=65 samples=1 sequence=0 previous=0 uptime=90586
DBG_STACK_RUN_BEGIN epoch=3279267663088411711 run=13 kind=ble_backpressure owner=system_workqueue queue=1 custody=1 credit=0 retry=0 drain=1 src=11068027678940948070 dst=11068027678940948070 session=24641554 seq=18 type=86 sequence=0 previous=0 uptime=91108
DBG_STACK_SAMPLE_BEGIN epoch=3279267663088411711 run=13 sample=13 kind=ble_backpressure owner=system_workqueue queue=1 custody=1 credit=0 retry=0 drain=1 src=11068027678940948070 dst=11068027678940948070 session=24641554 seq=18 type=86 uptime=91108
DBG_STACK_ISR_CONFIG size=8192 run=13 sample=13
DBG_STACK name=BT RX WQ tid=0x2000fe18 used=760 free=776 size=1536 ret=0 run=13 sample=13
DBG_STACK name=mesh_route tid=0x2000d560 used=5888 free=2304 size=8192 ret=0 run=13 sample=13
DBG_STACK name=sysworkq tid=0x20010d70 used=2408 free=2072 size=4480 ret=0 run=13 sample=13
DBG_STACK name=MPSL Work tid=0x20010b28 used=376 free=648 size=1024 ret=0 run=13 sample=13
DBG_STACK name=logging tid=0x2000f920 used=480 free=1568 size=2048 ret=0 run=13 sample=13
DBG_STACK name=idle tid=0x20010c00 used=64 free=256 size=320 ret=0 run=13 sample=13
DBG_STACK_SAMPLE_END run=13 sample=13
DBG_STACK_RUN_END epoch=3279267663088411711 run=13 kind=ble_backpressure owner=system_workqueue outcome=ack queue=1 custody=0 credit=1 retry=0 drain=1 src=11068027678940948070 dst=11068027678940948070 session=24641554 seq=18 type=86 samples=1 sequence=0 previous=0 uptime=91129
DBG_STACK_RUN_BEGIN epoch=3279267663088411711 run=14 kind=ble_backpressure owner=system_workqueue queue=1 custody=1 credit=0 retry=0 drain=1 src=11068027678940948070 dst=11068027678940948070 session=24641555 seq=19 type=86 sequence=0 previous=0 uptime=91783
DBG_STACK_SAMPLE_BEGIN epoch=3279267663088411711 run=14 sample=14 kind=ble_backpressure owner=system_workqueue queue=1 custody=1 credit=0 retry=0 drain=1 src=11068027678940948070 dst=11068027678940948070 session=24641555 seq=19 type=86 uptime=91784
DBG_STACK_ISR_CONFIG size=8192 run=14 sample=14
DBG_STACK name=BT RX WQ tid=0x2000fe18 used=760 free=776 size=1536 ret=0 run=14 sample=14
DBG_STACK name=mesh_route tid=0x2000d560 used=5888 free=2304 size=8192 ret=0 run=14 sample=14
DBG_STACK name=sysworkq tid=0x20010d70 used=2408 free=2072 size=4480 ret=0 run=14 sample=14
DBG_STACK name=MPSL Work tid=0x20010b28 used=376 free=648 size=1024 ret=0 run=14 sample=14
DBG_STACK name=logging tid=0x2000f920 used=480 free=1568 size=2048 ret=0 run=14 sample=14
DBG_STACK name=idle tid=0x20010c00 used=64 free=256 size=320 ret=0 run=14 sample=14
DBG_STACK_SAMPLE_END run=14 sample=14
DBG_STACK_RUN_END epoch=3279267663088411711 run=14 kind=ble_backpressure owner=system_workqueue outcome=ack queue=1 custody=0 credit=1 retry=0 drain=1 src=11068027678940948070 dst=11068027678940948070 session=24641555 seq=19 type=86 samples=1 sequence=0 previous=0 uptime=91801
DBG_STACK_RUN_BEGIN epoch=3279267663088411711 run=15 kind=ble_backpressure owner=system_workqueue queue=1 custody=1 credit=0 retry=0 drain=1 src=11068027678940948070 dst=11068027678940948070 session=24641556 seq=20 type=86 sequence=0 previous=0 uptime=92413
DBG_STACK_SAMPLE_BEGIN epoch=3279267663088411711 run=15 sample=15 kind=ble_backpressure owner=system_workqueue queue=1 custody=1 credit=0 retry=0 drain=1 src=11068027678940948070 dst=11068027678940948070 session=24641556 seq=20 type=86 uptime=92414
DBG_STACK_ISR_CONFIG size=8192 run=15 sample=15
DBG_STACK name=BT RX WQ tid=0x2000fe18 used=760 free=776 size=1536 ret=0 run=15 sample=15
DBG_STACK name=mesh_route tid=0x2000d560 used=5888 free=2304 size=8192 ret=0 run=15 sample=15
DBG_STACK name=sysworkq tid=0x20010d70 used=2408 free=2072 size=4480 ret=0 run=15 sample=15
DBG_STACK name=MPSL Work tid=0x20010b28 used=376 free=648 size=1024 ret=0 run=15 sample=15
DBG_STACK name=logging tid=0x2000f920 used=480 free=1568 size=2048 ret=0 run=15 sample=15
DBG_STACK name=idle tid=0x20010c00 used=64 free=256 size=320 ret=0 run=15 sample=15
DBG_STACK_SAMPLE_END run=15 sample=15
DBG_STACK_RUN_END epoch=3279267663088411711 run=15 kind=ble_backpressure owner=system_workqueue outcome=ack queue=1 custody=0 credit=1 retry=0 drain=1 src=11068027678940948070 dst=11068027678940948070 session=24641556 seq=20 type=86 samples=1 sequence=0 previous=0 uptime=92439
DBG_STACK_RUN_BEGIN epoch=3279267663088411711 run=16 kind=ble_backpressure owner=system_workqueue queue=1 custody=1 credit=0 retry=0 drain=1 src=11068027678940948070 dst=11068027678940948070 session=24641557 seq=21 type=86 sequence=0 previous=0 uptime=92953
DBG_STACK_SAMPLE_BEGIN epoch=3279267663088411711 run=16 sample=16 kind=ble_backpressure owner=system_workqueue queue=1 custody=1 credit=0 retry=0 drain=1 src=11068027678940948070 dst=11068027678940948070 session=24641557 seq=21 type=86 uptime=92954
DBG_STACK_ISR_CONFIG size=8192 run=16 sample=16
DBG_STACK name=BT RX WQ tid=0x2000fe18 used=760 free=776 size=1536 ret=0 run=16 sample=16
DBG_STACK name=mesh_route tid=0x2000d560 used=5888 free=2304 size=8192 ret=0 run=16 sample=16
DBG_STACK name=sysworkq tid=0x20010d70 used=2408 free=2072 size=4480 ret=0 run=16 sample=16
DBG_STACK name=MPSL Work tid=0x20010b28 used=376 free=648 size=1024 ret=0 run=16 sample=16
DBG_STACK name=logging tid=0x2000f920 used=480 free=1568 size=2048 ret=0 run=16 sample=16
DBG_STACK name=idle tid=0x20010c00 used=64 free=256 size=320 ret=0 run=16 sample=16
DBG_STACK_SAMPLE_END run=16 sample=16
DBG_STACK_RUN_END epoch=3279267663088411711 run=16 kind=ble_backpressure owner=system_workqueue outcome=ack queue=1 custody=0 credit=1 retry=0 drain=1 src=11068027678940948070 dst=11068027678940948070 session=24641557 seq=21 type=86 samples=1 sequence=0 previous=0 uptime=92966
DBG_STACK_RUN_BEGIN epoch=3279267663088411711 run=17 kind=ble_backpressure owner=system_workqueue queue=1 custody=1 credit=0 retry=0 drain=1 src=11068027678940948070 dst=11068027678940948070 session=24641558 seq=22 type=86 sequence=0 previous=0 uptime=93403
DBG_STACK_SAMPLE_BEGIN epoch=3279267663088411711 run=17 sample=17 kind=ble_backpressure owner=system_workqueue queue=1 custody=1 credit=0 retry=0 drain=1 src=11068027678940948070 dst=11068027678940948070 session=24641558 seq=22 type=86 uptime=93404
DBG_STACK_ISR_CONFIG size=8192 run=17 sample=17
DBG_STACK name=BT RX WQ tid=0x2000fe18 used=760 free=776 size=1536 ret=0 run=17 sample=17
DBG_STACK name=mesh_route tid=0x2000d560 used=5888 free=2304 size=8192 ret=0 run=17 sample=17
DBG_STACK name=sysworkq tid=0x20010d70 used=2408 free=2072 size=4480 ret=0 run=17 sample=17
DBG_STACK name=MPSL Work tid=0x20010b28 used=376 free=648 size=1024 ret=0 run=17 sample=17
DBG_STACK name=logging tid=0x2000f920 used=480 free=1568 size=2048 ret=0 run=17 sample=17
DBG_STACK name=idle tid=0x20010c00 used=64 free=256 size=320 ret=0 run=17 sample=17
DBG_STACK_SAMPLE_END run=17 sample=17
DBG_STACK_RUN_END epoch=3279267663088411711 run=17 kind=ble_backpressure owner=system_workqueue outcome=ack queue=1 custody=0 credit=1 retry=0 drain=1 src=11068027678940948070 dst=11068027678940948070 session=24641558 seq=22 type=86 samples=1 sequence=0 previous=0 uptime=93415
DBG_GATEWAY_BLE event=disconnected reason=19 uptime=96642
DBG_GATEWAY_BLE event=recovery round=1 delay_ms=390 reason=disconnected uptime=96642
[34m0033637[0m [91mE[0m [31mError during board uninit: [2m[session][0m
[34m0033638[0m [91mE[0m [31mProbe error during disconnect: [2m[session][0m
[0m
Script done on 2026-08-22 22:47:43+02:00 [COMMAND_EXIT_CODE="0"]
