GUI_LOG level=event message=BLE state: connecting E4:16:B7:C7:E6:95
GUI_STATE {"command_active": false, "connection": "connecting", "elapsed_s": 0.1, "error": "", "status": "Disconnected", "survey_phase": "idle"}
GUI_LOG level=event message=BLE state: connected E4:16:B7:C7:E6:95
GUI_LOG level=tx message=BLE write complete for gateway host receipt: 94 bytes in 1 ATT chunk(s); gateway will release custody after validation
GUI_STATE {"command_active": false, "connection": "connected", "elapsed_s": 2.301, "error": "", "status": "BLE write complete for gateway host receipt: 94 bytes in 1 ATT chunk(s); gateway will release custody after validation", "survey_phase": "idle"}
GUI_ONE_SURVEY_STARTED gateway=0x9999888877776666
GUI_STATE {"command_active": true, "connection": "connected", "elapsed_s": 2.402, "error": "", "status": "Received CLICK_REPORT seq=1", "survey_phase": "enumerating"}
GUI_LOG level=tx message=BLE write complete for Survey Enumeration Here I Am: 56 bytes in 1 ATT chunk(s); command outcome is pending COMMAND_RESULT
GUI_STATE {"command_active": true, "connection": "connected", "elapsed_s": 2.502, "error": "", "status": "BLE write complete for Survey Enumeration Here I Am: 56 bytes in 1 ATT chunk(s); command outcome is pending COMMAND_RESULT", "survey_phase": "enumerating"}
GUI_LOG level=tx message=BLE write complete for gateway host receipt: 94 bytes in 1 ATT chunk(s); gateway will release custody after validation
GUI_STATE {"command_active": true, "connection": "connected", "elapsed_s": 2.602, "error": "", "status": "Received CLICK_REPORT seq=1", "survey_phase": "enumerating"}
GUI_LOG level=tx message=BLE write complete for gateway host receipt: 94 bytes in 1 ATT chunk(s); gateway will release custody after validation
GUI_STATE {"command_active": true, "connection": "connected", "elapsed_s": 2.702, "error": "", "status": "Received CLICK_REPORT seq=12", "survey_phase": "enumerating"}
GUI_LOG level=tx message=BLE write complete for gateway host receipt: 94 bytes in 1 ATT chunk(s); gateway will release custody after validation
GUI_STATE {"command_active": true, "connection": "connected", "elapsed_s": 2.803, "error": "", "status": "Received CLICK_REPORT seq=1", "survey_phase": "enumerating"}
GUI_LOG level=tx message=BLE write complete for gateway host receipt: 94 bytes in 1 ATT chunk(s); gateway will release custody after validation
GUI_STATE {"command_active": true, "connection": "connected", "elapsed_s": 2.903, "error": "", "status": "Received CLICK_REPORT seq=12", "survey_phase": "enumerating"}
GUI_LOG level=tx message=BLE write complete for gateway host receipt: 94 bytes in 1 ATT chunk(s); gateway will release custody after validation
HOST_PACKET gateway_event stage=2 status=0 reason=0 anchor=0x0000000000000000 previous=0x0000000000000000 hop=0 slot=255 progress=0/0 success=0 failure=0 duplicates=0
GUI_STATE {"command_active": true, "connection": "connected", "elapsed_s": 3.003, "error": "", "status": "Received GATEWAY_COMMAND_EVENT seq=97", "survey_phase": "enumerating"}
GUI_LOG level=tx message=BLE write complete for gateway host receipt: 94 bytes in 1 ATT chunk(s); gateway will release custody after validation
HOST_PACKET gateway_event stage=3 status=0 reason=0 anchor=0x0000000000000000 previous=0x0000000000000000 hop=0 slot=255 progress=0/0 success=0 failure=0 duplicates=0
GUI_STATE {"command_active": true, "connection": "connected", "elapsed_s": 3.103, "error": "", "status": "Received GATEWAY_COMMAND_EVENT seq=98", "survey_phase": "enumerating"}
GUI_LOG level=tx message=BLE write complete for gateway host receipt: 94 bytes in 1 ATT chunk(s); gateway will release custody after validation
GUI_STATE {"command_active": true, "connection": "connected", "elapsed_s": 3.203, "error": "", "status": "BLE write complete for gateway host receipt: 94 bytes in 1 ATT chunk(s); gateway will release custody after validation", "survey_phase": "enumerating"}
HOST_PACKET gateway_event stage=4 status=0 reason=0 anchor=0x0000000000000000 previous=0x0000000000000000 hop=0 slot=255 progress=3/0 success=0 failure=0 duplicates=0
GUI_STATE {"command_active": true, "connection": "connected", "elapsed_s": 6.805, "error": "", "status": "Received GATEWAY_COMMAND_EVENT seq=101", "survey_phase": "enumerating"}
GUI_LOG level=tx message=BLE write complete for gateway host receipt: 94 bytes in 1 ATT chunk(s); gateway will release custody after validation
GUI_STATE {"command_active": true, "connection": "connected", "elapsed_s": 6.905, "error": "", "status": "BLE write complete for gateway host receipt: 94 bytes in 1 ATT chunk(s); gateway will release custody after validation", "survey_phase": "enumerating"}
HOST_PACKET command=FORCE_REDISCOVERY status=0 (OK) reason=0
GUI_STATE {"command_active": true, "connection": "connected", "elapsed_s": 34.115, "error": "", "status": "Received COMMAND_RESULT seq=2", "survey_phase": "enumerating"}
GUI_LOG level=tx message=BLE write complete for gateway host receipt: 94 bytes in 1 ATT chunk(s); gateway will release custody after validation
HOST_PACKET gateway_event stage=12 status=0 reason=0 anchor=0x0000000000000000 previous=0x0000000000000000 hop=0 slot=255 progress=3/0 success=0 failure=0 duplicates=0
GUI_STATE {"command_active": true, "connection": "connected", "elapsed_s": 34.215, "error": "", "status": "Received GATEWAY_COMMAND_EVENT seq=102", "survey_phase": "enumerating"}
GUI_LOG level=tx message=BLE write complete for Assign discovery slots: 53 bytes in 1 ATT chunk(s); command outcome is pending COMMAND_RESULT
GUI_STATE {"command_active": true, "connection": "connected", "elapsed_s": 34.315, "error": "", "status": "BLE write complete for Assign discovery slots: 53 bytes in 1 ATT chunk(s); command outcome is pending COMMAND_RESULT", "survey_phase": "enumerating"}
GUI_LOG level=tx message=BLE write complete for gateway host receipt: 94 bytes in 1 ATT chunk(s); gateway will release custody after validation
HOST_PACKET gateway_event stage=2 status=0 reason=0 anchor=0x0000000000000000 previous=0x0000000000000000 hop=0 slot=255 progress=0/0 success=0 failure=0 duplicates=0
GUI_STATE {"command_active": true, "connection": "connected", "elapsed_s": 34.415, "error": "", "status": "Received GATEWAY_COMMAND_EVENT seq=103", "survey_phase": "enumerating"}
GUI_LOG level=tx message=BLE write complete for gateway host receipt: 94 bytes in 1 ATT chunk(s); gateway will release custody after validation
HOST_PACKET gateway_event stage=3 status=0 reason=0 anchor=0x0000000000000000 previous=0x0000000000000000 hop=0 slot=255 progress=0/0 success=0 failure=0 duplicates=0
GUI_STATE {"command_active": true, "connection": "connected", "elapsed_s": 34.515, "error": "", "status": "Received GATEWAY_COMMAND_EVENT seq=104", "survey_phase": "enumerating"}
GUI_LOG level=tx message=BLE write complete for gateway host receipt: 94 bytes in 1 ATT chunk(s); gateway will release custody after validation
HOST_PACKET gateway_event stage=3 status=0 reason=0 anchor=0x0000000000000000 previous=0x0000000000000000 hop=0 slot=255 progress=0/0 success=0 failure=0 duplicates=0
GUI_STATE {"command_active": true, "connection": "connected", "elapsed_s": 34.615, "error": "", "status": "Received GATEWAY_COMMAND_EVENT seq=105", "survey_phase": "enumerating"}
GUI_LOG level=tx message=BLE write complete for gateway host receipt: 94 bytes in 1 ATT chunk(s); gateway will release custody after validation
HOST_PACKET gateway_event stage=6 status=0 reason=0 anchor=0x0f6d3a3bdac0f858 previous=0x0f6d3a3bdac0f858 hop=1 slot=255 progress=1/0 success=0 failure=0 duplicates=3
GUI_STATE {"command_active": true, "connection": "connected", "elapsed_s": 34.715, "error": "", "status": "Received GATEWAY_COMMAND_EVENT seq=106", "survey_phase": "enumerating"}
GUI_LOG level=tx message=BLE write complete for gateway host receipt: 94 bytes in 1 ATT chunk(s); gateway will release custody after validation
HOST_PACKET gateway_event stage=6 status=0 reason=0 anchor=0x9699122bd60a64e3 previous=0x0f6d3a3bdac0f858 hop=2 slot=255 progress=2/0 success=0 failure=0 duplicates=3
GUI_STATE {"command_active": true, "connection": "connected", "elapsed_s": 34.815, "error": "", "status": "Received GATEWAY_COMMAND_EVENT seq=107", "survey_phase": "enumerating"}
GUI_LOG level=tx message=BLE write complete for gateway host receipt: 94 bytes in 1 ATT chunk(s); gateway will release custody after validation
HOST_PACKET gateway_event stage=6 status=0 reason=0 anchor=0xea35f5b508104aae previous=0x0f6d3a3bdac0f858 hop=3 slot=255 progress=3/0 success=0 failure=0 duplicates=3
GUI_LOG level=tx message=BLE write complete for gateway host receipt: 94 bytes in 1 ATT chunk(s); gateway will release custody after validation
GUI_STATE {"command_active": true, "connection": "connected", "elapsed_s": 34.915, "error": "", "status": "BLE write complete for gateway host receipt: 94 bytes in 1 ATT chunk(s); gateway will release custody after validation", "survey_phase": "enumerating"}
HOST_PACKET gateway_event stage=6 status=0 reason=0 anchor=0x0f6d3a3bdac0f858 previous=0x0000000000000000 hop=1 slot=0 progress=1/3 success=1 failure=0 duplicates=3
GUI_STATE {"command_active": true, "connection": "connected", "elapsed_s": 36.416, "error": "", "status": "Received GATEWAY_COMMAND_EVENT seq=111", "survey_phase": "enumerating"}
GUI_LOG level=tx message=BLE write complete for gateway host receipt: 94 bytes in 1 ATT chunk(s); gateway will release custody after validation
HOST_PACKET command=ASSIGN_DISCOVERY_SLOTS status=0 (OK) reason=3
GUI_STATE {"command_active": true, "connection": "connected", "elapsed_s": 36.516, "error": "", "status": "Received COMMAND_RESULT seq=1", "survey_phase": "enumerating"}
GUI_LOG level=tx message=BLE write complete for gateway host receipt: 94 bytes in 1 ATT chunk(s); gateway will release custody after validation
HOST_PACKET gateway_event stage=6 status=0 reason=0 anchor=0x9699122bd60a64e3 previous=0x0000000000000000 hop=2 slot=1 progress=2/3 success=1 failure=0 duplicates=3
GUI_STATE {"command_active": true, "connection": "connected", "elapsed_s": 36.616, "error": "", "status": "Received GATEWAY_COMMAND_EVENT seq=112", "survey_phase": "enumerating"}
GUI_LOG level=tx message=BLE write complete for gateway host receipt: 94 bytes in 1 ATT chunk(s); gateway will release custody after validation
HOST_PACKET gateway_event stage=6 status=0 reason=0 anchor=0xea35f5b508104aae previous=0x0000000000000000 hop=3 slot=2 progress=3/3 success=1 failure=0 duplicates=3
GUI_STATE {"command_active": true, "connection": "connected", "elapsed_s": 36.716, "error": "", "status": "Received GATEWAY_COMMAND_EVENT seq=113", "survey_phase": "enumerating"}
GUI_LOG level=tx message=BLE write complete for gateway host receipt: 94 bytes in 1 ATT chunk(s); gateway will release custody after validation
HOST_PACKET gateway_event stage=7 status=0 reason=0 anchor=0x0000000000000000 previous=0x0000000000000000 hop=0 slot=255 progress=3/3 success=3 failure=0 duplicates=3
GUI_STATE {"command_active": true, "connection": "connected", "elapsed_s": 36.816, "error": "", "status": "Received GATEWAY_COMMAND_EVENT seq=114", "survey_phase": "enumerating"}
GUI_LOG level=tx message=BLE write complete for gateway host receipt: 94 bytes in 1 ATT chunk(s); gateway will release custody after validation
HOST_PACKET gateway_event stage=8 status=0 reason=0 anchor=0x0000000000000000 previous=0x0000000000000000 hop=0 slot=255 progress=3/3 success=0 failure=0 duplicates=3
GUI_STATE {"command_active": true, "connection": "connected", "elapsed_s": 36.916, "error": "", "status": "Received GATEWAY_COMMAND_EVENT seq=115", "survey_phase": "enumerating"}
GUI_LOG level=tx message=BLE write complete for gateway host receipt: 94 bytes in 1 ATT chunk(s); gateway will release custody after validation
HOST_PACKET gateway_event stage=12 status=0 reason=0 anchor=0x0000000000000000 previous=0x0000000000000000 hop=0 slot=255 progress=3/3 success=3 failure=0 duplicates=3
GUI_STATE {"command_active": false, "connection": "connected", "elapsed_s": 37.016, "error": "", "status": "Enumeration complete; starting scheduled neighbor collection...", "survey_phase": "neighbors"}
GUI_LOG level=tx message=BLE write complete for gateway host receipt: 94 bytes in 1 ATT chunk(s); gateway will release custody after validation
GUI_STATE {"command_active": false, "connection": "connected", "elapsed_s": 37.116, "error": "", "status": "BLE write complete for gateway host receipt: 94 bytes in 1 ATT chunk(s); gateway will release custody after validation", "survey_phase": "neighbors"}
GUI_LOG level=tx message=BLE write complete for Start neighbor survey: 40 bytes in 1 ATT chunk(s); command outcome is pending COMMAND_RESULT
HOST_PACKET command=SURVEY_START status=0 (OK) reason=0
GUI_STATE {"command_active": false, "connection": "connected", "elapsed_s": 37.316, "error": "", "status": "Received COMMAND_RESULT seq=3", "survey_phase": "neighbors"}
GUI_LOG level=tx message=BLE write complete for gateway host receipt: 94 bytes in 1 ATT chunk(s); gateway will release custody after validation
GUI_STATE {"command_active": false, "connection": "connected", "elapsed_s": 37.416, "error": "", "status": "BLE write complete for gateway host receipt: 94 bytes in 1 ATT chunk(s); gateway will release custody after validation", "survey_phase": "neighbors"}
HOST_PACKET survey=5 neighbor_reports=3 occupied_slots=0,1,2 report_slots=0,1,2 heard_by_slot=0:1;1:0,2;2:1 partial=0x0000
HOST_PACKET survey=5 signal_pairs=2
GUI_STATE {"command_active": false, "connection": "connected", "elapsed_s": 49.623, "error": "", "status": "Submitting survey batch 1/1 with 2 pairs...", "survey_phase": "submitting-plan"}
GUI_LOG level=tx message=BLE write complete for gateway host receipt: 94 bytes in 1 ATT chunk(s); gateway will release custody after validation
GUI_STATE {"command_active": false, "connection": "connected", "elapsed_s": 49.723, "error": "", "status": "BLE write complete for gateway host receipt: 94 bytes in 1 ATT chunk(s); gateway will release custody after validation", "survey_phase": "submitting-plan"}
GUI_LOG level=tx message=BLE write complete for gateway host receipt: 94 bytes in 1 ATT chunk(s); gateway will release custody after validation
GUI_LOG level=tx message=BLE write complete for Submit survey ranging plan: 100 bytes in 1 ATT chunk(s); command outcome is pending COMMAND_RESULT
HOST_PACKET command=SURVEY_PLAN status=0 (OK) reason=0
GUI_STATE {"command_active": false, "connection": "connected", "elapsed_s": 49.823, "error": "", "status": "Received COMMAND_RESULT seq=4", "survey_phase": "submitting-plan"}
GUI_LOG level=tx message=BLE write complete for gateway host receipt: 94 bytes in 1 ATT chunk(s); gateway will release custody after validation
GUI_STATE {"command_active": false, "connection": "connected", "elapsed_s": 49.923, "error": "", "status": "BLE write complete for gateway host receipt: 94 bytes in 1 ATT chunk(s); gateway will release custody after validation", "survey_phase": "submitting-plan"}
HOST_PACKET survey=5 pairs=2 waves=2 skipped=0
GUI_STATE {"command_active": false, "connection": "connected", "elapsed_s": 50.023, "error": "", "status": "Received SURVEY_EVENT seq=33", "survey_phase": "ranging"}
GUI_LOG level=tx message=BLE write complete for gateway host receipt: 94 bytes in 1 ATT chunk(s); gateway will release custody after validation
GUI_STATE {"command_active": false, "connection": "connected", "elapsed_s": 50.123, "error": "", "status": "BLE write complete for gateway host receipt: 94 bytes in 1 ATT chunk(s); gateway will release custody after validation", "survey_phase": "ranging"}
HOST_PACKET survey=5 kind=3 results=1 usable=1 partial=0x0000
GUI_STATE {"command_active": false, "connection": "connected", "elapsed_s": 59.728, "error": "", "status": "Received SURVEY_EVENT seq=34", "survey_phase": "ranging"}
GUI_LOG level=tx message=BLE write complete for gateway host receipt: 94 bytes in 1 ATT chunk(s); gateway will release custody after validation
GUI_STATE {"command_active": false, "connection": "connected", "elapsed_s": 59.828, "error": "", "status": "BLE write complete for gateway host receipt: 94 bytes in 1 ATT chunk(s); gateway will release custody after validation", "survey_phase": "ranging"}
HOST_PACKET survey=5 kind=3 results=2 usable=2 partial=0x0000
GUI_STATE {"command_active": false, "connection": "connected", "elapsed_s": 65.629, "error": "", "status": "Received SURVEY_EVENT seq=35", "survey_phase": "ranging"}
GUI_LOG level=tx message=BLE write complete for gateway host receipt: 94 bytes in 1 ATT chunk(s); gateway will release custody after validation
GUI_STATE {"command_active": false, "connection": "connected", "elapsed_s": 65.729, "error": "", "status": "BLE write complete for gateway host receipt: 94 bytes in 1 ATT chunk(s); gateway will release custody after validation", "survey_phase": "ranging"}
HOST_PACKET survey=5 kind=3 results=2 usable=2 partial=0x0000
GUI_STATE {"command_active": false, "connection": "connected", "elapsed_s": 71.531, "error": "", "status": "Received SURVEY_EVENT seq=36", "survey_phase": "ranging"}
GUI_LOG level=tx message=BLE write complete for gateway host receipt: 94 bytes in 1 ATT chunk(s); gateway will release custody after validation
GUI_STATE {"command_active": false, "connection": "connected", "elapsed_s": 71.631, "error": "", "status": "BLE write complete for gateway host receipt: 94 bytes in 1 ATT chunk(s); gateway will release custody after validation", "survey_phase": "ranging"}
GUI_LOG level=event message=Survey complete: 2/2 pairs have usable median ranges
HOST_PACKET survey=5 kind=4 results=2 usable=2 partial=0x0000
GUI_STATE {"command_active": false, "connection": "connected", "elapsed_s": 77.633, "error": "", "status": "Received SURVEY_EVENT seq=37", "survey_phase": "idle"}
GUI_LOG level=tx message=BLE write complete for gateway host receipt: 94 bytes in 1 ATT chunk(s); gateway will release custody after validation
GUI_STATE {"command_active": false, "connection": "connected", "elapsed_s": 77.733, "error": "", "status": "BLE write complete for gateway host receipt: 94 bytes in 1 ATT chunk(s); gateway will release custody after validation", "survey_phase": "idle"}
GUI_FINAL {"command_status": {"12": 0, "260": 0, "261": 0, "262": 0}, "completed_batches": [], "connection": "connected", "elapsed_s": 82.635, "error": "", "exit_reason": "survey-complete", "generation": 5, "neighbor_reports": 3, "pairs": [[1, 0], [2, 1]], "partial_reasons": 0, "plan_command_successes": 1, "planned_pairs_by_batch": {"0": 2}, "results": {"0": {"median_mm": 887, "success_count": 5, "usable": true}, "1": {"median_mm": 1190, "success_count": 5, "usable": true}}, "signal_measurements": 2, "status": "BLE write complete for gateway host receipt: 94 bytes in 1 ATT chunk(s); gateway will release custody after validation", "success": true}
