[34m0000530[0m [36mI[0m Target type is nrf52833 [2m[board][0m
[34m0000554[0m [36mI[0m Performing connect pre-reset [2m[coresight_target][0m
[34m0000758[0m [36mI[0m DP IDR = 0x2ba01477 (v1 rev2) [2m[dap][0m
[34m0000766[0m [36mI[0m AHB-AP#0 IDR = 0x24770011 (AHB-AP var1 rev2) [2m[discovery][0m
[34m0000767[0m [36mI[0m AP#1 IDR = 0x02880000 (AP var0 rev0) [2m[discovery][0m
[34m0000768[0m [36mI[0m NRF52833 not in secure state [2m[target_nRF52][0m
[34m0000771[0m [36mI[0m AHB-AP#0 Class 0x1 ROM table #0 @ 0xe00ff000 (designer=244 part=00d) [2m[rom_table][0m
[34m0000774[0m [36mI[0m [0]<e000e000:SCS v7-M class=14 designer=43b:Arm part=00c> [2m[rom_table][0m
[34m0000775[0m [36mI[0m [1]<e0001000:DWT v7-M class=14 designer=43b:Arm part=002> [2m[rom_table][0m
[34m0000777[0m [36mI[0m [2]<e0002000:FPB v7-M class=14 designer=43b:Arm part=003> [2m[rom_table][0m
[34m0000778[0m [36mI[0m [3]<e0000000:ITM v7-M class=14 designer=43b:Arm part=001> [2m[rom_table][0m
[34m0000781[0m [36mI[0m [4]<e0040000:TPIU M4 class=9 designer=43b:Arm part=9a1 devtype=11 archid=0000 devid=ca1:0:0> [2m[rom_table][0m
[34m0000783[0m [36mI[0m [5]<e0041000:ETM M4 class=9 designer=43b:Arm part=925 devtype=13 archid=0000 devid=0:0:0> [2m[rom_table][0m
[34m0000787[0m [36mI[0m CPU core #0: Cortex-M4 r0p1, v7.0-M architecture [2m[cortex_m][0m
[34m0000787[0m [36mI[0m   Extensions: [DSP, FPU, FPU_V4, MPU] [2m[cortex_m][0m
[34m0000787[0m [36mI[0m   FPU present: FPv4-SP-D16-M [2m[cortex_m][0m
[34m0000791[0m [36mI[0m This appears to be an nRF52833 AA B0 [2m[target_nRF52][0m
[34m0000796[0m [36mI[0m 4 hardware watchpoints [2m[dwt][0m
[34m0000798[0m [36mI[0m 6 hardware breakpoints, 4 literal comparators [2m[fpb][0m
[34m0000817[0m [36mI[0m 3 up channels and 3 down channels found [2m[rtt_cmd][0m
[34m0000817[0m [36mI[0m Reading from up channel 0 ("Terminal") [2m[rtt_cmd][0m
[34m0000819[0m [36mI[0m Writing to down channel 0 ("Terminal") [2m[rtt_cmd][0m
DBG_GATEWAY_CH9_RX_CONT_RESULT start=69355 end=69856 ret=-116 fail=0 status=0x00000000 len=0 frames=0
DBG_GATEWAY_CH9_RX_CONT_ARM now=69858 rem=500 frames=0 errors=0
DBG_GATEWAY_CH9_RX_CONT_RESULT start=69858 end=70359 ret=-116 fail=0 status=0x00000000 len=0 frames=0
DBG_GATEWAY_CH9_RX_CONT_ARM now=70361 rem=500 frames=0 errors=0
DBG_GATEWAY_CH9_RX_CONT_RESULT start=70361 end=70862 ret=-116 fail=0 status=0x00000000 len=0 frames=0
DBG_GATEWAY_CH9_RX_CONT_ARM now=70864 rem=500 frames=0 errors=0
DBG_GATEWAY_CH9_RX_CONT_RESULT start=70864 end=71365 ret=-116 fail=0 status=0x00000000 len=0 frames=0
DBG_GATEWAY_CH9_RX_CONT_ARM now=71367 rem=500 frames=0 errors=0
DBG_GATEWAY_CH9_RX_CONT_RESULT start=71367 end=71868 ret=-116 fail=0 status=0x00000000 len=0 frames=0
DBG_GATEWAY_CH9_RX_CONT_ARM now=71870 rem=500 frames=0 errors=0
DBG_GATEWAY_CH9_RX_CONT_RESULT start=71870 end=72371 ret=-116 fail=0 status=0x00000000 len=0 frames=0
DBG_GATEWAY_CH9_RX_CONT_ARM now=72373 rem=500 frames=0 errors=0
DBG_GATEWAY_CH9_RX_CONT_RESULT start=109595 end=110096 ret=-116 fail=0 status=0x00000000 len=0 frames=0
DBG_GATEWAY_CH9_RX_CONT_ARM now=110098 rem=500 frames=0 errors=0
DBG_GATEWAY_CH9_RX_CONT_RESULT start=110098 end=110599 ret=-116 fail=0 status=0x00000000 len=0 frames=0
DBG_GATEWAY_CH9_RX_CONT_ARM now=110601 rem=500 frames=0 errors=0
DBG_GATEWAY_CH9_RX_CONT_RESULT start=110601 end=111102 ret=-116 fail=0 status=0x00000000 len=0 frames=0
DBG_GATEWAY_CH9_RX_CONT_ARM now=111104 rem=500 frames=0 errors=0
DBG_GATEWAY_CH9_RX_CONT_RESULT start=111104 end=111605 ret=-116 fail=0 status=0x00000000 len=0 frames=0
DBG_GATEWAY_CH9_RX_CONT_ARM now=111607 rem=500 frames=0 errors=0
DBG_GATEWAY_CH9_RX_CONT_RESULT start=111607 end=112108 ret=-116 fail=0 status=0x00000000 len=0 frames=0
DBG_GATEWAY_CH9_RX_CONT_ARM now=112110 rem=500 frames=0 errors=0
DBG_GATEWAY_CH9_RX_CONT_RESULT start=112110 end=112611 ret=-116 fail=0 status=0x00000000 len=0 frames=0
DBG_GATEWAY_CH9_RX_CONT_ARM now=112613 rem=500 frames=0 errors=0
DBG_GATEWAY_CH9_RX_CONT_RESULT start=112613 end=113114 ret=-116 fail=0 status=0x00000000 len=0 frames=0
DBG_GATEWAY_CH9_RX_CONT_ARM now=113116 rem=500 frames=0 errors=0
DBG_GATEWAY_CH9_RX_CONT_RESULT start=113116 end=113617 ret=-116 fail=0 status=0x00000000 len=0 frames=0
DBG_GATEWAY_CH9_RX_CONT_ARM now=113619 rem=500 frames=0 errors=0
DBG_GATEWAY_CH9_RX_CONT_RESULT start=113619 end=114120 ret=-116 fail=0 status=0x00000000 len=0 frames=0
DBG_GATEWAY_CH9_RX_CONT_ARM now=114122 rem=500 frames=0 errors=0
DBG_GATEWAY_CH9_RX_CONT_RESULT start=114122 end=114623 ret=-116 fail=0 status=0x00000000 len=0 frames=0
DBG_GATEWAY_CH9_RX_CONT_ARM now=114625 rem=500 frames=0 errors=0
DBG_GATEWAY_CH9_RX_CONT_RESULT start=114625 end=115126 ret=-116 fail=0 status=0x00000000 len=0 frames=0
DBG_GATEWAY_CH9_RX_CONT_ARM now=115128 rem=500 frames=0 errors=0
DBG_GATEWAY_CH9_RX_CONT_RESULT start=115128 end=115629 ret=-116 fail=0 status=0x00000000 len=0 frames=0
DBG_GATEWAY_CH9_RX_CONT_ARM now=115631 rem=500 frames=0 errors=0
DBG_GATEWAY_CH9_RX_CONT_RESULT start=115631 end=116132 ret=-116 fail=0 status=0x00000000 len=0 frames=0
DBG_GATEWAY_CH9_RX_CONT_ARM now=116134 rem=500 frames=0 errors=0
DBG_GATEWAY_CH9_RX_CONT_RESULT start=116134 end=116635 ret=-116 fail=0 status=0x00000000 len=0 frames=0
DBG_GATEWAY_CH9_RX_CONT_ARM now=116637 rem=500 frames=0 errors=0
DBG_GATEWAY_CH9_RX_CONT_RESULT start=116637 end=117138 ret=-116 fail=0 status=0x00000000 len=0 frames=0
DBG_GATEWAY_CH9_RX_CONT_ARM now=117140 rem=500 frames=0 errors=0
DBG_GATEWAY_CH9_RX_CONT_RESULT start=117140 end=117641 ret=-116 fail=0 status=0x00000000 len=0 frames=0
DBG_GATEWAY_CH9_RX_CONT_ARM now=117643 rem=500 frames=0 errors=0
DBG_GATEWAY_CH9_RX_CONT_RESULT start=117643 end=118144 ret=-116 fail=0 status=0x00000000 len=0 frames=0
DBG_GATEWAY_CH9_RX_CONT_ARM now=118146 rem=500 frames=0 errors=0
DBG_GATEWAY_CH9_RX_CONT_RESULT start=118146 end=118647 ret=-116 fail=0 status=0x00000000 len=0 frames=0
DBG_GATEWAY_CH9_RX_CONT_ARM now=118649 rem=500 frames=0 errors=0
DBG_GATEWAY_CH9_RX_CONT_RESULT start=118649 end=119150 ret=-116 fail=0 status=0x00000000 len=0 frames=0
DBG_GATEWAY_CH9_RX_CONT_ARM now=119152 rem=500 frames=0 errors=0
DBG_GATEWAY_CH9_RX_CONT_RESULT start=119152 end=119653 ret=-116 fail=0 status=0x00000000 len=0 frames=0
DBG_GATEWAY_CH9_RX_CONT_ARM now=119655 rem=500 frames=0 errors=0
DBG_GATEWAY_CH9_RX_CONT_RESULT start=119655 end=120156 ret=-116 fail=0 status=0x00000000 len=0 frames=0
DBG_GATEWAY_CH9_RX_CONT_ARM now=120158 rem=500 frames=0 errors=0
DBG_GATEWAY_CH9_RX_CONT_RESULT start=120158 end=120659 ret=-116 fail=0 status=0x00000000 len=0 frames=0
DBG_GATEWAY_CH9_RX_CONT_ARM now=120661 rem=500 frames=0 errors=0
DBG_GATEWAY_CH9_RX_CONT_RESULT start=120661 end=121162 ret=-116 fail=0 status=0x00000000 len=0 frames=0
DBG_GATEWAY_CH9_RX_CONT_ARM now=121164 rem=500 frames=0 errors=0
DBG_GATEWAY_CH9_RX_CONT_RESULT start=121164 end=121665 ret=-116 fail=0 status=0x00000000 len=0 frames=0
DBG_GATEWAY_CH9_RX_CONT_ARM now=121667 rem=500 frames=0 errors=0
DBG_GATEWAY_CH9_RX_CONT_RESULT start=121667 end=122168 ret=-116 fail=0 status=0x00000000 len=0 frames=0
DBG_GATEWAY_CH9_RX_CONT_ARM now=122170 rem=500 frames=0 errors=0
DBG_GATEWAY_CH9_RX_CONT_RESULT start=122170 end=122671 ret=-116 fail=0 status=0x00000000 len=0 frames=0
DBG_GATEWAY_CH9_RX_CONT_ARM now=122673 rem=500 frames=0 errors=0
DBG_GATEWAY_CH9_RX_CONT_RESULT start=122673 end=123174 ret=-116 fail=0 status=0x00000000 len=0 frames=0
DBG_GATEWAY_CH9_RX_CONT_ARM now=123176 rem=500 frames=0 errors=0
DBG_GATEWAY_CH9_RX_CONT_RESULT start=123176 end=123677 ret=-116 fail=0 status=0x00000000 len=0 frames=0
DBG_GATEWAY_CH9_RX_CONT_ARM now=123679 rem=500 frames=0 errors=0
DBG_GATEWAY_CH9_RX_CONT_RESULT start=123679 end=124180 ret=-116 fail=0 status=0x00000000 len=0 frames=0
DBG_GATEWAY_CH9_RX_CONT_ARM now=124182 rem=500 frames=0 errors=0
DBG_GATEWAY_CH9_RX_CONT_RESULT start=124182 end=124683 ret=-116 fail=0 status=0x00000000 len=0 frames=0
DBG_GATEWAY_CH9_RX_CONT_ARM now=124685 rem=500 frames=0 errors=0
DBG_GATEWAY_CH9_RX_CONT_RESULT start=124685 end=125186 ret=-116 fail=0 status=0x00000000 len=0 frames=0
DBG_GATEWAY_CH9_RX_CONT_ARM now=125188 rem=500 frames=0 errors=0
DBG_GATEWAY_CH9_RX_CONT_RESULT start=125188 end=125689 ret=-116 fail=0 status=0x00000000 len=0 frames=0
DBG_GATEWAY_CH9_RX_CONT_ARM now=125691 rem=500 frames=0 errors=0
DBG_GATEWAY_CH9_RX_CONT_RESULT start=125691 end=126192 ret=-116 fail=0 status=0x00000000 len=0 frames=0
DBG_GATEWAY_CH9_RX_CONT_ARM now=126194 rem=500 frames=0 errors=0
DBG_GATEWAY_CH9_RX_CONT_RESULT start=126194 end=126695 ret=-116 fail=0 status=0x00000000 len=0 frames=0
DBG_GATEWAY_CH9_RX_CONT_ARM now=126697 rem=500 frames=0 errors=0
DBG_GATEWAY_CH9_RX_CONT_RESULT start=126697 end=127198 ret=-116 fail=0 status=0x00000000 len=0 frames=0
DBG_GATEWAY_CH9_RX_CONT_ARM now=127200 rem=500 frames=0 errors=0
DBG_GATEWAY_CH9_RX_CONT_RESULT start=127200 end=127701 ret=-116 fail=0 status=0x00000000 len=0 frames=0
DBG_GATEWAY_CH9_RX_CONT_ARM now=127703 rem=500 frames=0 errors=0
DBG_GATEWAY_CH9_RX_CONT_RESULT start=127703 end=128204 ret=-116 fail=0 status=0x00000000 len=0 frames=0
DBG_GATEWAY_CH9_RX_CONT_ARM now=128206 rem=500 frames=0 errors=0
DBG_GATEWAY_CH9_RX_CONT_RESULT start=128206 end=128707 ret=-116 fail=0 status=0x00000000 len=0 frames=0
DBG_GATEWAY_CH9_RX_CONT_ARM now=128709 rem=500 frames=0 errors=0
DBG_GATEWAY_CH9_RX_CONT_RESULT start=128709 end=129210 ret=-116 fail=0 status=0x00000000 len=0 frames=0
DBG_GATEWAY_CH9_RX_CONT_ARM now=129212 rem=500 frames=0 errors=0
DBG_GATEWAY_CH9_RX_CONT_RESULT start=129212 end=129713 ret=-116 fail=0 status=0x00000000 len=0 frames=0
DBG_GATEWAY_CH9_RX_CONT_ARM now=129715 rem=500 frames=0 errors=0
DBG_GATEWAY_CH9_RX_CONT_RESULT start=129715 end=130216 ret=-116 fail=0 status=0x00000000 len=0 frames=0
DBG_GATEWAY_CH9_RX_CONT_ARM now=130218 rem=500 frames=0 errors=0
DBG_GATEWAY_CH9_RX_CONT_RESULT start=130218 end=130719 ret=-116 fail=0 status=0x00000000 len=0 frames=0
DBG_GATEWAY_CH9_RX_CONT_ARM now=130721 rem=500 frames=0 errors=0
DBG_GATEWAY_CH9_RX_CONT_RESULT start=130721 end=131222 ret=-116 fail=0 status=0x00000000 len=0 frames=0
DBG_GATEWAY_CH9_RX_CONT_ARM now=131224 rem=500 frames=0 errors=0
DBG_GATEWAY_CH9_RX_CONT_RESULT start=131224 end=131725 ret=-116 fail=0 status=0x00000000 len=0 frames=0
DBG_GATEWAY_CH9_RX_CONT_ARM now=131727 rem=500 frames=0 errors=0
DBG_GATEWAY_CH9_RX_CONT_RESULT start=131727 end=132228 ret=-116 fail=0 status=0x00000000 len=0 frames=0
DBG_GATEWAY_CH9_RX_CONT_ARM now=132230 rem=500 frames=0 errors=0
DBG_GATEWAY_CH9_RX_CONT_RESULT start=132230 end=132731 ret=-116 fail=0 status=0x00000000 len=0 frames=0
DBG_GATEWAY_CH9_RX_CONT_ARM now=132733 rem=500 frames=0 errors=0
DBG_GATEWAY_CH9_RX_CONT_RESULT start=132733 end=133234 ret=-116 fail=0 status=0x00000000 len=0 frames=0
DBG_GATEWAY_CH9_RX_CONT_ARM now=133236 rem=500 frames=0 errors=0
DBG_GATEWAY_CH9_RX_CONT_RESULT start=133236 end=133737 ret=-116 fail=0 status=0x00000000 len=0 frames=0
DBG_GATEWAY_CH9_RX_CONT_ARM now=133739 rem=500 frames=0 errors=0
DBG_GATEWAY_CH9_RX_CONT_RESULT start=133739 end=134240 ret=-116 fail=0 status=0x00000000 len=0 frames=0
DBG_GATEWAY_CH9_RX_CONT_ARM now=134242 rem=500 frames=0 errors=0
DBG_GATEWAY_CH9_RX_CONT_RESULT start=134242 end=134743 ret=-116 fail=0 status=0x00000000 len=0 frames=0
DBG_GATEWAY_CH9_RX_CONT_ARM now=134745 rem=500 frames=0 errors=0
DBG_GATEWAY_CH9_RX_CONT_RESULT start=134745 end=135246 ret=-116 fail=0 status=0x00000000 len=0 frames=0
DBG_GATEWAY_CH9_RX_CONT_ARM now=135248 rem=500 frames=0 errors=0
DBG_GATEWAY_CH9_RX_CONT_RESULT start=135248 end=135749 ret=-116 fail=0 status=0x00000000 len=0 frames=0
DBG_GATEWAY_CH9_RX_CONT_ARM now=135751 rem=500 frames=0 errors=0
DBG_GATEWAY_CH9_RX_CONT_RESULT start=135751 end=136252 ret=-116 fail=0 status=0x00000000 len=0 frames=0
DBG_GATEWAY_CH9_RX_CONT_ARM now=136254 rem=500 frames=0 errors=0
DBG_GATEWAY_CH9_RX_CONT_RESULT start=136254 end=136755 ret=-116 fail=0 status=0x00000000 len=0 frames=0
DBG_GATEWAY_CH9_RX_CONT_ARM now=136757 rem=500 frames=0 errors=0
DBG_GATEWAY_CH9_RX_CONT_RESULT start=136757 end=137258 ret=-116 fail=0 status=0x00000000 len=0 frames=0
DBG_GATEWAY_CH9_RX_CONT_ARM now=137260 rem=500 frames=0 errors=0
DBG_GATEWAY_CH9_RX_CONT_RESULT start=137260 end=137761 ret=-116 fail=0 status=0x00000000 len=0 frames=0
DBG_GATEWAY_CH9_RX_CONT_ARM now=137763 rem=500 frames=0 errors=0
DBG_GATEWAY_CH9_RX_CONT_RESULT start=137763 end=138264 ret=-116 fail=0 status=0x00000000 len=0 frames=0
DBG_GATEWAY_CH9_RX_CONT_ARM now=138266 rem=500 frames=0 errors=0
DBG_GATEWAY_CH9_RX_CONT_RESULT start=138266 end=138767 ret=-116 fail=0 status=0x00000000 len=0 frames=0
DBG_GATEWAY_CH9_RX_CONT_ARM now=138769 rem=500 frames=0 errors=0
DBG_GATEWAY_CH9_RX_CONT_RESULT start=138769 end=139270 ret=-116 fail=0 status=0x00000000 len=0 frames=0
DBG_GATEWAY_CH9_RX_CONT_ARM now=139272 rem=500 frames=0 errors=0
DBG_GATEWAY_CH9_RX_CONT_RESULT start=139272 end=139773 ret=-116 fail=0 status=0x00000000 len=0 frames=0
DBG_GATEWAY_CH9_RX_CONT_ARM now=139775 rem=500 frames=0 errors=0
DBG_GATEWAY_CH9_RX_CONT_RESULT start=139775 end=140276 ret=-116 fail=0 status=0x00000000 len=0 frames=0
DBG_GATEWAY_CH9_RX_CONT_ARM now=140278 rem=500 frames=0 errors=0
DBG_GATEWAY_CH9_RX_CONT_RESULT start=140278 end=140779 ret=-116 fail=0 status=0x00000000 len=0 frames=0
DBG_GATEWAY_CH9_RX_CONT_ARM now=140781 rem=500 frames=0 errors=0
DBG_GATEWAY_CH9_RX_CONT_RESULT start=140781 end=141282 ret=-116 fail=0 status=0x00000000 len=0 frames=0
DBG_GATEWAY_CH9_RX_CONT_ARM now=141284 rem=500 frames=0 errors=0
DBG_GATEWAY_BLE event=connected err=0 uptime=141371
DBG_GATEWAY_BLE event=param-request ret=0 interval=24-40 latency=0 timeout_ms=12000 uptime=141371
DBG_GATEWAY_CH9_RX_CONT_RESULT start=141284 end=141785 ret=-116 fail=0 status=0x00000000 len=0 frames=0
DBG_GATEWAY_CH9_RX_CONT_ARM now=141787 rem=500 frames=0 errors=0
DBG_GATEWAY_CH9_RX_CONT_RESULT start=141787 end=142288 ret=-116 fail=0 status=0x00000000 len=0 frames=0
DBG_GATEWAY_CH9_RX_CONT_ARM now=142290 rem=500 frames=0 errors=0
DBG_GATEWAY_CH9_RX_CONT_RESULT start=142290 end=142791 ret=-116 fail=0 status=0x00000000 len=0 frames=0
DBG_GATEWAY_CH9_RX_CONT_ARM now=142793 rem=500 frames=0 errors=0
DBG_GATEWAY_COMMAND_PRIORITY_SUBMIT ret=0 now=143031
DBG_STACK_RUN_BEGIN epoch=6458762704145168284 run=20 kind=ble_backpressure owner=system_workqueue queue=1 custody=1 credit=0 retry=0 drain=1 src=11068027678940948070 dst=11068027678940948070 session=51904537 seq=25 type=86 sequence=0 previous=0 uptime=143031
DBG_STACK_SAMPLE_BEGIN epoch=6458762704145168284 run=20 sample=20 kind=ble_backpressure owner=system_workqueue queue=1 custody=1 credit=0 retry=0 drain=1 src=11068027678940948070 dst=11068027678940948070 session=51904537 seq=25 type=86 uptime=143031
DBG_STACK_ISR_CONFIG size=8192 run=20 sample=20
DBG_STACK name=BT RX WQ tid=0x2000fe28 used=760 free=776 size=1536 ret=0 run=20 sample=20
DBG_STACK name=mesh_route tid=0x2000d560 used=5904 free=2288 size=8192 ret=0 run=20 sample=20
DBG_STACK name=sysworkq tid=0x20010d80 used=2408 free=2072 size=4480 ret=0 run=20 sample=20
DBG_STACK name=MPSL Work tid=0x20010b38 used=368 free=656 size=1024 ret=0 run=20 sample=20
DBG_STACK name=logging tid=0x2000f930 used=480 free=1568 size=2048 ret=0 run=20 sample=20
DBG_STACK name=idle tid=0x20010c10 used=64 free=256 size=320 ret=0 run=20 sample=20
DBG_STACK_SAMPLE_END run=20 sample=20
DBG_STACK_RUN_END epoch=6458762704145168284 run=20 kind=ble_backpressure owner=system_workqueue outcome=ack queue=2 custody=0 credit=1 retry=0 drain=2 src=11068027678940948070 dst=11068027678940948070 session=51904537 seq=25 type=86 samples=1 sequence=0 previous=0 uptime=143054
DBG_GATEWAY_BLE event=param-updated interval=36 latency=0 timeout_ms=420 uptime=143074
DBG_WAKE_TRAIN_CONFIG_BEGIN
DBG_DWM_INVALIDATE tag=configure_radio_from_reset active_phy=2 configured=1 awake=0
DBG_DWM_MARK_UNCONFIGURED tag=initialise_radio prev_phy=0
DBG_WAKE_TRAIN_CONFIG_OK
DBG_WAKE_TRAIN_FIRST_SEND_BEGIN
DBG_WAKE_TRAIN_FIRST_SEND_OK
DBG_UWB_TX_CH5
DBG_TX_WAKE_CLAIM_SENT
DBG_UWB_TX_CH5
DBG_TX_WAKE_CLAIM_SENT
DBG_STACK_RUN_BEGIN epoch=6458762704145168284 run=21 kind=ble_backpressure owner=system_workqueue queue=1 custody=1 credit=0 retry=0 drain=1 src=11068027678940948070 dst=11068027678940948070 session=51904538 seq=26 type=86 sequence=0 previous=0 uptime=143120
DBG_STACK_SAMPLE_BEGIN epoch=6458762704145168284 run=21 sample=21 kind=ble_backpressure owner=system_workqueue queue=1 custody=1 credit=0 retry=0 drain=1 src=11068027678940948070 dst=11068027678940948070 session=51904538 seq=26 type=86 uptime=143121
DBG_STACK_ISR_CONFIG size=8192 run=21 sample=21
DBG_STACK name=BT RX WQ tid=0x2000fe28 used=760 free=776 size=1536 ret=0 run=21 sample=21
DBG_STACK name=mesh_route tid=0x2000d560 used=5904 free=2288 size=8192 ret=0 run=21 sample=21
DBG_STACK name=sysworkq tid=0x20010d80 used=2408 free=2072 size=4480 ret=0 run=21 sample=21
DBG_STACK name=MPSL Work tid=0x20010b38 used=368 free=656 size=1024 ret=0 run=21 sample=21
DBG_STACK name=logging tid=0x2000f930 used=480 free=1568 size=2048 ret=0 run=21 sample=21
DBG_STACK name=idle tid=0x20010c10 used=64 free=256 size=320 ret=0 run=21 sample=21
DBG_STACK_SAMPLE_END run=21 sample=21
DBG_STACK_RUN_END epoch=6458762704145168284 run=21 kind=ble_backpressure owner=system_workqueue outcome=ack queue=1 custody=0 credit=1 retry=0 drain=1 src=11068027678940948070 dst=11068027678940948070 session=51904538 seq=26 type=86 samples=1 sequence=0 previous=0 uptime=143138
DBG_UWB_TX_CH5
DBG_TX_WAKE_CLAIM_SENT
DBG_UWB_TX_CH5
DBG_TX_WAKE_CLAIM_SENT
DBG_UWB_TX_CH5
DBG_TX_WAKE_CLAIM_SENT
DBG_UWB_TX_CH5
DBG_TX_WAKE_CLAIM_SENT
DBG_UWB_TX_CH5
DBG_TX_WAKE_CLAIM_SENT
DBG_UWB_TX_CH5
DBG_TX_WAKE_CLAIM_SENT
DBG_UWB_TX_CH5
DBG_TX_WAKE_CLAIM_SENT
DBG_UWB_TX_CH5
DBG_TX_WAKE_CLAIM_SENT
DBG_UWB_TX_CH5
DBG_TX_WAKE_CLAIM_SENT
DBG_UWB_TX_CH5
DBG_TX_WAKE_CLAIM_SENT
DBG_UWB_TX_CH5
DBG_TX_WAKE_CLAIM_SENT
DBG_UWB_TX_CH5
DBG_TX_WAKE_CLAIM_SENT
DBG_UWB_TX_CH5
DBG_TX_WAKE_CLAIM_SENT
DBG_UWB_TX_CH5
DBG_TX_WAKE_CLAIM_SENT
DBG_UWB_TX_CH5
DBG_TX_WAKE_CLAIM_SENT
DBG_UWB_TX_CH5
DBG_TX_WAKE_CLAIM_SENT
DBG_UWB_TX_CH5
DBG_TX_WAKE_CLAIM_SENT
DBG_UWB_TX_CH5
DBG_TX_WAKE_CLAIM_SENT
DBG_UWB_TX_CH5
DBG_TX_WAKE_CLAIM_SENT
DBG_UWB_TX_CH5
DBG_TX_WAKE_CLAIM_SENT
DBG_UWB_TX_CH5
DBG_TX_WAKE_CLAIM_SENT
DBG_UWB_TX_CH5
DBG_TX_WAKE_CLAIM_SENT
DBG_UWB_TX_CH5
DBG_TX_WAKE_CLAIM_SENT
DBG_UWB_TX_CH5
DBG_TX_WAKE_CLAIM_SENT
DBG_UWB_TX_CH5
DBG_TX_WAKE_CLAIM_SENT
DBG_UWB_TX_CH5
DBG_TX_WAKE_CLAIM_SENT
DBG_UWB_TX_CH5
DBG_TX_WAKE_CLAIM_SENT
DBG_UWB_TX_CH5
DBG_TX_WAKE_CLAIM_SENT
DBG_UWB_TX_CH5
DBG_TX_WAKE_CLAIM_SENT
DBG_UWB_TX_CH5
DBG_TX_WAKE_CLAIM_SENT
DBG_UWB_TX_CH5
DBG_TX_WAKE_CLAIM_SENT
DBG_UWB_TX_CH5
DBG_TX_WAKE_CLAIM_SENT
DBG_UWB_TX_CH5
DBG_TX_WAKE_CLAIM_SENT
DBG_UWB_TX_CH5
DBG_TX_WAKE_CLAIM_SENT
DBG_UWB_TX_CH5
DBG_TX_WAKE_CLAIM_SENT
DBG_UWB_TX_CH5
DBG_TX_WAKE_CLAIM_SENT
DBG_UWB_TX_CH5
DBG_TX_WAKE_CLAIM_SENT
DBG_UWB_TX_CH5
DBG_TX_WAKE_CLAIM_SENT
DBG_UWB_TX_CH5
DBG_TX_WAKE_CLAIM_SENT
DBG_UWB_TX_CH5
DBG_TX_WAKE_CLAIM_SENT
DBG_UWB_TX_CH5
DBG_TX_WAKE_CLAIM_SENT
DBG_UWB_TX_CH5
DBG_TX_WAKE_CLAIM_SENT
DBG_UWB_TX_CH5
DBG_TX_WAKE_CLAIM_SENT
DBG_UWB_TX_CH5
DBG_TX_WAKE_CLAIM_SENT
DBG_UWB_TX_CH5
DBG_TX_WAKE_CLAIM_SENT
DBG_UWB_TX_CH5
DBG_TX_WAKE_CLAIM_SENT
DBG_UWB_TX_CH5
DBG_TX_WAKE_CLAIM_SENT
DBG_UWB_TX_CH5
DBG_TX_WAKE_CLAIM_SENT
DBG_UWB_TX_CH5
DBG_TX_WAKE_CLAIM_SENT
DBG_UWB_TX_CH5
DBG_TX_WAKE_CLAIM_SENT
DBG_UWB_TX_CH5
DBG_TX_WAKE_CLAIM_SENT
DBG_UWB_TX_CH5
DBG_TX_WAKE_CLAIM_SENT
DBG_UWB_TX_CH5
DBG_TX_WAKE_CLAIM_SENT
DBG_UWB_TX_CH5
DBG_TX_WAKE_CLAIM_SENT
DBG_UWB_TX_CH5
DBG_TX_WAKE_CLAIM_SENT
DBG_UWB_TX_CH5
DBG_TX_WAKE_CLAIM_SENT
DBG_DWM_INVALIDATE tag=configure_radio_from_reset active_phy=2 configured=1 awake=1
DBG_DWM_MARK_UNCONFIGURED tag=initialise_radio prev_phy=0
DBG_DWM_INVALIDATE tag=configure_radio_from_reset active_phy=2 configured=1 awake=0
DBG_DWM_MARK_UNCONFIGURED tag=initialise_radio prev_phy=0
DBG_DWM_INVALIDATE tag=configure_radio_from_reset active_phy=2 configured=1 awake=0
DBG_DWM_MARK_UNCONFIGURED tag=initialise_radio prev_phy=0
DBG_DWM_WAKE_MESH_CTRL_OK sfd=4073
DBG_C5_TX_CONFIG ret=0 ext=1 len=178 msg=3c reason=bounded-c5-flood
DBG_UWB_TX_CH5
DBG_DWM_INVALIDATE tag=configure_radio_from_reset active_phy=4 configured=1 awake=0
DBG_DWM_MARK_UNCONFIGURED tag=initialise_radio prev_phy=0
DBG_DWM_WAKE_MESH_CTRL_OK sfd=4073
DBG_GATEWAY_RX_DECODE ch=5 msg=0x3c src=0x9999888877776666 dst=0x0 prev=0x708bc0aab970300e seq=3 flags=0x00 plen=125 q=100
DBG_UWB_RX_CH5
DBG_MESH_RX_QUEUED ch=5 msg=0x3c src=0x9999888877776666 dst=0x0 prev=0x708bc0aab970300e seq=3 q=1
DBG_ROUTE_ADV_QUEUED q=1 prev=0x708bc0aab970300e seq=3
DBG_MESH_RX_DEFERRED q=1 msg=0x3c
DBG_C5_FLOOD_DELAY_RX_YIELD queued=1 q=1 rem=40
DBG_GATEWAY_RX_START reason=gateway mesh restart active=1 qrx=1 qtx=0 adv_due=0
DBG_MESH_RX_WORK_WAIT q=1
DBG_MESH_RX_WORK_ENTER q=1
DBG_MESH_RX_DRAIN_ENTER owner=work q=1
DBG_MESH_RX_DRAIN_EXIT owner=work handled=0 q=0
DBG_MESH_RX_WORK_EXIT handled=0 q=0
DBG_COORD state=gateway-rx owner=uwb-rx reason=gateway-rx rx=0 tx=0 relay=0 route=0 ack=0 qack=0
DBG_GATEWAY_CH9_RX_CONT_CAP now=143668 win=9 adv_wait=9 due=143677
DBG_DWM_INVALIDATE tag=configure_radio_from_reset active_phy=4 configured=1 awake=1
DBG_DWM_MARK_UNCONFIGURED tag=initialise_radio prev_phy=0
DBG_GATEWAY_CH9_RX_CONT_ARM now=143694 rem=9 frames=0 errors=0
DBG_GATEWAY_CH9_RX_CONT_RESULT start=143694 end=143703 ret=-116 fail=0 status=0x02000000 len=0 frames=0
DBG_GATEWAY_CH9_RX_DONE_YIELD_ADV now=143704 due=143677
DBG_ROUTE_REFRESH_RX_HANDOFF_READY abort=0
DBG_COORD state=idle owner=c5-flood reason=idle rx=0 tx=0 relay=0 route=0 ack=0 qack=0
DBG_DWM_INVALIDATE tag=configure_radio_from_reset active_phy=3 configured=1 awake=1
DBG_DWM_MARK_UNCONFIGURED tag=initialise_radio prev_phy=0
DBG_DWM_INVALIDATE tag=configure_radio_from_reset active_phy=2 configured=1 awake=0
DBG_DWM_MARK_UNCONFIGURED tag=initialise_radio prev_phy=0
DBG_DWM_WAKE_MESH_CTRL_OK sfd=4073
DBG_C5_TX_CONFIG ret=0 ext=1 len=178 msg=3c reason=bounded-c5-flood
DBG_UWB_TX_CH5
DBG_DWM_INVALIDATE tag=configure_radio_from_reset active_phy=4 configured=1 awake=0
DBG_DWM_MARK_UNCONFIGURED tag=initialise_radio prev_phy=0
DBG_DWM_WAKE_MESH_CTRL_OK sfd=4073
DBG_DWM_INVALIDATE tag=configure_radio_from_reset active_phy=4 configured=1 awake=0
DBG_DWM_MARK_UNCONFIGURED tag=initialise_radio prev_phy=0
DBG_GATEWAY_RX_START reason=gateway mesh restart active=1 qrx=0 qtx=0 adv_due=0
DBG_COORD state=gateway-rx owner=uwb-rx reason=gateway-rx rx=0 tx=0 relay=0 route=0 ack=0 qack=0
DBG_GATEWAY_CH9_RX_CONT_CAP now=143852 win=10 adv_wait=10 due=143862
DBG_DWM_INVALIDATE tag=configure_radio_from_reset active_phy=2 configured=1 awake=1
DBG_DWM_MARK_UNCONFIGURED tag=initialise_radio prev_phy=0
DBG_GATEWAY_CH9_RX_CONT_ARM now=143877 rem=10 frames=0 errors=0
DBG_GATEWAY_CH9_RX_CONT_RESULT start=143877 end=143888 ret=-116 fail=0 status=0x02000000 len=0 frames=0
DBG_GATEWAY_CH9_RX_DONE_YIELD_ADV now=143888 due=143862
DBG_ROUTE_REFRESH_RX_HANDOFF_READY abort=0
DBG_COORD state=idle owner=c5-flood reason=idle rx=0 tx=0 relay=0 route=0 ack=0 qack=0
DBG_DWM_INVALIDATE tag=configure_radio_from_reset active_phy=3 configured=1 awake=1
DBG_DWM_MARK_UNCONFIGURED tag=initialise_radio prev_phy=0
DBG_DWM_WAKE_MESH_CTRL_OK sfd=4073
DBG_DWM_INVALIDATE tag=configure_radio_from_reset active_phy=4 configured=1 awake=0
DBG_DWM_MARK_UNCONFIGURED tag=initialise_radio prev_phy=0
DBG_DWM_INVALIDATE tag=configure_radio_from_reset active_phy=2 configured=1 awake=0
DBG_DWM_MARK_UNCONFIGURED tag=initialise_radio prev_phy=0
DBG_DWM_WAKE_MESH_CTRL_OK sfd=4073
DBG_C5_TX_CONFIG ret=0 ext=1 len=178 msg=3c reason=bounded-c5-flood
DBG_UWB_TX_CH5
DBG_DWM_INVALIDATE tag=configure_radio_from_reset active_phy=4 configured=1 awake=0
DBG_DWM_MARK_UNCONFIGURED tag=initialise_radio prev_phy=0
DBG_DWM_WAKE_MESH_CTRL_OK sfd=4073
DBG_GATEWAY_RX_DECODE ch=5 msg=0x3c src=0x9999888877776666 dst=0x0 prev=0x708bc0aab970300e seq=3 flags=0x00 plen=125 q=100
DBG_UWB_RX_CH5
DBG_MESH_RX_QUEUED ch=5 msg=0x3c src=0x9999888877776666 dst=0x0 prev=0x708bc0aab970300e seq=3 q=1
DBG_ROUTE_ADV_QUEUED q=1 prev=0x708bc0aab970300e seq=3
DBG_MESH_RX_DEFERRED q=1 msg=0x3c
DBG_C5_FLOOD_DELAY_RX_YIELD queued=1 q=1 rem=40
DBG_GATEWAY_RX_START reason=gateway mesh restart active=1 qrx=1 qtx=0 adv_due=0
DBG_MESH_RX_WORK_WAIT q=1
DBG_MESH_RX_WORK_ENTER q=1
DBG_MESH_RX_DRAIN_ENTER owner=work q=1
DBG_MESH_RX_DRAIN_EXIT owner=work handled=0 q=0
DBG_MESH_RX_WORK_EXIT handled=0 q=0
DBG_COORD state=gateway-rx owner=uwb-rx reason=gateway-rx rx=0 tx=0 relay=0 route=0 ack=0 qack=0
DBG_GATEWAY_CH9_RX_CONT_CAP now=144005 win=9 adv_wait=9 due=144014
DBG_DWM_INVALIDATE tag=configure_radio_from_reset active_phy=4 configured=1 awake=1
DBG_DWM_MARK_UNCONFIGURED tag=initialise_radio prev_phy=0
DBG_GATEWAY_CH9_RX_CONT_ARM now=144030 rem=9 frames=0 errors=0
DBG_GATEWAY_CH9_RX_CONT_RESULT start=144030 end=144040 ret=-116 fail=0 status=0x02000000 len=0 frames=0
DBG_GATEWAY_CH9_RX_DONE_YIELD_ADV now=144040 due=144014
DBG_ROUTE_REFRESH_RX_HANDOFF_READY abort=0
DBG_COORD state=idle owner=c5-flood reason=idle rx=0 tx=0 relay=0 route=0 ack=0 qack=0
DBG_DWM_INVALIDATE tag=configure_radio_from_reset active_phy=3 configured=1 awake=1
DBG_DWM_MARK_UNCONFIGURED tag=initialise_radio prev_phy=0
DBG_DWM_INVALIDATE tag=configure_radio_from_reset active_phy=2 configured=1 awake=0
DBG_DWM_MARK_UNCONFIGURED tag=initialise_radio prev_phy=0
DBG_DWM_WAKE_MESH_CTRL_OK sfd=4073
DBG_C5_TX_CONFIG ret=0 ext=1 len=178 msg=3c reason=bounded-c5-flood
DBG_UWB_TX_CH5
DBG_GATEWAY_RX_START reason=gateway mesh restart active=1 qrx=0 qtx=0 adv_due=0
DBG_STACK_RUN_BEGIN epoch=6458762704145168284 run=22 kind=ble_backpressure owner=system_workqueue queue=1 custody=1 credit=0 retry=0 drain=1 src=11068027678940948070 dst=11068027678940948070 session=51904540 seq=28 type=86 sequence=0 previous=0 uptime=144096
DBG_STACK_SAMPLE_BEGIN epoch=6458762704145168284 run=22 sample=22 kind=ble_backpressure owner=system_workqueue queue=1 custody=1 credit=0 retry=0 drain=1 src=11068027678940948070 dst=11068027678940948070 session=51904540 seq=28 type=86 uptime=144097
DBG_STACK_ISR_CONFIG size=8192 run=22 sample=22
DBG_STACK name=BT RX WQ tid=0x2000fe28 used=760 free=776 size=1536 ret=0 run=22 sample=22
DBG_STACK name=mesh_route tid=0x2000d560 used=5904 free=2288 size=8192 ret=0 run=22 sample=22
DBG_STACK name=sysworkq tid=0x20010d80 used=2408 free=2072 size=4480 ret=0 run=22 sample=22
DBG_STACK name=MPSL Work tid=0x20010b38 used=368 free=656 size=1024 ret=0 run=22 sample=22
DBG_STACK name=logging tid=0x2000f930 used=480 free=1568 size=2048 ret=0 run=22 sample=22
DBG_STACK name=idle tid=0x20010c10 used=64 free=256 size=320 ret=0 run=22 sample=22
DBG_STACK_SAMPLE_END run=22 sample=22
DBG_STACK_RUN_END epoch=6458762704145168284 run=22 kind=ble_backpressure owner=system_workqueue outcome=ack queue=1 custody=0 credit=1 retry=0 drain=1 src=11068027678940948070 dst=11068027678940948070 session=51904540 seq=28 type=86 samples=1 sequence=0 previous=0 uptime=144122
DBG_GATEWAY_CH9_RX_CONT_ARM now=144126 rem=500 frames=0 errors=0
DBG_GATEWAY_CH9_RX_CONT_RESULT start=144126 end=144627 ret=-116 fail=0 status=0x02000000 len=0 frames=0
DBG_GATEWAY_CH9_RX_CONT_CAP now=144629 win=943 adv_wait=943 due=145572
DBG_GATEWAY_CH9_RX_CONT_ARM now=144629 rem=500 frames=0 errors=0
DBG_GATEWAY_CH9_RX_CONT_RESULT start=144629 end=145130 ret=-116 fail=0 status=0x00000000 len=0 frames=0
DBG_GATEWAY_CH9_RX_CONT_CAP now=145132 win=440 adv_wait=440 due=145572
DBG_GATEWAY_CH9_RX_CONT_ARM now=145132 rem=440 frames=0 errors=0
DBG_GATEWAY_CH9_RX_CONT_RESULT start=145132 end=145573 ret=-116 fail=0 status=0x00000000 len=0 frames=0
DBG_GATEWAY_CH9_RX_DONE_YIELD_ADV now=145574 due=145572
DBG_STACK_RUN_BEGIN epoch=6458762704145168284 run=23 kind=ble_backpressure owner=system_workqueue queue=1 custody=1 credit=0 retry=0 drain=1 src=11068027678940948070 dst=11068027678940948070 session=1127225244 seq=6044 type=65 sequence=0 previous=0 uptime=145574
DBG_STACK_SAMPLE_BEGIN epoch=6458762704145168284 run=23 sample=23 kind=ble_backpressure owner=system_workqueue queue=1 custody=1 credit=0 retry=0 drain=1 src=11068027678940948070 dst=11068027678940948070 session=1127225244 seq=6044 type=65 uptime=145575
DBG_STACK_ISR_CONFIG size=8192 run=23 sample=23
DBG_STACK name=BT RX WQ tid=0x2000fe28 used=760 free=776 size=1536 ret=0 run=23 sample=23
DBG_STACK name=mesh_route tid=0x2000d560 used=5904 free=2288 size=8192 ret=0 run=23 sample=23
DBG_STACK name=sysworkq tid=0x20010d80 used=2408 free=2072 size=4480 ret=0 run=23 sample=23
DBG_STACK name=MPSL Work tid=0x20010b38 used=368 free=656 size=1024 ret=0 run=23 sample=23
DBG_STACK name=logging tid=0x2000f930 used=480 free=1568 size=2048 ret=0 run=23 sample=23
DBG_STACK name=idle tid=0x20010c10 used=64 free=256 size=320 ret=0 run=23 sample=23
DBG_STACK_SAMPLE_END run=23 sample=23
DBG_STACK_RUN_END epoch=6458762704145168284 run=23 kind=ble_backpressure owner=system_workqueue outcome=ack queue=2 custody=0 credit=1 retry=0 drain=2 src=11068027678940948070 dst=11068027678940948070 session=1127225244 seq=6044 type=65 samples=1 sequence=0 previous=0 uptime=145601
DBG_STACK_RUN_BEGIN epoch=6458762704145168284 run=24 kind=ble_backpressure owner=system_workqueue queue=1 custody=1 credit=0 retry=0 drain=1 src=11068027678940948070 dst=11068027678940948070 session=51904541 seq=29 type=86 sequence=0 previous=0 uptime=145685
DBG_STACK_SAMPLE_BEGIN epoch=6458762704145168284 run=24 sample=24 kind=ble_backpressure owner=system_workqueue queue=1 custody=1 credit=0 retry=0 drain=1 src=11068027678940948070 dst=11068027678940948070 session=51904541 seq=29 type=86 uptime=145686
DBG_STACK_ISR_CONFIG size=8192 run=24 sample=24
DBG_STACK name=BT RX WQ tid=0x2000fe28 used=760 free=776 size=1536 ret=0 run=24 sample=24
DBG_STACK name=mesh_route tid=0x2000d560 used=5904 free=2288 size=8192 ret=0 run=24 sample=24
DBG_STACK name=sysworkq tid=0x20010d80 used=2408 free=2072 size=4480 ret=0 run=24 sample=24
DBG_STACK name=MPSL Work tid=0x20010b38 used=368 free=656 size=1024 ret=0 run=24 sample=24
DBG_STACK name=logging tid=0x2000f930 used=480 free=1568 size=2048 ret=0 run=24 sample=24
DBG_STACK name=idle tid=0x20010c10 used=64 free=256 size=320 ret=0 run=24 sample=24
DBG_STACK_SAMPLE_END run=24 sample=24
DBG_STACK_RUN_END epoch=6458762704145168284 run=24 kind=ble_backpressure owner=system_workqueue outcome=ack queue=1 custody=0 credit=1 retry=0 drain=1 src=11068027678940948070 dst=11068027678940948070 session=51904541 seq=29 type=86 samples=1 sequence=0 previous=0 uptime=145706
DBG_GATEWAY_COMMAND_PRIORITY_SUBMIT ret=0 now=145865
DBG_STACK_RUN_BEGIN epoch=6458762704145168284 run=25 kind=ble_backpressure owner=system_workqueue queue=1 custody=1 credit=0 retry=0 drain=1 src=11068027678940948070 dst=11068027678940948070 session=51904542 seq=30 type=86 sequence=0 previous=0 uptime=145866
DBG_STACK_SAMPLE_BEGIN epoch=6458762704145168284 run=25 sample=25 kind=ble_backpressure owner=system_workqueue queue=1 custody=1 credit=0 retry=0 drain=1 src=11068027678940948070 dst=11068027678940948070 session=51904542 seq=30 type=86 uptime=145866
DBG_STACK_ISR_CONFIG size=8192 run=25 sample=25
DBG_STACK name=BT RX WQ tid=0x2000fe28 used=760 free=776 size=1536 ret=0 run=25 sample=25
DBG_STACK name=mesh_route tid=0x2000d560 used=5904 free=2288 size=8192 ret=0 run=25 sample=25
DBG_STACK name=sysworkq tid=0x20010d80 used=2408 free=2072 size=4480 ret=0 run=25 sample=25
DBG_STACK name=MPSL Work tid=0x20010b38 used=368 free=656 size=1024 ret=0 run=25 sample=25
DBG_STACK name=logging tid=0x2000f930 used=480 free=1568 size=2048 ret=0 run=25 sample=25
DBG_STACK name=idle tid=0x20010c10 used=64 free=256 size=320 ret=0 run=25 sample=25
DBG_STACK_SAMPLE_END run=25 sample=25
DBG_STACK_RUN_END epoch=6458762704145168284 run=25 kind=ble_backpressure owner=system_workqueue outcome=ack queue=3 custody=0 credit=1 retry=0 drain=3 src=11068027678940948070 dst=11068027678940948070 session=51904542 seq=30 type=86 samples=1 sequence=0 previous=0 uptime=145878
DBG_STACK_RUN_BEGIN epoch=6458762704145168284 run=26 kind=ble_backpressure owner=system_workqueue queue=2 custody=2 credit=0 retry=0 drain=2 src=11068027678940948070 dst=11068027678940948070 session=51904543 seq=31 type=86 sequence=0 previous=0 uptime=145955
DBG_STACK_SAMPLE_BEGIN epoch=6458762704145168284 run=26 sample=26 kind=ble_backpressure owner=system_workqueue queue=2 custody=2 credit=0 retry=0 drain=2 src=11068027678940948070 dst=11068027678940948070 session=51904543 seq=31 type=86 uptime=145956
DBG_STACK_ISR_CONFIG size=8192 run=26 sample=26
DBG_STACK name=BT RX WQ tid=0x2000fe28 used=760 free=776 size=1536 ret=0 run=26 sample=26
DBG_STACK name=mesh_route tid=0x2000d560 used=5904 free=2288 size=8192 ret=0 run=26 sample=26
DBG_STACK name=sysworkq tid=0x20010d80 used=2408 free=2072 size=4480 ret=0 run=26 sample=26
DBG_STACK name=MPSL Work tid=0x20010b38 used=368 free=656 size=1024 ret=0 run=26 sample=26
DBG_STACK name=logging tid=0x2000f930 used=480 free=1568 size=2048 ret=0 run=26 sample=26
DBG_STACK name=idle tid=0x20010c10 used=64 free=256 size=320 ret=0 run=26 sample=26
DBG_STACK_SAMPLE_END run=26 sample=26
DBG_STACK_RUN_END epoch=6458762704145168284 run=26 kind=ble_backpressure owner=system_workqueue outcome=ack queue=2 custody=0 credit=1 retry=0 drain=2 src=11068027678940948070 dst=11068027678940948070 session=51904543 seq=31 type=86 samples=1 sequence=0 previous=0 uptime=145967
DBG_STACK_RUN_BEGIN epoch=6458762704145168284 run=27 kind=ble_backpressure owner=system_workqueue queue=1 custody=1 credit=0 retry=0 drain=1 src=11068027678940948070 dst=11068027678940948070 session=51904545 seq=33 type=86 sequence=0 previous=0 uptime=146045
DBG_STACK_SAMPLE_BEGIN epoch=6458762704145168284 run=27 sample=27 kind=ble_backpressure owner=system_workqueue queue=1 custody=1 credit=0 retry=0 drain=1 src=11068027678940948070 dst=11068027678940948070 session=51904545 seq=33 type=86 uptime=146046
DBG_STACK_ISR_CONFIG size=8192 run=27 sample=27
DBG_STACK name=BT RX WQ tid=0x2000fe28 used=760 free=776 size=1536 ret=0 run=27 sample=27
DBG_STACK name=mesh_route tid=0x2000d560 used=5904 free=2288 size=8192 ret=0 run=27 sample=27
DBG_STACK name=sysworkq tid=0x20010d80 used=2408 free=2072 size=4480 ret=0 run=27 sample=27
DBG_STACK name=MPSL Work tid=0x20010b38 used=368 free=656 size=1024 ret=0 run=27 sample=27
DBG_STACK name=logging tid=0x2000f930 used=480 free=1568 size=2048 ret=0 run=27 sample=27
DBG_STACK name=idle tid=0x20010c10 used=64 free=256 size=320 ret=0 run=27 sample=27
DBG_STACK_SAMPLE_END run=27 sample=27
DBG_STACK_RUN_END epoch=6458762704145168284 run=27 kind=ble_backpressure owner=system_workqueue outcome=ack queue=1 custody=0 credit=1 retry=0 drain=1 src=11068027678940948070 dst=11068027678940948070 session=51904545 seq=33 type=86 samples=1 sequence=0 previous=0 uptime=146056
DBG_GATEWAY_CH9_RX_CONT_RESULT start=145871 end=146372 ret=-116 fail=0 status=0x00000000 len=0 frames=0
DBG_GATEWAY_COMMAND_PRIORITY_SUBMIT ret=0 now=146373
DBG_GATEWAY_CH9_RX_CONT_ARM now=146374 rem=500 frames=0 errors=0
DBG_GATEWAY_CH9_RX_CONT_RESULT start=146374 end=146375 ret=-140 fail=0 status=0x00000000 len=0 frames=0
DBG_GATEWAY_CH9_RX_COMMAND_PREEMPT now=146376 rem=500 frames=0
DBG_GATEWAY_CH9_RX_CONT_DONE ret=-140 len=0 fail=0 recover=0
DBG_NC o=0000000000000004 g=00000004 w=00 e=0000003c s=00000005 q=0000>0004 r=00000000 f=00000024 t=00000000 p=00000000 a=00
DBG_NODE_COMM_SUBMIT handle=4 profile=0 token=17039364 deadline=156376
DBG_ENUM_FLOOD kind=1 handle=4
DBG_ENUM_CLAIM_TX epoch=51904544 round=1 max_hop=5 first_wait_ms=1125 ceiling_ms=8125 ret=0
DBG_NODE_COMM_TX_BEGIN handle=4 profile=0 msg=64 dst=0x0 seq=4
DBG_CONTROL_RX_HANDOFF_READY abort=0
DBG_COORD state=idle owner=c5-flood reason=idle rx=0 tx=0 relay=0 route=0 ack=0 qack=0
DBG_WAKE_TRAIN_GUARD_OK
DBG_DWM_MARK_UNCONFIGURED tag=initialise_radio prev_phy=0
DBG_WAKE_TRAIN_CONFIG_BEGIN
DBG_DWM_INVALIDATE tag=configure_radio_from_reset active_phy=2 configured=1 awake=0
DBG_DWM_MARK_UNCONFIGURED tag=initialise_radio prev_phy=0
DBG_WAKE_TRAIN_CONFIG_OK
DBG_WAKE_TRAIN_FIRST_SEND_BEGIN
DBG_WAKE_TRAIN_FIRST_SEND_OK
DBG_UWB_TX_CH5
DBG_TX_WAKE_CLAIM_SENT
DBG_UWB_TX_CH5
DBG_TX_WAKE_CLAIM_SENT
DBG_UWB_TX_CH5
DBG_TX_WAKE_CLAIM_SENT
DBG_UWB_TX_CH5
DBG_TX_WAKE_CLAIM_SENT
DBG_UWB_TX_CH5
DBG_TX_WAKE_CLAIM_SENT
DBG_UWB_TX_CH5
DBG_TX_WAKE_CLAIM_SENT
DBG_UWB_TX_CH5
DBG_TX_WAKE_CLAIM_SENT
DBG_UWB_TX_CH5
DBG_TX_WAKE_CLAIM_SENT
DBG_UWB_TX_CH5
DBG_TX_WAKE_CLAIM_SENT
DBG_UWB_TX_CH5
DBG_TX_WAKE_CLAIM_SENT
DBG_UWB_TX_CH5
DBG_TX_WAKE_CLAIM_SENT
DBG_UWB_TX_CH5
DBG_TX_WAKE_CLAIM_SENT
DBG_UWB_TX_CH5
DBG_TX_WAKE_CLAIM_SENT
DBG_UWB_TX_CH5
DBG_TX_WAKE_CLAIM_SENT
DBG_UWB_TX_CH5
DBG_TX_WAKE_CLAIM_SENT
DBG_UWB_TX_CH5
DBG_TX_WAKE_CLAIM_SENT
DBG_UWB_TX_CH5
DBG_TX_WAKE_CLAIM_SENT
DBG_UWB_TX_CH5
DBG_TX_WAKE_CLAIM_SENT
DBG_UWB_TX_CH5
DBG_TX_WAKE_CLAIM_SENT
DBG_UWB_TX_CH5
DBG_TX_WAKE_CLAIM_SENT
DBG_UWB_TX_CH5
DBG_TX_WAKE_CLAIM_SENT
DBG_UWB_TX_CH5
DBG_TX_WAKE_CLAIM_SENT
DBG_UWB_TX_CH5
DBG_TX_WAKE_CLAIM_SENT
DBG_UWB_TX_CH5
DBG_TX_WAKE_CLAIM_SENT
DBG_UWB_TX_CH5
DBG_TX_WAKE_CLAIM_SENT
DBG_UWB_TX_CH5
DBG_TX_WAKE_CLAIM_SENT
DBG_UWB_TX_CH5
DBG_TX_WAKE_CLAIM_SENT
DBG_UWB_TX_CH5
DBG_TX_WAKE_CLAIM_SENT
DBG_UWB_TX_CH5
DBG_TX_WAKE_CLAIM_SENT
DBG_UWB_TX_CH5
DBG_TX_WAKE_CLAIM_SENT
DBG_UWB_TX_CH5
DBG_TX_WAKE_CLAIM_SENT
DBG_UWB_TX_CH5
DBG_TX_WAKE_CLAIM_SENT
DBG_UWB_TX_CH5
DBG_TX_WAKE_CLAIM_SENT
DBG_UWB_TX_CH5
DBG_TX_WAKE_CLAIM_SENT
DBG_UWB_TX_CH5
DBG_TX_WAKE_CLAIM_SENT
DBG_UWB_TX_CH5
DBG_TX_WAKE_CLAIM_SENT
DBG_UWB_TX_CH5
DBG_TX_WAKE_CLAIM_SENT
DBG_UWB_TX_CH5
DBG_TX_WAKE_CLAIM_SENT
DBG_UWB_TX_CH5
DBG_TX_WAKE_CLAIM_SENT
DBG_UWB_TX_CH5
DBG_TX_WAKE_CLAIM_SENT
DBG_GATEWAY_BLE event=param-updated interval=36 latency=0 timeout_ms=12000 uptime=146719
DBG_UWB_TX_CH5
DBG_TX_WAKE_CLAIM_SENT
DBG_UWB_TX_CH5
DBG_TX_WAKE_CLAIM_SENT
DBG_UWB_TX_CH5
DBG_TX_WAKE_CLAIM_SENT
DBG_UWB_TX_CH5
DBG_TX_WAKE_CLAIM_SENT
DBG_UWB_TX_CH5
DBG_TX_WAKE_CLAIM_SENT
DBG_UWB_TX_CH5
DBG_TX_WAKE_CLAIM_SENT
DBG_UWB_TX_CH5
DBG_TX_WAKE_CLAIM_SENT
DBG_UWB_TX_CH5
DBG_TX_WAKE_CLAIM_SENT
DBG_UWB_TX_CH5
DBG_TX_WAKE_CLAIM_SENT
DBG_UWB_TX_CH5
DBG_TX_WAKE_CLAIM_SENT
DBG_UWB_TX_CH5
DBG_TX_WAKE_CLAIM_SENT
DBG_UWB_TX_CH5
DBG_TX_WAKE_CLAIM_SENT
DBG_UWB_TX_CH5
DBG_TX_WAKE_CLAIM_SENT
DBG_UWB_TX_CH5
DBG_TX_WAKE_CLAIM_SENT
DBG_UWB_TX_CH5
DBG_TX_WAKE_CLAIM_SENT
DBG_UWB_TX_CH5
DBG_TX_WAKE_CLAIM_SENT
DBG_UWB_TX_CH5
DBG_TX_WAKE_CLAIM_SENT
DBG_UWB_TX_CH5
DBG_TX_WAKE_CLAIM_SENT
DBG_UWB_TX_CH5
DBG_TX_WAKE_CLAIM_SENT
DBG_UWB_TX_CH5
DBG_TX_WAKE_CLAIM_SENT
DBG_UWB_TX_CH5
DBG_TX_WAKE_CLAIM_SENT
DBG_UWB_TX_CH5
DBG_TX_WAKE_CLAIM_SENT
DBG_UWB_TX_CH5
DBG_TX_WAKE_CLAIM_SENT
DBG_UWB_TX_CH5
DBG_TX_WAKE_CLAIM_SENT
DBG_UWB_TX_CH5
DBG_TX_WAKE_CLAIM_SENT
DBG_UWB_TX_CH5
DBG_TX_WAKE_CLAIM_SENT
DBG_UWB_TX_CH5
DBG_TX_WAKE_CLAIM_SENT
DBG_UWB_TX_CH5
DBG_TX_WAKE_CLAIM_SENT
DBG_UWB_TX_CH5
DBG_TX_WAKE_CLAIM_SENT
DBG_UWB_TX_CH5
DBG_TX_WAKE_CLAIM_SENT
DBG_UWB_TX_CH5
DBG_TX_WAKE_CLAIM_SENT
DBG_UWB_TX_CH5
DBG_TX_WAKE_CLAIM_SENT
DBG_UWB_TX_CH5
DBG_TX_WAKE_CLAIM_SENT
DBG_UWB_TX_CH5
DBG_TX_WAKE_CLAIM_SENT
DBG_UWB_TX_CH5
DBG_TX_WAKE_CLAIM_SENT
DBG_UWB_TX_CH5
DBG_TX_WAKE_CLAIM_SENT
DBG_UWB_TX_CH5
DBG_TX_WAKE_CLAIM_SENT
DBG_UWB_TX_CH5
DBG_TX_WAKE_CLAIM_SENT
DBG_UWB_TX_CH5
DBG_TX_WAKE_CLAIM_SENT
DBG_UWB_TX_CH5
DBG_TX_WAKE_CLAIM_SENT
DBG_UWB_TX_CH5
DBG_TX_WAKE_CLAIM_SENT
DBG_UWB_TX_CH5
DBG_TX_WAKE_CLAIM_SENT
DBG_UWB_TX_CH5
DBG_TX_WAKE_CLAIM_SENT
DBG_UWB_TX_CH5
DBG_TX_WAKE_CLAIM_SENT
DBG_UWB_TX_CH5
DBG_TX_WAKE_CLAIM_SENT
DBG_UWB_TX_CH5
DBG_TX_WAKE_CLAIM_SENT
DBG_UWB_TX_CH5
DBG_TX_WAKE_CLAIM_SENT
DBG_UWB_TX_CH5
DBG_TX_WAKE_CLAIM_SENT
DBG_UWB_TX_CH5
DBG_TX_WAKE_CLAIM_SENT
DBG_UWB_TX_CH5
DBG_TX_WAKE_CLAIM_SENT
DBG_UWB_TX_CH5
DBG_TX_WAKE_CLAIM_SENT
DBG_UWB_TX_CH5
DBG_TX_WAKE_CLAIM_SENT
DBG_UWB_TX_CH5
DBG_TX_WAKE_CLAIM_SENT
DBG_UWB_TX_CH5
DBG_TX_WAKE_CLAIM_SENT
DBG_UWB_TX_CH5
DBG_TX_WAKE_CLAIM_SENT
DBG_UWB_TX_CH5
DBG_TX_WAKE_CLAIM_SENT
DBG_UWB_TX_CH5
DBG_TX_WAKE_CLAIM_SENT
DBG_UWB_TX_CH5
DBG_TX_WAKE_CLAIM_SENT
DBG_UWB_TX_CH5
DBG_TX_WAKE_CLAIM_SENT
DBG_UWB_TX_CH5
DBG_TX_WAKE_CLAIM_SENT
DBG_UWB_TX_CH5
DBG_TX_WAKE_CLAIM_SENT
DBG_UWB_TX_CH5
DBG_TX_WAKE_CLAIM_SENT
DBG_UWB_TX_CH5
DBG_TX_WAKE_CLAIM_SENT
DBG_UWB_TX_CH5
DBG_TX_WAKE_CLAIM_SENT
DBG_UWB_TX_CH5
DBG_TX_WAKE_CLAIM_SENT
DBG_UWB_TX_CH5
DBG_TX_WAKE_CLAIM_SENT
DBG_UWB_TX_CH5
DBG_TX_WAKE_CLAIM_SENT
DBG_UWB_TX_CH5
DBG_TX_WAKE_CLAIM_SENT
DBG_UWB_TX_CH5
DBG_TX_WAKE_CLAIM_SENT
DBG_UWB_TX_CH5
DBG_TX_WAKE_CLAIM_SENT
DBG_UWB_TX_CH5
DBG_TX_WAKE_CLAIM_SENT
DBG_UWB_TX_CH5
DBG_TX_WAKE_CLAIM_SENT
DBG_UWB_TX_CH5
DBG_TX_WAKE_CLAIM_SENT
DBG_UWB_TX_CH5
DBG_TX_WAKE_CLAIM_SENT
DBG_UWB_TX_CH5
DBG_TX_WAKE_CLAIM_SENT
DBG_UWB_TX_CH5
DBG_TX_WAKE_CLAIM_SENT
DBG_UWB_TX_CH5
DBG_TX_WAKE_CLAIM_SENT
DBG_UWB_TX_CH5
DBG_TX_WAKE_CLAIM_SENT
DBG_UWB_TX_CH5
DBG_TX_WAKE_CLAIM_SENT
DBG_UWB_TX_CH5
DBG_TX_WAKE_CLAIM_SENT
DBG_UWB_TX_CH5
DBG_TX_WAKE_CLAIM_SENT
DBG_UWB_TX_CH5
DBG_TX_WAKE_CLAIM_SENT
DBG_UWB_TX_CH5
DBG_TX_WAKE_CLAIM_SENT
DBG_UWB_TX_CH5
DBG_TX_WAKE_CLAIM_SENT
DBG_UWB_TX_CH5
DBG_TX_WAKE_CLAIM_SENT
DBG_UWB_TX_CH5
DBG_TX_WAKE_CLAIM_SENT
DBG_UWB_TX_CH5
DBG_TX_WAKE_CLAIM_SENT
DBG_UWB_TX_CH5
DBG_TX_WAKE_CLAIM_SENT
DBG_UWB_TX_CH5
DBG_TX_WAKE_CLAIM_SENT
DBG_UWB_TX_CH5
DBG_TX_WAKE_CLAIM_SENT
DBG_UWB_TX_CH5
DBG_TX_WAKE_CLAIM_SENT
DBG_UWB_TX_CH5
DBG_TX_WAKE_CLAIM_SENT
DBG_UWB_TX_CH5
DBG_TX_WAKE_CLAIM_SENT
DBG_UWB_TX_CH5
DBG_TX_WAKE_CLAIM_SENT
DBG_UWB_TX_CH5
DBG_TX_WAKE_CLAIM_SENT
DBG_UWB_TX_CH5
DBG_TX_WAKE_CLAIM_SENT
DBG_UWB_TX_CH5
DBG_TX_WAKE_CLAIM_SENT
DBG_UWB_TX_CH5
DBG_TX_WAKE_CLAIM_SENT
DBG_UWB_TX_CH5
DBG_TX_WAKE_CLAIM_SENT
DBG_UWB_TX_CH5
DBG_TX_WAKE_CLAIM_SENT
DBG_UWB_TX_CH5
DBG_TX_WAKE_CLAIM_SENT
DBG_UWB_TX_CH5
DBG_TX_WAKE_CLAIM_SENT
DBG_UWB_TX_CH5
DBG_TX_WAKE_CLAIM_SENT
DBG_UWB_TX_CH5
DBG_TX_WAKE_CLAIM_SENT
DBG_UWB_TX_CH5
DBG_TX_WAKE_CLAIM_SENT
DBG_UWB_TX_CH5
DBG_TX_WAKE_CLAIM_SENT
DBG_UWB_TX_CH5
DBG_TX_WAKE_CLAIM_SENT
DBG_UWB_TX_CH5
DBG_TX_WAKE_CLAIM_SENT
DBG_DWM_INVALIDATE tag=configure_radio_from_reset active_phy=2 configured=1 awake=1
DBG_DWM_MARK_UNCONFIGURED tag=initialise_radio prev_phy=0
DBG_C5_CONTROL_FOLLOWUP_TURNAROUND delay=60 msg=40 reason=node-comm-bounded-control-flood
DBG_DWM_INVALIDATE tag=configure_radio_from_reset active_phy=2 configured=1 awake=0
DBG_DWM_MARK_UNCONFIGURED tag=initialise_radio prev_phy=0
DBG_DWM_INVALIDATE tag=configure_radio_from_reset active_phy=2 configured=1 awake=0
DBG_DWM_MARK_UNCONFIGURED tag=initialise_radio prev_phy=0
DBG_DWM_WAKE_MESH_CTRL_OK sfd=4073
DBG_C5_TX_CONFIG ret=0 ext=1 len=136 msg=40 reason=bounded-c5-flood
DBG_UWB_TX_CH5
DBG_NC o=0000000000000004 g=00000004 w=00 e=00000022 s=00000005 q=0004>0005 r=00000000 f=00000001 t=00000000 p=00000000 a=00
DBG_NC o=0000000000000004 g=00000004 w=00 e=00000042 s=00000005 q=0005>0006 r=00000000 f=00000001 t=00000000 p=00000000 a=00
DBG_NODE_COMM_ATTEMPT handle=4 profile=0 attempt=1 ret=0 rf=1 scheduled=0 state=0
DBG_GATEWAY_RX_START reason=gateway mesh restart active=1 qrx=0 qtx=0 adv_due=0
DBG_ENUM_RF_BEGIN kind=1 handle=4 attempt=1 tries=1
DBG_STACK_RUN_BEGIN epoch=6458762704145168284 run=28 kind=ble_backpressure owner=system_workqueue queue=1 custody=1 credit=0 retry=0 drain=1 src=11068027678940948070 dst=11068027678940948070 session=51904547 seq=35 type=86 sequence=0 previous=0 uptime=147606
DBG_STACK_SAMPLE_BEGIN epoch=6458762704145168284 run=28 sample=28 kind=ble_backpressure owner=system_workqueue queue=1 custody=1 credit=0 retry=0 drain=1 src=11068027678940948070 dst=11068027678940948070 session=51904547 seq=35 type=86 uptime=147606
DBG_STACK_ISR_CONFIG size=8192 run=28 sample=28
DBG_STACK name=BT RX WQ tid=0x2000fe28 used=760 free=776 size=1536 ret=0 run=28 sample=28
DBG_STACK name=mesh_route tid=0x2000d560 used=5904 free=2288 size=8192 ret=0 run=28 sample=28
DBG_STACK name=sysworkq tid=0x20010d80 used=2408 free=2072 size=4480 ret=0 run=28 sample=28
DBG_STACK name=MPSL Work tid=0x20010b38 used=368 free=656 size=1024 ret=0 run=28 sample=28
DBG_STACK name=logging tid=0x2000f930 used=480 free=1568 size=2048 ret=0 run=28 sample=28
DBG_STACK name=idle tid=0x20010c10 used=64 free=256 size=320 ret=0 run=28 sample=28
DBG_STACK_SAMPLE_END run=28 sample=28
DBG_STACK_RUN_END epoch=6458762704145168284 run=28 kind=ble_backpressure owner=system_workqueue outcome=ack queue=1 custody=0 credit=1 retry=0 drain=1 src=11068027678940948070 dst=11068027678940948070 session=51904547 seq=35 type=86 samples=1 sequence=0 previous=0 uptime=147629
DBG_GATEWAY_CH9_RX_CONT_RESULT start=147635 end=147643 ret=-140 fail=0 status=0x02000000 len=0 frames=0
DBG_DWM_MARK_UNCONFIGURED tag=initialise_radio prev_phy=0
DBG_DWM_INVALIDATE tag=configure_radio_from_reset active_phy=2 configured=1 awake=0
DBG_DWM_MARK_UNCONFIGURED tag=initialise_radio prev_phy=0
DBG_DWM_WAKE_MESH_CTRL_OK sfd=4073
DBG_C5_TX_CONFIG ret=0 ext=1 len=136 msg=40 reason=bounded-c5-flood
DBG_UWB_TX_CH5
DBG_NC o=0000000000000004 g=00000004 w=00 e=00000022 s=00000005 q=0004>0005 r=00000000 f=00000001 t=00000000 p=00000000 a=00
DBG_NC o=0000000000000004 g=00000004 w=00 e=00000042 s=00000005 q=0005>0006 r=00000000 f=00000001 t=00000000 p=00000000 a=00
DBG_NODE_COMM_ATTEMPT handle=4 profile=0 attempt=2 ret=0 rf=1 scheduled=0 state=0
DBG_GATEWAY_RX_START reason=gateway mesh restart active=1 qrx=0 qtx=0 adv_due=0
DBG_COORD state=gateway-rx owner=uwb-rx reason=gateway-rx rx=0 tx=0 relay=0 route=0 ack=0 qack=0
DBG_DWM_INVALIDATE tag=configure_radio_from_reset active_phy=4 configured=1 awake=1
DBG_DWM_MARK_UNCONFIGURED tag=initialise_radio prev_phy=0
DBG_GATEWAY_CH9_RX_CONT_ARM now=147729 rem=500 frames=0 errors=0
DBG_GATEWAY_CH9_RX_CONT_RESULT start=147729 end=147739 ret=-140 fail=0 status=0x02000000 len=0 frames=0
DBG_GATEWAY_CH9_RX_COMMAND_PREEMPT now=147740 rem=500 frames=0
DBG_GATEWAY_CH9_RX_CONT_DONE ret=-140 len=0 fail=0 recover=0
DBG_NC o=0000000000000004 g=00000004 w=00 e=00000023 s=00000005 q=0006>0004 r=00000000 f=00000024 t=00000000 p=00000000 a=00
DBG_NODE_COMM_TX_BEGIN handle=4 profile=0 msg=64 dst=0x0 seq=4
DBG_CONTROL_RX_HANDOFF_READY abort=0
DBG_COORD state=idle owner=c5-flood reason=idle rx=0 tx=0 relay=0 route=0 ack=0 qack=0
DBG_DWM_INVALIDATE tag=configure_radio_from_reset active_phy=3 configured=1 awake=1
DBG_DWM_MARK_UNCONFIGURED tag=initialise_radio prev_phy=0
DBG_DWM_INVALIDATE tag=configure_radio_from_reset active_phy=2 configured=1 awake=0
DBG_DWM_MARK_UNCONFIGURED tag=initialise_radio prev_phy=0
DBG_DWM_WAKE_MESH_CTRL_OK sfd=4073
DBG_C5_TX_CONFIG ret=0 ext=1 len=136 msg=40 reason=bounded-c5-flood
DBG_UWB_TX_CH5
DBG_NC o=0000000000000004 g=00000004 w=00 e=00000022 s=00000005 q=0004>0005 r=00000000 f=00000001 t=00000000 p=00000000 a=00
DBG_NC o=0000000000000004 g=00000004 w=00 e=00000041 s=00000005 q=0005>0008 r=00000000 f=00000026 t=00000000 p=00000001 a=03
DBG_NODE_COMM_ATTEMPT handle=4 profile=0 attempt=3 ret=0 rf=1 scheduled=0 state=0
DBG_GATEWAY_RX_START reason=gateway mesh restart active=1 qrx=0 qtx=0 adv_due=0
DBG_ENUM_RF_RESULT kind=1 handle=4 success=1 reason=0 tries=3
DBG_ENUM_COMPACT_GATEWAY_SCHEDULE now=147798 start=149876 deadline=151001 wait=3203
DBG_GATEWAY_RX_START reason=compact-enumeration active=1 qrx=0 qtx=0 adv_due=0
DBG_COORD state=gateway-rx owner=uwb-rx reason=gateway-rx rx=0 tx=0 relay=0 route=0 ack=0 qack=0
DBG_DWM_INVALIDATE tag=configure_radio_from_reset active_phy=4 configured=1 awake=1
DBG_DWM_MARK_UNCONFIGURED tag=initialise_radio prev_phy=0
DBG_GATEWAY_CH9_RX_CONT_ARM now=147824 rem=500 frames=0 errors=0
DBG_GATEWAY_CH9_RX_CONT_RESULT start=147824 end=148324 ret=-116 fail=0 status=0x02000000 len=0 frames=0
DBG_GATEWAY_CH9_RX_CONT_ARM now=148326 rem=500 frames=0 errors=0
DBG_GATEWAY_CH9_RX_CONT_RESULT start=148326 end=148827 ret=-116 fail=0 status=0x00000000 len=0 frames=0
DBG_GATEWAY_CH9_RX_CONT_ARM now=148829 rem=500 frames=0 errors=0
DBG_GATEWAY_CH9_RX_CONT_RESULT start=148829 end=149330 ret=-116 fail=0 status=0x00000000 len=0 frames=0
DBG_GATEWAY_CH9_RX_CONT_ARM now=149332 rem=500 frames=0 errors=0
DBG_GATEWAY_CH9_RX_CONT_RESULT start=149332 end=149833 ret=-116 fail=0 status=0x00000000 len=0 frames=0
DBG_GATEWAY_CH9_RX_CONT_ARM now=149835 rem=500 frames=0 errors=0
DBG_GATEWAY_CH9_RX_CONT_RESULT start=149835 end=150336 ret=-116 fail=0 status=0x00000000 len=0 frames=0
DBG_DWM_INVALIDATE tag=configure_radio_from_reset active_phy=3 configured=1 awake=1
DBG_DWM_MARK_UNCONFIGURED tag=initialise_radio prev_phy=0
DBG_DWM_WAKE_MESH_CTRL_OK sfd=4073
DBG_ENUM_COMPACT_GATEWAY_BEGIN now=150360 first_window=0 ret=0
DBG_ENUM_COMPACT_RECORD epoch=51904544 anchor=0x191a9619c6c8cb07 hop=1 via=0x191a9619c6c8cb07 responders=1
DBG_ENUM_COMPACT_DEPTH_WAIT observed_hop=1 through_hop=2 deadline=152376
DBG_STACK_RUN_BEGIN epoch=6458762704145168284 run=29 kind=ble_backpressure owner=system_workqueue queue=1 custody=1 credit=0 retry=0 drain=1 src=11068027678940948070 dst=11068027678940948070 session=51904548 seq=36 type=86 sequence=0 previous=0 uptime=150391
DBG_STACK_SAMPLE_BEGIN epoch=6458762704145168284 run=29 sample=29 kind=ble_backpressure owner=system_workqueue queue=1 custody=1 credit=0 retry=0 drain=1 src=11068027678940948070 dst=11068027678940948070 session=51904548 seq=36 type=86 uptime=150391
DBG_STACK_ISR_CONFIG size=8192 run=29 sample=29
DBG_STACK name=BT RX WQ tid=0x2000fe28 used=760 free=776 size=1536 ret=0 run=29 sample=29
DBG_STACK name=mesh_route tid=0x2000d560 used=5904 free=2288 size=8192 ret=0 run=29 sample=29
DBG_STACK name=sysworkq tid=0x20010d80 used=2408 free=2072 size=4480 ret=0 run=29 sample=29
DBG_STACK name=MPSL Work tid=0x20010b38 used=368 free=656 size=1024 ret=0 run=29 sample=29
DBG_STACK name=logging tid=0x2000f930 used=480 free=1568 size=2048 ret=0 run=29 sample=29
DBG_STACK name=idle tid=0x20010c10 used=64 free=256 size=320 ret=0 run=29 sample=29
DBG_STACK_SAMPLE_END run=29 sample=29
DBG_STACK_RUN_END epoch=6458762704145168284 run=29 kind=ble_backpressure owner=system_workqueue outcome=ack queue=2 custody=0 credit=1 retry=0 drain=2 src=11068027678940948070 dst=11068027678940948070 session=51904548 seq=36 type=86 samples=1 sequence=0 previous=0 uptime=150416
DBG_ENUM_COMPACT_GATEWAY_ACK_TX epoch=51904544 child=0x56da25fe4af6d141 seq=0 remaining=12 ret=0
DBG_ENUM_COMPACT_GATEWAY_RX epoch=51904544 child=0x56da25fe4af6d141 seq=0 records=1 ret=0
DBG_ENUM_COMPACT_RECORD epoch=51904544 anchor=0x708bc0aab970300e hop=1 via=0x708bc0aab970300e responders=3
DBG_ENUM_COMPACT_GATEWAY_ACK_TX epoch=51904544 child=0x708bc0aab970300e seq=0 remaining=12 ret=0
DBG_ENUM_COMPACT_GATEWAY_RX epoch=51904544 child=0x708bc0aab970300e seq=0 records=1 ret=0
DBG_STACK_RUN_BEGIN epoch=6458762704145168284 run=30 kind=ble_backpressure owner=system_workqueue queue=2 custody=2 credit=0 retry=0 drain=2 src=11068027678940948070 dst=11068027678940948070 session=51904549 seq=37 type=86 sequence=0 previous=0 uptime=150501
DBG_STACK_SAMPLE_BEGIN epoch=6458762704145168284 run=30 sample=30 kind=ble_backpressure owner=system_workqueue queue=2 custody=2 credit=0 retry=0 drain=2 src=11068027678940948070 dst=11068027678940948070 session=51904549 seq=37 type=86 uptime=150501
DBG_STACK_ISR_CONFIG size=8192 run=30 sample=30
DBG_STACK name=BT RX WQ tid=0x2000fe28 used=760 free=776 size=1536 ret=0 run=30 sample=30
DBG_STACK name=mesh_route tid=0x2000d560 used=5904 free=2288 size=8192 ret=0 run=30 sample=30
DBG_STACK name=sysworkq tid=0x20010d80 used=2408 free=2072 size=4480 ret=0 run=30 sample=30
DBG_STACK name=MPSL Work tid=0x20010b38 used=368 free=656 size=1024 ret=0 run=30 sample=30
DBG_STACK name=logging tid=0x2000f930 used=480 free=1568 size=2048 ret=0 run=30 sample=30
DBG_STACK name=idle tid=0x20010c10 used=64 free=256 size=320 ret=0 run=30 sample=30
DBG_STACK_SAMPLE_END run=30 sample=30
DBG_STACK_RUN_END epoch=6458762704145168284 run=30 kind=ble_backpressure owner=system_workqueue outcome=ack queue=2 custody=0 credit=1 retry=0 drain=2 src=11068027678940948070 dst=11068027678940948070 session=51904549 seq=37 type=86 samples=1 sequence=0 previous=0 uptime=150518
DBG_STACK_RUN_BEGIN epoch=6458762704145168284 run=31 kind=ble_backpressure owner=system_workqueue queue=1 custody=1 credit=0 retry=0 drain=1 src=11068027678940948070 dst=11068027678940948070 session=51904550 seq=38 type=86 sequence=0 previous=0 uptime=150591
DBG_STACK_SAMPLE_BEGIN epoch=6458762704145168284 run=31 sample=31 kind=ble_backpressure owner=system_workqueue queue=1 custody=1 credit=0 retry=0 drain=1 src=11068027678940948070 dst=11068027678940948070 session=51904550 seq=38 type=86 uptime=150591
DBG_STACK_ISR_CONFIG size=8192 run=31 sample=31
DBG_STACK name=BT RX WQ tid=0x2000fe28 used=760 free=776 size=1536 ret=0 run=31 sample=31
DBG_STACK name=mesh_route tid=0x2000d560 used=5904 free=2288 size=8192 ret=0 run=31 sample=31
DBG_STACK name=sysworkq tid=0x20010d80 used=2408 free=2072 size=4480 ret=0 run=31 sample=31
DBG_STACK name=MPSL Work tid=0x20010b38 used=368 free=656 size=1024 ret=0 run=31 sample=31
DBG_STACK name=logging tid=0x2000f930 used=480 free=1568 size=2048 ret=0 run=31 sample=31
DBG_STACK name=idle tid=0x20010c10 used=64 free=256 size=320 ret=0 run=31 sample=31
DBG_STACK_SAMPLE_END run=31 sample=31
DBG_STACK_RUN_END epoch=6458762704145168284 run=31 kind=ble_backpressure owner=system_workqueue outcome=ack queue=1 custody=0 credit=1 retry=0 drain=1 src=11068027678940948070 dst=11068027678940948070 session=51904550 seq=38 type=86 samples=1 sequence=0 previous=0 uptime=150608
DBG_ENUM_COMPACT_GATEWAY_END now=152376 timeouts=81 raw=0 bundles=3 errors=0 ret=0
DBG_GATEWAY_COMMAND_PRIORITY_SUBMIT ret=0 now=152377
DBG_DWM_INVALIDATE tag=configure_radio_from_reset active_phy=4 configured=1 awake=1
DBG_DWM_MARK_UNCONFIGURED tag=initialise_radio prev_phy=0
DBG_GATEWAY_CH9_RX_CONT_ARM now=152399 rem=500 frames=0 errors=0
DBG_GATEWAY_CH9_RX_CONT_RESULT start=152399 end=152400 ret=-140 fail=0 status=0x02000000 len=0 frames=0
DBG_GATEWAY_CH9_RX_COMMAND_PREEMPT now=152401 rem=500 frames=0
DBG_GATEWAY_CH9_RX_CONT_DONE ret=-140 len=0 fail=0 recover=0
DBG_NC o=0000000000000005 g=00000005 w=00 e=0000003c s=00000005 q=0000>0004 r=00000000 f=00000024 t=00000000 p=00000000 a=00
DBG_NODE_COMM_SUBMIT handle=5 profile=6 token=17039365 deadline=162403
DBG_ENUM_FLOOD kind=2 handle=5
DBG_ENUM_TABLE_TX epoch=51904544 count=3 round=1 ret=0
DBG_NODE_COMM_TX_BEGIN handle=5 profile=6 msg=64 dst=0x0 seq=5
DBG_CONTROL_RX_HANDOFF_READY abort=0
DBG_COORD state=idle owner=c5-flood reason=idle rx=0 tx=0 relay=0 route=0 ack=0 qack=0
DBG_DWM_INVALIDATE tag=configure_radio_from_reset active_phy=3 configured=1 awake=1
DBG_DWM_MARK_UNCONFIGURED tag=initialise_radio prev_phy=0
DBG_DWM_INVALIDATE tag=configure_radio_from_reset active_phy=2 configured=1 awake=0
DBG_DWM_MARK_UNCONFIGURED tag=initialise_radio prev_phy=0
DBG_DWM_WAKE_MESH_CTRL_OK sfd=4073
DBG_C5_TX_CONFIG ret=0 ext=1 len=187 msg=40 reason=bounded-c5-flood
DBG_UWB_TX_CH5
DBG_DWM_INVALIDATE tag=configure_radio_from_reset active_phy=4 configured=1 awake=0
DBG_DWM_MARK_UNCONFIGURED tag=initialise_radio prev_phy=0
DBG_DWM_INVALIDATE tag=configure_radio_from_reset active_phy=2 configured=1 awake=0
DBG_DWM_MARK_UNCONFIGURED tag=initialise_radio prev_phy=0
DBG_DWM_WAKE_MESH_CTRL_OK sfd=4073
DBG_C5_TX_CONFIG ret=0 ext=1 len=187 msg=40 reason=bounded-c5-flood
DBG_UWB_TX_CH5
DBG_DWM_INVALIDATE tag=configure_radio_from_reset active_phy=4 configured=1 awake=0
DBG_DWM_MARK_UNCONFIGURED tag=initialise_radio prev_phy=0
DBG_DWM_INVALIDATE tag=configure_radio_from_reset active_phy=2 configured=1 awake=0
DBG_DWM_MARK_UNCONFIGURED tag=initialise_radio prev_phy=0
DBG_DWM_WAKE_MESH_CTRL_OK sfd=4073
DBG_C5_TX_CONFIG ret=0 ext=1 len=187 msg=40 reason=bounded-c5-flood
DBG_UWB_TX_CH5
DBG_NC o=0000000000000005 g=00000005 w=00 e=00000022 s=00000005 q=0004>0005 r=00000000 f=00000001 t=00000000 p=00000000 a=00
DBG_NC o=0000000000000005 g=00000005 w=00 e=00000041 s=00000005 q=0005>0008 r=00000000 f=00000026 t=00000000 p=00000001 a=01
DBG_NODE_COMM_ATTEMPT handle=5 profile=6 attempt=1 ret=0 rf=1 scheduled=0 state=0
DBG_GATEWAY_RX_START reason=gateway mesh restart active=1 qrx=0 qtx=0 adv_due=0
DBG_ENUM_RF_RESULT kind=2 handle=5 success=1 reason=0 tries=1
DBG_COORD state=gateway-rx owner=uwb-rx reason=gateway-rx rx=0 tx=0 relay=0 route=0 ack=0 qack=0
DBG_DWM_INVALIDATE tag=configure_radio_from_reset active_phy=4 configured=1 awake=1
DBG_DWM_MARK_UNCONFIGURED tag=initialise_radio prev_phy=0
DBG_GATEWAY_CH9_RX_CONT_ARM now=152602 rem=500 frames=0 errors=0
DBG_GATEWAY_CH9_RX_CONT_RESULT start=152602 end=153102 ret=-116 fail=0 status=0x02000000 len=0 frames=0
DBG_GATEWAY_CH9_RX_CONT_ARM now=153104 rem=500 frames=0 errors=0
DBG_GATEWAY_CH9_RX_CONT_RESULT start=153104 end=153605 ret=-116 fail=0 status=0x00000000 len=0 frames=0
DBG_NC o=0000000000000006 g=00000006 w=00 e=0000003c s=00000005 q=0000>0004 r=00000000 f=00000024 t=00000000 p=00000000 a=00
DBG_NODE_COMM_SUBMIT handle=6 profile=6 token=17039366 deadline=163606
DBG_ENUM_FLOOD kind=3 handle=6
DBG_ENUM_END_TX epoch=51904544 table_seq=51904551 ret=0
DBG_NODE_COMM_TX_BEGIN handle=6 profile=6 msg=64 dst=0x0 seq=6
DBG_CONTROL_RX_HANDOFF_READY abort=0
DBG_COORD state=idle owner=c5-flood reason=idle rx=0 tx=0 relay=0 route=0 ack=0 qack=0
DBG_DWM_INVALIDATE tag=configure_radio_from_reset active_phy=3 configured=1 awake=1
DBG_DWM_MARK_UNCONFIGURED tag=initialise_radio prev_phy=0
DBG_DWM_INVALIDATE tag=configure_radio_from_reset active_phy=2 configured=1 awake=0
DBG_DWM_MARK_UNCONFIGURED tag=initialise_radio prev_phy=0
DBG_DWM_WAKE_MESH_CTRL_OK sfd=4073
DBG_C5_TX_CONFIG ret=0 ext=1 len=169 msg=40 reason=bounded-c5-flood
DBG_UWB_TX_CH5
DBG_C5_FLOOD_WAIT now=153664 wake=153665 first=153665 msg=40 attempt=2/3 reason=node-comm-bounded-control-flood
DBG_DWM_INVALIDATE tag=configure_radio_from_reset active_phy=4 configured=1 awake=0
DBG_DWM_MARK_UNCONFIGURED tag=initialise_radio prev_phy=0
DBG_DWM_INVALIDATE tag=configure_radio_from_reset active_phy=2 configured=1 awake=0
DBG_DWM_MARK_UNCONFIGURED tag=initialise_radio prev_phy=0
DBG_DWM_WAKE_MESH_CTRL_OK sfd=4073
DBG_C5_TX_CONFIG ret=0 ext=1 len=169 msg=40 reason=bounded-c5-flood
DBG_UWB_TX_CH5
DBG_DWM_INVALIDATE tag=configure_radio_from_reset active_phy=4 configured=1 awake=0
DBG_DWM_MARK_UNCONFIGURED tag=initialise_radio prev_phy=0
DBG_DWM_INVALIDATE tag=configure_radio_from_reset active_phy=2 configured=1 awake=0
DBG_DWM_MARK_UNCONFIGURED tag=initialise_radio prev_phy=0
DBG_DWM_WAKE_MESH_CTRL_OK sfd=4073
DBG_C5_TX_CONFIG ret=0 ext=1 len=169 msg=40 reason=bounded-c5-flood
DBG_UWB_TX_CH5
DBG_NC o=0000000000000006 g=00000006 w=00 e=00000022 s=00000005 q=0004>0005 r=00000000 f=00000001 t=00000000 p=00000000 a=00
DBG_NC o=0000000000000006 g=00000006 w=00 e=00000041 s=00000005 q=0005>0008 r=00000000 f=00000026 t=00000000 p=00000001 a=01
DBG_NODE_COMM_ATTEMPT handle=6 profile=6 attempt=1 ret=0 rf=1 scheduled=0 state=0
DBG_GATEWAY_RX_START reason=gateway mesh restart active=1 qrx=0 qtx=0 adv_due=0
DBG_ENUM_RF_RESULT kind=3 handle=6 success=1 reason=0 tries=1
DBG_COORD state=gateway-rx owner=uwb-rx reason=gateway-rx rx=0 tx=0 relay=0 route=0 ack=0 qack=0
DBG_DWM_INVALIDATE tag=configure_radio_from_reset active_phy=4 configured=1 awake=1
DBG_DWM_MARK_UNCONFIGURED tag=initialise_radio prev_phy=0
DBG_GATEWAY_CH9_RX_CONT_ARM now=153805 rem=500 frames=0 errors=0
DBG_GATEWAY_CH9_RX_CONT_RESULT start=153805 end=154305 ret=-116 fail=0 status=0x02000000 len=0 frames=0
DBG_GATEWAY_CH9_RX_CONT_ARM now=154307 rem=500 frames=0 errors=0
DBG_GATEWAY_CH9_RX_CONT_RESULT start=154307 end=154808 ret=-116 fail=0 status=0x00000000 len=0 frames=0
DBG_GATEWAY_COMMAND_PRIORITY_SUBMIT ret=0 now=154809
DBG_GATEWAY_CH9_RX_CONT_ARM now=154810 rem=500 frames=0 errors=0
DBG_GATEWAY_CH9_RX_CONT_RESULT start=154810 end=154811 ret=-140 fail=0 status=0x00000000 len=0 frames=0
DBG_GATEWAY_CH9_RX_COMMAND_PREEMPT now=154811 rem=500 frames=0
DBG_GATEWAY_CH9_RX_CONT_DONE ret=-140 len=0 fail=0 recover=0
DBG_STACK_RUN_BEGIN epoch=6458762704145168284 run=32 kind=ble_backpressure owner=system_workqueue queue=2 custody=2 credit=0 retry=0 drain=2 src=11068027678940948070 dst=11068027678940948070 session=51904555 seq=43 type=86 sequence=0 previous=0 uptime=154813
DBG_STACK_SAMPLE_BEGIN epoch=6458762704145168284 run=32 sample=32 kind=ble_backpressure owner=system_workqueue queue=2 custody=2 credit=0 retry=0 drain=2 src=11068027678940948070 dst=11068027678940948070 session=51904555 seq=43 type=86 uptime=154813
DBG_STACK_ISR_CONFIG size=8192 run=32 sample=32
DBG_STACK name=BT RX WQ tid=0x2000fe28 used=760 free=776 size=1536 ret=0 run=32 sample=32
DBG_STACK name=mesh_route tid=0x2000d560 used=5904 free=2288 size=8192 ret=0 run=32 sample=32
DBG_STACK name=sysworkq tid=0x20010d80 used=2408 free=2072 size=4480 ret=0 run=32 sample=32
DBG_STACK name=MPSL Work tid=0x20010b38 used=368 free=656 size=1024 ret=0 run=32 sample=32
DBG_STACK name=logging tid=0x2000f930 used=480 free=1568 size=2048 ret=0 run=32 sample=32
DBG_STACK name=idle tid=0x20010c10 used=64 free=256 size=320 ret=0 run=32 sample=32
DBG_STACK_SAMPLE_END run=32 sample=32
DBG_STACK_RUN_END epoch=6458762704145168284 run=32 kind=ble_backpressure owner=system_workqueue outcome=ack queue=2 custody=0 credit=1 retry=0 drain=2 src=11068027678940948070 dst=11068027678940948070 session=51904555 seq=43 type=86 samples=1 sequence=0 previous=0 uptime=154836
DBG_STACK_RUN_BEGIN epoch=6458762704145168284 run=33 kind=ble_backpressure owner=system_workqueue queue=2 custody=2 credit=0 retry=0 drain=2 src=11068027678940948070 dst=11068027678940948070 session=1127225245 seq=6045 type=65 sequence=0 previous=0 uptime=154911
DBG_STACK_SAMPLE_BEGIN epoch=6458762704145168284 run=33 sample=33 kind=ble_backpressure owner=system_workqueue queue=2 custody=2 credit=0 retry=0 drain=2 src=11068027678940948070 dst=11068027678940948070 session=1127225245 seq=6045 type=65 uptime=154911
DBG_STACK_ISR_CONFIG size=8192 run=33 sample=33
DBG_STACK name=BT RX WQ tid=0x2000fe28 used=760 free=776 size=1536 ret=0 run=33 sample=33
DBG_STACK name=mesh_route tid=0x2000d560 used=5904 free=2288 size=8192 ret=0 run=33 sample=33
DBG_STACK name=sysworkq tid=0x20010d80 used=2408 free=2072 size=4480 ret=0 run=33 sample=33
DBG_STACK name=MPSL Work tid=0x20010b38 used=368 free=656 size=1024 ret=0 run=33 sample=33
DBG_STACK name=logging tid=0x2000f930 used=480 free=1568 size=2048 ret=0 run=33 sample=33
DBG_STACK name=idle tid=0x20010c10 used=64 free=256 size=320 ret=0 run=33 sample=33
DBG_STACK_SAMPLE_END run=33 sample=33
DBG_STACK_RUN_END epoch=6458762704145168284 run=33 kind=ble_backpressure owner=system_workqueue outcome=ack queue=2 custody=0 credit=1 retry=0 drain=2 src=11068027678940948070 dst=11068027678940948070 session=1127225245 seq=6045 type=65 samples=1 sequence=0 previous=0 uptime=154930
DBG_STACK_RUN_BEGIN epoch=6458762704145168284 run=34 kind=ble_backpressure owner=system_workqueue queue=1 custody=1 credit=0 retry=0 drain=1 src=11068027678940948070 dst=11068027678940948070 session=51904556 seq=44 type=86 sequence=0 previous=0 uptime=155000
DBG_STACK_SAMPLE_BEGIN epoch=6458762704145168284 run=34 sample=34 kind=ble_backpressure owner=system_workqueue queue=1 custody=1 credit=0 retry=0 drain=1 src=11068027678940948070 dst=11068027678940948070 session=51904556 seq=44 type=86 uptime=155001
DBG_STACK_ISR_CONFIG size=8192 run=34 sample=34
DBG_STACK name=BT RX WQ tid=0x2000fe28 used=760 free=776 size=1536 ret=0 run=34 sample=34
DBG_STACK name=mesh_route tid=0x2000d560 used=5904 free=2288 size=8192 ret=0 run=34 sample=34
DBG_STACK name=sysworkq tid=0x20010d80 used=2408 free=2072 size=4480 ret=0 run=34 sample=34
DBG_STACK name=MPSL Work tid=0x20010b38 used=368 free=656 size=1024 ret=0 run=34 sample=34
DBG_STACK name=logging tid=0x2000f930 used=480 free=1568 size=2048 ret=0 run=34 sample=34
DBG_STACK name=idle tid=0x20010c10 used=64 free=256 size=320 ret=0 run=34 sample=34
DBG_STACK_SAMPLE_END run=34 sample=34
DBG_STACK_RUN_END epoch=6458762704145168284 run=34 kind=ble_backpressure owner=system_workqueue outcome=ack queue=1 custody=0 credit=1 retry=0 drain=1 src=11068027678940948070 dst=11068027678940948070 session=51904556 seq=44 type=86 samples=1 sequence=0 previous=0 uptime=155022
DBG_STACK_RUN_BEGIN epoch=6458762704145168284 run=35 kind=ble_backpressure owner=system_workqueue queue=1 custody=1 credit=0 retry=0 drain=1 src=11068027678940948070 dst=11068027678940948070 session=51904557 seq=45 type=86 sequence=0 previous=0 uptime=155136
DBG_STACK_SAMPLE_BEGIN epoch=6458762704145168284 run=35 sample=35 kind=ble_backpressure owner=system_workqueue queue=1 custody=1 credit=0 retry=0 drain=1 src=11068027678940948070 dst=11068027678940948070 session=51904557 seq=45 type=86 uptime=155136
DBG_STACK_ISR_CONFIG size=8192 run=35 sample=35
DBG_STACK name=BT RX WQ tid=0x2000fe28 used=760 free=776 size=1536 ret=0 run=35 sample=35
DBG_STACK name=mesh_route tid=0x2000d560 used=5904 free=2288 size=8192 ret=0 run=35 sample=35
DBG_STACK name=sysworkq tid=0x20010d80 used=2408 free=2072 size=4480 ret=0 run=35 sample=35
DBG_STACK name=MPSL Work tid=0x20010b38 used=368 free=656 size=1024 ret=0 run=35 sample=35
DBG_STACK name=logging tid=0x2000f930 used=480 free=1568 size=2048 ret=0 run=35 sample=35
DBG_STACK name=idle tid=0x20010c10 used=64 free=256 size=320 ret=0 run=35 sample=35
DBG_STACK_SAMPLE_END run=35 sample=35
DBG_STACK_RUN_END epoch=6458762704145168284 run=35 kind=ble_backpressure owner=system_workqueue outcome=ack queue=1 custody=0 credit=1 retry=0 drain=1 src=11068027678940948070 dst=11068027678940948070 session=51904557 seq=45 type=86 samples=1 sequence=0 previous=0 uptime=155154
DBG_STACK_RUN_BEGIN epoch=6458762704145168284 run=36 kind=ble_backpressure owner=system_workqueue queue=1 custody=1 credit=0 retry=0 drain=1 src=11068027678940948070 dst=11068027678940948070 session=51904558 seq=46 type=86 sequence=0 previous=0 uptime=155226
DBG_STACK_SAMPLE_BEGIN epoch=6458762704145168284 run=36 sample=36 kind=ble_backpressure owner=system_workqueue queue=1 custody=1 credit=0 retry=0 drain=1 src=11068027678940948070 dst=11068027678940948070 session=51904558 seq=46 type=86 uptime=155226
DBG_STACK_ISR_CONFIG size=8192 run=36 sample=36
DBG_STACK name=BT RX WQ tid=0x2000fe28 used=760 free=776 size=1536 ret=0 run=36 sample=36
DBG_STACK name=mesh_route tid=0x2000d560 used=5904 free=2288 size=8192 ret=0 run=36 sample=36
DBG_STACK name=sysworkq tid=0x20010d80 used=2408 free=2072 size=4480 ret=0 run=36 sample=36
DBG_STACK name=MPSL Work tid=0x20010b38 used=368 free=656 size=1024 ret=0 run=36 sample=36
DBG_STACK name=logging tid=0x2000f930 used=480 free=1568 size=2048 ret=0 run=36 sample=36
DBG_STACK name=idle tid=0x20010c10 used=64 free=256 size=320 ret=0 run=36 sample=36
DBG_STACK_SAMPLE_END run=36 sample=36
DBG_STACK_RUN_END epoch=6458762704145168284 run=36 kind=ble_backpressure owner=system_workqueue outcome=ack queue=1 custody=0 credit=1 retry=0 drain=1 src=11068027678940948070 dst=11068027678940948070 session=51904558 seq=46 type=86 samples=1 sequence=0 previous=0 uptime=155248
DBG_STACK_RUN_BEGIN epoch=6458762704145168284 run=37 kind=ble_backpressure owner=system_workqueue queue=1 custody=1 credit=0 retry=0 drain=1 src=11068027678940948070 dst=11068027678940948070 session=51904559 seq=47 type=86 sequence=0 previous=0 uptime=155316
DBG_STACK_SAMPLE_BEGIN epoch=6458762704145168284 run=37 sample=37 kind=ble_backpressure owner=system_workqueue queue=1 custody=1 credit=0 retry=0 drain=1 src=11068027678940948070 dst=11068027678940948070 session=51904559 seq=47 type=86 uptime=155316
DBG_STACK_ISR_CONFIG size=8192 run=37 sample=37
DBG_STACK name=BT RX WQ tid=0x2000fe28 used=760 free=776 size=1536 ret=0 run=37 sample=37
DBG_STACK name=mesh_route tid=0x2000d560 used=5904 free=2288 size=8192 ret=0 run=37 sample=37
DBG_STACK name=sysworkq tid=0x20010d80 used=2408 free=2072 size=4480 ret=0 run=37 sample=37
DBG_STACK name=MPSL Work tid=0x20010b38 used=376 free=648 size=1024 ret=0 run=37 sample=37
DBG_STACK name=logging tid=0x2000f930 used=480 free=1568 size=2048 ret=0 run=37 sample=37
DBG_STACK name=idle tid=0x20010c10 used=64 free=256 size=320 ret=0 run=37 sample=37
DBG_STACK_SAMPLE_END run=37 sample=37
DBG_STACK_RUN_END epoch=6458762704145168284 run=37 kind=ble_backpressure owner=system_workqueue outcome=ack queue=1 custody=0 credit=1 retry=0 drain=1 src=11068027678940948070 dst=11068027678940948070 session=51904559 seq=47 type=86 samples=1 sequence=0 previous=0 uptime=155340
DBG_STACK_RUN_BEGIN epoch=6458762704145168284 run=38 kind=ble_backpressure owner=system_workqueue queue=1 custody=1 credit=0 retry=0 drain=1 src=11068027678940948070 dst=11068027678940948070 session=51904560 seq=48 type=86 sequence=0 previous=0 uptime=155406
DBG_STACK_SAMPLE_BEGIN epoch=6458762704145168284 run=38 sample=38 kind=ble_backpressure owner=system_workqueue queue=1 custody=1 credit=0 retry=0 drain=1 src=11068027678940948070 dst=11068027678940948070 session=51904560 seq=48 type=86 uptime=155406
DBG_STACK_ISR_CONFIG size=8192 run=38 sample=38
DBG_STACK name=BT RX WQ tid=0x2000fe28 used=760 free=776 size=1536 ret=0 run=38 sample=38
DBG_STACK name=mesh_route tid=0x2000d560 used=5904 free=2288 size=8192 ret=0 run=38 sample=38
DBG_STACK name=sysworkq tid=0x20010d80 used=2408 free=2072 size=4480 ret=0 run=38 sample=38
DBG_STACK name=MPSL Work tid=0x20010b38 used=376 free=648 size=1024 ret=0 run=38 sample=38
DBG_STACK name=logging tid=0x2000f930 used=480 free=1568 size=2048 ret=0 run=38 sample=38
DBG_STACK name=idle tid=0x20010c10 used=64 free=256 size=320 ret=0 run=38 sample=38
DBG_STACK_SAMPLE_END run=38 sample=38
DBG_STACK_RUN_END epoch=6458762704145168284 run=38 kind=ble_backpressure owner=system_workqueue outcome=ack queue=1 custody=0 credit=1 retry=0 drain=1 src=11068027678940948070 dst=11068027678940948070 session=51904560 seq=48 type=86 samples=1 sequence=0 previous=0 uptime=155429
DBG_GATEWAY_CH9_RX_CONT_RESULT start=155321 end=155822 ret=-116 fail=0 status=0x00000000 len=0 frames=0
DBG_GATEWAY_CH9_RX_CONT_ARM now=155827 rem=500 frames=0 errors=0
DBG_GATEWAY_CH9_RX_CONT_RESULT start=155827 end=156328 ret=-116 fail=0 status=0x00000000 len=0 frames=0
DBG_GATEWAY_CH9_RX_CONT_ARM now=156330 rem=500 frames=0 errors=0
DBG_GATEWAY_CH9_RX_CONT_RESULT start=156330 end=156831 ret=-116 fail=0 status=0x00000000 len=0 frames=0
DBG_GATEWAY_CH9_RX_CONT_ARM now=156833 rem=500 frames=0 errors=0
DBG_GATEWAY_CH9_RX_CONT_RESULT start=156833 end=157334 ret=-116 fail=0 status=0x00000000 len=0 frames=0
DBG_GATEWAY_CH9_RX_CONT_ARM now=157336 rem=500 frames=0 errors=0
DBG_GATEWAY_BLE event=disconnected reason=19 uptime=157384
DBG_GATEWAY_BLE event=recovery round=1 delay_ms=417 reason=disconnected uptime=157384
DBG_GATEWAY_CH9_RX_CONT_RESULT start=157336 end=157837 ret=-116 fail=0 status=0x00000000 len=0 frames=0
DBG_GATEWAY_CH9_RX_CONT_ARM now=157839 rem=500 frames=0 errors=0
DBG_GATEWAY_CH9_RX_CONT_RESULT start=157839 end=158339 ret=-116 fail=0 status=0x00000000 len=0 frames=0
DBG_GATEWAY_CH9_RX_CONT_ARM now=158341 rem=500 frames=0 errors=0
DBG_GATEWAY_CH9_RX_CONT_RESULT start=158341 end=158842 ret=-116 fail=0 status=0x00000000 len=0 frames=0
DBG_GATEWAY_CH9_RX_CONT_ARM now=158844 rem=500 frames=0 errors=0
DBG_GATEWAY_CH9_RX_CONT_RESULT start=158844 end=159345 ret=-116 fail=0 status=0x00000000 len=0 frames=0
DBG_GATEWAY_CH9_RX_CONT_ARM now=159347 rem=500 frames=0 errors=0
DBG_GATEWAY_CH9_RX_CONT_RESULT start=159347 end=159848 ret=-116 fail=0 status=0x00000000 len=0 frames=0
DBG_GATEWAY_CH9_RX_CONT_ARM now=159850 rem=500 frames=0 errors=0
DBG_GATEWAY_CH9_RX_CONT_RESULT start=159850 end=160351 ret=-116 fail=0 status=0x00000000 len=0 frames=0
DBG_GATEWAY_CH9_RX_CONT_ARM now=160353 rem=500 frames=0 errors=0
DBG_GATEWAY_CH9_RX_CONT_RESULT start=160353 end=160854 ret=-116 fail=0 status=0x00000000 len=0 frames=0
DBG_GATEWAY_CH9_RX_CONT_ARM now=160856 rem=500 frames=0 errors=0
DBG_GATEWAY_CH9_RX_CONT_RESULT start=160856 end=161357 ret=-116 fail=0 status=0x00000000 len=0 frames=0
DBG_GATEWAY_CH9_RX_CONT_ARM now=161359 rem=500 frames=0 errors=0
DBG_GATEWAY_CH9_RX_CONT_RESULT start=161359 end=161860 ret=-116 fail=0 status=0x00000000 len=0 frames=0
DBG_GATEWAY_CH9_RX_CONT_ARM now=161862 rem=500 frames=0 errors=0
DBG_GATEWAY_CH9_RX_CONT_RESULT start=161862 end=162363 ret=-116 fail=0 status=0x00000000 len=0 frames=0
DBG_GATEWAY_CH9_RX_CONT_ARM now=162365 rem=500 frames=0 errors=0
DBG_GATEWAY_CH9_RX_CONT_RESULT start=162365 end=162866 ret=-116 fail=0 status=0x00000000 len=0 frames=0
DBG_GATEWAY_CH9_RX_CONT_ARM now=162868 rem=500 frames=0 errors=0
DBG_GATEWAY_CH9_RX_CONT_RESULT start=162868 end=163369 ret=-116 fail=0 status=0x00000000 len=0 frames=0
DBG_GATEWAY_CH9_RX_CONT_ARM now=163371 rem=500 frames=0 errors=0
DBG_GATEWAY_CH9_RX_CONT_RESULT start=163371 end=163872 ret=-116 fail=0 status=0x00000000 len=0 frames=0
DBG_GATEWAY_CH9_RX_CONT_ARM now=163874 rem=500 frames=0 errors=0
DBG_GATEWAY_CH9_RX_CONT_RESULT start=163874 end=164375 ret=-116 fail=0 status=0x00000000 len=0 frames=0
DBG_GATEWAY_CH9_RX_CONT_ARM now=164377 rem=500 frames=0 errors=0
DBG_GATEWAY_CH9_RX_CONT_RESULT start=164377 end=164878 ret=-116 fail=0 status=0x00000000 len=0 frames=0
DBG_GATEWAY_CH9_RX_CONT_ARM now=164880 rem=500 frames=0 errors=0
DBG_GATEWAY_CH9_RX_CONT_RESULT start=164880 end=165381 ret=-116 fail=0 status=0x00000000 len=0 frames=0
DBG_GATEWAY_CH9_RX_CONT_ARM now=165383 rem=500 frames=0 errors=0
