[34m0000485[0m [36mI[0m Target type is nrf52833 [2m[board][0m
[34m0000506[0m [36mI[0m Performing connect pre-reset [2m[coresight_target][0m
[34m0000710[0m [36mI[0m DP IDR = 0x2ba01477 (v1 rev2) [2m[dap][0m
[34m0000716[0m [36mI[0m AHB-AP#0 IDR = 0x24770011 (AHB-AP var1 rev2) [2m[discovery][0m
[34m0000717[0m [36mI[0m AP#1 IDR = 0x02880000 (AP var0 rev0) [2m[discovery][0m
[34m0000718[0m [36mI[0m NRF52833 not in secure state [2m[target_nRF52][0m
[34m0000722[0m [36mI[0m AHB-AP#0 Class 0x1 ROM table #0 @ 0xe00ff000 (designer=244 part=00d) [2m[rom_table][0m
[34m0000724[0m [36mI[0m [0]<e000e000:SCS v7-M class=14 designer=43b:Arm part=00c> [2m[rom_table][0m
[34m0000726[0m [36mI[0m [1]<e0001000:DWT v7-M class=14 designer=43b:Arm part=002> [2m[rom_table][0m
[34m0000727[0m [36mI[0m [2]<e0002000:FPB v7-M class=14 designer=43b:Arm part=003> [2m[rom_table][0m
[34m0000729[0m [36mI[0m [3]<e0000000:ITM v7-M class=14 designer=43b:Arm part=001> [2m[rom_table][0m
[34m0000731[0m [36mI[0m [4]<e0040000:TPIU M4 class=9 designer=43b:Arm part=9a1 devtype=11 archid=0000 devid=ca1:0:0> [2m[rom_table][0m
[34m0000733[0m [36mI[0m [5]<e0041000:ETM M4 class=9 designer=43b:Arm part=925 devtype=13 archid=0000 devid=0:0:0> [2m[rom_table][0m
[34m0000737[0m [36mI[0m CPU core #0: Cortex-M4 r0p1, v7.0-M architecture [2m[cortex_m][0m
[34m0000737[0m [36mI[0m   Extensions: [DSP, FPU, FPU_V4, MPU] [2m[cortex_m][0m
[34m0000737[0m [36mI[0m   FPU present: FPv4-SP-D16-M [2m[cortex_m][0m
[34m0000739[0m [36mI[0m This appears to be an nRF52833 AA B0 [2m[target_nRF52][0m
[34m0000744[0m [36mI[0m 4 hardware watchpoints [2m[dwt][0m
[34m0000745[0m [36mI[0m 6 hardware breakpoints, 4 literal comparators [2m[fpb][0m
[34m0000764[0m [36mI[0m 3 up channels and 3 down channels found [2m[rtt_cmd][0m
[34m0000764[0m [36mI[0m Reading from up channel 0 ("Terminal") [2m[rtt_cmd][0m
[34m0000766[0m [36mI[0m Writing to down channel 0 ("Terminal") [2m[rtt_cmd][0m
DBG_GATEWAY_CH9_RX_CONT_RESULT start=214651 end=215152 ret=-116 fail=0 status=0x00000000 len=0 frames=0
DBG_GATEWAY_CH9_RX_CONT_ARM now=215154 rem=500 frames=0 errors=0
DBG_GATEWAY_CH9_RX_CONT_RESULT start=215154 end=215655 ret=-116 fail=0 status=0x00000000 len=0 frames=0
DBG_GATEWAY_CH9_RX_CONT_ARM now=215657 rem=500 frames=0 errors=0
DBG_GATEWAY_CH9_RX_CONT_RESULT start=215657 end=216158 ret=-116 fail=0 status=0x00000000 len=0 frames=0
DBG_GATEWAY_CH9_RX_CONT_ARM now=216160 rem=500 frames=0 errors=0
DBG_GATEWAY_CH9_RX_CONT_RESULT start=216160 end=216661 ret=-116 fail=0 status=0x00000000 len=0 frames=0
DBG_GATEWAY_CH9_RX_CONT_ARM now=216663 rem=500 frames=0 errors=0
DBG_GATEWAY_CH9_RX_CONT_RESULT start=216663 end=217164 ret=-116 fail=0 status=0x00000000 len=0 frames=0
DBG_GATEWAY_CH9_RX_CONT_ARM now=217166 rem=500 frames=0 errors=0
DBG_GATEWAY_CH9_RX_CONT_RESULT start=217166 end=217667 ret=-116 fail=0 status=0x00000000 len=0 frames=0
DBG_GATEWAY_CH9_RX_CONT_ARM now=217669 rem=500 frames=0 errors=0
DBG_GATEWAY_CH9_RX_CONT_RESULT start=218675 end=219176 ret=-116 fail=0 status=0x00000000 len=0 frames=0
DBG_GATEWAY_CH9_RX_CONT_ARM now=219178 rem=500 frames=0 errors=0
DBG_GATEWAY_CH9_RX_CONT_RESULT start=219178 end=219679 ret=-116 fail=0 status=0x00000000 len=0 frames=0
DBG_GATEWAY_CH9_RX_CONT_ARM now=219681 rem=500 frames=0 errors=0
DBG_GATEWAY_CH9_RX_CONT_RESULT start=219681 end=220182 ret=-116 fail=0 status=0x00000000 len=0 frames=0
DBG_GATEWAY_CH9_RX_CONT_ARM now=220184 rem=500 frames=0 errors=0
DBG_GATEWAY_CH9_RX_CONT_RESULT start=220184 end=220685 ret=-116 fail=0 status=0x00000000 len=0 frames=0
DBG_GATEWAY_CH9_RX_CONT_ARM now=220687 rem=500 frames=0 errors=0
DBG_GATEWAY_CH9_RX_CONT_RESULT start=220687 end=221188 ret=-116 fail=0 status=0x00000000 len=0 frames=0
DBG_GATEWAY_CH9_RX_CONT_ARM now=221190 rem=500 frames=0 errors=0
DBG_GATEWAY_CH9_RX_CONT_RESULT start=221190 end=221691 ret=-116 fail=0 status=0x00000000 len=0 frames=0
DBG_GATEWAY_CH9_RX_CONT_ARM now=221693 rem=500 frames=0 errors=0
DBG_GATEWAY_CH9_RX_CONT_RESULT start=221693 end=222194 ret=-116 fail=0 status=0x00000000 len=0 frames=0
DBG_GATEWAY_CH9_RX_CONT_ARM now=222196 rem=500 frames=0 errors=0
DBG_GATEWAY_CH9_RX_CONT_RESULT start=222196 end=222697 ret=-116 fail=0 status=0x00000000 len=0 frames=0
DBG_GATEWAY_CH9_RX_CONT_ARM now=222699 rem=500 frames=0 errors=0
DBG_GATEWAY_CH9_RX_CONT_RESULT start=222699 end=223200 ret=-116 fail=0 status=0x00000000 len=0 frames=0
DBG_GATEWAY_CH9_RX_CONT_ARM now=223202 rem=500 frames=0 errors=0
DBG_GATEWAY_CH9_RX_CONT_RESULT start=223202 end=223703 ret=-116 fail=0 status=0x00000000 len=0 frames=0
DBG_GATEWAY_CH9_RX_CONT_ARM now=223705 rem=500 frames=0 errors=0
DBG_GATEWAY_CH9_RX_CONT_RESULT start=223705 end=224206 ret=-116 fail=0 status=0x00000000 len=0 frames=0
DBG_GATEWAY_CH9_RX_CONT_ARM now=224208 rem=500 frames=0 errors=0
DBG_GATEWAY_CH9_RX_CONT_RESULT start=224208 end=224709 ret=-116 fail=0 status=0x00000000 len=0 frames=0
DBG_GATEWAY_CH9_RX_CONT_ARM now=224711 rem=500 frames=0 errors=0
DBG_GATEWAY_CH9_RX_CONT_RESULT start=224711 end=225212 ret=-116 fail=0 status=0x00000000 len=0 frames=0
DBG_GATEWAY_CH9_RX_CONT_ARM now=225214 rem=500 frames=0 errors=0
DBG_GATEWAY_CH9_RX_CONT_RESULT start=225214 end=225715 ret=-116 fail=0 status=0x00000000 len=0 frames=0
DBG_GATEWAY_CH9_RX_CONT_ARM now=225717 rem=500 frames=0 errors=0
DBG_GATEWAY_CH9_RX_CONT_RESULT start=225717 end=226218 ret=-116 fail=0 status=0x00000000 len=0 frames=0
DBG_GATEWAY_CH9_RX_CONT_ARM now=226220 rem=500 frames=0 errors=0
DBG_GATEWAY_CH9_RX_CONT_RESULT start=226220 end=226721 ret=-116 fail=0 status=0x00000000 len=0 frames=0
DBG_GATEWAY_CH9_RX_CONT_ARM now=226723 rem=500 frames=0 errors=0
DBG_GATEWAY_CH9_RX_CONT_RESULT start=226723 end=227224 ret=-116 fail=0 status=0x00000000 len=0 frames=0
DBG_GATEWAY_CH9_RX_CONT_ARM now=227226 rem=500 frames=0 errors=0
DBG_GATEWAY_CH9_RX_CONT_RESULT start=227226 end=227727 ret=-116 fail=0 status=0x00000000 len=0 frames=0
DBG_GATEWAY_CH9_RX_CONT_ARM now=227729 rem=500 frames=0 errors=0
DBG_GATEWAY_CH9_RX_CONT_RESULT start=227729 end=228230 ret=-116 fail=0 status=0x00000000 len=0 frames=0
DBG_GATEWAY_CH9_RX_CONT_ARM now=228232 rem=500 frames=0 errors=0
DBG_GATEWAY_CH9_RX_CONT_RESULT start=228232 end=228733 ret=-116 fail=0 status=0x00000000 len=0 frames=0
DBG_GATEWAY_CH9_RX_CONT_ARM now=228735 rem=500 frames=0 errors=0
DBG_GATEWAY_CH9_RX_CONT_RESULT start=228735 end=229236 ret=-116 fail=0 status=0x00000000 len=0 frames=0
DBG_GATEWAY_CH9_RX_CONT_ARM now=229238 rem=500 frames=0 errors=0
DBG_GATEWAY_CH9_RX_CONT_RESULT start=229238 end=229739 ret=-116 fail=0 status=0x00000000 len=0 frames=0
DBG_GATEWAY_CH9_RX_CONT_ARM now=229741 rem=500 frames=0 errors=0
DBG_GATEWAY_CH9_RX_CONT_RESULT start=229741 end=230242 ret=-116 fail=0 status=0x00000000 len=0 frames=0
DBG_GATEWAY_CH9_RX_CONT_ARM now=230244 rem=500 frames=0 errors=0
DBG_GATEWAY_CH9_RX_CONT_RESULT start=230244 end=230745 ret=-116 fail=0 status=0x00000000 len=0 frames=0
DBG_GATEWAY_CH9_RX_CONT_ARM now=230747 rem=500 frames=0 errors=0
DBG_GATEWAY_CH9_RX_CONT_RESULT start=230747 end=231248 ret=-116 fail=0 status=0x00000000 len=0 frames=0
DBG_GATEWAY_CH9_RX_CONT_ARM now=231250 rem=500 frames=0 errors=0
DBG_GATEWAY_CH9_RX_CONT_RESULT start=231250 end=231751 ret=-116 fail=0 status=0x00000000 len=0 frames=0
DBG_GATEWAY_CH9_RX_CONT_ARM now=231753 rem=500 frames=0 errors=0
DBG_GATEWAY_CH9_RX_CONT_RESULT start=231753 end=232254 ret=-116 fail=0 status=0x00000000 len=0 frames=0
DBG_GATEWAY_CH9_RX_CONT_ARM now=232256 rem=500 frames=0 errors=0
DBG_GATEWAY_CH9_RX_CONT_RESULT start=232256 end=232757 ret=-116 fail=0 status=0x00000000 len=0 frames=0
DBG_GATEWAY_CH9_RX_CONT_ARM now=232759 rem=500 frames=0 errors=0
DBG_GATEWAY_CH9_RX_CONT_RESULT start=232759 end=233260 ret=-116 fail=0 status=0x00000000 len=0 frames=0
DBG_GATEWAY_CH9_RX_CONT_ARM now=233262 rem=500 frames=0 errors=0
DBG_GATEWAY_CH9_RX_CONT_RESULT start=233262 end=233763 ret=-116 fail=0 status=0x00000000 len=0 frames=0
DBG_GATEWAY_CH9_RX_CONT_ARM now=233765 rem=500 frames=0 errors=0
DBG_GATEWAY_CH9_RX_CONT_RESULT start=233765 end=234266 ret=-116 fail=0 status=0x00000000 len=0 frames=0
DBG_GATEWAY_CH9_RX_CONT_ARM now=234268 rem=500 frames=0 errors=0
DBG_GATEWAY_CH9_RX_CONT_RESULT start=234268 end=234769 ret=-116 fail=0 status=0x00000000 len=0 frames=0
DBG_GATEWAY_CH9_RX_CONT_ARM now=234771 rem=500 frames=0 errors=0
DBG_GATEWAY_CH9_RX_CONT_RESULT start=234771 end=235272 ret=-116 fail=0 status=0x00000000 len=0 frames=0
DBG_GATEWAY_CH9_RX_CONT_ARM now=235274 rem=500 frames=0 errors=0
DBG_GATEWAY_CH9_RX_CONT_RESULT start=235274 end=235775 ret=-116 fail=0 status=0x00000000 len=0 frames=0
DBG_GATEWAY_CH9_RX_CONT_ARM now=235777 rem=500 frames=0 errors=0
DBG_GATEWAY_CH9_RX_CONT_RESULT start=235777 end=236278 ret=-116 fail=0 status=0x00000000 len=0 frames=0
DBG_GATEWAY_CH9_RX_CONT_ARM now=236280 rem=500 frames=0 errors=0
DBG_GATEWAY_CH9_RX_CONT_RESULT start=236280 end=236781 ret=-116 fail=0 status=0x00000000 len=0 frames=0
DBG_GATEWAY_CH9_RX_CONT_ARM now=236783 rem=500 frames=0 errors=0
DBG_GATEWAY_CH9_RX_CONT_RESULT start=236783 end=237284 ret=-116 fail=0 status=0x00000000 len=0 frames=0
DBG_GATEWAY_CH9_RX_CONT_ARM now=237286 rem=500 frames=0 errors=0
DBG_GATEWAY_CH9_RX_CONT_RESULT start=237286 end=237787 ret=-116 fail=0 status=0x00000000 len=0 frames=0
DBG_GATEWAY_CH9_RX_CONT_ARM now=237789 rem=500 frames=0 errors=0
DBG_GATEWAY_CH9_RX_CONT_RESULT start=237789 end=238290 ret=-116 fail=0 status=0x00000000 len=0 frames=0
DBG_GATEWAY_CH9_RX_CONT_ARM now=238292 rem=500 frames=0 errors=0
DBG_GATEWAY_CH9_RX_CONT_RESULT start=238292 end=238793 ret=-116 fail=0 status=0x00000000 len=0 frames=0
DBG_GATEWAY_CH9_RX_CONT_ARM now=238795 rem=500 frames=0 errors=0
DBG_GATEWAY_CH9_RX_CONT_RESULT start=238795 end=239296 ret=-116 fail=0 status=0x00000000 len=0 frames=0
DBG_GATEWAY_CH9_RX_CONT_ARM now=239298 rem=500 frames=0 errors=0
DBG_GATEWAY_CH9_RX_CONT_RESULT start=239298 end=239799 ret=-116 fail=0 status=0x00000000 len=0 frames=0
DBG_GATEWAY_CH9_RX_CONT_ARM now=239801 rem=500 frames=0 errors=0
DBG_GATEWAY_CH9_RX_CONT_RESULT start=239801 end=240302 ret=-116 fail=0 status=0x00000000 len=0 frames=0
DBG_GATEWAY_CH9_RX_CONT_ARM now=240304 rem=500 frames=0 errors=0
DBG_GATEWAY_CH9_RX_CONT_RESULT start=240304 end=240805 ret=-116 fail=0 status=0x00000000 len=0 frames=0
DBG_GATEWAY_CH9_RX_CONT_ARM now=240807 rem=500 frames=0 errors=0
DBG_GATEWAY_CH9_RX_CONT_RESULT start=240807 end=241308 ret=-116 fail=0 status=0x00000000 len=0 frames=0
DBG_GATEWAY_CH9_RX_CONT_ARM now=241310 rem=500 frames=0 errors=0
DBG_GATEWAY_CH9_RX_CONT_RESULT start=241310 end=241811 ret=-116 fail=0 status=0x00000000 len=0 frames=0
DBG_GATEWAY_CH9_RX_CONT_ARM now=241813 rem=500 frames=0 errors=0
DBG_GATEWAY_CH9_RX_CONT_RESULT start=241813 end=242314 ret=-116 fail=0 status=0x00000000 len=0 frames=0
DBG_GATEWAY_CH9_RX_CONT_ARM now=242316 rem=500 frames=0 errors=0
DBG_GATEWAY_CH9_RX_CONT_RESULT start=242316 end=242817 ret=-116 fail=0 status=0x00000000 len=0 frames=0
DBG_GATEWAY_CH9_RX_CONT_ARM now=242819 rem=500 frames=0 errors=0
DBG_GATEWAY_CH9_RX_CONT_RESULT start=242819 end=243320 ret=-116 fail=0 status=0x00000000 len=0 frames=0
DBG_GATEWAY_CH9_RX_CONT_ARM now=243322 rem=500 frames=0 errors=0
DBG_GATEWAY_CH9_RX_CONT_RESULT start=243322 end=243823 ret=-116 fail=0 status=0x00000000 len=0 frames=0
DBG_GATEWAY_CH9_RX_CONT_ARM now=243825 rem=500 frames=0 errors=0
DBG_GATEWAY_CH9_RX_CONT_RESULT start=243825 end=244326 ret=-116 fail=0 status=0x00000000 len=0 frames=0
DBG_GATEWAY_CH9_RX_CONT_ARM now=244328 rem=500 frames=0 errors=0
DBG_GATEWAY_CH9_RX_CONT_RESULT start=244328 end=244829 ret=-116 fail=0 status=0x00000000 len=0 frames=0
DBG_GATEWAY_CH9_RX_CONT_ARM now=244831 rem=500 frames=0 errors=0
DBG_GATEWAY_CH9_RX_CONT_RESULT start=244831 end=245332 ret=-116 fail=0 status=0x00000000 len=0 frames=0
DBG_GATEWAY_CH9_RX_CONT_ARM now=245334 rem=500 frames=0 errors=0
DBG_GATEWAY_CH9_RX_CONT_RESULT start=245334 end=245835 ret=-116 fail=0 status=0x00000000 len=0 frames=0
DBG_GATEWAY_CH9_RX_CONT_ARM now=245837 rem=500 frames=0 errors=0
DBG_GATEWAY_CH9_RX_CONT_RESULT start=245837 end=246338 ret=-116 fail=0 status=0x00000000 len=0 frames=0
DBG_GATEWAY_CH9_RX_CONT_ARM now=246340 rem=500 frames=0 errors=0
DBG_GATEWAY_CH9_RX_CONT_RESULT start=246340 end=246841 ret=-116 fail=0 status=0x00000000 len=0 frames=0
DBG_GATEWAY_CH9_RX_CONT_ARM now=246843 rem=500 frames=0 errors=0
DBG_GATEWAY_CH9_RX_CONT_RESULT start=246843 end=247344 ret=-116 fail=0 status=0x00000000 len=0 frames=0
DBG_GATEWAY_CH9_RX_CONT_ARM now=247346 rem=500 frames=0 errors=0
DBG_GATEWAY_CH9_RX_CONT_RESULT start=247346 end=247847 ret=-116 fail=0 status=0x00000000 len=0 frames=0
DBG_GATEWAY_CH9_RX_CONT_ARM now=247849 rem=500 frames=0 errors=0
DBG_GATEWAY_CH9_RX_CONT_RESULT start=247849 end=248350 ret=-116 fail=0 status=0x00000000 len=0 frames=0
DBG_GATEWAY_CH9_RX_CONT_ARM now=248352 rem=500 frames=0 errors=0
DBG_GATEWAY_CH9_RX_CONT_RESULT start=248352 end=248853 ret=-116 fail=0 status=0x00000000 len=0 frames=0
DBG_GATEWAY_CH9_RX_CONT_ARM now=248855 rem=500 frames=0 errors=0
DBG_GATEWAY_CH9_RX_CONT_RESULT start=248855 end=249356 ret=-116 fail=0 status=0x00000000 len=0 frames=0
DBG_GATEWAY_CH9_RX_CONT_ARM now=249358 rem=500 frames=0 errors=0
DBG_GATEWAY_CH9_RX_CONT_RESULT start=249358 end=249859 ret=-116 fail=0 status=0x00000000 len=0 frames=0
DBG_GATEWAY_CH9_RX_CONT_ARM now=249861 rem=500 frames=0 errors=0
DBG_GATEWAY_CH9_RX_CONT_RESULT start=249861 end=250362 ret=-116 fail=0 status=0x00000000 len=0 frames=0
DBG_GATEWAY_CH9_RX_CONT_ARM now=250364 rem=500 frames=0 errors=0
DBG_GATEWAY_BLE event=connected err=0 uptime=250443
DBG_GATEWAY_BLE event=param-request ret=0 interval=24-40 latency=0 timeout_ms=12000 uptime=250443
DBG_GATEWAY_CH9_RX_CONT_RESULT start=250364 end=250865 ret=-116 fail=0 status=0x00000000 len=0 frames=0
DBG_GATEWAY_CH9_RX_CONT_ARM now=250867 rem=500 frames=0 errors=0
DBG_GATEWAY_CH9_RX_CONT_RESULT start=250867 end=251368 ret=-116 fail=0 status=0x00000000 len=0 frames=0
DBG_GATEWAY_CH9_RX_CONT_ARM now=251370 rem=500 frames=0 errors=0
DBG_GATEWAY_CH9_RX_CONT_RESULT start=251370 end=251871 ret=-116 fail=0 status=0x00000000 len=0 frames=0
DBG_GATEWAY_CH9_RX_CONT_ARM now=251873 rem=500 frames=0 errors=0
DBG_GATEWAY_COMMAND_PRIORITY_SUBMIT ret=0 now=251952
DBG_STACK_RUN_BEGIN epoch=16803544993248225624 run=67 kind=ble_backpressure owner=system_workqueue queue=1 custody=1 credit=0 retry=0 drain=1 src=11068027678940948070 dst=11068027678940948070 session=40370258 seq=82 type=86 sequence=0 previous=0 uptime=251952
DBG_STACK_SAMPLE_BEGIN epoch=16803544993248225624 run=67 sample=67 kind=ble_backpressure owner=system_workqueue queue=1 custody=1 credit=0 retry=0 drain=1 src=11068027678940948070 dst=11068027678940948070 session=40370258 seq=82 type=86 uptime=251952
DBG_STACK_ISR_CONFIG size=8192 run=67 sample=67
DBG_STACK name=BT RX WQ tid=0x2000fe18 used=760 free=776 size=1536 ret=0 run=67 sample=67
DBG_STACK name=mesh_route tid=0x2000d560 used=5888 free=2304 size=8192 ret=0 run=67 sample=67
DBG_STACK name=sysworkq tid=0x20010d70 used=2408 free=2072 size=4480 ret=0 run=67 sample=67
DBG_STACK name=MPSL Work tid=0x20010b28 used=440 free=584 size=1024 ret=0 run=67 sample=67
DBG_STACK name=logging tid=0x2000f920 used=480 free=1568 size=2048 ret=0 run=67 sample=67
DBG_STACK name=idle tid=0x20010c00 used=64 free=256 size=320 ret=0 run=67 sample=67
DBG_STACK_SAMPLE_END run=67 sample=67
DBG_STACK_RUN_END epoch=16803544993248225624 run=67 kind=ble_backpressure owner=system_workqueue outcome=ack queue=2 custody=0 credit=1 retry=0 drain=2 src=11068027678940948070 dst=11068027678940948070 session=40370258 seq=82 type=86 samples=1 sequence=0 previous=0 uptime=251967
DBG_DWM_MARK_UNCONFIGURED tag=initialise_radio prev_phy=0
DBG_WAKE_TRAIN_CONFIG_BEGIN
DBG_DWM_INVALIDATE tag=configure_radio_from_reset active_phy=2 configured=1 awake=0
DBG_DWM_MARK_UNCONFIGURED tag=initialise_radio prev_phy=0
DBG_WAKE_TRAIN_CONFIG_OK
DBG_WAKE_TRAIN_FIRST_SEND_BEGIN
DBG_WAKE_TRAIN_FIRST_SEND_OK
DBG_UWB_TX_CH5
DBG_TX_WAKE_CLAIM_SENT
DBG_UWB_TX_CH5
DBG_TX_WAKE_CLAIM_SENT
DBG_UWB_TX_CH5
DBG_TX_WAKE_CLAIM_SENT
DBG_UWB_TX_CH5
DBG_TX_WAKE_CLAIM_SENT
DBG_UWB_TX_CH5
DBG_TX_WAKE_CLAIM_SENT
DBG_UWB_TX_CH5
DBG_TX_WAKE_CLAIM_SENT
DBG_UWB_TX_CH5
DBG_TX_WAKE_CLAIM_SENT
DBG_UWB_TX_CH5
DBG_TX_WAKE_CLAIM_SENT
DBG_UWB_TX_CH5
DBG_TX_WAKE_CLAIM_SENT
DBG_UWB_TX_CH5
DBG_TX_WAKE_CLAIM_SENT
DBG_UWB_TX_CH5
DBG_TX_WAKE_CLAIM_SENT
DBG_UWB_TX_CH5
DBG_TX_WAKE_CLAIM_SENT
DBG_UWB_TX_CH5
DBG_TX_WAKE_CLAIM_SENT
DBG_UWB_TX_CH5
DBG_TX_WAKE_CLAIM_SENT
DBG_UWB_TX_CH5
DBG_TX_WAKE_CLAIM_SENT
DBG_UWB_TX_CH5
DBG_TX_WAKE_CLAIM_SENT
DBG_UWB_TX_CH5
DBG_TX_WAKE_CLAIM_SENT
DBG_UWB_TX_CH5
DBG_TX_WAKE_CLAIM_SENT
DBG_UWB_TX_CH5
DBG_TX_WAKE_CLAIM_SENT
DBG_UWB_TX_CH5
DBG_TX_WAKE_CLAIM_SENT
DBG_UWB_TX_CH5
DBG_TX_WAKE_CLAIM_SENT
DBG_UWB_TX_CH5
DBG_TX_WAKE_CLAIM_SENT
DBG_UWB_TX_CH5
DBG_TX_WAKE_CLAIM_SENT
DBG_UWB_TX_CH5
DBG_TX_WAKE_CLAIM_SENT
DBG_UWB_TX_CH5
DBG_TX_WAKE_CLAIM_SENT
DBG_UWB_TX_CH5
DBG_TX_WAKE_CLAIM_SENT
DBG_UWB_TX_CH5
DBG_TX_WAKE_CLAIM_SENT
DBG_UWB_TX_CH5
DBG_TX_WAKE_CLAIM_SENT
DBG_UWB_TX_CH5
DBG_TX_WAKE_CLAIM_SENT
DBG_UWB_TX_CH5
DBG_TX_WAKE_CLAIM_SENT
DBG_UWB_TX_CH5
DBG_TX_WAKE_CLAIM_SENT
DBG_UWB_TX_CH5
DBG_TX_WAKE_CLAIM_SENT
DBG_UWB_TX_CH5
DBG_TX_WAKE_CLAIM_SENT
DBG_UWB_TX_CH5
DBG_TX_WAKE_CLAIM_SENT
DBG_UWB_TX_CH5
DBG_TX_WAKE_CLAIM_SENT
DBG_UWB_TX_CH5
DBG_TX_WAKE_CLAIM_SENT
DBG_UWB_TX_CH5
DBG_TX_WAKE_CLAIM_SENT
DBG_UWB_TX_CH5
DBG_TX_WAKE_CLAIM_SENT
DBG_UWB_TX_CH5
DBG_TX_WAKE_CLAIM_SENT
DBG_UWB_TX_CH5
DBG_TX_WAKE_CLAIM_SENT
DBG_UWB_TX_CH5
DBG_TX_WAKE_CLAIM_SENT
DBG_UWB_TX_CH5
DBG_TX_WAKE_CLAIM_SENT
DBG_UWB_TX_CH5
DBG_TX_WAKE_CLAIM_SENT
DBG_UWB_TX_CH5
DBG_TX_WAKE_CLAIM_SENT
DBG_UWB_TX_CH5
DBG_TX_WAKE_CLAIM_SENT
DBG_UWB_TX_CH5
DBG_TX_WAKE_CLAIM_SENT
DBG_UWB_TX_CH5
DBG_TX_WAKE_CLAIM_SENT
DBG_UWB_TX_CH5
DBG_TX_WAKE_CLAIM_SENT
DBG_UWB_TX_CH5
DBG_TX_WAKE_CLAIM_SENT
DBG_UWB_TX_CH5
DBG_TX_WAKE_CLAIM_SENT
DBG_UWB_TX_CH5
DBG_TX_WAKE_CLAIM_SENT
DBG_UWB_TX_CH5
DBG_TX_WAKE_CLAIM_SENT
DBG_UWB_TX_CH5
DBG_TX_WAKE_CLAIM_SENT
DBG_UWB_TX_CH5
DBG_TX_WAKE_CLAIM_SENT
DBG_UWB_TX_CH5
DBG_TX_WAKE_CLAIM_SENT
DBG_UWB_TX_CH5
DBG_TX_WAKE_CLAIM_SENT
DBG_UWB_TX_CH5
DBG_TX_WAKE_CLAIM_SENT
DBG_UWB_TX_CH5
DBG_TX_WAKE_CLAIM_SENT
DBG_UWB_TX_CH5
DBG_TX_WAKE_CLAIM_SENT
DBG_UWB_TX_CH5
DBG_TX_WAKE_CLAIM_SENT
DBG_UWB_TX_CH5
DBG_TX_WAKE_CLAIM_SENT
DBG_UWB_TX_CH5
DBG_TX_WAKE_CLAIM_SENT
DBG_DWM_INVALIDATE tag=configure_radio_from_reset active_phy=2 configured=1 awake=1
DBG_DWM_MARK_UNCONFIGURED tag=initialise_radio prev_phy=0
DBG_STACK_RUN_BEGIN epoch=16803544993248225624 run=68 kind=ble_backpressure owner=system_workqueue queue=1 custody=1 credit=0 retry=0 drain=1 src=11068027678940948070 dst=11068027678940948070 session=40370259 seq=83 type=86 sequence=0 previous=0 uptime=252446
DBG_STACK_SAMPLE_BEGIN epoch=16803544993248225624 run=68 sample=68 kind=ble_backpressure owner=system_workqueue queue=1 custody=1 credit=0 retry=0 drain=1 src=11068027678940948070 dst=11068027678940948070 session=40370259 seq=83 type=86 uptime=252447
DBG_STACK_ISR_CONFIG size=8192 run=68 sample=68
DBG_STACK name=BT RX WQ tid=0x2000fe18 used=760 free=776 size=1536 ret=0 run=68 sample=68
DBG_STACK name=mesh_route tid=0x2000d560 used=5888 free=2304 size=8192 ret=0 run=68 sample=68
DBG_STACK name=sysworkq tid=0x20010d70 used=2408 free=2072 size=4480 ret=0 run=68 sample=68
DBG_STACK name=MPSL Work tid=0x20010b28 used=440 free=584 size=1024 ret=0 run=68 sample=68
DBG_STACK name=logging tid=0x2000f920 used=480 free=1568 size=2048 ret=0 run=68 sample=68
DBG_STACK name=idle tid=0x20010c00 used=64 free=256 size=320 ret=0 run=68 sample=68
DBG_STACK_SAMPLE_END run=68 sample=68
DBG_STACK_RUN_END epoch=16803544993248225624 run=68 kind=ble_backpressure owner=system_workqueue outcome=ack queue=1 custody=0 credit=1 retry=0 drain=1 src=11068027678940948070 dst=11068027678940948070 session=40370259 seq=83 type=86 samples=1 sequence=0 previous=0 uptime=252457
DBG_DWM_MARK_UNCONFIGURED tag=initialise_radio prev_phy=0
DBG_DWM_INVALIDATE tag=configure_radio_from_reset active_phy=2 configured=1 awake=0
DBG_DWM_MARK_UNCONFIGURED tag=initialise_radio prev_phy=0
DBG_DWM_WAKE_MESH_CTRL_OK sfd=4073
DBG_C5_TX_CONFIG ret=0 ext=1 len=178 msg=3c reason=bounded-c5-flood
DBG_UWB_TX_CH5
DBG_DWM_INVALIDATE tag=configure_radio_from_reset active_phy=4 configured=1 awake=0
DBG_DWM_MARK_UNCONFIGURED tag=initialise_radio prev_phy=0
DBG_DWM_WAKE_MESH_CTRL_OK sfd=4073
DBG_DWM_INVALIDATE tag=configure_radio_from_reset active_phy=4 configured=1 awake=0
DBG_DWM_MARK_UNCONFIGURED tag=initialise_radio prev_phy=0
DBG_DWM_INVALIDATE tag=configure_radio_from_reset active_phy=2 configured=1 awake=0
DBG_DWM_MARK_UNCONFIGURED tag=initialise_radio prev_phy=0
DBG_DWM_WAKE_MESH_CTRL_OK sfd=4073
DBG_C5_TX_CONFIG ret=0 ext=1 len=178 msg=3c reason=bounded-c5-flood
DBG_UWB_TX_CH5
DBG_DWM_INVALIDATE tag=configure_radio_from_reset active_phy=4 configured=1 awake=0
DBG_DWM_MARK_UNCONFIGURED tag=initialise_radio prev_phy=0
DBG_DWM_WAKE_MESH_CTRL_OK sfd=4073
DBG_DWM_INVALIDATE tag=configure_radio_from_reset active_phy=4 configured=1 awake=0
DBG_DWM_MARK_UNCONFIGURED tag=initialise_radio prev_phy=0
DBG_DWM_INVALIDATE tag=configure_radio_from_reset active_phy=2 configured=1 awake=0
DBG_DWM_MARK_UNCONFIGURED tag=initialise_radio prev_phy=0
DBG_DWM_WAKE_MESH_CTRL_OK sfd=4073
DBG_C5_TX_CONFIG ret=0 ext=1 len=178 msg=3c reason=bounded-c5-flood
DBG_UWB_TX_CH5
DBG_DWM_INVALIDATE tag=configure_radio_from_reset active_phy=4 configured=1 awake=0
DBG_DWM_MARK_UNCONFIGURED tag=initialise_radio prev_phy=0
DBG_DWM_WAKE_MESH_CTRL_OK sfd=4073
DBG_DWM_INVALIDATE tag=configure_radio_from_reset active_phy=4 configured=1 awake=0
DBG_DWM_MARK_UNCONFIGURED tag=initialise_radio prev_phy=0
DBG_DWM_INVALIDATE tag=configure_radio_from_reset active_phy=2 configured=1 awake=0
DBG_DWM_MARK_UNCONFIGURED tag=initialise_radio prev_phy=0
DBG_DWM_WAKE_MESH_CTRL_OK sfd=4073
DBG_C5_TX_CONFIG ret=0 ext=1 len=178 msg=3c reason=bounded-c5-flood
DBG_UWB_TX_CH5
DBG_GATEWAY_RX_START reason=gateway mesh restart active=1 qrx=0 qtx=0 adv_due=0
DBG_COORD state=gateway-rx owner=uwb-rx reason=gateway-rx rx=0 tx=0 relay=0 route=0 ack=0 qack=0
DBG_GATEWAY_CH9_RX_CONT_CAP now=252880 win=12700 adv_wait=12700 due=265580
DBG_DWM_INVALIDATE tag=configure_radio_from_reset active_phy=4 configured=1 awake=1
DBG_STACK_RUN_BEGIN epoch=16803544993248225624 run=69 kind=ble_backpressure owner=system_workqueue queue=1 custody=1 credit=0 retry=0 drain=1 src=11068027678940948070 dst=11068027678940948070 session=40370261 seq=85 type=86 sequence=0 previous=0 uptime=252896
DBG_STACK_SAMPLE_BEGIN epoch=16803544993248225624 run=69 sample=69 kind=ble_backpressure owner=system_workqueue queue=1 custody=1 credit=0 retry=0 drain=1 src=11068027678940948070 dst=11068027678940948070 session=40370261 seq=85 type=86 uptime=252897
DBG_STACK_ISR_CONFIG size=8192 run=69 sample=69
DBG_STACK name=BT RX WQ tid=0x2000fe18 used=760 free=776 size=1536 ret=0 run=69 sample=69
DBG_STACK name=mesh_route tid=0x2000d560 used=5888 free=2304 size=8192 ret=0 run=69 sample=69
DBG_STACK name=sysworkq tid=0x20010d70 used=2408 free=2072 size=4480 ret=0 run=69 sample=69
DBG_STACK name=MPSL Work tid=0x20010b28 used=440 free=584 size=1024 ret=0 run=69 sample=69
DBG_STACK name=logging tid=0x2000f920 used=480 free=1568 size=2048 ret=0 run=69 sample=69
DBG_STACK name=idle tid=0x20010c00 used=64 free=256 size=320 ret=0 run=69 sample=69
DBG_STACK_SAMPLE_END run=69 sample=69
DBG_STACK_RUN_END epoch=16803544993248225624 run=69 kind=ble_backpressure owner=system_workqueue outcome=ack queue=1 custody=0 credit=1 retry=0 drain=1 src=11068027678940948070 dst=11068027678940948070 session=40370261 seq=85 type=86 samples=1 sequence=0 previous=0 uptime=252910
DBG_GATEWAY_CH9_RX_CONT_ARM now=252912 rem=500 frames=0 errors=0
DBG_GATEWAY_CH9_RX_CONT_RESULT start=252912 end=253412 ret=-116 fail=0 status=0x02000000 len=0 frames=0
DBG_GATEWAY_CH9_RX_CONT_CAP now=253414 win=12166 adv_wait=12166 due=265580
DBG_GATEWAY_CH9_RX_CONT_ARM now=253414 rem=500 frames=0 errors=0
DBG_GATEWAY_CH9_RX_CONT_RESULT start=253414 end=253915 ret=-116 fail=0 status=0x00000000 len=0 frames=0
DBG_GATEWAY_CH9_RX_CONT_CAP now=253917 win=11663 adv_wait=11663 due=265580
DBG_GATEWAY_CH9_RX_CONT_ARM now=253917 rem=500 frames=0 errors=0
DBG_GATEWAY_CH9_RX_CONT_RESULT start=253917 end=254418 ret=-116 fail=0 status=0x00000000 len=0 frames=0
DBG_GATEWAY_CH9_RX_CONT_CAP now=254420 win=11160 adv_wait=11160 due=265580
DBG_GATEWAY_CH9_RX_CONT_ARM now=254420 rem=500 frames=0 errors=0
DBG_GATEWAY_CH9_RX_CONT_RESULT start=254420 end=254921 ret=-116 fail=0 status=0x00000000 len=0 frames=0
DBG_GATEWAY_CH9_RX_CONT_CAP now=254923 win=10657 adv_wait=10657 due=265580
DBG_GATEWAY_CH9_RX_CONT_ARM now=254923 rem=500 frames=0 errors=0
DBG_GATEWAY_CH9_RX_CONT_RESULT start=254923 end=255424 ret=-116 fail=0 status=0x00000000 len=0 frames=0
DBG_GATEWAY_CH9_RX_CONT_CAP now=255426 win=10154 adv_wait=10154 due=265580
DBG_GATEWAY_CH9_RX_CONT_ARM now=255426 rem=500 frames=0 errors=0
DBG_GATEWAY_CH9_RX_CONT_RESULT start=255426 end=255927 ret=-116 fail=0 status=0x00000000 len=0 frames=0
DBG_GATEWAY_CH9_RX_CONT_CAP now=255929 win=9651 adv_wait=9651 due=265580
DBG_GATEWAY_CH9_RX_CONT_ARM now=255929 rem=500 frames=0 errors=0
DBG_GATEWAY_CH9_RX_CONT_RESULT start=255929 end=256430 ret=-116 fail=0 status=0x00000000 len=0 frames=0
DBG_GATEWAY_CH9_RX_CONT_CAP now=256432 win=9148 adv_wait=9148 due=265580
DBG_GATEWAY_CH9_RX_CONT_ARM now=256432 rem=500 frames=0 errors=0
DBG_GATEWAY_CH9_RX_CONT_RESULT start=256432 end=256933 ret=-116 fail=0 status=0x00000000 len=0 frames=0
DBG_GATEWAY_CH9_RX_CONT_CAP now=256935 win=8645 adv_wait=8645 due=265580
DBG_GATEWAY_CH9_RX_CONT_ARM now=256935 rem=500 frames=0 errors=0
DBG_GATEWAY_CH9_RX_CONT_RESULT start=256935 end=257436 ret=-116 fail=0 status=0x00000000 len=0 frames=0
DBG_GATEWAY_CH9_RX_CONT_CAP now=257438 win=8142 adv_wait=8142 due=265580
DBG_GATEWAY_CH9_RX_CONT_ARM now=257438 rem=500 frames=0 errors=0
DBG_GATEWAY_CH9_RX_CONT_RESULT start=257438 end=257939 ret=-116 fail=0 status=0x00000000 len=0 frames=0
DBG_GATEWAY_CH9_RX_CONT_CAP now=257941 win=7639 adv_wait=7639 due=265580
DBG_GATEWAY_CH9_RX_CONT_ARM now=257941 rem=500 frames=0 errors=0
DBG_GATEWAY_CH9_RX_CONT_RESULT start=257941 end=258442 ret=-116 fail=0 status=0x00000000 len=0 frames=0
DBG_GATEWAY_CH9_RX_CONT_CAP now=258444 win=7136 adv_wait=7136 due=265580
DBG_GATEWAY_CH9_RX_CONT_ARM now=258444 rem=500 frames=0 errors=0
DBG_GATEWAY_CH9_RX_CONT_RESULT start=258444 end=258945 ret=-116 fail=0 status=0x00000000 len=0 frames=0
DBG_GATEWAY_CH9_RX_CONT_CAP now=258947 win=6633 adv_wait=6633 due=265580
DBG_GATEWAY_CH9_RX_CONT_ARM now=258947 rem=500 frames=0 errors=0
DBG_GATEWAY_CH9_RX_CONT_RESULT start=258947 end=259448 ret=-116 fail=0 status=0x00000000 len=0 frames=0
DBG_GATEWAY_CH9_RX_CONT_CAP now=259450 win=6130 adv_wait=6130 due=265580
DBG_GATEWAY_CH9_RX_CONT_ARM now=259450 rem=500 frames=0 errors=0
DBG_GATEWAY_CH9_RX_CONT_RESULT start=259450 end=259951 ret=-116 fail=0 status=0x00000000 len=0 frames=0
DBG_GATEWAY_CH9_RX_CONT_CAP now=259953 win=5627 adv_wait=5627 due=265580
DBG_GATEWAY_CH9_RX_CONT_ARM now=259953 rem=500 frames=0 errors=0
DBG_GATEWAY_CH9_RX_CONT_RESULT start=259953 end=260454 ret=-116 fail=0 status=0x00000000 len=0 frames=0
DBG_GATEWAY_CH9_RX_CONT_CAP now=260456 win=5124 adv_wait=5124 due=265580
DBG_GATEWAY_CH9_RX_CONT_ARM now=260456 rem=500 frames=0 errors=0
DBG_GATEWAY_CH9_RX_CONT_RESULT start=260456 end=260957 ret=-116 fail=0 status=0x00000000 len=0 frames=0
DBG_GATEWAY_CH9_RX_CONT_CAP now=260959 win=4621 adv_wait=4621 due=265580
DBG_GATEWAY_CH9_RX_CONT_ARM now=260959 rem=500 frames=0 errors=0
DBG_GATEWAY_CH9_RX_CONT_RESULT start=260959 end=261460 ret=-116 fail=0 status=0x00000000 len=0 frames=0
DBG_GATEWAY_CH9_RX_CONT_CAP now=261462 win=4118 adv_wait=4118 due=265580
DBG_GATEWAY_CH9_RX_CONT_ARM now=261462 rem=500 frames=0 errors=0
DBG_GATEWAY_CH9_RX_CONT_RESULT start=261462 end=261963 ret=-116 fail=0 status=0x00000000 len=0 frames=0
DBG_GATEWAY_CH9_RX_CONT_CAP now=261965 win=3615 adv_wait=3615 due=265580
DBG_GATEWAY_CH9_RX_CONT_ARM now=261965 rem=500 frames=0 errors=0
DBG_GATEWAY_CH9_RX_CONT_RESULT start=261965 end=262466 ret=-116 fail=0 status=0x00000000 len=0 frames=0
DBG_GATEWAY_CH9_RX_CONT_CAP now=262468 win=3112 adv_wait=3112 due=265580
DBG_GATEWAY_CH9_RX_CONT_ARM now=262468 rem=500 frames=0 errors=0
DBG_GATEWAY_CH9_RX_CONT_RESULT start=262468 end=262969 ret=-116 fail=0 status=0x00000000 len=0 frames=0
DBG_GATEWAY_CH9_RX_CONT_CAP now=262971 win=2609 adv_wait=2609 due=265580
DBG_GATEWAY_CH9_RX_CONT_ARM now=262971 rem=500 frames=0 errors=0
DBG_GATEWAY_CH9_RX_CONT_RESULT start=262971 end=263472 ret=-116 fail=0 status=0x00000000 len=0 frames=0
DBG_GATEWAY_CH9_RX_CONT_CAP now=263474 win=2106 adv_wait=2106 due=265580
DBG_GATEWAY_CH9_RX_CONT_ARM now=263474 rem=500 frames=0 errors=0
DBG_GATEWAY_CH9_RX_CONT_RESULT start=263474 end=263975 ret=-116 fail=0 status=0x00000000 len=0 frames=0
DBG_GATEWAY_CH9_RX_CONT_CAP now=263977 win=1603 adv_wait=1603 due=265580
DBG_GATEWAY_CH9_RX_CONT_ARM now=263977 rem=500 frames=0 errors=0
DBG_GATEWAY_CH9_RX_CONT_RESULT start=263977 end=264478 ret=-116 fail=0 status=0x00000000 len=0 frames=0
DBG_GATEWAY_CH9_RX_CONT_CAP now=264480 win=1100 adv_wait=1100 due=265580
DBG_GATEWAY_CH9_RX_CONT_ARM now=264480 rem=500 frames=0 errors=0
DBG_GATEWAY_CH9_RX_CONT_RESULT start=264480 end=264981 ret=-116 fail=0 status=0x00000000 len=0 frames=0
DBG_GATEWAY_CH9_RX_CONT_CAP now=264983 win=597 adv_wait=597 due=265580
DBG_GATEWAY_CH9_RX_CONT_ARM now=264983 rem=500 frames=0 errors=0
DBG_GATEWAY_CH9_RX_CONT_RESULT start=264983 end=265484 ret=-116 fail=0 status=0x00000000 len=0 frames=0
DBG_GATEWAY_CH9_RX_CONT_CAP now=265486 win=94 adv_wait=94 due=265580
DBG_GATEWAY_CH9_RX_CONT_ARM now=265486 rem=94 frames=0 errors=0
DBG_GATEWAY_CH9_RX_CONT_RESULT start=265486 end=265581 ret=-116 fail=0 status=0x00000000 len=0 frames=0
DBG_GATEWAY_CH9_RX_DONE_YIELD_ADV now=265582 due=265580
DBG_STACK_RUN_BEGIN epoch=16803544993248225624 run=70 kind=ble_backpressure owner=system_workqueue queue=1 custody=1 credit=0 retry=0 drain=1 src=11068027678940948070 dst=11068027678940948070 session=174913252 seq=63204 type=65 sequence=0 previous=0 uptime=265582
DBG_STACK_SAMPLE_BEGIN epoch=16803544993248225624 run=70 sample=70 kind=ble_backpressure owner=system_workqueue queue=1 custody=1 credit=0 retry=0 drain=1 src=11068027678940948070 dst=11068027678940948070 session=174913252 seq=63204 type=65 uptime=265583
DBG_STACK_ISR_CONFIG size=8192 run=70 sample=70
DBG_STACK name=BT RX WQ tid=0x2000fe18 used=760 free=776 size=1536 ret=0 run=70 sample=70
DBG_STACK name=mesh_route tid=0x2000d560 used=5888 free=2304 size=8192 ret=0 run=70 sample=70
DBG_STACK name=sysworkq tid=0x20010d70 used=2408 free=2072 size=4480 ret=0 run=70 sample=70
DBG_STACK name=MPSL Work tid=0x20010b28 used=440 free=584 size=1024 ret=0 run=70 sample=70
DBG_STACK name=logging tid=0x2000f920 used=480 free=1568 size=2048 ret=0 run=70 sample=70
DBG_STACK name=idle tid=0x20010c00 used=64 free=256 size=320 ret=0 run=70 sample=70
DBG_STACK_SAMPLE_END run=70 sample=70
DBG_STACK_RUN_END epoch=16803544993248225624 run=70 kind=ble_backpressure owner=system_workqueue outcome=ack queue=2 custody=0 credit=1 retry=0 drain=2 src=11068027678940948070 dst=11068027678940948070 session=174913252 seq=63204 type=65 samples=1 sequence=0 previous=0 uptime=265609
DBG_STACK_RUN_BEGIN epoch=16803544993248225624 run=71 kind=ble_backpressure owner=system_workqueue queue=1 custody=1 credit=0 retry=0 drain=1 src=11068027678940948070 dst=11068027678940948070 session=40370262 seq=86 type=86 sequence=0 previous=0 uptime=266036
DBG_STACK_SAMPLE_BEGIN epoch=16803544993248225624 run=71 sample=71 kind=ble_backpressure owner=system_workqueue queue=1 custody=1 credit=0 retry=0 drain=1 src=11068027678940948070 dst=11068027678940948070 session=40370262 seq=86 type=86 uptime=266037
DBG_STACK_ISR_CONFIG size=8192 run=71 sample=71
DBG_STACK name=BT RX WQ tid=0x2000fe18 used=760 free=776 size=1536 ret=0 run=71 sample=71
DBG_STACK name=mesh_route tid=0x2000d560 used=5888 free=2304 size=8192 ret=0 run=71 sample=71
DBG_STACK name=sysworkq tid=0x20010d70 used=2408 free=2072 size=4480 ret=0 run=71 sample=71
DBG_STACK name=MPSL Work tid=0x20010b28 used=440 free=584 size=1024 ret=0 run=71 sample=71
DBG_STACK name=logging tid=0x2000f920 used=480 free=1568 size=2048 ret=0 run=71 sample=71
DBG_STACK name=idle tid=0x20010c00 used=64 free=256 size=320 ret=0 run=71 sample=71
DBG_STACK_SAMPLE_END run=71 sample=71
DBG_STACK_RUN_END epoch=16803544993248225624 run=71 kind=ble_backpressure owner=system_workqueue outcome=ack queue=1 custody=0 credit=1 retry=0 drain=1 src=11068027678940948070 dst=11068027678940948070 session=40370262 seq=86 type=86 samples=1 sequence=0 previous=0 uptime=266054
DBG_GATEWAY_CH9_RX_CONT_RESULT start=265592 end=266093 ret=-116 fail=0 status=0x00000000 len=0 frames=0
DBG_GATEWAY_CH9_RX_CONT_ARM now=266095 rem=500 frames=0 errors=0
DBG_GATEWAY_CH9_RX_CONT_RESULT start=266095 end=266596 ret=-116 fail=0 status=0x00000000 len=0 frames=0
DBG_GATEWAY_CH9_RX_CONT_ARM now=266598 rem=500 frames=0 errors=0
DBG_GATEWAY_COMMAND_PRIORITY_SUBMIT ret=0 now=266891
DBG_STACK_RUN_BEGIN epoch=16803544993248225624 run=72 kind=ble_backpressure owner=system_workqueue queue=1 custody=1 credit=0 retry=0 drain=1 src=11068027678940948070 dst=11068027678940948070 session=40370263 seq=87 type=86 sequence=0 previous=0 uptime=266892
DBG_STACK_SAMPLE_BEGIN epoch=16803544993248225624 run=72 sample=72 kind=ble_backpressure owner=system_workqueue queue=1 custody=1 credit=0 retry=0 drain=1 src=11068027678940948070 dst=11068027678940948070 session=40370263 seq=87 type=86 uptime=266892
DBG_STACK_ISR_CONFIG size=8192 run=72 sample=72
DBG_STACK name=BT RX WQ tid=0x2000fe18 used=760 free=776 size=1536 ret=0 run=72 sample=72
DBG_STACK name=mesh_route tid=0x2000d560 used=5888 free=2304 size=8192 ret=0 run=72 sample=72
DBG_STACK name=sysworkq tid=0x20010d70 used=2408 free=2072 size=4480 ret=0 run=72 sample=72
DBG_STACK name=MPSL Work tid=0x20010b28 used=440 free=584 size=1024 ret=0 run=72 sample=72
DBG_STACK name=logging tid=0x2000f920 used=480 free=1568 size=2048 ret=0 run=72 sample=72
DBG_STACK name=idle tid=0x20010c00 used=64 free=256 size=320 ret=0 run=72 sample=72
DBG_STACK_SAMPLE_END run=72 sample=72
DBG_STACK_RUN_END epoch=16803544993248225624 run=72 kind=ble_backpressure owner=system_workqueue outcome=ack queue=3 custody=0 credit=1 retry=0 drain=3 src=11068027678940948070 dst=11068027678940948070 session=40370263 seq=87 type=86 samples=1 sequence=0 previous=0 uptime=266912
DBG_STACK_RUN_BEGIN epoch=16803544993248225624 run=73 kind=ble_backpressure owner=system_workqueue queue=2 custody=2 credit=0 retry=0 drain=2 src=11068027678940948070 dst=11068027678940948070 session=40370264 seq=88 type=86 sequence=0 previous=0 uptime=267342
DBG_STACK_SAMPLE_BEGIN epoch=16803544993248225624 run=73 sample=73 kind=ble_backpressure owner=system_workqueue queue=2 custody=2 credit=0 retry=0 drain=2 src=11068027678940948070 dst=11068027678940948070 session=40370264 seq=88 type=86 uptime=267342
DBG_STACK_ISR_CONFIG size=8192 run=73 sample=73
DBG_STACK name=BT RX WQ tid=0x2000fe18 used=760 free=776 size=1536 ret=0 run=73 sample=73
DBG_STACK name=mesh_route tid=0x2000d560 used=5888 free=2304 size=8192 ret=0 run=73 sample=73
DBG_STACK name=sysworkq tid=0x20010d70 used=2408 free=2072 size=4480 ret=0 run=73 sample=73
DBG_STACK name=MPSL Work tid=0x20010b28 used=440 free=584 size=1024 ret=0 run=73 sample=73
DBG_STACK name=logging tid=0x2000f920 used=480 free=1568 size=2048 ret=0 run=73 sample=73
DBG_STACK name=idle tid=0x20010c00 used=64 free=256 size=320 ret=0 run=73 sample=73
DBG_STACK_SAMPLE_END run=73 sample=73
DBG_STACK_RUN_END epoch=16803544993248225624 run=73 kind=ble_backpressure owner=system_workqueue outcome=ack queue=2 custody=0 credit=1 retry=0 drain=2 src=11068027678940948070 dst=11068027678940948070 session=40370264 seq=88 type=86 samples=1 sequence=0 previous=0 uptime=267362
DBG_GATEWAY_CH9_RX_CONT_RESULT start=266898 end=267398 ret=-116 fail=0 status=0x00000000 len=0 frames=0
DBG_GATEWAY_COMMAND_PRIORITY_SUBMIT ret=0 now=267399
DBG_GATEWAY_CH9_RX_CONT_ARM now=267400 rem=500 frames=0 errors=0
DBG_GATEWAY_CH9_RX_CONT_RESULT start=267400 end=267401 ret=-140 fail=0 status=0x00000000 len=0 frames=0
DBG_GATEWAY_CH9_RX_COMMAND_PREEMPT now=267402 rem=500 frames=0
DBG_GATEWAY_CH9_RX_CONT_DONE ret=-140 len=0 fail=0 recover=0
DBG_NC o=000000000000000a g=0000000a w=00 e=0000003c s=00000005 q=0000>0004 r=00000000 f=00000024 t=00000000 p=00000000 a=00
DBG_NODE_COMM_SUBMIT handle=10 profile=0 token=17039370 deadline=277402
DBG_ENUM_FLOOD kind=1 handle=10
DBG_ENUM_CLAIM_TX epoch=40370265 round=1 ret=0
DBG_NODE_COMM_TX_BEGIN handle=10 profile=0 msg=64 dst=0x0 seq=10
DBG_CONTROL_RX_HANDOFF_READY abort=0
DBG_COORD state=idle owner=c5-flood reason=idle rx=0 tx=0 relay=0 route=0 ack=0 qack=0
DBG_WAKE_TRAIN_GUARD_OK
DBG_DWM_INVALIDATE tag=configure_radio_from_reset active_phy=3 configured=1 awake=1
DBG_DWM_MARK_UNCONFIGURED tag=initialise_radio prev_phy=0
DBG_WAKE_TRAIN_CONFIG_BEGIN
DBG_DWM_INVALIDATE tag=configure_radio_from_reset active_phy=2 configured=1 awake=0
DBG_DWM_MARK_UNCONFIGURED tag=initialise_radio prev_phy=0
DBG_WAKE_TRAIN_CONFIG_OK
DBG_WAKE_TRAIN_FIRST_SEND_BEGIN
DBG_WAKE_TRAIN_FIRST_SEND_OK
DBG_UWB_TX_CH5
DBG_TX_WAKE_CLAIM_SENT
DBG_UWB_TX_CH5
DBG_TX_WAKE_CLAIM_SENT
DBG_UWB_TX_CH5
DBG_TX_WAKE_CLAIM_SENT
DBG_UWB_TX_CH5
DBG_TX_WAKE_CLAIM_SENT
DBG_UWB_TX_CH5
DBG_TX_WAKE_CLAIM_SENT
DBG_UWB_TX_CH5
DBG_TX_WAKE_CLAIM_SENT
DBG_UWB_TX_CH5
DBG_TX_WAKE_CLAIM_SENT
DBG_UWB_TX_CH5
DBG_TX_WAKE_CLAIM_SENT
DBG_UWB_TX_CH5
DBG_TX_WAKE_CLAIM_SENT
DBG_UWB_TX_CH5
DBG_TX_WAKE_CLAIM_SENT
DBG_UWB_TX_CH5
DBG_TX_WAKE_CLAIM_SENT
DBG_UWB_TX_CH5
DBG_TX_WAKE_CLAIM_SENT
DBG_UWB_TX_CH5
DBG_TX_WAKE_CLAIM_SENT
DBG_UWB_TX_CH5
DBG_TX_WAKE_CLAIM_SENT
DBG_UWB_TX_CH5
DBG_TX_WAKE_CLAIM_SENT
DBG_UWB_TX_CH5
DBG_TX_WAKE_CLAIM_SENT
DBG_UWB_TX_CH5
DBG_TX_WAKE_CLAIM_SENT
DBG_UWB_TX_CH5
DBG_TX_WAKE_CLAIM_SENT
DBG_UWB_TX_CH5
DBG_TX_WAKE_CLAIM_SENT
DBG_UWB_TX_CH5
DBG_TX_WAKE_CLAIM_SENT
DBG_UWB_TX_CH5
DBG_TX_WAKE_CLAIM_SENT
DBG_UWB_TX_CH5
DBG_TX_WAKE_CLAIM_SENT
DBG_UWB_TX_CH5
DBG_TX_WAKE_CLAIM_SENT
DBG_UWB_TX_CH5
DBG_TX_WAKE_CLAIM_SENT
DBG_UWB_TX_CH5
DBG_TX_WAKE_CLAIM_SENT
DBG_UWB_TX_CH5
DBG_TX_WAKE_CLAIM_SENT
DBG_UWB_TX_CH5
DBG_TX_WAKE_CLAIM_SENT
DBG_UWB_TX_CH5
DBG_TX_WAKE_CLAIM_SENT
DBG_UWB_TX_CH5
DBG_TX_WAKE_CLAIM_SENT
DBG_UWB_TX_CH5
DBG_TX_WAKE_CLAIM_SENT
DBG_UWB_TX_CH5
DBG_TX_WAKE_CLAIM_SENT
DBG_UWB_TX_CH5
DBG_TX_WAKE_CLAIM_SENT
DBG_UWB_TX_CH5
DBG_TX_WAKE_CLAIM_SENT
DBG_UWB_TX_CH5
DBG_TX_WAKE_CLAIM_SENT
DBG_UWB_TX_CH5
DBG_TX_WAKE_CLAIM_SENT
DBG_UWB_TX_CH5
DBG_TX_WAKE_CLAIM_SENT
DBG_UWB_TX_CH5
DBG_TX_WAKE_CLAIM_SENT
DBG_STACK_RUN_BEGIN epoch=16803544993248225624 run=74 kind=ble_backpressure owner=system_workqueue queue=1 custody=1 credit=0 retry=0 drain=1 src=11068027678940948070 dst=11068027678940948070 session=40370266 seq=90 type=86 sequence=0 previous=0 uptime=267791
DBG_STACK_SAMPLE_BEGIN epoch=16803544993248225624 run=74 sample=74 kind=ble_backpressure owner=system_workqueue queue=1 custody=1 credit=0 retry=0 drain=1 src=11068027678940948070 dst=11068027678940948070 session=40370266 seq=90 type=86 uptime=267792
DBG_STACK_ISR_CONFIG size=8192 run=74 sample=74
DBG_STACK name=BT RX WQ tid=0x2000fe18 used=760 free=776 size=1536 ret=0 run=74 sample=74
DBG_STACK name=mesh_route tid=0x2000d560 used=5888 free=2304 size=8192 ret=0 run=74 sample=74
DBG_STACK name=sysworkq tid=0x20010d70 used=2408 free=2072 size=4480 ret=0 run=74 sample=74
DBG_STACK name=MPSL Work tid=0x20010b28 used=440 free=584 size=1024 ret=0 run=74 sample=74
DBG_STACK name=logging tid=0x2000f920 used=480 free=1568 size=2048 ret=0 run=74 sample=74
DBG_STACK name=idle tid=0x20010c00 used=64 free=256 size=320 ret=0 run=74 sample=74
DBG_STACK_SAMPLE_END run=74 sample=74
DBG_STACK_RUN_END epoch=16803544993248225624 run=74 kind=ble_backpressure owner=system_workqueue outcome=ack queue=1 custody=0 credit=1 retry=0 drain=1 src=11068027678940948070 dst=11068027678940948070 session=40370266 seq=90 type=86 samples=1 sequence=0 previous=0 uptime=267808
DBG_UWB_TX_CH5
DBG_TX_WAKE_CLAIM_SENT
DBG_UWB_TX_CH5
DBG_TX_WAKE_CLAIM_SENT
DBG_UWB_TX_CH5
DBG_TX_WAKE_CLAIM_SENT
DBG_UWB_TX_CH5
DBG_TX_WAKE_CLAIM_SENT
DBG_UWB_TX_CH5
DBG_TX_WAKE_CLAIM_SENT
DBG_UWB_TX_CH5
DBG_TX_WAKE_CLAIM_SENT
DBG_UWB_TX_CH5
DBG_TX_WAKE_CLAIM_SENT
DBG_UWB_TX_CH5
DBG_TX_WAKE_CLAIM_SENT
DBG_UWB_TX_CH5
DBG_TX_WAKE_CLAIM_SENT
DBG_UWB_TX_CH5
DBG_TX_WAKE_CLAIM_SENT
DBG_UWB_TX_CH5
DBG_TX_WAKE_CLAIM_SENT
DBG_UWB_TX_CH5
DBG_TX_WAKE_CLAIM_SENT
DBG_UWB_TX_CH5
DBG_TX_WAKE_CLAIM_SENT
DBG_UWB_TX_CH5
DBG_TX_WAKE_CLAIM_SENT
DBG_UWB_TX_CH5
DBG_TX_WAKE_CLAIM_SENT
DBG_UWB_TX_CH5
DBG_TX_WAKE_CLAIM_SENT
DBG_UWB_TX_CH5
DBG_TX_WAKE_CLAIM_SENT
DBG_UWB_TX_CH5
DBG_TX_WAKE_CLAIM_SENT
DBG_UWB_TX_CH5
DBG_TX_WAKE_CLAIM_SENT
DBG_UWB_TX_CH5
DBG_TX_WAKE_CLAIM_SENT
DBG_UWB_TX_CH5
DBG_TX_WAKE_CLAIM_SENT
DBG_UWB_TX_CH5
DBG_TX_WAKE_CLAIM_SENT
DBG_UWB_TX_CH5
DBG_TX_WAKE_CLAIM_SENT
DBG_UWB_TX_CH5
DBG_TX_WAKE_CLAIM_SENT
DBG_UWB_TX_CH5
DBG_TX_WAKE_CLAIM_SENT
DBG_UWB_TX_CH5
DBG_TX_WAKE_CLAIM_SENT
DBG_UWB_TX_CH5
DBG_TX_WAKE_CLAIM_SENT
DBG_UWB_TX_CH5
DBG_TX_WAKE_CLAIM_SENT
DBG_UWB_TX_CH5
DBG_TX_WAKE_CLAIM_SENT
DBG_UWB_TX_CH5
DBG_TX_WAKE_CLAIM_SENT
DBG_UWB_TX_CH5
DBG_TX_WAKE_CLAIM_SENT
DBG_UWB_TX_CH5
DBG_TX_WAKE_CLAIM_SENT
DBG_UWB_TX_CH5
DBG_TX_WAKE_CLAIM_SENT
DBG_UWB_TX_CH5
DBG_TX_WAKE_CLAIM_SENT
DBG_UWB_TX_CH5
DBG_TX_WAKE_CLAIM_SENT
DBG_UWB_TX_CH5
DBG_TX_WAKE_CLAIM_SENT
DBG_UWB_TX_CH5
DBG_TX_WAKE_CLAIM_SENT
DBG_UWB_TX_CH5
DBG_TX_WAKE_CLAIM_SENT
DBG_UWB_TX_CH5
DBG_TX_WAKE_CLAIM_SENT
DBG_UWB_TX_CH5
DBG_TX_WAKE_CLAIM_SENT
DBG_UWB_TX_CH5
DBG_TX_WAKE_CLAIM_SENT
DBG_UWB_TX_CH5
DBG_TX_WAKE_CLAIM_SENT
DBG_UWB_TX_CH5
DBG_TX_WAKE_CLAIM_SENT
DBG_UWB_TX_CH5
DBG_TX_WAKE_CLAIM_SENT
DBG_UWB_TX_CH5
DBG_TX_WAKE_CLAIM_SENT
DBG_UWB_TX_CH5
DBG_TX_WAKE_CLAIM_SENT
DBG_UWB_TX_CH5
DBG_TX_WAKE_CLAIM_SENT
DBG_UWB_TX_CH5
DBG_TX_WAKE_CLAIM_SENT
DBG_UWB_TX_CH5
DBG_TX_WAKE_CLAIM_SENT
DBG_UWB_TX_CH5
DBG_TX_WAKE_CLAIM_SENT
DBG_UWB_TX_CH5
DBG_TX_WAKE_CLAIM_SENT
DBG_UWB_TX_CH5
DBG_TX_WAKE_CLAIM_SENT
DBG_UWB_TX_CH5
DBG_TX_WAKE_CLAIM_SENT
DBG_UWB_TX_CH5
DBG_TX_WAKE_CLAIM_SENT
DBG_UWB_TX_CH5
DBG_TX_WAKE_CLAIM_SENT
DBG_UWB_TX_CH5
DBG_TX_WAKE_CLAIM_SENT
DBG_UWB_TX_CH5
DBG_TX_WAKE_CLAIM_SENT
DBG_UWB_TX_CH5
DBG_TX_WAKE_CLAIM_SENT
DBG_UWB_TX_CH5
DBG_TX_WAKE_CLAIM_SENT
DBG_UWB_TX_CH5
DBG_TX_WAKE_CLAIM_SENT
DBG_UWB_TX_CH5
DBG_TX_WAKE_CLAIM_SENT
DBG_UWB_TX_CH5
DBG_TX_WAKE_CLAIM_SENT
DBG_UWB_TX_CH5
DBG_TX_WAKE_CLAIM_SENT
DBG_UWB_TX_CH5
DBG_TX_WAKE_CLAIM_SENT
DBG_UWB_TX_CH5
DBG_TX_WAKE_CLAIM_SENT
DBG_UWB_TX_CH5
DBG_TX_WAKE_CLAIM_SENT
DBG_UWB_TX_CH5
DBG_TX_WAKE_CLAIM_SENT
DBG_UWB_TX_CH5
DBG_TX_WAKE_CLAIM_SENT
DBG_UWB_TX_CH5
DBG_TX_WAKE_CLAIM_SENT
DBG_UWB_TX_CH5
DBG_TX_WAKE_CLAIM_SENT
DBG_UWB_TX_CH5
DBG_TX_WAKE_CLAIM_SENT
DBG_UWB_TX_CH5
DBG_TX_WAKE_CLAIM_SENT
DBG_UWB_TX_CH5
DBG_TX_WAKE_CLAIM_SENT
DBG_UWB_TX_CH5
DBG_TX_WAKE_CLAIM_SENT
DBG_UWB_TX_CH5
DBG_TX_WAKE_CLAIM_SENT
DBG_UWB_TX_CH5
DBG_TX_WAKE_CLAIM_SENT
DBG_UWB_TX_CH5
DBG_TX_WAKE_CLAIM_SENT
DBG_UWB_TX_CH5
DBG_TX_WAKE_CLAIM_SENT
DBG_DWM_INVALIDATE tag=configure_radio_from_reset active_phy=2 configured=1 awake=1
DBG_DWM_MARK_UNCONFIGURED tag=initialise_radio prev_phy=0
DBG_C5_CONTROL_FOLLOWUP_TURNAROUND delay=60 msg=40 reason=node-comm-bounded-control-flood
DBG_DWM_INVALIDATE tag=configure_radio_from_reset active_phy=2 configured=1 awake=0
DBG_DWM_MARK_UNCONFIGURED tag=initialise_radio prev_phy=0
DBG_DWM_INVALIDATE tag=configure_radio_from_reset active_phy=2 configured=1 awake=0
DBG_DWM_MARK_UNCONFIGURED tag=initialise_radio prev_phy=0
DBG_DWM_WAKE_MESH_CTRL_OK sfd=4073
DBG_C5_TX_CONFIG ret=0 ext=1 len=127 msg=40 reason=bounded-c5-flood
DBG_UWB_TX_CH5
DBG_NC o=000000000000000a g=0000000a w=00 e=00000022 s=00000005 q=0004>0005 r=00000000 f=00000001 t=00000000 p=00000000 a=00
DBG_NC o=000000000000000a g=0000000a w=00 e=00000042 s=00000005 q=0005>0006 r=00000000 f=00000001 t=00000000 p=00000000 a=00
DBG_NODE_COMM_ATTEMPT handle=10 profile=0 attempt=1 ret=0 rf=1 scheduled=0 state=0
DBG_GATEWAY_RX_START reason=gateway mesh restart active=1 qrx=0 qtx=0 adv_due=0
DBG_ENUM_RF_BEGIN kind=1 handle=10 attempt=1 tries=1
DBG_STACK_RUN_BEGIN epoch=16803544993248225624 run=75 kind=ble_backpressure owner=system_workqueue queue=1 custody=1 credit=0 retry=0 drain=1 src=11068027678940948070 dst=11068027678940948070 session=40370268 seq=92 type=86 sequence=0 previous=0 uptime=268631
DBG_STACK_SAMPLE_BEGIN epoch=16803544993248225624 run=75 sample=75 kind=ble_backpressure owner=system_workqueue queue=1 custody=1 credit=0 retry=0 drain=1 src=11068027678940948070 dst=11068027678940948070 session=40370268 seq=92 type=86 uptime=268631
DBG_STACK_ISR_CONFIG size=8192 run=75 sample=75
DBG_STACK name=BT RX WQ tid=0x2000fe18 used=760 free=776 size=1536 ret=0 run=75 sample=75
DBG_STACK name=mesh_route tid=0x2000d560 used=5888 free=2304 size=8192 ret=0 run=75 sample=75
DBG_STACK name=sysworkq tid=0x20010d70 used=2408 free=2072 size=4480 ret=0 run=75 sample=75
DBG_STACK name=MPSL Work tid=0x20010b28 used=440 free=584 size=1024 ret=0 run=75 sample=75
DBG_STACK name=logging tid=0x2000f920 used=480 free=1568 size=2048 ret=0 run=75 sample=75
DBG_STACK name=idle tid=0x20010c00 used=64 free=256 size=320 ret=0 run=75 sample=75
DBG_STACK_SAMPLE_END run=75 sample=75
DBG_STACK_RUN_END epoch=16803544993248225624 run=75 kind=ble_backpressure owner=system_workqueue outcome=ack queue=1 custody=0 credit=1 retry=0 drain=1 src=11068027678940948070 dst=11068027678940948070 session=40370268 seq=92 type=86 samples=1 sequence=0 previous=0 uptime=268659
DBG_GATEWAY_CH9_RX_CONT_ARM now=268661 rem=500 frames=0 errors=0
DBG_NODE_COMM_TX_BEGIN handle=10 profile=0 msg=64 dst=0x0 seq=10
DBG_CONTROL_RX_HANDOFF_READY abort=0
DBG_COORD state=idle owner=c5-flood reason=idle rx=0 tx=0 relay=0 route=0 ack=0 qack=0
DBG_DWM_INVALIDATE tag=configure_radio_from_reset active_phy=3 configured=1 awake=1
DBG_DWM_MARK_UNCONFIGURED tag=initialise_radio prev_phy=0
DBG_DWM_INVALIDATE tag=configure_radio_from_reset active_phy=2 configured=1 awake=0
DBG_DWM_MARK_UNCONFIGURED tag=initialise_radio prev_phy=0
DBG_DWM_WAKE_MESH_CTRL_OK sfd=4073
DBG_C5_TX_CONFIG ret=0 ext=1 len=127 msg=40 reason=bounded-c5-flood
DBG_UWB_TX_CH5
DBG_NC o=000000000000000a g=0000000a w=00 e=00000022 s=00000005 q=0004>0005 r=00000000 f=00000001 t=00000000 p=00000000 a=00
DBG_NC o=000000000000000a g=0000000a w=00 e=00000042 s=00000005 q=0005>0006 r=00000000 f=00000001 t=00000000 p=00000000 a=00
DBG_NODE_COMM_ATTEMPT handle=10 profile=0 attempt=2 ret=0 rf=1 scheduled=0 state=0
DBG_GATEWAY_RX_START reason=gateway mesh restart active=1 qrx=0 qtx=0 adv_due=0
DBG_COORD state=gateway-rx owner=uwb-rx reason=gateway-rx rx=0 tx=0 relay=0 route=0 ack=0 qack=0
DBG_DWM_INVALIDATE tag=configure_radio_from_reset active_phy=4 configured=1 awake=1
DBG_DWM_MARK_UNCONFIGURED tag=initialise_radio prev_phy=0
DBG_GATEWAY_CH9_RX_CONT_ARM now=268752 rem=500 frames=0 errors=0
DBG_GATEWAY_CH9_RX_CONT_RESULT start=268752 end=268764 ret=-140 fail=0 status=0x02000000 len=0 frames=0
DBG_GATEWAY_CH9_RX_COMMAND_PREEMPT now=268765 rem=500 frames=0
DBG_GATEWAY_CH9_RX_CONT_DONE ret=-140 len=0 fail=0 recover=0
DBG_NC o=000000000000000a g=0000000a w=00 e=00000023 s=00000005 q=0006>0004 r=00000000 f=00000024 t=00000000 p=00000000 a=00
DBG_NODE_COMM_TX_BEGIN handle=10 profile=0 msg=64 dst=0x0 seq=10
DBG_CONTROL_RX_HANDOFF_READY abort=0
DBG_COORD state=idle owner=c5-flood reason=idle rx=0 tx=0 relay=0 route=0 ack=0 qack=0
DBG_DWM_INVALIDATE tag=configure_radio_from_reset active_phy=3 configured=1 awake=1
DBG_DWM_MARK_UNCONFIGURED tag=initialise_radio prev_phy=0
DBG_DWM_INVALIDATE tag=configure_radio_from_reset active_phy=2 configured=1 awake=0
DBG_DWM_MARK_UNCONFIGURED tag=initialise_radio prev_phy=0
DBG_DWM_WAKE_MESH_CTRL_OK sfd=4073
DBG_C5_TX_CONFIG ret=0 ext=1 len=127 msg=40 reason=bounded-c5-flood
DBG_UWB_TX_CH5
DBG_NC o=000000000000000a g=0000000a w=00 e=00000022 s=00000005 q=0004>0005 r=00000000 f=00000001 t=00000000 p=00000000 a=00
DBG_NC o=000000000000000a g=0000000a w=00 e=00000042 s=00000005 q=0005>0006 r=00000000 f=00000001 t=00000000 p=00000000 a=00
DBG_NODE_COMM_ATTEMPT handle=10 profile=0 attempt=3 ret=0 rf=1 scheduled=0 state=0
DBG_GATEWAY_RX_START reason=gateway mesh restart active=1 qrx=0 qtx=0 adv_due=0
DBG_COORD state=gateway-rx owner=uwb-rx reason=gateway-rx rx=0 tx=0 relay=0 route=0 ack=0 qack=0
DBG_DWM_INVALIDATE tag=configure_radio_from_reset active_phy=4 configured=1 awake=1
DBG_DWM_MARK_UNCONFIGURED tag=initialise_radio prev_phy=0
DBG_GATEWAY_CH9_RX_CONT_ARM now=268848 rem=500 frames=0 errors=0
DBG_GATEWAY_CH9_RX_CONT_RESULT start=268848 end=268860 ret=-140 fail=0 status=0x02000000 len=0 frames=0
DBG_GATEWAY_CH9_RX_COMMAND_PREEMPT now=268860 rem=500 frames=0
DBG_GATEWAY_CH9_RX_CONT_DONE ret=-140 len=0 fail=0 recover=0
DBG_NC o=000000000000000a g=0000000a w=00 e=00000023 s=00000005 q=0006>0004 r=00000000 f=00000024 t=00000000 p=00000000 a=00
DBG_NODE_COMM_TX_BEGIN handle=10 profile=0 msg=64 dst=0x0 seq=10
DBG_CONTROL_RX_HANDOFF_READY abort=0
DBG_COORD state=idle owner=c5-flood reason=idle rx=0 tx=0 relay=0 route=0 ack=0 qack=0
DBG_DWM_INVALIDATE tag=configure_radio_from_reset active_phy=3 configured=1 awake=1
DBG_DWM_MARK_UNCONFIGURED tag=initialise_radio prev_phy=0
DBG_DWM_INVALIDATE tag=configure_radio_from_reset active_phy=2 configured=1 awake=0
DBG_DWM_MARK_UNCONFIGURED tag=initialise_radio prev_phy=0
DBG_DWM_WAKE_MESH_CTRL_OK sfd=4073
DBG_C5_TX_CONFIG ret=0 ext=1 len=127 msg=40 reason=bounded-c5-flood
DBG_UWB_TX_CH5
DBG_NC o=000000000000000a g=0000000a w=00 e=00000022 s=00000005 q=0004>0005 r=00000000 f=00000001 t=00000000 p=00000000 a=00
DBG_NC o=000000000000000a g=0000000a w=00 e=00000041 s=00000005 q=0005>0008 r=00000000 f=00000026 t=00000000 p=00000001 a=04
DBG_NODE_COMM_ATTEMPT handle=10 profile=0 attempt=4 ret=0 rf=1 scheduled=0 state=0
DBG_GATEWAY_RX_START reason=gateway mesh restart active=1 qrx=0 qtx=0 adv_due=0
DBG_ENUM_RF_RESULT kind=1 handle=10 success=1 reason=0 tries=4
DBG_COORD state=gateway-rx owner=uwb-rx reason=gateway-rx rx=0 tx=0 relay=0 route=0 ack=0 qack=0
DBG_DWM_INVALIDATE tag=configure_radio_from_reset active_phy=4 configured=1 awake=1
DBG_DWM_MARK_UNCONFIGURED tag=initialise_radio prev_phy=0
DBG_GATEWAY_CH9_RX_CONT_ARM now=268943 rem=500 frames=0 errors=0
DBG_GATEWAY_CH9_RX_CONT_RESULT start=268943 end=269144 ret=0 fail=0 status=0x02006f00 len=97 frames=0
DBG_UWB_RX_CH9
DBG_GATEWAY_CH9_RX_RELEASE_IDLE
DBG_GATEWAY_RX_DECODE ch=9 msg=0x41 src=0x191a9619c6c8cb07 dst=0x9999888877776666 prev=0x191a9619c6c8cb07 seq=10 flags=0x14 pl
DBG_UWB_RX_CH9
DBG_MESH_RX_QUEUED ch=9 msg=0x41 src=0x191a9619c6c8cb07 dst=0x9999888877776666 prev=0x191a9619c6c8cb07 seq=10 q=1
DBG_MESH_RX_DIRECT_WAIT q=1 reason=gateway-ch9-continuous-rx
DBG_MESH_RX_DIRECT_ENTER q=1 reason=gateway-ch9-continuous-rx
DBG_MESH_RX_DRAIN_ENTER owner=gateway-ch9-continuous-rx q=1
DBG_ENUM_ADAPTIVE_DEADLINE stage=0 observed_hop=1 next_hop=2 wait=4678 deadline=273827
DBG_ENUM_CLAIM_RX epoch=40370265 anchor=0x191a9619c6c8cb07 hop=1 responders=1 roster=1 retained=0
DBG_GATEWAY_ACK_INPUT type=65 src=0x191a9619c6c8cb07 dst=0x9999888877776666 rxseq=10 ackseq=47 len=36 flags=0x14 meta=0
DBG_GATEWAY_ACK_GUARD ms=10 seq=47 owner=control
DBG_STACK_RUN_BEGIN epoch=16803544993248225624 run=76 kind=ble_backpressure owner=system_workqueue queue=1 custody=1 credit=0 retry=0 drain=1 src=11068027678940948070 dst=11068027678940948070 session=40370269 seq=93 type=86 sequence=0 previous=0 uptime=269151
DBG_STACK_SAMPLE_BEGIN epoch=16803544993248225624 run=76 sample=76 kind=ble_backpressure owner=system_workqueue queue=1 custody=1 credit=0 retry=0 drain=1 src=11068027678940948070 dst=11068027678940948070 session=40370269 seq=93 type=86 uptime=269155
DBG_STACK_ISR_CONFIG size=8192 run=76 sample=76
DBG_STACK name=BT RX WQ tid=0x2000fe18 used=760 free=776 size=1536 ret=0 run=76 sample=76
DBG_STACK name=mesh_route tid=0x2000d560 used=5888 free=2304 size=8192 ret=0 run=76 sample=76
DBG_STACK name=sysworkq tid=0x20010d70 used=2408 free=2072 size=4480 ret=0 run=76 sample=76
DBG_STACK name=MPSL Work tid=0x20010b28 used=440 free=584 size=1024 ret=0 run=76 sample=76
DBG_STACK name=logging tid=0x2000f920 used=480 free=1568 size=2048 ret=0 run=76 sample=76
DBG_STACK name=idle tid=0x20010c00 used=64 free=256 size=320 ret=0 run=76 sample=76
DBG_STACK_SAMPLE_END run=76 sample=76
DBG_STACK_RUN_END epoch=16803544993248225624 run=76 kind=ble_backpressure owner=system_workqueue outcome=ack queue=1 custody=0 credit=1 retry=0 drain=1 src=11068027678940948070 dst=11068027678940948070 session=40370269 seq=93 type=86 samples=1 sequence=0 previous=0 uptime=269185
DBG_COORD state=idle owner=gateway-ack-immediate-channel9 reason=idle rx=0 tx=0 relay=0 route=0 ack=0 qack=0
DBG_MESH_RX_DIRECT_EXIT handled=1 q=0 reason=gateway-ch9-continuous-rx
DBG_GATEWAY_CH9_RX_CONT_ARM now=269199 rem=219 frames=2 errors=0
DBG_GATEWAY_CH9_RX_CONT_RESULT start=269199 end=269419 ret=-116 fail=0 status=0x00000000 len=0 frames=2
DBG_MESH_RX_WORK_WAIT q=0
DBG_MESH_RX_WORK_ENTER q=0
DBG_MESH_RX_DRAIN_ENTER owner=work q=0
DBG_MESH_RX_DRAIN_EXIT owner=work handled=0 q=0
DBG_MESH_RX_WORK_EXIT handled=0 q=0
DBG_GATEWAY_RX_REARM_RUN delay=0 ret=1 active=1
DBG_COORD state=gateway-rx owner=uwb-rx reason=gateway-rx rx=0 tx=0 relay=0 route=0 ack=0 qack=0
DBG_GATEWAY_CH9_RX_CONT_ARM now=269420 rem=500 frames=0 errors=0
DBG_GATEWAY_CH9_RX_CONT_RESULT start=269420 end=269594 ret=0 fail=0 status=0x00006f00 len=97 frames=0
DBG_UWB_RX_CH9
DBG_GATEWAY_CH9_RX_RELEASE_IDLE
DBG_GATEWAY_RX_DECODE ch=9 msg=0x41 src=0x56da25fe4af6d141 dst=0x9999888877776666 prev=0x56da25fe4af6d141 seq=10 flags=0x14 pl
DBG_UWB_RX_CH9
DBG_MESH_RX_QUEUED ch=9 msg=0x41 src=0x56da25fe4af6d141 dst=0x9999888877776666 prev=0x56da25fe4af6d141 seq=10 q=1
DBG_MESH_RX_DIRECT_WAIT q=1 reason=gateway-ch9-continuous-rx
DBG_MESH_RX_DIRECT_ENTER q=1 reason=gateway-ch9-continuous-rx
DBG_MESH_RX_DRAIN_ENTER owner=gateway-ch9-continuous-rx q=1
DBG_ENUM_ADAPTIVE_DEADLINE stage=0 observed_hop=1 next_hop=2 wait=4678 deadline=274277
DBG_ENUM_CLAIM_RX epoch=40370265 anchor=0x56da25fe4af6d141 hop=1 responders=2 roster=2 retained=0
DBG_GATEWAY_ACK_INPUT type=65 src=0x56da25fe4af6d141 dst=0x9999888877776666 rxseq=10 ackseq=49 len=36 flags=0x14 meta=0
DBG_GATEWAY_ACK_GUARD ms=10 seq=49 owner=control
DBG_COORD state=idle owner=gateway-ack-immediate-channel9 reason=idle rx=0 tx=0 relay=0 route=0 ack=0 qack=0
DBG_CH9_TX_CONFIG ret=0 now=269611 earliest=0 msg=32
DBG_CH9_TX_SEND_AT now=269612 earliest=0 msg=32 len=105
DBG_CH9_TX_RELEASE_IDLE msg=32 seq=49 reason=gateway-ack-immediate-channel9 ret=0
DBG_UWB_TX_CH9
DBG_GATEWAY_ACK_TX_LED
DBG_GATEWAY_RX_REARM_DEFER delay=0 ret=1 active=1
DBG_GATEWAY_RX_START reason=gateway mesh restart active=1 qrx=0 qtx=0 adv_due=0
DBG_GATEWAY_ACK_SEND ret=0 seq=49 dst=0x56da25fe4af6d141 next=0x56da25fe4af6d141
DBG_STACK_RUN_BEGIN epoch=16803544993248225624 run=77 kind=ble_backpressure owner=system_workqueue queue=1 custody=1 credit=0 retry=0 drain=1 src=11068027678940948070 dst=11068027678940948070 session=40370270 seq=94 type=86 sequence=0 previous=0 uptime=269636
DBG_STACK_SAMPLE_BEGIN epoch=16803544993248225624 run=77 sample=77 kind=ble_backpressure owner=system_workqueue queue=1 custody=1 credit=0 retry=0 drain=1 src=11068027678940948070 dst=11068027678940948070 session=40370270 seq=94 type=86 uptime=269637
DBG_STACK_ISR_CONFIG size=8192 run=77 sample=77
DBG_STACK name=BT RX WQ tid=0x2000fe18 used=760 free=776 size=1536 ret=0 run=77 sample=77
DBG_STACK name=mesh_route tid=0x2000d560 used=5888 free=2304 size=8192 ret=0 run=77 sample=77
DBG_STACK name=sysworkq tid=0x20010d70 used=2408 free=2072 size=4480 ret=0 run=77 sample=77
DBG_STACK name=MPSL Work tid=0x20010b28 used=440 free=584 size=1024 ret=0 run=77 sample=77
DBG_STACK name=logging tid=0x2000f920 used=480 free=1568 size=2048 ret=0 run=77 sample=77
DBG_STACK name=idle tid=0x20010c00 used=64 free=256 size=320 ret=0 run=77 sample=77
DBG_STACK_SAMPLE_END run=77 sample=77
DBG_STACK_RUN_END epoch=16803544993248225624 run=77 kind=ble_backpressure owner=system_workqueue outcome=ack queue=1 custody=0 credit=1 retry=0 drain=1 src=11068027678940948070 dst=11068027678940948070 session=40370270 seq=94 type=86 samples=1 sequence=0 previous=0 uptime=269646
DBG_GATEWAY_CH9_RX_CONT_RESULT start=269617 end=269766 ret=0 fail=0 status=0x00006f00 len=97 frames=1
DBG_UWB_RX_CH9
DBG_GATEWAY_CH9_RX_RELEASE_IDLE
DBG_GATEWAY_RX_DECODE ch=9 msg=0x41 src=0x708bc0aab970300e dst=0x9999888877776666 prev=0x708bc0aab970300e seq=10 flags=0x14 pl
DBG_UWB_RX_CH9
DBG_MESH_RX_QUEUED ch=9 msg=0x41 src=0x708bc0aab970300e dst=0x9999888877776666 prev=0x708bc0aab970300e seq=10 q=1
DBG_COORD state=gateway-rx owner=gateway-ch9-continuous-rx reason=gateway-rx rx=1 tx=0 relay=0 route=0 ack=0 qack=0
DBG_MESH_RX_DIRECT_WAIT q=1 reason=gateway-ch9-continuous-rx
DBG_MESH_RX_DIRECT_ENTER q=1 reason=gateway-ch9-continuous-rx
DBG_MESH_RX_DRAIN_ENTER owner=gateway-ch9-continuous-rx q=1
DBG_ENUM_ADAPTIVE_DEADLINE stage=0 observed_hop=1 next_hop=2 wait=4678 deadline=274449
DBG_ENUM_CONFIRM ret=1
DBG_ENUM_CLAIM_RX epoch=40370265 anchor=0x708bc0aab970300e hop=1 responders=3 roster=3 retained=0
DBG_GATEWAY_ACK_INPUT type=65 src=0x708bc0aab970300e dst=0x9999888877776666 rxseq=10 ackseq=50 len=36 flags=0x14 meta=0
DBG_GATEWAY_ACK_GUARD ms=10 seq=50 owner=control
DBG_CH9_TX_CONFIG ret=0 now=269784 earliest=0 msg=32
DBG_GATEWAY_CH9_RX_CONT_RESULT start=269789 end=269801 ret=0 fail=0 status=0x00006f00 len=105 frames=2
DBG_UWB_RX_CH9
DBG_GATEWAY_CH9_RX_RELEASE_IDLE
DBG_GATEWAY_RX_DECODE ch=9 msg=0x33 src=0x708bc0aab970300e dst=0x9999888877776666 prev=0x708bc0aab970300e seq=10 flags=0x04 pl
DBG_UWB_RX_CH9
DBG_MESH_RX_QUEUED ch=9 msg=0x33 src=0x708bc0aab970300e dst=0x9999888877776666 prev=0x708bc0aab970300e seq=10 q=1
DBG_COORD state=gateway-rx owner=gateway-ch9-continuous-rx reason=gateway-rx rx=1 tx=0 relay=0 route=0 ack=0 qack=0
DBG_MESH_RX_DIRECT_WAIT q=1 reason=gateway-ch9-continuous-rx
DBG_MESH_RX_DIRECT_ENTER q=1 reason=gateway-ch9-continuous-rx
DBG_MESH_RX_DRAIN_ENTER owner=gateway-ch9-continuous-rx q=1
DBG_GATEWAY_ACK_INPUT type=51 src=0x708bc0aab970300e dst=0x9999888877776666 rxseq=10 ackseq=51 len=44 flags=0x04 meta=0
DBG_GATEWAY_ACK_GUARD ms=10 seq=51 owner=control
DBG_COORD state=idle owner=gateway-ack-immediate-channel9 reason=idle rx=0 tx=0 relay=0 route=0 ack=0 qack=0
DBG_CH9_TX_CONFIG ret=0 now=269816 earliest=0 msg=32
DBG_CH9_TX_SEND_AT now=269816 earliest=0 msg=32 len=105
DBG_CH9_TX_RELEASE_IDLE msg=32 seq=51 reason=gateway-ack-immediate-channel9 ret=0
DBG_UWB_TX_CH9
DBG_GATEWAY_ACK_TX_LED
DBG_GATEWAY_RX_REARM_DEFER delay=0 ret=1 active=1
DBG_GATEWAY_RX_START reason=gateway mesh restart active=1 qrx=0 qtx=0 adv_due=0
DBG_GATEWAY_ACK_SEND ret=0 seq=51 dst=0x708bc0aab970300e next=0x708bc0aab970300e
DBG_GATEWAY_CH9_RX_CONT_RESULT start=269821 end=269921 ret=-116 fail=0 status=0x00000000 len=0 frames=3
DBG_MESH_RX_WORK_WAIT q=0
DBG_MESH_RX_WORK_ENTER q=0
DBG_MESH_RX_DRAIN_ENTER owner=work q=0
DBG_MESH_RX_DRAIN_EXIT owner=work handled=0 q=0
DBG_MESH_RX_WORK_EXIT handled=0 q=0
DBG_GATEWAY_RX_REARM_RUN delay=0 ret=1 active=1
DBG_COORD state=gateway-rx owner=uwb-rx reason=gateway-rx rx=0 tx=0 relay=0 route=0 ack=0 qack=0
DBG_GATEWAY_CH9_RX_CONT_ARM now=269922 rem=500 frames=0 errors=0
DBG_STACK_RUN_BEGIN epoch=16803544993248225624 run=78 kind=ble_backpressure owner=system_workqueue queue=1 custody=1 credit=0 retry=0 drain=1 src=11068027678940948070 dst=11068027678940948070 session=40370271 seq=95 type=86 sequence=0 previous=0 uptime=270131
DBG_STACK_SAMPLE_BEGIN epoch=16803544993248225624 run=78 sample=78 kind=ble_backpressure owner=system_workqueue queue=1 custody=1 credit=0 retry=0 drain=1 src=11068027678940948070 dst=11068027678940948070 session=40370271 seq=95 type=86 uptime=270132
DBG_STACK_ISR_CONFIG size=8192 run=78 sample=78
DBG_STACK name=BT RX WQ tid=0x2000fe18 used=760 free=776 size=1536 ret=0 run=78 sample=78
DBG_STACK name=mesh_route tid=0x2000d560 used=5888 free=2304 size=8192 ret=0 run=78 sample=78
DBG_STACK name=sysworkq tid=0x20010d70 used=2408 free=2072 size=4480 ret=0 run=78 sample=78
DBG_STACK name=MPSL Work tid=0x20010b28 used=440 free=584 size=1024 ret=0 run=78 sample=78
DBG_STACK name=logging tid=0x2000f920 used=480 free=1568 size=2048 ret=0 run=78 sample=78
DBG_STACK name=idle tid=0x20010c00 used=64 free=256 size=320 ret=0 run=78 sample=78
DBG_STACK_SAMPLE_END run=78 sample=78
DBG_STACK_RUN_END epoch=16803544993248225624 run=78 kind=ble_backpressure owner=system_workqueue outcome=ack queue=1 custody=0 credit=1 retry=0 drain=1 src=11068027678940948070 dst=11068027678940948070 session=40370271 seq=95 type=86 samples=1 sequence=0 previous=0 uptime=270149
DBG_GATEWAY_CH9_RX_CONT_RESULT start=269922 end=270423 ret=-116 fail=0 status=0x00000000 len=0 frames=0
DBG_GATEWAY_COMMAND_PRIORITY_SUBMIT ret=0 now=270424
DBG_GATEWAY_CH9_RX_CONT_ARM now=270425 rem=500 frames=0 errors=0
DBG_GATEWAY_CH9_RX_CONT_RESULT start=270425 end=270426 ret=-140 fail=0 status=0x00000000 len=0 frames=0
DBG_GATEWAY_CH9_RX_COMMAND_PREEMPT now=270427 rem=500 frames=0
DBG_GATEWAY_CH9_RX_CONT_DONE ret=-140 len=0 fail=0 recover=0
DBG_NC o=000000000000000b g=0000000b w=00 e=0000003c s=00000005 q=0000>0004 r=00000000 f=00000024 t=00000000 p=00000000 a=00
DBG_NODE_COMM_SUBMIT handle=11 profile=6 token=17039371 deadline=280429
DBG_ENUM_FLOOD kind=2 handle=11
DBG_ENUM_TABLE_TX epoch=40370265 count=3 round=1 ret=0
DBG_NODE_COMM_TX_BEGIN handle=11 profile=6 msg=64 dst=0x0 seq=11
DBG_CONTROL_RX_HANDOFF_READY abort=0
DBG_COORD state=idle owner=c5-flood reason=idle rx=0 tx=0 relay=0 route=0 ack=0 qack=0
DBG_DWM_INVALIDATE tag=configure_radio_from_reset active_phy=3 configured=1 awake=1
DBG_DWM_MARK_UNCONFIGURED tag=initialise_radio prev_phy=0
DBG_DWM_INVALIDATE tag=configure_radio_from_reset active_phy=2 configured=1 awake=0
DBG_DWM_MARK_UNCONFIGURED tag=initialise_radio prev_phy=0
DBG_DWM_WAKE_MESH_CTRL_OK sfd=4073
DBG_C5_TX_CONFIG ret=0 ext=1 len=187 msg=40 reason=bounded-c5-flood
DBG_UWB_TX_CH5
DBG_NC o=000000000000000b g=0000000b w=00 e=00000022 s=00000005 q=0004>0005 r=00000000 f=00000001 t=00000000 p=00000000 a=00
DBG_NC o=000000000000000b g=0000000b w=00 e=00000041 s=00000005 q=0005>0008 r=00000000 f=00000026 t=00000000 p=00000001 a=01
DBG_NODE_COMM_ATTEMPT handle=11 profile=6 attempt=1 ret=0 rf=1 scheduled=0 state=0
DBG_GATEWAY_RX_START reason=gateway mesh restart active=1 qrx=0 qtx=0 adv_due=0
DBG_ENUM_RF_RESULT kind=2 handle=11 success=1 reason=0 tries=1
DBG_COORD state=gateway-rx owner=uwb-rx reason=gateway-rx rx=0 tx=0 relay=0 route=0 ack=0 qack=0
DBG_DWM_INVALIDATE tag=configure_radio_from_reset active_phy=4 configured=1 awake=1
DBG_DWM_MARK_UNCONFIGURED tag=initialise_radio prev_phy=0
DBG_GATEWAY_CH9_RX_CONT_ARM now=270515 rem=500 frames=0 errors=0
DBG_GATEWAY_CH9_RX_CONT_RESULT start=270515 end=271015 ret=-116 fail=0 status=0x02000000 len=0 frames=0
DBG_GATEWAY_CH9_RX_CONT_ARM now=271017 rem=500 frames=0 errors=0
DBG_GATEWAY_CH9_RX_CONT_RESULT start=271017 end=271104 ret=0 fail=0 status=0x00006f00 len=131 frames=0
DBG_UWB_RX_CH9
DBG_GATEWAY_CH9_RX_RELEASE_IDLE
DBG_GATEWAY_RX_DECODE ch=9 msg=0x41 src=0x56da25fe4af6d141 dst=0x9999888877776666 prev=0x56da25fe4af6d141 seq=11 flags=0x14 pl
DBG_UWB_RX_CH9
DBG_MESH_RX_QUEUED ch=9 msg=0x41 src=0x56da25fe4af6d141 dst=0x9999888877776666 prev=0x56da25fe4af6d141 seq=11 q=1
DBG_MESH_RX_DIRECT_WAIT q=1 reason=gateway-ch9-continuous-rx
DBG_MESH_RX_DIRECT_ENTER q=1 reason=gateway-ch9-continuous-rx
DBG_MESH_RX_DRAIN_ENTER owner=gateway-ch9-continuous-rx q=1
DBG_ENUM_ADAPTIVE_DEADLINE stage=1 observed_hop=1 next_hop=2 wait=4694 deadline=275803
DBG_DISCOVERY_SLOT_ACK_RX epoch=40370265 anchor=0x56da25fe4af6d141 hop=1 acked=1 missing=2
DBG_GATEWAY_ACK_INPUT type=65 src=0x56da25fe4af6d141 dst=0x9999888877776666 rxseq=11 ackseq=52 len=70 flags=0x14 meta=0
DBG_GATEWAY_ACK_GUARD ms=10 seq=52 owner=control
DBG_COORD state=idle owner=gateway-ack-immediate-channel9 reason=idle rx=0 tx=0 relay=0 route=0 ack=0 qack=0
DBG_CH9_TX_CONFIG ret=0 now=271122 earliest=0 msg=32
DBG_UWB_TX_CH9
DBG_GATEWAY_ACK_TX_LED
DBG_GATEWAY_CH9_RX_CONT_RESULT start=271127 end=271140 ret=0 fail=0 status=0x00006f00 len=105 frames=1
DBG_UWB_RX_CH9
DBG_GATEWAY_CH9_RX_RELEASE_IDLE
DBG_GATEWAY_RX_DECODE ch=9 msg=0x33 src=0x56da25fe4af6d141 dst=0x9999888877776666 prev=0x56da25fe4af6d141 seq=11 flags=0x04 pl
DBG_UWB_RX_CH9
DBG_MESH_RX_QUEUED ch=9 msg=0x33 src=0x56da25fe4af6d141 dst=0x9999888877776666 prev=0x56da25fe4af6d141 seq=11 q=1
DBG_COORD state=gateway-rx owner=gateway-ch9-continuous-rx reason=gateway-rx rx=1 tx=0 relay=0 route=0 ack=0 qack=0
DBG_MESH_RX_DIRECT_WAIT q=1 reason=gateway-ch9-continuous-rx
DBG_MESH_RX_DIRECT_ENTER q=1 reason=gateway-ch9-continuous-rx
DBG_MESH_RX_DRAIN_ENTER owner=gateway-ch9-continuous-rx q=1
DBG_ENUM_ADAPTIVE_DEADLINE stage=1 observed_hop=1 next_hop=2 wait=4700 deadline=275843
DBG_ENUM_CONFIRM ret=1
DBG_GATEWAY_ACK_INPUT type=51 src=0x56da25fe4af6d141 dst=0x9999888877776666 rxseq=11 ackseq=53 len=44 flags=0x04 meta=0
DBG_GATEWAY_ACK_GUARD ms=10 seq=53 owner=control
DBG_STACK_RUN_BEGIN epoch=16803544993248225624 run=79 kind=ble_backpressure owner=system_workqueue queue=1 custody=1 credit=0 retry=0 drain=1 src=11068027678940948070 dst=11068027678940948070 session=40370274 seq=98 type=86 sequence=0 previous=0 uptime=271145
DBG_STACK_SAMPLE_BEGIN epoch=16803544993248225624 run=79 sample=79 kind=ble_backpressure owner=system_workqueue queue=1 custody=1 credit=0 retry=0 drain=1 src=11068027678940948070 dst=11068027678940948070 session=40370274 seq=98 type=86 uptime=271152
DBG_STACK_ISR_CONFIG size=8192 run=79 sample=79
DBG_STACK name=BT RX WQ tid=0x2000fe18 used=760 free=776 size=1536 ret=0 run=79 sample=79
DBG_STACK name=mesh_route tid=0x2000d560 used=5888 free=2304 size=8192 ret=0 run=79 sample=79
DBG_STACK name=sysworkq tid=0x20010d70 used=2408 free=2072 size=4480 ret=0 run=79 sample=79
DBG_STACK name=MPSL Work tid=0x20010b28 used=440 free=584 size=1024 ret=0 run=79 sample=79
DBG_STACK name=logging tid=0x2000f920 used=480 free=1568 size=2048 ret=0 run=79 sample=79
DBG_STACK name=idle tid=0x20010c00 used=64 free=256 size=320 ret=0 run=79 sample=79
DBG_STACK_SAMPLE_END run=79 sample=79
DBG_STACK_RUN_END epoch=16803544993248225624 run=79 kind=ble_backpressure owner=system_workqueue outcome=ack queue=1 custody=0 credit=1 retry=0 drain=1 src=11068027678940948070 dst=11068027678940948070 session=40370274 seq=98 type=86 samples=1 sequence=0 previous=0 uptime=271180
DBG_STACK_RUN_BEGIN epoch=16803544993248225624 run=80 kind=ble_backpressure owner=system_workqueue queue=1 custody=1 credit=0 retry=0 drain=1 src=11068027678940948070 dst=11068027678940948070 session=40370274 seq=98 type=86 sequence=0 previous=0 uptime=271199
DBG_STACK_SAMPLE_BEGIN epoch=16803544993248225624 run=80 sample=80 kind=ble_backpressure owner=system_workqueue queue=1 custody=1 credit=0 retry=0 drain=1 src=11068027678940948070 dst=11068027678940948070 session=40370274 seq=98 type=86 uptime=271199
DBG_STACK_ISR_CONFIG size=8192 run=80 sample=80
DBG_STACK name=BT RX WQ tid=0x2000fe18 used=760 free=776 size=1536 ret=0 run=80 sample=80
DBG_STACK name=mesh_route tid=0x2000d560 used=5888 free=2304 size=8192 ret=0 run=80 sample=80
DBG_STACK name=sysworkq tid=0x20010d70 used=2408 free=2072 size=4480 ret=0 run=80 sample=80
DBG_STACK name=MPSL Work tid=0x20010b28 used=440 free=584 size=1024 ret=0 run=80 sample=80
DBG_STACK name=logging tid=0x2000f920 used=480 free=1568 size=2048 ret=0 run=80 sample=80
DBG_STACK name=idle tid=0x20010c00 used=64 free=256 size=320 ret=0 run=80 sample=80
DBG_STACK_SAMPLE_END run=80 sample=80
DBG_STACK_RUN_END epoch=16803544993248225624 run=80 kind=ble_backpressure owner=system_workqueue outcome=ack queue=1 custody=0 credit=1 retry=0 drain=1 src=11068027678940948070 dst=11068027678940948070 session=40370274 seq=98 type=86 samples=1 sequence=0 previous=0 uptime=271225
DBG_GATEWAY_CH9_RX_CONT_RESULT start=271160 end=271444 ret=0 fail=0 status=0x00006f00 len=131 frames=2
DBG_UWB_RX_CH9
DBG_GATEWAY_CH9_RX_RELEASE_IDLE
DBG_GATEWAY_RX_DECODE ch=9 msg=0x41 src=0x708bc0aab970300e dst=0x9999888877776666 prev=0x708bc0aab970300e seq=11 flags=0x14 pl
DBG_UWB_RX_CH9
DBG_MESH_RX_QUEUED ch=9 msg=0x41 src=0x708bc0aab970300e dst=0x9999888877776666 prev=0x708bc0aab970300e seq=11 q=1
DBG_COORD state=gateway-rx owner=gateway-ch9-continuous-rx reason=gateway-rx rx=1 tx=0 relay=0 route=0 ack=0 qack=0
DBG_MESH_RX_DIRECT_WAIT q=1 reason=gateway-ch9-continuous-rx
DBG_MESH_RX_DIRECT_ENTER q=1 reason=gateway-ch9-continuous-rx
DBG_MESH_RX_DRAIN_ENTER owner=gateway-ch9-continuous-rx q=1
DBG_ENUM_ADAPTIVE_DEADLINE stage=1 observed_hop=1 next_hop=2 wait=4694 deadline=276143
DBG_DISCOVERY_SLOT_ACK_RX epoch=40370265 anchor=0x708bc0aab970300e hop=1 acked=2 missing=1
DBG_GATEWAY_ACK_INPUT type=65 src=0x708bc0aab970300e dst=0x9999888877776666 rxseq=11 ackseq=54 len=70 flags=0x14 meta=0
DBG_COORD state=idle owner=gateway-ack-immediate-channel9 reason=idle rx=0 tx=0 relay=0 route=0 ack=0 qack=0
DBG_UWB_TX_CH9
DBG_GATEWAY_CH9_RX_CONT_RESULT start=271467 end=271479 ret=0 fail=0 status=0x00006f00 len=105 frames=3
DBG_UWB_RX_CH9
DBG_GATEWAY_CH9_RX_RELEASE_IDLE
DBG_GATEWAY_RX_DECODE ch=9 msg=0x33 src=0x708bc0aab970300e dst=0x9999888877776666 prev=0x708bc0aab970300e seq=11 flags=0x04 pl
DBG_UWB_RX_CH9
DBG_MESH_RX_QUEUED ch=9 msg=0x33 src=0x708bc0aab970300e dst=0x9999888877776666 prev=0x708bc0aab970300e seq=11 q=1
DBG_COORD state=gateway-rx owner=gateway-ch9-continuous-rx reason=gateway-rx rx=1 tx=0 relay=0 route=0 ack=0 qack=0
DBG_MESH_RX_DIRECT_WAIT q=1 reason=gateway-ch9-continuous-rx
DBG_MESH_RX_DIRECT_ENTER q=1 reason=gateway-ch9-continuous-rx
DBG_MESH_RX_DRAIN_ENTER owner=gateway-ch9-continuous-rx q=1
DBG_ENUM_ADAPTIVE_DEADLINE stage=1 observed_hop=1 next_hop=2 wait=4700 deadline=276183
DBG_ENUM_CONFIRM ret=1
DBG_GATEWAY_ACK_INPUT type=51 src=0x708bc0aab970300e dst=0x9999888877776666 rxseq=11 ackseq=55 len=44 flags=0x04 meta=0
DBG_GATEWAY_ACK_GUARD ms=10 seq=55 owner=control
DBG_COORD state=idle owner=gateway-ack-immediate-channel9 reason=idle rx=0 tx=0 relay=0 route=0 ack=0 qack=0
DBG_UWB_TX_CH9
DBG_GATEWAY_ACK_TX_LED
DBG_GATEWAY_CH9_RX_CONT_RESULT start=271500 end=271518 ret=-116 fail=0 status=0x00000000 len=0 frames=4
DBG_MESH_RX_WORK_WAIT q=0
DBG_MESH_RX_WORK_ENTER q=0
DBG_MESH_RX_DRAIN_ENTER owner=work q=0
DBG_MESH_RX_DRAIN_EXIT owner=work handled=0 q=0
DBG_MESH_RX_WORK_EXIT handled=0 q=0
DBG_GATEWAY_RX_REARM_RUN delay=0 ret=1 active=1
DBG_COORD state=gateway-rx owner=uwb-rx reason=gateway-rx rx=0 tx=0 relay=0 route=0 ack=0 qack=0
DBG_GATEWAY_CH9_RX_CONT_ARM now=271519 rem=500 frames=0 errors=0
DBG_STACK_RUN_BEGIN epoch=16803544993248225624 run=81 kind=ble_backpressure owner=system_workqueue queue=1 custody=1 credit=0 retry=0 drain=1 src=11068027678940948070 dst=11068027678940948070 session=40370275 seq=99 type=86 sequence=0 previous=0 uptime=271617
DBG_STACK_SAMPLE_BEGIN epoch=16803544993248225624 run=81 sample=81 kind=ble_backpressure owner=system_workqueue queue=1 custody=1 credit=0 retry=0 drain=1 src=11068027678940948070 dst=11068027678940948070 session=40370275 seq=99 type=86 uptime=271617
DBG_STACK_ISR_CONFIG size=8192 run=81 sample=81
DBG_STACK name=BT RX WQ tid=0x2000fe18 used=760 free=776 size=1536 ret=0 run=81 sample=81
DBG_STACK name=mesh_route tid=0x2000d560 used=5888 free=2304 size=8192 ret=0 run=81 sample=81
DBG_STACK name=sysworkq tid=0x20010d70 used=2408 free=2072 size=4480 ret=0 run=81 sample=81
DBG_STACK name=MPSL Work tid=0x20010b28 used=440 free=584 size=1024 ret=0 run=81 sample=81
DBG_STACK name=logging tid=0x2000f920 used=480 free=1568 size=2048 ret=0 run=81 sample=81
DBG_STACK name=idle tid=0x20010c00 used=64 free=256 size=320 ret=0 run=81 sample=81
DBG_STACK_SAMPLE_END run=81 sample=81
DBG_STACK_RUN_END epoch=16803544993248225624 run=81 kind=ble_backpressure owner=system_workqueue outcome=ack queue=1 custody=0 credit=1 retry=0 drain=1 src=11068027678940948070 dst=11068027678940948070 session=40370275 seq=99 type=86 samples=1 sequence=0 previous=0 uptime=271634
DBG_GATEWAY_CH9_RX_CONT_RESULT start=271519 end=271766 ret=0 fail=0 status=0x00006f00 len=105 frames=0
DBG_UWB_RX_CH9
DBG_GATEWAY_CH9_RX_RELEASE_IDLE
DBG_GATEWAY_RX_DECODE ch=9 msg=0x33 src=0x708bc0aab970300e dst=0x9999888877776666 prev=0x708bc0aab970300e seq=11 flags=0x04 pl
DBG_UWB_RX_CH9
DBG_MESH_RX_QUEUED ch=9 msg=0x33 src=0x708bc0aab970300e dst=0x9999888877776666 prev=0x708bc0aab970300e seq=11 q=1
DBG_MESH_RX_DIRECT_WAIT q=1 reason=gateway-ch9-continuous-rx
DBG_MESH_RX_DIRECT_ENTER q=1 reason=gateway-ch9-continuous-rx
DBG_MESH_RX_DRAIN_ENTER owner=gateway-ch9-continuous-rx q=1
DBG_GATEWAY_ACK_INPUT type=51 src=0x708bc0aab970300e dst=0x9999888877776666 rxseq=11 ackseq=56 len=44 flags=0x04 meta=0
DBG_GATEWAY_ACK_GUARD ms=10 seq=56 owner=control
DBG_COORD state=idle owner=gateway-ack-immediate-channel9 reason=idle rx=0 tx=0 relay=0 route=0 ack=0 qack=0
DBG_CH9_TX_CONFIG ret=0 now=271780 earliest=0 msg=32
DBG_CH9_TX_SEND_AT now=271781 earliest=0 msg=32 len=105
DBG_CH9_TX_RELEASE_IDLE msg=32 seq=56 reason=gateway-ack-immediate-channel9 ret=0
DBG_UWB_TX_CH9
DBG_GATEWAY_ACK_TX_LED
DBG_GATEWAY_CH9_RX_CONT_RESULT start=271786 end=271900 ret=0 fail=0 status=0x00006f00 len=131 frames=1
DBG_UWB_RX_CH9
DBG_GATEWAY_CH9_RX_RELEASE_IDLE
DBG_GATEWAY_RX_DECODE ch=9 msg=0x41 src=0x191a9619c6c8cb07 dst=0x9999888877776666 prev=0x191a9619c6c8cb07 seq=11 flags=0x14 pl
DBG_UWB_RX_CH9
DBG_MESH_RX_QUEUED ch=9 msg=0x41 src=0x191a9619c6c8cb07 dst=0x9999888877776666 prev=0x191a9619c6c8cb07 seq=11 q=1
DBG_COORD state=gateway-rx owner=gateway-ch9-continuous-rx reason=gateway-rx rx=1 tx=0 relay=0 route=0 ack=0 qack=0
DBG_MESH_RX_DIRECT_WAIT q=1 reason=gateway-ch9-continuous-rx
DBG_MESH_RX_DIRECT_ENTER q=1 reason=gateway-ch9-continuous-rx
DBG_MESH_RX_DRAIN_ENTER owner=gateway-ch9-continuous-rx q=1
DBG_ENUM_ADAPTIVE_DEADLINE stage=1 observed_hop=1 next_hop=2 wait=4694 deadline=276599
DBG_DISCOVERY_SLOT_ACK_RX epoch=40370265 anchor=0x191a9619c6c8cb07 hop=1 acked=3 missing=0
DBG_GATEWAY_ACK_INPUT type=65 src=0x191a9619c6c8cb07 dst=0x9999888877776666 rxseq=11 ackseq=57 len=70 flags=0x14 meta=0
DBG_COORD state=idle owner=gateway-ack-immediate-channel9 reason=idle rx=0 tx=0 relay=0 route=0 ack=0 qack=0
DBG_UWB_TX_CH9
DBG_GATEWAY_CH9_RX_CONT_RESULT start=271923 end=271935 ret=0 fail=0 status=0x00006f00 len=105 frames=2
DBG_UWB_RX_CH9
DBG_GATEWAY_CH9_RX_RELEASE_IDLE
DBG_GATEWAY_RX_DECODE ch=9 msg=0x33 src=0x191a9619c6c8cb07 dst=0x9999888877776666 prev=0x191a9619c6c8cb07 seq=11 flags=0x04 pl
DBG_UWB_RX_CH9
DBG_MESH_RX_QUEUED ch=9 msg=0x33 src=0x191a9619c6c8cb07 dst=0x9999888877776666 prev=0x191a9619c6c8cb07 seq=11 q=1
DBG_COORD state=gateway-rx owner=gateway-ch9-continuous-rx reason=gateway-rx rx=1 tx=0 relay=0 route=0 ack=0 qack=0
DBG_MESH_RX_DIRECT_WAIT q=1 reason=gateway-ch9-continuous-rx
DBG_MESH_RX_DIRECT_ENTER q=1 reason=gateway-ch9-continuous-rx
DBG_MESH_RX_DRAIN_ENTER owner=gateway-ch9-continuous-rx q=1
DBG_ENUM_ADAPTIVE_DEADLINE stage=1 observed_hop=1 next_hop=2 wait=4700 deadline=276639
DBG_DISCOVERY_SLOT_CONFIRM_TAIL epoch=40370265 wait=3500 deadline=275439
DBG_ENUM_CONFIRM ret=1
DBG_GATEWAY_ACK_INPUT type=51 src=0x191a9619c6c8cb07 dst=0x9999888877776666 rxseq=11 ackseq=58 len=44 flags=0x04 meta=0
DBG_COORD state=idle owner=gateway-ack-immediate-channel9 reason=idle rx=0 tx=0 relay=0 route=0 ack=0 qack=0
DBG_CH9_TX_CONFIG ret=0 now=271951 earliest=0 msg=32
DBG_CH9_TX_SEND_AT now=271951 earliest=0 msg=32 len=105
DBG_CH9_TX_RELEASE_IDLE msg=32 seq=58 reason=gateway-ack-immediate-channel9 ret=0
DBG_GATEWAY_CH9_RX_CONT_RESULT start=271956 end=272020 ret=-116 fail=0 status=0x00000000 len=0 frames=3
DBG_MESH_RX_WORK_WAIT q=0
DBG_MESH_RX_WORK_ENTER q=0
DBG_MESH_RX_DRAIN_ENTER owner=work q=0
DBG_MESH_RX_DRAIN_EXIT owner=work handled=0 q=0
DBG_MESH_RX_WORK_EXIT handled=0 q=0
DBG_GATEWAY_RX_REARM_RUN delay=0 ret=1 active=1
DBG_COORD state=gateway-rx owner=uwb-rx reason=gateway-rx rx=0 tx=0 relay=0 route=0 ack=0 qack=0
DBG_GATEWAY_CH9_RX_CONT_ARM now=272022 rem=500 frames=0 errors=0
DBG_STACK_RUN_BEGIN epoch=16803544993248225624 run=82 kind=ble_backpressure owner=system_workqueue queue=1 custody=1 credit=0 retry=0 drain=1 src=11068027678940948070 dst=11068027678940948070 session=40370276 seq=100 type=86 sequence=0 previous=0 uptime=272066
DBG_STACK_SAMPLE_BEGIN epoch=16803544993248225624 run=82 sample=82 kind=ble_backpressure owner=system_workqueue queue=1 custody=1 credit=0 retry=0 drain=1 src=11068027678940948070 dst=11068027678940948070 session=40370276 seq=100 type=86 uptime=272067
DBG_STACK_ISR_CONFIG size=8192 run=82 sample=82
DBG_STACK name=BT RX WQ tid=0x2000fe18 used=760 free=776 size=1536 ret=0 run=82 sample=82
DBG_STACK name=mesh_route tid=0x2000d560 used=5888 free=2304 size=8192 ret=0 run=82 sample=82
DBG_STACK name=sysworkq tid=0x20010d70 used=2408 free=2072 size=4480 ret=0 run=82 sample=82
DBG_STACK name=MPSL Work tid=0x20010b28 used=440 free=584 size=1024 ret=0 run=82 sample=82
DBG_STACK name=logging tid=0x2000f920 used=480 free=1568 size=2048 ret=0 run=82 sample=82
DBG_STACK name=idle tid=0x20010c00 used=64 free=256 size=320 ret=0 run=82 sample=82
DBG_STACK_SAMPLE_END run=82 sample=82
DBG_STACK_RUN_END epoch=16803544993248225624 run=82 kind=ble_backpressure owner=system_workqueue outcome=ack queue=1 custody=0 credit=1 retry=0 drain=1 src=11068027678940948070 dst=11068027678940948070 session=40370276 seq=100 type=86 samples=1 sequence=0 previous=0 uptime=272084
DBG_GATEWAY_CH9_RX_CONT_RESULT start=272022 end=272522 ret=-116 fail=0 status=0x00000000 len=0 frames=0
DBG_GATEWAY_CH9_RX_CONT_ARM now=272524 rem=500 frames=0 errors=0
DBG_GATEWAY_CH9_RX_CONT_RESULT start=272524 end=273025 ret=-116 fail=0 status=0x00000000 len=0 frames=0
DBG_GATEWAY_CH9_RX_CONT_ARM now=273027 rem=500 frames=0 errors=0
DBG_GATEWAY_CH9_RX_CONT_RESULT start=273027 end=273528 ret=-116 fail=0 status=0x00000000 len=0 frames=0
DBG_GATEWAY_CH9_RX_CONT_ARM now=273530 rem=500 frames=0 errors=0
DBG_GATEWAY_CH9_RX_CONT_RESULT start=273530 end=274031 ret=-116 fail=0 status=0x00000000 len=0 frames=0
DBG_GATEWAY_CH9_RX_CONT_ARM now=274033 rem=500 frames=0 errors=0
DBG_GATEWAY_CH9_RX_CONT_RESULT start=274033 end=274534 ret=-116 fail=0 status=0x00000000 len=0 frames=0
DBG_GATEWAY_CH9_RX_CONT_ARM now=274536 rem=500 frames=0 errors=0
DBG_GATEWAY_CH9_RX_CONT_RESULT start=274536 end=275037 ret=-116 fail=0 status=0x00000000 len=0 frames=0
DBG_GATEWAY_CH9_RX_CONT_ARM now=275039 rem=500 frames=0 errors=0
DBG_GATEWAY_CH9_RX_CONT_RESULT start=275039 end=275540 ret=-116 fail=0 status=0x00000000 len=0 frames=0
DBG_NC o=000000000000000c g=0000000c w=00 e=0000003c s=00000005 q=0000>0004 r=00000000 f=00000024 t=00000000 p=00000000 a=00
DBG_NODE_COMM_SUBMIT handle=12 profile=6 token=17039372 deadline=285541
DBG_ENUM_FLOOD kind=3 handle=12
DBG_ENUM_END_TX epoch=40370265 table_seq=40370272 ret=0
DBG_NODE_COMM_TX_BEGIN handle=12 profile=6 msg=64 dst=0x0 seq=12
DBG_CONTROL_RX_HANDOFF_READY abort=0
DBG_COORD state=idle owner=c5-flood reason=idle rx=0 tx=0 relay=0 route=0 ack=0 qack=0
DBG_DWM_INVALIDATE tag=configure_radio_from_reset active_phy=3 configured=1 awake=1
DBG_DWM_MARK_UNCONFIGURED tag=initialise_radio prev_phy=0
DBG_DWM_INVALIDATE tag=configure_radio_from_reset active_phy=2 configured=1 awake=0
DBG_DWM_MARK_UNCONFIGURED tag=initialise_radio prev_phy=0
DBG_DWM_WAKE_MESH_CTRL_OK sfd=4073
DBG_C5_TX_CONFIG ret=0 ext=1 len=169 msg=40 reason=bounded-c5-flood
DBG_UWB_TX_CH5
DBG_NC o=000000000000000c g=0000000c w=00 e=00000022 s=00000005 q=0004>0005 r=00000000 f=00000001 t=00000000 p=00000000 a=00
DBG_NC o=000000000000000c g=0000000c w=00 e=00000041 s=00000005 q=0005>0008 r=00000000 f=00000026 t=00000000 p=00000001 a=01
DBG_NODE_COMM_ATTEMPT handle=12 profile=6 attempt=1 ret=0 rf=1 scheduled=0 state=0
DBG_GATEWAY_RX_START reason=gateway mesh restart active=1 qrx=0 qtx=0 adv_due=0
DBG_ENUM_RF_RESULT kind=3 handle=12 success=1 reason=0 tries=1
DBG_STACK_RUN_BEGIN epoch=16803544993248225624 run=83 kind=ble_backpressure owner=system_workqueue queue=2 custody=2 credit=0 retry=0 drain=2 src=11068027678940948070 dst=11068027678940948070 session=40370279 seq=103 type=86 sequence=0 previous=0 uptime=275600
DBG_STACK_SAMPLE_BEGIN epoch=16803544993248225624 run=83 sample=83 kind=ble_backpressure owner=system_workqueue queue=2 custody=2 credit=0 retry=0 drain=2 src=11068027678940948070 dst=11068027678940948070 session=40370279 seq=103 type=86 uptime=275601
DBG_STACK_ISR_CONFIG size=8192 run=83 sample=83
DBG_STACK name=BT RX WQ tid=0x2000fe18 used=760 free=776 size=1536 ret=0 run=83 sample=83
DBG_STACK name=mesh_route tid=0x2000d560 used=5888 free=2304 size=8192 ret=0 run=83 sample=83
DBG_STACK name=sysworkq tid=0x20010d70 used=2408 free=2072 size=4480 ret=0 run=83 sample=83
DBG_STACK name=MPSL Work tid=0x20010b28 used=440 free=584 size=1024 ret=0 run=83 sample=83
DBG_STACK name=logging tid=0x2000f920 used=480 free=1568 size=2048 ret=0 run=83 sample=83
DBG_STACK name=idle tid=0x20010c00 used=64 free=256 size=320 ret=0 run=83 sample=83
DBG_STACK_SAMPLE_END run=83 sample=83
DBG_STACK_RUN_END epoch=16803544993248225624 run=83 kind=ble_backpressure owner=system_workqueue outcome=ack queue=2 custody=0 credit=1 retry=0 drain=2 src=11068027678940948070 dst=11068027678940948070 session=40370279 seq=103 type=86 samples=1 sequence=0 previous=0 uptime=275626
DBG_GATEWAY_CH9_RX_CONT_ARM now=275628 rem=500 frames=0 errors=0
DBG_STACK_RUN_BEGIN epoch=16803544993248225624 run=84 kind=ble_backpressure owner=system_workqueue queue=2 custody=2 credit=0 retry=0 drain=2 src=11068027678940948070 dst=11068027678940948070 session=174913253 seq=63205 type=65 sequence=0 previous=0 uptime=276117
DBG_STACK_SAMPLE_BEGIN epoch=16803544993248225624 run=84 sample=84 kind=ble_backpressure owner=system_workqueue queue=2 custody=2 credit=0 retry=0 drain=2 src=11068027678940948070 dst=11068027678940948070 session=174913253 seq=63205 type=65 uptime=276117
DBG_STACK_ISR_CONFIG size=8192 run=84 sample=84
DBG_STACK name=BT RX WQ tid=0x2000fe18 used=760 free=776 size=1536 ret=0 run=84 sample=84
DBG_STACK name=mesh_route tid=0x2000d560 used=5888 free=2304 size=8192 ret=0 run=84 sample=84
DBG_STACK name=sysworkq tid=0x20010d70 used=2408 free=2072 size=4480 ret=0 run=84 sample=84
DBG_STACK name=MPSL Work tid=0x20010b28 used=440 free=584 size=1024 ret=0 run=84 sample=84
DBG_STACK name=logging tid=0x2000f920 used=480 free=1568 size=2048 ret=0 run=84 sample=84
DBG_STACK name=idle tid=0x20010c00 used=64 free=256 size=320 ret=0 run=84 sample=84
DBG_STACK_SAMPLE_END run=84 sample=84
DBG_STACK_RUN_END epoch=16803544993248225624 run=84 kind=ble_backpressure owner=system_workqueue outcome=ack queue=2 custody=0 credit=1 retry=0 drain=2 src=11068027678940948070 dst=11068027678940948070 session=174913253 seq=63205 type=65 samples=1 sequence=0 previous=0 uptime=276129
DBG_STACK_RUN_BEGIN epoch=16803544993248225624 run=85 kind=ble_backpressure owner=system_workqueue queue=1 custody=1 credit=0 retry=0 drain=1 src=11068027678940948070 dst=11068027678940948070 session=40370280 seq=104 type=86 sequence=0 previous=0 uptime=276611
DBG_STACK_SAMPLE_BEGIN epoch=16803544993248225624 run=85 sample=85 kind=ble_backpressure owner=system_workqueue queue=1 custody=1 credit=0 retry=0 drain=1 src=11068027678940948070 dst=11068027678940948070 session=40370280 seq=104 type=86 uptime=276612
DBG_STACK_ISR_CONFIG size=8192 run=85 sample=85
DBG_STACK name=BT RX WQ tid=0x2000fe18 used=760 free=776 size=1536 ret=0 run=85 sample=85
DBG_STACK name=mesh_route tid=0x2000d560 used=5888 free=2304 size=8192 ret=0 run=85 sample=85
DBG_STACK name=sysworkq tid=0x20010d70 used=2408 free=2072 size=4480 ret=0 run=85 sample=85
DBG_STACK name=MPSL Work tid=0x20010b28 used=440 free=584 size=1024 ret=0 run=85 sample=85
DBG_STACK name=logging tid=0x2000f920 used=480 free=1568 size=2048 ret=0 run=85 sample=85
DBG_STACK name=idle tid=0x20010c00 used=64 free=256 size=320 ret=0 run=85 sample=85
DBG_STACK_SAMPLE_END run=85 sample=85
DBG_STACK_RUN_END epoch=16803544993248225624 run=85 kind=ble_backpressure owner=system_workqueue outcome=ack queue=1 custody=0 credit=1 retry=0 drain=1 src=11068027678940948070 dst=11068027678940948070 session=40370280 seq=104 type=86 samples=1 sequence=0 previous=0 uptime=276636
DBG_STACK_RUN_BEGIN epoch=16803544993248225624 run=86 kind=ble_backpressure owner=system_workqueue queue=1 custody=1 credit=0 retry=0 drain=1 src=11068027678940948070 dst=11068027678940948070 session=40370281 seq=105 type=86 sequence=0 previous=0 uptime=277107
DBG_STACK_SAMPLE_BEGIN epoch=16803544993248225624 run=86 sample=86 kind=ble_backpressure owner=system_workqueue queue=1 custody=1 credit=0 retry=0 drain=1 src=11068027678940948070 dst=11068027678940948070 session=40370281 seq=105 type=86 uptime=277107
DBG_STACK_ISR_CONFIG size=8192 run=86 sample=86
DBG_STACK name=BT RX WQ tid=0x2000fe18 used=760 free=776 size=1536 ret=0 run=86 sample=86
DBG_STACK name=mesh_route tid=0x2000d560 used=5888 free=2304 size=8192 ret=0 run=86 sample=86
DBG_STACK name=sysworkq tid=0x20010d70 used=2408 free=2072 size=4480 ret=0 run=86 sample=86
DBG_STACK name=MPSL Work tid=0x20010b28 used=440 free=584 size=1024 ret=0 run=86 sample=86
DBG_STACK name=logging tid=0x2000f920 used=480 free=1568 size=2048 ret=0 run=86 sample=86
DBG_STACK name=idle tid=0x20010c00 used=64 free=256 size=320 ret=0 run=86 sample=86
DBG_STACK_SAMPLE_END run=86 sample=86
DBG_STACK_RUN_END epoch=16803544993248225624 run=86 kind=ble_backpressure owner=system_workqueue outcome=ack queue=1 custody=0 credit=1 retry=0 drain=1 src=11068027678940948070 dst=11068027678940948070 session=40370281 seq=105 type=86 samples=1 sequence=0 previous=0 uptime=277119
DBG_GATEWAY_CH9_RX_CONT_RESULT start=276634 end=277135 ret=-116 fail=0 status=0x00000000 len=0 frames=0
DBG_GATEWAY_CH9_RX_CONT_ARM now=277137 rem=500 frames=0 errors=0
DBG_STACK_RUN_BEGIN epoch=16803544993248225624 run=87 kind=ble_backpressure owner=system_workqueue queue=1 custody=1 credit=0 retry=0 drain=1 src=11068027678940948070 dst=11068027678940948070 session=40370282 seq=106 type=86 sequence=0 previous=0 uptime=277602
DBG_STACK_SAMPLE_BEGIN epoch=16803544993248225624 run=87 sample=87 kind=ble_backpressure owner=system_workqueue queue=1 custody=1 credit=0 retry=0 drain=1 src=11068027678940948070 dst=11068027678940948070 session=40370282 seq=106 type=86 uptime=277602
DBG_STACK_ISR_CONFIG size=8192 run=87 sample=87
DBG_STACK name=BT RX WQ tid=0x2000fe18 used=760 free=776 size=1536 ret=0 run=87 sample=87
DBG_STACK name=mesh_route tid=0x2000d560 used=5888 free=2304 size=8192 ret=0 run=87 sample=87
DBG_STACK name=sysworkq tid=0x20010d70 used=2408 free=2072 size=4480 ret=0 run=87 sample=87
DBG_STACK name=MPSL Work tid=0x20010b28 used=440 free=584 size=1024 ret=0 run=87 sample=87
DBG_STACK name=logging tid=0x2000f920 used=480 free=1568 size=2048 ret=0 run=87 sample=87
DBG_STACK name=idle tid=0x20010c00 used=64 free=256 size=320 ret=0 run=87 sample=87
DBG_STACK_SAMPLE_END run=87 sample=87
DBG_STACK_RUN_END epoch=16803544993248225624 run=87 kind=ble_backpressure owner=system_workqueue outcome=ack queue=1 custody=0 credit=1 retry=0 drain=1 src=11068027678940948070 dst=11068027678940948070 session=40370282 seq=106 type=86 samples=1 sequence=0 previous=0 uptime=277615
DBG_GATEWAY_CH9_RX_CONT_RESULT start=277137 end=277638 ret=-116 fail=0 status=0x00000000 len=0 frames=0
DBG_GATEWAY_CH9_RX_CONT_ARM now=277640 rem=500 frames=0 errors=0
DBG_STACK_RUN_BEGIN epoch=16803544993248225624 run=88 kind=ble_backpressure owner=system_workqueue queue=1 custody=1 credit=0 retry=0 drain=1 src=11068027678940948070 dst=11068027678940948070 session=40370283 seq=107 type=86 sequence=0 previous=0 uptime=278097
DBG_STACK_SAMPLE_BEGIN epoch=16803544993248225624 run=88 sample=88 kind=ble_backpressure owner=system_workqueue queue=1 custody=1 credit=0 retry=0 drain=1 src=11068027678940948070 dst=11068027678940948070 session=40370283 seq=107 type=86 uptime=278097
DBG_STACK_ISR_CONFIG size=8192 run=88 sample=88
DBG_STACK name=BT RX WQ tid=0x2000fe18 used=760 free=776 size=1536 ret=0 run=88 sample=88
DBG_STACK name=mesh_route tid=0x2000d560 used=5888 free=2304 size=8192 ret=0 run=88 sample=88
DBG_STACK name=sysworkq tid=0x20010d70 used=2408 free=2072 size=4480 ret=0 run=88 sample=88
DBG_STACK name=MPSL Work tid=0x20010b28 used=440 free=584 size=1024 ret=0 run=88 sample=88
DBG_STACK name=logging tid=0x2000f920 used=480 free=1568 size=2048 ret=0 run=88 sample=88
DBG_STACK name=idle tid=0x20010c00 used=64 free=256 size=320 ret=0 run=88 sample=88
DBG_STACK_SAMPLE_END run=88 sample=88
DBG_STACK_RUN_END epoch=16803544993248225624 run=88 kind=ble_backpressure owner=system_workqueue outcome=ack queue=1 custody=0 credit=1 retry=0 drain=1 src=11068027678940948070 dst=11068027678940948070 session=40370283 seq=107 type=86 samples=1 sequence=0 previous=0 uptime=278112
DBG_GATEWAY_CH9_RX_CONT_RESULT start=277640 end=278140 ret=-116 fail=0 status=0x00000000 len=0 frames=0
DBG_GATEWAY_CH9_RX_CONT_ARM now=278142 rem=500 frames=0 errors=0
DBG_STACK_RUN_BEGIN epoch=16803544993248225624 run=89 kind=ble_backpressure owner=system_workqueue queue=1 custody=1 credit=0 retry=0 drain=1 src=11068027678940948070 dst=11068027678940948070 session=40370284 seq=108 type=86 sequence=0 previous=0 uptime=278637
DBG_STACK_SAMPLE_BEGIN epoch=16803544993248225624 run=89 sample=89 kind=ble_backpressure owner=system_workqueue queue=1 custody=1 credit=0 retry=0 drain=1 src=11068027678940948070 dst=11068027678940948070 session=40370284 seq=108 type=86 uptime=278637
DBG_STACK_ISR_CONFIG size=8192 run=89 sample=89
DBG_STACK name=BT RX WQ tid=0x2000fe18 used=760 free=776 size=1536 ret=0 run=89 sample=89
DBG_STACK name=mesh_route tid=0x2000d560 used=5888 free=2304 size=8192 ret=0 run=89 sample=89
DBG_STACK name=sysworkq tid=0x20010d70 used=2408 free=2072 size=4480 ret=0 run=89 sample=89
DBG_STACK name=MPSL Work tid=0x20010b28 used=440 free=584 size=1024 ret=0 run=89 sample=89
DBG_STACK name=logging tid=0x2000f920 used=480 free=1568 size=2048 ret=0 run=89 sample=89
DBG_STACK name=idle tid=0x20010c00 used=64 free=256 size=320 ret=0 run=89 sample=89
DBG_STACK_SAMPLE_END run=89 sample=89
DBG_STACK_RUN_END epoch=16803544993248225624 run=89 kind=ble_backpressure owner=system_workqueue outcome=ack queue=1 custody=0 credit=1 retry=0 drain=1 src=11068027678940948070 dst=11068027678940948070 session=40370284 seq=108 type=86 samples=1 sequence=0 previous=0 uptime=278656
DBG_GATEWAY_CH9_RX_CONT_RESULT start=278645 end=279146 ret=-116 fail=0 status=0x00000000 len=0 frames=0
DBG_GATEWAY_CH9_RX_CONT_ARM now=279151 rem=500 frames=0 errors=0
DBG_GATEWAY_CH9_RX_CONT_RESULT start=279151 end=279652 ret=-116 fail=0 status=0x00000000 len=0 frames=0
DBG_GATEWAY_CH9_RX_CONT_ARM now=279654 rem=500 frames=0 errors=0
DBG_GATEWAY_CH9_RX_CONT_RESULT start=279654 end=280155 ret=-116 fail=0 status=0x00000000 len=0 frames=0
DBG_GATEWAY_CH9_RX_CONT_ARM now=280157 rem=500 frames=0 errors=0
DBG_GATEWAY_CH9_RX_CONT_RESULT start=280157 end=280658 ret=-116 fail=0 status=0x00000000 len=0 frames=0
DBG_GATEWAY_CH9_RX_CONT_ARM now=280660 rem=500 frames=0 errors=0
DBG_GATEWAY_BLE event=disconnected reason=19 uptime=280930
DBG_GATEWAY_BLE event=recovery round=1 delay_ms=349 reason=disconnected uptime=280930
DBG_GATEWAY_CH9_RX_CONT_RESULT start=280660 end=281161 ret=-116 fail=0 status=0x00000000 len=0 frames=0
DBG_GATEWAY_CH9_RX_CONT_ARM now=281163 rem=500 frames=0 errors=0
DBG_GATEWAY_CH9_RX_CONT_RESULT start=281163 end=281664 ret=-116 fail=0 status=0x00000000 len=0 frames=0
DBG_GATEWAY_CH9_RX_CONT_ARM now=281666 rem=500 frames=0 errors=0
