BLE_CONNECTED gateway_id=0x9999888877776666 command=here-i-am session=1367833665 frame=04c101400201010101010101116666777788889999417c8751417c01330101010410020c06ab04dc620607ae0b0101010304dc620607e803ae1301020310620102c8040604fa010104b5f80305ae0501030502012cf300
BLE_CHUNK len=118 hex=47570128010601005604f400f4007c0266667777888899996666777788889999000000004e00f6c1014e0302000000000c006100417c875100000000417c8751417c0000f4007c02000000000000000000000000000000000000000000000000000000000000000000000000000000000000000000ff
BLE_PACKET type=0x56 src=0x9999888877776666 dst=0x9999888877776666 session=41681140 seq=244 payload=014e0302000000000c006100417c875100000000417c8751417c0000f4007c02000000000000000000000000000000000000000000000000000000000000000000000000000000000000000000ff
GATEWAY_COMMAND_EVENT GatewayCommandEvent(command_kind=3, stage=2, flags=0, attempt=0, command_status=0, reason=0, command_id=12, route_epoch=97, correlation_id=1367833665, gateway_sequence=0, host_session_id=1367833665, host_sequence=31809, event_sequence=41681140, anchor_id=0, pair_initiator_id=0, pair_responder_id=0, previous_hop_id=0, progress_count=0, total_count=0, success_count=0, failure_count=0, duplicate_count=0, lost_event_count=0, hop_count=0, discovery_slot=255)
BLE_HOST_RECEIPT type=0x56 src=0x9999888877776666 session=41681140 seq=244
BLE_CHUNK len=118 hex=47570128010601005604f500f5007c0266667777888899996666777788889999000000004e00be20014e0303000000000c006100417c875100000000417c8751417c0000f5007c02000000000000000000000000000000000000000000000000000000000000000000000000000000000000000000ff
BLE_PACKET type=0x56 src=0x9999888877776666 dst=0x9999888877776666 session=41681141 seq=245 payload=014e0303000000000c006100417c875100000000417c8751417c0000f5007c02000000000000000000000000000000000000000000000000000000000000000000000000000000000000000000ff
GATEWAY_COMMAND_EVENT GatewayCommandEvent(command_kind=3, stage=3, flags=0, attempt=0, command_status=0, reason=0, command_id=12, route_epoch=97, correlation_id=1367833665, gateway_sequence=0, host_session_id=1367833665, host_sequence=31809, event_sequence=41681141, anchor_id=0, pair_initiator_id=0, pair_responder_id=0, previous_hop_id=0, progress_count=0, total_count=0, success_count=0, failure_count=0, duplicate_count=0, lost_event_count=0, hop_count=0, discovery_slot=255)
BLE_HOST_RECEIPT type=0x56 src=0x9999888877776666 session=41681141 seq=245
BLE_CHUNK len=118 hex=47570128010601005604f700f7007c0266667777888899996666777788889999000000004e0070c3014e0304000100000c006100417c8751f6007c02417c8751417c0000f7007c02000000000000000000000000000000000000000000000000000000000000000004000000000000000000000000ff
BLE_PACKET type=0x56 src=0x9999888877776666 dst=0x9999888877776666 session=41681143 seq=247 payload=014e0304000100000c006100417c8751f6007c02417c8751417c0000f7007c02000000000000000000000000000000000000000000000000000000000000000004000000000000000000000000ff
GATEWAY_COMMAND_EVENT GatewayCommandEvent(command_kind=3, stage=4, flags=0, attempt=1, command_status=0, reason=0, command_id=12, route_epoch=97, correlation_id=1367833665, gateway_sequence=41681142, host_session_id=1367833665, host_sequence=31809, event_sequence=41681143, anchor_id=0, pair_initiator_id=0, pair_responder_id=0, previous_hop_id=0, progress_count=4, total_count=0, success_count=0, failure_count=0, duplicate_count=0, lost_event_count=0, hop_count=0, discovery_slot=255)
BLE_HOST_RECEIPT type=0x56 src=0x9999888877776666 session=41681143 seq=247
BLE_CHUNK len=51 hex=47570128010201004104417c417c875166667777888899996666777788889999000000000b00a18510020c00110200001e0100
BLE_PACKET type=0x41 src=0x9999888877776666 dst=0x9999888877776666 session=1367833665 seq=31809 payload=10020c00110200001e0100
BLE_HOST_RECEIPT type=0x41 src=0x9999888877776666 session=1367833665 seq=31809
BLE_CHUNK len=118 hex=47570128010600005604f800f8007c0266667777888899996666777788889999000000004e00a0c5014e030c030100000c006100417c8751f6007c02417c8751417c0000f8007c02000000000000000000000000000000000000000000000000000000000000000004000000000000000000000000ff
BLE_PACKET type=0x56 src=0x9999888877776666 dst=0x9999888877776666 session=41681144 seq=248 payload=014e030c030100000c006100417c8751f6007c02417c8751417c0000f8007c02000000000000000000000000000000000000000000000000000000000000000004000000000000000000000000ff
GATEWAY_COMMAND_EVENT GatewayCommandEvent(command_kind=3, stage=12, flags=3, attempt=1, command_status=0, reason=0, command_id=12, route_epoch=97, correlation_id=1367833665, gateway_sequence=41681142, host_session_id=1367833665, host_sequence=31809, event_sequence=41681144, anchor_id=0, pair_initiator_id=0, pair_responder_id=0, previous_hop_id=0, progress_count=4, total_count=0, success_count=0, failure_count=0, duplicate_count=0, lost_event_count=0, hop_count=0, discovery_slot=255)
BLE_HOST_RECEIPT type=0x56 src=0x9999888877776666 session=41681144 seq=248
HERE_I_AM_LOCAL_FLOOD_OK attempts=1 retries=0 delivery_claim=local-broadcast-only
BLE_CONNECTED gateway_id=0x9999888877776666 command=assign-slots session=1367833666 frame=04c101400201010101010101116666777788889999427c8751427c011b010101081002040178020306ab04dc620607ae0b0101010304dc620605e8034f5200
BLE_CHUNK len=118 hex=47570128010601005604f900f9007c0266667777888899996666777788889999000000004e0089ee014e01020000000004016100427c875100000000427c8751427c0000f9007c02000000000000000000000000000000000000000000000000000000000000000000000000000000000000000000ff
BLE_PACKET type=0x56 src=0x9999888877776666 dst=0x9999888877776666 session=41681145 seq=249 payload=014e01020000000004016100427c875100000000427c8751427c0000f9007c02000000000000000000000000000000000000000000000000000000000000000000000000000000000000000000ff
GATEWAY_COMMAND_EVENT GatewayCommandEvent(command_kind=1, stage=2, flags=0, attempt=0, command_status=0, reason=0, command_id=260, route_epoch=97, correlation_id=1367833666, gateway_sequence=0, host_session_id=1367833666, host_sequence=31810, event_sequence=41681145, anchor_id=0, pair_initiator_id=0, pair_responder_id=0, previous_hop_id=0, progress_count=0, total_count=0, success_count=0, failure_count=0, duplicate_count=0, lost_event_count=0, hop_count=0, discovery_slot=255)
BLE_HOST_RECEIPT type=0x56 src=0x9999888877776666 session=41681145 seq=249
BLE_CHUNK len=118 hex=47570128010601005604fa00fa007c0266667777888899996666777788889999000000004e002d2b014e01030000000004016100427c875100000000427c8751427c0000fa007c02000000000000000000000000000000000000000000000000000000000000000000000000000000000000000000ff
BLE_PACKET type=0x56 src=0x9999888877776666 dst=0x9999888877776666 session=41681146 seq=250 payload=014e01030000000004016100427c875100000000427c8751427c0000fa007c02000000000000000000000000000000000000000000000000000000000000000000000000000000000000000000ff
GATEWAY_COMMAND_EVENT GatewayCommandEvent(command_kind=1, stage=3, flags=0, attempt=0, command_status=0, reason=0, command_id=260, route_epoch=97, correlation_id=1367833666, gateway_sequence=0, host_session_id=1367833666, host_sequence=31810, event_sequence=41681146, anchor_id=0, pair_initiator_id=0, pair_responder_id=0, previous_hop_id=0, progress_count=0, total_count=0, success_count=0, failure_count=0, duplicate_count=0, lost_event_count=0, hop_count=0, discovery_slot=255)
BLE_HOST_RECEIPT type=0x56 src=0x9999888877776666 session=41681146 seq=250
BLE_CHUNK len=118 hex=47570128010601005604fc00fc007c0266667777888899996666777788889999000000004e00486b014e01030000000004016100427c8751fb007c02427c8751427c0000fc007c02000000000000000000000000000000000000000000000000000000000000000000000000000000000000000000ff
BLE_PACKET type=0x56 src=0x9999888877776666 dst=0x9999888877776666 session=41681148 seq=252 payload=014e01030000000004016100427c8751fb007c02427c8751427c0000fc007c02000000000000000000000000000000000000000000000000000000000000000000000000000000000000000000ff
GATEWAY_COMMAND_EVENT GatewayCommandEvent(command_kind=1, stage=3, flags=0, attempt=0, command_status=0, reason=0, command_id=260, route_epoch=97, correlation_id=1367833666, gateway_sequence=41681147, host_session_id=1367833666, host_sequence=31810, event_sequence=41681148, anchor_id=0, pair_initiator_id=0, pair_responder_id=0, previous_hop_id=0, progress_count=0, total_count=0, success_count=0, failure_count=0, duplicate_count=0, lost_event_count=0, hop_count=0, discovery_slot=255)
BLE_HOST_RECEIPT type=0x56 src=0x9999888877776666 session=41681148 seq=252
BLE_CHUNK len=118 hex=47570128010601005604fe00fe007c0266667777888899996666777788889999000000004e007c32014e01040001000004016100427c8751fb007c02427c8751427c0000fe007c02000000000000000000000000000000000000000000000000000000000000000000000000000000000000000000ff
BLE_PACKET type=0x56 src=0x9999888877776666 dst=0x9999888877776666 session=41681150 seq=254 payload=014e01040001000004016100427c8751fb007c02427c8751427c0000fe007c02000000000000000000000000000000000000000000000000000000000000000000000000000000000000000000ff
GATEWAY_COMMAND_EVENT GatewayCommandEvent(command_kind=1, stage=4, flags=0, attempt=1, command_status=0, reason=0, command_id=260, route_epoch=97, correlation_id=1367833666, gateway_sequence=41681147, host_session_id=1367833666, host_sequence=31810, event_sequence=41681150, anchor_id=0, pair_initiator_id=0, pair_responder_id=0, previous_hop_id=0, progress_count=0, total_count=0, success_count=0, failure_count=0, duplicate_count=0, lost_event_count=0, hop_count=0, discovery_slot=255)
BLE_HOST_RECEIPT type=0x56 src=0x9999888877776666 session=41681150 seq=254
BLE_CHUNK len=118 hex=47570128010601005604ff00ff007c0266667777888899996666777788889999000000004e000c7c014e01060000000004016100427c8751fb007c02427c8751427c0000ff007c0207cbc8c619961a190000000000000000000000000000000007cbc8c619961a1901000000000000000000000001ff
BLE_PACKET type=0x56 src=0x9999888877776666 dst=0x9999888877776666 session=41681151 seq=255 payload=014e01060000000004016100427c8751fb007c02427c8751427c0000ff007c0207cbc8c619961a190000000000000000000000000000000007cbc8c619961a1901000000000000000000000001ff
GATEWAY_COMMAND_EVENT GatewayCommandEvent(command_kind=1, stage=6, flags=0, attempt=0, command_status=0, reason=0, command_id=260, route_epoch=97, correlation_id=1367833666, gateway_sequence=41681147, host_session_id=1367833666, host_sequence=31810, event_sequence=41681151, anchor_id=1808923237796072199, pair_initiator_id=0, pair_responder_id=0, previous_hop_id=1808923237796072199, progress_count=1, total_count=0, success_count=0, failure_count=0, duplicate_count=0, lost_event_count=0, hop_count=1, discovery_slot=255)
BLE_HOST_RECEIPT type=0x56 src=0x9999888877776666 session=41681151 seq=255
BLE_CHUNK len=118 hex=47570128010601005604000100017c0266667777888899996666777788889999000000004e00e2c6014e01060000000004016100427c8751fb007c02427c8751427c000000017c020e3070b9aac08b70000000000000000000000000000000000e3070b9aac08b7002000000000000000000000001ff
BLE_PACKET type=0x56 src=0x9999888877776666 dst=0x9999888877776666 session=41681152 seq=256 payload=014e01060000000004016100427c8751fb007c02427c8751427c000000017c020e3070b9aac08b70000000000000000000000000000000000e3070b9aac08b7002000000000000000000000001ff
GATEWAY_COMMAND_EVENT GatewayCommandEvent(command_kind=1, stage=6, flags=0, attempt=0, command_status=0, reason=0, command_id=260, route_epoch=97, correlation_id=1367833666, gateway_sequence=41681147, host_session_id=1367833666, host_sequence=31810, event_sequence=41681152, anchor_id=8109787393498820622, pair_initiator_id=0, pair_responder_id=0, previous_hop_id=8109787393498820622, progress_count=2, total_count=0, success_count=0, failure_count=0, duplicate_count=0, lost_event_count=0, hop_count=1, discovery_slot=255)
BLE_HOST_RECEIPT type=0x56 src=0x9999888877776666 session=41681152 seq=256
BLE_CHUNK len=118 hex=47570128010601005604010101017c0266667777888899996666777788889999000000004e00b28b014e01060000000004016100427c8751fb007c02427c8751427c000001017c0241d1f64afe25da560000000000000000000000000000000041d1f64afe25da5603000000000000000000000001ff
BLE_PACKET type=0x56 src=0x9999888877776666 dst=0x9999888877776666 session=41681153 seq=257 payload=014e01060000000004016100427c8751fb007c02427c8751427c000001017c0241d1f64afe25da560000000000000000000000000000000041d1f64afe25da5603000000000000000000000001ff
GATEWAY_COMMAND_EVENT GatewayCommandEvent(command_kind=1, stage=6, flags=0, attempt=0, command_status=0, reason=0, command_id=260, route_epoch=97, correlation_id=1367833666, gateway_sequence=41681147, host_session_id=1367833666, host_sequence=31810, event_sequence=41681153, anchor_id=6258356406294335809, pair_initiator_id=0, pair_responder_id=0, previous_hop_id=6258356406294335809, progress_count=3, total_count=0, success_count=0, failure_count=0, duplicate_count=0, lost_event_count=0, hop_count=1, discovery_slot=255)
BLE_HOST_RECEIPT type=0x56 src=0x9999888877776666 session=41681153 seq=257
BLE_CHUNK len=118 hex=47570128010601005604040104017c0266667777888899996666777788889999000000004e00eaeb014e01080000000004016100427c8751fb007c02427c8751427c000004017c0241d1f64afe25da560000000000000000000000000000000000000000000000000100030000000000000000000101
BLE_PACKET type=0x56 src=0x9999888877776666 dst=0x9999888877776666 session=41681156 seq=260 payload=014e01080000000004016100427c8751fb007c02427c8751427c000004017c0241d1f64afe25da560000000000000000000000000000000000000000000000000100030000000000000000000101
GATEWAY_COMMAND_EVENT GatewayCommandEvent(command_kind=1, stage=8, flags=0, attempt=0, command_status=0, reason=0, command_id=260, route_epoch=97, correlation_id=1367833666, gateway_sequence=41681147, host_session_id=1367833666, host_sequence=31810, event_sequence=41681156, anchor_id=6258356406294335809, pair_initiator_id=0, pair_responder_id=0, previous_hop_id=0, progress_count=1, total_count=3, success_count=0, failure_count=0, duplicate_count=0, lost_event_count=0, hop_count=1, discovery_slot=1)
BLE_HOST_RECEIPT type=0x56 src=0x9999888877776666 session=41681156 seq=260
BLE_CHUNK len=118 hex=47570128010601005604050105017c0266667777888899996666777788889999000000004e008fdb014e01080000000004016100427c8751fb007c02427c8751427c000005017c020e3070b9aac08b700000000000000000000000000000000000000000000000000200030000000000000000000100
BLE_PACKET type=0x56 src=0x9999888877776666 dst=0x9999888877776666 session=41681157 seq=261 payload=014e01080000000004016100427c8751fb007c02427c8751427c000005017c020e3070b9aac08b700000000000000000000000000000000000000000000000000200030000000000000000000100
GATEWAY_COMMAND_EVENT GatewayCommandEvent(command_kind=1, stage=8, flags=0, attempt=0, command_status=0, reason=0, command_id=260, route_epoch=97, correlation_id=1367833666, gateway_sequence=41681147, host_session_id=1367833666, host_sequence=31810, event_sequence=41681157, anchor_id=8109787393498820622, pair_initiator_id=0, pair_responder_id=0, previous_hop_id=0, progress_count=2, total_count=3, success_count=0, failure_count=0, duplicate_count=0, lost_event_count=0, hop_count=1, discovery_slot=0)
BLE_HOST_RECEIPT type=0x56 src=0x9999888877776666 session=41681157 seq=261
BLE_CHUNK len=118 hex=47570128010601005604060106017c0266667777888899996666777788889999000000004e0023ca014e01080000000004016100427c8751fb007c02427c8751427c000006017c0207cbc8c619961a190000000000000000000000000000000000000000000000000300030000000000000000000102
BLE_PACKET type=0x56 src=0x9999888877776666 dst=0x9999888877776666 session=41681158 seq=262 payload=014e01080000000004016100427c8751fb007c02427c8751427c000006017c0207cbc8c619961a190000000000000000000000000000000000000000000000000300030000000000000000000102
GATEWAY_COMMAND_EVENT GatewayCommandEvent(command_kind=1, stage=8, flags=0, attempt=0, command_status=0, reason=0, command_id=260, route_epoch=97, correlation_id=1367833666, gateway_sequence=41681147, host_session_id=1367833666, host_sequence=31810, event_sequence=41681158, anchor_id=1808923237796072199, pair_initiator_id=0, pair_responder_id=0, previous_hop_id=0, progress_count=3, total_count=3, success_count=0, failure_count=0, duplicate_count=0, lost_event_count=0, hop_count=1, discovery_slot=2)
BLE_HOST_RECEIPT type=0x56 src=0x9999888877776666 session=41681158 seq=262
BLE_CHUNK len=118 hex=47570128010601005604090109017c0266667777888899996666777788889999000000004e00d000014e01060000000004016100427c8751fb007c02427c8751427c000009017c020e3070b9aac08b700000000000000000000000000000000000000000000000000100030001000000000000000100
BLE_PACKET type=0x56 src=0x9999888877776666 dst=0x9999888877776666 session=41681161 seq=265 payload=014e01060000000004016100427c8751fb007c02427c8751427c000009017c020e3070b9aac08b700000000000000000000000000000000000000000000000000100030001000000000000000100
GATEWAY_COMMAND_EVENT GatewayCommandEvent(command_kind=1, stage=6, flags=0, attempt=0, command_status=0, reason=0, command_id=260, route_epoch=97, correlation_id=1367833666, gateway_sequence=41681147, host_session_id=1367833666, host_sequence=31810, event_sequence=41681161, anchor_id=8109787393498820622, pair_initiator_id=0, pair_responder_id=0, previous_hop_id=0, progress_count=1, total_count=3, success_count=1, failure_count=0, duplicate_count=0, lost_event_count=0, hop_count=1, discovery_slot=0)
BLE_HOST_RECEIPT type=0x56 src=0x9999888877776666 session=41681161 seq=265
BLE_CHUNK len=51 hex=47570128010201004104427c427c875166667777888899996666777788889999000000000b00eedb10020401110200001e0103
BLE_PACKET type=0x41 src=0x9999888877776666 dst=0x9999888877776666 session=1367833666 seq=31810 payload=10020401110200001e0103
BLE_HOST_RECEIPT type=0x41 src=0x9999888877776666 session=1367833666 seq=31810
BLE_CHUNK len=118 hex=475701280106010056040a010a017c0266667777888899996666777788889999000000004e005914014e01060000000004016100427c8751fb007c02427c8751427c00000a017c0241d1f64afe25da560000000000000000000000000000000000000000000000000200030001000000000000000101
BLE_PACKET type=0x56 src=0x9999888877776666 dst=0x9999888877776666 session=41681162 seq=266 payload=014e01060000000004016100427c8751fb007c02427c8751427c00000a017c0241d1f64afe25da560000000000000000000000000000000000000000000000000200030001000000000000000101
GATEWAY_COMMAND_EVENT GatewayCommandEvent(command_kind=1, stage=6, flags=0, attempt=0, command_status=0, reason=0, command_id=260, route_epoch=97, correlation_id=1367833666, gateway_sequence=41681147, host_session_id=1367833666, host_sequence=31810, event_sequence=41681162, anchor_id=6258356406294335809, pair_initiator_id=0, pair_responder_id=0, previous_hop_id=0, progress_count=2, total_count=3, success_count=1, failure_count=0, duplicate_count=0, lost_event_count=0, hop_count=1, discovery_slot=1)
BLE_HOST_RECEIPT type=0x56 src=0x9999888877776666 session=41681162 seq=266
BLE_CHUNK len=118 hex=475701280106010056040b010b017c0266667777888899996666777788889999000000004e00a98e014e01060000000004016100427c8751fb007c02427c8751427c00000b017c0207cbc8c619961a190000000000000000000000000000000000000000000000000300030001000000000000000102
BLE_PACKET type=0x56 src=0x9999888877776666 dst=0x9999888877776666 session=41681163 seq=267 payload=014e01060000000004016100427c8751fb007c02427c8751427c00000b017c0207cbc8c619961a190000000000000000000000000000000000000000000000000300030001000000000000000102
GATEWAY_COMMAND_EVENT GatewayCommandEvent(command_kind=1, stage=6, flags=0, attempt=0, command_status=0, reason=0, command_id=260, route_epoch=97, correlation_id=1367833666, gateway_sequence=41681147, host_session_id=1367833666, host_sequence=31810, event_sequence=41681163, anchor_id=1808923237796072199, pair_initiator_id=0, pair_responder_id=0, previous_hop_id=0, progress_count=3, total_count=3, success_count=1, failure_count=0, duplicate_count=0, lost_event_count=0, hop_count=1, discovery_slot=2)
BLE_HOST_RECEIPT type=0x56 src=0x9999888877776666 session=41681163 seq=267
BLE_CHUNK len=118 hex=475701280106010056040c010c017c0266667777888899996666777788889999000000004e00aa3d014e01070000000004016100427c8751fb007c02427c8751427c00000c017c02000000000000000000000000000000000000000000000000000000000000000003000300030000000000000000ff
BLE_PACKET type=0x56 src=0x9999888877776666 dst=0x9999888877776666 session=41681164 seq=268 payload=014e01070000000004016100427c8751fb007c02427c8751427c00000c017c02000000000000000000000000000000000000000000000000000000000000000003000300030000000000000000ff
GATEWAY_COMMAND_EVENT GatewayCommandEvent(command_kind=1, stage=7, flags=0, attempt=0, command_status=0, reason=0, command_id=260, route_epoch=97, correlation_id=1367833666, gateway_sequence=41681147, host_session_id=1367833666, host_sequence=31810, event_sequence=41681164, anchor_id=0, pair_initiator_id=0, pair_responder_id=0, previous_hop_id=0, progress_count=3, total_count=3, success_count=3, failure_count=0, duplicate_count=0, lost_event_count=0, hop_count=0, discovery_slot=255)
BLE_HOST_RECEIPT type=0x56 src=0x9999888877776666 session=41681164 seq=268
BLE_CHUNK len=118 hex=475701280106010056040d010d017c0266667777888899996666777788889999000000004e00dc0a014e01080001000004016100427c8751fb007c02427c8751427c00000d017c02000000000000000000000000000000000000000000000000000000000000000003000300000000000000000000ff
BLE_PACKET type=0x56 src=0x9999888877776666 dst=0x9999888877776666 session=41681165 seq=269 payload=014e01080001000004016100427c8751fb007c02427c8751427c00000d017c02000000000000000000000000000000000000000000000000000000000000000003000300000000000000000000ff
GATEWAY_COMMAND_EVENT GatewayCommandEvent(command_kind=1, stage=8, flags=0, attempt=1, command_status=0, reason=0, command_id=260, route_epoch=97, correlation_id=1367833666, gateway_sequence=41681147, host_session_id=1367833666, host_sequence=31810, event_sequence=41681165, anchor_id=0, pair_initiator_id=0, pair_responder_id=0, previous_hop_id=0, progress_count=3, total_count=3, success_count=0, failure_count=0, duplicate_count=0, lost_event_count=0, hop_count=0, discovery_slot=255)
BLE_HOST_RECEIPT type=0x56 src=0x9999888877776666 session=41681165 seq=269
BLE_CHUNK len=118 hex=475701280106000056040e010e017c0266667777888899996666777788889999000000004e003e04014e010c0100000004016100427c8751fb007c02427c8751427c00000e017c02000000000000000000000000000000000000000000000000000000000000000003000300030000000000000000ff
BLE_PACKET type=0x56 src=0x9999888877776666 dst=0x9999888877776666 session=41681166 seq=270 payload=014e010c0100000004016100427c8751fb007c02427c8751427c00000e017c02000000000000000000000000000000000000000000000000000000000000000003000300030000000000000000ff
GATEWAY_COMMAND_EVENT GatewayCommandEvent(command_kind=1, stage=12, flags=1, attempt=0, command_status=0, reason=0, command_id=260, route_epoch=97, correlation_id=1367833666, gateway_sequence=41681147, host_session_id=1367833666, host_sequence=31810, event_sequence=41681166, anchor_id=0, pair_initiator_id=0, pair_responder_id=0, previous_hop_id=0, progress_count=3, total_count=3, success_count=3, failure_count=0, duplicate_count=0, lost_event_count=0, hop_count=0, discovery_slot=255)
BLE_HOST_RECEIPT type=0x56 src=0x9999888877776666 session=41681166 seq=270
HERE_I_AM_REACHABILITY_QUALIFICATION_OK anchors=3 direct=3 multihop=0 retries=0
BLE_COMPLETE packets=22
