BLE_CONNECTED gateway_id=0x9999888877776666 command=assign-slots session=424604109 frame=04c101400201010101010101116666777788889999cdf14e19cdf1011b010101081002040178020306ab04dc620607ae0b0101010304dc620605e803741400
BLE_CHUNK len=118 hex=4757012801060100560419001900880366667777888899996666777788889999000000004e005f85014e0102000000000401a400cdf14e1900000000cdf14e19cdf1000019008803000000000000000000000000000000000000000000000000000000000000000000000000000000000000000000ff
BLE_PACKET type=0x56 src=0x9999888877776666 dst=0x9999888877776666 session=59244569 seq=25 payload=014e0102000000000401a400cdf14e1900000000cdf14e19cdf1000019008803000000000000000000000000000000000000000000000000000000000000000000000000000000000000000000ff
GATEWAY_COMMAND_EVENT GatewayCommandEvent(command_kind=1, stage=2, flags=0, attempt=0, command_status=0, reason=0, command_id=260, route_epoch=164, correlation_id=424604109, gateway_sequence=0, host_session_id=424604109, host_sequence=61901, event_sequence=59244569, anchor_id=0, pair_initiator_id=0, pair_responder_id=0, previous_hop_id=0, progress_count=0, total_count=0, success_count=0, failure_count=0, duplicate_count=0, lost_event_count=0, hop_count=0, discovery_slot=255)
BLE_HOST_RECEIPT type=0x56 src=0x9999888877776666 session=59244569 seq=25
BLE_CHUNK len=118 hex=475701280106010056041a001a00880366667777888899996666777788889999000000004e00fb40014e0103000000000401a400cdf14e1900000000cdf14e19cdf100001a008803000000000000000000000000000000000000000000000000000000000000000000000000000000000000000000ff
BLE_PACKET type=0x56 src=0x9999888877776666 dst=0x9999888877776666 session=59244570 seq=26 payload=014e0103000000000401a400cdf14e1900000000cdf14e19cdf100001a008803000000000000000000000000000000000000000000000000000000000000000000000000000000000000000000ff
GATEWAY_COMMAND_EVENT GatewayCommandEvent(command_kind=1, stage=3, flags=0, attempt=0, command_status=0, reason=0, command_id=260, route_epoch=164, correlation_id=424604109, gateway_sequence=0, host_session_id=424604109, host_sequence=61901, event_sequence=59244570, anchor_id=0, pair_initiator_id=0, pair_responder_id=0, previous_hop_id=0, progress_count=0, total_count=0, success_count=0, failure_count=0, duplicate_count=0, lost_event_count=0, hop_count=0, discovery_slot=255)
BLE_HOST_RECEIPT type=0x56 src=0x9999888877776666 session=59244570 seq=26
BLE_CHUNK len=118 hex=475701280106010056041c001c00880366667777888899996666777788889999000000004e00c9db014e0103000000000401a400cdf14e191b008803cdf14e19cdf100001c008803000000000000000000000000000000000000000000000000000000000000000000000000000000000000000000ff
BLE_PACKET type=0x56 src=0x9999888877776666 dst=0x9999888877776666 session=59244572 seq=28 payload=014e0103000000000401a400cdf14e191b008803cdf14e19cdf100001c008803000000000000000000000000000000000000000000000000000000000000000000000000000000000000000000ff
GATEWAY_COMMAND_EVENT GatewayCommandEvent(command_kind=1, stage=3, flags=0, attempt=0, command_status=0, reason=0, command_id=260, route_epoch=164, correlation_id=424604109, gateway_sequence=59244571, host_session_id=424604109, host_sequence=61901, event_sequence=59244572, anchor_id=0, pair_initiator_id=0, pair_responder_id=0, previous_hop_id=0, progress_count=0, total_count=0, success_count=0, failure_count=0, duplicate_count=0, lost_event_count=0, hop_count=0, discovery_slot=255)
BLE_HOST_RECEIPT type=0x56 src=0x9999888877776666 session=59244572 seq=28
BLE_CHUNK len=118 hex=475701280106010056041e001e00880366667777888899996666777788889999000000004e00fd82014e0104000100000401a400cdf14e191b008803cdf14e19cdf100001e008803000000000000000000000000000000000000000000000000000000000000000000000000000000000000000000ff
BLE_PACKET type=0x56 src=0x9999888877776666 dst=0x9999888877776666 session=59244574 seq=30 payload=014e0104000100000401a400cdf14e191b008803cdf14e19cdf100001e008803000000000000000000000000000000000000000000000000000000000000000000000000000000000000000000ff
GATEWAY_COMMAND_EVENT GatewayCommandEvent(command_kind=1, stage=4, flags=0, attempt=1, command_status=0, reason=0, command_id=260, route_epoch=164, correlation_id=424604109, gateway_sequence=59244571, host_session_id=424604109, host_sequence=61901, event_sequence=59244574, anchor_id=0, pair_initiator_id=0, pair_responder_id=0, previous_hop_id=0, progress_count=0, total_count=0, success_count=0, failure_count=0, duplicate_count=0, lost_event_count=0, hop_count=0, discovery_slot=255)
BLE_HOST_RECEIPT type=0x56 src=0x9999888877776666 session=59244574 seq=30
BLE_CHUNK len=118 hex=475701280106010056041f001f00880366667777888899996666777788889999000000004e00ffa0014e0106000000000401a400cdf14e191b008803cdf14e19cdf100001f00880341d1f64afe25da560000000000000000000000000000000041d1f64afe25da5601000000000000000000000001ff
BLE_PACKET type=0x56 src=0x9999888877776666 dst=0x9999888877776666 session=59244575 seq=31 payload=014e0106000000000401a400cdf14e191b008803cdf14e19cdf100001f00880341d1f64afe25da560000000000000000000000000000000041d1f64afe25da5601000000000000000000000001ff
GATEWAY_COMMAND_EVENT GatewayCommandEvent(command_kind=1, stage=6, flags=0, attempt=0, command_status=0, reason=0, command_id=260, route_epoch=164, correlation_id=424604109, gateway_sequence=59244571, host_session_id=424604109, host_sequence=61901, event_sequence=59244575, anchor_id=6258356406294335809, pair_initiator_id=0, pair_responder_id=0, previous_hop_id=6258356406294335809, progress_count=1, total_count=0, success_count=0, failure_count=0, duplicate_count=0, lost_event_count=0, hop_count=1, discovery_slot=255)
BLE_HOST_RECEIPT type=0x56 src=0x9999888877776666 session=59244575 seq=31
BLE_CHUNK len=118 hex=4757012801060100560420002000880366667777888899996666777788889999000000004e000f37014e0106000000000401a400cdf14e191b008803cdf14e19cdf10000200088030e3070b9aac08b700000000000000000000000000000000041d1f64afe25da5602000000000000000100000002ff
BLE_PACKET type=0x56 src=0x9999888877776666 dst=0x9999888877776666 session=59244576 seq=32 payload=014e0106000000000401a400cdf14e191b008803cdf14e19cdf10000200088030e3070b9aac08b700000000000000000000000000000000041d1f64afe25da5602000000000000000100000002ff
GATEWAY_COMMAND_EVENT GatewayCommandEvent(command_kind=1, stage=6, flags=0, attempt=0, command_status=0, reason=0, command_id=260, route_epoch=164, correlation_id=424604109, gateway_sequence=59244571, host_session_id=424604109, host_sequence=61901, event_sequence=59244576, anchor_id=8109787393498820622, pair_initiator_id=0, pair_responder_id=0, previous_hop_id=6258356406294335809, progress_count=2, total_count=0, success_count=0, failure_count=0, duplicate_count=1, lost_event_count=0, hop_count=2, discovery_slot=255)
BLE_HOST_RECEIPT type=0x56 src=0x9999888877776666 session=59244576 seq=32
BLE_CHUNK len=118 hex=4757012801060100560421002100880366667777888899996666777788889999000000004e007c9a014e0106000000000401a400cdf14e191b008803cdf14e19cdf100002100880307cbc8c619961a190000000000000000000000000000000041d1f64afe25da5603000000000000000300000003ff
BLE_PACKET type=0x56 src=0x9999888877776666 dst=0x9999888877776666 session=59244577 seq=33 payload=014e0106000000000401a400cdf14e191b008803cdf14e19cdf100002100880307cbc8c619961a190000000000000000000000000000000041d1f64afe25da5603000000000000000300000003ff
GATEWAY_COMMAND_EVENT GatewayCommandEvent(command_kind=1, stage=6, flags=0, attempt=0, command_status=0, reason=0, command_id=260, route_epoch=164, correlation_id=424604109, gateway_sequence=59244571, host_session_id=424604109, host_sequence=61901, event_sequence=59244577, anchor_id=1808923237796072199, pair_initiator_id=0, pair_responder_id=0, previous_hop_id=6258356406294335809, progress_count=3, total_count=0, success_count=0, failure_count=0, duplicate_count=3, lost_event_count=0, hop_count=3, discovery_slot=255)
BLE_HOST_RECEIPT type=0x56 src=0x9999888877776666 session=59244577 seq=33
BLE_CHUNK len=118 hex=4757012801060100560426002600880366667777888899996666777788889999000000004e009be7014e0106000000000401a400cdf14e191b008803cdf14e19cdf100002600880341d1f64afe25da560000000000000000000000000000000000000000000000000100030001000000030000000100
BLE_PACKET type=0x56 src=0x9999888877776666 dst=0x9999888877776666 session=59244582 seq=38 payload=014e0106000000000401a400cdf14e191b008803cdf14e19cdf100002600880341d1f64afe25da560000000000000000000000000000000000000000000000000100030001000000030000000100
GATEWAY_COMMAND_EVENT GatewayCommandEvent(command_kind=1, stage=6, flags=0, attempt=0, command_status=0, reason=0, command_id=260, route_epoch=164, correlation_id=424604109, gateway_sequence=59244571, host_session_id=424604109, host_sequence=61901, event_sequence=59244582, anchor_id=6258356406294335809, pair_initiator_id=0, pair_responder_id=0, previous_hop_id=0, progress_count=1, total_count=3, success_count=1, failure_count=0, duplicate_count=3, lost_event_count=0, hop_count=1, discovery_slot=0)
BLE_HOST_RECEIPT type=0x56 src=0x9999888877776666 session=59244582 seq=38
BLE_CHUNK len=51 hex=47570128010201004104cdf1cdf14e1966667777888899996666777788889999000000000b00eedb10020401110200001e0103
BLE_PACKET type=0x41 src=0x9999888877776666 dst=0x9999888877776666 session=424604109 seq=61901 payload=10020401110200001e0103
BLE_HOST_RECEIPT type=0x41 src=0x9999888877776666 session=424604109 seq=61901
BLE_CHUNK len=118 hex=4757012801060100560427002700880366667777888899996666777788889999000000004e00ad82014e0106000000000401a400cdf14e191b008803cdf14e19cdf10000270088030e3070b9aac08b700000000000000000000000000000000000000000000000000200030001000000030000000201
BLE_PACKET type=0x56 src=0x9999888877776666 dst=0x9999888877776666 session=59244583 seq=39 payload=014e0106000000000401a400cdf14e191b008803cdf14e19cdf10000270088030e3070b9aac08b700000000000000000000000000000000000000000000000000200030001000000030000000201
GATEWAY_COMMAND_EVENT GatewayCommandEvent(command_kind=1, stage=6, flags=0, attempt=0, command_status=0, reason=0, command_id=260, route_epoch=164, correlation_id=424604109, gateway_sequence=59244571, host_session_id=424604109, host_sequence=61901, event_sequence=59244583, anchor_id=8109787393498820622, pair_initiator_id=0, pair_responder_id=0, previous_hop_id=0, progress_count=2, total_count=3, success_count=1, failure_count=0, duplicate_count=3, lost_event_count=0, hop_count=2, discovery_slot=1)
BLE_HOST_RECEIPT type=0x56 src=0x9999888877776666 session=59244583 seq=39
BLE_CHUNK len=118 hex=4757012801060100560428002800880366667777888899996666777788889999000000004e00796a014e0106000000000401a400cdf14e191b008803cdf14e19cdf100002800880307cbc8c619961a190000000000000000000000000000000000000000000000000300030001000000030000000302
BLE_PACKET type=0x56 src=0x9999888877776666 dst=0x9999888877776666 session=59244584 seq=40 payload=014e0106000000000401a400cdf14e191b008803cdf14e19cdf100002800880307cbc8c619961a190000000000000000000000000000000000000000000000000300030001000000030000000302
GATEWAY_COMMAND_EVENT GatewayCommandEvent(command_kind=1, stage=6, flags=0, attempt=0, command_status=0, reason=0, command_id=260, route_epoch=164, correlation_id=424604109, gateway_sequence=59244571, host_session_id=424604109, host_sequence=61901, event_sequence=59244584, anchor_id=1808923237796072199, pair_initiator_id=0, pair_responder_id=0, previous_hop_id=0, progress_count=3, total_count=3, success_count=1, failure_count=0, duplicate_count=3, lost_event_count=0, hop_count=3, discovery_slot=2)
BLE_HOST_RECEIPT type=0x56 src=0x9999888877776666 session=59244584 seq=40
BLE_CHUNK len=118 hex=4757012801060100560429002900880366667777888899996666777788889999000000004e002cd2014e0107000000000401a400cdf14e191b008803cdf14e19cdf1000029008803000000000000000000000000000000000000000000000000000000000000000003000300030000000300000000ff
BLE_PACKET type=0x56 src=0x9999888877776666 dst=0x9999888877776666 session=59244585 seq=41 payload=014e0107000000000401a400cdf14e191b008803cdf14e19cdf1000029008803000000000000000000000000000000000000000000000000000000000000000003000300030000000300000000ff
GATEWAY_COMMAND_EVENT GatewayCommandEvent(command_kind=1, stage=7, flags=0, attempt=0, command_status=0, reason=0, command_id=260, route_epoch=164, correlation_id=424604109, gateway_sequence=59244571, host_session_id=424604109, host_sequence=61901, event_sequence=59244585, anchor_id=0, pair_initiator_id=0, pair_responder_id=0, previous_hop_id=0, progress_count=3, total_count=3, success_count=3, failure_count=0, duplicate_count=3, lost_event_count=0, hop_count=0, discovery_slot=255)
BLE_HOST_RECEIPT type=0x56 src=0x9999888877776666 session=59244585 seq=41
BLE_CHUNK len=118 hex=475701280106010056042a002a00880366667777888899996666777788889999000000004e00b6c1014e0108000100000401a400cdf14e191b008803cdf14e19cdf100002a008803000000000000000000000000000000000000000000000000000000000000000003000300000000000300000000ff
BLE_PACKET type=0x56 src=0x9999888877776666 dst=0x9999888877776666 session=59244586 seq=42 payload=014e0108000100000401a400cdf14e191b008803cdf14e19cdf100002a008803000000000000000000000000000000000000000000000000000000000000000003000300000000000300000000ff
GATEWAY_COMMAND_EVENT GatewayCommandEvent(command_kind=1, stage=8, flags=0, attempt=1, command_status=0, reason=0, command_id=260, route_epoch=164, correlation_id=424604109, gateway_sequence=59244571, host_session_id=424604109, host_sequence=61901, event_sequence=59244586, anchor_id=0, pair_initiator_id=0, pair_responder_id=0, previous_hop_id=0, progress_count=3, total_count=3, success_count=0, failure_count=0, duplicate_count=3, lost_event_count=0, hop_count=0, discovery_slot=255)
BLE_HOST_RECEIPT type=0x56 src=0x9999888877776666 session=59244586 seq=42
BLE_CHUNK len=118 hex=475701280106000056042b002b00880366667777888899996666777788889999000000004e00b8eb014e010c010000000401a400cdf14e191b008803cdf14e19cdf100002b008803000000000000000000000000000000000000000000000000000000000000000003000300030000000300000000ff
BLE_PACKET type=0x56 src=0x9999888877776666 dst=0x9999888877776666 session=59244587 seq=43 payload=014e010c010000000401a400cdf14e191b008803cdf14e19cdf100002b008803000000000000000000000000000000000000000000000000000000000000000003000300030000000300000000ff
GATEWAY_COMMAND_EVENT GatewayCommandEvent(command_kind=1, stage=12, flags=1, attempt=0, command_status=0, reason=0, command_id=260, route_epoch=164, correlation_id=424604109, gateway_sequence=59244571, host_session_id=424604109, host_sequence=61901, event_sequence=59244587, anchor_id=0, pair_initiator_id=0, pair_responder_id=0, previous_hop_id=0, progress_count=3, total_count=3, success_count=3, failure_count=0, duplicate_count=3, lost_event_count=0, hop_count=0, discovery_slot=255)
BLE_HOST_RECEIPT type=0x56 src=0x9999888877776666 session=59244587 seq=43
ASSIGNMENT_QUALIFICATION_OK run=1/10 anchors=3 direct=1 multihop=2 retries=0
BLE_CONNECTED gateway_id=0x9999888877776666 command=assign-slots session=424604110 frame=04c101400201010101010101116666777788889999cef14e19cef1011b010101081002040178020306ab04dc620607ae0b0101010304dc620605e803d5d600
BLE_CHUNK len=118 hex=475701280106010056042c002c00880366667777888899996666777788889999000000004e00c04f014e0102000000000401a400cef14e1900000000cef14e19cef100002c008803000000000000000000000000000000000000000000000000000000000000000000000000000000000000000000ff
BLE_PACKET type=0x56 src=0x9999888877776666 dst=0x9999888877776666 session=59244588 seq=44 payload=014e0102000000000401a400cef14e1900000000cef14e19cef100002c008803000000000000000000000000000000000000000000000000000000000000000000000000000000000000000000ff
GATEWAY_COMMAND_EVENT GatewayCommandEvent(command_kind=1, stage=2, flags=0, attempt=0, command_status=0, reason=0, command_id=260, route_epoch=164, correlation_id=424604110, gateway_sequence=0, host_session_id=424604110, host_sequence=61902, event_sequence=59244588, anchor_id=0, pair_initiator_id=0, pair_responder_id=0, previous_hop_id=0, progress_count=0, total_count=0, success_count=0, failure_count=0, duplicate_count=0, lost_event_count=0, hop_count=0, discovery_slot=255)
BLE_HOST_RECEIPT type=0x56 src=0x9999888877776666 session=59244588 seq=44
BLE_CHUNK len=118 hex=475701280106010056042d002d00880366667777888899996666777788889999000000004e0088ae014e0103000000000401a400cef14e1900000000cef14e19cef100002d008803000000000000000000000000000000000000000000000000000000000000000000000000000000000000000000ff
BLE_PACKET type=0x56 src=0x9999888877776666 dst=0x9999888877776666 session=59244589 seq=45 payload=014e0103000000000401a400cef14e1900000000cef14e19cef100002d008803000000000000000000000000000000000000000000000000000000000000000000000000000000000000000000ff
GATEWAY_COMMAND_EVENT GatewayCommandEvent(command_kind=1, stage=3, flags=0, attempt=0, command_status=0, reason=0, command_id=260, route_epoch=164, correlation_id=424604110, gateway_sequence=0, host_session_id=424604110, host_sequence=61902, event_sequence=59244589, anchor_id=0, pair_initiator_id=0, pair_responder_id=0, previous_hop_id=0, progress_count=0, total_count=0, success_count=0, failure_count=0, duplicate_count=0, lost_event_count=0, hop_count=0, discovery_slot=255)
BLE_HOST_RECEIPT type=0x56 src=0x9999888877776666 session=59244589 seq=45
BLE_CHUNK len=118 hex=475701280106010056042e002e00880366667777888899996666777788889999000000004e003171014e0105000103020401a400cef14e1900000000cef14e19cef100002e008803000000000000000000000000000000000000000000000000000000000000000000000000000000000000000000ff
BLE_PACKET type=0x56 src=0x9999888877776666 dst=0x9999888877776666 session=59244590 seq=46 payload=014e0105000103020401a400cef14e1900000000cef14e19cef100002e008803000000000000000000000000000000000000000000000000000000000000000000000000000000000000000000ff
GATEWAY_COMMAND_EVENT GatewayCommandEvent(command_kind=1, stage=5, flags=0, attempt=1, command_status=3, reason=2, command_id=260, route_epoch=164, correlation_id=424604110, gateway_sequence=0, host_session_id=424604110, host_sequence=61902, event_sequence=59244590, anchor_id=0, pair_initiator_id=0, pair_responder_id=0, previous_hop_id=0, progress_count=0, total_count=0, success_count=0, failure_count=0, duplicate_count=0, lost_event_count=0, hop_count=0, discovery_slot=255)
BLE_HOST_RECEIPT type=0x56 src=0x9999888877776666 session=59244590 seq=46
BLE_CHUNK len=118 hex=475701280106010056042f002f00880366667777888899996666777788889999000000004e00648a014e0103000000000401a400cef14e1900000000cef14e19cef100002f008803000000000000000000000000000000000000000000000000000000000000000000000000000000000000000000ff
BLE_PACKET type=0x56 src=0x9999888877776666 dst=0x9999888877776666 session=59244591 seq=47 payload=014e0103000000000401a400cef14e1900000000cef14e19cef100002f008803000000000000000000000000000000000000000000000000000000000000000000000000000000000000000000ff
GATEWAY_COMMAND_EVENT GatewayCommandEvent(command_kind=1, stage=3, flags=0, attempt=0, command_status=0, reason=0, command_id=260, route_epoch=164, correlation_id=424604110, gateway_sequence=0, host_session_id=424604110, host_sequence=61902, event_sequence=59244591, anchor_id=0, pair_initiator_id=0, pair_responder_id=0, previous_hop_id=0, progress_count=0, total_count=0, success_count=0, failure_count=0, duplicate_count=0, lost_event_count=0, hop_count=0, discovery_slot=255)
BLE_HOST_RECEIPT type=0x56 src=0x9999888877776666 session=59244591 seq=47
BLE_CHUNK len=118 hex=4757012801060100560431003100880366667777888899996666777788889999000000004e002f5d014e0103000000000401a400cef14e1930008803cef14e19cef1000031008803000000000000000000000000000000000000000000000000000000000000000000000000000000000000000000ff
BLE_PACKET type=0x56 src=0x9999888877776666 dst=0x9999888877776666 session=59244593 seq=49 payload=014e0103000000000401a400cef14e1930008803cef14e19cef1000031008803000000000000000000000000000000000000000000000000000000000000000000000000000000000000000000ff
GATEWAY_COMMAND_EVENT GatewayCommandEvent(command_kind=1, stage=3, flags=0, attempt=0, command_status=0, reason=0, command_id=260, route_epoch=164, correlation_id=424604110, gateway_sequence=59244592, host_session_id=424604110, host_sequence=61902, event_sequence=59244593, anchor_id=0, pair_initiator_id=0, pair_responder_id=0, previous_hop_id=0, progress_count=0, total_count=0, success_count=0, failure_count=0, duplicate_count=0, lost_event_count=0, hop_count=0, discovery_slot=255)
BLE_HOST_RECEIPT type=0x56 src=0x9999888877776666 session=59244593 seq=49
BLE_CHUNK len=118 hex=4757012801060100560433003300880366667777888899996666777788889999000000004e001b04014e0104000100000401a400cef14e1930008803cef14e19cef1000033008803000000000000000000000000000000000000000000000000000000000000000000000000000000000000000000ff
BLE_PACKET type=0x56 src=0x9999888877776666 dst=0x9999888877776666 session=59244595 seq=51 payload=014e0104000100000401a400cef14e1930008803cef14e19cef1000033008803000000000000000000000000000000000000000000000000000000000000000000000000000000000000000000ff
GATEWAY_COMMAND_EVENT GatewayCommandEvent(command_kind=1, stage=4, flags=0, attempt=1, command_status=0, reason=0, command_id=260, route_epoch=164, correlation_id=424604110, gateway_sequence=59244592, host_session_id=424604110, host_sequence=61902, event_sequence=59244595, anchor_id=0, pair_initiator_id=0, pair_responder_id=0, previous_hop_id=0, progress_count=0, total_count=0, success_count=0, failure_count=0, duplicate_count=0, lost_event_count=0, hop_count=0, discovery_slot=255)
BLE_HOST_RECEIPT type=0x56 src=0x9999888877776666 session=59244595 seq=51
BLE_CHUNK len=118 hex=4757012801060100560434003400880366667777888899996666777788889999000000004e002d4b014e0106000000000401a400cef14e1930008803cef14e19cef100003400880341d1f64afe25da560000000000000000000000000000000041d1f64afe25da5601000000000000000000000001ff
BLE_PACKET type=0x56 src=0x9999888877776666 dst=0x9999888877776666 session=59244596 seq=52 payload=014e0106000000000401a400cef14e1930008803cef14e19cef100003400880341d1f64afe25da560000000000000000000000000000000041d1f64afe25da5601000000000000000000000001ff
GATEWAY_COMMAND_EVENT GatewayCommandEvent(command_kind=1, stage=6, flags=0, attempt=0, command_status=0, reason=0, command_id=260, route_epoch=164, correlation_id=424604110, gateway_sequence=59244592, host_session_id=424604110, host_sequence=61902, event_sequence=59244596, anchor_id=6258356406294335809, pair_initiator_id=0, pair_responder_id=0, previous_hop_id=6258356406294335809, progress_count=1, total_count=0, success_count=0, failure_count=0, duplicate_count=0, lost_event_count=0, hop_count=1, discovery_slot=255)
BLE_HOST_RECEIPT type=0x56 src=0x9999888877776666 session=59244596 seq=52
BLE_CHUNK len=118 hex=4757012801060100560435003500880366667777888899996666777788889999000000004e009a7b014e0106000000000401a400cef14e1930008803cef14e19cef10000350088030e3070b9aac08b700000000000000000000000000000000041d1f64afe25da5602000000000000000100000002ff
BLE_PACKET type=0x56 src=0x9999888877776666 dst=0x9999888877776666 session=59244597 seq=53 payload=014e0106000000000401a400cef14e1930008803cef14e19cef10000350088030e3070b9aac08b700000000000000000000000000000000041d1f64afe25da5602000000000000000100000002ff
GATEWAY_COMMAND_EVENT GatewayCommandEvent(command_kind=1, stage=6, flags=0, attempt=0, command_status=0, reason=0, command_id=260, route_epoch=164, correlation_id=424604110, gateway_sequence=59244592, host_session_id=424604110, host_sequence=61902, event_sequence=59244597, anchor_id=8109787393498820622, pair_initiator_id=0, pair_responder_id=0, previous_hop_id=6258356406294335809, progress_count=2, total_count=0, success_count=0, failure_count=0, duplicate_count=1, lost_event_count=0, hop_count=2, discovery_slot=255)
BLE_HOST_RECEIPT type=0x56 src=0x9999888877776666 session=59244597 seq=53
BLE_CHUNK len=118 hex=4757012801060100560436003600880366667777888899996666777788889999000000004e0005f2014e0106000000000401a400cef14e1930008803cef14e19cef100003600880307cbc8c619961a190000000000000000000000000000000041d1f64afe25da5603000000000000000300000003ff
BLE_PACKET type=0x56 src=0x9999888877776666 dst=0x9999888877776666 session=59244598 seq=54 payload=014e0106000000000401a400cef14e1930008803cef14e19cef100003600880307cbc8c619961a190000000000000000000000000000000041d1f64afe25da5603000000000000000300000003ff
GATEWAY_COMMAND_EVENT GatewayCommandEvent(command_kind=1, stage=6, flags=0, attempt=0, command_status=0, reason=0, command_id=260, route_epoch=164, correlation_id=424604110, gateway_sequence=59244592, host_session_id=424604110, host_sequence=61902, event_sequence=59244598, anchor_id=1808923237796072199, pair_initiator_id=0, pair_responder_id=0, previous_hop_id=6258356406294335809, progress_count=3, total_count=0, success_count=0, failure_count=0, duplicate_count=3, lost_event_count=0, hop_count=3, discovery_slot=255)
BLE_HOST_RECEIPT type=0x56 src=0x9999888877776666 session=59244598 seq=54
BLE_CHUNK len=118 hex=475701280106010056043b003b00880366667777888899996666777788889999000000004e00be38014e0106000000000401a400cef14e1930008803cef14e19cef100003b00880341d1f64afe25da560000000000000000000000000000000000000000000000000100030001000000030000000100
BLE_PACKET type=0x56 src=0x9999888877776666 dst=0x9999888877776666 session=59244603 seq=59 payload=014e0106000000000401a400cef14e1930008803cef14e19cef100003b00880341d1f64afe25da560000000000000000000000000000000000000000000000000100030001000000030000000100
GATEWAY_COMMAND_EVENT GatewayCommandEvent(command_kind=1, stage=6, flags=0, attempt=0, command_status=0, reason=0, command_id=260, route_epoch=164, correlation_id=424604110, gateway_sequence=59244592, host_session_id=424604110, host_sequence=61902, event_sequence=59244603, anchor_id=6258356406294335809, pair_initiator_id=0, pair_responder_id=0, previous_hop_id=0, progress_count=1, total_count=3, success_count=1, failure_count=0, duplicate_count=3, lost_event_count=0, hop_count=1, discovery_slot=0)
BLE_HOST_RECEIPT type=0x56 src=0x9999888877776666 session=59244603 seq=59
BLE_CHUNK len=51 hex=47570128010201004104cef1cef14e1966667777888899996666777788889999000000000b00eedb10020401110200001e0103
BLE_PACKET type=0x41 src=0x9999888877776666 dst=0x9999888877776666 session=424604110 seq=61902 payload=10020401110200001e0103
BLE_HOST_RECEIPT type=0x41 src=0x9999888877776666 session=424604110 seq=61902
BLE_CHUNK len=118 hex=475701280106010056043c003c00880366667777888899996666777788889999000000004e00bc30014e0106000000000401a400cef14e1930008803cef14e19cef100003c0088030e3070b9aac08b700000000000000000000000000000000000000000000000000200030001000000030000000201
BLE_PACKET type=0x56 src=0x9999888877776666 dst=0x9999888877776666 session=59244604 seq=60 payload=014e0106000000000401a400cef14e1930008803cef14e19cef100003c0088030e3070b9aac08b700000000000000000000000000000000000000000000000000200030001000000030000000201
GATEWAY_COMMAND_EVENT GatewayCommandEvent(command_kind=1, stage=6, flags=0, attempt=0, command_status=0, reason=0, command_id=260, route_epoch=164, correlation_id=424604110, gateway_sequence=59244592, host_session_id=424604110, host_sequence=61902, event_sequence=59244604, anchor_id=8109787393498820622, pair_initiator_id=0, pair_responder_id=0, previous_hop_id=0, progress_count=2, total_count=3, success_count=1, failure_count=0, duplicate_count=3, lost_event_count=0, hop_count=2, discovery_slot=1)
BLE_HOST_RECEIPT type=0x56 src=0x9999888877776666 session=59244604 seq=60
BLE_CHUNK len=118 hex=475701280106010056043d003d00880366667777888899996666777788889999010000004e00ec26014e0106000000000401a400cef14e1930008803cef14e19cef100003d00880307cbc8c619961a190000000000000000000000000000000000000000000000000300030001000000030000000302
BLE_PACKET type=0x56 src=0x9999888877776666 dst=0x9999888877776666 session=59244605 seq=61 payload=014e0106000000000401a400cef14e1930008803cef14e19cef100003d00880307cbc8c619961a190000000000000000000000000000000000000000000000000300030001000000030000000302
GATEWAY_COMMAND_EVENT GatewayCommandEvent(command_kind=1, stage=6, flags=0, attempt=0, command_status=0, reason=0, command_id=260, route_epoch=164, correlation_id=424604110, gateway_sequence=59244592, host_session_id=424604110, host_sequence=61902, event_sequence=59244605, anchor_id=1808923237796072199, pair_initiator_id=0, pair_responder_id=0, previous_hop_id=0, progress_count=3, total_count=3, success_count=1, failure_count=0, duplicate_count=3, lost_event_count=0, hop_count=3, discovery_slot=2)
BLE_HOST_RECEIPT type=0x56 src=0x9999888877776666 session=59244605 seq=61
BLE_CHUNK len=118 hex=475701280106010056043e003e00880366667777888899996666777788889999000000004e0055ba014e0107000000000401a400cef14e1930008803cef14e19cef100003e008803000000000000000000000000000000000000000000000000000000000000000003000300030000000300000000ff
BLE_PACKET type=0x56 src=0x9999888877776666 dst=0x9999888877776666 session=59244606 seq=62 payload=014e0107000000000401a400cef14e1930008803cef14e19cef100003e008803000000000000000000000000000000000000000000000000000000000000000003000300030000000300000000ff
GATEWAY_COMMAND_EVENT GatewayCommandEvent(command_kind=1, stage=7, flags=0, attempt=0, command_status=0, reason=0, command_id=260, route_epoch=164, correlation_id=424604110, gateway_sequence=59244592, host_session_id=424604110, host_sequence=61902, event_sequence=59244606, anchor_id=0, pair_initiator_id=0, pair_responder_id=0, previous_hop_id=0, progress_count=3, total_count=3, success_count=3, failure_count=0, duplicate_count=3, lost_event_count=0, hop_count=0, discovery_slot=255)
BLE_CHUNK len=118 hex=475701280106010056043f003f00880366667777888899996666777788889999010000004e00238d014e0108000100000401a400cef14e1930008803cef14e19cef100003f008803000000000000000000000000000000000000000000000000000000000000000003000300000000000300000000ff
BLE_PACKET type=0x56 src=0x9999888877776666 dst=0x9999888877776666 session=59244607 seq=63 payload=014e0108000100000401a400cef14e1930008803cef14e19cef100003f008803000000000000000000000000000000000000000000000000000000000000000003000300000000000300000000ff
GATEWAY_COMMAND_EVENT GatewayCommandEvent(command_kind=1, stage=8, flags=0, attempt=1, command_status=0, reason=0, command_id=260, route_epoch=164, correlation_id=424604110, gateway_sequence=59244592, host_session_id=424604110, host_sequence=61902, event_sequence=59244607, anchor_id=0, pair_initiator_id=0, pair_responder_id=0, previous_hop_id=0, progress_count=3, total_count=3, success_count=0, failure_count=0, duplicate_count=3, lost_event_count=0, hop_count=0, discovery_slot=255)
BLE_HOST_RECEIPT type=0x56 src=0x9999888877776666 session=59244606 seq=62
BLE_HOST_RECEIPT type=0x56 src=0x9999888877776666 session=59244607 seq=63
BLE_CHUNK len=118 hex=4757012801060000560440004000880366667777888899996666777788889999010000004e006edd014e010c010000000401a400cef14e1930008803cef14e19cef1000040008803000000000000000000000000000000000000000000000000000000000000000003000300030000000300000000ff
BLE_PACKET type=0x56 src=0x9999888877776666 dst=0x9999888877776666 session=59244608 seq=64 payload=014e010c010000000401a400cef14e1930008803cef14e19cef1000040008803000000000000000000000000000000000000000000000000000000000000000003000300030000000300000000ff
GATEWAY_COMMAND_EVENT GatewayCommandEvent(command_kind=1, stage=12, flags=1, attempt=0, command_status=0, reason=0, command_id=260, route_epoch=164, correlation_id=424604110, gateway_sequence=59244592, host_session_id=424604110, host_sequence=61902, event_sequence=59244608, anchor_id=0, pair_initiator_id=0, pair_responder_id=0, previous_hop_id=0, progress_count=3, total_count=3, success_count=3, failure_count=0, duplicate_count=3, lost_event_count=0, hop_count=0, discovery_slot=255)
BLE_HOST_RECEIPT type=0x56 src=0x9999888877776666 session=59244608 seq=64
ASSIGNMENT_QUALIFICATION_OK run=2/10 anchors=3 direct=1 multihop=2 retries=1
BLE_CONNECTED gateway_id=0x9999888877776666 command=assign-slots session=424604111 frame=04c101400201010101010101116666777788889999cff14e19cff1011b010101081002040178020306ab04dc620607ae0b0101010304dc620605e8034a9700
BLE_CHUNK len=118 hex=4757012801060100560441004100880366667777888899996666777788889999000000004e00f673014e0102000000000401a400cff14e1900000000cff14e19cff1000041008803000000000000000000000000000000000000000000000000000000000000000000000000000000000000000000ff
BLE_PACKET type=0x56 src=0x9999888877776666 dst=0x9999888877776666 session=59244609 seq=65 payload=014e0102000000000401a400cff14e1900000000cff14e19cff1000041008803000000000000000000000000000000000000000000000000000000000000000000000000000000000000000000ff
GATEWAY_COMMAND_EVENT GatewayCommandEvent(command_kind=1, stage=2, flags=0, attempt=0, command_status=0, reason=0, command_id=260, route_epoch=164, correlation_id=424604111, gateway_sequence=0, host_session_id=424604111, host_sequence=61903, event_sequence=59244609, anchor_id=0, pair_initiator_id=0, pair_responder_id=0, previous_hop_id=0, progress_count=0, total_count=0, success_count=0, failure_count=0, duplicate_count=0, lost_event_count=0, hop_count=0, discovery_slot=255)
BLE_HOST_RECEIPT type=0x56 src=0x9999888877776666 session=59244609 seq=65
BLE_CHUNK len=118 hex=4757012801060100560442004200880366667777888899996666777788889999000000004e0052b6014e0103000000000401a400cff14e1900000000cff14e19cff1000042008803000000000000000000000000000000000000000000000000000000000000000000000000000000000000000000ff
BLE_PACKET type=0x56 src=0x9999888877776666 dst=0x9999888877776666 session=59244610 seq=66 payload=014e0103000000000401a400cff14e1900000000cff14e19cff1000042008803000000000000000000000000000000000000000000000000000000000000000000000000000000000000000000ff
GATEWAY_COMMAND_EVENT GatewayCommandEvent(command_kind=1, stage=3, flags=0, attempt=0, command_status=0, reason=0, command_id=260, route_epoch=164, correlation_id=424604111, gateway_sequence=0, host_session_id=424604111, host_sequence=61903, event_sequence=59244610, anchor_id=0, pair_initiator_id=0, pair_responder_id=0, previous_hop_id=0, progress_count=0, total_count=0, success_count=0, failure_count=0, duplicate_count=0, lost_event_count=0, hop_count=0, discovery_slot=255)
BLE_HOST_RECEIPT type=0x56 src=0x9999888877776666 session=59244610 seq=66
BLE_CHUNK len=118 hex=4757012801060100560444004400880366667777888899996666777788889999000000004e003b0a014e0103000000000401a400cff14e1943008803cff14e19cff1000044008803000000000000000000000000000000000000000000000000000000000000000000000000000000000000000000ff
BLE_PACKET type=0x56 src=0x9999888877776666 dst=0x9999888877776666 session=59244612 seq=68 payload=014e0103000000000401a400cff14e1943008803cff14e19cff1000044008803000000000000000000000000000000000000000000000000000000000000000000000000000000000000000000ff
GATEWAY_COMMAND_EVENT GatewayCommandEvent(command_kind=1, stage=3, flags=0, attempt=0, command_status=0, reason=0, command_id=260, route_epoch=164, correlation_id=424604111, gateway_sequence=59244611, host_session_id=424604111, host_sequence=61903, event_sequence=59244612, anchor_id=0, pair_initiator_id=0, pair_responder_id=0, previous_hop_id=0, progress_count=0, total_count=0, success_count=0, failure_count=0, duplicate_count=0, lost_event_count=0, hop_count=0, discovery_slot=255)
BLE_HOST_RECEIPT type=0x56 src=0x9999888877776666 session=59244612 seq=68
BLE_CHUNK len=118 hex=4757012801060100560446004600880366667777888899996666777788889999000000004e000f53014e0104000100000401a400cff14e1943008803cff14e19cff1000046008803000000000000000000000000000000000000000000000000000000000000000000000000000000000000000000ff
BLE_PACKET type=0x56 src=0x9999888877776666 dst=0x9999888877776666 session=59244614 seq=70 payload=014e0104000100000401a400cff14e1943008803cff14e19cff1000046008803000000000000000000000000000000000000000000000000000000000000000000000000000000000000000000ff
GATEWAY_COMMAND_EVENT GatewayCommandEvent(command_kind=1, stage=4, flags=0, attempt=1, command_status=0, reason=0, command_id=260, route_epoch=164, correlation_id=424604111, gateway_sequence=59244611, host_session_id=424604111, host_sequence=61903, event_sequence=59244614, anchor_id=0, pair_initiator_id=0, pair_responder_id=0, previous_hop_id=0, progress_count=0, total_count=0, success_count=0, failure_count=0, duplicate_count=0, lost_event_count=0, hop_count=0, discovery_slot=255)
BLE_HOST_RECEIPT type=0x56 src=0x9999888877776666 session=59244614 seq=70
BLE_CHUNK len=118 hex=4757012801060100560447004700880366667777888899996666777788889999000000004e000d71014e0106000000000401a400cff14e1943008803cff14e19cff100004700880341d1f64afe25da560000000000000000000000000000000041d1f64afe25da5601000000000000000000000001ff
BLE_PACKET type=0x56 src=0x9999888877776666 dst=0x9999888877776666 session=59244615 seq=71 payload=014e0106000000000401a400cff14e1943008803cff14e19cff100004700880341d1f64afe25da560000000000000000000000000000000041d1f64afe25da5601000000000000000000000001ff
GATEWAY_COMMAND_EVENT GatewayCommandEvent(command_kind=1, stage=6, flags=0, attempt=0, command_status=0, reason=0, command_id=260, route_epoch=164, correlation_id=424604111, gateway_sequence=59244611, host_session_id=424604111, host_sequence=61903, event_sequence=59244615, anchor_id=6258356406294335809, pair_initiator_id=0, pair_responder_id=0, previous_hop_id=6258356406294335809, progress_count=1, total_count=0, success_count=0, failure_count=0, duplicate_count=0, lost_event_count=0, hop_count=1, discovery_slot=255)
BLE_HOST_RECEIPT type=0x56 src=0x9999888877776666 session=59244615 seq=71
BLE_CHUNK len=118 hex=4757012801060100560448004800880366667777888899996666777788889999000000004e003ebf014e0106000000000401a400cff14e1943008803cff14e19cff10000480088030e3070b9aac08b700000000000000000000000000000000041d1f64afe25da5602000000000000000100000002ff
BLE_PACKET type=0x56 src=0x9999888877776666 dst=0x9999888877776666 session=59244616 seq=72 payload=014e0106000000000401a400cff14e1943008803cff14e19cff10000480088030e3070b9aac08b700000000000000000000000000000000041d1f64afe25da5602000000000000000100000002ff
GATEWAY_COMMAND_EVENT GatewayCommandEvent(command_kind=1, stage=6, flags=0, attempt=0, command_status=0, reason=0, command_id=260, route_epoch=164, correlation_id=424604111, gateway_sequence=59244611, host_session_id=424604111, host_sequence=61903, event_sequence=59244616, anchor_id=8109787393498820622, pair_initiator_id=0, pair_responder_id=0, previous_hop_id=6258356406294335809, progress_count=2, total_count=0, success_count=0, failure_count=0, duplicate_count=1, lost_event_count=0, hop_count=2, discovery_slot=255)
BLE_HOST_RECEIPT type=0x56 src=0x9999888877776666 session=59244616 seq=72
BLE_CHUNK len=51 hex=47570128010201004144cff1cff14e1966667777888899996666777788889999000000000b001ca810020401110205001e0106
BLE_PACKET type=0x41 src=0x9999888877776666 dst=0x9999888877776666 session=424604111 seq=61903 payload=10020401110205001e0106
BLE_HOST_RECEIPT type=0x41 src=0x9999888877776666 session=424604111 seq=61903
BLE_CHUNK len=118 hex=475701280106000056044b004b00880366667777888899996666777788889999000000004e00256b014e010c030105050401a400cff14e1943008803cff14e19cff100004b008803000000000000000000000000000000000000000000000000000000000000000002000200000002000100000000ff
BLE_PACKET type=0x56 src=0x9999888877776666 dst=0x9999888877776666 session=59244619 seq=75 payload=014e010c030105050401a400cff14e1943008803cff14e19cff100004b008803000000000000000000000000000000000000000000000000000000000000000002000200000002000100000000ff
GATEWAY_COMMAND_EVENT GatewayCommandEvent(command_kind=1, stage=12, flags=3, attempt=1, command_status=5, reason=5, command_id=260, route_epoch=164, correlation_id=424604111, gateway_sequence=59244611, host_session_id=424604111, host_sequence=61903, event_sequence=59244619, anchor_id=0, pair_initiator_id=0, pair_responder_id=0, previous_hop_id=0, progress_count=2, total_count=2, success_count=0, failure_count=2, duplicate_count=1, lost_event_count=0, hop_count=0, discovery_slot=255)
BLE_HOST_RECEIPT type=0x56 src=0x9999888877776666 session=59244619 seq=75
Traceback (most recent call last):
  File "/home/tommie/.t3/worktrees/IMEC2/t3code-c5d0d7da/firmware/scripts/provision_mesh_anchor.py", line 1852, in <module>
    main()
    ~~~~^^
  File "/home/tommie/.t3/worktrees/IMEC2/t3code-c5d0d7da/firmware/scripts/provision_mesh_anchor.py", line 1848, in main
    asyncio.run(run(args))
    ~~~~~~~~~~~^^^^^^^^^^^
  File "/home/tommie/.local/share/uv/python/cpython-3.13.11-linux-x86_64-gnu/lib/python3.13/asyncio/runners.py", line 195, in run
    return runner.run(main)
           ~~~~~~~~~~^^^^^^
  File "/home/tommie/.local/share/uv/python/cpython-3.13.11-linux-x86_64-gnu/lib/python3.13/asyncio/runners.py", line 118, in run
    return self._loop.run_until_complete(task)
           ~~~~~~~~~~~~~~~~~~~~~~~~~~~~~^^^^^^
  File "/home/tommie/.local/share/uv/python/cpython-3.13.11-linux-x86_64-gnu/lib/python3.13/asyncio/base_events.py", line 725, in run_until_complete
    return future.result()
           ~~~~~~~~~~~~~^^
  File "/home/tommie/.t3/worktrees/IMEC2/t3code-c5d0d7da/firmware/scripts/provision_mesh_anchor.py", line 1630, in run
    await await_qualification(
    ...<4 lines>...
    )
  File "/home/tommie/.t3/worktrees/IMEC2/t3code-c5d0d7da/firmware/scripts/provision_mesh_anchor.py", line 1255, in await_qualification
    current.validate()
    ~~~~~~~~~~~~~~~~^^
  File "/home/tommie/.t3/worktrees/IMEC2/t3code-c5d0d7da/firmware/scripts/provision_mesh_anchor.py", line 623, in validate
    raise RuntimeError("assignment qualification failed: " + "; ".join(self.errors))
RuntimeError: assignment qualification failed: gateway command failed before lifecycle terminal (command=260 status=5 reason=6); assignment terminal preceded required lifecycle progress; expected 3 unique anchor claims, got 2; expected 3 published slot mappings, got 0; assignment collection-complete event was not received; successful assignment table publication was not observed; terminal assignment counters do not prove every table ACK completed (status=5 reason=5 total=2 success=0 failure=2 lost=0)
