BLE_CONNECTED gateway_id=0x9999888877776666 command=here-i-am session=242033225 frame=04c10140020101010101010111666677778888999949226d0e492201330101010410020c06ab04dc620607ae0b0101010304dc620607e803ae1301020310620102c8040604fa010104b5f80305ae050103050201f2b600
BLE_CHUNK len=118 hex=47570128010601005604a300a300600266667777888899996666777788889999000000004e00417e014e0302000000000c005a0049226d0e0000000049226d0e49220000a3006002000000000000000000000000000000000000000000000000000000000000000000000000000000000000000000ff
BLE_PACKET type=0x56 src=0x9999888877776666 dst=0x9999888877776666 session=39846051 seq=163 payload=014e0302000000000c005a0049226d0e0000000049226d0e49220000a3006002000000000000000000000000000000000000000000000000000000000000000000000000000000000000000000ff
GATEWAY_COMMAND_EVENT GatewayCommandEvent(command_kind=3, stage=2, flags=0, attempt=0, command_status=0, reason=0, command_id=12, route_epoch=90, correlation_id=242033225, gateway_sequence=0, host_session_id=242033225, host_sequence=8777, event_sequence=39846051, anchor_id=0, pair_initiator_id=0, pair_responder_id=0, previous_hop_id=0, progress_count=0, total_count=0, success_count=0, failure_count=0, duplicate_count=0, lost_event_count=0, hop_count=0, discovery_slot=255)
BLE_HOST_RECEIPT type=0x56 src=0x9999888877776666 session=39846051 seq=163
BLE_CHUNK len=118 hex=47570128010601005604a400a400600266667777888899996666777788889999000000004e003df2014e0303000000000c005a0049226d0e0000000049226d0e49220000a4006002000000000000000000000000000000000000000000000000000000000000000000000000000000000000000000ff
BLE_PACKET type=0x56 src=0x9999888877776666 dst=0x9999888877776666 session=39846052 seq=164 payload=014e0303000000000c005a0049226d0e0000000049226d0e49220000a4006002000000000000000000000000000000000000000000000000000000000000000000000000000000000000000000ff
GATEWAY_COMMAND_EVENT GatewayCommandEvent(command_kind=3, stage=3, flags=0, attempt=0, command_status=0, reason=0, command_id=12, route_epoch=90, correlation_id=242033225, gateway_sequence=0, host_session_id=242033225, host_sequence=8777, event_sequence=39846052, anchor_id=0, pair_initiator_id=0, pair_responder_id=0, previous_hop_id=0, progress_count=0, total_count=0, success_count=0, failure_count=0, duplicate_count=0, lost_event_count=0, hop_count=0, discovery_slot=255)
BLE_HOST_RECEIPT type=0x56 src=0x9999888877776666 session=39846052 seq=164
BLE_CHUNK len=118 hex=47570128010601005604a600a600600266667777888899996666777788889999000000004e007716014e0304000100000c005a0049226d0ea500600249226d0e49220000a6006002000000000000000000000000000000000000000000000000000000000000000004000000000000000000000000ff
BLE_PACKET type=0x56 src=0x9999888877776666 dst=0x9999888877776666 session=39846054 seq=166 payload=014e0304000100000c005a0049226d0ea500600249226d0e49220000a6006002000000000000000000000000000000000000000000000000000000000000000004000000000000000000000000ff
GATEWAY_COMMAND_EVENT GatewayCommandEvent(command_kind=3, stage=4, flags=0, attempt=1, command_status=0, reason=0, command_id=12, route_epoch=90, correlation_id=242033225, gateway_sequence=39846053, host_session_id=242033225, host_sequence=8777, event_sequence=39846054, anchor_id=0, pair_initiator_id=0, pair_responder_id=0, previous_hop_id=0, progress_count=4, total_count=0, success_count=0, failure_count=0, duplicate_count=0, lost_event_count=0, hop_count=0, discovery_slot=255)
BLE_HOST_RECEIPT type=0x56 src=0x9999888877776666 session=39846054 seq=166
BLE_CHUNK len=51 hex=47570128010201004104492249226d0e66667777888899996666777788889999000000000b00a18510020c00110200001e0100
BLE_PACKET type=0x41 src=0x9999888877776666 dst=0x9999888877776666 session=242033225 seq=8777 payload=10020c00110200001e0100
BLE_HOST_RECEIPT type=0x41 src=0x9999888877776666 session=242033225 seq=8777
BLE_CHUNK len=118 hex=47570128010600005604a700a700600266667777888899996666777788889999000000004e0023ee014e030c030100000c005a0049226d0ea500600249226d0e49220000a7006002000000000000000000000000000000000000000000000000000000000000000004000000000000000000000000ff
BLE_PACKET type=0x56 src=0x9999888877776666 dst=0x9999888877776666 session=39846055 seq=167 payload=014e030c030100000c005a0049226d0ea500600249226d0e49220000a7006002000000000000000000000000000000000000000000000000000000000000000004000000000000000000000000ff
GATEWAY_COMMAND_EVENT GatewayCommandEvent(command_kind=3, stage=12, flags=3, attempt=1, command_status=0, reason=0, command_id=12, route_epoch=90, correlation_id=242033225, gateway_sequence=39846053, host_session_id=242033225, host_sequence=8777, event_sequence=39846055, anchor_id=0, pair_initiator_id=0, pair_responder_id=0, previous_hop_id=0, progress_count=4, total_count=0, success_count=0, failure_count=0, duplicate_count=0, lost_event_count=0, hop_count=0, discovery_slot=255)
BLE_HOST_RECEIPT type=0x56 src=0x9999888877776666 session=39846055 seq=167
HERE_I_AM_LOCAL_FLOOD_OK attempts=1 retries=0 delivery_claim=local-broadcast-only
BLE_CONNECTED gateway_id=0x9999888877776666 command=assign-slots session=242033226 frame=04c1014002010101010101011166667777888899994a226d0e4a22011b010101081002040178020306ab04dc620607ae0b0101010304dc620605e803f93100
BLE_CHUNK len=118 hex=47570128010601005604a800a800600266667777888899996666777788889999000000004e000a3c014e01020000000004015a004a226d0e000000004a226d0e4a220000a8006002000000000000000000000000000000000000000000000000000000000000000000000000000000000000000000ff
BLE_PACKET type=0x56 src=0x9999888877776666 dst=0x9999888877776666 session=39846056 seq=168 payload=014e01020000000004015a004a226d0e000000004a226d0e4a220000a8006002000000000000000000000000000000000000000000000000000000000000000000000000000000000000000000ff
GATEWAY_COMMAND_EVENT GatewayCommandEvent(command_kind=1, stage=2, flags=0, attempt=0, command_status=0, reason=0, command_id=260, route_epoch=90, correlation_id=242033226, gateway_sequence=0, host_session_id=242033226, host_sequence=8778, event_sequence=39846056, anchor_id=0, pair_initiator_id=0, pair_responder_id=0, previous_hop_id=0, progress_count=0, total_count=0, success_count=0, failure_count=0, duplicate_count=0, lost_event_count=0, hop_count=0, discovery_slot=255)
BLE_HOST_RECEIPT type=0x56 src=0x9999888877776666 session=39846056 seq=168
BLE_CHUNK len=118 hex=47570128010601005604a900a900600266667777888899996666777788889999000000004e0042dd014e01030000000004015a004a226d0e000000004a226d0e4a220000a9006002000000000000000000000000000000000000000000000000000000000000000000000000000000000000000000ff
BLE_PACKET type=0x56 src=0x9999888877776666 dst=0x9999888877776666 session=39846057 seq=169 payload=014e01030000000004015a004a226d0e000000004a226d0e4a220000a9006002000000000000000000000000000000000000000000000000000000000000000000000000000000000000000000ff
GATEWAY_COMMAND_EVENT GatewayCommandEvent(command_kind=1, stage=3, flags=0, attempt=0, command_status=0, reason=0, command_id=260, route_epoch=90, correlation_id=242033226, gateway_sequence=0, host_session_id=242033226, host_sequence=8778, event_sequence=39846057, anchor_id=0, pair_initiator_id=0, pair_responder_id=0, previous_hop_id=0, progress_count=0, total_count=0, success_count=0, failure_count=0, duplicate_count=0, lost_event_count=0, hop_count=0, discovery_slot=255)
BLE_HOST_RECEIPT type=0x56 src=0x9999888877776666 session=39846057 seq=169
BLE_CHUNK len=118 hex=47570128010601005604ab00ab00600266667777888899996666777788889999000000004e00c324014e01030000000004015a004a226d0eaa0060024a226d0e4a220000ab006002000000000000000000000000000000000000000000000000000000000000000000000000000000000000000000ff
BLE_PACKET type=0x56 src=0x9999888877776666 dst=0x9999888877776666 session=39846059 seq=171 payload=014e01030000000004015a004a226d0eaa0060024a226d0e4a220000ab006002000000000000000000000000000000000000000000000000000000000000000000000000000000000000000000ff
GATEWAY_COMMAND_EVENT GatewayCommandEvent(command_kind=1, stage=3, flags=0, attempt=0, command_status=0, reason=0, command_id=260, route_epoch=90, correlation_id=242033226, gateway_sequence=39846058, host_session_id=242033226, host_sequence=8778, event_sequence=39846059, anchor_id=0, pair_initiator_id=0, pair_responder_id=0, previous_hop_id=0, progress_count=0, total_count=0, success_count=0, failure_count=0, duplicate_count=0, lost_event_count=0, hop_count=0, discovery_slot=255)
BLE_HOST_RECEIPT type=0x56 src=0x9999888877776666 session=39846059 seq=171
BLE_CHUNK len=118 hex=47570128010601005604ad00ad00600266667777888899996666777788889999000000004e002f34014e01040001000004015a004a226d0eaa0060024a226d0e4a220000ad006002000000000000000000000000000000000000000000000000000000000000000000000000000000000000000000ff
BLE_PACKET type=0x56 src=0x9999888877776666 dst=0x9999888877776666 session=39846061 seq=173 payload=014e01040001000004015a004a226d0eaa0060024a226d0e4a220000ad006002000000000000000000000000000000000000000000000000000000000000000000000000000000000000000000ff
GATEWAY_COMMAND_EVENT GatewayCommandEvent(command_kind=1, stage=4, flags=0, attempt=1, command_status=0, reason=0, command_id=260, route_epoch=90, correlation_id=242033226, gateway_sequence=39846058, host_session_id=242033226, host_sequence=8778, event_sequence=39846061, anchor_id=0, pair_initiator_id=0, pair_responder_id=0, previous_hop_id=0, progress_count=0, total_count=0, success_count=0, failure_count=0, duplicate_count=0, lost_event_count=0, hop_count=0, discovery_slot=255)
BLE_HOST_RECEIPT type=0x56 src=0x9999888877776666 session=39846061 seq=173
BLE_CHUNK len=118 hex=47570128010601005604ae00ae00600266667777888899996666777788889999000000004e00b35e014e01060000000004015a004a226d0eaa0060024a226d0e4a220000ae00600207cbc8c619961a190000000000000000000000000000000007cbc8c619961a1901000000000000000000000001ff
BLE_PACKET type=0x56 src=0x9999888877776666 dst=0x9999888877776666 session=39846062 seq=174 payload=014e01060000000004015a004a226d0eaa0060024a226d0e4a220000ae00600207cbc8c619961a190000000000000000000000000000000007cbc8c619961a1901000000000000000000000001ff
GATEWAY_COMMAND_EVENT GatewayCommandEvent(command_kind=1, stage=6, flags=0, attempt=0, command_status=0, reason=0, command_id=260, route_epoch=90, correlation_id=242033226, gateway_sequence=39846058, host_session_id=242033226, host_sequence=8778, event_sequence=39846062, anchor_id=1808923237796072199, pair_initiator_id=0, pair_responder_id=0, previous_hop_id=1808923237796072199, progress_count=1, total_count=0, success_count=0, failure_count=0, duplicate_count=0, lost_event_count=0, hop_count=1, discovery_slot=255)
BLE_HOST_RECEIPT type=0x56 src=0x9999888877776666 session=39846062 seq=174
BLE_CHUNK len=118 hex=47570128010601005604af00af00600266667777888899996666777788889999000000004e0014ad014e01060000000004015a004a226d0eaa0060024a226d0e4a220000af00600241d1f64afe25da560000000000000000000000000000000041d1f64afe25da5602000000000000000000000001ff
BLE_PACKET type=0x56 src=0x9999888877776666 dst=0x9999888877776666 session=39846063 seq=175 payload=014e01060000000004015a004a226d0eaa0060024a226d0e4a220000af00600241d1f64afe25da560000000000000000000000000000000041d1f64afe25da5602000000000000000000000001ff
GATEWAY_COMMAND_EVENT GatewayCommandEvent(command_kind=1, stage=6, flags=0, attempt=0, command_status=0, reason=0, command_id=260, route_epoch=90, correlation_id=242033226, gateway_sequence=39846058, host_session_id=242033226, host_sequence=8778, event_sequence=39846063, anchor_id=6258356406294335809, pair_initiator_id=0, pair_responder_id=0, previous_hop_id=6258356406294335809, progress_count=2, total_count=0, success_count=0, failure_count=0, duplicate_count=0, lost_event_count=0, hop_count=1, discovery_slot=255)
BLE_HOST_RECEIPT type=0x56 src=0x9999888877776666 session=39846063 seq=175
BLE_CHUNK len=118 hex=47570128010601005604b000b000600266667777888899996666777788889999000000004e008129014e01060000000004015a004a226d0eaa0060024a226d0e4a220000b00060020e3070b9aac08b70000000000000000000000000000000000e3070b9aac08b7003000000000000000000000001ff
BLE_PACKET type=0x56 src=0x9999888877776666 dst=0x9999888877776666 session=39846064 seq=176 payload=014e01060000000004015a004a226d0eaa0060024a226d0e4a220000b00060020e3070b9aac08b70000000000000000000000000000000000e3070b9aac08b7003000000000000000000000001ff
GATEWAY_COMMAND_EVENT GatewayCommandEvent(command_kind=1, stage=6, flags=0, attempt=0, command_status=0, reason=0, command_id=260, route_epoch=90, correlation_id=242033226, gateway_sequence=39846058, host_session_id=242033226, host_sequence=8778, event_sequence=39846064, anchor_id=8109787393498820622, pair_initiator_id=0, pair_responder_id=0, previous_hop_id=8109787393498820622, progress_count=3, total_count=0, success_count=0, failure_count=0, duplicate_count=0, lost_event_count=0, hop_count=1, discovery_slot=255)
BLE_HOST_RECEIPT type=0x56 src=0x9999888877776666 session=39846064 seq=176
BLE_CHUNK len=118 hex=47570128010601005604b300b300600266667777888899996666777788889999000000004e001aaf014e01080000000004015a004a226d0eaa0060024a226d0e4a220000b30060020e3070b9aac08b700000000000000000000000000000000000000000000000000100030000000000000000000100
BLE_PACKET type=0x56 src=0x9999888877776666 dst=0x9999888877776666 session=39846067 seq=179 payload=014e01080000000004015a004a226d0eaa0060024a226d0e4a220000b30060020e3070b9aac08b700000000000000000000000000000000000000000000000000100030000000000000000000100
GATEWAY_COMMAND_EVENT GatewayCommandEvent(command_kind=1, stage=8, flags=0, attempt=0, command_status=0, reason=0, command_id=260, route_epoch=90, correlation_id=242033226, gateway_sequence=39846058, host_session_id=242033226, host_sequence=8778, event_sequence=39846067, anchor_id=8109787393498820622, pair_initiator_id=0, pair_responder_id=0, previous_hop_id=0, progress_count=1, total_count=3, success_count=0, failure_count=0, duplicate_count=0, lost_event_count=0, hop_count=1, discovery_slot=0)
BLE_HOST_RECEIPT type=0x56 src=0x9999888877776666 session=39846067 seq=179
BLE_CHUNK len=118 hex=47570128010601005604b400b400600266667777888899996666777788889999000000004e004bf2014e01080000000004015a004a226d0eaa0060024a226d0e4a220000b400600241d1f64afe25da560000000000000000000000000000000000000000000000000200030000000000000000000101
BLE_PACKET type=0x56 src=0x9999888877776666 dst=0x9999888877776666 session=39846068 seq=180 payload=014e01080000000004015a004a226d0eaa0060024a226d0e4a220000b400600241d1f64afe25da560000000000000000000000000000000000000000000000000200030000000000000000000101
GATEWAY_COMMAND_EVENT GatewayCommandEvent(command_kind=1, stage=8, flags=0, attempt=0, command_status=0, reason=0, command_id=260, route_epoch=90, correlation_id=242033226, gateway_sequence=39846058, host_session_id=242033226, host_sequence=8778, event_sequence=39846068, anchor_id=6258356406294335809, pair_initiator_id=0, pair_responder_id=0, previous_hop_id=0, progress_count=2, total_count=3, success_count=0, failure_count=0, duplicate_count=0, lost_event_count=0, hop_count=1, discovery_slot=1)
BLE_HOST_RECEIPT type=0x56 src=0x9999888877776666 session=39846068 seq=180
BLE_CHUNK len=118 hex=47570128010601005604b500b500600266667777888899996666777788889999000000004e00bb68014e01080000000004015a004a226d0eaa0060024a226d0e4a220000b500600207cbc8c619961a190000000000000000000000000000000000000000000000000300030000000000000000000102
BLE_PACKET type=0x56 src=0x9999888877776666 dst=0x9999888877776666 session=39846069 seq=181 payload=014e01080000000004015a004a226d0eaa0060024a226d0e4a220000b500600207cbc8c619961a190000000000000000000000000000000000000000000000000300030000000000000000000102
GATEWAY_COMMAND_EVENT GatewayCommandEvent(command_kind=1, stage=8, flags=0, attempt=0, command_status=0, reason=0, command_id=260, route_epoch=90, correlation_id=242033226, gateway_sequence=39846058, host_session_id=242033226, host_sequence=8778, event_sequence=39846069, anchor_id=1808923237796072199, pair_initiator_id=0, pair_responder_id=0, previous_hop_id=0, progress_count=3, total_count=3, success_count=0, failure_count=0, duplicate_count=0, lost_event_count=0, hop_count=1, discovery_slot=2)
BLE_HOST_RECEIPT type=0x56 src=0x9999888877776666 session=39846069 seq=181
BLE_CHUNK len=118 hex=47570128010601005604b800b800600266667777888899996666777788889999000000004e00a486014e01060000000004015a004a226d0eaa0060024a226d0e4a220000b80060020e3070b9aac08b700000000000000000000000000000000000000000000000000100030001000000000000000100
BLE_PACKET type=0x56 src=0x9999888877776666 dst=0x9999888877776666 session=39846072 seq=184 payload=014e01060000000004015a004a226d0eaa0060024a226d0e4a220000b80060020e3070b9aac08b700000000000000000000000000000000000000000000000000100030001000000000000000100
GATEWAY_COMMAND_EVENT GatewayCommandEvent(command_kind=1, stage=6, flags=0, attempt=0, command_status=0, reason=0, command_id=260, route_epoch=90, correlation_id=242033226, gateway_sequence=39846058, host_session_id=242033226, host_sequence=8778, event_sequence=39846072, anchor_id=8109787393498820622, pair_initiator_id=0, pair_responder_id=0, previous_hop_id=0, progress_count=1, total_count=3, success_count=1, failure_count=0, duplicate_count=0, lost_event_count=0, hop_count=1, discovery_slot=0)
BLE_HOST_RECEIPT type=0x56 src=0x9999888877776666 session=39846072 seq=184
BLE_CHUNK len=51 hex=475701280102010041044a224a226d0e66667777888899996666777788889999000000000b00eedb10020401110200001e0103
BLE_PACKET type=0x41 src=0x9999888877776666 dst=0x9999888877776666 session=242033226 seq=8778 payload=10020401110200001e0103
BLE_HOST_RECEIPT type=0x41 src=0x9999888877776666 session=242033226 seq=8778
BLE_CHUNK len=118 hex=47570128010601005604b900b900600266667777888899996666777788889999000000004e00c1b6014e01060000000004015a004a226d0eaa0060024a226d0e4a220000b900600241d1f64afe25da560000000000000000000000000000000000000000000000000200030001000000000000000101
BLE_PACKET type=0x56 src=0x9999888877776666 dst=0x9999888877776666 session=39846073 seq=185 payload=014e01060000000004015a004a226d0eaa0060024a226d0e4a220000b900600241d1f64afe25da560000000000000000000000000000000000000000000000000200030001000000000000000101
GATEWAY_COMMAND_EVENT GatewayCommandEvent(command_kind=1, stage=6, flags=0, attempt=0, command_status=0, reason=0, command_id=260, route_epoch=90, correlation_id=242033226, gateway_sequence=39846058, host_session_id=242033226, host_sequence=8778, event_sequence=39846073, anchor_id=6258356406294335809, pair_initiator_id=0, pair_responder_id=0, previous_hop_id=0, progress_count=2, total_count=3, success_count=1, failure_count=0, duplicate_count=0, lost_event_count=0, hop_count=1, discovery_slot=1)
BLE_HOST_RECEIPT type=0x56 src=0x9999888877776666 session=39846073 seq=185
BLE_CHUNK len=118 hex=47570128010601005604ba00ba00600266667777888899996666777788889999000000004e00dd08014e01060000000004015a004a226d0eaa0060024a226d0e4a220000ba00600207cbc8c619961a190000000000000000000000000000000000000000000000000300030001000000000000000102
BLE_PACKET type=0x56 src=0x9999888877776666 dst=0x9999888877776666 session=39846074 seq=186 payload=014e01060000000004015a004a226d0eaa0060024a226d0e4a220000ba00600207cbc8c619961a190000000000000000000000000000000000000000000000000300030001000000000000000102
GATEWAY_COMMAND_EVENT GatewayCommandEvent(command_kind=1, stage=6, flags=0, attempt=0, command_status=0, reason=0, command_id=260, route_epoch=90, correlation_id=242033226, gateway_sequence=39846058, host_session_id=242033226, host_sequence=8778, event_sequence=39846074, anchor_id=1808923237796072199, pair_initiator_id=0, pair_responder_id=0, previous_hop_id=0, progress_count=3, total_count=3, success_count=1, failure_count=0, duplicate_count=0, lost_event_count=0, hop_count=1, discovery_slot=2)
BLE_HOST_RECEIPT type=0x56 src=0x9999888877776666 session=39846074 seq=186
BLE_CHUNK len=118 hex=47570128010601005604bb00bb00600266667777888899996666777788889999000000004e00ead6014e01070000000004015a004a226d0eaa0060024a226d0e4a220000bb006002000000000000000000000000000000000000000000000000000000000000000003000300030000000000000000ff
BLE_PACKET type=0x56 src=0x9999888877776666 dst=0x9999888877776666 session=39846075 seq=187 payload=014e01070000000004015a004a226d0eaa0060024a226d0e4a220000bb006002000000000000000000000000000000000000000000000000000000000000000003000300030000000000000000ff
GATEWAY_COMMAND_EVENT GatewayCommandEvent(command_kind=1, stage=7, flags=0, attempt=0, command_status=0, reason=0, command_id=260, route_epoch=90, correlation_id=242033226, gateway_sequence=39846058, host_session_id=242033226, host_sequence=8778, event_sequence=39846075, anchor_id=0, pair_initiator_id=0, pair_responder_id=0, previous_hop_id=0, progress_count=3, total_count=3, success_count=3, failure_count=0, duplicate_count=0, lost_event_count=0, hop_count=0, discovery_slot=255)
BLE_HOST_RECEIPT type=0x56 src=0x9999888877776666 session=39846075 seq=187
BLE_CHUNK len=118 hex=47570128010601005604bc00bc00600266667777888899996666777788889999000000004e00a88c014e01080001000004015a004a226d0eaa0060024a226d0e4a220000bc006002000000000000000000000000000000000000000000000000000000000000000003000300000000000000000000ff
BLE_PACKET type=0x56 src=0x9999888877776666 dst=0x9999888877776666 session=39846076 seq=188 payload=014e01080001000004015a004a226d0eaa0060024a226d0e4a220000bc006002000000000000000000000000000000000000000000000000000000000000000003000300000000000000000000ff
GATEWAY_COMMAND_EVENT GatewayCommandEvent(command_kind=1, stage=8, flags=0, attempt=1, command_status=0, reason=0, command_id=260, route_epoch=90, correlation_id=242033226, gateway_sequence=39846058, host_session_id=242033226, host_sequence=8778, event_sequence=39846076, anchor_id=0, pair_initiator_id=0, pair_responder_id=0, previous_hop_id=0, progress_count=3, total_count=3, success_count=0, failure_count=0, duplicate_count=0, lost_event_count=0, hop_count=0, discovery_slot=255)
BLE_HOST_RECEIPT type=0x56 src=0x9999888877776666 session=39846076 seq=188
BLE_CHUNK len=118 hex=47570128010600005604bd00bd00600266667777888899996666777788889999000000004e00a6a6014e010c0100000004015a004a226d0eaa0060024a226d0e4a220000bd006002000000000000000000000000000000000000000000000000000000000000000003000300030000000000000000ff
BLE_PACKET type=0x56 src=0x9999888877776666 dst=0x9999888877776666 session=39846077 seq=189 payload=014e010c0100000004015a004a226d0eaa0060024a226d0e4a220000bd006002000000000000000000000000000000000000000000000000000000000000000003000300030000000000000000ff
GATEWAY_COMMAND_EVENT GatewayCommandEvent(command_kind=1, stage=12, flags=1, attempt=0, command_status=0, reason=0, command_id=260, route_epoch=90, correlation_id=242033226, gateway_sequence=39846058, host_session_id=242033226, host_sequence=8778, event_sequence=39846077, anchor_id=0, pair_initiator_id=0, pair_responder_id=0, previous_hop_id=0, progress_count=3, total_count=3, success_count=3, failure_count=0, duplicate_count=0, lost_event_count=0, hop_count=0, discovery_slot=255)
BLE_HOST_RECEIPT type=0x56 src=0x9999888877776666 session=39846077 seq=189
HERE_I_AM_REACHABILITY_QUALIFICATION_OK anchors=3 direct=3 multihop=0 retries=0
BLE_COMPLETE packets=22
