BLE_CONNECTED gateway_id=0x9999888877776666 command=here-i-am session=1855582997 frame=04c10140020101010101010111666677778888999915f3996e15f301330101010410020c06ab04dc620607ae0b0101010304dc620607e803ae1301020310620102c8040604fa010104b5f80305ae050103050201e81000
BLE_CHUNK len=118 hex=47570128010601005604be00be00600266667777888899996666777788889999000000004e005987014e0302000000000c005a0015f3996e0000000015f3996e15f30000be006002000000000000000000000000000000000000000000000000000000000000000000000000000000000000000000ff
BLE_PACKET type=0x56 src=0x9999888877776666 dst=0x9999888877776666 session=39846078 seq=190 payload=014e0302000000000c005a0015f3996e0000000015f3996e15f30000be006002000000000000000000000000000000000000000000000000000000000000000000000000000000000000000000ff
GATEWAY_COMMAND_EVENT GatewayCommandEvent(command_kind=3, stage=2, flags=0, attempt=0, command_status=0, reason=0, command_id=12, route_epoch=90, correlation_id=1855582997, gateway_sequence=0, host_session_id=1855582997, host_sequence=62229, event_sequence=39846078, anchor_id=0, pair_initiator_id=0, pair_responder_id=0, previous_hop_id=0, progress_count=0, total_count=0, success_count=0, failure_count=0, duplicate_count=0, lost_event_count=0, hop_count=0, discovery_slot=255)
BLE_HOST_RECEIPT type=0x56 src=0x9999888877776666 session=39846078 seq=190
BLE_CHUNK len=118 hex=47570128010601005604bf00bf00600266667777888899996666777788889999000000004e001166014e0303000000000c005a0015f3996e0000000015f3996e15f30000bf006002000000000000000000000000000000000000000000000000000000000000000000000000000000000000000000ff
BLE_PACKET type=0x56 src=0x9999888877776666 dst=0x9999888877776666 session=39846079 seq=191 payload=014e0303000000000c005a0015f3996e0000000015f3996e15f30000bf006002000000000000000000000000000000000000000000000000000000000000000000000000000000000000000000ff
GATEWAY_COMMAND_EVENT GatewayCommandEvent(command_kind=3, stage=3, flags=0, attempt=0, command_status=0, reason=0, command_id=12, route_epoch=90, correlation_id=1855582997, gateway_sequence=0, host_session_id=1855582997, host_sequence=62229, event_sequence=39846079, anchor_id=0, pair_initiator_id=0, pair_responder_id=0, previous_hop_id=0, progress_count=0, total_count=0, success_count=0, failure_count=0, duplicate_count=0, lost_event_count=0, hop_count=0, discovery_slot=255)
BLE_HOST_RECEIPT type=0x56 src=0x9999888877776666 session=39846079 seq=191
BLE_CHUNK len=118 hex=47570128010601005604c100c100600266667777888899996666777788889999000000004e00e9d6014e0304000100000c005a0015f3996ec000600215f3996e15f30000c1006002000000000000000000000000000000000000000000000000000000000000000004000000000000000000000000ff
BLE_PACKET type=0x56 src=0x9999888877776666 dst=0x9999888877776666 session=39846081 seq=193 payload=014e0304000100000c005a0015f3996ec000600215f3996e15f30000c1006002000000000000000000000000000000000000000000000000000000000000000004000000000000000000000000ff
GATEWAY_COMMAND_EVENT GatewayCommandEvent(command_kind=3, stage=4, flags=0, attempt=1, command_status=0, reason=0, command_id=12, route_epoch=90, correlation_id=1855582997, gateway_sequence=39846080, host_session_id=1855582997, host_sequence=62229, event_sequence=39846081, anchor_id=0, pair_initiator_id=0, pair_responder_id=0, previous_hop_id=0, progress_count=4, total_count=0, success_count=0, failure_count=0, duplicate_count=0, lost_event_count=0, hop_count=0, discovery_slot=255)
BLE_HOST_RECEIPT type=0x56 src=0x9999888877776666 session=39846081 seq=193
BLE_CHUNK len=51 hex=4757012801020100410415f315f3996e66667777888899996666777788889999000000000b00a18510020c00110200001e0100
BLE_PACKET type=0x41 src=0x9999888877776666 dst=0x9999888877776666 session=1855582997 seq=62229 payload=10020c00110200001e0100
BLE_HOST_RECEIPT type=0x41 src=0x9999888877776666 session=1855582997 seq=62229
BLE_CHUNK len=118 hex=47570128010600005604c200c200600266667777888899996666777788889999000000004e00510a014e030c030100000c005a0015f3996ec000600215f3996e15f30000c2006002000000000000000000000000000000000000000000000000000000000000000004000000000000000000000000ff
BLE_PACKET type=0x56 src=0x9999888877776666 dst=0x9999888877776666 session=39846082 seq=194 payload=014e030c030100000c005a0015f3996ec000600215f3996e15f30000c2006002000000000000000000000000000000000000000000000000000000000000000004000000000000000000000000ff
GATEWAY_COMMAND_EVENT GatewayCommandEvent(command_kind=3, stage=12, flags=3, attempt=1, command_status=0, reason=0, command_id=12, route_epoch=90, correlation_id=1855582997, gateway_sequence=39846080, host_session_id=1855582997, host_sequence=62229, event_sequence=39846082, anchor_id=0, pair_initiator_id=0, pair_responder_id=0, previous_hop_id=0, progress_count=4, total_count=0, success_count=0, failure_count=0, duplicate_count=0, lost_event_count=0, hop_count=0, discovery_slot=255)
BLE_HOST_RECEIPT type=0x56 src=0x9999888877776666 session=39846082 seq=194
HERE_I_AM_LOCAL_FLOOD_OK attempts=1 retries=0 delivery_claim=local-broadcast-only
BLE_CONNECTED gateway_id=0x9999888877776666 command=assign-slots session=1855582998 frame=04c10140020101010101010111666677778888999916f3996e16f3011b010101081002040178020306ab04dc620607ae0b0101010304dc620605e803e17800
BLE_CHUNK len=118 hex=47570128010601005604c300c300600266667777888899996666777788889999000000004e00e12c014e01020000000004015a0016f3996e0000000016f3996e16f30000c3006002000000000000000000000000000000000000000000000000000000000000000000000000000000000000000000ff
BLE_PACKET type=0x56 src=0x9999888877776666 dst=0x9999888877776666 session=39846083 seq=195 payload=014e01020000000004015a0016f3996e0000000016f3996e16f30000c3006002000000000000000000000000000000000000000000000000000000000000000000000000000000000000000000ff
GATEWAY_COMMAND_EVENT GatewayCommandEvent(command_kind=1, stage=2, flags=0, attempt=0, command_status=0, reason=0, command_id=260, route_epoch=90, correlation_id=1855582998, gateway_sequence=0, host_session_id=1855582998, host_sequence=62230, event_sequence=39846083, anchor_id=0, pair_initiator_id=0, pair_responder_id=0, previous_hop_id=0, progress_count=0, total_count=0, success_count=0, failure_count=0, duplicate_count=0, lost_event_count=0, hop_count=0, discovery_slot=255)
BLE_HOST_RECEIPT type=0x56 src=0x9999888877776666 session=39846083 seq=195
BLE_CHUNK len=118 hex=47570128010601005604c400c400600266667777888899996666777788889999000000004e009da0014e01030000000004015a0016f3996e0000000016f3996e16f30000c4006002000000000000000000000000000000000000000000000000000000000000000000000000000000000000000000ff
BLE_PACKET type=0x56 src=0x9999888877776666 dst=0x9999888877776666 session=39846084 seq=196 payload=014e01030000000004015a0016f3996e0000000016f3996e16f30000c4006002000000000000000000000000000000000000000000000000000000000000000000000000000000000000000000ff
GATEWAY_COMMAND_EVENT GatewayCommandEvent(command_kind=1, stage=3, flags=0, attempt=0, command_status=0, reason=0, command_id=260, route_epoch=90, correlation_id=1855582998, gateway_sequence=0, host_session_id=1855582998, host_sequence=62230, event_sequence=39846084, anchor_id=0, pair_initiator_id=0, pair_responder_id=0, previous_hop_id=0, progress_count=0, total_count=0, success_count=0, failure_count=0, duplicate_count=0, lost_event_count=0, hop_count=0, discovery_slot=255)
BLE_HOST_RECEIPT type=0x56 src=0x9999888877776666 session=39846084 seq=196
BLE_CHUNK len=118 hex=47570128010601005604c600c600600266667777888899996666777788889999000000004e003a4a014e01030000000004015a0016f3996ec500600216f3996e16f30000c6006002000000000000000000000000000000000000000000000000000000000000000000000000000000000000000000ff
BLE_PACKET type=0x56 src=0x9999888877776666 dst=0x9999888877776666 session=39846086 seq=198 payload=014e01030000000004015a0016f3996ec500600216f3996e16f30000c6006002000000000000000000000000000000000000000000000000000000000000000000000000000000000000000000ff
GATEWAY_COMMAND_EVENT GatewayCommandEvent(command_kind=1, stage=3, flags=0, attempt=0, command_status=0, reason=0, command_id=260, route_epoch=90, correlation_id=1855582998, gateway_sequence=39846085, host_session_id=1855582998, host_sequence=62230, event_sequence=39846086, anchor_id=0, pair_initiator_id=0, pair_responder_id=0, previous_hop_id=0, progress_count=0, total_count=0, success_count=0, failure_count=0, duplicate_count=0, lost_event_count=0, hop_count=0, discovery_slot=255)
BLE_HOST_RECEIPT type=0x56 src=0x9999888877776666 session=39846086 seq=198
BLE_CHUNK len=118 hex=47570128010601005604c800c800600266667777888899996666777788889999000000004e0066c9014e01040001000004015a0016f3996ec500600216f3996e16f30000c8006002000000000000000000000000000000000000000000000000000000000000000000000000000000000000000000ff
BLE_PACKET type=0x56 src=0x9999888877776666 dst=0x9999888877776666 session=39846088 seq=200 payload=014e01040001000004015a0016f3996ec500600216f3996e16f30000c8006002000000000000000000000000000000000000000000000000000000000000000000000000000000000000000000ff
GATEWAY_COMMAND_EVENT GatewayCommandEvent(command_kind=1, stage=4, flags=0, attempt=1, command_status=0, reason=0, command_id=260, route_epoch=90, correlation_id=1855582998, gateway_sequence=39846085, host_session_id=1855582998, host_sequence=62230, event_sequence=39846088, anchor_id=0, pair_initiator_id=0, pair_responder_id=0, previous_hop_id=0, progress_count=0, total_count=0, success_count=0, failure_count=0, duplicate_count=0, lost_event_count=0, hop_count=0, discovery_slot=255)
BLE_HOST_RECEIPT type=0x56 src=0x9999888877776666 session=39846088 seq=200
BLE_CHUNK len=118 hex=47570128010601005604c900c900600266667777888899996666777788889999000000004e0023cf014e01060000000004015a0016f3996ec500600216f3996e16f30000c90060020e3070b9aac08b70000000000000000000000000000000000e3070b9aac08b7001000000000000000000000001ff
BLE_PACKET type=0x56 src=0x9999888877776666 dst=0x9999888877776666 session=39846089 seq=201 payload=014e01060000000004015a0016f3996ec500600216f3996e16f30000c90060020e3070b9aac08b70000000000000000000000000000000000e3070b9aac08b7001000000000000000000000001ff
GATEWAY_COMMAND_EVENT GatewayCommandEvent(command_kind=1, stage=6, flags=0, attempt=0, command_status=0, reason=0, command_id=260, route_epoch=90, correlation_id=1855582998, gateway_sequence=39846085, host_session_id=1855582998, host_sequence=62230, event_sequence=39846089, anchor_id=8109787393498820622, pair_initiator_id=0, pair_responder_id=0, previous_hop_id=8109787393498820622, progress_count=1, total_count=0, success_count=0, failure_count=0, duplicate_count=0, lost_event_count=0, hop_count=1, discovery_slot=255)
BLE_HOST_RECEIPT type=0x56 src=0x9999888877776666 session=39846089 seq=201
BLE_CHUNK len=118 hex=47570128010601005604ca00ca00600266667777888899996666777788889999000000004e002f3c014e01060000000004015a0016f3996ec500600216f3996e16f30000ca00600207cbc8c619961a190000000000000000000000000000000007cbc8c619961a1902000000000000000000000001ff
BLE_PACKET type=0x56 src=0x9999888877776666 dst=0x9999888877776666 session=39846090 seq=202 payload=014e01060000000004015a0016f3996ec500600216f3996e16f30000ca00600207cbc8c619961a190000000000000000000000000000000007cbc8c619961a1902000000000000000000000001ff
GATEWAY_COMMAND_EVENT GatewayCommandEvent(command_kind=1, stage=6, flags=0, attempt=0, command_status=0, reason=0, command_id=260, route_epoch=90, correlation_id=1855582998, gateway_sequence=39846085, host_session_id=1855582998, host_sequence=62230, event_sequence=39846090, anchor_id=1808923237796072199, pair_initiator_id=0, pair_responder_id=0, previous_hop_id=1808923237796072199, progress_count=2, total_count=0, success_count=0, failure_count=0, duplicate_count=0, lost_event_count=0, hop_count=1, discovery_slot=255)
BLE_HOST_RECEIPT type=0x56 src=0x9999888877776666 session=39846090 seq=202
BLE_CHUNK len=118 hex=47570128010601005604cb00cb00600266667777888899996666777788889999000000004e004a39014e01060000000004015a0016f3996ec500600216f3996e16f30000cb00600241d1f64afe25da560000000000000000000000000000000041d1f64afe25da5603000000000000000000000001ff
BLE_PACKET type=0x56 src=0x9999888877776666 dst=0x9999888877776666 session=39846091 seq=203 payload=014e01060000000004015a0016f3996ec500600216f3996e16f30000cb00600241d1f64afe25da560000000000000000000000000000000041d1f64afe25da5603000000000000000000000001ff
GATEWAY_COMMAND_EVENT GatewayCommandEvent(command_kind=1, stage=6, flags=0, attempt=0, command_status=0, reason=0, command_id=260, route_epoch=90, correlation_id=1855582998, gateway_sequence=39846085, host_session_id=1855582998, host_sequence=62230, event_sequence=39846091, anchor_id=6258356406294335809, pair_initiator_id=0, pair_responder_id=0, previous_hop_id=6258356406294335809, progress_count=3, total_count=0, success_count=0, failure_count=0, duplicate_count=0, lost_event_count=0, hop_count=1, discovery_slot=255)
BLE_HOST_RECEIPT type=0x56 src=0x9999888877776666 session=39846091 seq=203
BLE_CHUNK len=118 hex=47570128010601005604ce00ce00600266667777888899996666777788889999000000004e001259014e01080000000004015a0016f3996ec500600216f3996e16f30000ce00600241d1f64afe25da560000000000000000000000000000000000000000000000000100030000000000000000000101
BLE_PACKET type=0x56 src=0x9999888877776666 dst=0x9999888877776666 session=39846094 seq=206 payload=014e01080000000004015a0016f3996ec500600216f3996e16f30000ce00600241d1f64afe25da560000000000000000000000000000000000000000000000000100030000000000000000000101
GATEWAY_COMMAND_EVENT GatewayCommandEvent(command_kind=1, stage=8, flags=0, attempt=0, command_status=0, reason=0, command_id=260, route_epoch=90, correlation_id=1855582998, gateway_sequence=39846085, host_session_id=1855582998, host_sequence=62230, event_sequence=39846094, anchor_id=6258356406294335809, pair_initiator_id=0, pair_responder_id=0, previous_hop_id=0, progress_count=1, total_count=3, success_count=0, failure_count=0, duplicate_count=0, lost_event_count=0, hop_count=1, discovery_slot=1)
BLE_HOST_RECEIPT type=0x56 src=0x9999888877776666 session=39846094 seq=206
BLE_CHUNK len=118 hex=47570128010601005604cf00cf00600266667777888899996666777788889999000000004e002035014e01080000000004015a0016f3996ec500600216f3996e16f30000cf00600207cbc8c619961a190000000000000000000000000000000000000000000000000200030000000000000000000102
BLE_PACKET type=0x56 src=0x9999888877776666 dst=0x9999888877776666 session=39846095 seq=207 payload=014e01080000000004015a0016f3996ec500600216f3996e16f30000cf00600207cbc8c619961a190000000000000000000000000000000000000000000000000200030000000000000000000102
GATEWAY_COMMAND_EVENT GatewayCommandEvent(command_kind=1, stage=8, flags=0, attempt=0, command_status=0, reason=0, command_id=260, route_epoch=90, correlation_id=1855582998, gateway_sequence=39846085, host_session_id=1855582998, host_sequence=62230, event_sequence=39846095, anchor_id=1808923237796072199, pair_initiator_id=0, pair_responder_id=0, previous_hop_id=0, progress_count=2, total_count=3, success_count=0, failure_count=0, duplicate_count=0, lost_event_count=0, hop_count=1, discovery_slot=2)
BLE_HOST_RECEIPT type=0x56 src=0x9999888877776666 session=39846095 seq=207
BLE_CHUNK len=118 hex=47570128010601005604d000d000600266667777888899996666777788889999000000004e00a5c9014e01080000000004015a0016f3996ec500600216f3996e16f30000d00060020e3070b9aac08b700000000000000000000000000000000000000000000000000300030000000000000000000100
BLE_PACKET type=0x56 src=0x9999888877776666 dst=0x9999888877776666 session=39846096 seq=208 payload=014e01080000000004015a0016f3996ec500600216f3996e16f30000d00060020e3070b9aac08b700000000000000000000000000000000000000000000000000300030000000000000000000100
GATEWAY_COMMAND_EVENT GatewayCommandEvent(command_kind=1, stage=8, flags=0, attempt=0, command_status=0, reason=0, command_id=260, route_epoch=90, correlation_id=1855582998, gateway_sequence=39846085, host_session_id=1855582998, host_sequence=62230, event_sequence=39846096, anchor_id=8109787393498820622, pair_initiator_id=0, pair_responder_id=0, previous_hop_id=0, progress_count=3, total_count=3, success_count=0, failure_count=0, duplicate_count=0, lost_event_count=0, hop_count=1, discovery_slot=0)
BLE_HOST_RECEIPT type=0x56 src=0x9999888877776666 session=39846096 seq=208
BLE_CHUNK len=118 hex=47570128010601005604d300d300600266667777888899996666777788889999000000004e006985014e01060000000004015a0016f3996ec500600216f3996e16f30000d30060020e3070b9aac08b700000000000000000000000000000000000000000000000000100030001000000000000000100
BLE_PACKET type=0x56 src=0x9999888877776666 dst=0x9999888877776666 session=39846099 seq=211 payload=014e01060000000004015a0016f3996ec500600216f3996e16f30000d30060020e3070b9aac08b700000000000000000000000000000000000000000000000000100030001000000000000000100
GATEWAY_COMMAND_EVENT GatewayCommandEvent(command_kind=1, stage=6, flags=0, attempt=0, command_status=0, reason=0, command_id=260, route_epoch=90, correlation_id=1855582998, gateway_sequence=39846085, host_session_id=1855582998, host_sequence=62230, event_sequence=39846099, anchor_id=8109787393498820622, pair_initiator_id=0, pair_responder_id=0, previous_hop_id=0, progress_count=1, total_count=3, success_count=1, failure_count=0, duplicate_count=0, lost_event_count=0, hop_count=1, discovery_slot=0)
BLE_HOST_RECEIPT type=0x56 src=0x9999888877776666 session=39846099 seq=211
BLE_CHUNK len=51 hex=4757012801020100410416f316f3996e66667777888899996666777788889999000000000b00eedb10020401110200001e0103
BLE_PACKET type=0x41 src=0x9999888877776666 dst=0x9999888877776666 session=1855582998 seq=62230 payload=10020401110200001e0103
BLE_HOST_RECEIPT type=0x41 src=0x9999888877776666 session=1855582998 seq=62230
BLE_CHUNK len=118 hex=47570128010601005604d400d400600266667777888899996666777788889999000000004e0038d8014e01060000000004015a0016f3996ec500600216f3996e16f30000d400600241d1f64afe25da560000000000000000000000000000000000000000000000000200030001000000000000000101
BLE_PACKET type=0x56 src=0x9999888877776666 dst=0x9999888877776666 session=39846100 seq=212 payload=014e01060000000004015a0016f3996ec500600216f3996e16f30000d400600241d1f64afe25da560000000000000000000000000000000000000000000000000200030001000000000000000101
GATEWAY_COMMAND_EVENT GatewayCommandEvent(command_kind=1, stage=6, flags=0, attempt=0, command_status=0, reason=0, command_id=260, route_epoch=90, correlation_id=1855582998, gateway_sequence=39846085, host_session_id=1855582998, host_sequence=62230, event_sequence=39846100, anchor_id=6258356406294335809, pair_initiator_id=0, pair_responder_id=0, previous_hop_id=0, progress_count=2, total_count=3, success_count=1, failure_count=0, duplicate_count=0, lost_event_count=0, hop_count=1, discovery_slot=1)
BLE_HOST_RECEIPT type=0x56 src=0x9999888877776666 session=39846100 seq=212
BLE_CHUNK len=118 hex=47570128010601005604d500d500600266667777888899996666777788889999000000004e00c842014e01060000000004015a0016f3996ec500600216f3996e16f30000d500600207cbc8c619961a190000000000000000000000000000000000000000000000000300030001000000000000000102
BLE_PACKET type=0x56 src=0x9999888877776666 dst=0x9999888877776666 session=39846101 seq=213 payload=014e01060000000004015a0016f3996ec500600216f3996e16f30000d500600207cbc8c619961a190000000000000000000000000000000000000000000000000300030001000000000000000102
GATEWAY_COMMAND_EVENT GatewayCommandEvent(command_kind=1, stage=6, flags=0, attempt=0, command_status=0, reason=0, command_id=260, route_epoch=90, correlation_id=1855582998, gateway_sequence=39846085, host_session_id=1855582998, host_sequence=62230, event_sequence=39846101, anchor_id=1808923237796072199, pair_initiator_id=0, pair_responder_id=0, previous_hop_id=0, progress_count=3, total_count=3, success_count=1, failure_count=0, duplicate_count=0, lost_event_count=0, hop_count=1, discovery_slot=2)
BLE_HOST_RECEIPT type=0x56 src=0x9999888877776666 session=39846101 seq=213
BLE_CHUNK len=118 hex=47570128010601005604d600d600600266667777888899996666777788889999000000004e0013b8014e01070000000004015a0016f3996ec500600216f3996e16f30000d6006002000000000000000000000000000000000000000000000000000000000000000003000300030000000000000000ff
BLE_PACKET type=0x56 src=0x9999888877776666 dst=0x9999888877776666 session=39846102 seq=214 payload=014e01070000000004015a0016f3996ec500600216f3996e16f30000d6006002000000000000000000000000000000000000000000000000000000000000000003000300030000000000000000ff
GATEWAY_COMMAND_EVENT GatewayCommandEvent(command_kind=1, stage=7, flags=0, attempt=0, command_status=0, reason=0, command_id=260, route_epoch=90, correlation_id=1855582998, gateway_sequence=39846085, host_session_id=1855582998, host_sequence=62230, event_sequence=39846102, anchor_id=0, pair_initiator_id=0, pair_responder_id=0, previous_hop_id=0, progress_count=3, total_count=3, success_count=3, failure_count=0, duplicate_count=0, lost_event_count=0, hop_count=0, discovery_slot=255)
BLE_HOST_RECEIPT type=0x56 src=0x9999888877776666 session=39846102 seq=214
BLE_CHUNK len=118 hex=47570128010601005604d700d700600266667777888899996666777788889999000000004e00658f014e01080001000004015a0016f3996ec500600216f3996e16f30000d7006002000000000000000000000000000000000000000000000000000000000000000003000300000000000000000000ff
BLE_PACKET type=0x56 src=0x9999888877776666 dst=0x9999888877776666 session=39846103 seq=215 payload=014e01080001000004015a0016f3996ec500600216f3996e16f30000d7006002000000000000000000000000000000000000000000000000000000000000000003000300000000000000000000ff
GATEWAY_COMMAND_EVENT GatewayCommandEvent(command_kind=1, stage=8, flags=0, attempt=1, command_status=0, reason=0, command_id=260, route_epoch=90, correlation_id=1855582998, gateway_sequence=39846085, host_session_id=1855582998, host_sequence=62230, event_sequence=39846103, anchor_id=0, pair_initiator_id=0, pair_responder_id=0, previous_hop_id=0, progress_count=3, total_count=3, success_count=0, failure_count=0, duplicate_count=0, lost_event_count=0, hop_count=0, discovery_slot=255)
BLE_HOST_RECEIPT type=0x56 src=0x9999888877776666 session=39846103 seq=215
BLE_CHUNK len=118 hex=47570128010600005604d800d800600266667777888899996666777788889999000000004e00ef5b014e010c0100000004015a0016f3996ec500600216f3996e16f30000d8006002000000000000000000000000000000000000000000000000000000000000000003000300030000000000000000ff
BLE_PACKET type=0x56 src=0x9999888877776666 dst=0x9999888877776666 session=39846104 seq=216 payload=014e010c0100000004015a0016f3996ec500600216f3996e16f30000d8006002000000000000000000000000000000000000000000000000000000000000000003000300030000000000000000ff
GATEWAY_COMMAND_EVENT GatewayCommandEvent(command_kind=1, stage=12, flags=1, attempt=0, command_status=0, reason=0, command_id=260, route_epoch=90, correlation_id=1855582998, gateway_sequence=39846085, host_session_id=1855582998, host_sequence=62230, event_sequence=39846104, anchor_id=0, pair_initiator_id=0, pair_responder_id=0, previous_hop_id=0, progress_count=3, total_count=3, success_count=3, failure_count=0, duplicate_count=0, lost_event_count=0, hop_count=0, discovery_slot=255)
BLE_HOST_RECEIPT type=0x56 src=0x9999888877776666 session=39846104 seq=216
HERE_I_AM_REACHABILITY_QUALIFICATION_OK anchors=3 direct=3 multihop=0 retries=0
BLE_COMPLETE packets=22
