[34m0000488[0m [36mI[0m Target type is nrf52833 [2m[board][0m
[34m0000509[0m [36mI[0m Performing connect pre-reset [2m[coresight_target][0m
[34m0000713[0m [36mI[0m DP IDR = 0x2ba01477 (v1 rev2) [2m[dap][0m
[34m0000718[0m [36mI[0m AHB-AP#0 IDR = 0x24770011 (AHB-AP var1 rev2) [2m[discovery][0m
[34m0000719[0m [36mI[0m AP#1 IDR = 0x02880000 (AP var0 rev0) [2m[discovery][0m
[34m0000719[0m [36mI[0m NRF52833 not in secure state [2m[target_nRF52][0m
[34m0000722[0m [36mI[0m AHB-AP#0 Class 0x1 ROM table #0 @ 0xe00ff000 (designer=244 part=00d) [2m[rom_table][0m
[34m0000725[0m [36mI[0m [0]<e000e000:SCS v7-M class=14 designer=43b:Arm part=00c> [2m[rom_table][0m
[34m0000726[0m [36mI[0m [1]<e0001000:DWT v7-M class=14 designer=43b:Arm part=002> [2m[rom_table][0m
[34m0000728[0m [36mI[0m [2]<e0002000:FPB v7-M class=14 designer=43b:Arm part=003> [2m[rom_table][0m
[34m0000729[0m [36mI[0m [3]<e0000000:ITM v7-M class=14 designer=43b:Arm part=001> [2m[rom_table][0m
[34m0000732[0m [36mI[0m [4]<e0040000:TPIU M4 class=9 designer=43b:Arm part=9a1 devtype=11 archid=0000 devid=ca1:0:0> [2m[rom_table][0m
[34m0000734[0m [36mI[0m [5]<e0041000:ETM M4 class=9 designer=43b:Arm part=925 devtype=13 archid=0000 devid=0:0:0> [2m[rom_table][0m
[34m0000738[0m [36mI[0m CPU core #0: Cortex-M4 r0p1, v7.0-M architecture [2m[cortex_m][0m
[34m0000738[0m [36mI[0m   Extensions: [DSP, FPU, FPU_V4, MPU] [2m[cortex_m][0m
[34m0000738[0m [36mI[0m   FPU present: FPv4-SP-D16-M [2m[cortex_m][0m
[34m0000740[0m [36mI[0m This appears to be an nRF52833 AA B0 [2m[target_nRF52][0m
[34m0000745[0m [36mI[0m 4 hardware watchpoints [2m[dwt][0m
[34m0000746[0m [36mI[0m 6 hardware breakpoints, 4 literal comparators [2m[fpb][0m
[34m0000765[0m [36mI[0m 3 up channels and 3 down channels found [2m[rtt_cmd][0m
[34m0000765[0m [36mI[0m Reading from up channel 0 ("Terminal") [2m[rtt_cmd][0m
[34m0000767[0m [36mI[0m Writing to down channel 0 ("Terminal") [2m[rtt_cmd][0m
DBG_GATEWAY_CH9_RX_CONT_RESULT start=354957 end=355458 ret=-116 fail=0 status=0x00000000 len=0 frames=0
DBG_GATEWAY_CH9_RX_CONT_ARM now=355460 rem=500 frames=0 errors=0
DBG_GATEWAY_CH9_RX_CONT_RESULT start=355460 end=355961 ret=-116 fail=0 status=0x00000000 len=0 frames=0
DBG_GATEWAY_CH9_RX_CONT_ARM now=355963 rem=500 frames=0 errors=0
DBG_GATEWAY_CH9_RX_CONT_RESULT start=355963 end=356464 ret=-116 fail=0 status=0x00000000 len=0 frames=0
DBG_GATEWAY_CH9_RX_CONT_ARM now=356466 rem=500 frames=0 errors=0
DBG_GATEWAY_CH9_RX_CONT_RESULT start=356466 end=356967 ret=-116 fail=0 status=0x00000000 len=0 frames=0
DBG_GATEWAY_CH9_RX_CONT_ARM now=356969 rem=500 frames=0 errors=0
DBG_GATEWAY_CH9_RX_CONT_RESULT start=356969 end=357470 ret=-116 fail=0 status=0x00000000 len=0 frames=0
DBG_GATEWAY_CH9_RX_CONT_ARM now=357472 rem=500 frames=0 errors=0
DBG_GATEWAY_CH9_RX_CONT_RESULT start=357472 end=357973 ret=-116 fail=0 status=0x00000000 len=0 frames=0
DBG_GATEWAY_CH9_RX_CONT_ARM now=357975 rem=500 frames=0 errors=0
DBG_GATEWAY_CH9_RX_CONT_RESULT start=358478 end=358979 ret=-116 fail=0 status=0x00000000 len=0 frames=0
DBG_GATEWAY_CH9_RX_CONT_ARM now=358981 rem=500 frames=0 errors=0
DBG_GATEWAY_CH9_RX_CONT_RESULT start=358981 end=359482 ret=-116 fail=0 status=0x00000000 len=0 frames=0
DBG_GATEWAY_CH9_RX_CONT_ARM now=359484 rem=500 frames=0 errors=0
DBG_GATEWAY_CH9_RX_CONT_RESULT start=359484 end=359985 ret=-116 fail=0 status=0x00000000 len=0 frames=0
DBG_GATEWAY_CH9_RX_CONT_ARM now=359987 rem=500 frames=0 errors=0
DBG_GATEWAY_CH9_RX_CONT_RESULT start=359987 end=360488 ret=-116 fail=0 status=0x00000000 len=0 frames=0
DBG_GATEWAY_CH9_RX_CONT_ARM now=360490 rem=500 frames=0 errors=0
DBG_GATEWAY_CH9_RX_CONT_RESULT start=360490 end=360991 ret=-116 fail=0 status=0x00000000 len=0 frames=0
DBG_GATEWAY_CH9_RX_CONT_ARM now=360993 rem=500 frames=0 errors=0
DBG_GATEWAY_CH9_RX_CONT_RESULT start=360993 end=361494 ret=-116 fail=0 status=0x00000000 len=0 frames=0
DBG_GATEWAY_CH9_RX_CONT_ARM now=361496 rem=500 frames=0 errors=0
DBG_GATEWAY_CH9_RX_CONT_RESULT start=361496 end=361997 ret=-116 fail=0 status=0x00000000 len=0 frames=0
DBG_GATEWAY_CH9_RX_CONT_ARM now=361999 rem=500 frames=0 errors=0
DBG_GATEWAY_CH9_RX_CONT_RESULT start=361999 end=362500 ret=-116 fail=0 status=0x00000000 len=0 frames=0
DBG_GATEWAY_CH9_RX_CONT_ARM now=362502 rem=500 frames=0 errors=0
DBG_GATEWAY_CH9_RX_CONT_RESULT start=362502 end=363003 ret=-116 fail=0 status=0x00000000 len=0 frames=0
DBG_GATEWAY_CH9_RX_CONT_ARM now=363005 rem=500 frames=0 errors=0
DBG_GATEWAY_CH9_RX_CONT_RESULT start=363005 end=363506 ret=-116 fail=0 status=0x00000000 len=0 frames=0
DBG_GATEWAY_CH9_RX_CONT_ARM now=363508 rem=500 frames=0 errors=0
DBG_GATEWAY_CH9_RX_CONT_RESULT start=363508 end=364009 ret=-116 fail=0 status=0x00000000 len=0 frames=0
DBG_GATEWAY_CH9_RX_CONT_ARM now=364011 rem=500 frames=0 errors=0
DBG_GATEWAY_CH9_RX_CONT_RESULT start=364011 end=364512 ret=-116 fail=0 status=0x00000000 len=0 frames=0
DBG_GATEWAY_CH9_RX_CONT_ARM now=364514 rem=500 frames=0 errors=0
DBG_GATEWAY_CH9_RX_CONT_RESULT start=364514 end=365015 ret=-116 fail=0 status=0x00000000 len=0 frames=0
DBG_GATEWAY_CH9_RX_CONT_ARM now=365017 rem=500 frames=0 errors=0
DBG_GATEWAY_CH9_RX_CONT_RESULT start=365017 end=365518 ret=-116 fail=0 status=0x00000000 len=0 frames=0
DBG_GATEWAY_CH9_RX_CONT_ARM now=365520 rem=500 frames=0 errors=0
DBG_GATEWAY_CH9_RX_CONT_RESULT start=365520 end=366021 ret=-116 fail=0 status=0x00000000 len=0 frames=0
DBG_GATEWAY_CH9_RX_CONT_ARM now=366023 rem=500 frames=0 errors=0
DBG_GATEWAY_CH9_RX_CONT_RESULT start=366023 end=366524 ret=-116 fail=0 status=0x00000000 len=0 frames=0
DBG_GATEWAY_CH9_RX_CONT_ARM now=366526 rem=500 frames=0 errors=0
DBG_GATEWAY_CH9_RX_CONT_RESULT start=366526 end=367027 ret=-116 fail=0 status=0x00000000 len=0 frames=0
DBG_GATEWAY_CH9_RX_CONT_ARM now=367029 rem=500 frames=0 errors=0
DBG_GATEWAY_CH9_RX_CONT_RESULT start=367029 end=367530 ret=-116 fail=0 status=0x00000000 len=0 frames=0
DBG_GATEWAY_CH9_RX_CONT_ARM now=367532 rem=500 frames=0 errors=0
DBG_GATEWAY_CH9_RX_CONT_RESULT start=367532 end=368033 ret=-116 fail=0 status=0x00000000 len=0 frames=0
DBG_GATEWAY_CH9_RX_CONT_ARM now=368035 rem=500 frames=0 errors=0
DBG_GATEWAY_CH9_RX_CONT_RESULT start=368035 end=368536 ret=-116 fail=0 status=0x00000000 len=0 frames=0
DBG_GATEWAY_CH9_RX_CONT_ARM now=368538 rem=500 frames=0 errors=0
DBG_GATEWAY_CH9_RX_CONT_RESULT start=368538 end=369039 ret=-116 fail=0 status=0x00000000 len=0 frames=0
DBG_GATEWAY_CH9_RX_CONT_ARM now=369041 rem=500 frames=0 errors=0
DBG_GATEWAY_CH9_RX_CONT_RESULT start=369041 end=369542 ret=-116 fail=0 status=0x00000000 len=0 frames=0
DBG_GATEWAY_CH9_RX_CONT_ARM now=369544 rem=500 frames=0 errors=0
DBG_GATEWAY_CH9_RX_CONT_RESULT start=369544 end=370045 ret=-116 fail=0 status=0x00000000 len=0 frames=0
DBG_GATEWAY_CH9_RX_CONT_ARM now=370047 rem=500 frames=0 errors=0
DBG_GATEWAY_CH9_RX_CONT_RESULT start=370047 end=370548 ret=-116 fail=0 status=0x00000000 len=0 frames=0
DBG_GATEWAY_CH9_RX_CONT_ARM now=370550 rem=500 frames=0 errors=0
DBG_GATEWAY_CH9_RX_CONT_RESULT start=370550 end=371051 ret=-116 fail=0 status=0x00000000 len=0 frames=0
DBG_GATEWAY_CH9_RX_CONT_ARM now=371053 rem=500 frames=0 errors=0
DBG_GATEWAY_CH9_RX_CONT_RESULT start=371053 end=371554 ret=-116 fail=0 status=0x00000000 len=0 frames=0
DBG_GATEWAY_CH9_RX_CONT_ARM now=371556 rem=500 frames=0 errors=0
DBG_GATEWAY_CH9_RX_CONT_RESULT start=371556 end=372057 ret=-116 fail=0 status=0x00000000 len=0 frames=0
DBG_GATEWAY_CH9_RX_CONT_ARM now=372059 rem=500 frames=0 errors=0
DBG_GATEWAY_CH9_RX_CONT_RESULT start=372059 end=372560 ret=-116 fail=0 status=0x00000000 len=0 frames=0
DBG_GATEWAY_CH9_RX_CONT_ARM now=372562 rem=500 frames=0 errors=0
DBG_GATEWAY_CH9_RX_CONT_RESULT start=372562 end=373063 ret=-116 fail=0 status=0x00000000 len=0 frames=0
DBG_GATEWAY_CH9_RX_CONT_ARM now=373065 rem=500 frames=0 errors=0
DBG_GATEWAY_CH9_RX_CONT_RESULT start=373065 end=373566 ret=-116 fail=0 status=0x00000000 len=0 frames=0
DBG_GATEWAY_CH9_RX_CONT_ARM now=373568 rem=500 frames=0 errors=0
DBG_GATEWAY_CH9_RX_CONT_RESULT start=373568 end=374069 ret=-116 fail=0 status=0x00000000 len=0 frames=0
DBG_GATEWAY_CH9_RX_CONT_ARM now=374071 rem=500 frames=0 errors=0
DBG_GATEWAY_CH9_RX_CONT_RESULT start=374071 end=374572 ret=-116 fail=0 status=0x00000000 len=0 frames=0
DBG_GATEWAY_CH9_RX_CONT_ARM now=374574 rem=500 frames=0 errors=0
DBG_GATEWAY_CH9_RX_CONT_RESULT start=374574 end=375075 ret=-116 fail=0 status=0x00000000 len=0 frames=0
DBG_GATEWAY_CH9_RX_CONT_ARM now=375077 rem=500 frames=0 errors=0
DBG_GATEWAY_CH9_RX_CONT_RESULT start=375077 end=375578 ret=-116 fail=0 status=0x00000000 len=0 frames=0
DBG_GATEWAY_CH9_RX_CONT_ARM now=375580 rem=500 frames=0 errors=0
DBG_GATEWAY_CH9_RX_CONT_RESULT start=375580 end=376081 ret=-116 fail=0 status=0x00000000 len=0 frames=0
DBG_GATEWAY_CH9_RX_CONT_ARM now=376083 rem=500 frames=0 errors=0
DBG_GATEWAY_CH9_RX_CONT_RESULT start=376083 end=376584 ret=-116 fail=0 status=0x00000000 len=0 frames=0
DBG_GATEWAY_CH9_RX_CONT_ARM now=376586 rem=500 frames=0 errors=0
DBG_GATEWAY_CH9_RX_CONT_RESULT start=376586 end=377087 ret=-116 fail=0 status=0x00000000 len=0 frames=0
DBG_GATEWAY_CH9_RX_CONT_ARM now=377089 rem=500 frames=0 errors=0
DBG_GATEWAY_CH9_RX_CONT_RESULT start=377089 end=377590 ret=-116 fail=0 status=0x00000000 len=0 frames=0
DBG_GATEWAY_CH9_RX_CONT_ARM now=377592 rem=500 frames=0 errors=0
DBG_GATEWAY_CH9_RX_CONT_RESULT start=377592 end=378093 ret=-116 fail=0 status=0x00000000 len=0 frames=0
DBG_GATEWAY_CH9_RX_CONT_ARM now=378095 rem=500 frames=0 errors=0
DBG_GATEWAY_CH9_RX_CONT_RESULT start=378095 end=378596 ret=-116 fail=0 status=0x00000000 len=0 frames=0
DBG_GATEWAY_CH9_RX_CONT_ARM now=378598 rem=500 frames=0 errors=0
DBG_GATEWAY_CH9_RX_CONT_RESULT start=378598 end=379099 ret=-116 fail=0 status=0x00000000 len=0 frames=0
DBG_GATEWAY_CH9_RX_CONT_ARM now=379101 rem=500 frames=0 errors=0
DBG_GATEWAY_CH9_RX_CONT_RESULT start=379101 end=379602 ret=-116 fail=0 status=0x00000000 len=0 frames=0
DBG_GATEWAY_CH9_RX_CONT_ARM now=379604 rem=500 frames=0 errors=0
DBG_GATEWAY_CH9_RX_CONT_RESULT start=379604 end=380105 ret=-116 fail=0 status=0x00000000 len=0 frames=0
DBG_GATEWAY_CH9_RX_CONT_ARM now=380107 rem=500 frames=0 errors=0
DBG_GATEWAY_CH9_RX_CONT_RESULT start=380107 end=380608 ret=-116 fail=0 status=0x00000000 len=0 frames=0
DBG_GATEWAY_CH9_RX_CONT_ARM now=380610 rem=500 frames=0 errors=0
DBG_GATEWAY_CH9_RX_CONT_RESULT start=380610 end=381111 ret=-116 fail=0 status=0x00000000 len=0 frames=0
DBG_GATEWAY_CH9_RX_CONT_ARM now=381113 rem=500 frames=0 errors=0
DBG_GATEWAY_CH9_RX_CONT_RESULT start=381113 end=381614 ret=-116 fail=0 status=0x00000000 len=0 frames=0
DBG_GATEWAY_CH9_RX_CONT_ARM now=381616 rem=500 frames=0 errors=0
DBG_GATEWAY_CH9_RX_CONT_RESULT start=381616 end=382117 ret=-116 fail=0 status=0x00000000 len=0 frames=0
DBG_GATEWAY_CH9_RX_CONT_ARM now=382119 rem=500 frames=0 errors=0
DBG_GATEWAY_CH9_RX_CONT_RESULT start=382119 end=382620 ret=-116 fail=0 status=0x00000000 len=0 frames=0
DBG_GATEWAY_CH9_RX_CONT_ARM now=382622 rem=500 frames=0 errors=0
DBG_GATEWAY_CH9_RX_CONT_RESULT start=382622 end=383123 ret=-116 fail=0 status=0x00000000 len=0 frames=0
DBG_GATEWAY_CH9_RX_CONT_ARM now=383125 rem=500 frames=0 errors=0
DBG_GATEWAY_CH9_RX_CONT_RESULT start=383125 end=383626 ret=-116 fail=0 status=0x00000000 len=0 frames=0
DBG_GATEWAY_CH9_RX_CONT_ARM now=383628 rem=500 frames=0 errors=0
DBG_GATEWAY_CH9_RX_CONT_RESULT start=383628 end=384129 ret=-116 fail=0 status=0x00000000 len=0 frames=0
DBG_GATEWAY_CH9_RX_CONT_ARM now=384131 rem=500 frames=0 errors=0
DBG_GATEWAY_CH9_RX_CONT_RESULT start=384131 end=384632 ret=-116 fail=0 status=0x00000000 len=0 frames=0
DBG_GATEWAY_CH9_RX_CONT_ARM now=384634 rem=500 frames=0 errors=0
DBG_GATEWAY_CH9_RX_CONT_RESULT start=384634 end=385135 ret=-116 fail=0 status=0x00000000 len=0 frames=0
DBG_GATEWAY_CH9_RX_CONT_ARM now=385137 rem=500 frames=0 errors=0
DBG_GATEWAY_CH9_RX_CONT_RESULT start=385137 end=385638 ret=-116 fail=0 status=0x00000000 len=0 frames=0
DBG_GATEWAY_CH9_RX_CONT_ARM now=385640 rem=500 frames=0 errors=0
DBG_GATEWAY_CH9_RX_CONT_RESULT start=385640 end=386141 ret=-116 fail=0 status=0x00000000 len=0 frames=0
DBG_GATEWAY_CH9_RX_CONT_ARM now=386143 rem=500 frames=0 errors=0
DBG_GATEWAY_CH9_RX_CONT_RESULT start=386143 end=386644 ret=-116 fail=0 status=0x00000000 len=0 frames=0
DBG_GATEWAY_CH9_RX_CONT_ARM now=386646 rem=500 frames=0 errors=0
DBG_GATEWAY_CH9_RX_CONT_RESULT start=386646 end=387147 ret=-116 fail=0 status=0x00000000 len=0 frames=0
DBG_GATEWAY_CH9_RX_CONT_ARM now=387149 rem=500 frames=0 errors=0
DBG_GATEWAY_CH9_RX_CONT_RESULT start=387149 end=387650 ret=-116 fail=0 status=0x00000000 len=0 frames=0
DBG_GATEWAY_CH9_RX_CONT_ARM now=387652 rem=500 frames=0 errors=0
DBG_GATEWAY_CH9_RX_CONT_RESULT start=387652 end=388153 ret=-116 fail=0 status=0x00000000 len=0 frames=0
DBG_GATEWAY_CH9_RX_CONT_ARM now=388155 rem=500 frames=0 errors=0
DBG_GATEWAY_CH9_RX_CONT_RESULT start=388155 end=388656 ret=-116 fail=0 status=0x00000000 len=0 frames=0
DBG_GATEWAY_CH9_RX_CONT_ARM now=388658 rem=500 frames=0 errors=0
DBG_GATEWAY_CH9_RX_CONT_RESULT start=388658 end=389159 ret=-116 fail=0 status=0x00000000 len=0 frames=0
DBG_GATEWAY_CH9_RX_CONT_ARM now=389161 rem=500 frames=0 errors=0
DBG_GATEWAY_CH9_RX_CONT_RESULT start=389161 end=389662 ret=-116 fail=0 status=0x00000000 len=0 frames=0
DBG_GATEWAY_CH9_RX_CONT_ARM now=389664 rem=500 frames=0 errors=0
DBG_GATEWAY_CH9_RX_CONT_RESULT start=389664 end=390165 ret=-116 fail=0 status=0x00000000 len=0 frames=0
DBG_GATEWAY_CH9_RX_CONT_ARM now=390167 rem=500 frames=0 errors=0
DBG_GATEWAY_BLE event=connected err=0 uptime=390460
DBG_GATEWAY_BLE event=param-request ret=0 interval=24-40 latency=0 timeout_ms=12000 uptime=390460
DBG_GATEWAY_CH9_RX_CONT_RESULT start=390167 end=390668 ret=-116 fail=0 status=0x00000000 len=0 frames=0
DBG_GATEWAY_CH9_RX_CONT_ARM now=390670 rem=500 frames=0 errors=0
DBG_GATEWAY_CH9_RX_CONT_RESULT start=390670 end=391171 ret=-116 fail=0 status=0x00000000 len=0 frames=0
DBG_GATEWAY_CH9_RX_CONT_ARM now=391173 rem=500 frames=0 errors=0
DBG_GATEWAY_CH9_RX_CONT_RESULT start=391173 end=391674 ret=-116 fail=0 status=0x00000000 len=0 frames=0
DBG_GATEWAY_CH9_RX_CONT_ARM now=391676 rem=500 frames=0 errors=0
DBG_GATEWAY_CH9_RX_CONT_RESULT start=391676 end=392177 ret=-116 fail=0 status=0x00000000 len=0 frames=0
DBG_GATEWAY_CH9_RX_CONT_ARM now=392179 rem=500 frames=0 errors=0
DBG_GATEWAY_COMMAND_PRIORITY_SUBMIT ret=0 now=392442
DBG_STACK_RUN_BEGIN epoch=16803544993248225624 run=112 kind=ble_backpressure owner=system_workqueue queue=1 custody=1 credit=0 retry=0 drain=1 src=11068027678940948070 dst=11068027678940948070 session=40370312 seq=136 type=86 sequence=0 previous=0 uptime=392442
DBG_STACK_SAMPLE_BEGIN epoch=16803544993248225624 run=112 sample=112 kind=ble_backpressure owner=system_workqueue queue=1 custody=1 credit=0 retry=0 drain=1 src=11068027678940948070 dst=11068027678940948070 session=40370312 seq=136 type=86 uptime=392443
DBG_STACK_ISR_CONFIG size=8192 run=112 sample=112
DBG_STACK name=BT RX WQ tid=0x2000fe18 used=760 free=776 size=1536 ret=0 run=112 sample=112
DBG_STACK name=mesh_route tid=0x2000d560 used=5888 free=2304 size=8192 ret=0 run=112 sample=112
DBG_STACK name=sysworkq tid=0x20010d70 used=2408 free=2072 size=4480 ret=0 run=112 sample=112
DBG_STACK name=MPSL Work tid=0x20010b28 used=440 free=584 size=1024 ret=0 run=112 sample=112
DBG_STACK name=logging tid=0x2000f920 used=480 free=1568 size=2048 ret=0 run=112 sample=112
DBG_STACK name=idle tid=0x20010c00 used=64 free=256 size=320 ret=0 run=112 sample=112
DBG_STACK_SAMPLE_END run=112 sample=112
DBG_STACK_RUN_END epoch=16803544993248225624 run=112 kind=ble_backpressure owner=system_workqueue outcome=ack queue=2 custody=0 credit=1 retry=0 drain=2 src=11068027678940948070 dst=11068027678940948070 session=40370312 seq=136 type=86 samples=1 sequence=0 previous=0 uptime=392454
DBG_WAKE_TRAIN_CONFIG_BEGIN
DBG_DWM_INVALIDATE tag=configure_radio_from_reset active_phy=2 configured=1 awake=0
DBG_DWM_MARK_UNCONFIGURED tag=initialise_radio prev_phy=0
DBG_WAKE_TRAIN_CONFIG_OK
DBG_WAKE_TRAIN_FIRST_SEND_BEGIN
DBG_WAKE_TRAIN_FIRST_SEND_OK
DBG_UWB_TX_CH5
DBG_TX_WAKE_CLAIM_SENT
DBG_UWB_TX_CH5
DBG_TX_WAKE_CLAIM_SENT
DBG_UWB_TX_CH5
DBG_TX_WAKE_CLAIM_SENT
DBG_UWB_TX_CH5
DBG_TX_WAKE_CLAIM_SENT
DBG_UWB_TX_CH5
DBG_TX_WAKE_CLAIM_SENT
DBG_UWB_TX_CH5
DBG_TX_WAKE_CLAIM_SENT
DBG_UWB_TX_CH5
DBG_TX_WAKE_CLAIM_SENT
DBG_UWB_TX_CH5
DBG_TX_WAKE_CLAIM_SENT
DBG_UWB_TX_CH5
DBG_TX_WAKE_CLAIM_SENT
DBG_UWB_TX_CH5
DBG_TX_WAKE_CLAIM_SENT
DBG_UWB_TX_CH5
DBG_TX_WAKE_CLAIM_SENT
DBG_UWB_TX_CH5
DBG_TX_WAKE_CLAIM_SENT
DBG_UWB_TX_CH5
DBG_TX_WAKE_CLAIM_SENT
DBG_UWB_TX_CH5
DBG_TX_WAKE_CLAIM_SENT
DBG_UWB_TX_CH5
DBG_TX_WAKE_CLAIM_SENT
DBG_UWB_TX_CH5
DBG_TX_WAKE_CLAIM_SENT
DBG_UWB_TX_CH5
DBG_TX_WAKE_CLAIM_SENT
DBG_UWB_TX_CH5
DBG_TX_WAKE_CLAIM_SENT
DBG_UWB_TX_CH5
DBG_TX_WAKE_CLAIM_SENT
DBG_UWB_TX_CH5
DBG_TX_WAKE_CLAIM_SENT
DBG_UWB_TX_CH5
DBG_TX_WAKE_CLAIM_SENT
DBG_UWB_TX_CH5
DBG_TX_WAKE_CLAIM_SENT
DBG_UWB_TX_CH5
DBG_TX_WAKE_CLAIM_SENT
DBG_UWB_TX_CH5
DBG_TX_WAKE_CLAIM_SENT
DBG_UWB_TX_CH5
DBG_TX_WAKE_CLAIM_SENT
DBG_UWB_TX_CH5
DBG_TX_WAKE_CLAIM_SENT
DBG_UWB_TX_CH5
DBG_TX_WAKE_CLAIM_SENT
DBG_UWB_TX_CH5
DBG_TX_WAKE_CLAIM_SENT
DBG_UWB_TX_CH5
DBG_TX_WAKE_CLAIM_SENT
DBG_UWB_TX_CH5
DBG_TX_WAKE_CLAIM_SENT
DBG_UWB_TX_CH5
DBG_TX_WAKE_CLAIM_SENT
DBG_UWB_TX_CH5
DBG_TX_WAKE_CLAIM_SENT
DBG_UWB_TX_CH5
DBG_TX_WAKE_CLAIM_SENT
DBG_UWB_TX_CH5
DBG_TX_WAKE_CLAIM_SENT
DBG_UWB_TX_CH5
DBG_TX_WAKE_CLAIM_SENT
DBG_UWB_TX_CH5
DBG_TX_WAKE_CLAIM_SENT
DBG_UWB_TX_CH5
DBG_TX_WAKE_CLAIM_SENT
DBG_UWB_TX_CH5
DBG_TX_WAKE_CLAIM_SENT
DBG_UWB_TX_CH5
DBG_TX_WAKE_CLAIM_SENT
DBG_UWB_TX_CH5
DBG_TX_WAKE_CLAIM_SENT
DBG_UWB_TX_CH5
DBG_TX_WAKE_CLAIM_SENT
DBG_UWB_TX_CH5
DBG_TX_WAKE_CLAIM_SENT
DBG_UWB_TX_CH5
DBG_TX_WAKE_CLAIM_SENT
DBG_UWB_TX_CH5
DBG_TX_WAKE_CLAIM_SENT
DBG_UWB_TX_CH5
DBG_TX_WAKE_CLAIM_SENT
DBG_UWB_TX_CH5
DBG_TX_WAKE_CLAIM_SENT
DBG_UWB_TX_CH5
DBG_TX_WAKE_CLAIM_SENT
DBG_UWB_TX_CH5
DBG_TX_WAKE_CLAIM_SENT
DBG_UWB_TX_CH5
DBG_TX_WAKE_CLAIM_SENT
DBG_UWB_TX_CH5
DBG_TX_WAKE_CLAIM_SENT
DBG_UWB_TX_CH5
DBG_TX_WAKE_CLAIM_SENT
DBG_UWB_TX_CH5
DBG_TX_WAKE_CLAIM_SENT
DBG_UWB_TX_CH5
DBG_TX_WAKE_CLAIM_SENT
DBG_UWB_TX_CH5
DBG_TX_WAKE_CLAIM_SENT
DBG_UWB_TX_CH5
DBG_TX_WAKE_CLAIM_SENT
DBG_UWB_TX_CH5
DBG_TX_WAKE_CLAIM_SENT
DBG_UWB_TX_CH5
DBG_TX_WAKE_CLAIM_SENT
DBG_UWB_TX_CH5
DBG_TX_WAKE_CLAIM_SENT
DBG_UWB_TX_CH5
DBG_TX_WAKE_CLAIM_SENT
DBG_UWB_TX_CH5
DBG_TX_WAKE_CLAIM_SENT
DBG_UWB_TX_CH5
DBG_TX_WAKE_CLAIM_SENT
DBG_UWB_TX_CH5
DBG_TX_WAKE_CLAIM_SENT
DBG_UWB_TX_CH5
DBG_TX_WAKE_CLAIM_SENT
DBG_DWM_INVALIDATE tag=configure_radio_from_reset active_phy=2 configured=1 awake=1
DBG_DWM_MARK_UNCONFIGURED tag=initialise_radio prev_phy=0
DBG_STACK_RUN_BEGIN epoch=16803544993248225624 run=113 kind=ble_backpressure owner=system_workqueue queue=1 custody=1 credit=0 retry=0 drain=1 src=11068027678940948070 dst=11068027678940948070 session=40370313 seq=137 type=86 sequence=0 previous=0 uptime=392937
DBG_STACK_SAMPLE_BEGIN epoch=16803544993248225624 run=113 sample=113 kind=ble_backpressure owner=system_workqueue queue=1 custody=1 credit=0 retry=0 drain=1 src=11068027678940948070 dst=11068027678940948070 session=40370313 seq=137 type=86 uptime=392937
DBG_STACK_ISR_CONFIG size=8192 run=113 sample=113
DBG_STACK name=BT RX WQ tid=0x2000fe18 used=760 free=776 size=1536 ret=0 run=113 sample=113
DBG_STACK name=mesh_route tid=0x2000d560 used=5888 free=2304 size=8192 ret=0 run=113 sample=113
DBG_STACK name=sysworkq tid=0x20010d70 used=2408 free=2072 size=4480 ret=0 run=113 sample=113
DBG_STACK name=MPSL Work tid=0x20010b28 used=440 free=584 size=1024 ret=0 run=113 sample=113
DBG_STACK name=logging tid=0x2000f920 used=480 free=1568 size=2048 ret=0 run=113 sample=113
DBG_STACK name=idle tid=0x20010c00 used=64 free=256 size=320 ret=0 run=113 sample=113
DBG_STACK_SAMPLE_END run=113 sample=113
DBG_STACK_RUN_END epoch=16803544993248225624 run=113 kind=ble_backpressure owner=system_workqueue outcome=ack queue=1 custody=0 credit=1 retry=0 drain=1 src=11068027678940948070 dst=11068027678940948070 session=40370313 seq=137 type=86 samples=1 sequence=0 previous=0 uptime=392961
DBG_DWM_INVALIDATE tag=configure_radio_from_reset active_phy=2 configured=1 awake=0
DBG_DWM_MARK_UNCONFIGURED tag=initialise_radio prev_phy=0
DBG_DWM_INVALIDATE tag=configure_radio_from_reset active_phy=2 configured=1 awake=0
DBG_DWM_MARK_UNCONFIGURED tag=initialise_radio prev_phy=0
DBG_DWM_WAKE_MESH_CTRL_OK sfd=4073
DBG_C5_TX_CONFIG ret=0 ext=1 len=178 msg=3c reason=bounded-c5-flood
DBG_UWB_TX_CH5
DBG_DWM_INVALIDATE tag=configure_radio_from_reset active_phy=4 configured=1 awake=0
DBG_DWM_MARK_UNCONFIGURED tag=initialise_radio prev_phy=0
DBG_DWM_WAKE_MESH_CTRL_OK sfd=4073
DBG_DWM_INVALIDATE tag=configure_radio_from_reset active_phy=4 configured=1 awake=0
DBG_DWM_MARK_UNCONFIGURED tag=initialise_radio prev_phy=0
DBG_DWM_INVALIDATE tag=configure_radio_from_reset active_phy=2 configured=1 awake=0
DBG_DWM_MARK_UNCONFIGURED tag=initialise_radio prev_phy=0
DBG_DWM_WAKE_MESH_CTRL_OK sfd=4073
DBG_C5_TX_CONFIG ret=0 ext=1 len=178 msg=3c reason=bounded-c5-flood
DBG_UWB_TX_CH5
DBG_DWM_INVALIDATE tag=configure_radio_from_reset active_phy=4 configured=1 awake=0
DBG_DWM_MARK_UNCONFIGURED tag=initialise_radio prev_phy=0
DBG_DWM_WAKE_MESH_CTRL_OK sfd=4073
DBG_DWM_INVALIDATE tag=configure_radio_from_reset active_phy=4 configured=1 awake=0
DBG_DWM_MARK_UNCONFIGURED tag=initialise_radio prev_phy=0
DBG_DWM_INVALIDATE tag=configure_radio_from_reset active_phy=2 configured=1 awake=0
DBG_DWM_MARK_UNCONFIGURED tag=initialise_radio prev_phy=0
DBG_DWM_WAKE_MESH_CTRL_OK sfd=4073
DBG_C5_TX_CONFIG ret=0 ext=1 len=178 msg=3c reason=bounded-c5-flood
DBG_UWB_TX_CH5
DBG_DWM_INVALIDATE tag=configure_radio_from_reset active_phy=4 configured=1 awake=0
DBG_DWM_MARK_UNCONFIGURED tag=initialise_radio prev_phy=0
DBG_DWM_WAKE_MESH_CTRL_OK sfd=4073
DBG_DWM_INVALIDATE tag=configure_radio_from_reset active_phy=4 configured=1 awake=0
DBG_DWM_MARK_UNCONFIGURED tag=initialise_radio prev_phy=0
DBG_DWM_INVALIDATE tag=configure_radio_from_reset active_phy=2 configured=1 awake=0
DBG_DWM_MARK_UNCONFIGURED tag=initialise_radio prev_phy=0
DBG_DWM_WAKE_MESH_CTRL_OK sfd=4073
DBG_C5_TX_CONFIG ret=0 ext=1 len=178 msg=3c reason=bounded-c5-flood
DBG_UWB_TX_CH5
DBG_GATEWAY_RX_START reason=gateway mesh restart active=1 qrx=0 qtx=0 adv_due=0
DBG_COORD state=gateway-rx owner=uwb-rx reason=gateway-rx rx=0 tx=0 relay=0 route=0 ack=0 qack=0
DBG_GATEWAY_CH9_RX_CONT_CAP now=393380 win=12699 adv_wait=12699 due=406079
DBG_DWM_INVALIDATE tag=configure_radio_from_reset active_phy=4 configured=1 awake=1
DBG_DWM_MARK_UNCONFIGURED tag=initialise_radio prev_phy=0
DBG_GATEWAY_CH9_RX_CONT_ARM now=393406 rem=500 frames=0 errors=0
DBG_STACK_RUN_BEGIN epoch=16803544993248225624 run=114 kind=ble_backpressure owner=system_workqueue queue=1 custody=1 credit=0 retry=0 drain=1 src=11068027678940948070 dst=11068027678940948070 session=40370315 seq=139 type=86 sequence=0 previous=0 uptime=393477
DBG_STACK_SAMPLE_BEGIN epoch=16803544993248225624 run=114 sample=114 kind=ble_backpressure owner=system_workqueue queue=1 custody=1 credit=0 retry=0 drain=1 src=11068027678940948070 dst=11068027678940948070 session=40370315 seq=139 type=86 uptime=393477
DBG_STACK_ISR_CONFIG size=8192 run=114 sample=114
DBG_STACK name=BT RX WQ tid=0x2000fe18 used=760 free=776 size=1536 ret=0 run=114 sample=114
DBG_STACK name=mesh_route tid=0x2000d560 used=5888 free=2304 size=8192 ret=0 run=114 sample=114
DBG_STACK name=sysworkq tid=0x20010d70 used=2408 free=2072 size=4480 ret=0 run=114 sample=114
DBG_STACK name=MPSL Work tid=0x20010b28 used=440 free=584 size=1024 ret=0 run=114 sample=114
DBG_STACK name=logging tid=0x2000f920 used=480 free=1568 size=2048 ret=0 run=114 sample=114
DBG_STACK name=idle tid=0x20010c00 used=64 free=256 size=320 ret=0 run=114 sample=114
DBG_STACK_SAMPLE_END run=114 sample=114
DBG_STACK_RUN_END epoch=16803544993248225624 run=114 kind=ble_backpressure owner=system_workqueue outcome=ack queue=1 custody=0 credit=1 retry=0 drain=1 src=11068027678940948070 dst=11068027678940948070 session=40370315 seq=139 type=86 samples=1 sequence=0 previous=0 uptime=393500
DBG_GATEWAY_CH9_RX_CONT_RESULT start=393406 end=393906 ret=-116 fail=0 status=0x02000000 len=0 frames=0
DBG_GATEWAY_CH9_RX_CONT_CAP now=393908 win=12171 adv_wait=12171 due=406079
DBG_GATEWAY_CH9_RX_CONT_ARM now=393908 rem=500 frames=0 errors=0
DBG_GATEWAY_CH9_RX_CONT_RESULT start=393908 end=394409 ret=-116 fail=0 status=0x00000000 len=0 frames=0
DBG_GATEWAY_CH9_RX_CONT_CAP now=394411 win=11668 adv_wait=11668 due=406079
DBG_GATEWAY_CH9_RX_CONT_ARM now=394411 rem=500 frames=0 errors=0
DBG_GATEWAY_CH9_RX_CONT_RESULT start=394411 end=394912 ret=-116 fail=0 status=0x00000000 len=0 frames=0
DBG_GATEWAY_CH9_RX_CONT_CAP now=394914 win=11165 adv_wait=11165 due=406079
DBG_GATEWAY_CH9_RX_CONT_ARM now=394914 rem=500 frames=0 errors=0
DBG_GATEWAY_CH9_RX_CONT_RESULT start=394914 end=395415 ret=-116 fail=0 status=0x00000000 len=0 frames=0
DBG_GATEWAY_CH9_RX_CONT_CAP now=395417 win=10662 adv_wait=10662 due=406079
DBG_GATEWAY_CH9_RX_CONT_ARM now=395417 rem=500 frames=0 errors=0
DBG_GATEWAY_CH9_RX_CONT_RESULT start=395417 end=395918 ret=-116 fail=0 status=0x00000000 len=0 frames=0
DBG_GATEWAY_CH9_RX_CONT_CAP now=395920 win=10159 adv_wait=10159 due=406079
DBG_GATEWAY_CH9_RX_CONT_ARM now=395920 rem=500 frames=0 errors=0
DBG_GATEWAY_CH9_RX_CONT_RESULT start=395920 end=396421 ret=-116 fail=0 status=0x00000000 len=0 frames=0
DBG_GATEWAY_CH9_RX_CONT_CAP now=396423 win=9656 adv_wait=9656 due=406079
DBG_GATEWAY_CH9_RX_CONT_ARM now=396423 rem=500 frames=0 errors=0
DBG_GATEWAY_CH9_RX_CONT_RESULT start=396423 end=396924 ret=-116 fail=0 status=0x00000000 len=0 frames=0
DBG_GATEWAY_CH9_RX_CONT_CAP now=396926 win=9153 adv_wait=9153 due=406079
DBG_GATEWAY_CH9_RX_CONT_ARM now=396926 rem=500 frames=0 errors=0
DBG_GATEWAY_CH9_RX_CONT_RESULT start=396926 end=397427 ret=-116 fail=0 status=0x00000000 len=0 frames=0
DBG_GATEWAY_CH9_RX_CONT_CAP now=397429 win=8650 adv_wait=8650 due=406079
DBG_GATEWAY_CH9_RX_CONT_ARM now=397429 rem=500 frames=0 errors=0
DBG_GATEWAY_CH9_RX_CONT_RESULT start=397429 end=397930 ret=-116 fail=0 status=0x00000000 len=0 frames=0
DBG_GATEWAY_CH9_RX_CONT_CAP now=397932 win=8147 adv_wait=8147 due=406079
DBG_GATEWAY_CH9_RX_CONT_ARM now=397932 rem=500 frames=0 errors=0
DBG_GATEWAY_CH9_RX_CONT_RESULT start=397932 end=398433 ret=-116 fail=0 status=0x00000000 len=0 frames=0
DBG_GATEWAY_CH9_RX_CONT_CAP now=398435 win=7644 adv_wait=7644 due=406079
DBG_GATEWAY_CH9_RX_CONT_ARM now=398435 rem=500 frames=0 errors=0
DBG_GATEWAY_CH9_RX_CONT_RESULT start=398435 end=398936 ret=-116 fail=0 status=0x00000000 len=0 frames=0
DBG_GATEWAY_CH9_RX_CONT_CAP now=398938 win=7141 adv_wait=7141 due=406079
DBG_GATEWAY_CH9_RX_CONT_ARM now=398938 rem=500 frames=0 errors=0
DBG_GATEWAY_CH9_RX_CONT_RESULT start=398938 end=399439 ret=-116 fail=0 status=0x00000000 len=0 frames=0
DBG_GATEWAY_CH9_RX_CONT_CAP now=399441 win=6638 adv_wait=6638 due=406079
DBG_GATEWAY_CH9_RX_CONT_ARM now=399441 rem=500 frames=0 errors=0
DBG_GATEWAY_CH9_RX_CONT_RESULT start=399441 end=399942 ret=-116 fail=0 status=0x00000000 len=0 frames=0
DBG_GATEWAY_CH9_RX_CONT_CAP now=399944 win=6135 adv_wait=6135 due=406079
DBG_GATEWAY_CH9_RX_CONT_ARM now=399944 rem=500 frames=0 errors=0
DBG_GATEWAY_CH9_RX_CONT_RESULT start=399944 end=400445 ret=-116 fail=0 status=0x00000000 len=0 frames=0
DBG_GATEWAY_CH9_RX_CONT_CAP now=400447 win=5632 adv_wait=5632 due=406079
DBG_GATEWAY_CH9_RX_CONT_ARM now=400447 rem=500 frames=0 errors=0
DBG_GATEWAY_CH9_RX_CONT_RESULT start=400447 end=400948 ret=-116 fail=0 status=0x00000000 len=0 frames=0
DBG_GATEWAY_CH9_RX_CONT_CAP now=400950 win=5129 adv_wait=5129 due=406079
DBG_GATEWAY_CH9_RX_CONT_ARM now=400950 rem=500 frames=0 errors=0
DBG_GATEWAY_CH9_RX_CONT_RESULT start=400950 end=401451 ret=-116 fail=0 status=0x00000000 len=0 frames=0
DBG_GATEWAY_CH9_RX_CONT_CAP now=401453 win=4626 adv_wait=4626 due=406079
DBG_GATEWAY_CH9_RX_CONT_ARM now=401453 rem=500 frames=0 errors=0
DBG_GATEWAY_CH9_RX_CONT_RESULT start=401453 end=401954 ret=-116 fail=0 status=0x00000000 len=0 frames=0
DBG_GATEWAY_CH9_RX_CONT_CAP now=401956 win=4123 adv_wait=4123 due=406079
DBG_GATEWAY_CH9_RX_CONT_ARM now=401956 rem=500 frames=0 errors=0
DBG_GATEWAY_CH9_RX_CONT_RESULT start=401956 end=402457 ret=-116 fail=0 status=0x00000000 len=0 frames=0
DBG_GATEWAY_CH9_RX_CONT_CAP now=402459 win=3620 adv_wait=3620 due=406079
DBG_GATEWAY_CH9_RX_CONT_ARM now=402459 rem=500 frames=0 errors=0
DBG_GATEWAY_CH9_RX_CONT_RESULT start=402459 end=402960 ret=-116 fail=0 status=0x00000000 len=0 frames=0
DBG_GATEWAY_CH9_RX_CONT_CAP now=402962 win=3117 adv_wait=3117 due=406079
DBG_GATEWAY_CH9_RX_CONT_ARM now=402962 rem=500 frames=0 errors=0
DBG_GATEWAY_CH9_RX_CONT_RESULT start=402962 end=403463 ret=-116 fail=0 status=0x00000000 len=0 frames=0
DBG_GATEWAY_CH9_RX_CONT_CAP now=403465 win=2614 adv_wait=2614 due=406079
DBG_GATEWAY_CH9_RX_CONT_ARM now=403465 rem=500 frames=0 errors=0
DBG_GATEWAY_CH9_RX_CONT_RESULT start=403465 end=403966 ret=-116 fail=0 status=0x00000000 len=0 frames=0
DBG_GATEWAY_CH9_RX_CONT_CAP now=403968 win=2111 adv_wait=2111 due=406079
DBG_GATEWAY_CH9_RX_CONT_ARM now=403968 rem=500 frames=0 errors=0
DBG_GATEWAY_CH9_RX_CONT_RESULT start=403968 end=404469 ret=-116 fail=0 status=0x00000000 len=0 frames=0
DBG_GATEWAY_CH9_RX_CONT_CAP now=404471 win=1608 adv_wait=1608 due=406079
DBG_GATEWAY_CH9_RX_CONT_ARM now=404471 rem=500 frames=0 errors=0
DBG_GATEWAY_CH9_RX_CONT_RESULT start=404471 end=404972 ret=-116 fail=0 status=0x00000000 len=0 frames=0
DBG_GATEWAY_CH9_RX_CONT_CAP now=404974 win=1105 adv_wait=1105 due=406079
DBG_GATEWAY_CH9_RX_CONT_ARM now=404974 rem=500 frames=0 errors=0
DBG_GATEWAY_CH9_RX_CONT_RESULT start=404974 end=405475 ret=-116 fail=0 status=0x00000000 len=0 frames=0
DBG_GATEWAY_CH9_RX_CONT_CAP now=405477 win=602 adv_wait=602 due=406079
DBG_GATEWAY_CH9_RX_CONT_ARM now=405477 rem=500 frames=0 errors=0
DBG_GATEWAY_CH9_RX_CONT_RESULT start=405477 end=405978 ret=-116 fail=0 status=0x00000000 len=0 frames=0
DBG_GATEWAY_CH9_RX_CONT_CAP now=405980 win=99 adv_wait=99 due=406079
DBG_GATEWAY_CH9_RX_CONT_ARM now=405980 rem=99 frames=0 errors=0
DBG_GATEWAY_CH9_RX_CONT_RESULT start=405980 end=406080 ret=-116 fail=0 status=0x00000000 len=0 frames=0
DBG_GATEWAY_CH9_RX_DONE_YIELD_ADV now=406081 due=406079
DBG_STACK_RUN_BEGIN epoch=16803544993248225624 run=115 kind=ble_backpressure owner=system_workqueue queue=1 custody=1 credit=0 retry=0 drain=1 src=11068027678940948070 dst=11068027678940948070 session=2957277211 seq=30747 type=65 sequence=0 previous=0 uptime=406081
DBG_STACK_SAMPLE_BEGIN epoch=16803544993248225624 run=115 sample=115 kind=ble_backpressure owner=system_workqueue queue=1 custody=1 credit=0 retry=0 drain=1 src=11068027678940948070 dst=11068027678940948070 session=2957277211 seq=30747 type=65 uptime=406082
DBG_STACK_ISR_CONFIG size=8192 run=115 sample=115
DBG_STACK name=BT RX WQ tid=0x2000fe18 used=760 free=776 size=1536 ret=0 run=115 sample=115
DBG_STACK name=mesh_route tid=0x2000d560 used=5888 free=2304 size=8192 ret=0 run=115 sample=115
DBG_STACK name=sysworkq tid=0x20010d70 used=2408 free=2072 size=4480 ret=0 run=115 sample=115
DBG_STACK name=MPSL Work tid=0x20010b28 used=440 free=584 size=1024 ret=0 run=115 sample=115
DBG_STACK name=logging tid=0x2000f920 used=480 free=1568 size=2048 ret=0 run=115 sample=115
DBG_STACK name=idle tid=0x20010c00 used=64 free=256 size=320 ret=0 run=115 sample=115
DBG_STACK_SAMPLE_END run=115 sample=115
DBG_STACK_RUN_END epoch=16803544993248225624 run=115 kind=ble_backpressure owner=system_workqueue outcome=ack queue=2 custody=0 credit=1 retry=0 drain=2 src=11068027678940948070 dst=11068027678940948070 session=2957277211 seq=30747 type=65 samples=1 sequence=0 previous=0 uptime=406109
DBG_GATEWAY_CH9_RX_CONT_RESULT start=406091 end=406592 ret=-116 fail=0 status=0x00000000 len=0 frames=0
DBG_GATEWAY_CH9_RX_CONT_ARM now=406594 rem=500 frames=0 errors=0
DBG_STACK_RUN_BEGIN epoch=16803544993248225624 run=116 kind=ble_backpressure owner=system_workqueue queue=1 custody=1 credit=0 retry=0 drain=1 src=11068027678940948070 dst=11068027678940948070 session=40370316 seq=140 type=86 sequence=0 previous=0 uptime=406662
DBG_STACK_SAMPLE_BEGIN epoch=16803544993248225624 run=116 sample=116 kind=ble_backpressure owner=system_workqueue queue=1 custody=1 credit=0 retry=0 drain=1 src=11068027678940948070 dst=11068027678940948070 session=40370316 seq=140 type=86 uptime=406662
DBG_STACK_ISR_CONFIG size=8192 run=116 sample=116
DBG_STACK name=BT RX WQ tid=0x2000fe18 used=760 free=776 size=1536 ret=0 run=116 sample=116
DBG_STACK name=mesh_route tid=0x2000d560 used=5888 free=2304 size=8192 ret=0 run=116 sample=116
DBG_STACK name=sysworkq tid=0x20010d70 used=2408 free=2072 size=4480 ret=0 run=116 sample=116
DBG_STACK name=MPSL Work tid=0x20010b28 used=440 free=584 size=1024 ret=0 run=116 sample=116
DBG_STACK name=logging tid=0x2000f920 used=480 free=1568 size=2048 ret=0 run=116 sample=116
DBG_STACK name=idle tid=0x20010c00 used=64 free=256 size=320 ret=0 run=116 sample=116
DBG_STACK_SAMPLE_END run=116 sample=116
DBG_STACK_RUN_END epoch=16803544993248225624 run=116 kind=ble_backpressure owner=system_workqueue outcome=ack queue=1 custody=0 credit=1 retry=0 drain=1 src=11068027678940948070 dst=11068027678940948070 session=40370316 seq=140 type=86 samples=1 sequence=0 previous=0 uptime=406685
DBG_GATEWAY_CH9_RX_CONT_RESULT start=406594 end=407095 ret=-116 fail=0 status=0x00000000 len=0 frames=0
DBG_GATEWAY_CH9_RX_CONT_ARM now=407097 rem=500 frames=0 errors=0
DBG_GATEWAY_COMMAND_PRIORITY_SUBMIT ret=0 now=407517
DBG_STACK_RUN_BEGIN epoch=16803544993248225624 run=117 kind=ble_backpressure owner=system_workqueue queue=1 custody=1 credit=0 retry=0 drain=1 src=11068027678940948070 dst=11068027678940948070 session=40370317 seq=141 type=86 sequence=0 previous=0 uptime=407517
DBG_STACK_SAMPLE_BEGIN epoch=16803544993248225624 run=117 sample=117 kind=ble_backpressure owner=system_workqueue queue=1 custody=1 credit=0 retry=0 drain=1 src=11068027678940948070 dst=11068027678940948070 session=40370317 seq=141 type=86 uptime=407518
DBG_STACK_ISR_CONFIG size=8192 run=117 sample=117
DBG_STACK name=BT RX WQ tid=0x2000fe18 used=760 free=776 size=1536 ret=0 run=117 sample=117
DBG_STACK name=mesh_route tid=0x2000d560 used=5888 free=2304 size=8192 ret=0 run=117 sample=117
DBG_STACK name=sysworkq tid=0x20010d70 used=2408 free=2072 size=4480 ret=0 run=117 sample=117
DBG_STACK name=MPSL Work tid=0x20010b28 used=440 free=584 size=1024 ret=0 run=117 sample=117
DBG_STACK name=logging tid=0x2000f920 used=480 free=1568 size=2048 ret=0 run=117 sample=117
DBG_STACK name=idle tid=0x20010c00 used=64 free=256 size=320 ret=0 run=117 sample=117
DBG_STACK_SAMPLE_END run=117 sample=117
DBG_STACK_RUN_END epoch=16803544993248225624 run=117 kind=ble_backpressure owner=system_workqueue outcome=ack queue=3 custody=0 credit=1 retry=0 drain=3 src=11068027678940948070 dst=11068027678940948070 session=40370317 seq=141 type=86 samples=1 sequence=0 previous=0 uptime=407529
DBG_STACK_RUN_BEGIN epoch=16803544993248225624 run=118 kind=ble_backpressure owner=system_workqueue queue=2 custody=2 credit=0 retry=0 drain=2 src=11068027678940948070 dst=11068027678940948070 session=40370318 seq=142 type=86 sequence=0 previous=0 uptime=407967
DBG_STACK_SAMPLE_BEGIN epoch=16803544993248225624 run=118 sample=118 kind=ble_backpressure owner=system_workqueue queue=2 custody=2 credit=0 retry=0 drain=2 src=11068027678940948070 dst=11068027678940948070 session=40370318 seq=142 type=86 uptime=407967
DBG_STACK_ISR_CONFIG size=8192 run=118 sample=118
DBG_STACK name=BT RX WQ tid=0x2000fe18 used=760 free=776 size=1536 ret=0 run=118 sample=118
DBG_STACK name=mesh_route tid=0x2000d560 used=5888 free=2304 size=8192 ret=0 run=118 sample=118
DBG_STACK name=sysworkq tid=0x20010d70 used=2408 free=2072 size=4480 ret=0 run=118 sample=118
DBG_STACK name=MPSL Work tid=0x20010b28 used=440 free=584 size=1024 ret=0 run=118 sample=118
DBG_STACK name=logging tid=0x2000f920 used=480 free=1568 size=2048 ret=0 run=118 sample=118
DBG_STACK name=idle tid=0x20010c00 used=64 free=256 size=320 ret=0 run=118 sample=118
DBG_STACK_SAMPLE_END run=118 sample=118
DBG_STACK_RUN_END epoch=16803544993248225624 run=118 kind=ble_backpressure owner=system_workqueue outcome=ack queue=2 custody=0 credit=1 retry=0 drain=2 src=11068027678940948070 dst=11068027678940948070 session=40370318 seq=142 type=86 samples=1 sequence=0 previous=0 uptime=407989
DBG_GATEWAY_CH9_RX_CONT_RESULT start=407523 end=408024 ret=-116 fail=0 status=0x00000000 len=0 frames=0
DBG_GATEWAY_COMMAND_PRIORITY_SUBMIT ret=0 now=408025
DBG_GATEWAY_CH9_RX_CONT_ARM now=408026 rem=500 frames=0 errors=0
DBG_GATEWAY_CH9_RX_CONT_RESULT start=408026 end=408027 ret=-140 fail=0 status=0x00000000 len=0 frames=0
DBG_GATEWAY_CH9_RX_COMMAND_PREEMPT now=408028 rem=500 frames=0
DBG_GATEWAY_CH9_RX_CONT_DONE ret=-140 len=0 fail=0 recover=0
DBG_NC o=0000000000000010 g=00000010 w=00 e=0000003c s=00000005 q=0000>0004 r=00000000 f=00000024 t=00000000 p=00000000 a=00
DBG_NODE_COMM_SUBMIT handle=16 profile=0 token=17039376 deadline=418028
DBG_ENUM_FLOOD kind=1 handle=16
DBG_ENUM_CLAIM_TX epoch=40370319 round=1 ret=0
DBG_NODE_COMM_TX_BEGIN handle=16 profile=0 msg=64 dst=0x0 seq=16
DBG_CONTROL_RX_HANDOFF_READY abort=0
DBG_COORD state=idle owner=c5-flood reason=idle rx=0 tx=0 relay=0 route=0 ack=0 qack=0
DBG_WAKE_TRAIN_GUARD_OK
DBG_DWM_INVALIDATE tag=configure_radio_from_reset active_phy=3 configured=1 awake=1
DBG_DWM_MARK_UNCONFIGURED tag=initialise_radio prev_phy=0
DBG_WAKE_TRAIN_CONFIG_BEGIN
DBG_DWM_INVALIDATE tag=configure_radio_from_reset active_phy=2 configured=1 awake=0
DBG_DWM_MARK_UNCONFIGURED tag=initialise_radio prev_phy=0
DBG_WAKE_TRAIN_CONFIG_OK
DBG_WAKE_TRAIN_FIRST_SEND_BEGIN
DBG_WAKE_TRAIN_FIRST_SEND_OK
DBG_UWB_TX_CH5
DBG_TX_WAKE_CLAIM_SENT
DBG_UWB_TX_CH5
DBG_TX_WAKE_CLAIM_SENT
DBG_UWB_TX_CH5
DBG_TX_WAKE_CLAIM_SENT
DBG_UWB_TX_CH5
DBG_TX_WAKE_CLAIM_SENT
DBG_UWB_TX_CH5
DBG_TX_WAKE_CLAIM_SENT
DBG_UWB_TX_CH5
DBG_TX_WAKE_CLAIM_SENT
DBG_UWB_TX_CH5
DBG_TX_WAKE_CLAIM_SENT
DBG_UWB_TX_CH5
DBG_TX_WAKE_CLAIM_SENT
DBG_UWB_TX_CH5
DBG_TX_WAKE_CLAIM_SENT
DBG_UWB_TX_CH5
DBG_TX_WAKE_CLAIM_SENT
DBG_UWB_TX_CH5
DBG_TX_WAKE_CLAIM_SENT
DBG_UWB_TX_CH5
DBG_TX_WAKE_CLAIM_SENT
DBG_UWB_TX_CH5
DBG_TX_WAKE_CLAIM_SENT
DBG_UWB_TX_CH5
DBG_TX_WAKE_CLAIM_SENT
DBG_UWB_TX_CH5
DBG_TX_WAKE_CLAIM_SENT
DBG_UWB_TX_CH5
DBG_TX_WAKE_CLAIM_SENT
DBG_UWB_TX_CH5
DBG_TX_WAKE_CLAIM_SENT
DBG_UWB_TX_CH5
DBG_TX_WAKE_CLAIM_SENT
DBG_UWB_TX_CH5
DBG_TX_WAKE_CLAIM_SENT
DBG_UWB_TX_CH5
DBG_TX_WAKE_CLAIM_SENT
DBG_UWB_TX_CH5
DBG_TX_WAKE_CLAIM_SENT
DBG_UWB_TX_CH5
DBG_TX_WAKE_CLAIM_SENT
DBG_UWB_TX_CH5
DBG_TX_WAKE_CLAIM_SENT
DBG_UWB_TX_CH5
DBG_TX_WAKE_CLAIM_SENT
DBG_UWB_TX_CH5
DBG_TX_WAKE_CLAIM_SENT
DBG_UWB_TX_CH5
DBG_TX_WAKE_CLAIM_SENT
DBG_UWB_TX_CH5
DBG_TX_WAKE_CLAIM_SENT
DBG_UWB_TX_CH5
DBG_TX_WAKE_CLAIM_SENT
DBG_UWB_TX_CH5
DBG_TX_WAKE_CLAIM_SENT
DBG_UWB_TX_CH5
DBG_TX_WAKE_CLAIM_SENT
DBG_UWB_TX_CH5
DBG_TX_WAKE_CLAIM_SENT
DBG_UWB_TX_CH5
DBG_TX_WAKE_CLAIM_SENT
DBG_UWB_TX_CH5
DBG_TX_WAKE_CLAIM_SENT
DBG_UWB_TX_CH5
DBG_TX_WAKE_CLAIM_SENT
DBG_UWB_TX_CH5
DBG_TX_WAKE_CLAIM_SENT
DBG_UWB_TX_CH5
DBG_TX_WAKE_CLAIM_SENT
DBG_UWB_TX_CH5
DBG_TX_WAKE_CLAIM_SENT
DBG_UWB_TX_CH5
DBG_TX_WAKE_CLAIM_SENT
DBG_UWB_TX_CH5
DBG_TX_WAKE_CLAIM_SENT
DBG_UWB_TX_CH5
DBG_TX_WAKE_CLAIM_SENT
DBG_UWB_TX_CH5
DBG_TX_WAKE_CLAIM_SENT
DBG_UWB_TX_CH5
DBG_TX_WAKE_CLAIM_SENT
DBG_UWB_TX_CH5
DBG_TX_WAKE_CLAIM_SENT
DBG_UWB_TX_CH5
DBG_TX_WAKE_CLAIM_SENT
DBG_UWB_TX_CH5
DBG_TX_WAKE_CLAIM_SENT
DBG_UWB_TX_CH5
DBG_TX_WAKE_CLAIM_SENT
DBG_UWB_TX_CH5
DBG_TX_WAKE_CLAIM_SENT
DBG_UWB_TX_CH5
DBG_TX_WAKE_CLAIM_SENT
DBG_STACK_RUN_BEGIN epoch=16803544993248225624 run=119 kind=ble_backpressure owner=system_workqueue queue=1 custody=1 credit=0 retry=0 drain=1 src=11068027678940948070 dst=11068027678940948070 session=40370320 seq=144 type=86 sequence=0 previous=0 uptime=408507
DBG_STACK_SAMPLE_BEGIN epoch=16803544993248225624 run=119 sample=119 kind=ble_backpressure owner=system_workqueue queue=1 custody=1 credit=0 retry=0 drain=1 src=11068027678940948070 dst=11068027678940948070 session=40370320 seq=144 type=86 uptime=408507
DBG_STACK_ISR_CONFIG size=8192 run=119 sample=119
DBG_STACK name=BT RX WQ tid=0x2000fe18 used=760 free=776 size=1536 ret=0 run=119 sample=119
DBG_STACK name=mesh_route tid=0x2000d560 used=5888 free=2304 size=8192 ret=0 run=119 sample=119
DBG_STACK name=sysworkq tid=0x20010d70 used=2408 free=2072 size=4480 ret=0 run=119 sample=119
DBG_STACK name=MPSL Work tid=0x20010b28 used=440 free=584 size=1024 ret=0 run=119 sample=119
DBG_STACK name=logging tid=0x2000f920 used=480 free=1568 size=2048 ret=0 run=119 sample=119
DBG_STACK name=idle tid=0x20010c00 used=64 free=256 size=320 ret=0 run=119 sample=119
DBG_STACK_SAMPLE_END run=119 sample=119
DBG_STACK_RUN_END epoch=16803544993248225624 run=119 kind=ble_backpressure owner=system_workqueue outcome=ack queue=1 custody=0 credit=1 retry=0 drain=1 src=11068027678940948070 dst=11068027678940948070 session=40370320 seq=144 type=86 samples=1 sequence=0 previous=0 uptime=408528
DBG_UWB_TX_CH5
DBG_TX_WAKE_CLAIM_SENT
DBG_UWB_TX_CH5
DBG_TX_WAKE_CLAIM_SENT
DBG_UWB_TX_CH5
DBG_TX_WAKE_CLAIM_SENT
DBG_UWB_TX_CH5
DBG_TX_WAKE_CLAIM_SENT
DBG_UWB_TX_CH5
DBG_TX_WAKE_CLAIM_SENT
DBG_UWB_TX_CH5
DBG_TX_WAKE_CLAIM_SENT
DBG_UWB_TX_CH5
DBG_TX_WAKE_CLAIM_SENT
DBG_UWB_TX_CH5
DBG_TX_WAKE_CLAIM_SENT
DBG_UWB_TX_CH5
DBG_TX_WAKE_CLAIM_SENT
DBG_UWB_TX_CH5
DBG_TX_WAKE_CLAIM_SENT
DBG_UWB_TX_CH5
DBG_TX_WAKE_CLAIM_SENT
DBG_UWB_TX_CH5
DBG_TX_WAKE_CLAIM_SENT
DBG_UWB_TX_CH5
DBG_TX_WAKE_CLAIM_SENT
DBG_UWB_TX_CH5
DBG_TX_WAKE_CLAIM_SENT
DBG_UWB_TX_CH5
DBG_TX_WAKE_CLAIM_SENT
DBG_UWB_TX_CH5
DBG_TX_WAKE_CLAIM_SENT
DBG_UWB_TX_CH5
DBG_TX_WAKE_CLAIM_SENT
DBG_UWB_TX_CH5
DBG_TX_WAKE_CLAIM_SENT
DBG_UWB_TX_CH5
DBG_TX_WAKE_CLAIM_SENT
DBG_UWB_TX_CH5
DBG_TX_WAKE_CLAIM_SENT
DBG_UWB_TX_CH5
DBG_TX_WAKE_CLAIM_SENT
DBG_UWB_TX_CH5
DBG_TX_WAKE_CLAIM_SENT
DBG_UWB_TX_CH5
DBG_TX_WAKE_CLAIM_SENT
DBG_UWB_TX_CH5
DBG_TX_WAKE_CLAIM_SENT
DBG_UWB_TX_CH5
DBG_TX_WAKE_CLAIM_SENT
DBG_UWB_TX_CH5
DBG_TX_WAKE_CLAIM_SENT
DBG_UWB_TX_CH5
DBG_TX_WAKE_CLAIM_SENT
DBG_UWB_TX_CH5
DBG_TX_WAKE_CLAIM_SENT
DBG_UWB_TX_CH5
DBG_TX_WAKE_CLAIM_SENT
DBG_UWB_TX_CH5
DBG_TX_WAKE_CLAIM_SENT
DBG_UWB_TX_CH5
DBG_TX_WAKE_CLAIM_SENT
DBG_UWB_TX_CH5
DBG_TX_WAKE_CLAIM_SENT
DBG_UWB_TX_CH5
DBG_TX_WAKE_CLAIM_SENT
DBG_UWB_TX_CH5
DBG_TX_WAKE_CLAIM_SENT
DBG_UWB_TX_CH5
DBG_TX_WAKE_CLAIM_SENT
DBG_UWB_TX_CH5
DBG_TX_WAKE_CLAIM_SENT
DBG_UWB_TX_CH5
DBG_TX_WAKE_CLAIM_SENT
DBG_UWB_TX_CH5
DBG_TX_WAKE_CLAIM_SENT
DBG_UWB_TX_CH5
DBG_TX_WAKE_CLAIM_SENT
DBG_UWB_TX_CH5
DBG_TX_WAKE_CLAIM_SENT
DBG_UWB_TX_CH5
DBG_TX_WAKE_CLAIM_SENT
DBG_UWB_TX_CH5
DBG_TX_WAKE_CLAIM_SENT
DBG_UWB_TX_CH5
DBG_TX_WAKE_CLAIM_SENT
DBG_UWB_TX_CH5
DBG_TX_WAKE_CLAIM_SENT
DBG_UWB_TX_CH5
DBG_TX_WAKE_CLAIM_SENT
DBG_UWB_TX_CH5
DBG_TX_WAKE_CLAIM_SENT
DBG_UWB_TX_CH5
DBG_TX_WAKE_CLAIM_SENT
DBG_UWB_TX_CH5
DBG_TX_WAKE_CLAIM_SENT
DBG_UWB_TX_CH5
DBG_TX_WAKE_CLAIM_SENT
DBG_UWB_TX_CH5
DBG_TX_WAKE_CLAIM_SENT
DBG_UWB_TX_CH5
DBG_TX_WAKE_CLAIM_SENT
DBG_UWB_TX_CH5
DBG_TX_WAKE_CLAIM_SENT
DBG_UWB_TX_CH5
DBG_TX_WAKE_CLAIM_SENT
DBG_UWB_TX_CH5
DBG_TX_WAKE_CLAIM_SENT
DBG_UWB_TX_CH5
DBG_TX_WAKE_CLAIM_SENT
DBG_UWB_TX_CH5
DBG_TX_WAKE_CLAIM_SENT
DBG_UWB_TX_CH5
DBG_TX_WAKE_CLAIM_SENT
DBG_UWB_TX_CH5
DBG_TX_WAKE_CLAIM_SENT
DBG_UWB_TX_CH5
DBG_TX_WAKE_CLAIM_SENT
DBG_UWB_TX_CH5
DBG_TX_WAKE_CLAIM_SENT
DBG_UWB_TX_CH5
DBG_TX_WAKE_CLAIM_SENT
DBG_UWB_TX_CH5
DBG_TX_WAKE_CLAIM_SENT
DBG_UWB_TX_CH5
DBG_TX_WAKE_CLAIM_SENT
DBG_UWB_TX_CH5
DBG_TX_WAKE_CLAIM_SENT
DBG_UWB_TX_CH5
DBG_TX_WAKE_CLAIM_SENT
DBG_UWB_TX_CH5
DBG_TX_WAKE_CLAIM_SENT
DBG_UWB_TX_CH5
DBG_TX_WAKE_CLAIM_SENT
DBG_UWB_TX_CH5
DBG_TX_WAKE_CLAIM_SENT
DBG_DWM_INVALIDATE tag=configure_radio_from_reset active_phy=2 configured=1 awake=1
DBG_DWM_MARK_UNCONFIGURED tag=initialise_radio prev_phy=0
DBG_C5_CONTROL_FOLLOWUP_TURNAROUND delay=60 msg=40 reason=node-comm-bounded-control-flood
DBG_DWM_INVALIDATE tag=configure_radio_from_reset active_phy=2 configured=1 awake=0
DBG_DWM_MARK_UNCONFIGURED tag=initialise_radio prev_phy=0
DBG_DWM_INVALIDATE tag=configure_radio_from_reset active_phy=2 configured=1 awake=0
DBG_DWM_MARK_UNCONFIGURED tag=initialise_radio prev_phy=0
DBG_DWM_WAKE_MESH_CTRL_OK sfd=4073
DBG_C5_TX_CONFIG ret=0 ext=1 len=127 msg=40 reason=bounded-c5-flood
DBG_UWB_TX_CH5
DBG_NC o=0000000000000010 g=00000010 w=00 e=00000022 s=00000005 q=0004>0005 r=00000000 f=00000001 t=00000000 p=00000000 a=00
DBG_NC o=0000000000000010 g=00000010 w=00 e=00000042 s=00000005 q=0005>0006 r=00000000 f=00000001 t=00000000 p=00000000 a=00
DBG_NODE_COMM_ATTEMPT handle=16 profile=0 attempt=1 ret=0 rf=1 scheduled=0 state=0
DBG_GATEWAY_RX_START reason=gateway mesh restart active=1 qrx=0 qtx=0 adv_due=0
DBG_ENUM_RF_BEGIN kind=1 handle=16 attempt=1 tries=1
DBG_STACK_RUN_BEGIN epoch=16803544993248225624 run=120 kind=ble_backpressure owner=system_workqueue queue=1 custody=1 credit=0 retry=0 drain=1 src=11068027678940948070 dst=11068027678940948070 session=40370322 seq=146 type=86 sequence=0 previous=0 uptime=409257
DBG_STACK_SAMPLE_BEGIN epoch=16803544993248225624 run=120 sample=120 kind=ble_backpressure owner=system_workqueue queue=1 custody=1 credit=0 retry=0 drain=1 src=11068027678940948070 dst=11068027678940948070 session=40370322 seq=146 type=86 uptime=409257
DBG_STACK_ISR_CONFIG size=8192 run=120 sample=120
DBG_STACK name=BT RX WQ tid=0x2000fe18 used=760 free=776 size=1536 ret=0 run=120 sample=120
DBG_STACK name=mesh_route tid=0x2000d560 used=5888 free=2304 size=8192 ret=0 run=120 sample=120
DBG_STACK name=sysworkq tid=0x20010d70 used=2408 free=2072 size=4480 ret=0 run=120 sample=120
DBG_STACK name=MPSL Work tid=0x20010b28 used=440 free=584 size=1024 ret=0 run=120 sample=120
DBG_STACK name=logging tid=0x2000f920 used=480 free=1568 size=2048 ret=0 run=120 sample=120
DBG_STACK name=idle tid=0x20010c00 used=64 free=256 size=320 ret=0 run=120 sample=120
DBG_STACK_SAMPLE_END run=120 sample=120
DBG_STACK_RUN_END epoch=16803544993248225624 run=120 kind=ble_backpressure owner=system_workqueue outcome=ack queue=1 custody=0 credit=1 retry=0 drain=1 src=11068027678940948070 dst=11068027678940948070 session=40370322 seq=146 type=86 samples=1 sequence=0 previous=0 uptime=409282
DBG_GATEWAY_CH9_RX_CONT_ARM now=409285 rem=500 frames=0 errors=0
DBG_GATEWAY_CH9_RX_CONT_RESULT start=409285 end=409293 ret=-140 fail=0 status=0x02000000 len=0 frames=0
DBG_GATEWAY_CH9_RX_COMMAND_PREEMPT now=409294 rem=500 frames=0
DBG_GATEWAY_CH9_RX_CONT_DONE ret=-140 len=0 fail=0 recover=0
DBG_NC o=0000000000000010 g=00000010 w=00 e=00000023 s=00000005 q=0006>0004 r=00000000 f=00000024 t=00000000 p=00000000 a=00
DBG_NODE_COMM_TX_BEGIN handle=16 profile=0 msg=64 dst=0x0 seq=16
DBG_CONTROL_RX_HANDOFF_READY abort=0
DBG_DWM_MARK_UNCONFIGURED tag=initialise_radio prev_phy=0
DBG_DWM_INVALIDATE tag=configure_radio_from_reset active_phy=2 configured=1 awake=0
DBG_DWM_MARK_UNCONFIGURED tag=initialise_radio prev_phy=0
DBG_DWM_WAKE_MESH_CTRL_OK sfd=4073
DBG_C5_TX_CONFIG ret=0 ext=1 len=127 msg=40 reason=bounded-c5-flood
DBG_UWB_TX_CH5
DBG_NC o=0000000000000010 g=00000010 w=00 e=00000022 s=00000005 q=0004>0005 r=00000000 f=00000001 t=00000000 p=00000000 a=00
DBG_NC o=0000000000000010 g=00000010 w=00 e=00000042 s=00000005 q=0005>0006 r=00000000 f=00000001 t=00000000 p=00000000 a=00
DBG_NODE_COMM_ATTEMPT handle=16 profile=0 attempt=2 ret=0 rf=1 scheduled=0 state=0
DBG_GATEWAY_RX_START reason=gateway mesh restart active=1 qrx=0 qtx=0 adv_due=0
DBG_COORD state=gateway-rx owner=uwb-rx reason=gateway-rx rx=0 tx=0 relay=0 route=0 ack=0 qack=0
DBG_DWM_INVALIDATE tag=configure_radio_from_reset active_phy=4 configured=1 awake=1
DBG_DWM_MARK_UNCONFIGURED tag=initialise_radio prev_phy=0
DBG_GATEWAY_CH9_RX_CONT_ARM now=409377 rem=500 frames=0 errors=0
DBG_GATEWAY_CH9_RX_CONT_RESULT start=409377 end=409390 ret=-140 fail=0 status=0x02000000 len=0 frames=0
DBG_GATEWAY_CH9_RX_COMMAND_PREEMPT now=409390 rem=500 frames=0
DBG_GATEWAY_CH9_RX_CONT_DONE ret=-140 len=0 fail=0 recover=0
DBG_NC o=0000000000000010 g=00000010 w=00 e=00000023 s=00000005 q=0006>0004 r=00000000 f=00000024 t=00000000 p=00000000 a=00
DBG_NODE_COMM_TX_BEGIN handle=16 profile=0 msg=64 dst=0x0 seq=16
DBG_CONTROL_RX_HANDOFF_READY abort=0
DBG_COORD state=idle owner=c5-flood reason=idle rx=0 tx=0 relay=0 route=0 ack=0 qack=0
DBG_DWM_INVALIDATE tag=configure_radio_from_reset active_phy=3 configured=1 awake=1
DBG_DWM_MARK_UNCONFIGURED tag=initialise_radio prev_phy=0
DBG_DWM_INVALIDATE tag=configure_radio_from_reset active_phy=2 configured=1 awake=0
DBG_DWM_MARK_UNCONFIGURED tag=initialise_radio prev_phy=0
DBG_DWM_WAKE_MESH_CTRL_OK sfd=4073
DBG_C5_TX_CONFIG ret=0 ext=1 len=127 msg=40 reason=bounded-c5-flood
DBG_UWB_TX_CH5
DBG_NC o=0000000000000010 g=00000010 w=00 e=00000022 s=00000005 q=0004>0005 r=00000000 f=00000001 t=00000000 p=00000000 a=00
DBG_NC o=0000000000000010 g=00000010 w=00 e=00000042 s=00000005 q=0005>0006 r=00000000 f=00000001 t=00000000 p=00000000 a=00
DBG_NODE_COMM_ATTEMPT handle=16 profile=0 attempt=3 ret=0 rf=1 scheduled=0 state=0
DBG_GATEWAY_RX_START reason=gateway mesh restart active=1 qrx=0 qtx=0 adv_due=0
DBG_COORD state=gateway-rx owner=uwb-rx reason=gateway-rx rx=0 tx=0 relay=0 route=0 ack=0 qack=0
DBG_DWM_INVALIDATE tag=configure_radio_from_reset active_phy=4 configured=1 awake=1
DBG_DWM_MARK_UNCONFIGURED tag=initialise_radio prev_phy=0
DBG_GATEWAY_CH9_RX_CONT_ARM now=409474 rem=500 frames=0 errors=0
DBG_GATEWAY_CH9_RX_CONT_RESULT start=409474 end=409486 ret=-140 fail=0 status=0x02000000 len=0 frames=0
DBG_GATEWAY_CH9_RX_COMMAND_PREEMPT now=409487 rem=500 frames=0
DBG_GATEWAY_CH9_RX_CONT_DONE ret=-140 len=0 fail=0 recover=0
DBG_NC o=0000000000000010 g=00000010 w=00 e=00000023 s=00000005 q=0006>0004 r=00000000 f=00000024 t=00000000 p=00000000 a=00
DBG_NODE_COMM_TX_BEGIN handle=16 profile=0 msg=64 dst=0x0 seq=16
DBG_CONTROL_RX_HANDOFF_READY abort=0
DBG_COORD state=idle owner=c5-flood reason=idle rx=0 tx=0 relay=0 route=0 ack=0 qack=0
DBG_DWM_INVALIDATE tag=configure_radio_from_reset active_phy=3 configured=1 awake=1
DBG_DWM_MARK_UNCONFIGURED tag=initialise_radio prev_phy=0
DBG_DWM_INVALIDATE tag=configure_radio_from_reset active_phy=2 configured=1 awake=0
DBG_DWM_MARK_UNCONFIGURED tag=initialise_radio prev_phy=0
DBG_DWM_WAKE_MESH_CTRL_OK sfd=4073
DBG_C5_TX_CONFIG ret=0 ext=1 len=127 msg=40 reason=bounded-c5-flood
DBG_UWB_TX_CH5
DBG_NC o=0000000000000010 g=00000010 w=00 e=00000022 s=00000005 q=0004>0005 r=00000000 f=00000001 t=00000000 p=00000000 a=00
DBG_NC o=0000000000000010 g=00000010 w=00 e=00000041 s=00000005 q=0005>0008 r=00000000 f=00000026 t=00000000 p=00000001 a=04
DBG_NODE_COMM_ATTEMPT handle=16 profile=0 attempt=4 ret=0 rf=1 scheduled=0 state=0
DBG_GATEWAY_RX_START reason=gateway mesh restart active=1 qrx=0 qtx=0 adv_due=0
DBG_ENUM_RF_RESULT kind=1 handle=16 success=1 reason=0 tries=4
DBG_COORD state=gateway-rx owner=uwb-rx reason=gateway-rx rx=0 tx=0 relay=0 route=0 ack=0 qack=0
DBG_DWM_INVALIDATE tag=configure_radio_from_reset active_phy=4 configured=1 awake=1
DBG_DWM_MARK_UNCONFIGURED tag=initialise_radio prev_phy=0
DBG_GATEWAY_CH9_RX_CONT_ARM now=409571 rem=500 frames=0 errors=0
DBG_GATEWAY_CH9_RX_CONT_RESULT start=409571 end=409893 ret=0 fail=0 status=0x02006f00 len=97 frames=0
DBG_UWB_RX_CH9
DBG_GATEWAY_CH9_RX_RELEASE_IDLE
DBG_GATEWAY_RX_DECODE ch=9 msg=0x41 src=0x191a9619c6c8cb07 dst=0x9999888877776666 prev=0x191a9619c6c8cb07 seq=16 flags=0x14 pl
DBG_UWB_RX_CH9
DBG_MESH_RX_QUEUED ch=9 msg=0x41 src=0x191a9619c6c8cb07 dst=0x9999888877776666 prev=0x191a9619c6c8cb07 seq=16 q=1
DBG_MESH_RX_DIRECT_WAIT q=1 reason=gateway-ch9-continuous-rx
DBG_MESH_RX_DIRECT_ENTER q=1 reason=gateway-ch9-continuous-rx
DBG_MESH_RX_DRAIN_ENTER owner=gateway-ch9-continuous-rx q=1
DBG_ENUM_ADAPTIVE_DEADLINE stage=0 observed_hop=1 next_hop=2 wait=4678 deadline=414576
DBG_ENUM_CLAIM_RX epoch=40370319 anchor=0x191a9619c6c8cb07 hop=1 responders=1 roster=1 retained=0
DBG_STACK_RUN_BEGIN epoch=16803544993248225624 run=121 kind=ble_backpressure owner=system_workqueue queue=1 custody=1 credit=0 retry=0 drain=1 src=11068027678940948070 dst=11068027678940948070 session=40370323 seq=147 type=86 sequence=0 previous=0 uptime=409900
DBG_STACK_SAMPLE_BEGIN epoch=16803544993248225624 run=121 sample=121 kind=ble_backpressure owner=system_workqueue queue=1 custody=1 credit=0 retry=0 drain=1 src=11068027678940948070 dst=11068027678940948070 session=40370323 seq=147 type=86 uptime=409905
DBG_STACK_ISR_CONFIG size=8192 run=121 sample=121
DBG_STACK name=BT RX WQ tid=0x2000fe18 used=760 free=776 size=1536 ret=0 run=121 sample=121
DBG_STACK name=mesh_route tid=0x2000d560 used=5888 free=2304 size=8192 ret=0 run=121 sample=121
DBG_STACK name=sysworkq tid=0x20010d70 used=2408 free=2072 size=4480 ret=0 run=121 sample=121
DBG_STACK name=MPSL Work tid=0x20010b28 used=440 free=584 size=1024 ret=0 run=121 sample=121
DBG_STACK name=logging tid=0x2000f920 used=480 free=1568 size=2048 ret=0 run=121 sample=121
DBG_STACK name=idle tid=0x20010c00 used=64 free=256 size=320 ret=0 run=121 sample=121
DBG_STACK_SAMPLE_END run=121 sample=121
DBG_STACK_RUN_END epoch=16803544993248225624 run=121 kind=ble_backpressure owner=system_workqueue outcome=ack queue=1 custody=0 credit=1 retry=0 drain=1 src=11068027678940948070 dst=11068027678940948070 session=40370323 seq=147 type=86 samples=1 sequence=0 previous=0 uptime=409930
DBG_GATEWAY_CH9_RX_RELEASE_IDLE
DBG_UWB_RX_CH9
DBG_GATEWAY_ACK_GUARD ms=10 seq=77 owner=control
DBG_COORD state=idle owner=gateway-ack-immediate-channel9 reason=idle rx=0 tx=0 relay=0 route=0 ack=0 qack=0
DBG_CH9_TX_CONFIG ret=0 now=409945 earliest=0 msg=32
DBG_CH9_TX_SEND_AT now=409945 earliest=0 msg=32 len=105
DBG_CH9_TX_RELEASE_IDLE msg=32 seq=77 reason=gateway-ack-immediate-channel9 ret=0
DBG_UWB_TX_CH9
DBG_GATEWAY_ACK_TX_LED
DBG_GATEWAY_RX_REARM_DEFER delay=0 ret=1 active=1
DBG_GATEWAY_CH9_RX_CONT_RESULT start=409950 end=410046 ret=-116 fail=0 status=0x00000000 len=0 frames=2
DBG_MESH_RX_WORK_WAIT q=0
DBG_MESH_RX_WORK_ENTER q=0
DBG_MESH_RX_DRAIN_ENTER owner=work q=0
DBG_MESH_RX_DRAIN_EXIT owner=work handled=0 q=0
DBG_MESH_RX_WORK_EXIT handled=0 q=0
DBG_GATEWAY_RX_REARM_RUN delay=0 ret=1 active=1
DBG_COORD state=gateway-rx owner=uwb-rx reason=gateway-rx rx=0 tx=0 relay=0 route=0 ack=0 qack=0
DBG_GATEWAY_CH9_RX_CONT_ARM now=410047 rem=500 frames=0 errors=0
DBG_GATEWAY_CH9_RX_CONT_RESULT start=410047 end=410279 ret=0 fail=0 status=0x00006f00 len=97 frames=0
DBG_UWB_RX_CH9
DBG_GATEWAY_CH9_RX_RELEASE_IDLE
DBG_GATEWAY_RX_DECODE ch=9 msg=0x41 src=0x708bc0aab970300e dst=0x9999888877776666 prev=0x708bc0aab970300e seq=16 flags=0x14 pl
DBG_UWB_RX_CH9
DBG_MESH_RX_QUEUED ch=9 msg=0x41 src=0x708bc0aab970300e dst=0x9999888877776666 prev=0x708bc0aab970300e seq=16 q=1
DBG_MESH_RX_DIRECT_WAIT q=1 reason=gateway-ch9-continuous-rx
DBG_MESH_RX_DIRECT_ENTER q=1 reason=gateway-ch9-continuous-rx
DBG_MESH_RX_DRAIN_ENTER owner=gateway-ch9-continuous-rx q=1
DBG_ENUM_ADAPTIVE_DEADLINE stage=0 observed_hop=1 next_hop=2 wait=4678 deadline=414962
DBG_ENUM_CLAIM_RX epoch=40370319 anchor=0x708bc0aab970300e hop=1 responders=2 roster=2 retained=0
DBG_GATEWAY_ACK_INPUT type=65 src=0x708bc0aab970300e dst=0x9999888877776666 rxseq=16 ackseq=78 len=36 flags=0x14 meta=0
DBG_GATEWAY_ACK_GUARD ms=10 seq=78 owner=control
DBG_COORD state=idle owner=gateway-ack-immediate-channel9 reason=idle rx=0 tx=0 relay=0 route=0 ack=0 qack=0
DBG_CH9_TX_CONFIG ret=0 now=410297 earliest=0 msg=32
DBG_CH9_TX_SEND_AT now=410297 earliest=0 msg=32 len=105
DBG_CH9_TX_RELEASE_IDLE msg=32 seq=78 reason=gateway-ack-immediate-channel9 ret=0
DBG_UWB_TX_CH9
DBG_GATEWAY_ACK_TX_LED
DBG_GATEWAY_CH9_RX_CONT_RESULT start=410302 end=410314 ret=0 fail=0 status=0x00006f00 len=105 frames=1
DBG_UWB_RX_CH9
DBG_GATEWAY_CH9_RX_RELEASE_IDLE
DBG_GATEWAY_RX_DECODE ch=9 msg=0x33 src=0x708bc0aab970300e dst=0x9999888877776666 prev=0x708bc0aab970300e seq=16 flags=0x04 pl
DBG_UWB_RX_CH9
DBG_MESH_RX_QUEUED ch=9 msg=0x33 src=0x708bc0aab970300e dst=0x9999888877776666 prev=0x708bc0aab970300e seq=16 q=1
DBG_COORD state=gateway-rx owner=gateway-ch9-continuous-rx reason=gateway-rx rx=1 tx=0 relay=0 route=0 ack=0 qack=0
DBG_MESH_RX_DIRECT_WAIT q=1 reason=gateway-ch9-continuous-rx
DBG_MESH_RX_DIRECT_ENTER q=1 reason=gateway-ch9-continuous-rx
DBG_GATEWAY_ACK_INPUT type=51 src=0x708bc0aab970300e dst=0x9999888877776666 rxseq=16 ackseq=79 len=44 flags=0x04 meta=0
DBG_GATEWAY_ACK_GUARD ms=10 seq=79 owner=control
DBG_COORD state=idle owner=gateway-ack-immediate-channel9 reason=idle rx=0 tx=0 relay=0 route=0 ack=0 qack=0
DBG_CH9_TX_CONFIG ret=0 now=410329 earliest=0 msg=32
DBG_CH9_TX_RELEASE_IDLE msg=32 seq=79 reason=gateway-ack-immediate-channel9 ret=0
DBG_UWB_TX_CH9
DBG_GATEWAY_ACK_TX_LED
DBG_GATEWAY_RX_REARM_DEFER delay=0 ret=1 active=1
DBG_GATEWAY_RX_START reason=gateway mesh restart active=1 qrx=0 qtx=0 adv_due=0
DBG_GATEWAY_ACK_SEND ret=0 seq=79 dst=0x708bc0aab970300e next=0x708bc0aab970300e
DBG_MESH_RX_DRAIN_EXIT owner=gateway-ch9-continuous-rx handled=1 q=0
DBG_MESH_RX_DIRECT_EXIT handled=1 q=0 reason=gateway-ch9-continuous-rx
DBG_GATEWAY_CH9_RX_CONT_ARM now=410334 rem=213 frames=2 errors=0
DBG_STACK_RUN_BEGIN epoch=16803544993248225624 run=122 kind=ble_backpressure owner=system_workqueue queue=1 custody=1 credit=0 retry=0 drain=1 src=11068027678940948070 dst=11068027678940948070 session=40370324 seq=148 type=86 sequence=0 previous=0 uptime=410442
DBG_STACK_SAMPLE_BEGIN epoch=16803544993248225624 run=122 sample=122 kind=ble_backpressure owner=system_workqueue queue=1 custody=1 credit=0 retry=0 drain=1 src=11068027678940948070 dst=11068027678940948070 session=40370324 seq=148 type=86 uptime=410442
DBG_STACK_ISR_CONFIG size=8192 run=122 sample=122
DBG_STACK name=BT RX WQ tid=0x2000fe18 used=760 free=776 size=1536 ret=0 run=122 sample=122
DBG_STACK name=mesh_route tid=0x2000d560 used=5888 free=2304 size=8192 ret=0 run=122 sample=122
DBG_STACK name=sysworkq tid=0x20010d70 used=2408 free=2072 size=4480 ret=0 run=122 sample=122
DBG_STACK name=MPSL Work tid=0x20010b28 used=440 free=584 size=1024 ret=0 run=122 sample=122
DBG_STACK name=logging tid=0x2000f920 used=480 free=1568 size=2048 ret=0 run=122 sample=122
DBG_STACK name=idle tid=0x20010c00 used=64 free=256 size=320 ret=0 run=122 sample=122
DBG_STACK_SAMPLE_END run=122 sample=122
DBG_STACK_RUN_END epoch=16803544993248225624 run=122 kind=ble_backpressure owner=system_workqueue outcome=ack queue=1 custody=0 credit=1 retry=0 drain=1 src=11068027678940948070 dst=11068027678940948070 session=40370324 seq=148 type=86 samples=1 sequence=0 previous=0 uptime=410466
DBG_GATEWAY_CH9_RX_CONT_RESULT start=410334 end=410548 ret=-116 fail=0 status=0x00000000 len=0 frames=2
DBG_MESH_RX_WORK_WAIT q=0
DBG_MESH_RX_WORK_ENTER q=0
DBG_MESH_RX_DRAIN_ENTER owner=work q=0
DBG_MESH_RX_DRAIN_EXIT owner=work handled=0 q=0
DBG_MESH_RX_WORK_EXIT handled=0 q=0
DBG_GATEWAY_RX_REARM_RUN delay=0 ret=1 active=1
DBG_COORD state=gateway-rx owner=uwb-rx reason=gateway-rx rx=0 tx=0 relay=0 route=0 ack=0 qack=0
DBG_GATEWAY_CH9_RX_CONT_ARM now=410549 rem=500 frames=0 errors=0
DBG_GATEWAY_CH9_RX_CONT_RESULT start=410549 end=410601 ret=0 fail=0 status=0x00006f00 len=97 frames=0
DBG_UWB_RX_CH9
DBG_GATEWAY_CH9_RX_RELEASE_IDLE
DBG_GATEWAY_RX_DECODE ch=9 msg=0x41 src=0x56da25fe4af6d141 dst=0x9999888877776666 prev=0x56da25fe4af6d141 seq=16 flags=0x14 pl
DBG_UWB_RX_CH9
DBG_MESH_RX_QUEUED ch=9 msg=0x41 src=0x56da25fe4af6d141 dst=0x9999888877776666 prev=0x56da25fe4af6d141 seq=16 q=1
DBG_MESH_RX_DIRECT_WAIT q=1 reason=gateway-ch9-continuous-rx
DBG_MESH_RX_DIRECT_ENTER q=1 reason=gateway-ch9-continuous-rx
DBG_MESH_RX_DRAIN_ENTER owner=gateway-ch9-continuous-rx q=1
DBG_ENUM_ADAPTIVE_DEADLINE stage=0 observed_hop=1 next_hop=2 wait=4678 deadline=415284
DBG_ENUM_CONFIRM ret=1
DBG_ENUM_CLAIM_RX epoch=40370319 anchor=0x56da25fe4af6d141 hop=1 responders=3 roster=3 retained=0
DBG_GATEWAY_ACK_INPUT type=65 src=0x56da25fe4af6d141 dst=0x9999888877776666 rxseq=16 ackseq=80 len=36 flags=0x14 meta=0
DBG_GATEWAY_ACK_GUARD ms=10 seq=80 owner=control
DBG_COORD state=idle owner=gateway-ack-immediate-channel9 reason=idle rx=0 tx=0 relay=0 route=0 ack=0 qack=0
DBG_CH9_TX_CONFIG ret=0 now=410619 earliest=0 msg=32
DBG_UWB_TX_CH9
DBG_GATEWAY_ACK_TX_LED
DBG_GATEWAY_CH9_RX_CONT_RESULT start=410624 end=410636 ret=0 fail=0 status=0x00006f00 len=105 frames=1
DBG_UWB_RX_CH9
DBG_GATEWAY_CH9_RX_RELEASE_IDLE
DBG_GATEWAY_RX_DECODE ch=9 msg=0x33 src=0x56da25fe4af6d141 dst=0x9999888877776666 prev=0x56da25fe4af6d141 seq=16 flags=0x04 pl
DBG_UWB_RX_CH9
DBG_MESH_RX_QUEUED ch=9 msg=0x33 src=0x56da25fe4af6d141 dst=0x9999888877776666 prev=0x56da25fe4af6d141 seq=16 q=1
DBG_COORD state=gateway-rx owner=gateway-ch9-continuous-rx reason=gateway-rx rx=1 tx=0 relay=0 route=0 ack=0 qack=0
DBG_MESH_RX_DIRECT_WAIT q=1 reason=gateway-ch9-continuous-rx
DBG_MESH_RX_DIRECT_ENTER q=1 reason=gateway-ch9-continuous-rx
DBG_MESH_RX_DRAIN_ENTER owner=gateway-ch9-continuous-rx q=1
DBG_GATEWAY_ACK_INPUT type=51 src=0x56da25fe4af6d141 dst=0x9999888877776666 rxseq=16 ackseq=81 len=44 flags=0x04 meta=0
DBG_GATEWAY_ACK_GUARD ms=10 seq=81 owner=control
DBG_COORD state=idle owner=gateway-ack-immediate-channel9 reason=idle rx=0 tx=0 relay=0 route=0 ack=0 qack=0
DBG_CH9_TX_CONFIG ret=0 now=410651 earliest=0 msg=32
DBG_CH9_TX_SEND_AT now=410651 earliest=0 msg=32 len=105
DBG_UWB_TX_CH9
DBG_GATEWAY_ACK_TX_LED
DBG_GATEWAY_CH9_RX_CONT_RESULT start=410656 end=411050 ret=-116 fail=0 status=0x00000000 len=0 frames=2
DBG_MESH_RX_WORK_WAIT q=0
DBG_MESH_RX_WORK_ENTER q=0
DBG_MESH_RX_DRAIN_ENTER owner=work q=0
DBG_MESH_RX_DRAIN_EXIT owner=work handled=0 q=0
DBG_MESH_RX_WORK_EXIT handled=0 q=0
DBG_GATEWAY_COMMAND_PRIORITY_SUBMIT ret=0 now=411051
DBG_GATEWAY_RX_REARM_RUN delay=0 ret=1 active=1
DBG_COORD state=gateway-rx owner=uwb-rx reason=gateway-rx rx=0 tx=0 relay=0 route=0 ack=0 qack=0
DBG_GATEWAY_CH9_RX_CONT_ARM now=411052 rem=500 frames=0 errors=0
DBG_GATEWAY_CH9_RX_CONT_RESULT start=411052 end=411053 ret=-140 fail=0 status=0x00000000 len=0 frames=0
DBG_GATEWAY_CH9_RX_COMMAND_PREEMPT now=411053 rem=500 frames=0
DBG_GATEWAY_CH9_RX_CONT_DONE ret=-140 len=0 fail=0 recover=0
DBG_NC o=0000000000000011 g=00000011 w=00 e=0000003c s=00000005 q=0000>0004 r=00000000 f=00000024 t=00000000 p=00000000 a=00
DBG_NODE_COMM_SUBMIT handle=17 profile=6 token=17039377 deadline=421056
DBG_ENUM_FLOOD kind=2 handle=17
DBG_STACK_RUN_BEGIN epoch=16803544993248225624 run=123 kind=ble_backpressure owner=system_workqueue queue=1 custody=1 credit=0 retry=0 drain=1 src=11068027678940948070 dst=11068027678940948070 session=40370325 seq=149 type=86 sequence=0 previous=0 uptime=411072
DBG_STACK_SAMPLE_BEGIN epoch=16803544993248225624 run=123 sample=123 kind=ble_backpressure owner=system_workqueue queue=1 custody=1 credit=0 retry=0 drain=1 src=11068027678940948070 dst=11068027678940948070 session=40370325 seq=149 type=86 uptime=411072
DBG_STACK_ISR_CONFIG size=8192 run=123 sample=123
DBG_STACK name=BT RX WQ tid=0x2000fe18 used=760 free=776 size=1536 ret=0 run=123 sample=123
DBG_STACK name=mesh_route tid=0x2000d560 used=5888 free=2304 size=8192 ret=0 run=123 sample=123
DBG_STACK name=sysworkq tid=0x20010d70 used=2408 free=2072 size=4480 ret=0 run=123 sample=123
DBG_STACK name=MPSL Work tid=0x20010b28 used=440 free=584 size=1024 ret=0 run=123 sample=123
DBG_STACK name=logging tid=0x2000f920 used=480 free=1568 size=2048 ret=0 run=123 sample=123
DBG_STACK name=idle tid=0x20010c00 used=64 free=256 size=320 ret=0 run=123 sample=123
DBG_STACK_SAMPLE_END run=123 sample=123
DBG_STACK_RUN_END epoch=16803544993248225624 run=123 kind=ble_backpressure owner=system_workqueue outcome=ack queue=1 custody=0 credit=1 retry=0 drain=1 src=11068027678940948070 dst=11068027678940948070 session=40370325 seq=149 type=86 samples=1 sequence=0 previous=0 uptime=411095
DBG_DWM_MARK_UNCONFIGURED tag=initialise_radio prev_phy=0
DBG_DWM_WAKE_MESH_CTRL_OK sfd=4073
DBG_C5_TX_CONFIG ret=0 ext=1 len=187 msg=40 reason=bounded-c5-flood
DBG_UWB_TX_CH5
DBG_NC o=0000000000000011 g=00000011 w=00 e=00000022 s=00000005 q=0004>0005 r=00000000 f=00000001 t=00000000 p=00000000 a=00
DBG_NC o=0000000000000011 g=00000011 w=00 e=00000041 s=00000005 q=0005>0008 r=00000000 f=00000026 t=00000000 p=00000001 a=01
DBG_NODE_COMM_ATTEMPT handle=17 profile=6 attempt=1 ret=0 rf=1 scheduled=0 state=0
DBG_GATEWAY_RX_START reason=gateway mesh restart active=1 qrx=0 qtx=0 adv_due=0
DBG_ENUM_RF_RESULT kind=2 handle=17 success=1 reason=0 tries=1
DBG_COORD state=gateway-rx owner=uwb-rx reason=gateway-rx rx=0 tx=0 relay=0 route=0 ack=0 qack=0
DBG_DWM_INVALIDATE tag=configure_radio_from_reset active_phy=4 configured=1 awake=1
DBG_DWM_MARK_UNCONFIGURED tag=initialise_radio prev_phy=0
DBG_GATEWAY_CH9_RX_CONT_ARM now=411145 rem=500 frames=0 errors=0
DBG_GATEWAY_CH9_RX_CONT_RESULT start=411145 end=411347 ret=0 fail=0 status=0x02006f00 len=131 frames=0
DBG_UWB_RX_CH9
DBG_GATEWAY_CH9_RX_RELEASE_IDLE
DBG_GATEWAY_RX_DECODE ch=9 msg=0x41 src=0x708bc0aab970300e dst=0x9999888877776666 prev=0x708bc0aab970300e seq=17 flags=0x14 pl
DBG_UWB_RX_CH9
DBG_MESH_RX_QUEUED ch=9 msg=0x41 src=0x708bc0aab970300e dst=0x9999888877776666 prev=0x708bc0aab970300e seq=17 q=1
DBG_MESH_RX_DIRECT_WAIT q=1 reason=gateway-ch9-continuous-rx
DBG_MESH_RX_DIRECT_ENTER q=1 reason=gateway-ch9-continuous-rx
DBG_MESH_RX_DRAIN_ENTER owner=gateway-ch9-continuous-rx q=1
DBG_ENUM_ADAPTIVE_DEADLINE stage=1 observed_hop=1 next_hop=2 wait=4695 deadline=416046
DBG_DISCOVERY_SLOT_ACK_RX epoch=40370319 anchor=0x708bc0aab970300e hop=1 acked=1 missing=2
DBG_GATEWAY_ACK_INPUT type=65 src=0x708bc0aab970300e dst=0x9999888877776666 rxseq=17 ackseq=82 len=70 flags=0x14 meta=0
DBG_GATEWAY_ACK_GUARD ms=10 seq=82 owner=control
DBG_COORD state=idle owner=gateway-ack-immediate-channel9 reason=idle rx=0 tx=0 relay=0 route=0 ack=0 qack=0
DBG_CH9_TX_CONFIG ret=0 now=411364 earliest=0 msg=32
DBG_UWB_TX_CH9
DBG_GATEWAY_ACK_TX_LED
DBG_GATEWAY_RX_REARM_DEFER delay=0 ret=1 active=1
DBG_GATEWAY_RX_START reason=gateway mesh restart active=1 qrx=0 qtx=0 adv_due=0
DBG_GATEWAY_ACK_SEND ret=0 seq=82 dst=0x708bc0aab970300e next=0x708bc0aab970300e
DBG_MESH_RX_DRAIN_EXIT owner=gateway-ch9-continuous-rx handled=1 q=0
DBG_MESH_RX_DIRECT_EXIT handled=1 q=0 reason=gateway-ch9-continuous-rx
DBG_GATEWAY_CH9_RX_CONT_ARM now=411369 rem=250 frames=1 errors=0
DBG_GATEWAY_CH9_RX_CONT_RESULT start=411369 end=411382 ret=0 fail=0 status=0x00006f00 len=105 frames=1
DBG_UWB_RX_CH9
DBG_GATEWAY_CH9_RX_RELEASE_IDLE
DBG_GATEWAY_RX_DECODE ch=9 msg=0x33 src=0x708bc0aab970300e dst=0x9999888877776666 prev=0x708bc0aab970300e seq=17 flags=0x04 pl
DBG_UWB_RX_CH9
DBG_MESH_RX_QUEUED ch=9 msg=0x33 src=0x708bc0aab970300e dst=0x9999888877776666 prev=0x708bc0aab970300e seq=17 q=1
DBG_COORD state=gateway-rx owner=gateway-ch9-continuous-rx reason=gateway-rx rx=1 tx=0 relay=0 route=0 ack=0 qack=0
DBG_MESH_RX_DIRECT_WAIT q=1 reason=gateway-ch9-continuous-rx
DBG_ENUM_CONFIRM ret=1
DBG_COORD state=idle owner=gateway-ack-immediate-channel9 reason=idle rx=0 tx=0 relay=0 route=0 ack=0 qack=0
DBG_CH9_TX_CONFIG ret=0 now=411398 earliest=0 msg=32
DBG_CH9_TX_SEND_AT now=411398 earliest=0 msg=32 len=105
DBG_CH9_TX_RELEASE_IDLE msg=32 seq=83 reason=gateway-ack-immediate-channel9 ret=0
DBG_UWB_TX_CH9
DBG_GATEWAY_ACK_TX_LED
DBG_GATEWAY_RX_REARM_DEFER delay=0 ret=1 active=1
DBG_STACK_RUN_BEGIN epoch=16803544993248225624 run=124 kind=ble_backpressure owner=system_workqueue queue=1 custody=1 credit=0 retry=0 drain=1 src=11068027678940948070 dst=11068027678940948070 session=40370328 seq=152 type=86 sequence=0 previous=0 uptime=411522
DBG_STACK_SAMPLE_BEGIN epoch=16803544993248225624 run=124 sample=124 kind=ble_backpressure owner=system_workqueue queue=1 custody=1 credit=0 retry=0 drain=1 src=11068027678940948070 dst=11068027678940948070 session=40370328 seq=152 type=86 uptime=411522
DBG_STACK_ISR_CONFIG size=8192 run=124 sample=124
DBG_STACK name=BT RX WQ tid=0x2000fe18 used=760 free=776 size=1536 ret=0 run=124 sample=124
DBG_STACK name=mesh_route tid=0x2000d560 used=5888 free=2304 size=8192 ret=0 run=124 sample=124
DBG_STACK name=sysworkq tid=0x20010d70 used=2408 free=2072 size=4480 ret=0 run=124 sample=124
DBG_STACK name=MPSL Work tid=0x20010b28 used=440 free=584 size=1024 ret=0 run=124 sample=124
DBG_STACK name=logging tid=0x2000f920 used=480 free=1568 size=2048 ret=0 run=124 sample=124
DBG_STACK name=idle tid=0x20010c00 used=64 free=256 size=320 ret=0 run=124 sample=124
DBG_STACK_SAMPLE_END run=124 sample=124
DBG_STACK_RUN_END epoch=16803544993248225624 run=124 kind=ble_backpressure owner=system_workqueue outcome=ack queue=1 custody=0 credit=1 retry=0 drain=1 src=11068027678940948070 dst=11068027678940948070 session=40370328 seq=152 type=86 samples=1 sequence=0 previous=0 uptime=411547
DBG_GATEWAY_CH9_RX_CONT_RESULT start=411403 end=411620 ret=-116 fail=0 status=0x00000000 len=0 frames=2
DBG_MESH_RX_WORK_WAIT q=0
DBG_MESH_RX_WORK_ENTER q=0
DBG_MESH_RX_DRAIN_ENTER owner=work q=0
DBG_MESH_RX_DRAIN_EXIT owner=work handled=0 q=0
DBG_MESH_RX_WORK_EXIT handled=0 q=0
DBG_GATEWAY_RX_REARM_RUN delay=0 ret=1 active=1
DBG_COORD state=gateway-rx owner=uwb-rx reason=gateway-rx rx=0 tx=0 relay=0 route=0 ack=0 qack=0
DBG_GATEWAY_CH9_RX_CONT_ARM now=411621 rem=500 frames=0 errors=0
DBG_GATEWAY_CH9_RX_CONT_RESULT start=411621 end=411864 ret=0 fail=0 status=0x00006f00 len=131 frames=0
DBG_UWB_RX_CH9
DBG_GATEWAY_CH9_RX_RELEASE_IDLE
DBG_GATEWAY_RX_DECODE ch=9 msg=0x41 src=0x56da25fe4af6d141 dst=0x9999888877776666 prev=0x56da25fe4af6d141 seq=17 flags=0x14 pl
DBG_UWB_RX_CH9
DBG_MESH_RX_QUEUED ch=9 msg=0x41 src=0x56da25fe4af6d141 dst=0x9999888877776666 prev=0x56da25fe4af6d141 seq=17 q=1
DBG_MESH_RX_DIRECT_WAIT q=1 reason=gateway-ch9-continuous-rx
DBG_MESH_RX_DIRECT_ENTER q=1 reason=gateway-ch9-continuous-rx
DBG_MESH_RX_DRAIN_ENTER owner=gateway-ch9-continuous-rx q=1
DBG_ENUM_ADAPTIVE_DEADLINE stage=1 observed_hop=1 next_hop=2 wait=4694 deadline=416562
DBG_DISCOVERY_SLOT_ACK_RX epoch=40370319 anchor=0x56da25fe4af6d141 hop=1 acked=2 missing=1
DBG_GATEWAY_ACK_INPUT type=65 src=0x56da25fe4af6d141 dst=0x9999888877776666 rxseq=17 ackseq=84 len=70 flags=0x14 meta=0
DBG_GATEWAY_ACK_GUARD ms=10 seq=84 owner=control
DBG_COORD state=idle owner=gateway-ack-immediate-channel9 reason=idle rx=0 tx=0 relay=0 route=0 ack=0 qack=0
DBG_CH9_TX_CONFIG ret=0 now=411881 earliest=0 msg=32
DBG_UWB_TX_CH9
DBG_GATEWAY_ACK_TX_LED
DBG_GATEWAY_CH9_RX_CONT_RESULT start=411886 end=411899 ret=0 fail=0 status=0x00006f00 len=105 frames=1
DBG_UWB_RX_CH9
DBG_GATEWAY_CH9_RX_RELEASE_IDLE
DBG_GATEWAY_RX_DECODE ch=9 msg=0x33 src=0x56da25fe4af6d141 dst=0x9999888877776666 prev=0x56da25fe4af6d141 seq=17 flags=0x04 pl
DBG_UWB_RX_CH9
DBG_MESH_RX_QUEUED ch=9 msg=0x33 src=0x56da25fe4af6d141 dst=0x9999888877776666 prev=0x56da25fe4af6d141 seq=17 q=1
DBG_COORD state=gateway-rx owner=gateway-ch9-continuous-rx reason=gateway-rx rx=1 tx=0 relay=0 route=0 ack=0 qack=0
DBG_MESH_RX_DIRECT_WAIT q=1 reason=gateway-ch9-continuous-rx
DBG_MESH_RX_DIRECT_ENTER q=1 reason=gateway-ch9-continuous-rx
DBG_MESH_RX_DRAIN_ENTER owner=gateway-ch9-continuous-rx q=1
DBG_ENUM_ADAPTIVE_DEADLINE stage=1 observed_hop=1 next_hop=2 wait=4700 deadline=416602
DBG_ENUM_CONFIRM ret=1
DBG_GATEWAY_ACK_INPUT type=51 src=0x56da25fe4af6d141 dst=0x9999888877776666 rxseq=17 ackseq=85 len=44 flags=0x04 meta=0
DBG_GATEWAY_ACK_GUARD ms=10 seq=85 owner=control
DBG_UWB_TX_CH9
DBG_GATEWAY_ACK_TX_LED
DBG_GATEWAY_ACK_SEND ret=0 seq=85 dst=0x56da25fe4af6d141 next=0x56da25fe4af6d141
DBG_MESH_RX_DRAIN_EXIT owner=gateway-ch9-continuous-rx handled=1 q=0
DBG_MESH_RX_DIRECT_EXIT handled=1 q=0 reason=gateway-ch9-continuous-rx
DBG_GATEWAY_CH9_RX_CONT_ARM now=411920 rem=201 frames=2 errors=0
DBG_STACK_RUN_BEGIN epoch=16803544993248225624 run=125 kind=ble_backpressure owner=system_workqueue queue=1 custody=1 credit=0 retry=0 drain=1 src=11068027678940948070 dst=11068027678940948070 session=40370329 seq=153 type=86 sequence=0 previous=0 uptime=411972
DBG_STACK_SAMPLE_BEGIN epoch=16803544993248225624 run=125 sample=125 kind=ble_backpressure owner=system_workqueue queue=1 custody=1 credit=0 retry=0 drain=1 src=11068027678940948070 dst=11068027678940948070 session=40370329 seq=153 type=86 uptime=411972
DBG_STACK_ISR_CONFIG size=8192 run=125 sample=125
DBG_STACK name=BT RX WQ tid=0x2000fe18 used=760 free=776 size=1536 ret=0 run=125 sample=125
DBG_STACK name=mesh_route tid=0x2000d560 used=5888 free=2304 size=8192 ret=0 run=125 sample=125
DBG_STACK name=sysworkq tid=0x20010d70 used=2408 free=2072 size=4480 ret=0 run=125 sample=125
DBG_STACK name=MPSL Work tid=0x20010b28 used=440 free=584 size=1024 ret=0 run=125 sample=125
DBG_STACK name=logging tid=0x2000f920 used=480 free=1568 size=2048 ret=0 run=125 sample=125
DBG_STACK name=idle tid=0x20010c00 used=64 free=256 size=320 ret=0 run=125 sample=125
DBG_STACK_SAMPLE_END run=125 sample=125
DBG_STACK_RUN_END epoch=16803544993248225624 run=125 kind=ble_backpressure owner=system_workqueue outcome=ack queue=1 custody=0 credit=1 retry=0 drain=1 src=11068027678940948070 dst=11068027678940948070 session=40370329 seq=153 type=86 samples=1 sequence=0 previous=0 uptime=411993
DBG_GATEWAY_CH9_RX_CONT_RESULT start=411920 end=412121 ret=-116 fail=0 status=0x00000000 len=0 frames=2
DBG_MESH_RX_WORK_WAIT q=0
DBG_MESH_RX_WORK_ENTER q=0
DBG_MESH_RX_DRAIN_ENTER owner=work q=0
DBG_MESH_RX_DRAIN_EXIT owner=work handled=0 q=0
DBG_MESH_RX_WORK_EXIT handled=0 q=0
DBG_GATEWAY_RX_REARM_RUN delay=0 ret=1 active=1
DBG_COORD state=gateway-rx owner=uwb-rx reason=gateway-rx rx=0 tx=0 relay=0 route=0 ack=0 qack=0
DBG_GATEWAY_CH9_RX_CONT_ARM now=412122 rem=500 frames=0 errors=0
DBG_GATEWAY_CH9_RX_CONT_RESULT start=412122 end=412598 ret=0 fail=0 status=0x00006f00 len=131 frames=0
DBG_UWB_RX_CH9
DBG_GATEWAY_CH9_RX_RELEASE_IDLE
DBG_GATEWAY_RX_DECODE ch=9 msg=0x41 src=0x191a9619c6c8cb07 dst=0x9999888877776666 prev=0x191a9619c6c8cb07 seq=17 flags=0x14 pl
DBG_UWB_RX_CH9
DBG_MESH_RX_QUEUED ch=9 msg=0x41 src=0x191a9619c6c8cb07 dst=0x9999888877776666 prev=0x191a9619c6c8cb07 seq=17 q=1
DBG_MESH_RX_DIRECT_WAIT q=1 reason=gateway-ch9-continuous-rx
DBG_MESH_RX_DIRECT_ENTER q=1 reason=gateway-ch9-continuous-rx
DBG_MESH_RX_DRAIN_ENTER owner=gateway-ch9-continuous-rx q=1
DBG_ENUM_ADAPTIVE_DEADLINE stage=1 observed_hop=1 next_hop=2 wait=4694 deadline=417297
DBG_DISCOVERY_SLOT_ACK_RX epoch=40370319 anchor=0x191a9619c6c8cb07 hop=1 acked=3 missing=0
DBG_GATEWAY_ACK_INPUT type=65 src=0x191a9619c6c8cb07 dst=0x9999888877776666 rxseq=17 ackseq=86 len=70 flags=0x14 meta=0
DBG_GATEWAY_ACK_GUARD ms=10 seq=86 owner=control
DBG_COORD state=idle owner=gateway-ack-immediate-channel9 reason=idle rx=0 tx=0 relay=0 route=0 ack=0 qack=0
DBG_CH9_TX_CONFIG ret=0 now=412616 earliest=0 msg=32
DBG_CH9_TX_SEND_AT now=412616 earliest=0 msg=32 len=105
DBG_UWB_TX_CH9
DBG_MESH_RX_WORK_WAIT q=0
DBG_MESH_RX_WORK_ENTER q=0
DBG_MESH_RX_DRAIN_ENTER owner=work q=0
DBG_MESH_RX_DRAIN_EXIT owner=work handled=0 q=0
DBG_MESH_RX_WORK_EXIT handled=0 q=0
DBG_GATEWAY_RX_REARM_RUN delay=0 ret=1 active=1
DBG_COORD state=gateway-rx owner=uwb-rx reason=gateway-rx rx=0 tx=0 relay=0 route=0 ack=0 qack=0
DBG_GATEWAY_CH9_RX_CONT_ARM now=412624 rem=500 frames=0 errors=0
DBG_GATEWAY_CH9_RX_CONT_RESULT start=412624 end=412634 ret=0 fail=0 status=0x00006f00 len=105 frames=0
DBG_UWB_RX_CH9
DBG_GATEWAY_CH9_RX_RELEASE_IDLE
DBG_GATEWAY_RX_DECODE ch=9 msg=0x33 src=0x191a9619c6c8cb07 dst=0x9999888877776666 prev=0x191a9619c6c8cb07 seq=17 flags=0x04 pl
DBG_UWB_RX_CH9
DBG_MESH_RX_QUEUED ch=9 msg=0x33 src=0x191a9619c6c8cb07 dst=0x9999888877776666 prev=0x191a9619c6c8cb07 seq=17 q=1
DBG_MESH_RX_DIRECT_WAIT q=1 reason=gateway-ch9-continuous-rx
DBG_MESH_RX_DIRECT_ENTER q=1 reason=gateway-ch9-continuous-rx
DBG_MESH_RX_DRAIN_ENTER owner=gateway-ch9-continuous-rx q=1
DBG_ENUM_CONFIRM ret=1
DBG_STACK_RUN_BEGIN epoch=16803544993248225624 run=126 kind=ble_backpressure owner=system_workqueue queue=1 custody=1 credit=0 retry=0 drain=1 src=11068027678940948070 dst=11068027678940948070 session=40370330 seq=154 type=86 sequence=0 previous=0 uptime=412639
DBG_STACK_SAMPLE_BEGIN epoch=16803544993248225624 run=126 sample=126 kind=ble_backpressure owner=system_workqueue queue=1 custody=1 credit=0 retry=0 drain=1 src=11068027678940948070 dst=11068027678940948070 session=40370330 seq=154 type=86 uptime=412646
DBG_STACK_ISR_CONFIG size=8192 run=126 sample=126
DBG_STACK name=BT RX WQ tid=0x2000fe18 used=760 free=776 size=1536 ret=0 run=126 sample=126
DBG_STACK name=mesh_route tid=0x2000d560 used=5888 free=2304 size=8192 ret=0 run=126 sample=126
DBG_STACK name=sysworkq tid=0x20010d70 used=2408 free=2072 size=4480 ret=0 run=126 sample=126
DBG_STACK name=MPSL Work tid=0x20010b28 used=440 free=584 size=1024 ret=0 run=126 sample=126
DBG_STACK name=logging tid=0x2000f920 used=480 free=1568 size=2048 ret=0 run=126 sample=126
DBG_STACK name=idle tid=0x20010c00 used=64 free=256 size=320 ret=0 run=126 sample=126
DBG_STACK_SAMPLE_END run=126 sample=126
DBG_STACK_RUN_END epoch=16803544993248225624 run=126 kind=ble_backpressure owner=system_workqueue outcome=ack queue=1 custody=0 credit=1 retry=0 drain=1 src=11068027678940948070 dst=11068027678940948070 session=40370330 seq=154 type=86 samples=1 sequence=0 previous=0 uptime=412671
DBG_GATEWAY_CH9_RX_CONT_RESULT start=412654 end=413125 ret=-116 fail=0 status=0x00000000 len=0 frames=1
DBG_MESH_RX_WORK_WAIT q=0
DBG_MESH_RX_WORK_ENTER q=0
DBG_MESH_RX_DRAIN_ENTER owner=work q=0
DBG_MESH_RX_DRAIN_EXIT owner=work handled=0 q=0
DBG_MESH_RX_WORK_EXIT handled=0 q=0
DBG_GATEWAY_RX_REARM_RUN delay=0 ret=1 active=1
DBG_COORD state=gateway-rx owner=uwb-rx reason=gateway-rx rx=0 tx=0 relay=0 route=0 ack=0 qack=0
DBG_GATEWAY_CH9_RX_CONT_ARM now=413126 rem=500 frames=0 errors=0
DBG_GATEWAY_CH9_RX_CONT_RESULT start=413126 end=413627 ret=-116 fail=0 status=0x00000000 len=0 frames=0
DBG_GATEWAY_CH9_RX_CONT_ARM now=413629 rem=500 frames=0 errors=0
DBG_GATEWAY_CH9_RX_CONT_RESULT start=413629 end=414130 ret=-116 fail=0 status=0x00000000 len=0 frames=0
DBG_GATEWAY_CH9_RX_CONT_ARM now=414132 rem=500 frames=0 errors=0
DBG_GATEWAY_CH9_RX_CONT_RESULT start=414132 end=414633 ret=-116 fail=0 status=0x00000000 len=0 frames=0
DBG_GATEWAY_CH9_RX_CONT_ARM now=414635 rem=500 frames=0 errors=0
DBG_GATEWAY_CH9_RX_CONT_RESULT start=414635 end=415136 ret=-116 fail=0 status=0x00000000 len=0 frames=0
DBG_GATEWAY_CH9_RX_CONT_ARM now=415138 rem=500 frames=0 errors=0
DBG_GATEWAY_CH9_RX_CONT_RESULT start=415138 end=415639 ret=-116 fail=0 status=0x00000000 len=0 frames=0
DBG_GATEWAY_CH9_RX_CONT_ARM now=415641 rem=500 frames=0 errors=0
DBG_GATEWAY_CH9_RX_CONT_RESULT start=415641 end=416142 ret=-116 fail=0 status=0x00000000 len=0 frames=0
DBG_NC o=0000000000000012 g=00000012 w=00 e=0000003c s=00000005 q=0000>0004 r=00000000 f=00000024 t=00000000 p=00000000 a=00
DBG_NODE_COMM_SUBMIT handle=18 profile=6 token=17039378 deadline=426143
DBG_ENUM_FLOOD kind=3 handle=18
DBG_ENUM_END_TX epoch=40370319 table_seq=40370326 ret=0
DBG_NODE_COMM_TX_BEGIN handle=18 profile=6 msg=64 dst=0x0 seq=18
DBG_CONTROL_RX_HANDOFF_READY abort=0
DBG_COORD state=idle owner=c5-flood reason=idle rx=0 tx=0 relay=0 route=0 ack=0 qack=0
DBG_DWM_INVALIDATE tag=configure_radio_from_reset active_phy=3 configured=1 awake=1
DBG_DWM_MARK_UNCONFIGURED tag=initialise_radio prev_phy=0
DBG_DWM_INVALIDATE tag=configure_radio_from_reset active_phy=2 configured=1 awake=0
DBG_DWM_MARK_UNCONFIGURED tag=initialise_radio prev_phy=0
DBG_DWM_WAKE_MESH_CTRL_OK sfd=4073
DBG_C5_TX_CONFIG ret=0 ext=1 len=169 msg=40 reason=bounded-c5-flood
DBG_UWB_TX_CH5
DBG_NC o=0000000000000012 g=00000012 w=00 e=00000022 s=00000005 q=0004>0005 r=00000000 f=00000001 t=00000000 p=00000000 a=00
DBG_NC o=0000000000000012 g=00000012 w=00 e=00000041 s=00000005 q=0005>0008 r=00000000 f=00000026 t=00000000 p=00000001 a=01
DBG_NODE_COMM_ATTEMPT handle=18 profile=6 attempt=1 ret=0 rf=1 scheduled=0 state=0
DBG_GATEWAY_RX_START reason=gateway mesh restart active=1 qrx=0 qtx=0 adv_due=0
DBG_ENUM_RF_RESULT kind=3 handle=18 success=1 reason=0 tries=1
DBG_STACK_RUN_BEGIN epoch=16803544993248225624 run=127 kind=ble_backpressure owner=system_workqueue queue=2 custody=2 credit=0 retry=0 drain=2 src=11068027678940948070 dst=11068027678940948070 session=40370333 seq=157 type=86 sequence=0 previous=0 uptime=416203
DBG_STACK_SAMPLE_BEGIN epoch=16803544993248225624 run=127 sample=127 kind=ble_backpressure owner=system_workqueue queue=2 custody=2 credit=0 retry=0 drain=2 src=11068027678940948070 dst=11068027678940948070 session=40370333 seq=157 type=86 uptime=416203
DBG_STACK_ISR_CONFIG size=8192 run=127 sample=127
DBG_STACK name=BT RX WQ tid=0x2000fe18 used=760 free=776 size=1536 ret=0 run=127 sample=127
DBG_STACK name=mesh_route tid=0x2000d560 used=5888 free=2304 size=8192 ret=0 run=127 sample=127
DBG_STACK name=sysworkq tid=0x20010d70 used=2408 free=2072 size=4480 ret=0 run=127 sample=127
DBG_STACK name=MPSL Work tid=0x20010b28 used=440 free=584 size=1024 ret=0 run=127 sample=127
DBG_STACK name=logging tid=0x2000f920 used=480 free=1568 size=2048 ret=0 run=127 sample=127
DBG_STACK name=idle tid=0x20010c00 used=64 free=256 size=320 ret=0 run=127 sample=127
DBG_STACK_SAMPLE_END run=127 sample=127
DBG_STACK_RUN_END epoch=16803544993248225624 run=127 kind=ble_backpressure owner=system_workqueue outcome=ack queue=2 custody=0 credit=1 retry=0 drain=2 src=11068027678940948070 dst=11068027678940948070 session=40370333 seq=157 type=86 samples=1 sequence=0 previous=0 uptime=416228
DBG_GATEWAY_CH9_RX_CONT_ARM now=416232 rem=500 frames=0 errors=0
DBG_STACK_RUN_BEGIN epoch=16803544993248225624 run=128 kind=ble_backpressure owner=system_workqueue queue=2 custody=2 credit=0 retry=0 drain=2 src=11068027678940948070 dst=11068027678940948070 session=2957277212 seq=30748 type=65 sequence=0 previous=0 uptime=416697
DBG_STACK_SAMPLE_BEGIN epoch=16803544993248225624 run=128 sample=128 kind=ble_backpressure owner=system_workqueue queue=2 custody=2 credit=0 retry=0 drain=2 src=11068027678940948070 dst=11068027678940948070 session=2957277212 seq=30748 type=65 uptime=416698
DBG_STACK_ISR_CONFIG size=8192 run=128 sample=128
DBG_STACK name=BT RX WQ tid=0x2000fe18 used=760 free=776 size=1536 ret=0 run=128 sample=128
DBG_STACK name=mesh_route tid=0x2000d560 used=5888 free=2304 size=8192 ret=0 run=128 sample=128
DBG_STACK name=sysworkq tid=0x20010d70 used=2408 free=2072 size=4480 ret=0 run=128 sample=128
DBG_STACK name=MPSL Work tid=0x20010b28 used=440 free=584 size=1024 ret=0 run=128 sample=128
DBG_STACK name=logging tid=0x2000f920 used=480 free=1568 size=2048 ret=0 run=128 sample=128
DBG_STACK name=idle tid=0x20010c00 used=64 free=256 size=320 ret=0 run=128 sample=128
DBG_STACK_SAMPLE_END run=128 sample=128
DBG_STACK_RUN_END epoch=16803544993248225624 run=128 kind=ble_backpressure owner=system_workqueue outcome=ack queue=2 custody=0 credit=1 retry=0 drain=2 src=11068027678940948070 dst=11068027678940948070 session=2957277212 seq=30748 type=65 samples=1 sequence=0 previous=0 uptime=416709
DBG_GATEWAY_CH9_RX_CONT_RESULT start=416232 end=416733 ret=-116 fail=0 status=0x02000000 len=0 frames=0
DBG_GATEWAY_CH9_RX_CONT_ARM now=416735 rem=500 frames=0 errors=0
DBG_STACK_RUN_BEGIN epoch=16803544993248225624 run=129 kind=ble_backpressure owner=system_workqueue queue=1 custody=1 credit=0 retry=0 drain=1 src=11068027678940948070 dst=11068027678940948070 session=40370334 seq=158 type=86 sequence=0 previous=0 uptime=417192
DBG_STACK_SAMPLE_BEGIN epoch=16803544993248225624 run=129 sample=129 kind=ble_backpressure owner=system_workqueue queue=1 custody=1 credit=0 retry=0 drain=1 src=11068027678940948070 dst=11068027678940948070 session=40370334 seq=158 type=86 uptime=417192
DBG_STACK_ISR_CONFIG size=8192 run=129 sample=129
DBG_STACK name=BT RX WQ tid=0x2000fe18 used=760 free=776 size=1536 ret=0 run=129 sample=129
DBG_STACK name=mesh_route tid=0x2000d560 used=5888 free=2304 size=8192 ret=0 run=129 sample=129
DBG_STACK name=sysworkq tid=0x20010d70 used=2408 free=2072 size=4480 ret=0 run=129 sample=129
DBG_STACK name=MPSL Work tid=0x20010b28 used=440 free=584 size=1024 ret=0 run=129 sample=129
DBG_STACK name=logging tid=0x2000f920 used=480 free=1568 size=2048 ret=0 run=129 sample=129
DBG_STACK name=idle tid=0x20010c00 used=64 free=256 size=320 ret=0 run=129 sample=129
DBG_STACK_SAMPLE_END run=129 sample=129
DBG_STACK_RUN_END epoch=16803544993248225624 run=129 kind=ble_backpressure owner=system_workqueue outcome=ack queue=1 custody=0 credit=1 retry=0 drain=1 src=11068027678940948070 dst=11068027678940948070 session=40370334 seq=158 type=86 samples=1 sequence=0 previous=0 uptime=417210
DBG_GATEWAY_CH9_RX_CONT_RESULT start=416735 end=417236 ret=-116 fail=0 status=0x00000000 len=0 frames=0
DBG_GATEWAY_CH9_RX_CONT_ARM now=417238 rem=500 frames=0 errors=0
DBG_GATEWAY_CH9_RX_CONT_RESULT start=417238 end=417739 ret=-116 fail=0 status=0x00000000 len=0 frames=0
DBG_GATEWAY_CH9_RX_CONT_ARM now=417741 rem=500 frames=0 errors=0
DBG_STACK_RUN_BEGIN epoch=16803544993248225624 run=130 kind=ble_backpressure owner=system_workqueue queue=1 custody=1 credit=0 retry=0 drain=1 src=11068027678940948070 dst=11068027678940948070 session=40370335 seq=159 type=86 sequence=0 previous=0 uptime=417777
DBG_STACK_SAMPLE_BEGIN epoch=16803544993248225624 run=130 sample=130 kind=ble_backpressure owner=system_workqueue queue=1 custody=1 credit=0 retry=0 drain=1 src=11068027678940948070 dst=11068027678940948070 session=40370335 seq=159 type=86 uptime=417778
DBG_STACK_ISR_CONFIG size=8192 run=130 sample=130
DBG_STACK name=BT RX WQ tid=0x2000fe18 used=760 free=776 size=1536 ret=0 run=130 sample=130
DBG_STACK name=mesh_route tid=0x2000d560 used=5888 free=2304 size=8192 ret=0 run=130 sample=130
DBG_STACK name=sysworkq tid=0x20010d70 used=2408 free=2072 size=4480 ret=0 run=130 sample=130
DBG_STACK name=MPSL Work tid=0x20010b28 used=440 free=584 size=1024 ret=0 run=130 sample=130
DBG_STACK name=logging tid=0x2000f920 used=480 free=1568 size=2048 ret=0 run=130 sample=130
DBG_STACK name=idle tid=0x20010c00 used=64 free=256 size=320 ret=0 run=130 sample=130
DBG_STACK_SAMPLE_END run=130 sample=130
DBG_STACK_RUN_END epoch=16803544993248225624 run=130 kind=ble_backpressure owner=system_workqueue outcome=ack queue=1 custody=0 credit=1 retry=0 drain=1 src=11068027678940948070 dst=11068027678940948070 session=40370335 seq=159 type=86 samples=1 sequence=0 previous=0 uptime=417787
DBG_GATEWAY_CH9_RX_CONT_RESULT start=417741 end=418242 ret=-116 fail=0 status=0x00000000 len=0 frames=0
DBG_GATEWAY_CH9_RX_CONT_ARM now=418244 rem=500 frames=0 errors=0
DBG_STACK_RUN_BEGIN epoch=16803544993248225624 run=131 kind=ble_backpressure owner=system_workqueue queue=1 custody=1 credit=0 retry=0 drain=1 src=11068027678940948070 dst=11068027678940948070 session=40370336 seq=160 type=86 sequence=0 previous=0 uptime=418317
DBG_STACK_SAMPLE_BEGIN epoch=16803544993248225624 run=131 sample=131 kind=ble_backpressure owner=system_workqueue queue=1 custody=1 credit=0 retry=0 drain=1 src=11068027678940948070 dst=11068027678940948070 session=40370336 seq=160 type=86 uptime=418318
DBG_STACK_ISR_CONFIG size=8192 run=131 sample=131
DBG_STACK name=BT RX WQ tid=0x2000fe18 used=760 free=776 size=1536 ret=0 run=131 sample=131
DBG_STACK name=mesh_route tid=0x2000d560 used=5888 free=2304 size=8192 ret=0 run=131 sample=131
DBG_STACK name=sysworkq tid=0x20010d70 used=2408 free=2072 size=4480 ret=0 run=131 sample=131
DBG_STACK name=MPSL Work tid=0x20010b28 used=440 free=584 size=1024 ret=0 run=131 sample=131
DBG_STACK name=logging tid=0x2000f920 used=480 free=1568 size=2048 ret=0 run=131 sample=131
DBG_STACK name=idle tid=0x20010c00 used=64 free=256 size=320 ret=0 run=131 sample=131
DBG_STACK_SAMPLE_END run=131 sample=131
DBG_STACK_RUN_END epoch=16803544993248225624 run=131 kind=ble_backpressure owner=system_workqueue outcome=ack queue=1 custody=0 credit=1 retry=0 drain=1 src=11068027678940948070 dst=11068027678940948070 session=40370336 seq=160 type=86 samples=1 sequence=0 previous=0 uptime=418327
DBG_GATEWAY_CH9_RX_CONT_RESULT start=418244 end=418745 ret=-116 fail=0 status=0x00000000 len=0 frames=0
DBG_GATEWAY_CH9_RX_CONT_ARM now=418747 rem=500 frames=0 errors=0
DBG_STACK_RUN_BEGIN epoch=16803544993248225624 run=132 kind=ble_backpressure owner=system_workqueue queue=1 custody=1 credit=0 retry=0 drain=1 src=11068027678940948070 dst=11068027678940948070 session=40370337 seq=161 type=86 sequence=0 previous=0 uptime=418767
DBG_STACK_SAMPLE_BEGIN epoch=16803544993248225624 run=132 sample=132 kind=ble_backpressure owner=system_workqueue queue=1 custody=1 credit=0 retry=0 drain=1 src=11068027678940948070 dst=11068027678940948070 session=40370337 seq=161 type=86 uptime=418768
DBG_STACK_ISR_CONFIG size=8192 run=132 sample=132
DBG_STACK name=BT RX WQ tid=0x2000fe18 used=760 free=776 size=1536 ret=0 run=132 sample=132
DBG_STACK name=mesh_route tid=0x2000d560 used=5888 free=2304 size=8192 ret=0 run=132 sample=132
DBG_STACK name=sysworkq tid=0x20010d70 used=2408 free=2072 size=4480 ret=0 run=132 sample=132
DBG_STACK name=MPSL Work tid=0x20010b28 used=440 free=584 size=1024 ret=0 run=132 sample=132
DBG_STACK name=logging tid=0x2000f920 used=480 free=1568 size=2048 ret=0 run=132 sample=132
DBG_STACK name=idle tid=0x20010c00 used=64 free=256 size=320 ret=0 run=132 sample=132
DBG_STACK_SAMPLE_END run=132 sample=132
DBG_STACK_RUN_END epoch=16803544993248225624 run=132 kind=ble_backpressure owner=system_workqueue outcome=ack queue=1 custody=0 credit=1 retry=0 drain=1 src=11068027678940948070 dst=11068027678940948070 session=40370337 seq=161 type=86 samples=1 sequence=0 previous=0 uptime=418787
DBG_GATEWAY_CH9_RX_CONT_RESULT start=418747 end=419248 ret=-116 fail=0 status=0x00000000 len=0 frames=0
DBG_GATEWAY_CH9_RX_CONT_ARM now=419250 rem=500 frames=0 errors=0
DBG_STACK_RUN_BEGIN epoch=16803544993248225624 run=133 kind=ble_backpressure owner=system_workqueue queue=1 custody=1 credit=0 retry=0 drain=1 src=11068027678940948070 dst=11068027678940948070 session=40370338 seq=162 type=86 sequence=0 previous=0 uptime=419262
DBG_STACK_SAMPLE_BEGIN epoch=16803544993248225624 run=133 sample=133 kind=ble_backpressure owner=system_workqueue queue=1 custody=1 credit=0 retry=0 drain=1 src=11068027678940948070 dst=11068027678940948070 session=40370338 seq=162 type=86 uptime=419263
DBG_STACK_ISR_CONFIG size=8192 run=133 sample=133
DBG_STACK name=BT RX WQ tid=0x2000fe18 used=760 free=776 size=1536 ret=0 run=133 sample=133
DBG_STACK name=mesh_route tid=0x2000d560 used=5888 free=2304 size=8192 ret=0 run=133 sample=133
DBG_STACK name=sysworkq tid=0x20010d70 used=2408 free=2072 size=4480 ret=0 run=133 sample=133
DBG_STACK name=MPSL Work tid=0x20010b28 used=440 free=584 size=1024 ret=0 run=133 sample=133
DBG_STACK name=logging tid=0x2000f920 used=480 free=1568 size=2048 ret=0 run=133 sample=133
DBG_STACK name=idle tid=0x20010c00 used=64 free=256 size=320 ret=0 run=133 sample=133
DBG_STACK_SAMPLE_END run=133 sample=133
DBG_STACK_RUN_END epoch=16803544993248225624 run=133 kind=ble_backpressure owner=system_workqueue outcome=ack queue=1 custody=0 credit=1 retry=0 drain=1 src=11068027678940948070 dst=11068027678940948070 session=40370338 seq=162 type=86 samples=1 sequence=0 previous=0 uptime=419275
DBG_GATEWAY_CH9_RX_CONT_RESULT start=419250 end=419751 ret=-116 fail=0 status=0x00000000 len=0 frames=0
DBG_GATEWAY_CH9_RX_CONT_ARM now=419756 rem=500 frames=0 errors=0
DBG_GATEWAY_CH9_RX_CONT_RESULT start=419756 end=420257 ret=-116 fail=0 status=0x00000000 len=0 frames=0
DBG_GATEWAY_CH9_RX_CONT_ARM now=420259 rem=500 frames=0 errors=0
DBG_GATEWAY_CH9_RX_CONT_RESULT start=420259 end=420760 ret=-116 fail=0 status=0x00000000 len=0 frames=0
DBG_GATEWAY_CH9_RX_CONT_ARM now=420762 rem=500 frames=0 errors=0
DBG_GATEWAY_CH9_RX_CONT_RESULT start=420762 end=421263 ret=-116 fail=0 status=0x00000000 len=0 frames=0
DBG_GATEWAY_CH9_RX_CONT_ARM now=421265 rem=500 frames=0 errors=0
DBG_GATEWAY_CH9_RX_CONT_RESULT start=421265 end=421766 ret=-116 fail=0 status=0x00000000 len=0 frames=0
DBG_GATEWAY_CH9_RX_CONT_ARM now=421768 rem=500 frames=0 errors=0
DBG_GATEWAY_BLE event=disconnected reason=19 uptime=421961
DBG_GATEWAY_BLE event=recovery round=1 delay_ms=365 reason=disconnected uptime=421961
DBG_GATEWAY_CH9_RX_CONT_RESULT start=421768 end=422269 ret=-116 fail=0 status=0x00000000 len=0 frames=0
DBG_GATEWAY_CH9_RX_CONT_ARM now=422271 rem=500 frames=0 errors=0
DBG_GATEWAY_CH9_RX_CONT_RESULT start=422271 end=422772 ret=-116 fail=0 status=0x00000000 len=0 frames=0
DBG_GATEWAY_CH9_RX_CONT_ARM now=422774 rem=500 frames=0 errors=0
