resolved gateway=IMEC Mesh Test Gateway address=EF:BD:42:B8:83:0C source=scan preconnected=0
attached gateway=IMEC Mesh Test Gateway address=EF:BD:42:B8:83:0C
packet msg=0x56 seq=56 src=0x9999888877776666
packet msg=ANCHOR_HEARTBEAT seq=1 src=0x708bc0aab970300e
host_receipt msg=0x22 src=0x708bc0aab970300e session=55 seq=1
packet msg=CLICK_REPORT seq=1 src=0x36e3c2fe6cac46b2
host_receipt msg=0x20 src=0x36e3c2fe6cac46b2 session=2334255190 seq=1
packet msg=CLICK_REPORT seq=2 src=0x36e3c2fe6cac46b2
host_receipt msg=0x20 src=0x36e3c2fe6cac46b2 session=2334255190 seq=2
packet msg=CLICK_REPORT seq=2 src=0x191a9619c6c8cb07
host_receipt msg=0x20 src=0x191a9619c6c8cb07 session=2334255190 seq=2
packet msg=CLICK_REPORT seq=3 src=0x191a9619c6c8cb07
host_receipt msg=0x20 src=0x191a9619c6c8cb07 session=2334255190 seq=3
packet msg=CLICK_REPORT seq=1 src=0x191a9619c6c8cb07
host_receipt msg=0x20 src=0x191a9619c6c8cb07 session=2334255190 seq=1
packet msg=CLICK_REPORT seq=3 src=0x36e3c2fe6cac46b2
host_receipt msg=0x20 src=0x36e3c2fe6cac46b2 session=2334255190 seq=3
packet msg=CLICK_REPORT seq=3 src=0x708bc0aab970300e
host_receipt msg=0x20 src=0x708bc0aab970300e session=2334255190 seq=3
packet msg=CLICK_REPORT seq=1 src=0x708bc0aab970300e
host_receipt msg=0x20 src=0x708bc0aab970300e session=2334255190 seq=1
packet msg=CLICK_REPORT seq=2 src=0x708bc0aab970300e
host_receipt msg=0x20 src=0x708bc0aab970300e session=2334255190 seq=2
summary packets=11 synthetic=0 gap_events=0 missing=0 streams=0 resets=0 drop_sources=0 max_attempt=- max_hop=- decode_errors=0 capture_errors=0
