BLE_CONNECTED gateway_id=0x9999888877776666 command=here-i-am session=3562478811 frame=04c101400201010101010101116666777788889999db1c57d4db1c01330101010410020c06ab04dc620607ae0b0101010304dc620607e803ae1301020310620102c8040604fa010104b5f80305ae050103050201184f00
BLE_CHUNK len=118 hex=4757012801060100560461006100a00266667777888899996666777788889999000000004e00b0bb014e0302000000000c006a00db1c57d400000000db1c57d4db1c00006100a002000000000000000000000000000000000000000000000000000000000000000000000000000000000000000000ff
BLE_PACKET type=0x56 src=0x9999888877776666 dst=0x9999888877776666 session=44040289 seq=97 payload=014e0302000000000c006a00db1c57d400000000db1c57d4db1c00006100a002000000000000000000000000000000000000000000000000000000000000000000000000000000000000000000ff
GATEWAY_COMMAND_EVENT GatewayCommandEvent(command_kind=3, stage=2, flags=0, attempt=0, command_status=0, reason=0, command_id=12, route_epoch=106, correlation_id=3562478811, gateway_sequence=0, host_session_id=3562478811, host_sequence=7387, event_sequence=44040289, anchor_id=0, pair_initiator_id=0, pair_responder_id=0, previous_hop_id=0, progress_count=0, total_count=0, success_count=0, failure_count=0, duplicate_count=0, lost_event_count=0, hop_count=0, discovery_slot=255)
BLE_HOST_RECEIPT type=0x56 src=0x9999888877776666 session=44040289 seq=97
BLE_CHUNK len=118 hex=4757012801060100560462006200a00266667777888899996666777788889999000000004e00147e014e0303000000000c006a00db1c57d400000000db1c57d4db1c00006200a002000000000000000000000000000000000000000000000000000000000000000000000000000000000000000000ff
BLE_PACKET type=0x56 src=0x9999888877776666 dst=0x9999888877776666 session=44040290 seq=98 payload=014e0303000000000c006a00db1c57d400000000db1c57d4db1c00006200a002000000000000000000000000000000000000000000000000000000000000000000000000000000000000000000ff
GATEWAY_COMMAND_EVENT GatewayCommandEvent(command_kind=3, stage=3, flags=0, attempt=0, command_status=0, reason=0, command_id=12, route_epoch=106, correlation_id=3562478811, gateway_sequence=0, host_session_id=3562478811, host_sequence=7387, event_sequence=44040290, anchor_id=0, pair_initiator_id=0, pair_responder_id=0, previous_hop_id=0, progress_count=0, total_count=0, success_count=0, failure_count=0, duplicate_count=0, lost_event_count=0, hop_count=0, discovery_slot=255)
BLE_HOST_RECEIPT type=0x56 src=0x9999888877776666 session=44040290 seq=98
BLE_CHUNK len=118 hex=4757012801060100560464006400a00266667777888899996666777788889999000000004e00daec014e0304000100000c006a00db1c57d46300a002db1c57d4db1c00006400a002000000000000000000000000000000000000000000000000000000000000000004000000000000000000000000ff
BLE_PACKET type=0x56 src=0x9999888877776666 dst=0x9999888877776666 session=44040292 seq=100 payload=014e0304000100000c006a00db1c57d46300a002db1c57d4db1c00006400a002000000000000000000000000000000000000000000000000000000000000000004000000000000000000000000ff
GATEWAY_COMMAND_EVENT GatewayCommandEvent(command_kind=3, stage=4, flags=0, attempt=1, command_status=0, reason=0, command_id=12, route_epoch=106, correlation_id=3562478811, gateway_sequence=44040291, host_session_id=3562478811, host_sequence=7387, event_sequence=44040292, anchor_id=0, pair_initiator_id=0, pair_responder_id=0, previous_hop_id=0, progress_count=4, total_count=0, success_count=0, failure_count=0, duplicate_count=0, lost_event_count=0, hop_count=0, discovery_slot=255)
BLE_HOST_RECEIPT type=0x56 src=0x9999888877776666 session=44040292 seq=100
BLE_CHUNK len=51 hex=47570128010201004104db1cdb1c57d466667777888899996666777788889999000000000b00a18510020c00110200001e0100
BLE_PACKET type=0x41 src=0x9999888877776666 dst=0x9999888877776666 session=3562478811 seq=7387 payload=10020c00110200001e0100
BLE_HOST_RECEIPT type=0x41 src=0x9999888877776666 session=3562478811 seq=7387
BLE_CHUNK len=118 hex=4757012801060000560465006500a00266667777888899996666777788889999000000004e008e14014e030c030100000c006a00db1c57d46300a002db1c57d4db1c00006500a002000000000000000000000000000000000000000000000000000000000000000004000000000000000000000000ff
BLE_PACKET type=0x56 src=0x9999888877776666 dst=0x9999888877776666 session=44040293 seq=101 payload=014e030c030100000c006a00db1c57d46300a002db1c57d4db1c00006500a002000000000000000000000000000000000000000000000000000000000000000004000000000000000000000000ff
GATEWAY_COMMAND_EVENT GatewayCommandEvent(command_kind=3, stage=12, flags=3, attempt=1, command_status=0, reason=0, command_id=12, route_epoch=106, correlation_id=3562478811, gateway_sequence=44040291, host_session_id=3562478811, host_sequence=7387, event_sequence=44040293, anchor_id=0, pair_initiator_id=0, pair_responder_id=0, previous_hop_id=0, progress_count=4, total_count=0, success_count=0, failure_count=0, duplicate_count=0, lost_event_count=0, hop_count=0, discovery_slot=255)
BLE_HOST_RECEIPT type=0x56 src=0x9999888877776666 session=44040293 seq=101
HERE_I_AM_LOCAL_FLOOD_OK attempts=1 retries=0 delivery_claim=local-broadcast-only
BLE_CONNECTED gateway_id=0x9999888877776666 command=assign-slots session=3562478812 frame=04c101400201010101010101116666777788889999dc1c57d4dc1c011b010101081002040178020306ab04dc620607ae0b0101010304dc620605e8031ca700
BLE_CHUNK len=118 hex=4757012801060100560466006600a00266667777888899996666777788889999000000004e000a2d014e01020000000004016a00dc1c57d400000000dc1c57d4dc1c00006600a002000000000000000000000000000000000000000000000000000000000000000000000000000000000000000000ff
BLE_PACKET type=0x56 src=0x9999888877776666 dst=0x9999888877776666 session=44040294 seq=102 payload=014e01020000000004016a00dc1c57d400000000dc1c57d4dc1c00006600a002000000000000000000000000000000000000000000000000000000000000000000000000000000000000000000ff
GATEWAY_COMMAND_EVENT GatewayCommandEvent(command_kind=1, stage=2, flags=0, attempt=0, command_status=0, reason=0, command_id=260, route_epoch=106, correlation_id=3562478812, gateway_sequence=0, host_session_id=3562478812, host_sequence=7388, event_sequence=44040294, anchor_id=0, pair_initiator_id=0, pair_responder_id=0, previous_hop_id=0, progress_count=0, total_count=0, success_count=0, failure_count=0, duplicate_count=0, lost_event_count=0, hop_count=0, discovery_slot=255)
BLE_HOST_RECEIPT type=0x56 src=0x9999888877776666 session=44040294 seq=102
BLE_CHUNK len=118 hex=4757012801060100560467006700a00266667777888899996666777788889999000000004e0042cc014e01030000000004016a00dc1c57d400000000dc1c57d4dc1c00006700a002000000000000000000000000000000000000000000000000000000000000000000000000000000000000000000ff
BLE_PACKET type=0x56 src=0x9999888877776666 dst=0x9999888877776666 session=44040295 seq=103 payload=014e01030000000004016a00dc1c57d400000000dc1c57d4dc1c00006700a002000000000000000000000000000000000000000000000000000000000000000000000000000000000000000000ff
GATEWAY_COMMAND_EVENT GatewayCommandEvent(command_kind=1, stage=3, flags=0, attempt=0, command_status=0, reason=0, command_id=260, route_epoch=106, correlation_id=3562478812, gateway_sequence=0, host_session_id=3562478812, host_sequence=7388, event_sequence=44040295, anchor_id=0, pair_initiator_id=0, pair_responder_id=0, previous_hop_id=0, progress_count=0, total_count=0, success_count=0, failure_count=0, duplicate_count=0, lost_event_count=0, hop_count=0, discovery_slot=255)
BLE_HOST_RECEIPT type=0x56 src=0x9999888877776666 session=44040295 seq=103
BLE_CHUNK len=118 hex=4757012801060100560469006900a00266667777888899996666777788889999000000004e00a62f014e01030000000004016a00dc1c57d46800a002dc1c57d4dc1c00006900a002000000000000000000000000000000000000000000000000000000000000000000000000000000000000000000ff
BLE_PACKET type=0x56 src=0x9999888877776666 dst=0x9999888877776666 session=44040297 seq=105 payload=014e01030000000004016a00dc1c57d46800a002dc1c57d4dc1c00006900a002000000000000000000000000000000000000000000000000000000000000000000000000000000000000000000ff
GATEWAY_COMMAND_EVENT GatewayCommandEvent(command_kind=1, stage=3, flags=0, attempt=0, command_status=0, reason=0, command_id=260, route_epoch=106, correlation_id=3562478812, gateway_sequence=44040296, host_session_id=3562478812, host_sequence=7388, event_sequence=44040297, anchor_id=0, pair_initiator_id=0, pair_responder_id=0, previous_hop_id=0, progress_count=0, total_count=0, success_count=0, failure_count=0, duplicate_count=0, lost_event_count=0, hop_count=0, discovery_slot=255)
BLE_HOST_RECEIPT type=0x56 src=0x9999888877776666 session=44040297 seq=105
BLE_CHUNK len=118 hex=475701280106010056046b006b00a00266667777888899996666777788889999000000004e009276014e01040001000004016a00dc1c57d46800a002dc1c57d4dc1c00006b00a002000000000000000000000000000000000000000000000000000000000000000000000000000000000000000000ff
BLE_PACKET type=0x56 src=0x9999888877776666 dst=0x9999888877776666 session=44040299 seq=107 payload=014e01040001000004016a00dc1c57d46800a002dc1c57d4dc1c00006b00a002000000000000000000000000000000000000000000000000000000000000000000000000000000000000000000ff
GATEWAY_COMMAND_EVENT GatewayCommandEvent(command_kind=1, stage=4, flags=0, attempt=1, command_status=0, reason=0, command_id=260, route_epoch=106, correlation_id=3562478812, gateway_sequence=44040296, host_session_id=3562478812, host_sequence=7388, event_sequence=44040299, anchor_id=0, pair_initiator_id=0, pair_responder_id=0, previous_hop_id=0, progress_count=0, total_count=0, success_count=0, failure_count=0, duplicate_count=0, lost_event_count=0, hop_count=0, discovery_slot=255)
BLE_HOST_RECEIPT type=0x56 src=0x9999888877776666 session=44040299 seq=107
BLE_CHUNK len=118 hex=475701280106010056046c006c00a00266667777888899996666777788889999000000004e00e31d014e01060000000004016a00dc1c57d46800a002dc1c57d4dc1c00006c00a0020e3070b9aac08b70000000000000000000000000000000000e3070b9aac08b7001000000000000000000000001ff
BLE_PACKET type=0x56 src=0x9999888877776666 dst=0x9999888877776666 session=44040300 seq=108 payload=014e01060000000004016a00dc1c57d46800a002dc1c57d4dc1c00006c00a0020e3070b9aac08b70000000000000000000000000000000000e3070b9aac08b7001000000000000000000000001ff
GATEWAY_COMMAND_EVENT GatewayCommandEvent(command_kind=1, stage=6, flags=0, attempt=0, command_status=0, reason=0, command_id=260, route_epoch=106, correlation_id=3562478812, gateway_sequence=44040296, host_session_id=3562478812, host_sequence=7388, event_sequence=44040300, anchor_id=8109787393498820622, pair_initiator_id=0, pair_responder_id=0, previous_hop_id=8109787393498820622, progress_count=1, total_count=0, success_count=0, failure_count=0, duplicate_count=0, lost_event_count=0, hop_count=1, discovery_slot=255)
BLE_HOST_RECEIPT type=0x56 src=0x9999888877776666 session=44040300 seq=108
BLE_CHUNK len=118 hex=475701280106010056046d006d00a00266667777888899996666777788889999000000004e0003ca014e01060000000004016a00dc1c57d46800a002dc1c57d4dc1c00006d00a00207cbc8c619961a190000000000000000000000000000000007cbc8c619961a1902000000000000000000000001ff
BLE_PACKET type=0x56 src=0x9999888877776666 dst=0x9999888877776666 session=44040301 seq=109 payload=014e01060000000004016a00dc1c57d46800a002dc1c57d4dc1c00006d00a00207cbc8c619961a190000000000000000000000000000000007cbc8c619961a1902000000000000000000000001ff
GATEWAY_COMMAND_EVENT GatewayCommandEvent(command_kind=1, stage=6, flags=0, attempt=0, command_status=0, reason=0, command_id=260, route_epoch=106, correlation_id=3562478812, gateway_sequence=44040296, host_session_id=3562478812, host_sequence=7388, event_sequence=44040301, anchor_id=1808923237796072199, pair_initiator_id=0, pair_responder_id=0, previous_hop_id=1808923237796072199, progress_count=2, total_count=0, success_count=0, failure_count=0, duplicate_count=0, lost_event_count=0, hop_count=1, discovery_slot=255)
BLE_HOST_RECEIPT type=0x56 src=0x9999888877776666 session=44040301 seq=109
BLE_CHUNK len=118 hex=475701280106010056046e006e00a00266667777888899996666777788889999000000004e002f11014e01060000000004016a00dc1c57d46800a002dc1c57d4dc1c00006e00a00241d1f64afe25da560000000000000000000000000000000007cbc8c619961a1903000000000000000000000002ff
BLE_PACKET type=0x56 src=0x9999888877776666 dst=0x9999888877776666 session=44040302 seq=110 payload=014e01060000000004016a00dc1c57d46800a002dc1c57d4dc1c00006e00a00241d1f64afe25da560000000000000000000000000000000007cbc8c619961a1903000000000000000000000002ff
GATEWAY_COMMAND_EVENT GatewayCommandEvent(command_kind=1, stage=6, flags=0, attempt=0, command_status=0, reason=0, command_id=260, route_epoch=106, correlation_id=3562478812, gateway_sequence=44040296, host_session_id=3562478812, host_sequence=7388, event_sequence=44040302, anchor_id=6258356406294335809, pair_initiator_id=0, pair_responder_id=0, previous_hop_id=1808923237796072199, progress_count=3, total_count=0, success_count=0, failure_count=0, duplicate_count=0, lost_event_count=0, hop_count=2, discovery_slot=255)
BLE_HOST_RECEIPT type=0x56 src=0x9999888877776666 session=44040302 seq=110
BLE_CHUNK len=118 hex=4757012801060100560473007300a00266667777888899996666777788889999000000004e00070c014e01060000000004016a00dc1c57d46800a002dc1c57d4dc1c00007300a0020e3070b9aac08b700000000000000000000000000000000000000000000000000100030001000000000000000100
BLE_PACKET type=0x56 src=0x9999888877776666 dst=0x9999888877776666 session=44040307 seq=115 payload=014e01060000000004016a00dc1c57d46800a002dc1c57d4dc1c00007300a0020e3070b9aac08b700000000000000000000000000000000000000000000000000100030001000000000000000100
GATEWAY_COMMAND_EVENT GatewayCommandEvent(command_kind=1, stage=6, flags=0, attempt=0, command_status=0, reason=0, command_id=260, route_epoch=106, correlation_id=3562478812, gateway_sequence=44040296, host_session_id=3562478812, host_sequence=7388, event_sequence=44040307, anchor_id=8109787393498820622, pair_initiator_id=0, pair_responder_id=0, previous_hop_id=0, progress_count=1, total_count=3, success_count=1, failure_count=0, duplicate_count=0, lost_event_count=0, hop_count=1, discovery_slot=0)
BLE_HOST_RECEIPT type=0x56 src=0x9999888877776666 session=44040307 seq=115
BLE_CHUNK len=51 hex=47570128010201004104dc1cdc1c57d466667777888899996666777788889999000000000b00eedb10020401110200001e0103
BLE_PACKET type=0x41 src=0x9999888877776666 dst=0x9999888877776666 session=3562478812 seq=7388 payload=10020401110200001e0103
BLE_HOST_RECEIPT type=0x41 src=0x9999888877776666 session=3562478812 seq=7388
BLE_CHUNK len=118 hex=4757012801060100560474007400a00266667777888899996666777788889999000000004e00d292014e01060000000004016a00dc1c57d46800a002dc1c57d4dc1c00007400a00207cbc8c619961a190000000000000000000000000000000000000000000000000200030001000000000000000101
BLE_PACKET type=0x56 src=0x9999888877776666 dst=0x9999888877776666 session=44040308 seq=116 payload=014e01060000000004016a00dc1c57d46800a002dc1c57d4dc1c00007400a00207cbc8c619961a190000000000000000000000000000000000000000000000000200030001000000000000000101
GATEWAY_COMMAND_EVENT GatewayCommandEvent(command_kind=1, stage=6, flags=0, attempt=0, command_status=0, reason=0, command_id=260, route_epoch=106, correlation_id=3562478812, gateway_sequence=44040296, host_session_id=3562478812, host_sequence=7388, event_sequence=44040308, anchor_id=1808923237796072199, pair_initiator_id=0, pair_responder_id=0, previous_hop_id=0, progress_count=2, total_count=3, success_count=1, failure_count=0, duplicate_count=0, lost_event_count=0, hop_count=1, discovery_slot=1)
BLE_HOST_RECEIPT type=0x56 src=0x9999888877776666 session=44040308 seq=116
BLE_CHUNK len=118 hex=4757012801060100560475007500a00266667777888899996666777788889999000000004e00715d014e01060000000004016a00dc1c57d46800a002dc1c57d4dc1c00007500a00241d1f64afe25da560000000000000000000000000000000000000000000000000300030001000000000000000202
BLE_PACKET type=0x56 src=0x9999888877776666 dst=0x9999888877776666 session=44040309 seq=117 payload=014e01060000000004016a00dc1c57d46800a002dc1c57d4dc1c00007500a00241d1f64afe25da560000000000000000000000000000000000000000000000000300030001000000000000000202
GATEWAY_COMMAND_EVENT GatewayCommandEvent(command_kind=1, stage=6, flags=0, attempt=0, command_status=0, reason=0, command_id=260, route_epoch=106, correlation_id=3562478812, gateway_sequence=44040296, host_session_id=3562478812, host_sequence=7388, event_sequence=44040309, anchor_id=6258356406294335809, pair_initiator_id=0, pair_responder_id=0, previous_hop_id=0, progress_count=3, total_count=3, success_count=1, failure_count=0, duplicate_count=0, lost_event_count=0, hop_count=2, discovery_slot=2)
BLE_HOST_RECEIPT type=0x56 src=0x9999888877776666 session=44040309 seq=117
BLE_CHUNK len=118 hex=4757012801060100560476007600a00266667777888899996666777788889999000000004e007d31014e01070000000004016a00dc1c57d46800a002dc1c57d4dc1c00007600a002000000000000000000000000000000000000000000000000000000000000000003000300030000000000000000ff
BLE_PACKET type=0x56 src=0x9999888877776666 dst=0x9999888877776666 session=44040310 seq=118 payload=014e01070000000004016a00dc1c57d46800a002dc1c57d4dc1c00007600a002000000000000000000000000000000000000000000000000000000000000000003000300030000000000000000ff
GATEWAY_COMMAND_EVENT GatewayCommandEvent(command_kind=1, stage=7, flags=0, attempt=0, command_status=0, reason=0, command_id=260, route_epoch=106, correlation_id=3562478812, gateway_sequence=44040296, host_session_id=3562478812, host_sequence=7388, event_sequence=44040310, anchor_id=0, pair_initiator_id=0, pair_responder_id=0, previous_hop_id=0, progress_count=3, total_count=3, success_count=3, failure_count=0, duplicate_count=0, lost_event_count=0, hop_count=0, discovery_slot=255)
BLE_HOST_RECEIPT type=0x56 src=0x9999888877776666 session=44040310 seq=118
BLE_CHUNK len=118 hex=4757012801060100560477007700a00266667777888899996666777788889999000000004e000b06014e01080001000004016a00dc1c57d46800a002dc1c57d4dc1c00007700a002000000000000000000000000000000000000000000000000000000000000000003000300000000000000000000ff
BLE_PACKET type=0x56 src=0x9999888877776666 dst=0x9999888877776666 session=44040311 seq=119 payload=014e01080001000004016a00dc1c57d46800a002dc1c57d4dc1c00007700a002000000000000000000000000000000000000000000000000000000000000000003000300000000000000000000ff
GATEWAY_COMMAND_EVENT GatewayCommandEvent(command_kind=1, stage=8, flags=0, attempt=1, command_status=0, reason=0, command_id=260, route_epoch=106, correlation_id=3562478812, gateway_sequence=44040296, host_session_id=3562478812, host_sequence=7388, event_sequence=44040311, anchor_id=0, pair_initiator_id=0, pair_responder_id=0, previous_hop_id=0, progress_count=3, total_count=3, success_count=0, failure_count=0, duplicate_count=0, lost_event_count=0, hop_count=0, discovery_slot=255)
BLE_CHUNK len=118 hex=4757012801060000560478007800a00266667777888899996666777788889999000000004e0081d2014e010c0100000004016a00dc1c57d46800a002dc1c57d4dc1c00007800a002000000000000000000000000000000000000000000000000000000000000000003000300030000000000000000ff
BLE_PACKET type=0x56 src=0x9999888877776666 dst=0x9999888877776666 session=44040312 seq=120 payload=014e010c0100000004016a00dc1c57d46800a002dc1c57d4dc1c00007800a002000000000000000000000000000000000000000000000000000000000000000003000300030000000000000000ff
GATEWAY_COMMAND_EVENT GatewayCommandEvent(command_kind=1, stage=12, flags=1, attempt=0, command_status=0, reason=0, command_id=260, route_epoch=106, correlation_id=3562478812, gateway_sequence=44040296, host_session_id=3562478812, host_sequence=7388, event_sequence=44040312, anchor_id=0, pair_initiator_id=0, pair_responder_id=0, previous_hop_id=0, progress_count=3, total_count=3, success_count=3, failure_count=0, duplicate_count=0, lost_event_count=0, hop_count=0, discovery_slot=255)
BLE_HOST_RECEIPT type=0x56 src=0x9999888877776666 session=44040311 seq=119
BLE_HOST_RECEIPT type=0x56 src=0x9999888877776666 session=44040312 seq=120
HERE_I_AM_REACHABILITY_QUALIFICATION_OK anchors=3 direct=2 multihop=1 retries=0
BLE_COMPLETE packets=19
