[34m0000526[0m [36mI[0m Target type is nrf52833 [2m[board][0m
[34m0000556[0m [36mI[0m Performing connect pre-reset [2m[coresight_target][0m
[34m0000807[0m [36mI[0m DAP is not accessible after reset; attempting reconnect [2m[dap][0m
[34m0000914[0m [36mI[0m DP IDR = 0x2ba01477 (v1 rev2) [2m[dap][0m
[34m0000920[0m [36mI[0m AHB-AP#0 IDR = 0x24770011 (AHB-AP var1 rev2) [2m[discovery][0m
[34m0000921[0m [36mI[0m AP#1 IDR = 0x02880000 (AP var0 rev0) [2m[discovery][0m
[34m0000922[0m [36mI[0m NRF52833 not in secure state [2m[target_nRF52][0m
[34m0000926[0m [36mI[0m AHB-AP#0 Class 0x1 ROM table #0 @ 0xe00ff000 (designer=244 part=00d) [2m[rom_table][0m
[34m0000928[0m [36mI[0m [0]<e000e000:SCS v7-M class=14 designer=43b:Arm part=00c> [2m[rom_table][0m
[34m0000930[0m [36mI[0m [1]<e0001000:DWT v7-M class=14 designer=43b:Arm part=002> [2m[rom_table][0m
[34m0000931[0m [36mI[0m [2]<e0002000:FPB v7-M class=14 designer=43b:Arm part=003> [2m[rom_table][0m
[34m0000933[0m [36mI[0m [3]<e0000000:ITM v7-M class=14 designer=43b:Arm part=001> [2m[rom_table][0m
[34m0000935[0m [36mI[0m [4]<e0040000:TPIU M4 class=9 designer=43b:Arm part=9a1 devtype=11 archid=0000 devid=ca1:0:0> [2m[rom_table][0m
[34m0000938[0m [36mI[0m [5]<e0041000:ETM M4 class=9 designer=43b:Arm part=925 devtype=13 archid=0000 devid=0:0:0> [2m[rom_table][0m
[34m0000942[0m [36mI[0m CPU core #0: Cortex-M4 r0p1, v7.0-M architecture [2m[cortex_m][0m
[34m0000942[0m [36mI[0m   Extensions: [DSP, FPU, FPU_V4, MPU] [2m[cortex_m][0m
[34m0000942[0m [36mI[0m   FPU present: FPv4-SP-D16-M [2m[cortex_m][0m
[34m0000944[0m [36mI[0m This appears to be an nRF52833 AA B0 [2m[target_nRF52][0m
[34m0000949[0m [36mI[0m 4 hardware watchpoints [2m[dwt][0m
[34m0000950[0m [36mI[0m 6 hardware breakpoints, 4 literal comparators [2m[fpb][0m
[34m0000974[0m [36mI[0m 3 up channels and 3 down channels found [2m[rtt_cmd][0m
[34m0000974[0m [36mI[0m Reading from up channel 0 ("Terminal") [2m[rtt_cmd][0m
[34m0000976[0m [36mI[0m Writing to down channel 0 ("Terminal") [2m[rtt_cmd][0m
DBG_STACK_BOOT preset=mesh_gateway build=imec-stack-v1:mesh_gateway:951c6e22de67cae0ee159049f7f60500cfb022e2b2067237f7f1b55d411f1192 epoch=868800254426389834 uptime=2
mesh node identity: ficr=0xeefc9670907f2ef7 node=0x9999888877776666 preset=mesh_gateway
DBG_LED_SELFTEST_CH5_RX
DBG_DIRECT_GW_PROBE_BOOT resetreas=0x00000000 phase=none
DBG_NODE_COMM_BOOT stage=init ret=0 running=1 uptime=1013
DBG_GATEWAY_BOOT stage=ble_begin uptime=1022
DBG_GATEWAY_BLE stage=entry enabled=1 uptime=1022
DBG_GATEWAY_BLE stage=bt_enable ret=0 uptime=1028
DBG_GATEWAY_BLE stage=adv_start ret=0 active=1 quiet=0 uptime=1029
DBG_GATEWAY_BOOT stage=ble_done ret=0 uptime=1030
DBG_GATEWAY_BOOT stage=ch9_begin uptime=1030
DBG_GATEWAY_RX_START reason=gateway startup active=1 qrx=0 qtx=0 adv_due=0
DBG_GATEWAY_BOOT stage=ch9_done ret=0 uptime=1030
DBG_COORD state=gateway-rx owner=uwb-rx reason=gateway-rx rx=0 tx=0 relay=0 route=0 ack=0 qack=0
DBG_DWM_INVALIDATE tag=configure_radio_from_reset active_phy=0 configured=0 awake=0
DBG_GATEWAY_CH9_RX_CONT_RESULT start=7088 end=7589 ret=-116 fail=0 status=0x00000000 len=0 frames=0
DBG_GATEWAY_CH9_RX_CONT_ARM now=7591 rem=500 frames=0 errors=0
DBG_GATEWAY_CH9_RX_CONT_RESULT start=7591 end=8092 ret=-116 fail=0 status=0x00000000 len=0 frames=0
DBG_GATEWAY_CH9_RX_CONT_ARM now=8094 rem=500 frames=0 errors=0
DBG_GATEWAY_CH9_RX_CONT_RESULT start=8094 end=8595 ret=-116 fail=0 status=0x00000000 len=0 frames=0
DBG_GATEWAY_CH9_RX_CONT_ARM now=8597 rem=500 frames=0 errors=0
DBG_GATEWAY_CH9_RX_CONT_RESULT start=8597 end=9098 ret=-116 fail=0 status=0x00000000 len=0 frames=0
DBG_GATEWAY_CH9_RX_CONT_ARM now=9100 rem=500 frames=0 errors=0
DBG_GATEWAY_CH9_RX_CONT_RESULT start=9100 end=9601 ret=-116 fail=0 status=0x00000000 len=0 frames=0
DBG_GATEWAY_CH9_RX_CONT_ARM now=9603 rem=500 frames=0 errors=0
DBG_GATEWAY_CH9_RX_CONT_RESULT start=9603 end=10104 ret=-116 fail=0 status=0x00000000 len=0 frames=0
DBG_GATEWAY_CH9_RX_CONT_ARM now=10106 rem=500 frames=0 errors=0
DBG_GATEWAY_CH9_RX_CONT_RESULT start=10106 end=10607 ret=-116 fail=0 status=0x00000000 len=0 frames=0
DBG_GATEWAY_CH9_RX_CONT_ARM now=10609 rem=500 frames=0 errors=0
DBG_GATEWAY_CH9_RX_CONT_RESULT start=10609 end=11110 ret=-116 fail=0 status=0x00000000 len=0 frames=0
DBG_GATEWAY_CH9_RX_CONT_ARM now=11112 rem=500 frames=0 errors=0
DBG_GATEWAY_CH9_RX_CONT_RESULT start=11112 end=11613 ret=-116 fail=0 status=0x00000000 len=0 frames=0
DBG_GATEWAY_CH9_RX_CONT_ARM now=11615 rem=500 frames=0 errors=0
DBG_GATEWAY_CH9_RX_CONT_RESULT start=11615 end=12116 ret=-116 fail=0 status=0x00000000 len=0 frames=0
DBG_GATEWAY_CH9_RX_CONT_ARM now=12118 rem=500 frames=0 errors=0
DBG_GATEWAY_CH9_RX_CONT_RESULT start=12118 end=12619 ret=-116 fail=0 status=0x00000000 len=0 frames=0
DBG_GATEWAY_CH9_RX_CONT_ARM now=12621 rem=500 frames=0 errors=0
DBG_GATEWAY_CH9_RX_CONT_RESULT start=12621 end=13122 ret=-116 fail=0 status=0x00000000 len=0 frames=0
DBG_GATEWAY_CH9_RX_CONT_ARM now=13124 rem=500 frames=0 errors=0
DBG_GATEWAY_CH9_RX_CONT_RESULT start=13124 end=13625 ret=-116 fail=0 status=0x00000000 len=0 frames=0
DBG_GATEWAY_CH9_RX_CONT_ARM now=13627 rem=500 frames=0 errors=0
DBG_GATEWAY_CH9_RX_CONT_RESULT start=13627 end=14128 ret=-116 fail=0 status=0x00000000 len=0 frames=0
DBG_GATEWAY_CH9_RX_CONT_ARM now=14130 rem=500 frames=0 errors=0
DBG_GATEWAY_CH9_RX_CONT_RESULT start=14130 end=14631 ret=-116 fail=0 status=0x00000000 len=0 frames=0
DBG_GATEWAY_CH9_RX_CONT_ARM now=14633 rem=500 frames=0 errors=0
DBG_GATEWAY_CH9_RX_CONT_RESULT start=14633 end=15134 ret=-116 fail=0 status=0x00000000 len=0 frames=0
DBG_GATEWAY_CH9_RX_CONT_ARM now=15136 rem=500 frames=0 errors=0
DBG_GATEWAY_CH9_RX_CONT_RESULT start=15136 end=15637 ret=-116 fail=0 status=0x00000000 len=0 frames=0
DBG_GATEWAY_CH9_RX_CONT_ARM now=15639 rem=500 frames=0 errors=0
DBG_GATEWAY_CH9_RX_CONT_RESULT start=15639 end=16140 ret=-116 fail=0 status=0x00000000 len=0 frames=0
DBG_GATEWAY_CH9_RX_CONT_ARM now=16142 rem=500 frames=0 errors=0
DBG_GATEWAY_CH9_RX_CONT_RESULT start=16142 end=16643 ret=-116 fail=0 status=0x00000000 len=0 frames=0
DBG_GATEWAY_CH9_RX_CONT_ARM now=16645 rem=500 frames=0 errors=0
DBG_GATEWAY_CH9_RX_CONT_RESULT start=16645 end=17146 ret=-116 fail=0 status=0x00000000 len=0 frames=0
DBG_GATEWAY_CH9_RX_CONT_ARM now=17148 rem=500 frames=0 errors=0
DBG_GATEWAY_CH9_RX_CONT_RESULT start=17148 end=17649 ret=-116 fail=0 status=0x00000000 len=0 frames=0
DBG_GATEWAY_CH9_RX_CONT_ARM now=17651 rem=500 frames=0 errors=0
DBG_GATEWAY_CH9_RX_CONT_RESULT start=17651 end=18152 ret=-116 fail=0 status=0x00000000 len=0 frames=0
DBG_GATEWAY_CH9_RX_CONT_ARM now=18154 rem=500 frames=0 errors=0
DBG_GATEWAY_CH9_RX_CONT_RESULT start=18154 end=18655 ret=-116 fail=0 status=0x00000000 len=0 frames=0
DBG_GATEWAY_CH9_RX_CONT_ARM now=18657 rem=500 frames=0 errors=0
DBG_GATEWAY_CH9_RX_CONT_RESULT start=18657 end=19158 ret=-116 fail=0 status=0x00000000 len=0 frames=0
DBG_GATEWAY_CH9_RX_CONT_ARM now=19160 rem=500 frames=0 errors=0
DBG_GATEWAY_CH9_RX_CONT_RESULT start=19160 end=19661 ret=-116 fail=0 status=0x00000000 len=0 frames=0
DBG_GATEWAY_CH9_RX_CONT_ARM now=19663 rem=500 frames=0 errors=0
DBG_GATEWAY_CH9_RX_CONT_RESULT start=19663 end=20164 ret=-116 fail=0 status=0x00000000 len=0 frames=0
DBG_GATEWAY_CH9_RX_CONT_ARM now=20166 rem=500 frames=0 errors=0
DBG_GATEWAY_CH9_RX_CONT_RESULT start=20166 end=20667 ret=-116 fail=0 status=0x00000000 len=0 frames=0
DBG_GATEWAY_CH9_RX_CONT_ARM now=20669 rem=500 frames=0 errors=0
DBG_GATEWAY_CH9_RX_CONT_RESULT start=20669 end=21170 ret=-116 fail=0 status=0x00000000 len=0 frames=0
DBG_GATEWAY_CH9_RX_CONT_ARM now=21172 rem=500 frames=0 errors=0
DBG_GATEWAY_CH9_RX_CONT_RESULT start=21172 end=21673 ret=-116 fail=0 status=0x00000000 len=0 frames=0
DBG_GATEWAY_CH9_RX_CONT_ARM now=21675 rem=500 frames=0 errors=0
DBG_GATEWAY_CH9_RX_CONT_RESULT start=21675 end=22176 ret=-116 fail=0 status=0x00000000 len=0 frames=0
DBG_GATEWAY_CH9_RX_CONT_ARM now=22178 rem=500 frames=0 errors=0
DBG_GATEWAY_CH9_RX_CONT_RESULT start=22178 end=22679 ret=-116 fail=0 status=0x00000000 len=0 frames=0
DBG_GATEWAY_CH9_RX_CONT_ARM now=22681 rem=500 frames=0 errors=0
DBG_GATEWAY_CH9_RX_CONT_RESULT start=22681 end=23182 ret=-116 fail=0 status=0x00000000 len=0 frames=0
DBG_GATEWAY_CH9_RX_CONT_ARM now=23184 rem=500 frames=0 errors=0
DBG_GATEWAY_CH9_RX_CONT_RESULT start=23184 end=23685 ret=-116 fail=0 status=0x00000000 len=0 frames=0
DBG_GATEWAY_CH9_RX_CONT_ARM now=23687 rem=500 frames=0 errors=0
DBG_GATEWAY_CH9_RX_CONT_RESULT start=23687 end=24188 ret=-116 fail=0 status=0x00000000 len=0 frames=0
DBG_GATEWAY_CH9_RX_CONT_ARM now=24190 rem=500 frames=0 errors=0
DBG_GATEWAY_CH9_RX_CONT_RESULT start=24190 end=24691 ret=-116 fail=0 status=0x00000000 len=0 frames=0
DBG_GATEWAY_CH9_RX_CONT_ARM now=24693 rem=500 frames=0 errors=0
DBG_GATEWAY_CH9_RX_CONT_RESULT start=24693 end=25194 ret=-116 fail=0 status=0x00000000 len=0 frames=0
DBG_GATEWAY_CH9_RX_CONT_ARM now=25196 rem=500 frames=0 errors=0
DBG_GATEWAY_CH9_RX_CONT_RESULT start=25196 end=25697 ret=-116 fail=0 status=0x00000000 len=0 frames=0
DBG_GATEWAY_CH9_RX_CONT_ARM now=25699 rem=500 frames=0 errors=0
DBG_GATEWAY_CH9_RX_CONT_RESULT start=25699 end=26200 ret=-116 fail=0 status=0x00000000 len=0 frames=0
DBG_GATEWAY_CH9_RX_CONT_ARM now=26202 rem=500 frames=0 errors=0
DBG_GATEWAY_CH9_RX_CONT_RESULT start=26202 end=26703 ret=-116 fail=0 status=0x00000000 len=0 frames=0
DBG_GATEWAY_CH9_RX_CONT_ARM now=26705 rem=500 frames=0 errors=0
DBG_GATEWAY_CH9_RX_CONT_RESULT start=26705 end=27206 ret=-116 fail=0 status=0x00000000 len=0 frames=0
DBG_GATEWAY_CH9_RX_CONT_ARM now=27208 rem=500 frames=0 errors=0
DBG_GATEWAY_CH9_RX_CONT_RESULT start=27208 end=27709 ret=-116 fail=0 status=0x00000000 len=0 frames=0
DBG_GATEWAY_CH9_RX_CONT_ARM now=27711 rem=500 frames=0 errors=0
DBG_GATEWAY_CH9_RX_CONT_RESULT start=27711 end=28212 ret=-116 fail=0 status=0x00000000 len=0 frames=0
DBG_GATEWAY_CH9_RX_CONT_ARM now=28214 rem=500 frames=0 errors=0
DBG_GATEWAY_CH9_RX_CONT_RESULT start=28214 end=28715 ret=-116 fail=0 status=0x00000000 len=0 frames=0
DBG_GATEWAY_CH9_RX_CONT_ARM now=28717 rem=500 frames=0 errors=0
DBG_GATEWAY_CH9_RX_CONT_RESULT start=28717 end=29218 ret=-116 fail=0 status=0x00000000 len=0 frames=0
DBG_GATEWAY_CH9_RX_CONT_ARM now=29220 rem=500 frames=0 errors=0
DBG_GATEWAY_CH9_RX_CONT_RESULT start=29220 end=29721 ret=-116 fail=0 status=0x00000000 len=0 frames=0
DBG_GATEWAY_CH9_RX_CONT_ARM now=29723 rem=500 frames=0 errors=0
DBG_GATEWAY_CH9_RX_CONT_RESULT start=29723 end=30224 ret=-116 fail=0 status=0x00000000 len=0 frames=0
DBG_GATEWAY_CH9_RX_CONT_ARM now=30226 rem=500 frames=0 errors=0
DBG_GATEWAY_CH9_RX_CONT_RESULT start=30226 end=30727 ret=-116 fail=0 status=0x00000000 len=0 frames=0
DBG_GATEWAY_CH9_RX_CONT_ARM now=30729 rem=500 frames=0 errors=0
DBG_GATEWAY_CH9_RX_CONT_RESULT start=30729 end=31230 ret=-116 fail=0 status=0x00000000 len=0 frames=0
DBG_GATEWAY_CH9_RX_CONT_ARM now=31232 rem=500 frames=0 errors=0
DBG_GATEWAY_CH9_RX_CONT_RESULT start=31232 end=31733 ret=-116 fail=0 status=0x00000000 len=0 frames=0
DBG_GATEWAY_CH9_RX_CONT_ARM now=31735 rem=500 frames=0 errors=0
DBG_GATEWAY_CH9_RX_CONT_RESULT start=31735 end=32236 ret=-116 fail=0 status=0x00000000 len=0 frames=0
DBG_GATEWAY_CH9_RX_CONT_ARM now=32238 rem=500 frames=0 errors=0
DBG_GATEWAY_CH9_RX_CONT_RESULT start=32238 end=32739 ret=-116 fail=0 status=0x00000000 len=0 frames=0
DBG_GATEWAY_CH9_RX_CONT_ARM now=32741 rem=500 frames=0 errors=0
DBG_GATEWAY_CH9_RX_CONT_RESULT start=32741 end=33242 ret=-116 fail=0 status=0x00000000 len=0 frames=0
DBG_GATEWAY_CH9_RX_CONT_ARM now=33244 rem=500 frames=0 errors=0
DBG_GATEWAY_CH9_RX_CONT_RESULT start=33244 end=33745 ret=-116 fail=0 status=0x00000000 len=0 frames=0
DBG_GATEWAY_CH9_RX_CONT_ARM now=33747 rem=500 frames=0 errors=0
DBG_GATEWAY_CH9_RX_CONT_RESULT start=33747 end=34248 ret=-116 fail=0 status=0x00000000 len=0 frames=0
DBG_GATEWAY_CH9_RX_CONT_ARM now=34250 rem=500 frames=0 errors=0
DBG_GATEWAY_CH9_RX_CONT_RESULT start=34250 end=34751 ret=-116 fail=0 status=0x00000000 len=0 frames=0
DBG_GATEWAY_CH9_RX_CONT_ARM now=34753 rem=500 frames=0 errors=0
DBG_GATEWAY_CH9_RX_CONT_RESULT start=34753 end=35254 ret=-116 fail=0 status=0x00000000 len=0 frames=0
DBG_GATEWAY_CH9_RX_CONT_ARM now=35256 rem=500 frames=0 errors=0
DBG_GATEWAY_CH9_RX_CONT_RESULT start=35256 end=35757 ret=-116 fail=0 status=0x00000000 len=0 frames=0
DBG_GATEWAY_CH9_RX_CONT_ARM now=35759 rem=500 frames=0 errors=0
DBG_GATEWAY_CH9_RX_CONT_RESULT start=35759 end=36260 ret=-116 fail=0 status=0x00000000 len=0 frames=0
DBG_GATEWAY_CH9_RX_CONT_ARM now=36262 rem=500 frames=0 errors=0
DBG_GATEWAY_CH9_RX_CONT_RESULT start=36262 end=36763 ret=-116 fail=0 status=0x00000000 len=0 frames=0
DBG_GATEWAY_CH9_RX_CONT_ARM now=36765 rem=500 frames=0 errors=0
DBG_GATEWAY_CH9_RX_CONT_RESULT start=36765 end=37266 ret=-116 fail=0 status=0x00000000 len=0 frames=0
DBG_GATEWAY_CH9_RX_CONT_ARM now=37268 rem=500 frames=0 errors=0
DBG_GATEWAY_CH9_RX_CONT_RESULT start=37268 end=37769 ret=-116 fail=0 status=0x00000000 len=0 frames=0
DBG_GATEWAY_CH9_RX_CONT_ARM now=37771 rem=500 frames=0 errors=0
DBG_GATEWAY_CH9_RX_CONT_RESULT start=37771 end=38272 ret=-116 fail=0 status=0x00000000 len=0 frames=0
DBG_GATEWAY_CH9_RX_CONT_ARM now=38274 rem=500 frames=0 errors=0
DBG_GATEWAY_BLE event=connected err=0 uptime=38594
DBG_GATEWAY_BLE event=param-request ret=0 interval=24-40 latency=0 timeout_ms=12000 uptime=38594
DBG_GATEWAY_CH9_RX_CONT_RESULT start=38274 end=38775 ret=-116 fail=0 status=0x00000000 len=0 frames=0
DBG_GATEWAY_CH9_RX_CONT_ARM now=38777 rem=500 frames=0 errors=0
DBG_GATEWAY_CH9_RX_CONT_RESULT start=38777 end=39278 ret=-116 fail=0 status=0x00000000 len=0 frames=0
DBG_GATEWAY_CH9_RX_CONT_ARM now=39280 rem=500 frames=0 errors=0
DBG_GATEWAY_CH9_RX_CONT_RESULT start=39280 end=39781 ret=-116 fail=0 status=0x00000000 len=0 frames=0
DBG_GATEWAY_CH9_RX_CONT_ARM now=39783 rem=500 frames=0 errors=0
DBG_GATEWAY_CH9_RX_CONT_RESULT start=39783 end=40284 ret=-116 fail=0 status=0x00000000 len=0 frames=0
DBG_GATEWAY_CH9_RX_CONT_ARM now=40286 rem=500 frames=0 errors=0
DBG_GATEWAY_CH9_RX_CONT_RESULT start=40286 end=40787 ret=-116 fail=0 status=0x00000000 len=0 frames=0
DBG_GATEWAY_CH9_RX_CONT_ARM now=40789 rem=500 frames=0 errors=0
DBG_GATEWAY_COMMAND_PRIORITY_SUBMIT ret=0 now=40916
DBG_STACK_RUN_BEGIN epoch=868800254426389834 run=1 kind=ble_backpressure owner=system_workqueue queue=1 custody=1 credit=0 retry=0 drain=1 src=11068027678940948070 dst=11068027678940948070 session=37486593 seq=1 type=86 sequence=0 previous=0 uptime=40916
DBG_STACK_SAMPLE_BEGIN epoch=868800254426389834 run=1 sample=1 kind=ble_backpressure owner=system_workqueue queue=1 custody=1 credit=0 retry=0 drain=1 src=11068027678940948070 dst=11068027678940948070 session=37486593 seq=1 type=86 uptime=40916
DBG_STACK_ISR_CONFIG size=8192 run=1 sample=1
DBG_STACK name=BT RX WQ tid=0x2000fe18 used=760 free=776 size=1536 ret=0 run=1 sample=1
DBG_STACK name=mesh_route tid=0x2000d560 used=2024 free=6168 size=8192 ret=0 run=1 sample=1
DBG_STACK name=sysworkq tid=0x20010d70 used=2304 free=2176 size=4480 ret=0 run=1 sample=1
DBG_STACK name=MPSL Work tid=0x20010b28 used=440 free=584 size=1024 ret=0 run=1 sample=1
DBG_STACK name=logging tid=0x2000f920 used=480 free=1568 size=2048 ret=0 run=1 sample=1
DBG_STACK name=idle tid=0x20010c00 used=64 free=256 size=320 ret=0 run=1 sample=1
DBG_STACK_SAMPLE_END run=1 sample=1
DBG_STACK_RUN_END epoch=868800254426389834 run=1 kind=ble_backpressure owner=system_workqueue outcome=ack queue=2 custody=0 credit=1 retry=0 drain=2 src=11068027678940948070 dst=11068027678940948070 session=37486593 seq=1 type=86 samples=1 sequence=0 previous=0 uptime=40936
DBG_DWM_MARK_UNCONFIGURED tag=initialise_radio prev_phy=0
DBG_GATEWAY_BLE event=param-updated interval=36 latency=0 timeout_ms=420 uptime=40959
DBG_WAKE_TRAIN_CONFIG_BEGIN
DBG_DWM_INVALIDATE tag=configure_radio_from_reset active_phy=2 configured=1 awake=0
DBG_DWM_MARK_UNCONFIGURED tag=initialise_radio prev_phy=0
DBG_WAKE_TRAIN_CONFIG_OK
DBG_WAKE_TRAIN_FIRST_SEND_BEGIN
DBG_WAKE_TRAIN_FIRST_SEND_OK
DBG_UWB_TX_CH5
DBG_TX_WAKE_CLAIM_SENT
DBG_UWB_TX_CH5
DBG_TX_WAKE_CLAIM_SENT
DBG_UWB_TX_CH5
DBG_TX_WAKE_CLAIM_SENT
DBG_UWB_TX_CH5
DBG_TX_WAKE_CLAIM_SENT
DBG_UWB_TX_CH5
DBG_TX_WAKE_CLAIM_SENT
DBG_UWB_TX_CH5
DBG_TX_WAKE_CLAIM_SENT
DBG_UWB_TX_CH5
DBG_TX_WAKE_CLAIM_SENT
DBG_UWB_TX_CH5
DBG_TX_WAKE_CLAIM_SENT
DBG_UWB_TX_CH5
DBG_TX_WAKE_CLAIM_SENT
DBG_UWB_TX_CH5
DBG_TX_WAKE_CLAIM_SENT
DBG_UWB_TX_CH5
DBG_TX_WAKE_CLAIM_SENT
DBG_UWB_TX_CH5
DBG_TX_WAKE_CLAIM_SENT
DBG_UWB_TX_CH5
DBG_TX_WAKE_CLAIM_SENT
DBG_UWB_TX_CH5
DBG_TX_WAKE_CLAIM_SENT
DBG_UWB_TX_CH5
DBG_TX_WAKE_CLAIM_SENT
DBG_UWB_TX_CH5
DBG_TX_WAKE_CLAIM_SENT
DBG_UWB_TX_CH5
DBG_TX_WAKE_CLAIM_SENT
DBG_UWB_TX_CH5
DBG_TX_WAKE_CLAIM_SENT
DBG_UWB_TX_CH5
DBG_TX_WAKE_CLAIM_SENT
DBG_UWB_TX_CH5
DBG_TX_WAKE_CLAIM_SENT
DBG_UWB_TX_CH5
DBG_TX_WAKE_CLAIM_SENT
DBG_UWB_TX_CH5
DBG_TX_WAKE_CLAIM_SENT
DBG_UWB_TX_CH5
DBG_TX_WAKE_CLAIM_SENT
DBG_STACK_RUN_BEGIN epoch=868800254426389834 run=2 kind=ble_backpressure owner=system_workqueue queue=1 custody=1 credit=0 retry=0 drain=1 src=11068027678940948070 dst=11068027678940948070 session=37486594 seq=2 type=86 sequence=0 previous=0 uptime=41140
DBG_STACK_SAMPLE_BEGIN epoch=868800254426389834 run=2 sample=2 kind=ble_backpressure owner=system_workqueue queue=1 custody=1 credit=0 retry=0 drain=1 src=11068027678940948070 dst=11068027678940948070 session=37486594 seq=2 type=86 uptime=41141
DBG_STACK_ISR_CONFIG size=8192 run=2 sample=2
DBG_STACK name=BT RX WQ tid=0x2000fe18 used=760 free=776 size=1536 ret=0 run=2 sample=2
DBG_STACK name=mesh_route tid=0x2000d560 used=2272 free=5920 size=8192 ret=0 run=2 sample=2
DBG_STACK name=sysworkq tid=0x20010d70 used=2304 free=2176 size=4480 ret=0 run=2 sample=2
DBG_STACK name=MPSL Work tid=0x20010b28 used=440 free=584 size=1024 ret=0 run=2 sample=2
DBG_STACK name=logging tid=0x2000f920 used=480 free=1568 size=2048 ret=0 run=2 sample=2
DBG_STACK name=idle tid=0x20010c00 used=64 free=256 size=320 ret=0 run=2 sample=2
DBG_STACK_SAMPLE_END run=2 sample=2
DBG_STACK_RUN_END epoch=868800254426389834 run=2 kind=ble_backpressure owner=system_workqueue outcome=ack queue=1 custody=0 credit=1 retry=0 drain=1 src=11068027678940948070 dst=11068027678940948070 session=37486594 seq=2 type=86 samples=1 sequence=0 previous=0 uptime=41165
DBG_UWB_TX_CH5
DBG_TX_WAKE_CLAIM_SENT
DBG_UWB_TX_CH5
DBG_TX_WAKE_CLAIM_SENT
DBG_UWB_TX_CH5
DBG_TX_WAKE_CLAIM_SENT
DBG_UWB_TX_CH5
DBG_TX_WAKE_CLAIM_SENT
DBG_UWB_TX_CH5
DBG_TX_WAKE_CLAIM_SENT
DBG_UWB_TX_CH5
DBG_TX_WAKE_CLAIM_SENT
DBG_UWB_TX_CH5
DBG_TX_WAKE_CLAIM_SENT
DBG_UWB_TX_CH5
DBG_TX_WAKE_CLAIM_SENT
DBG_UWB_TX_CH5
DBG_TX_WAKE_CLAIM_SENT
DBG_UWB_TX_CH5
DBG_TX_WAKE_CLAIM_SENT
DBG_UWB_TX_CH5
DBG_TX_WAKE_CLAIM_SENT
DBG_UWB_TX_CH5
DBG_TX_WAKE_CLAIM_SENT
DBG_UWB_TX_CH5
DBG_TX_WAKE_CLAIM_SENT
DBG_UWB_TX_CH5
DBG_TX_WAKE_CLAIM_SENT
DBG_UWB_TX_CH5
DBG_TX_WAKE_CLAIM_SENT
DBG_UWB_TX_CH5
DBG_TX_WAKE_CLAIM_SENT
DBG_UWB_TX_CH5
DBG_TX_WAKE_CLAIM_SENT
DBG_UWB_TX_CH5
DBG_TX_WAKE_CLAIM_SENT
DBG_UWB_TX_CH5
DBG_TX_WAKE_CLAIM_SENT
DBG_UWB_TX_CH5
DBG_TX_WAKE_CLAIM_SENT
DBG_UWB_TX_CH5
DBG_TX_WAKE_CLAIM_SENT
DBG_UWB_TX_CH5
DBG_TX_WAKE_CLAIM_SENT
DBG_UWB_TX_CH5
DBG_TX_WAKE_CLAIM_SENT
DBG_UWB_TX_CH5
DBG_TX_WAKE_CLAIM_SENT
DBG_UWB_TX_CH5
DBG_TX_WAKE_CLAIM_SENT
DBG_UWB_TX_CH5
DBG_TX_WAKE_CLAIM_SENT
DBG_UWB_TX_CH5
DBG_TX_WAKE_CLAIM_SENT
DBG_UWB_TX_CH5
DBG_TX_WAKE_CLAIM_SENT
DBG_UWB_TX_CH5
DBG_TX_WAKE_CLAIM_SENT
DBG_UWB_TX_CH5
DBG_TX_WAKE_CLAIM_SENT
DBG_UWB_TX_CH5
DBG_TX_WAKE_CLAIM_SENT
DBG_UWB_TX_CH5
DBG_TX_WAKE_CLAIM_SENT
DBG_UWB_TX_CH5
DBG_TX_WAKE_CLAIM_SENT
DBG_UWB_TX_CH5
DBG_TX_WAKE_CLAIM_SENT
DBG_UWB_TX_CH5
DBG_TX_WAKE_CLAIM_SENT
DBG_DWM_INVALIDATE tag=configure_radio_from_reset active_phy=2 configured=1 awake=1
DBG_DWM_MARK_UNCONFIGURED tag=initialise_radio prev_phy=0
DBG_DWM_INVALIDATE tag=configure_radio_from_reset active_phy=2 configured=1 awake=0
DBG_DWM_MARK_UNCONFIGURED tag=initialise_radio prev_phy=0
DBG_DWM_INVALIDATE tag=configure_radio_from_reset active_phy=2 configured=1 awake=0
DBG_DWM_MARK_UNCONFIGURED tag=initialise_radio prev_phy=0
DBG_DWM_WAKE_MESH_CTRL_OK sfd=4073
DBG_C5_TX_CONFIG ret=0 ext=1 len=178 msg=3c reason=bounded-c5-flood
DBG_UWB_TX_CH5
DBG_DWM_INVALIDATE tag=configure_radio_from_reset active_phy=4 configured=1 awake=0
DBG_DWM_MARK_UNCONFIGURED tag=initialise_radio prev_phy=0
DBG_DWM_WAKE_MESH_CTRL_OK sfd=4073
DBG_DWM_INVALIDATE tag=configure_radio_from_reset active_phy=4 configured=1 awake=0
DBG_DWM_MARK_UNCONFIGURED tag=initialise_radio prev_phy=0
DBG_DWM_INVALIDATE tag=configure_radio_from_reset active_phy=2 configured=1 awake=0
DBG_DWM_MARK_UNCONFIGURED tag=initialise_radio prev_phy=0
DBG_DWM_WAKE_MESH_CTRL_OK sfd=4073
DBG_C5_TX_CONFIG ret=0 ext=1 len=178 msg=3c reason=bounded-c5-flood
DBG_UWB_TX_CH5
DBG_DWM_INVALIDATE tag=configure_radio_from_reset active_phy=4 configured=1 awake=0
DBG_DWM_MARK_UNCONFIGURED tag=initialise_radio prev_phy=0
DBG_DWM_WAKE_MESH_CTRL_OK sfd=4073
DBG_DWM_INVALIDATE tag=configure_radio_from_reset active_phy=4 configured=1 awake=0
DBG_DWM_MARK_UNCONFIGURED tag=initialise_radio prev_phy=0
DBG_DWM_INVALIDATE tag=configure_radio_from_reset active_phy=2 configured=1 awake=0
DBG_DWM_MARK_UNCONFIGURED tag=initialise_radio prev_phy=0
DBG_DWM_WAKE_MESH_CTRL_OK sfd=4073
DBG_C5_TX_CONFIG ret=0 ext=1 len=178 msg=3c reason=bounded-c5-flood
DBG_UWB_TX_CH5
DBG_DWM_INVALIDATE tag=configure_radio_from_reset active_phy=4 configured=1 awake=0
DBG_DWM_MARK_UNCONFIGURED tag=initialise_radio prev_phy=0
DBG_DWM_WAKE_MESH_CTRL_OK sfd=4073
DBG_DWM_INVALIDATE tag=configure_radio_from_reset active_phy=4 configured=1 awake=0
DBG_DWM_MARK_UNCONFIGURED tag=initialise_radio prev_phy=0
DBG_DWM_INVALIDATE tag=configure_radio_from_reset active_phy=2 configured=1 awake=0
DBG_DWM_MARK_UNCONFIGURED tag=initialise_radio prev_phy=0
DBG_DWM_WAKE_MESH_CTRL_OK sfd=4073
DBG_C5_TX_CONFIG ret=0 ext=1 len=178 msg=3c reason=bounded-c5-flood
DBG_UWB_TX_CH5
DBG_GATEWAY_RX_START reason=gateway mesh restart active=1 qrx=0 qtx=0 adv_due=0
DBG_STACK_RUN_BEGIN epoch=868800254426389834 run=3 kind=ble_backpressure owner=system_workqueue queue=1 custody=1 credit=0 retry=0 drain=1 src=11068027678940948070 dst=11068027678940948070 session=37486596 seq=4 type=86 sequence=0 previous=0 uptime=41854
DBG_STACK_SAMPLE_BEGIN epoch=868800254426389834 run=3 sample=3 kind=ble_backpressure owner=system_workqueue queue=1 custody=1 credit=0 retry=0 drain=1 src=11068027678940948070 dst=11068027678940948070 session=37486596 seq=4 type=86 uptime=41854
DBG_STACK_ISR_CONFIG size=8192 run=3 sample=3
DBG_STACK name=BT RX WQ tid=0x2000fe18 used=760 free=776 size=1536 ret=0 run=3 sample=3
DBG_STACK name=mesh_route tid=0x2000d560 used=4328 free=3864 size=8192 ret=0 run=3 sample=3
DBG_STACK name=sysworkq tid=0x20010d70 used=2304 free=2176 size=4480 ret=0 run=3 sample=3
DBG_STACK name=MPSL Work tid=0x20010b28 used=440 free=584 size=1024 ret=0 run=3 sample=3
DBG_STACK name=logging tid=0x2000f920 used=480 free=1568 size=2048 ret=0 run=3 sample=3
DBG_STACK name=idle tid=0x20010c00 used=64 free=256 size=320 ret=0 run=3 sample=3
DBG_STACK_SAMPLE_END run=3 sample=3
DBG_STACK_RUN_END epoch=868800254426389834 run=3 kind=ble_backpressure owner=system_workqueue outcome=ack queue=1 custody=0 credit=1 retry=0 drain=1 src=11068027678940948070 dst=11068027678940948070 session=37486596 seq=4 type=86 samples=1 sequence=0 previous=0 uptime=41881
DBG_GATEWAY_CH9_RX_CONT_ARM now=41884 rem=500 frames=0 errors=0
DBG_GATEWAY_CH9_RX_CONT_RESULT start=41884 end=42384 ret=-116 fail=0 status=0x02000000 len=0 frames=0
DBG_GATEWAY_CH9_RX_CONT_CAP now=42386 win=2967 adv_wait=2967 due=45353
DBG_GATEWAY_CH9_RX_CONT_ARM now=42386 rem=500 frames=0 errors=0
DBG_GATEWAY_CH9_RX_CONT_RESULT start=42386 end=42887 ret=-116 fail=0 status=0x00000000 len=0 frames=0
DBG_GATEWAY_CH9_RX_CONT_CAP now=42889 win=2464 adv_wait=2464 due=45353
DBG_GATEWAY_CH9_RX_CONT_ARM now=42889 rem=500 frames=0 errors=0
DBG_GATEWAY_CH9_RX_CONT_RESULT start=42889 end=43390 ret=-116 fail=0 status=0x00000000 len=0 frames=0
DBG_GATEWAY_CH9_RX_CONT_CAP now=43392 win=1961 adv_wait=1961 due=45353
DBG_GATEWAY_CH9_RX_CONT_ARM now=43392 rem=500 frames=0 errors=0
DBG_GATEWAY_CH9_RX_CONT_RESULT start=43392 end=43893 ret=-116 fail=0 status=0x00000000 len=0 frames=0
DBG_GATEWAY_CH9_RX_CONT_CAP now=43895 win=1458 adv_wait=1458 due=45353
DBG_GATEWAY_CH9_RX_CONT_ARM now=43895 rem=500 frames=0 errors=0
DBG_GATEWAY_BLE event=param-updated interval=36 latency=0 timeout_ms=12000 uptime=43928
DBG_GATEWAY_CH9_RX_CONT_RESULT start=43895 end=44396 ret=-116 fail=0 status=0x00000000 len=0 frames=0
DBG_GATEWAY_CH9_RX_CONT_CAP now=44398 win=955 adv_wait=955 due=45353
DBG_GATEWAY_CH9_RX_CONT_ARM now=44398 rem=500 frames=0 errors=0
DBG_GATEWAY_CH9_RX_CONT_RESULT start=44398 end=44899 ret=-116 fail=0 status=0x00000000 len=0 frames=0
DBG_GATEWAY_CH9_RX_CONT_CAP now=44901 win=452 adv_wait=452 due=45353
DBG_GATEWAY_CH9_RX_CONT_ARM now=44901 rem=452 frames=0 errors=0
DBG_GATEWAY_CH9_RX_CONT_RESULT start=44901 end=45354 ret=-116 fail=0 status=0x00000000 len=0 frames=0
DBG_GATEWAY_CH9_RX_DONE_YIELD_ADV now=45355 due=45353
DBG_STACK_RUN_BEGIN epoch=868800254426389834 run=4 kind=ble_backpressure owner=system_workqueue queue=1 custody=1 credit=0 retry=0 drain=1 src=11068027678940948070 dst=11068027678940948070 session=175160445 seq=48253 type=65 sequence=0 previous=0 uptime=45355
DBG_STACK_SAMPLE_BEGIN epoch=868800254426389834 run=4 sample=4 kind=ble_backpressure owner=system_workqueue queue=1 custody=1 credit=0 retry=0 drain=1 src=11068027678940948070 dst=11068027678940948070 session=175160445 seq=48253 type=65 uptime=45356
DBG_STACK_ISR_CONFIG size=8192 run=4 sample=4
DBG_STACK name=BT RX WQ tid=0x2000fe18 used=760 free=776 size=1536 ret=0 run=4 sample=4
DBG_STACK name=mesh_route tid=0x2000d560 used=4328 free=3864 size=8192 ret=0 run=4 sample=4
DBG_STACK name=sysworkq tid=0x20010d70 used=2304 free=2176 size=4480 ret=0 run=4 sample=4
DBG_STACK name=MPSL Work tid=0x20010b28 used=440 free=584 size=1024 ret=0 run=4 sample=4
DBG_STACK name=logging tid=0x2000f920 used=480 free=1568 size=2048 ret=0 run=4 sample=4
DBG_STACK name=idle tid=0x20010c00 used=64 free=256 size=320 ret=0 run=4 sample=4
DBG_STACK_SAMPLE_END run=4 sample=4
DBG_STACK_RUN_END epoch=868800254426389834 run=4 kind=ble_backpressure owner=system_workqueue outcome=ack queue=2 custody=0 credit=1 retry=0 drain=2 src=11068027678940948070 dst=11068027678940948070 session=175160445 seq=48253 type=65 samples=1 sequence=0 previous=0 uptime=45379
DBG_STACK_RUN_BEGIN epoch=868800254426389834 run=5 kind=ble_backpressure owner=system_workqueue queue=1 custody=1 credit=0 retry=0 drain=1 src=11068027678940948070 dst=11068027678940948070 session=37486597 seq=5 type=86 sequence=0 previous=0 uptime=45550
DBG_STACK_SAMPLE_BEGIN epoch=868800254426389834 run=5 sample=5 kind=ble_backpressure owner=system_workqueue queue=1 custody=1 credit=0 retry=0 drain=1 src=11068027678940948070 dst=11068027678940948070 session=37486597 seq=5 type=86 uptime=45550
DBG_STACK_ISR_CONFIG size=8192 run=5 sample=5
DBG_STACK name=BT RX WQ tid=0x2000fe18 used=760 free=776 size=1536 ret=0 run=5 sample=5
DBG_STACK name=mesh_route tid=0x2000d560 used=4328 free=3864 size=8192 ret=0 run=5 sample=5
DBG_STACK name=sysworkq tid=0x20010d70 used=2304 free=2176 size=4480 ret=0 run=5 sample=5
DBG_STACK name=MPSL Work tid=0x20010b28 used=440 free=584 size=1024 ret=0 run=5 sample=5
DBG_STACK name=logging tid=0x2000f920 used=480 free=1568 size=2048 ret=0 run=5 sample=5
DBG_STACK name=idle tid=0x20010c00 used=64 free=256 size=320 ret=0 run=5 sample=5
DBG_STACK_SAMPLE_END run=5 sample=5
DBG_STACK_RUN_END epoch=868800254426389834 run=5 kind=ble_backpressure owner=system_workqueue outcome=ack queue=1 custody=0 credit=1 retry=0 drain=1 src=11068027678940948070 dst=11068027678940948070 session=37486597 seq=5 type=86 samples=1 sequence=0 previous=0 uptime=45560
DBG_GATEWAY_COMMAND_PRIORITY_SUBMIT ret=0 now=45730
DBG_STACK_RUN_BEGIN epoch=868800254426389834 run=6 kind=ble_backpressure owner=system_workqueue queue=1 custody=1 credit=0 retry=0 drain=1 src=11068027678940948070 dst=11068027678940948070 session=37486598 seq=6 type=86 sequence=0 previous=0 uptime=45731
DBG_STACK_SAMPLE_BEGIN epoch=868800254426389834 run=6 sample=6 kind=ble_backpressure owner=system_workqueue queue=1 custody=1 credit=0 retry=0 drain=1 src=11068027678940948070 dst=11068027678940948070 session=37486598 seq=6 type=86 uptime=45731
DBG_STACK_ISR_CONFIG size=8192 run=6 sample=6
DBG_STACK name=BT RX WQ tid=0x2000fe18 used=760 free=776 size=1536 ret=0 run=6 sample=6
DBG_STACK name=mesh_route tid=0x2000d560 used=4328 free=3864 size=8192 ret=0 run=6 sample=6
DBG_STACK name=sysworkq tid=0x20010d70 used=2304 free=2176 size=4480 ret=0 run=6 sample=6
DBG_STACK name=MPSL Work tid=0x20010b28 used=440 free=584 size=1024 ret=0 run=6 sample=6
DBG_STACK name=logging tid=0x2000f920 used=480 free=1568 size=2048 ret=0 run=6 sample=6
DBG_STACK name=idle tid=0x20010c00 used=64 free=256 size=320 ret=0 run=6 sample=6
DBG_STACK_SAMPLE_END run=6 sample=6
DBG_STACK_RUN_END epoch=868800254426389834 run=6 kind=ble_backpressure owner=system_workqueue outcome=ack queue=3 custody=0 credit=1 retry=0 drain=3 src=11068027678940948070 dst=11068027678940948070 session=37486598 seq=6 type=86 samples=1 sequence=0 previous=0 uptime=45759
DBG_STACK_RUN_BEGIN epoch=868800254426389834 run=7 kind=ble_backpressure owner=system_workqueue queue=2 custody=2 credit=0 retry=0 drain=2 src=11068027678940948070 dst=11068027678940948070 session=37486599 seq=7 type=86 sequence=0 previous=0 uptime=45820
DBG_STACK_SAMPLE_BEGIN epoch=868800254426389834 run=7 sample=7 kind=ble_backpressure owner=system_workqueue queue=2 custody=2 credit=0 retry=0 drain=2 src=11068027678940948070 dst=11068027678940948070 session=37486599 seq=7 type=86 uptime=45821
DBG_STACK_ISR_CONFIG size=8192 run=7 sample=7
DBG_STACK name=BT RX WQ tid=0x2000fe18 used=760 free=776 size=1536 ret=0 run=7 sample=7
DBG_STACK name=mesh_route tid=0x2000d560 used=4328 free=3864 size=8192 ret=0 run=7 sample=7
DBG_STACK name=sysworkq tid=0x20010d70 used=2304 free=2176 size=4480 ret=0 run=7 sample=7
DBG_STACK name=MPSL Work tid=0x20010b28 used=440 free=584 size=1024 ret=0 run=7 sample=7
DBG_STACK name=logging tid=0x2000f920 used=480 free=1568 size=2048 ret=0 run=7 sample=7
DBG_STACK name=idle tid=0x20010c00 used=64 free=256 size=320 ret=0 run=7 sample=7
DBG_STACK_SAMPLE_END run=7 sample=7
DBG_STACK_RUN_END epoch=868800254426389834 run=7 kind=ble_backpressure owner=system_workqueue outcome=ack queue=2 custody=0 credit=1 retry=0 drain=2 src=11068027678940948070 dst=11068027678940948070 session=37486599 seq=7 type=86 samples=1 sequence=0 previous=0 uptime=45838
DBG_STACK_RUN_BEGIN epoch=868800254426389834 run=8 kind=ble_backpressure owner=system_workqueue queue=1 custody=1 credit=0 retry=0 drain=1 src=11068027678940948070 dst=11068027678940948070 session=37486601 seq=9 type=86 sequence=0 previous=0 uptime=45910
DBG_STACK_SAMPLE_BEGIN epoch=868800254426389834 run=8 sample=8 kind=ble_backpressure owner=system_workqueue queue=1 custody=1 credit=0 retry=0 drain=1 src=11068027678940948070 dst=11068027678940948070 session=37486601 seq=9 type=86 uptime=45911
DBG_STACK_ISR_CONFIG size=8192 run=8 sample=8
DBG_STACK name=BT RX WQ tid=0x2000fe18 used=760 free=776 size=1536 ret=0 run=8 sample=8
DBG_STACK name=mesh_route tid=0x2000d560 used=4328 free=3864 size=8192 ret=0 run=8 sample=8
DBG_STACK name=sysworkq tid=0x20010d70 used=2304 free=2176 size=4480 ret=0 run=8 sample=8
DBG_STACK name=MPSL Work tid=0x20010b28 used=440 free=584 size=1024 ret=0 run=8 sample=8
DBG_STACK name=logging tid=0x2000f920 used=480 free=1568 size=2048 ret=0 run=8 sample=8
DBG_STACK name=idle tid=0x20010c00 used=64 free=256 size=320 ret=0 run=8 sample=8
DBG_STACK_SAMPLE_END run=8 sample=8
DBG_STACK_RUN_END epoch=868800254426389834 run=8 kind=ble_backpressure owner=system_workqueue outcome=ack queue=1 custody=0 credit=1 retry=0 drain=1 src=11068027678940948070 dst=11068027678940948070 session=37486601 seq=9 type=86 samples=1 sequence=0 previous=0 uptime=45929
DBG_GATEWAY_CH9_RX_CONT_RESULT start=45736 end=46237 ret=-116 fail=0 status=0x00000000 len=0 frames=0
DBG_GATEWAY_COMMAND_PRIORITY_SUBMIT ret=0 now=46238
DBG_GATEWAY_CH9_RX_CONT_ARM now=46239 rem=500 frames=0 errors=0
DBG_GATEWAY_CH9_RX_CONT_RESULT start=46239 end=46240 ret=-140 fail=0 status=0x00000000 len=0 frames=0
DBG_GATEWAY_CH9_RX_COMMAND_PREEMPT now=46241 rem=500 frames=0
DBG_GATEWAY_CH9_RX_CONT_DONE ret=-140 len=0 fail=0 recover=0
DBG_NC o=0000000000000001 g=00000001 w=00 e=0000003c s=00000005 q=0000>0004 r=00000000 f=00000024 t=00000000 p=00000000 a=00
DBG_NODE_COMM_SUBMIT handle=1 profile=0 token=17039361 deadline=56241
DBG_ENUM_FLOOD kind=1 handle=1
DBG_ENUM_CLAIM_TX epoch=37486600 round=1 ret=0
DBG_NODE_COMM_TX_BEGIN handle=1 profile=0 msg=64 dst=0x0 seq=1
DBG_CONTROL_RX_HANDOFF_READY abort=0
DBG_COORD state=idle owner=c5-flood reason=idle rx=0 tx=0 relay=0 route=0 ack=0 qack=0
DBG_WAKE_TRAIN_GUARD_OK
DBG_DWM_INVALIDATE tag=configure_radio_from_reset active_phy=3 configured=1 awake=1
DBG_DWM_MARK_UNCONFIGURED tag=initialise_radio prev_phy=0
DBG_WAKE_TRAIN_CONFIG_BEGIN
DBG_DWM_INVALIDATE tag=configure_radio_from_reset active_phy=2 configured=1 awake=0
DBG_DWM_MARK_UNCONFIGURED tag=initialise_radio prev_phy=0
DBG_WAKE_TRAIN_CONFIG_OK
DBG_WAKE_TRAIN_FIRST_SEND_BEGIN
DBG_WAKE_TRAIN_FIRST_SEND_OK
DBG_UWB_TX_CH5
DBG_TX_WAKE_CLAIM_SENT
DBG_UWB_TX_CH5
DBG_TX_WAKE_CLAIM_SENT
DBG_UWB_TX_CH5
DBG_TX_WAKE_CLAIM_SENT
DBG_UWB_TX_CH5
DBG_TX_WAKE_CLAIM_SENT
DBG_UWB_TX_CH5
DBG_TX_WAKE_CLAIM_SENT
DBG_UWB_TX_CH5
DBG_TX_WAKE_CLAIM_SENT
DBG_UWB_TX_CH5
DBG_TX_WAKE_CLAIM_SENT
DBG_UWB_TX_CH5
DBG_TX_WAKE_CLAIM_SENT
DBG_UWB_TX_CH5
DBG_TX_WAKE_CLAIM_SENT
DBG_UWB_TX_CH5
DBG_TX_WAKE_CLAIM_SENT
DBG_UWB_TX_CH5
DBG_TX_WAKE_CLAIM_SENT
DBG_UWB_TX_CH5
DBG_TX_WAKE_CLAIM_SENT
DBG_UWB_TX_CH5
DBG_TX_WAKE_CLAIM_SENT
DBG_UWB_TX_CH5
DBG_TX_WAKE_CLAIM_SENT
DBG_UWB_TX_CH5
DBG_TX_WAKE_CLAIM_SENT
DBG_UWB_TX_CH5
DBG_TX_WAKE_CLAIM_SENT
DBG_UWB_TX_CH5
DBG_TX_WAKE_CLAIM_SENT
DBG_UWB_TX_CH5
DBG_TX_WAKE_CLAIM_SENT
DBG_UWB_TX_CH5
DBG_TX_WAKE_CLAIM_SENT
DBG_UWB_TX_CH5
DBG_TX_WAKE_CLAIM_SENT
DBG_UWB_TX_CH5
DBG_TX_WAKE_CLAIM_SENT
DBG_UWB_TX_CH5
DBG_TX_WAKE_CLAIM_SENT
DBG_UWB_TX_CH5
DBG_TX_WAKE_CLAIM_SENT
DBG_UWB_TX_CH5
DBG_TX_WAKE_CLAIM_SENT
DBG_UWB_TX_CH5
DBG_TX_WAKE_CLAIM_SENT
DBG_UWB_TX_CH5
DBG_TX_WAKE_CLAIM_SENT
DBG_UWB_TX_CH5
DBG_TX_WAKE_CLAIM_SENT
DBG_UWB_TX_CH5
DBG_TX_WAKE_CLAIM_SENT
DBG_UWB_TX_CH5
DBG_TX_WAKE_CLAIM_SENT
DBG_UWB_TX_CH5
DBG_TX_WAKE_CLAIM_SENT
DBG_UWB_TX_CH5
DBG_TX_WAKE_CLAIM_SENT
DBG_UWB_TX_CH5
DBG_TX_WAKE_CLAIM_SENT
DBG_UWB_TX_CH5
DBG_TX_WAKE_CLAIM_SENT
DBG_UWB_TX_CH5
DBG_TX_WAKE_CLAIM_SENT
DBG_UWB_TX_CH5
DBG_TX_WAKE_CLAIM_SENT
DBG_UWB_TX_CH5
DBG_TX_WAKE_CLAIM_SENT
DBG_UWB_TX_CH5
DBG_TX_WAKE_CLAIM_SENT
DBG_UWB_TX_CH5
DBG_TX_WAKE_CLAIM_SENT
DBG_UWB_TX_CH5
DBG_TX_WAKE_CLAIM_SENT
DBG_UWB_TX_CH5
DBG_TX_WAKE_CLAIM_SENT
DBG_UWB_TX_CH5
DBG_TX_WAKE_CLAIM_SENT
DBG_UWB_TX_CH5
DBG_TX_WAKE_CLAIM_SENT
DBG_UWB_TX_CH5
DBG_TX_WAKE_CLAIM_SENT
DBG_UWB_TX_CH5
DBG_TX_WAKE_CLAIM_SENT
DBG_UWB_TX_CH5
DBG_TX_WAKE_CLAIM_SENT
DBG_UWB_TX_CH5
DBG_TX_WAKE_CLAIM_SENT
DBG_UWB_TX_CH5
DBG_TX_WAKE_CLAIM_SENT
DBG_UWB_TX_CH5
DBG_TX_WAKE_CLAIM_SENT
DBG_UWB_TX_CH5
DBG_TX_WAKE_CLAIM_SENT
DBG_UWB_TX_CH5
DBG_TX_WAKE_CLAIM_SENT
DBG_UWB_TX_CH5
DBG_TX_WAKE_CLAIM_SENT
DBG_UWB_TX_CH5
DBG_TX_WAKE_CLAIM_SENT
DBG_UWB_TX_CH5
DBG_TX_WAKE_CLAIM_SENT
DBG_UWB_TX_CH5
DBG_TX_WAKE_CLAIM_SENT
DBG_UWB_TX_CH5
DBG_TX_WAKE_CLAIM_SENT
DBG_UWB_TX_CH5
DBG_TX_WAKE_CLAIM_SENT
DBG_UWB_TX_CH5
DBG_TX_WAKE_CLAIM_SENT
DBG_UWB_TX_CH5
DBG_TX_WAKE_CLAIM_SENT
DBG_UWB_TX_CH5
DBG_TX_WAKE_CLAIM_SENT
DBG_UWB_TX_CH5
DBG_TX_WAKE_CLAIM_SENT
DBG_UWB_TX_CH5
DBG_TX_WAKE_CLAIM_SENT
DBG_UWB_TX_CH5
DBG_TX_WAKE_CLAIM_SENT
DBG_UWB_TX_CH5
DBG_TX_WAKE_CLAIM_SENT
DBG_UWB_TX_CH5
DBG_TX_WAKE_CLAIM_SENT
DBG_UWB_TX_CH5
DBG_TX_WAKE_CLAIM_SENT
DBG_UWB_TX_CH5
DBG_TX_WAKE_CLAIM_SENT
DBG_UWB_TX_CH5
DBG_TX_WAKE_CLAIM_SENT
DBG_UWB_TX_CH5
DBG_TX_WAKE_CLAIM_SENT
DBG_UWB_TX_CH5
DBG_TX_WAKE_CLAIM_SENT
DBG_UWB_TX_CH5
DBG_TX_WAKE_CLAIM_SENT
DBG_UWB_TX_CH5
DBG_TX_WAKE_CLAIM_SENT
DBG_UWB_TX_CH5
DBG_TX_WAKE_CLAIM_SENT
DBG_UWB_TX_CH5
DBG_TX_WAKE_CLAIM_SENT
DBG_UWB_TX_CH5
DBG_TX_WAKE_CLAIM_SENT
DBG_UWB_TX_CH5
DBG_TX_WAKE_CLAIM_SENT
DBG_UWB_TX_CH5
DBG_TX_WAKE_CLAIM_SENT
DBG_UWB_TX_CH5
DBG_TX_WAKE_CLAIM_SENT
DBG_UWB_TX_CH5
DBG_TX_WAKE_CLAIM_SENT
DBG_UWB_TX_CH5
DBG_TX_WAKE_CLAIM_SENT
DBG_UWB_TX_CH5
DBG_TX_WAKE_CLAIM_SENT
DBG_UWB_TX_CH5
DBG_TX_WAKE_CLAIM_SENT
DBG_UWB_TX_CH5
DBG_TX_WAKE_CLAIM_SENT
DBG_UWB_TX_CH5
DBG_TX_WAKE_CLAIM_SENT
DBG_UWB_TX_CH5
DBG_TX_WAKE_CLAIM_SENT
DBG_UWB_TX_CH5
DBG_TX_WAKE_CLAIM_SENT
DBG_UWB_TX_CH5
DBG_TX_WAKE_CLAIM_SENT
DBG_UWB_TX_CH5
DBG_TX_WAKE_CLAIM_SENT
DBG_UWB_TX_CH5
DBG_TX_WAKE_CLAIM_SENT
DBG_UWB_TX_CH5
DBG_TX_WAKE_CLAIM_SENT
DBG_UWB_TX_CH5
DBG_TX_WAKE_CLAIM_SENT
DBG_UWB_TX_CH5
DBG_TX_WAKE_CLAIM_SENT
DBG_UWB_TX_CH5
DBG_TX_WAKE_CLAIM_SENT
DBG_UWB_TX_CH5
DBG_TX_WAKE_CLAIM_SENT
DBG_UWB_TX_CH5
DBG_TX_WAKE_CLAIM_SENT
DBG_UWB_TX_CH5
DBG_TX_WAKE_CLAIM_SENT
DBG_UWB_TX_CH5
DBG_TX_WAKE_CLAIM_SENT
DBG_UWB_TX_CH5
DBG_TX_WAKE_CLAIM_SENT
DBG_UWB_TX_CH5
DBG_TX_WAKE_CLAIM_SENT
DBG_UWB_TX_CH5
DBG_TX_WAKE_CLAIM_SENT
DBG_UWB_TX_CH5
DBG_TX_WAKE_CLAIM_SENT
DBG_UWB_TX_CH5
DBG_TX_WAKE_CLAIM_SENT
DBG_UWB_TX_CH5
DBG_TX_WAKE_CLAIM_SENT
DBG_UWB_TX_CH5
DBG_TX_WAKE_CLAIM_SENT
DBG_UWB_TX_CH5
DBG_TX_WAKE_CLAIM_SENT
DBG_UWB_TX_CH5
DBG_TX_WAKE_CLAIM_SENT
DBG_UWB_TX_CH5
DBG_TX_WAKE_CLAIM_SENT
DBG_UWB_TX_CH5
DBG_TX_WAKE_CLAIM_SENT
DBG_UWB_TX_CH5
DBG_TX_WAKE_CLAIM_SENT
DBG_UWB_TX_CH5
DBG_TX_WAKE_CLAIM_SENT
DBG_UWB_TX_CH5
DBG_TX_WAKE_CLAIM_SENT
DBG_UWB_TX_CH5
DBG_TX_WAKE_CLAIM_SENT
DBG_UWB_TX_CH5
DBG_TX_WAKE_CLAIM_SENT
DBG_UWB_TX_CH5
DBG_TX_WAKE_CLAIM_SENT
DBG_UWB_TX_CH5
DBG_TX_WAKE_CLAIM_SENT
DBG_UWB_TX_CH5
DBG_TX_WAKE_CLAIM_SENT
DBG_UWB_TX_CH5
DBG_TX_WAKE_CLAIM_SENT
DBG_UWB_TX_CH5
DBG_TX_WAKE_CLAIM_SENT
DBG_UWB_TX_CH5
DBG_TX_WAKE_CLAIM_SENT
DBG_DWM_INVALIDATE tag=configure_radio_from_reset active_phy=2 configured=1 awake=1
DBG_DWM_MARK_UNCONFIGURED tag=initialise_radio prev_phy=0
DBG_C5_CONTROL_FOLLOWUP_TURNAROUND delay=60 msg=40 reason=node-comm-bounded-control-flood
DBG_DWM_INVALIDATE tag=configure_radio_from_reset active_phy=2 configured=1 awake=0
DBG_DWM_MARK_UNCONFIGURED tag=initialise_radio prev_phy=0
DBG_DWM_INVALIDATE tag=configure_radio_from_reset active_phy=2 configured=1 awake=0
DBG_DWM_MARK_UNCONFIGURED tag=initialise_radio prev_phy=0
DBG_DWM_WAKE_MESH_CTRL_OK sfd=4073
DBG_C5_TX_CONFIG ret=0 ext=1 len=127 msg=40 reason=bounded-c5-flood
DBG_UWB_TX_CH5
DBG_NC o=0000000000000001 g=00000001 w=00 e=00000022 s=00000005 q=0004>0005 r=00000000 f=00000001 t=00000000 p=00000000 a=00
DBG_NC o=0000000000000001 g=00000001 w=00 e=00000042 s=00000005 q=0005>0006 r=00000000 f=00000001 t=00000000 p=00000000 a=00
DBG_NODE_COMM_ATTEMPT handle=1 profile=0 attempt=1 ret=0 rf=1 scheduled=0 state=0
DBG_GATEWAY_RX_START reason=gateway mesh restart active=1 qrx=0 qtx=0 adv_due=0
DBG_ENUM_RF_BEGIN kind=1 handle=1 attempt=1 tries=1
DBG_STACK_RUN_BEGIN epoch=868800254426389834 run=9 kind=ble_backpressure owner=system_workqueue queue=1 custody=1 credit=0 retry=0 drain=1 src=11068027678940948070 dst=11068027678940948070 session=37486603 seq=11 type=86 sequence=0 previous=0 uptime=47472
DBG_STACK_SAMPLE_BEGIN epoch=868800254426389834 run=9 sample=9 kind=ble_backpressure owner=system_workqueue queue=1 custody=1 credit=0 retry=0 drain=1 src=11068027678940948070 dst=11068027678940948070 session=37486603 seq=11 type=86 uptime=47472
DBG_STACK_ISR_CONFIG size=8192 run=9 sample=9
DBG_STACK name=BT RX WQ tid=0x2000fe18 used=760 free=776 size=1536 ret=0 run=9 sample=9
DBG_STACK name=mesh_route tid=0x2000d560 used=5888 free=2304 size=8192 ret=0 run=9 sample=9
DBG_STACK name=sysworkq tid=0x20010d70 used=2304 free=2176 size=4480 ret=0 run=9 sample=9
DBG_STACK name=MPSL Work tid=0x20010b28 used=440 free=584 size=1024 ret=0 run=9 sample=9
DBG_STACK name=logging tid=0x2000f920 used=480 free=1568 size=2048 ret=0 run=9 sample=9
DBG_STACK name=idle tid=0x20010c00 used=64 free=256 size=320 ret=0 run=9 sample=9
DBG_STACK_SAMPLE_END run=9 sample=9
DBG_STACK_RUN_END epoch=868800254426389834 run=9 kind=ble_backpressure owner=system_workqueue outcome=ack queue=1 custody=0 credit=1 retry=0 drain=1 src=11068027678940948070 dst=11068027678940948070 session=37486603 seq=11 type=86 samples=1 sequence=0 previous=0 uptime=47499
DBG_GATEWAY_CH9_RX_CONT_ARM now=47502 rem=500 frames=0 errors=0
DBG_GATEWAY_CH9_RX_CONT_RESULT start=47502 end=47509 ret=-140 fail=0 status=0x02000000 len=0 frames=0
DBG_GATEWAY_CH9_RX_COMMAND_PREEMPT now=47510 rem=500 frames=0
DBG_CONTROL_RX_HANDOFF_READY abort=0
DBG_DWM_MARK_UNCONFIGURED tag=initialise_radio prev_phy=0
DBG_DWM_INVALIDATE tag=configure_radio_from_reset active_phy=2 configured=1 awake=0
DBG_DWM_MARK_UNCONFIGURED tag=initialise_radio prev_phy=0
DBG_DWM_WAKE_MESH_CTRL_OK sfd=4073
DBG_C5_TX_CONFIG ret=0 ext=1 len=127 msg=40 reason=bounded-c5-flood
DBG_UWB_TX_CH5
DBG_NC o=0000000000000001 g=00000001 w=00 e=00000022 s=00000005 q=0004>0005 r=00000000 f=00000001 t=00000000 p=00000000 a=00
DBG_NC o=0000000000000001 g=00000001 w=00 e=00000042 s=00000005 q=0005>0006 r=00000000 f=00000001 t=00000000 p=00000000 a=00
DBG_NODE_COMM_ATTEMPT handle=1 profile=0 attempt=2 ret=0 rf=1 scheduled=0 state=0
DBG_GATEWAY_RX_START reason=gateway mesh restart active=1 qrx=0 qtx=0 adv_due=0
DBG_COORD state=gateway-rx owner=uwb-rx reason=gateway-rx rx=0 tx=0 relay=0 route=0 ack=0 qack=0
DBG_DWM_INVALIDATE tag=configure_radio_from_reset active_phy=4 configured=1 awake=1
DBG_DWM_MARK_UNCONFIGURED tag=initialise_radio prev_phy=0
DBG_GATEWAY_CH9_RX_CONT_ARM now=47594 rem=500 frames=0 errors=0
DBG_GATEWAY_CH9_RX_CONT_RESULT start=47594 end=47606 ret=-140 fail=0 status=0x02000000 len=0 frames=0
DBG_GATEWAY_CH9_RX_COMMAND_PREEMPT now=47607 rem=500 frames=0
DBG_GATEWAY_CH9_RX_CONT_DONE ret=-140 len=0 fail=0 recover=0
DBG_NC o=0000000000000001 g=00000001 w=00 e=00000023 s=00000005 q=0006>0004 r=00000000 f=00000024 t=00000000 p=00000000 a=00
DBG_NODE_COMM_TX_BEGIN handle=1 profile=0 msg=64 dst=0x0 seq=1
DBG_CONTROL_RX_HANDOFF_READY abort=0
DBG_COORD state=idle owner=c5-flood reason=idle rx=0 tx=0 relay=0 route=0 ack=0 qack=0
DBG_DWM_INVALIDATE tag=configure_radio_from_reset active_phy=3 configured=1 awake=1
DBG_DWM_MARK_UNCONFIGURED tag=initialise_radio prev_phy=0
DBG_DWM_INVALIDATE tag=configure_radio_from_reset active_phy=2 configured=1 awake=0
DBG_DWM_MARK_UNCONFIGURED tag=initialise_radio prev_phy=0
DBG_DWM_WAKE_MESH_CTRL_OK sfd=4073
DBG_C5_TX_CONFIG ret=0 ext=1 len=127 msg=40 reason=bounded-c5-flood
DBG_UWB_TX_CH5
DBG_NC o=0000000000000001 g=00000001 w=00 e=00000022 s=00000005 q=0004>0005 r=00000000 f=00000001 t=00000000 p=00000000 a=00
DBG_NC o=0000000000000001 g=00000001 w=00 e=00000042 s=00000005 q=0005>0006 r=00000000 f=00000001 t=00000000 p=00000000 a=00
DBG_NODE_COMM_ATTEMPT handle=1 profile=0 attempt=3 ret=0 rf=1 scheduled=0 state=0
DBG_GATEWAY_RX_START reason=gateway mesh restart active=1 qrx=0 qtx=0 adv_due=0
DBG_COORD state=gateway-rx owner=uwb-rx reason=gateway-rx rx=0 tx=0 relay=0 route=0 ack=0 qack=0
DBG_DWM_INVALIDATE tag=configure_radio_from_reset active_phy=4 configured=1 awake=1
DBG_DWM_MARK_UNCONFIGURED tag=initialise_radio prev_phy=0
DBG_GATEWAY_CH9_RX_CONT_ARM now=47691 rem=500 frames=0 errors=0
DBG_GATEWAY_CH9_RX_CONT_RESULT start=47691 end=47704 ret=-140 fail=0 status=0x02000000 len=0 frames=0
DBG_GATEWAY_CH9_RX_COMMAND_PREEMPT now=47704 rem=500 frames=0
DBG_GATEWAY_CH9_RX_CONT_DONE ret=-140 len=0 fail=0 recover=0
DBG_NC o=0000000000000001 g=00000001 w=00 e=00000023 s=00000005 q=0006>0004 r=00000000 f=00000024 t=00000000 p=00000000 a=00
DBG_NODE_COMM_TX_BEGIN handle=1 profile=0 msg=64 dst=0x0 seq=1
DBG_CONTROL_RX_HANDOFF_READY abort=0
DBG_COORD state=idle owner=c5-flood reason=idle rx=0 tx=0 relay=0 route=0 ack=0 qack=0
DBG_DWM_INVALIDATE tag=configure_radio_from_reset active_phy=3 configured=1 awake=1
DBG_DWM_MARK_UNCONFIGURED tag=initialise_radio prev_phy=0
DBG_DWM_INVALIDATE tag=configure_radio_from_reset active_phy=2 configured=1 awake=0
DBG_DWM_MARK_UNCONFIGURED tag=initialise_radio prev_phy=0
DBG_DWM_WAKE_MESH_CTRL_OK sfd=4073
DBG_C5_TX_CONFIG ret=0 ext=1 len=127 msg=40 reason=bounded-c5-flood
DBG_UWB_TX_CH5
DBG_NC o=0000000000000001 g=00000001 w=00 e=00000022 s=00000005 q=0004>0005 r=00000000 f=00000001 t=00000000 p=00000000 a=00
DBG_NC o=0000000000000001 g=00000001 w=00 e=00000041 s=00000005 q=0005>0008 r=00000000 f=00000026 t=00000000 p=00000001 a=04
DBG_NODE_COMM_ATTEMPT handle=1 profile=0 attempt=4 ret=0 rf=1 scheduled=0 state=0
DBG_GATEWAY_RX_START reason=gateway mesh restart active=1 qrx=0 qtx=0 adv_due=0
DBG_ENUM_RF_RESULT kind=1 handle=1 success=1 reason=0 tries=4
DBG_COORD state=gateway-rx owner=uwb-rx reason=gateway-rx rx=0 tx=0 relay=0 route=0 ack=0 qack=0
DBG_DWM_INVALIDATE tag=configure_radio_from_reset active_phy=4 configured=1 awake=1
DBG_DWM_MARK_UNCONFIGURED tag=initialise_radio prev_phy=0
DBG_GATEWAY_CH9_RX_CONT_ARM now=47789 rem=500 frames=0 errors=0
DBG_GATEWAY_CH9_RX_CONT_RESULT start=47789 end=48151 ret=0 fail=0 status=0x02006f00 len=97 frames=0
DBG_UWB_RX_CH9
DBG_GATEWAY_CH9_RX_RELEASE_IDLE
DBG_GATEWAY_RX_DECODE ch=9 msg=0x41 src=0x191a9619c6c8cb07 dst=0x9999888877776666 prev=0x191a9619c6c8cb07 seq=1 flags=0x14 ple
DBG_UWB_RX_CH9
DBG_MESH_RX_QUEUED ch=9 msg=0x41 src=0x191a9619c6c8cb07 dst=0x9999888877776666 prev=0x191a9619c6c8cb07 seq=1 q=1
DBG_MESH_RX_DIRECT_WAIT q=1 reason=gateway-ch9-continuous-rx
DBG_MESH_RX_DIRECT_ENTER q=1 reason=gateway-ch9-continuous-rx
DBG_MESH_RX_DRAIN_ENTER owner=gateway-ch9-continuous-rx q=1
DBG_ENUM_ADAPTIVE_DEADLINE stage=0 observed_hop=1 next_hop=2 wait=4178 deadline=52333
DBG_ENUM_CLAIM_RX epoch=37486600 anchor=0x191a9619c6c8cb07 hop=1 responders=1 roster=1 retained=0
DBG_GATEWAY_ACK_INPUT type=65 src=0x191a9619c6c8cb07 dst=0x9999888877776666 rxseq=1 ackseq=3 len=36 flags=0x14 meta=0
DBG_GATEWAY_ACK_GUARD ms=10 seq=3
DBG_STACK_RUN_BEGIN epoch=868800254426389834 run=10 kind=ble_backpressure owner=system_workqueue queue=1 custody=1 credit=0 retry=0 drain=1 src=11068027678940948070 dst=11068027678940948070 session=37486604 seq=12 type=86 sequence=0 previous=0 uptime=48157
DBG_STACK_SAMPLE_BEGIN epoch=868800254426389834 run=10 sample=10 kind=ble_backpressure owner=system_workqueue queue=1 custody=1 credit=0 retry=0 drain=1 src=11068027678940948070 dst=11068027678940948070 session=37486604 seq=12 type=86 uptime=48177
DBG_STACK_ISR_CONFIG size=8192 run=10 sample=10
DBG_STACK name=BT RX WQ tid=0x2000fe18 used=760 free=776 size=1536 ret=0 run=10 sample=10
DBG_STACK name=mesh_route tid=0x2000d560 used=5888 free=2304 size=8192 ret=0 run=10 sample=10
DBG_STACK name=sysworkq tid=0x20010d70 used=2304 free=2176 size=4480 ret=0 run=10 sample=10
DBG_STACK name=MPSL Work tid=0x20010b28 used=440 free=584 size=1024 ret=0 run=10 sample=10
DBG_STACK name=logging tid=0x2000f920 used=480 free=1568 size=2048 ret=0 run=10 sample=10
DBG_STACK name=idle tid=0x20010c00 used=64 free=256 size=320 ret=0 run=10 sample=10
DBG_STACK_SAMPLE_END run=10 sample=10
DBG_STACK_RUN_END epoch=868800254426389834 run=10 kind=ble_backpressure owner=system_workqueue outcome=ack queue=1 custody=0 credit=1 retry=0 drain=1 src=11068027678940948070 dst=11068027678940948070 session=37486604 seq=12 type=86 samples=1 sequence=0 previous=0 uptime=48195
DBG_GATEWAY_CH9_RX_CONT_RESULT start=48173 end=48264 ret=-116 fail=0 status=0x00000000 len=0 frames=1
DBG_MESH_RX_WORK_WAIT q=0
DBG_MESH_RX_WORK_ENTER q=0
DBG_MESH_RX_DRAIN_ENTER owner=work q=0
DBG_MESH_RX_DRAIN_EXIT owner=work handled=0 q=0
DBG_MESH_RX_WORK_EXIT handled=0 q=0
DBG_GATEWAY_RX_REARM_RUN delay=0 ret=1 active=1
DBG_COORD state=gateway-rx owner=uwb-rx reason=gateway-rx rx=0 tx=0 relay=0 route=0 ack=0 qack=0
DBG_GATEWAY_CH9_RX_CONT_ARM now=48265 rem=500 frames=0 errors=0
DBG_GATEWAY_CH9_RX_CONT_RESULT start=48265 end=48425 ret=0 fail=0 status=0x00006f00 len=97 frames=0
DBG_UWB_RX_CH9
DBG_GATEWAY_CH9_RX_RELEASE_IDLE
DBG_GATEWAY_RX_DECODE ch=9 msg=0x41 src=0x708bc0aab970300e dst=0x9999888877776666 prev=0x708bc0aab970300e seq=1 flags=0x14 ple
DBG_UWB_RX_CH9
DBG_MESH_RX_QUEUED ch=9 msg=0x41 src=0x708bc0aab970300e dst=0x9999888877776666 prev=0x708bc0aab970300e seq=1 q=1
DBG_MESH_RX_DIRECT_WAIT q=1 reason=gateway-ch9-continuous-rx
DBG_MESH_RX_DIRECT_ENTER q=1 reason=gateway-ch9-continuous-rx
DBG_MESH_RX_DRAIN_ENTER owner=gateway-ch9-continuous-rx q=1
DBG_ENUM_ADAPTIVE_DEADLINE stage=0 observed_hop=1 next_hop=2 wait=4178 deadline=52608
DBG_ENUM_CLAIM_RX epoch=37486600 anchor=0x708bc0aab970300e hop=1 responders=2 roster=2 retained=0
DBG_GATEWAY_ACK_INPUT type=65 src=0x708bc0aab970300e dst=0x9999888877776666 rxseq=1 ackseq=4 len=36 flags=0x14 meta=0
DBG_GATEWAY_ACK_GUARD ms=10 seq=4
DBG_STACK_RUN_BEGIN epoch=868800254426389834 run=11 kind=ble_backpressure owner=system_workqueue queue=1 custody=1 credit=0 retry=0 drain=1 src=11068027678940948070 dst=11068027678940948070 session=37486605 seq=13 type=86 sequence=0 previous=0 uptime=48433
DBG_STACK_SAMPLE_BEGIN epoch=868800254426389834 run=11 sample=11 kind=ble_backpressure owner=system_workqueue queue=1 custody=1 credit=0 retry=0 drain=1 src=11068027678940948070 dst=11068027678940948070 session=37486605 seq=13 type=86 uptime=48452
DBG_STACK_ISR_CONFIG size=8192 run=11 sample=11
DBG_STACK name=BT RX WQ tid=0x2000fe18 used=760 free=776 size=1536 ret=0 run=11 sample=11
DBG_STACK name=mesh_route tid=0x2000d560 used=5888 free=2304 size=8192 ret=0 run=11 sample=11
DBG_STACK name=sysworkq tid=0x20010d70 used=2304 free=2176 size=4480 ret=0 run=11 sample=11
DBG_STACK name=MPSL Work tid=0x20010b28 used=440 free=584 size=1024 ret=0 run=11 sample=11
DBG_STACK name=logging tid=0x2000f920 used=480 free=1568 size=2048 ret=0 run=11 sample=11
DBG_STACK name=idle tid=0x20010c00 used=64 free=256 size=320 ret=0 run=11 sample=11
DBG_STACK_SAMPLE_END run=11 sample=11
DBG_STACK_RUN_END epoch=868800254426389834 run=11 kind=ble_backpressure owner=system_workqueue outcome=ack queue=1 custody=0 credit=1 retry=0 drain=1 src=11068027678940948070 dst=11068027678940948070 session=37486605 seq=13 type=86 samples=1 sequence=0 previous=0 uptime=48470
DBG_COORD state=idle owner=gateway-ack-immediate-channel9 reason=idle rx=0 tx=0 relay=0 route=0 ack=0 qack=0
DBG_CH9_TX_CONFIG ret=0 now=48476 earliest=0 msg=32
DBG_CH9_TX_SEND_AT now=48476 earliest=0 msg=32 len=105
DBG_CH9_TX_RELEASE_IDLE msg=32 seq=5 reason=gateway-ack-immediate-channel9 ret=0
DBG_UWB_TX_CH9
DBG_GATEWAY_ACK_TX_LED
DBG_GATEWAY_RX_REARM_DEFER delay=0 ret=1 active=1
DBG_GATEWAY_RX_START reason=gateway mesh restart active=1 qrx=0 qtx=0 adv_due=0
DBG_GATEWAY_ACK_SEND ret=0 seq=5 dst=0x708bc0aab970300e next=0x708bc0aab970300e
DBG_MESH_RX_DRAIN_EXIT owner=gateway-ch9-continuous-rx handled=1 q=0
DBG_GATEWAY_CH9_RX_CONT_RESULT start=48481 end=48757 ret=0 fail=0 status=0x00006f00 len=105 frames=2
DBG_UWB_RX_CH9
DBG_GATEWAY_CH9_RX_RELEASE_IDLE
DBG_GATEWAY_RX_DECODE ch=9 msg=0x33 src=0x708bc0aab970300e dst=0x9999888877776666 prev=0x708bc0aab970300e seq=1 flags=0x04 ple
DBG_UWB_RX_CH9
DBG_MESH_RX_QUEUED ch=9 msg=0x33 src=0x708bc0aab970300e dst=0x9999888877776666 prev=0x708bc0aab970300e seq=1 q=1
DBG_COORD state=gateway-rx owner=gateway-ch9-continuous-rx reason=gateway-rx rx=1 tx=0 relay=0 route=0 ack=0 qack=0
DBG_MESH_RX_DIRECT_WAIT q=1 reason=gateway-ch9-continuous-rx
DBG_MESH_RX_DIRECT_ENTER q=1 reason=gateway-ch9-continuous-rx
DBG_MESH_RX_DRAIN_ENTER owner=gateway-ch9-continuous-rx q=1
DBG_GATEWAY_ACK_INPUT type=51 src=0x708bc0aab970300e dst=0x9999888877776666 rxseq=1 ackseq=6 len=44 flags=0x04 meta=0
DBG_GATEWAY_ACK_GUARD ms=10 seq=6
DBG_COORD state=idle owner=gateway-ack-immediate-channel9 reason=idle rx=0 tx=0 relay=0 route=0 ack=0 qack=0
DBG_CH9_TX_CONFIG ret=0 now=48772 earliest=0 msg=32
DBG_CH9_TX_SEND_AT now=48772 earliest=0 msg=32 len=105
DBG_CH9_TX_RELEASE_IDLE msg=32 seq=6 reason=gateway-ack-immediate-channel9 ret=0
DBG_UWB_TX_CH9
DBG_GATEWAY_CH9_RX_CONT_RESULT start=48778 end=49156 ret=0 fail=0 status=0x00006f00 len=105 frames=0
DBG_UWB_RX_CH9
DBG_GATEWAY_CH9_RX_RELEASE_IDLE
DBG_GATEWAY_RX_DECODE ch=9 msg=0x33 src=0x708bc0aab970300e dst=0x9999888877776666 prev=0x708bc0aab970300e seq=1 flags=0x04 ple
DBG_UWB_RX_CH9
DBG_MESH_RX_QUEUED ch=9 msg=0x33 src=0x708bc0aab970300e dst=0x9999888877776666 prev=0x708bc0aab970300e seq=1 q=1
DBG_MESH_RX_DIRECT_WAIT q=1 reason=gateway-ch9-continuous-rx
DBG_MESH_RX_DIRECT_ENTER q=1 reason=gateway-ch9-continuous-rx
DBG_MESH_RX_DRAIN_ENTER owner=gateway-ch9-continuous-rx q=1
DBG_GATEWAY_ACK_INPUT type=51 src=0x708bc0aab970300e dst=0x9999888877776666 rxseq=1 ackseq=7 len=44 flags=0x04 meta=0
DBG_GATEWAY_ACK_GUARD ms=10 seq=7
DBG_COORD state=idle owner=gateway-ack-immediate-channel9 reason=idle rx=0 tx=0 relay=0 route=0 ack=0 qack=0
DBG_CH9_TX_CONFIG ret=0 now=49170 earliest=0 msg=32
DBG_CH9_TX_SEND_AT now=49170 earliest=0 msg=32 len=105
DBG_CH9_TX_RELEASE_IDLE msg=32 seq=7 reason=gateway-ack-immediate-channel9 ret=0
DBG_UWB_TX_CH9
DBG_GATEWAY_ACK_TX_LED
DBG_GATEWAY_RX_REARM_DEFER delay=0 ret=1 active=1
DBG_GATEWAY_CH9_RX_CONT_RESULT start=49175 end=49279 ret=-116 fail=0 status=0x00000000 len=0 frames=1
DBG_MESH_RX_WORK_WAIT q=0
DBG_MESH_RX_WORK_ENTER q=0
DBG_MESH_RX_DRAIN_ENTER owner=work q=0
DBG_MESH_RX_DRAIN_EXIT owner=work handled=0 q=0
DBG_MESH_RX_WORK_EXIT handled=0 q=0
DBG_GATEWAY_RX_REARM_RUN delay=0 ret=1 active=1
DBG_COORD state=gateway-rx owner=uwb-rx reason=gateway-rx rx=0 tx=0 relay=0 route=0 ack=0 qack=0
DBG_GATEWAY_CH9_RX_CONT_ARM now=49280 rem=500 frames=0 errors=0
DBG_GATEWAY_CH9_RX_CONT_RESULT start=49280 end=49459 ret=0 fail=0 status=0x00006f00 len=97 frames=0
DBG_UWB_RX_CH9
DBG_GATEWAY_CH9_RX_RELEASE_IDLE
DBG_GATEWAY_RX_DECODE ch=9 msg=0x41 src=0x56da25fe4af6d141 dst=0x9999888877776666 prev=0x56da25fe4af6d141 seq=1 flags=0x14 ple
DBG_UWB_RX_CH9
DBG_MESH_RX_QUEUED ch=9 msg=0x41 src=0x56da25fe4af6d141 dst=0x9999888877776666 prev=0x56da25fe4af6d141 seq=1 q=1
DBG_MESH_RX_DIRECT_WAIT q=1 reason=gateway-ch9-continuous-rx
DBG_MESH_RX_DIRECT_ENTER q=1 reason=gateway-ch9-continuous-rx
DBG_MESH_RX_DRAIN_ENTER owner=gateway-ch9-continuous-rx q=1
DBG_ENUM_ADAPTIVE_DEADLINE stage=0 observed_hop=1 next_hop=2 wait=4178 deadline=53642
DBG_ENUM_CONFIRM ret=1
DBG_ENUM_CLAIM_RX epoch=37486600 anchor=0x56da25fe4af6d141 hop=1 responders=3 roster=3 retained=0
DBG_GATEWAY_ACK_INPUT type=65 src=0x56da25fe4af6d141 dst=0x9999888877776666 rxseq=1 ackseq=8 len=36 flags=0x14 meta=0
DBG_GATEWAY_ACK_GUARD ms=10 seq=8
DBG_STACK_RUN_BEGIN epoch=868800254426389834 run=12 kind=ble_backpressure owner=system_workqueue queue=1 custody=1 credit=0 retry=0 drain=1 src=11068027678940948070 dst=11068027678940948070 session=37486606 seq=14 type=86 sequence=0 previous=0 uptime=49466
DBG_STACK_SAMPLE_BEGIN epoch=868800254426389834 run=12 sample=12 kind=ble_backpressure owner=system_workqueue queue=1 custody=1 credit=0 retry=0 drain=1 src=11068027678940948070 dst=11068027678940948070 session=37486606 seq=14 type=86 uptime=49476
DBG_STACK_ISR_CONFIG size=8192 run=12 sample=12
DBG_STACK name=BT RX WQ tid=0x2000fe18 used=760 free=776 size=1536 ret=0 run=12 sample=12
DBG_STACK name=mesh_route tid=0x2000d560 used=5888 free=2304 size=8192 ret=0 run=12 sample=12
DBG_STACK name=sysworkq tid=0x20010d70 used=2304 free=2176 size=4480 ret=0 run=12 sample=12
DBG_STACK name=MPSL Work tid=0x20010b28 used=440 free=584 size=1024 ret=0 run=12 sample=12
DBG_STACK name=logging tid=0x2000f920 used=480 free=1568 size=2048 ret=0 run=12 sample=12
DBG_STACK name=idle tid=0x20010c00 used=64 free=256 size=320 ret=0 run=12 sample=12
DBG_STACK_SAMPLE_END run=12 sample=12
DBG_STACK_RUN_END epoch=868800254426389834 run=12 kind=ble_backpressure owner=system_workqueue outcome=ack queue=1 custody=0 credit=1 retry=0 drain=1 src=11068027678940948070 dst=11068027678940948070 session=37486606 seq=14 type=86 samples=1 sequence=0 previous=0 uptime=49502
DBG_STACK_RUN_BEGIN epoch=868800254426389834 run=13 kind=ble_backpressure owner=system_workqueue queue=1 custody=1 credit=0 retry=0 drain=1 src=11068027678940948070 dst=11068027678940948070 session=37486606 seq=14 type=86 sequence=0 previous=0 uptime=49502
DBG_STACK_SAMPLE_BEGIN epoch=868800254426389834 run=13 sample=13 kind=ble_backpressure owner=system_workqueue queue=1 custody=1 credit=0 retry=0 drain=1 src=11068027678940948070 dst=11068027678940948070 session=37486606 seq=14 type=86 uptime=49503
DBG_STACK_ISR_CONFIG size=8192 run=13 sample=13
DBG_STACK name=BT RX WQ tid=0x2000fe18 used=760 free=776 size=1536 ret=0 run=13 sample=13
DBG_STACK name=mesh_route tid=0x2000d560 used=5888 free=2304 size=8192 ret=0 run=13 sample=13
DBG_STACK name=sysworkq tid=0x20010d70 used=2304 free=2176 size=4480 ret=0 run=13 sample=13
DBG_STACK name=MPSL Work tid=0x20010b28 used=440 free=584 size=1024 ret=0 run=13 sample=13
DBG_STACK name=logging tid=0x2000f920 used=480 free=1568 size=2048 ret=0 run=13 sample=13
DBG_STACK name=idle tid=0x20010c00 used=64 free=256 size=320 ret=0 run=13 sample=13
DBG_STACK_SAMPLE_END run=13 sample=13
DBG_STACK_RUN_END epoch=868800254426389834 run=13 kind=ble_backpressure owner=system_workqueue outcome=ack queue=1 custody=0 credit=1 retry=0 drain=1 src=11068027678940948070 dst=11068027678940948070 session=37486606 seq=14 type=86 samples=1 sequence=0 previous=0 uptime=49529
DBG_GATEWAY_CH9_RX_CONT_RESULT start=49515 end=49781 ret=-116 fail=0 status=0x00000000 len=0 frames=2
DBG_MESH_RX_WORK_WAIT q=0
DBG_MESH_RX_WORK_ENTER q=0
DBG_MESH_RX_DRAIN_ENTER owner=work q=0
DBG_MESH_RX_DRAIN_EXIT owner=work handled=0 q=0
DBG_MESH_RX_WORK_EXIT handled=0 q=0
DBG_GATEWAY_RX_REARM_RUN delay=0 ret=1 active=1
DBG_COORD state=gateway-rx owner=uwb-rx reason=gateway-rx rx=0 tx=0 relay=0 route=0 ack=0 qack=0
DBG_GATEWAY_CH9_RX_CONT_ARM now=49782 rem=500 frames=0 errors=0
DBG_GATEWAY_CH9_RX_CONT_RESULT start=49782 end=50283 ret=-116 fail=0 status=0x00000000 len=0 frames=0
DBG_GATEWAY_COMMAND_PRIORITY_SUBMIT ret=0 now=50284
DBG_GATEWAY_CH9_RX_CONT_ARM now=50285 rem=500 frames=0 errors=0
DBG_GATEWAY_CH9_RX_CONT_RESULT start=50285 end=50286 ret=-140 fail=0 status=0x00000000 len=0 frames=0
DBG_GATEWAY_CH9_RX_COMMAND_PREEMPT now=50287 rem=500 frames=0
DBG_GATEWAY_CH9_RX_CONT_DONE ret=-140 len=0 fail=0 recover=0
DBG_NC o=0000000000000002 g=00000002 w=00 e=0000003c s=00000005 q=0000>0004 r=00000000 f=00000024 t=00000000 p=00000000 a=00
DBG_NODE_COMM_SUBMIT handle=2 profile=6 token=17039362 deadline=60290
DBG_ENUM_FLOOD kind=2 handle=2
DBG_ENUM_TABLE_TX epoch=37486600 count=3 round=1 ret=0
DBG_NODE_COMM_TX_BEGIN handle=2 profile=6 msg=64 dst=0x0 seq=2
DBG_CONTROL_RX_HANDOFF_READY abort=0
DBG_COORD state=idle owner=c5-flood reason=idle rx=0 tx=0 relay=0 route=0 ack=0 qack=0
DBG_DWM_INVALIDATE tag=configure_radio_from_reset active_phy=3 configured=1 awake=1
DBG_DWM_MARK_UNCONFIGURED tag=initialise_radio prev_phy=0
DBG_DWM_INVALIDATE tag=configure_radio_from_reset active_phy=2 configured=1 awake=0
DBG_DWM_MARK_UNCONFIGURED tag=initialise_radio prev_phy=0
DBG_DWM_WAKE_MESH_CTRL_OK sfd=4073
DBG_C5_TX_CONFIG ret=0 ext=1 len=187 msg=40 reason=bounded-c5-flood
DBG_UWB_TX_CH5
DBG_NC o=0000000000000002 g=00000002 w=00 e=00000022 s=00000005 q=0004>0005 r=00000000 f=00000001 t=00000000 p=00000000 a=00
DBG_NC o=0000000000000002 g=00000002 w=00 e=00000041 s=00000005 q=0005>0008 r=00000000 f=00000026 t=00000000 p=00000001 a=01
DBG_NODE_COMM_ATTEMPT handle=2 profile=6 attempt=1 ret=0 rf=1 scheduled=0 state=0
DBG_GATEWAY_RX_START reason=gateway mesh restart active=1 qrx=0 qtx=0 adv_due=0
DBG_ENUM_RF_RESULT kind=2 handle=2 success=1 reason=0 tries=1
DBG_COORD state=gateway-rx owner=uwb-rx reason=gateway-rx rx=0 tx=0 relay=0 route=0 ack=0 qack=0
DBG_DWM_INVALIDATE tag=configure_radio_from_reset active_phy=4 configured=1 awake=1
DBG_DWM_MARK_UNCONFIGURED tag=initialise_radio prev_phy=0
DBG_GATEWAY_CH9_RX_CONT_ARM now=50374 rem=500 frames=0 errors=0
DBG_GATEWAY_CH9_RX_CONT_RESULT start=50374 end=50710 ret=0 fail=0 status=0x02006f00 len=131 frames=0
DBG_UWB_RX_CH9
DBG_GATEWAY_CH9_RX_RELEASE_IDLE
DBG_GATEWAY_RX_DECODE ch=9 msg=0x41 src=0x708bc0aab970300e dst=0x9999888877776666 prev=0x708bc0aab970300e seq=2 flags=0x14 ple
DBG_UWB_RX_CH9
DBG_MESH_RX_QUEUED ch=9 msg=0x41 src=0x708bc0aab970300e dst=0x9999888877776666 prev=0x708bc0aab970300e seq=2 q=1
DBG_MESH_RX_DIRECT_WAIT q=1 reason=gateway-ch9-continuous-rx
DBG_MESH_RX_DIRECT_ENTER q=1 reason=gateway-ch9-continuous-rx
DBG_MESH_RX_DRAIN_ENTER owner=gateway-ch9-continuous-rx q=1
DBG_ENUM_ADAPTIVE_DEADLINE stage=1 observed_hop=1 next_hop=2 wait=4694 deadline=55409
DBG_DISCOVERY_SLOT_ACK_RX epoch=37486600 anchor=0x708bc0aab970300e hop=1 acked=1 missing=2
DBG_GATEWAY_ACK_INPUT type=65 src=0x708bc0aab970300e dst=0x9999888877776666 rxseq=2 ackseq=10 len=70 flags=0x14 meta=0
DBG_GATEWAY_ACK_GUARD ms=10 seq=10
DBG_COORD state=idle owner=gateway-ack-immediate-channel9 reason=idle rx=0 tx=0 relay=0 route=0 ack=0 qack=0
DBG_CH9_TX_CONFIG ret=0 now=50728 earliest=0 msg=32
DBG_CH9_TX_SEND_AT now=50728 earliest=0 msg=32 len=105
DBG_CH9_TX_RELEASE_IDLE msg=32 seq=10 reason=gateway-ack-immediate-channel9 ret=0
DBG_UWB_TX_CH9
DBG_GATEWAY_ACK_TX_LED
DBG_GATEWAY_RX_REARM_DEFER delay=0 ret=1 active=1
DBG_GATEWAY_RX_START reason=gateway mesh restart active=1 qrx=0 qtx=0 adv_due=0
DBG_GATEWAY_CH9_RX_CONT_RESULT start=50733 end=50746 ret=0 fail=0 status=0x00006f00 len=105 frames=1
DBG_UWB_RX_CH9
DBG_GATEWAY_CH9_RX_RELEASE_IDLE
DBG_GATEWAY_RX_DECODE ch=9 msg=0x33 src=0x708bc0aab970300e dst=0x9999888877776666 prev=0x708bc0aab970300e seq=2 flags=0x04 ple
DBG_UWB_RX_CH9
DBG_MESH_RX_QUEUED ch=9 msg=0x33 src=0x708bc0aab970300e dst=0x9999888877776666 prev=0x708bc0aab970300e seq=2 q=1
DBG_COORD state=gateway-rx owner=gateway-ch9-continuous-rx reason=gateway-rx rx=1 tx=0 relay=0 route=0 ack=0 qack=0
DBG_MESH_RX_DIRECT_WAIT q=1 reason=gateway-ch9-continuous-rx
DBG_MESH_RX_DIRECT_ENTER q=1 reason=gateway-ch9-continuous-rx
DBG_MESH_RX_DRAIN_ENTER owner=gateway-ch9-continuous-rx q=1
DBG_ENUM_ADAPTIVE_DEADLINE stage=1 observed_hop=1 next_hop=2 wait=4700 deadline=55450
DBG_ENUM_CONFIRM ret=1
DBG_GATEWAY_ACK_INPUT type=51 src=0x708bc0aab970300e dst=0x9999888877776666 rxseq=2 ackseq=11 len=44 flags=0x04 meta=0
DBG_GATEWAY_ACK_GUARD ms=10 seq=11
DBG_STACK_RUN_BEGIN epoch=868800254426389834 run=14 kind=ble_backpressure owner=system_workqueue queue=1 custody=1 credit=0 retry=0 drain=1 src=11068027678940948070 dst=11068027678940948070 session=37486609 seq=17 type=86 sequence=0 previous=0 uptime=50752
DBG_STACK_SAMPLE_BEGIN epoch=868800254426389834 run=14 sample=14 kind=ble_backpressure owner=system_workqueue queue=1 custody=1 credit=0 retry=0 drain=1 src=11068027678940948070 dst=11068027678940948070 session=37486609 seq=17 type=86 uptime=50757
DBG_STACK_ISR_CONFIG size=8192 run=14 sample=14
DBG_STACK name=BT RX WQ tid=0x2000fe18 used=760 free=776 size=1536 ret=0 run=14 sample=14
DBG_STACK name=mesh_route tid=0x2000d560 used=5888 free=2304 size=8192 ret=0 run=14 sample=14
DBG_STACK name=sysworkq tid=0x20010d70 used=2304 free=2176 size=4480 ret=0 run=14 sample=14
DBG_STACK name=MPSL Work tid=0x20010b28 used=440 free=584 size=1024 ret=0 run=14 sample=14
DBG_STACK name=logging tid=0x2000f920 used=480 free=1568 size=2048 ret=0 run=14 sample=14
DBG_STACK name=idle tid=0x20010c00 used=64 free=256 size=320 ret=0 run=14 sample=14
DBG_STACK_SAMPLE_END run=14 sample=14
DBG_STACK_RUN_END epoch=868800254426389834 run=14 kind=ble_backpressure owner=system_workqueue outcome=ack queue=1 custody=0 credit=1 retry=0 drain=1 src=11068027678940948070 dst=11068027678940948070 session=37486609 seq=17 type=86 samples=1 sequence=0 previous=0 uptime=50783
DBG_GATEWAY_CH9_RX_CONT_RESULT start=50767 end=50849 ret=-116 fail=0 status=0x00000000 len=0 frames=2
DBG_MESH_RX_WORK_WAIT q=0
DBG_MESH_RX_WORK_ENTER q=0
DBG_MESH_RX_DRAIN_ENTER owner=work q=0
DBG_MESH_RX_DRAIN_EXIT owner=work handled=0 q=0
DBG_MESH_RX_WORK_EXIT handled=0 q=0
DBG_GATEWAY_RX_REARM_RUN delay=0 ret=1 active=1
DBG_COORD state=gateway-rx owner=uwb-rx reason=gateway-rx rx=0 tx=0 relay=0 route=0 ack=0 qack=0
DBG_GATEWAY_CH9_RX_CONT_ARM now=50850 rem=500 frames=0 errors=0
DBG_GATEWAY_CH9_RX_CONT_RESULT start=50850 end=51215 ret=0 fail=0 status=0x00006f00 len=131 frames=0
DBG_UWB_RX_CH9
DBG_GATEWAY_CH9_RX_RELEASE_IDLE
DBG_GATEWAY_RX_DECODE ch=9 msg=0x41 src=0x56da25fe4af6d141 dst=0x9999888877776666 prev=0x56da25fe4af6d141 seq=2 flags=0x14 ple
DBG_UWB_RX_CH9
DBG_MESH_RX_QUEUED ch=9 msg=0x41 src=0x56da25fe4af6d141 dst=0x9999888877776666 prev=0x56da25fe4af6d141 seq=2 q=1
DBG_MESH_RX_DIRECT_WAIT q=1 reason=gateway-ch9-continuous-rx
DBG_MESH_RX_DIRECT_ENTER q=1 reason=gateway-ch9-continuous-rx
DBG_MESH_RX_DRAIN_ENTER owner=gateway-ch9-continuous-rx q=1
DBG_ENUM_ADAPTIVE_DEADLINE stage=1 observed_hop=1 next_hop=2 wait=4693 deadline=55913
DBG_DISCOVERY_SLOT_ACK_RX epoch=37486600 anchor=0x56da25fe4af6d141 hop=1 acked=2 missing=1
DBG_GATEWAY_ACK_INPUT type=65 src=0x56da25fe4af6d141 dst=0x9999888877776666 rxseq=2 ackseq=12 len=70 flags=0x14 meta=0
DBG_GATEWAY_ACK_GUARD ms=10 seq=12
DBG_COORD state=idle owner=gateway-ack-immediate-channel9 reason=idle rx=0 tx=0 relay=0 route=0 ack=0 qack=0
DBG_CH9_TX_CONFIG ret=0 now=51233 earliest=0 msg=32
DBG_CH9_TX_SEND_AT now=51233 earliest=0 msg=32 len=105
DBG_GATEWAY_CH9_RX_CONT_RESULT start=51238 end=51251 ret=0 fail=0 status=0x00006f00 len=105 frames=1
DBG_UWB_RX_CH9
DBG_GATEWAY_CH9_RX_RELEASE_IDLE
DBG_GATEWAY_RX_DECODE ch=9 msg=0x33 src=0x56da25fe4af6d141 dst=0x9999888877776666 prev=0x56da25fe4af6d141 seq=2 flags=0x04 ple
DBG_UWB_RX_CH9
DBG_MESH_RX_QUEUED ch=9 msg=0x33 src=0x56da25fe4af6d141 dst=0x9999888877776666 prev=0x56da25fe4af6d141 seq=2 q=1
DBG_COORD state=gateway-rx owner=gateway-ch9-continuous-rx reason=gateway-rx rx=1 tx=0 relay=0 route=0 ack=0 qack=0
DBG_MESH_RX_DIRECT_WAIT q=1 reason=gateway-ch9-continuous-rx
DBG_MESH_RX_DIRECT_ENTER q=1 reason=gateway-ch9-continuous-rx
DBG_MESH_RX_DRAIN_ENTER owner=gateway-ch9-continuous-rx q=1
DBG_ENUM_ADAPTIVE_DEADLINE stage=1 observed_hop=1 next_hop=2 wait=4700 deadline=55954
DBG_ENUM_CONFIRM ret=1
DBG_GATEWAY_ACK_INPUT type=51 src=0x56da25fe4af6d141 dst=0x9999888877776666 rxseq=2 ackseq=13 len=44 flags=0x04 meta=0
DBG_GATEWAY_ACK_GUARD ms=10 seq=13
DBG_STACK_RUN_BEGIN epoch=868800254426389834 run=15 kind=ble_backpressure owner=system_workqueue queue=1 custody=1 credit=0 retry=0 drain=1 src=11068027678940948070 dst=11068027678940948070 session=37486610 seq=18 type=86 sequence=0 previous=0 uptime=51256
DBG_STACK_SAMPLE_BEGIN epoch=868800254426389834 run=15 sample=15 kind=ble_backpressure owner=system_workqueue queue=1 custody=1 credit=0 retry=0 drain=1 src=11068027678940948070 dst=11068027678940948070 session=37486610 seq=18 type=86 uptime=51275
DBG_STACK_ISR_CONFIG size=8192 run=15 sample=15
DBG_STACK name=BT RX WQ tid=0x2000fe18 used=760 free=776 size=1536 ret=0 run=15 sample=15
DBG_STACK name=mesh_route tid=0x2000d560 used=5888 free=2304 size=8192 ret=0 run=15 sample=15
DBG_STACK name=sysworkq tid=0x20010d70 used=2304 free=2176 size=4480 ret=0 run=15 sample=15
DBG_STACK name=MPSL Work tid=0x20010b28 used=440 free=584 size=1024 ret=0 run=15 sample=15
DBG_STACK name=logging tid=0x2000f920 used=480 free=1568 size=2048 ret=0 run=15 sample=15
DBG_STACK name=idle tid=0x20010c00 used=64 free=256 size=320 ret=0 run=15 sample=15
DBG_STACK_SAMPLE_END run=15 sample=15
DBG_STACK_RUN_END epoch=868800254426389834 run=15 kind=ble_backpressure owner=system_workqueue outcome=ack queue=1 custody=0 credit=1 retry=0 drain=1 src=11068027678940948070 dst=11068027678940948070 session=37486610 seq=18 type=86 samples=1 sequence=0 previous=0 uptime=51292
DBG_GATEWAY_CH9_RX_CONT_RESULT start=51272 end=51351 ret=-116 fail=0 status=0x00000000 len=0 frames=2
DBG_MESH_RX_WORK_WAIT q=0
DBG_MESH_RX_WORK_ENTER q=0
DBG_MESH_RX_DRAIN_ENTER owner=work q=0
DBG_MESH_RX_DRAIN_EXIT owner=work handled=0 q=0
DBG_MESH_RX_WORK_EXIT handled=0 q=0
DBG_GATEWAY_RX_REARM_RUN delay=0 ret=1 active=1
DBG_COORD state=gateway-rx owner=uwb-rx reason=gateway-rx rx=0 tx=0 relay=0 route=0 ack=0 qack=0
DBG_GATEWAY_CH9_RX_CONT_ARM now=51352 rem=500 frames=0 errors=0
DBG_GATEWAY_CH9_RX_CONT_RESULT start=51352 end=51557 ret=0 fail=0 status=0x00006f00 len=105 frames=0
DBG_UWB_RX_CH9
DBG_GATEWAY_CH9_RX_RELEASE_IDLE
DBG_GATEWAY_RX_DECODE ch=9 msg=0x33 src=0x56da25fe4af6d141 dst=0x9999888877776666 prev=0x56da25fe4af6d141 seq=2 flags=0x04 ple
DBG_UWB_RX_CH9
DBG_MESH_RX_QUEUED ch=9 msg=0x33 src=0x56da25fe4af6d141 dst=0x9999888877776666 prev=0x56da25fe4af6d141 seq=2 q=1
DBG_MESH_RX_DIRECT_WAIT q=1 reason=gateway-ch9-continuous-rx
DBG_MESH_RX_DIRECT_ENTER q=1 reason=gateway-ch9-continuous-rx
DBG_MESH_RX_DRAIN_ENTER owner=gateway-ch9-continuous-rx q=1
DBG_GATEWAY_ACK_INPUT type=51 src=0x56da25fe4af6d141 dst=0x9999888877776666 rxseq=2 ackseq=14 len=44 flags=0x04 meta=0
DBG_GATEWAY_ACK_GUARD ms=10 seq=14
DBG_COORD state=idle owner=gateway-ack-immediate-channel9 reason=idle rx=0 tx=0 relay=0 route=0 ack=0 qack=0
DBG_CH9_TX_CONFIG ret=0 now=51571 earliest=0 msg=32
DBG_CH9_TX_SEND_AT now=51572 earliest=0 msg=32 len=105
DBG_CH9_TX_RELEASE_IDLE msg=32 seq=14 reason=gateway-ack-immediate-channel9 ret=0
DBG_UWB_TX_CH9
DBG_GATEWAY_ACK_TX_LED
DBG_GATEWAY_RX_REARM_DEFER delay=0 ret=1 active=1
DBG_GATEWAY_CH9_RX_CONT_RESULT start=51577 end=51722 ret=0 fail=0 status=0x00006f00 len=131 frames=1
DBG_UWB_RX_CH9
DBG_GATEWAY_CH9_RX_RELEASE_IDLE
DBG_GATEWAY_RX_DECODE ch=9 msg=0x41 src=0x191a9619c6c8cb07 dst=0x9999888877776666 prev=0x191a9619c6c8cb07 seq=2 flags=0x14 ple
DBG_UWB_RX_CH9
DBG_MESH_RX_QUEUED ch=9 msg=0x41 src=0x191a9619c6c8cb07 dst=0x9999888877776666 prev=0x191a9619c6c8cb07 seq=2 q=1
DBG_COORD state=gateway-rx owner=gateway-ch9-continuous-rx reason=gateway-rx rx=1 tx=0 relay=0 route=0 ack=0 qack=0
DBG_MESH_RX_DIRECT_WAIT q=1 reason=gateway-ch9-continuous-rx
DBG_MESH_RX_DIRECT_ENTER q=1 reason=gateway-ch9-continuous-rx
DBG_MESH_RX_DRAIN_ENTER owner=gateway-ch9-continuous-rx q=1
DBG_ENUM_ADAPTIVE_DEADLINE stage=1 observed_hop=1 next_hop=2 wait=4694 deadline=56421
DBG_DISCOVERY_SLOT_ACK_RX epoch=37486600 anchor=0x191a9619c6c8cb07 hop=1 acked=3 missing=0
DBG_GATEWAY_ACK_INPUT type=65 src=0x191a9619c6c8cb07 dst=0x9999888877776666 rxseq=2 ackseq=15 len=70 flags=0x14 meta=0
DBG_COORD state=idle owner=gateway-ack-immediate-channel9 reason=idle rx=0 tx=0 relay=0 route=0 ack=0 qack=0
DBG_CH9_TX_CONFIG ret=0 now=51740 earliest=0 msg=32
DBG_GATEWAY_CH9_RX_CONT_RESULT start=51746 end=51853 ret=-116 fail=0 status=0x00000000 len=0 frames=2
DBG_MESH_RX_WORK_WAIT q=0
DBG_MESH_RX_WORK_ENTER q=0
DBG_MESH_RX_DRAIN_ENTER owner=work q=0
DBG_MESH_RX_DRAIN_EXIT owner=work handled=0 q=0
DBG_MESH_RX_WORK_EXIT handled=0 q=0
DBG_GATEWAY_RX_REARM_RUN delay=0 ret=1 active=1
DBG_COORD state=gateway-rx owner=uwb-rx reason=gateway-rx rx=0 tx=0 relay=0 route=0 ack=0 qack=0
DBG_GATEWAY_CH9_RX_CONT_ARM now=51854 rem=500 frames=0 errors=0
DBG_GATEWAY_CH9_RX_CONT_RESULT start=51854 end=52355 ret=-116 fail=0 status=0x00000000 len=0 frames=0
DBG_GATEWAY_CH9_RX_CONT_ARM now=52357 rem=500 frames=0 errors=0
DBG_GATEWAY_CH9_RX_CONT_RESULT start=52357 end=52858 ret=-116 fail=0 status=0x00000000 len=0 frames=0
DBG_GATEWAY_CH9_RX_CONT_ARM now=52860 rem=500 frames=0 errors=0
DBG_GATEWAY_CH9_RX_CONT_RESULT start=52860 end=53361 ret=-116 fail=0 status=0x00000000 len=0 frames=0
DBG_GATEWAY_CH9_RX_CONT_ARM now=53363 rem=500 frames=0 errors=0
DBG_GATEWAY_CH9_RX_CONT_RESULT start=53363 end=53864 ret=-116 fail=0 status=0x00000000 len=0 frames=0
DBG_GATEWAY_CH9_RX_CONT_ARM now=53866 rem=500 frames=0 errors=0
DBG_GATEWAY_CH9_RX_CONT_RESULT start=53866 end=54367 ret=-116 fail=0 status=0x00000000 len=0 frames=0
DBG_GATEWAY_CH9_RX_CONT_ARM now=54369 rem=500 frames=0 errors=0
DBG_GATEWAY_CH9_RX_CONT_RESULT start=54369 end=54870 ret=-116 fail=0 status=0x00000000 len=0 frames=0
DBG_GATEWAY_CH9_RX_CONT_ARM now=54872 rem=500 frames=0 errors=0
DBG_GATEWAY_CH9_RX_CONT_RESULT start=54872 end=55373 ret=-116 fail=0 status=0x00000000 len=0 frames=0
DBG_GATEWAY_CH9_RX_CONT_ARM now=55375 rem=500 frames=0 errors=0
DBG_GATEWAY_CH9_RX_CONT_RESULT start=55375 end=55876 ret=-116 fail=0 status=0x00000000 len=0 frames=0
DBG_GATEWAY_CH9_RX_CONT_ARM now=55878 rem=500 frames=0 errors=0
DBG_GATEWAY_CH9_RX_CONT_RESULT start=55878 end=56379 ret=-116 fail=0 status=0x00000000 len=0 frames=0
DBG_GATEWAY_CH9_RX_CONT_ARM now=56381 rem=500 frames=0 errors=0
DBG_GATEWAY_CH9_RX_CONT_RESULT start=56381 end=56882 ret=-116 fail=0 status=0x00000000 len=0 frames=0
DBG_GATEWAY_COMMAND_PRIORITY_SUBMIT ret=0 now=56883
DBG_GATEWAY_CH9_RX_CONT_ARM now=56884 rem=500 frames=0 errors=0
DBG_GATEWAY_CH9_RX_CONT_RESULT start=56884 end=56885 ret=-140 fail=0 status=0x00000000 len=0 frames=0
DBG_GATEWAY_CH9_RX_COMMAND_PREEMPT now=56886 rem=500 frames=0
DBG_GATEWAY_CH9_RX_CONT_DONE ret=-140 len=0 fail=0 recover=0
DBG_NC o=0000000000000003 g=00000003 w=00 e=0000003c s=00000005 q=0000>0004 r=00000000 f=00000024 t=00000000 p=00000000 a=00
DBG_NODE_COMM_SUBMIT handle=3 profile=6 token=17039363 deadline=66886
DBG_ENUM_FLOOD kind=4 handle=3
DBG_ENUM_ABORT_TX epoch=37486600 claim_session=37486600 claim_seq=37486600 ret=0
DBG_NODE_COMM_TX_BEGIN handle=3 profile=6 msg=64 dst=0x0 seq=3
DBG_CONTROL_RX_HANDOFF_READY abort=0
DBG_COORD state=idle owner=c5-flood reason=idle rx=0 tx=0 relay=0 route=0 ack=0 qack=0
DBG_DWM_INVALIDATE tag=configure_radio_from_reset active_phy=3 configured=1 awake=1
DBG_DWM_MARK_UNCONFIGURED tag=initialise_radio prev_phy=0
DBG_DWM_INVALIDATE tag=configure_radio_from_reset active_phy=2 configured=1 awake=0
DBG_DWM_MARK_UNCONFIGURED tag=initialise_radio prev_phy=0
DBG_DWM_WAKE_MESH_CTRL_OK sfd=4073
DBG_C5_TX_CONFIG ret=0 ext=1 len=141 msg=40 reason=bounded-c5-flood
DBG_UWB_TX_CH5
DBG_NC o=0000000000000003 g=00000003 w=00 e=00000022 s=00000005 q=0004>0005 r=00000000 f=00000001 t=00000000 p=00000000 a=00
DBG_NC o=0000000000000003 g=00000003 w=00 e=00000041 s=00000005 q=0005>0008 r=00000000 f=00000026 t=00000000 p=00000001 a=01
DBG_NODE_COMM_ATTEMPT handle=3 profile=6 attempt=1 ret=0 rf=1 scheduled=0 state=0
DBG_GATEWAY_RX_START reason=gateway mesh restart active=1 qrx=0 qtx=0 adv_due=0
DBG_ENUM_RF_RESULT kind=4 handle=3 success=1 reason=0 tries=1
DBG_STACK_RUN_BEGIN epoch=868800254426389834 run=16 kind=ble_backpressure owner=system_workqueue queue=1 custody=1 credit=0 retry=0 drain=1 src=11068027678940948070 dst=11068027678940948070 session=175160446 seq=48254 type=65 sequence=0 previous=0 uptime=56944
DBG_STACK_SAMPLE_BEGIN epoch=868800254426389834 run=16 sample=16 kind=ble_backpressure owner=system_workqueue queue=1 custody=1 credit=0 retry=0 drain=1 src=11068027678940948070 dst=11068027678940948070 session=175160446 seq=48254 type=65 uptime=56944
DBG_STACK_ISR_CONFIG size=8192 run=16 sample=16
DBG_STACK name=BT RX WQ tid=0x2000fe18 used=760 free=776 size=1536 ret=0 run=16 sample=16
DBG_STACK name=mesh_route tid=0x2000d560 used=5888 free=2304 size=8192 ret=0 run=16 sample=16
DBG_STACK name=sysworkq tid=0x20010d70 used=2304 free=2176 size=4480 ret=0 run=16 sample=16
DBG_STACK name=MPSL Work tid=0x20010b28 used=440 free=584 size=1024 ret=0 run=16 sample=16
DBG_STACK name=logging tid=0x2000f920 used=480 free=1568 size=2048 ret=0 run=16 sample=16
DBG_STACK name=idle tid=0x20010c00 used=64 free=256 size=320 ret=0 run=16 sample=16
DBG_STACK_SAMPLE_END run=16 sample=16
DBG_STACK_RUN_END epoch=868800254426389834 run=16 kind=ble_backpressure owner=system_workqueue outcome=ack queue=1 custody=0 credit=1 retry=0 drain=1 src=11068027678940948070 dst=11068027678940948070 session=175160446 seq=48254 type=65 samples=1 sequence=0 previous=0 uptime=56972
DBG_GATEWAY_CH9_RX_CONT_ARM now=56974 rem=500 frames=0 errors=0
DBG_GATEWAY_CH9_RX_CONT_RESULT start=56974 end=57475 ret=-116 fail=0 status=0x02000000 len=0 frames=0
DBG_GATEWAY_CH9_RX_CONT_ARM now=57477 rem=500 frames=0 errors=0
DBG_GATEWAY_CH9_RX_CONT_RESULT start=57477 end=57978 ret=-116 fail=0 status=0x00000000 len=0 frames=0
DBG_GATEWAY_CH9_RX_CONT_ARM now=57980 rem=500 frames=0 errors=0
DBG_GATEWAY_CH9_RX_CONT_RESULT start=57980 end=58481 ret=-116 fail=0 status=0x00000000 len=0 frames=0
DBG_GATEWAY_CH9_RX_CONT_ARM now=58483 rem=500 frames=0 errors=0
DBG_GATEWAY_CH9_RX_CONT_RESULT start=58483 end=58984 ret=-116 fail=0 status=0x00000000 len=0 frames=0
DBG_GATEWAY_CH9_RX_CONT_ARM now=58986 rem=500 frames=0 errors=0
DBG_GATEWAY_CH9_RX_CONT_RESULT start=58986 end=59487 ret=-116 fail=0 status=0x00000000 len=0 frames=0
DBG_GATEWAY_CH9_RX_CONT_ARM now=59489 rem=500 frames=0 errors=0
DBG_GATEWAY_BLE event=disconnected reason=19 uptime=59769
DBG_GATEWAY_BLE event=recovery round=1 delay_ms=364 reason=disconnected uptime=59769
DBG_GATEWAY_CH9_RX_CONT_RESULT start=59489 end=59990 ret=-116 fail=0 status=0x00000000 len=0 frames=0
DBG_GATEWAY_CH9_RX_CONT_ARM now=59992 rem=500 frames=0 errors=0
DBG_GATEWAY_CH9_RX_CONT_RESULT start=59992 end=60493 ret=-116 fail=0 status=0x00000000 len=0 frames=0
DBG_GATEWAY_CH9_RX_CONT_ARM now=60495 rem=500 frames=0 errors=0
