BLE_CONNECTED gateway_id=0x9999888877776666 command=assign-slots session=1689788583 frame=04c101400201010101010101116666777788889999a720b864a720011b010101081002040178020306ab04dc620607ae0b0101010304dc620605e8031ab900
BLE_CHUNK len=118 hex=4757012801060100560401000100e40166667777888899996666777788889999000000004e00a713014e01020000000004013b00a720b86400000000a720b864a72000000100e401000000000000000000000000000000000000000000000000000000000000000000000000000000000000000000ff
BLE_PACKET type=0x56 src=0x9999888877776666 dst=0x9999888877776666 session=31719425 seq=1 payload=014e01020000000004013b00a720b86400000000a720b864a72000000100e401000000000000000000000000000000000000000000000000000000000000000000000000000000000000000000ff
GATEWAY_COMMAND_EVENT GatewayCommandEvent(command_kind=1, stage=2, flags=0, attempt=0, command_status=0, reason=0, command_id=260, route_epoch=59, correlation_id=1689788583, gateway_sequence=0, host_session_id=1689788583, host_sequence=8359, event_sequence=31719425, anchor_id=0, pair_initiator_id=0, pair_responder_id=0, previous_hop_id=0, progress_count=0, total_count=0, success_count=0, failure_count=0, duplicate_count=0, lost_event_count=0, hop_count=0, discovery_slot=255)
BLE_HOST_RECEIPT type=0x56 src=0x9999888877776666 session=31719425 seq=1
BLE_CHUNK len=118 hex=4757012801060100560402000200e40166667777888899996666777788889999000000004e0003d6014e01030000000004013b00a720b86400000000a720b864a72000000200e401000000000000000000000000000000000000000000000000000000000000000000000000000000000000000000ff
BLE_PACKET type=0x56 src=0x9999888877776666 dst=0x9999888877776666 session=31719426 seq=2 payload=014e01030000000004013b00a720b86400000000a720b864a72000000200e401000000000000000000000000000000000000000000000000000000000000000000000000000000000000000000ff
GATEWAY_COMMAND_EVENT GatewayCommandEvent(command_kind=1, stage=3, flags=0, attempt=0, command_status=0, reason=0, command_id=260, route_epoch=59, correlation_id=1689788583, gateway_sequence=0, host_session_id=1689788583, host_sequence=8359, event_sequence=31719426, anchor_id=0, pair_initiator_id=0, pair_responder_id=0, previous_hop_id=0, progress_count=0, total_count=0, success_count=0, failure_count=0, duplicate_count=0, lost_event_count=0, hop_count=0, discovery_slot=255)
BLE_HOST_RECEIPT type=0x56 src=0x9999888877776666 session=31719426 seq=2
BLE_CHUNK len=118 hex=4757012801060100560404000400e40166667777888899996666777788889999000000004e00f16e014e01030000000004013b00a720b8640300e401a720b864a72000000400e401000000000000000000000000000000000000000000000000000000000000000000000000000000000000000000ff
BLE_PACKET type=0x56 src=0x9999888877776666 dst=0x9999888877776666 session=31719428 seq=4 payload=014e01030000000004013b00a720b8640300e401a720b864a72000000400e401000000000000000000000000000000000000000000000000000000000000000000000000000000000000000000ff
GATEWAY_COMMAND_EVENT GatewayCommandEvent(command_kind=1, stage=3, flags=0, attempt=0, command_status=0, reason=0, command_id=260, route_epoch=59, correlation_id=1689788583, gateway_sequence=31719427, host_session_id=1689788583, host_sequence=8359, event_sequence=31719428, anchor_id=0, pair_initiator_id=0, pair_responder_id=0, previous_hop_id=0, progress_count=0, total_count=0, success_count=0, failure_count=0, duplicate_count=0, lost_event_count=0, hop_count=0, discovery_slot=255)
BLE_HOST_RECEIPT type=0x56 src=0x9999888877776666 session=31719428 seq=4
BLE_CHUNK len=118 hex=4757012801060100560406000600e40166667777888899996666777788889999000000004e00c537014e01040001000004013b00a720b8640300e401a720b864a72000000600e401000000000000000000000000000000000000000000000000000000000000000000000000000000000000000000ff
BLE_PACKET type=0x56 src=0x9999888877776666 dst=0x9999888877776666 session=31719430 seq=6 payload=014e01040001000004013b00a720b8640300e401a720b864a72000000600e401000000000000000000000000000000000000000000000000000000000000000000000000000000000000000000ff
GATEWAY_COMMAND_EVENT GatewayCommandEvent(command_kind=1, stage=4, flags=0, attempt=1, command_status=0, reason=0, command_id=260, route_epoch=59, correlation_id=1689788583, gateway_sequence=31719427, host_session_id=1689788583, host_sequence=8359, event_sequence=31719430, anchor_id=0, pair_initiator_id=0, pair_responder_id=0, previous_hop_id=0, progress_count=0, total_count=0, success_count=0, failure_count=0, duplicate_count=0, lost_event_count=0, hop_count=0, discovery_slot=255)
BLE_CHUNK len=118 hex=4757012801060100560407000700e40166667777888899996666777788889999000000004e008031014e01060000000004013b00a720b8640300e401a720b864a72000000700e4010e3070b9aac08b70000000000000000000000000000000000e3070b9aac08b7001000000000000000000000001ff
BLE_PACKET type=0x56 src=0x9999888877776666 dst=0x9999888877776666 session=31719431 seq=7 payload=014e01060000000004013b00a720b8640300e401a720b864a72000000700e4010e3070b9aac08b70000000000000000000000000000000000e3070b9aac08b7001000000000000000000000001ff
GATEWAY_COMMAND_EVENT GatewayCommandEvent(command_kind=1, stage=6, flags=0, attempt=0, command_status=0, reason=0, command_id=260, route_epoch=59, correlation_id=1689788583, gateway_sequence=31719427, host_session_id=1689788583, host_sequence=8359, event_sequence=31719431, anchor_id=8109787393498820622, pair_initiator_id=0, pair_responder_id=0, previous_hop_id=8109787393498820622, progress_count=1, total_count=0, success_count=0, failure_count=0, duplicate_count=0, lost_event_count=0, hop_count=1, discovery_slot=255)
BLE_HOST_RECEIPT type=0x56 src=0x9999888877776666 session=31719430 seq=6
BLE_HOST_RECEIPT type=0x56 src=0x9999888877776666 session=31719431 seq=7
BLE_CHUNK len=118 hex=4757012801060100560408000800e40166667777888899996666777788889999000000004e009674014e01060000000004013b00a720b8640300e401a720b864a72000000800e40141d1f64afe25da560000000000000000000000000000000041d1f64afe25da5602000000000000000000000001ff
BLE_PACKET type=0x56 src=0x9999888877776666 dst=0x9999888877776666 session=31719432 seq=8 payload=014e01060000000004013b00a720b8640300e401a720b864a72000000800e40141d1f64afe25da560000000000000000000000000000000041d1f64afe25da5602000000000000000000000001ff
GATEWAY_COMMAND_EVENT GatewayCommandEvent(command_kind=1, stage=6, flags=0, attempt=0, command_status=0, reason=0, command_id=260, route_epoch=59, correlation_id=1689788583, gateway_sequence=31719427, host_session_id=1689788583, host_sequence=8359, event_sequence=31719432, anchor_id=6258356406294335809, pair_initiator_id=0, pair_responder_id=0, previous_hop_id=6258356406294335809, progress_count=2, total_count=0, success_count=0, failure_count=0, duplicate_count=0, lost_event_count=0, hop_count=1, discovery_slot=255)
BLE_HOST_RECEIPT type=0x56 src=0x9999888877776666 session=31719432 seq=8
BLE_CHUNK len=118 hex=4757012801060100560409000900e40166667777888899996666777788889999000000004e00f371014e01060000000004013b00a720b8640300e401a720b864a72000000900e40107cbc8c619961a190000000000000000000000000000000007cbc8c619961a1903000000000000000000000001ff
BLE_PACKET type=0x56 src=0x9999888877776666 dst=0x9999888877776666 session=31719433 seq=9 payload=014e01060000000004013b00a720b8640300e401a720b864a72000000900e40107cbc8c619961a190000000000000000000000000000000007cbc8c619961a1903000000000000000000000001ff
GATEWAY_COMMAND_EVENT GatewayCommandEvent(command_kind=1, stage=6, flags=0, attempt=0, command_status=0, reason=0, command_id=260, route_epoch=59, correlation_id=1689788583, gateway_sequence=31719427, host_session_id=1689788583, host_sequence=8359, event_sequence=31719433, anchor_id=1808923237796072199, pair_initiator_id=0, pair_responder_id=0, previous_hop_id=1808923237796072199, progress_count=3, total_count=0, success_count=0, failure_count=0, duplicate_count=0, lost_event_count=0, hop_count=1, discovery_slot=255)
BLE_HOST_RECEIPT type=0x56 src=0x9999888877776666 session=31719433 seq=9
BLE_CHUNK len=118 hex=475701280106010056040c000c00e40166667777888899996666777788889999000000004e0069d2014e01080000000004013b00a720b8640300e401a720b864a72000000c00e4010e3070b9aac08b700000000000000000000000000000000000000000000000000100030000000000000000000100
BLE_PACKET type=0x56 src=0x9999888877776666 dst=0x9999888877776666 session=31719436 seq=12 payload=014e01080000000004013b00a720b8640300e401a720b864a72000000c00e4010e3070b9aac08b700000000000000000000000000000000000000000000000000100030000000000000000000100
GATEWAY_COMMAND_EVENT GatewayCommandEvent(command_kind=1, stage=8, flags=0, attempt=0, command_status=0, reason=0, command_id=260, route_epoch=59, correlation_id=1689788583, gateway_sequence=31719427, host_session_id=1689788583, host_sequence=8359, event_sequence=31719436, anchor_id=8109787393498820622, pair_initiator_id=0, pair_responder_id=0, previous_hop_id=0, progress_count=1, total_count=3, success_count=0, failure_count=0, duplicate_count=0, lost_event_count=0, hop_count=1, discovery_slot=0)
BLE_HOST_RECEIPT type=0x56 src=0x9999888877776666 session=31719436 seq=12
BLE_CHUNK len=118 hex=475701280106010056040d000d00e40166667777888899996666777788889999000000004e000ce2014e01080000000004013b00a720b8640300e401a720b864a72000000d00e40141d1f64afe25da560000000000000000000000000000000000000000000000000200030000000000000000000101
BLE_PACKET type=0x56 src=0x9999888877776666 dst=0x9999888877776666 session=31719437 seq=13 payload=014e01080000000004013b00a720b8640300e401a720b864a72000000d00e40141d1f64afe25da560000000000000000000000000000000000000000000000000200030000000000000000000101
GATEWAY_COMMAND_EVENT GatewayCommandEvent(command_kind=1, stage=8, flags=0, attempt=0, command_status=0, reason=0, command_id=260, route_epoch=59, correlation_id=1689788583, gateway_sequence=31719427, host_session_id=1689788583, host_sequence=8359, event_sequence=31719437, anchor_id=6258356406294335809, pair_initiator_id=0, pair_responder_id=0, previous_hop_id=0, progress_count=2, total_count=3, success_count=0, failure_count=0, duplicate_count=0, lost_event_count=0, hop_count=1, discovery_slot=1)
BLE_HOST_RECEIPT type=0x56 src=0x9999888877776666 session=31719437 seq=13
BLE_CHUNK len=118 hex=475701280106010056040e000e00e40166667777888899996666777788889999000000004e00105c014e01080000000004013b00a720b8640300e401a720b864a72000000e00e40107cbc8c619961a190000000000000000000000000000000000000000000000000300030000000000000000000102
BLE_PACKET type=0x56 src=0x9999888877776666 dst=0x9999888877776666 session=31719438 seq=14 payload=014e01080000000004013b00a720b8640300e401a720b864a72000000e00e40107cbc8c619961a190000000000000000000000000000000000000000000000000300030000000000000000000102
GATEWAY_COMMAND_EVENT GatewayCommandEvent(command_kind=1, stage=8, flags=0, attempt=0, command_status=0, reason=0, command_id=260, route_epoch=59, correlation_id=1689788583, gateway_sequence=31719427, host_session_id=1689788583, host_sequence=8359, event_sequence=31719438, anchor_id=1808923237796072199, pair_initiator_id=0, pair_responder_id=0, previous_hop_id=0, progress_count=3, total_count=3, success_count=0, failure_count=0, duplicate_count=0, lost_event_count=0, hop_count=1, discovery_slot=2)
BLE_HOST_RECEIPT type=0x56 src=0x9999888877776666 session=31719438 seq=14
BLE_CHUNK len=118 hex=4757012801060100560411001100e40166667777888899996666777788889999000000004e00a2a1014e01060000000004013b00a720b8640300e401a720b864a72000001100e4010e3070b9aac08b700000000000000000000000000000000000000000000000000100030001000000000000000100
BLE_PACKET type=0x56 src=0x9999888877776666 dst=0x9999888877776666 session=31719441 seq=17 payload=014e01060000000004013b00a720b8640300e401a720b864a72000001100e4010e3070b9aac08b700000000000000000000000000000000000000000000000000100030001000000000000000100
GATEWAY_COMMAND_EVENT GatewayCommandEvent(command_kind=1, stage=6, flags=0, attempt=0, command_status=0, reason=0, command_id=260, route_epoch=59, correlation_id=1689788583, gateway_sequence=31719427, host_session_id=1689788583, host_sequence=8359, event_sequence=31719441, anchor_id=8109787393498820622, pair_initiator_id=0, pair_responder_id=0, previous_hop_id=0, progress_count=1, total_count=3, success_count=1, failure_count=0, duplicate_count=0, lost_event_count=0, hop_count=1, discovery_slot=0)
BLE_HOST_RECEIPT type=0x56 src=0x9999888877776666 session=31719441 seq=17
BLE_CHUNK len=51 hex=47570128010201004104a720a720b86466667777888899996666777788889999000000000b00eedb10020401110200001e0103
BLE_PACKET type=0x41 src=0x9999888877776666 dst=0x9999888877776666 session=1689788583 seq=8359 payload=10020401110200001e0103
BLE_HOST_RECEIPT type=0x41 src=0x9999888877776666 session=1689788583 seq=8359
BLE_CHUNK len=118 hex=4757012801060100560412001200e40166667777888899996666777788889999000000004e002bb5014e01060000000004013b00a720b8640300e401a720b864a72000001200e40141d1f64afe25da560000000000000000000000000000000000000000000000000200030001000000000000000101
BLE_PACKET type=0x56 src=0x9999888877776666 dst=0x9999888877776666 session=31719442 seq=18 payload=014e01060000000004013b00a720b8640300e401a720b864a72000001200e40141d1f64afe25da560000000000000000000000000000000000000000000000000200030001000000000000000101
GATEWAY_COMMAND_EVENT GatewayCommandEvent(command_kind=1, stage=6, flags=0, attempt=0, command_status=0, reason=0, command_id=260, route_epoch=59, correlation_id=1689788583, gateway_sequence=31719427, host_session_id=1689788583, host_sequence=8359, event_sequence=31719442, anchor_id=6258356406294335809, pair_initiator_id=0, pair_responder_id=0, previous_hop_id=0, progress_count=2, total_count=3, success_count=1, failure_count=0, duplicate_count=0, lost_event_count=0, hop_count=1, discovery_slot=1)
BLE_HOST_RECEIPT type=0x56 src=0x9999888877776666 session=31719442 seq=18
BLE_CHUNK len=118 hex=4757012801060100560413001300e40166667777888899996666777788889999000000004e00db2f014e01060000000004013b00a720b8640300e401a720b864a72000001300e40107cbc8c619961a190000000000000000000000000000000000000000000000000300030001000000000000000102
BLE_PACKET type=0x56 src=0x9999888877776666 dst=0x9999888877776666 session=31719443 seq=19 payload=014e01060000000004013b00a720b8640300e401a720b864a72000001300e40107cbc8c619961a190000000000000000000000000000000000000000000000000300030001000000000000000102
GATEWAY_COMMAND_EVENT GatewayCommandEvent(command_kind=1, stage=6, flags=0, attempt=0, command_status=0, reason=0, command_id=260, route_epoch=59, correlation_id=1689788583, gateway_sequence=31719427, host_session_id=1689788583, host_sequence=8359, event_sequence=31719443, anchor_id=1808923237796072199, pair_initiator_id=0, pair_responder_id=0, previous_hop_id=0, progress_count=3, total_count=3, success_count=1, failure_count=0, duplicate_count=0, lost_event_count=0, hop_count=1, discovery_slot=2)
BLE_HOST_RECEIPT type=0x56 src=0x9999888877776666 session=31719443 seq=19
BLE_CHUNK len=118 hex=4757012801060100560414001400e40166667777888899996666777788889999000000004e00d89c014e01070000000004013b00a720b8640300e401a720b864a72000001400e401000000000000000000000000000000000000000000000000000000000000000003000300030000000000000000ff
BLE_PACKET type=0x56 src=0x9999888877776666 dst=0x9999888877776666 session=31719444 seq=20 payload=014e01070000000004013b00a720b8640300e401a720b864a72000001400e401000000000000000000000000000000000000000000000000000000000000000003000300030000000000000000ff
GATEWAY_COMMAND_EVENT GatewayCommandEvent(command_kind=1, stage=7, flags=0, attempt=0, command_status=0, reason=0, command_id=260, route_epoch=59, correlation_id=1689788583, gateway_sequence=31719427, host_session_id=1689788583, host_sequence=8359, event_sequence=31719444, anchor_id=0, pair_initiator_id=0, pair_responder_id=0, previous_hop_id=0, progress_count=3, total_count=3, success_count=3, failure_count=0, duplicate_count=0, lost_event_count=0, hop_count=0, discovery_slot=255)
BLE_HOST_RECEIPT type=0x56 src=0x9999888877776666 session=31719444 seq=20
BLE_CHUNK len=118 hex=4757012801060100560415001500e40166667777888899996666777788889999000000004e00aeab014e01080001000004013b00a720b8640300e401a720b864a72000001500e401000000000000000000000000000000000000000000000000000000000000000003000300000000000000000000ff
BLE_PACKET type=0x56 src=0x9999888877776666 dst=0x9999888877776666 session=31719445 seq=21 payload=014e01080001000004013b00a720b8640300e401a720b864a72000001500e401000000000000000000000000000000000000000000000000000000000000000003000300000000000000000000ff
GATEWAY_COMMAND_EVENT GatewayCommandEvent(command_kind=1, stage=8, flags=0, attempt=1, command_status=0, reason=0, command_id=260, route_epoch=59, correlation_id=1689788583, gateway_sequence=31719427, host_session_id=1689788583, host_sequence=8359, event_sequence=31719445, anchor_id=0, pair_initiator_id=0, pair_responder_id=0, previous_hop_id=0, progress_count=3, total_count=3, success_count=0, failure_count=0, duplicate_count=0, lost_event_count=0, hop_count=0, discovery_slot=255)
BLE_HOST_RECEIPT type=0x56 src=0x9999888877776666 session=31719445 seq=21
BLE_CHUNK len=118 hex=4757012801060000560416001600e40166667777888899996666777788889999000000004e004ca5014e010c0100000004013b00a720b8640300e401a720b864a72000001600e401000000000000000000000000000000000000000000000000000000000000000003000300030000000000000000ff
BLE_PACKET type=0x56 src=0x9999888877776666 dst=0x9999888877776666 session=31719446 seq=22 payload=014e010c0100000004013b00a720b8640300e401a720b864a72000001600e401000000000000000000000000000000000000000000000000000000000000000003000300030000000000000000ff
GATEWAY_COMMAND_EVENT GatewayCommandEvent(command_kind=1, stage=12, flags=1, attempt=0, command_status=0, reason=0, command_id=260, route_epoch=59, correlation_id=1689788583, gateway_sequence=31719427, host_session_id=1689788583, host_sequence=8359, event_sequence=31719446, anchor_id=0, pair_initiator_id=0, pair_responder_id=0, previous_hop_id=0, progress_count=3, total_count=3, success_count=3, failure_count=0, duplicate_count=0, lost_event_count=0, hop_count=0, discovery_slot=255)
BLE_HOST_RECEIPT type=0x56 src=0x9999888877776666 session=31719446 seq=22
ASSIGNMENT_QUALIFICATION_OK anchors=3 direct=3 multihop=0 retries=0
BLE_COMPLETE packets=17
