BLE_CONNECTED gateway_id=0x9999888877776666 command=here-i-am session=135632230 frame=04c10140020101010101010111666677778888999966951508669501330101010410020c06ab04dc620607ae0b0101010304dc620607e803ae1301020310620102c8040604fa010104b5f80305ae050103050201d05700
BLE_CHUNK len=118 hex=475701280106010056041c001c00880266667777888899996666777788889999000000004e0030ea014e0302000000000c006400669515080000000066951508669500001c008802000000000000000000000000000000000000000000000000000000000000000000000000000000000000000000ff
BLE_PACKET type=0x56 src=0x9999888877776666 dst=0x9999888877776666 session=42467356 seq=28 payload=014e0302000000000c006400669515080000000066951508669500001c008802000000000000000000000000000000000000000000000000000000000000000000000000000000000000000000ff
GATEWAY_COMMAND_EVENT GatewayCommandEvent(command_kind=3, stage=2, flags=0, attempt=0, command_status=0, reason=0, command_id=12, route_epoch=100, correlation_id=135632230, gateway_sequence=0, host_session_id=135632230, host_sequence=38246, event_sequence=42467356, anchor_id=0, pair_initiator_id=0, pair_responder_id=0, previous_hop_id=0, progress_count=0, total_count=0, success_count=0, failure_count=0, duplicate_count=0, lost_event_count=0, hop_count=0, discovery_slot=255)
BLE_HOST_RECEIPT type=0x56 src=0x9999888877776666 session=42467356 seq=28
BLE_CHUNK len=118 hex=475701280106010056041d001d00880266667777888899996666777788889999000000004e00780b014e0303000000000c006400669515080000000066951508669500001d008802000000000000000000000000000000000000000000000000000000000000000000000000000000000000000000ff
BLE_PACKET type=0x56 src=0x9999888877776666 dst=0x9999888877776666 session=42467357 seq=29 payload=014e0303000000000c006400669515080000000066951508669500001d008802000000000000000000000000000000000000000000000000000000000000000000000000000000000000000000ff
GATEWAY_COMMAND_EVENT GatewayCommandEvent(command_kind=3, stage=3, flags=0, attempt=0, command_status=0, reason=0, command_id=12, route_epoch=100, correlation_id=135632230, gateway_sequence=0, host_session_id=135632230, host_sequence=38246, event_sequence=42467357, anchor_id=0, pair_initiator_id=0, pair_responder_id=0, previous_hop_id=0, progress_count=0, total_count=0, success_count=0, failure_count=0, duplicate_count=0, lost_event_count=0, hop_count=0, discovery_slot=255)
BLE_HOST_RECEIPT type=0x56 src=0x9999888877776666 session=42467357 seq=29
BLE_CHUNK len=118 hex=475701280106010056041f001f00880266667777888899996666777788889999000000004e003c78014e0304000100000c006400669515081e00880266951508669500001f008802000000000000000000000000000000000000000000000000000000000000000004000000000000000000000000ff
BLE_PACKET type=0x56 src=0x9999888877776666 dst=0x9999888877776666 session=42467359 seq=31 payload=014e0304000100000c006400669515081e00880266951508669500001f008802000000000000000000000000000000000000000000000000000000000000000004000000000000000000000000ff
GATEWAY_COMMAND_EVENT GatewayCommandEvent(command_kind=3, stage=4, flags=0, attempt=1, command_status=0, reason=0, command_id=12, route_epoch=100, correlation_id=135632230, gateway_sequence=42467358, host_session_id=135632230, host_sequence=38246, event_sequence=42467359, anchor_id=0, pair_initiator_id=0, pair_responder_id=0, previous_hop_id=0, progress_count=4, total_count=0, success_count=0, failure_count=0, duplicate_count=0, lost_event_count=0, hop_count=0, discovery_slot=255)
BLE_HOST_RECEIPT type=0x56 src=0x9999888877776666 session=42467359 seq=31
BLE_CHUNK len=51 hex=4757012801020100410466956695150866667777888899996666777788889999000000000b00a18510020c00110200001e0100
BLE_PACKET type=0x41 src=0x9999888877776666 dst=0x9999888877776666 session=135632230 seq=38246 payload=10020c00110200001e0100
BLE_HOST_RECEIPT type=0x41 src=0x9999888877776666 session=135632230 seq=38246
BLE_CHUNK len=118 hex=4757012801060000560420002000880266667777888899996666777788889999000000004e002f27014e030c030100000c006400669515081e008802669515086695000020008802000000000000000000000000000000000000000000000000000000000000000004000000000000000000000000ff
BLE_PACKET type=0x56 src=0x9999888877776666 dst=0x9999888877776666 session=42467360 seq=32 payload=014e030c030100000c006400669515081e008802669515086695000020008802000000000000000000000000000000000000000000000000000000000000000004000000000000000000000000ff
GATEWAY_COMMAND_EVENT GatewayCommandEvent(command_kind=3, stage=12, flags=3, attempt=1, command_status=0, reason=0, command_id=12, route_epoch=100, correlation_id=135632230, gateway_sequence=42467358, host_session_id=135632230, host_sequence=38246, event_sequence=42467360, anchor_id=0, pair_initiator_id=0, pair_responder_id=0, previous_hop_id=0, progress_count=4, total_count=0, success_count=0, failure_count=0, duplicate_count=0, lost_event_count=0, hop_count=0, discovery_slot=255)
BLE_HOST_RECEIPT type=0x56 src=0x9999888877776666 session=42467360 seq=32
HERE_I_AM_LOCAL_FLOOD_OK attempts=1 retries=0 delivery_claim=local-broadcast-only
BLE_CONNECTED gateway_id=0x9999888877776666 command=assign-slots session=135632231 frame=04c101400201010101010101116666777788889999679515086795011b010101081002040178020306ab04dc620607ae0b0101010304dc620605e803422900
BLE_CHUNK len=118 hex=4757012801060100560421002100880266667777888899996666777788889999000000004e00d013014e010200000000040164006795150800000000679515086795000021008802000000000000000000000000000000000000000000000000000000000000000000000000000000000000000000ff
BLE_PACKET type=0x56 src=0x9999888877776666 dst=0x9999888877776666 session=42467361 seq=33 payload=014e010200000000040164006795150800000000679515086795000021008802000000000000000000000000000000000000000000000000000000000000000000000000000000000000000000ff
GATEWAY_COMMAND_EVENT GatewayCommandEvent(command_kind=1, stage=2, flags=0, attempt=0, command_status=0, reason=0, command_id=260, route_epoch=100, correlation_id=135632231, gateway_sequence=0, host_session_id=135632231, host_sequence=38247, event_sequence=42467361, anchor_id=0, pair_initiator_id=0, pair_responder_id=0, previous_hop_id=0, progress_count=0, total_count=0, success_count=0, failure_count=0, duplicate_count=0, lost_event_count=0, hop_count=0, discovery_slot=255)
BLE_HOST_RECEIPT type=0x56 src=0x9999888877776666 session=42467361 seq=33
BLE_CHUNK len=118 hex=4757012801060100560422002200880266667777888899996666777788889999000000004e0074d6014e010300000000040164006795150800000000679515086795000022008802000000000000000000000000000000000000000000000000000000000000000000000000000000000000000000ff
BLE_PACKET type=0x56 src=0x9999888877776666 dst=0x9999888877776666 session=42467362 seq=34 payload=014e010300000000040164006795150800000000679515086795000022008802000000000000000000000000000000000000000000000000000000000000000000000000000000000000000000ff
GATEWAY_COMMAND_EVENT GatewayCommandEvent(command_kind=1, stage=3, flags=0, attempt=0, command_status=0, reason=0, command_id=260, route_epoch=100, correlation_id=135632231, gateway_sequence=0, host_session_id=135632231, host_sequence=38247, event_sequence=42467362, anchor_id=0, pair_initiator_id=0, pair_responder_id=0, previous_hop_id=0, progress_count=0, total_count=0, success_count=0, failure_count=0, duplicate_count=0, lost_event_count=0, hop_count=0, discovery_slot=255)
BLE_HOST_RECEIPT type=0x56 src=0x9999888877776666 session=42467362 seq=34
BLE_CHUNK len=118 hex=4757012801060100560424002400880266667777888899996666777788889999000000004e00d341014e010300000000040164006795150823008802679515086795000024008802000000000000000000000000000000000000000000000000000000000000000000000000000000000000000000ff
BLE_PACKET type=0x56 src=0x9999888877776666 dst=0x9999888877776666 session=42467364 seq=36 payload=014e010300000000040164006795150823008802679515086795000024008802000000000000000000000000000000000000000000000000000000000000000000000000000000000000000000ff
GATEWAY_COMMAND_EVENT GatewayCommandEvent(command_kind=1, stage=3, flags=0, attempt=0, command_status=0, reason=0, command_id=260, route_epoch=100, correlation_id=135632231, gateway_sequence=42467363, host_session_id=135632231, host_sequence=38247, event_sequence=42467364, anchor_id=0, pair_initiator_id=0, pair_responder_id=0, previous_hop_id=0, progress_count=0, total_count=0, success_count=0, failure_count=0, duplicate_count=0, lost_event_count=0, hop_count=0, discovery_slot=255)
BLE_HOST_RECEIPT type=0x56 src=0x9999888877776666 session=42467364 seq=36
BLE_CHUNK len=118 hex=4757012801060100560426002600880266667777888899996666777788889999000000004e00e718014e010400010000040164006795150823008802679515086795000026008802000000000000000000000000000000000000000000000000000000000000000000000000000000000000000000ff
BLE_PACKET type=0x56 src=0x9999888877776666 dst=0x9999888877776666 session=42467366 seq=38 payload=014e010400010000040164006795150823008802679515086795000026008802000000000000000000000000000000000000000000000000000000000000000000000000000000000000000000ff
GATEWAY_COMMAND_EVENT GatewayCommandEvent(command_kind=1, stage=4, flags=0, attempt=1, command_status=0, reason=0, command_id=260, route_epoch=100, correlation_id=135632231, gateway_sequence=42467363, host_session_id=135632231, host_sequence=38247, event_sequence=42467366, anchor_id=0, pair_initiator_id=0, pair_responder_id=0, previous_hop_id=0, progress_count=0, total_count=0, success_count=0, failure_count=0, duplicate_count=0, lost_event_count=0, hop_count=0, discovery_slot=255)
BLE_HOST_RECEIPT type=0x56 src=0x9999888877776666 session=42467366 seq=38
BLE_CHUNK len=118 hex=4757012801060100560427002700880266667777888899996666777788889999000000004e009756014e01060000000004016400679515082300880267951508679500002700880207cbc8c619961a190000000000000000000000000000000007cbc8c619961a1901000000000000000000000001ff
BLE_PACKET type=0x56 src=0x9999888877776666 dst=0x9999888877776666 session=42467367 seq=39 payload=014e01060000000004016400679515082300880267951508679500002700880207cbc8c619961a190000000000000000000000000000000007cbc8c619961a1901000000000000000000000001ff
GATEWAY_COMMAND_EVENT GatewayCommandEvent(command_kind=1, stage=6, flags=0, attempt=0, command_status=0, reason=0, command_id=260, route_epoch=100, correlation_id=135632231, gateway_sequence=42467363, host_session_id=135632231, host_sequence=38247, event_sequence=42467367, anchor_id=1808923237796072199, pair_initiator_id=0, pair_responder_id=0, previous_hop_id=1808923237796072199, progress_count=1, total_count=0, success_count=0, failure_count=0, duplicate_count=0, lost_event_count=0, hop_count=1, discovery_slot=255)
BLE_HOST_RECEIPT type=0x56 src=0x9999888877776666 session=42467367 seq=39
BLE_CHUNK len=118 hex=4757012801060100560428002800880266667777888899996666777788889999000000004e00f37f014e0106000000000401640067951508230088026795150867950000280088020e3070b9aac08b70000000000000000000000000000000000e3070b9aac08b7002000000000000000000000001ff
BLE_PACKET type=0x56 src=0x9999888877776666 dst=0x9999888877776666 session=42467368 seq=40 payload=014e0106000000000401640067951508230088026795150867950000280088020e3070b9aac08b70000000000000000000000000000000000e3070b9aac08b7002000000000000000000000001ff
GATEWAY_COMMAND_EVENT GatewayCommandEvent(command_kind=1, stage=6, flags=0, attempt=0, command_status=0, reason=0, command_id=260, route_epoch=100, correlation_id=135632231, gateway_sequence=42467363, host_session_id=135632231, host_sequence=38247, event_sequence=42467368, anchor_id=8109787393498820622, pair_initiator_id=0, pair_responder_id=0, previous_hop_id=8109787393498820622, progress_count=2, total_count=0, success_count=0, failure_count=0, duplicate_count=0, lost_event_count=0, hop_count=1, discovery_slot=255)
BLE_HOST_RECEIPT type=0x56 src=0x9999888877776666 session=42467368 seq=40
BLE_CHUNK len=118 hex=4757012801060100560429002900880266667777888899996666777788889999000000004e0006c8014e01060000000004016400679515082300880267951508679500002900880241d1f64afe25da560000000000000000000000000000000007cbc8c619961a1903000000000000000000000002ff
BLE_PACKET type=0x56 src=0x9999888877776666 dst=0x9999888877776666 session=42467369 seq=41 payload=014e01060000000004016400679515082300880267951508679500002900880241d1f64afe25da560000000000000000000000000000000007cbc8c619961a1903000000000000000000000002ff
GATEWAY_COMMAND_EVENT GatewayCommandEvent(command_kind=1, stage=6, flags=0, attempt=0, command_status=0, reason=0, command_id=260, route_epoch=100, correlation_id=135632231, gateway_sequence=42467363, host_session_id=135632231, host_sequence=38247, event_sequence=42467369, anchor_id=6258356406294335809, pair_initiator_id=0, pair_responder_id=0, previous_hop_id=1808923237796072199, progress_count=3, total_count=0, success_count=0, failure_count=0, duplicate_count=0, lost_event_count=0, hop_count=2, discovery_slot=255)
BLE_HOST_RECEIPT type=0x56 src=0x9999888877776666 session=42467369 seq=41
BLE_CHUNK len=118 hex=475701280106010056042c002c00880266667777888899996666777788889999000000004e004bfd014e01080000000004016400679515082300880267951508679500002c0088020e3070b9aac08b700000000000000000000000000000000000000000000000000100030000000000000000000100
BLE_PACKET type=0x56 src=0x9999888877776666 dst=0x9999888877776666 session=42467372 seq=44 payload=014e01080000000004016400679515082300880267951508679500002c0088020e3070b9aac08b700000000000000000000000000000000000000000000000000100030000000000000000000100
GATEWAY_COMMAND_EVENT GatewayCommandEvent(command_kind=1, stage=8, flags=0, attempt=0, command_status=0, reason=0, command_id=260, route_epoch=100, correlation_id=135632231, gateway_sequence=42467363, host_session_id=135632231, host_sequence=38247, event_sequence=42467372, anchor_id=8109787393498820622, pair_initiator_id=0, pair_responder_id=0, previous_hop_id=0, progress_count=1, total_count=3, success_count=0, failure_count=0, duplicate_count=0, lost_event_count=0, hop_count=1, discovery_slot=0)
BLE_HOST_RECEIPT type=0x56 src=0x9999888877776666 session=42467372 seq=44
BLE_CHUNK len=118 hex=475701280106010056042d002d00880266667777888899996666777788889999000000004e00aa0e014e01080000000004016400679515082300880267951508679500002d00880207cbc8c619961a190000000000000000000000000000000000000000000000000200030000000000000000000101
BLE_PACKET type=0x56 src=0x9999888877776666 dst=0x9999888877776666 session=42467373 seq=45 payload=014e01080000000004016400679515082300880267951508679500002d00880207cbc8c619961a190000000000000000000000000000000000000000000000000200030000000000000000000101
GATEWAY_COMMAND_EVENT GatewayCommandEvent(command_kind=1, stage=8, flags=0, attempt=0, command_status=0, reason=0, command_id=260, route_epoch=100, correlation_id=135632231, gateway_sequence=42467363, host_session_id=135632231, host_sequence=38247, event_sequence=42467373, anchor_id=1808923237796072199, pair_initiator_id=0, pair_responder_id=0, previous_hop_id=0, progress_count=2, total_count=3, success_count=0, failure_count=0, duplicate_count=0, lost_event_count=0, hop_count=1, discovery_slot=1)
BLE_HOST_RECEIPT type=0x56 src=0x9999888877776666 session=42467373 seq=45
BLE_CHUNK len=51 hex=4757012801020100414467956795150866667777888899996666777788889999000000000b00dac810020401110205001e0100
BLE_PACKET type=0x41 src=0x9999888877776666 dst=0x9999888877776666 session=135632231 seq=38247 payload=10020401110205001e0100
BLE_HOST_RECEIPT type=0x41 src=0x9999888877776666 session=135632231 seq=38247
Traceback (most recent call last):
  File "/home/tommie/Projects/IMEC2/firmware/scripts/provision_mesh_anchor.py", line 2267, in <module>
    main()
    ~~~~^^
  File "/home/tommie/Projects/IMEC2/firmware/scripts/provision_mesh_anchor.py", line 2263, in main
    asyncio.run(run(args))
    ~~~~~~~~~~~^^^^^^^^^^^
  File "/home/tommie/.local/share/uv/python/cpython-3.13.11-linux-x86_64-gnu/lib/python3.13/asyncio/runners.py", line 195, in run
    return runner.run(main)
           ~~~~~~~~~~^^^^^^
  File "/home/tommie/.local/share/uv/python/cpython-3.13.11-linux-x86_64-gnu/lib/python3.13/asyncio/runners.py", line 118, in run
    return self._loop.run_until_complete(task)
           ~~~~~~~~~~~~~~~~~~~~~~~~~~~~~^^^^^^
  File "/home/tommie/.local/share/uv/python/cpython-3.13.11-linux-x86_64-gnu/lib/python3.13/asyncio/base_events.py", line 725, in run_until_complete
    return future.result()
           ~~~~~~~~~~~~~^^
  File "/home/tommie/Projects/IMEC2/firmware/scripts/provision_mesh_anchor.py", line 1859, in run
    await await_qualification(
    ...<4 lines>...
    )
  File "/home/tommie/Projects/IMEC2/firmware/scripts/provision_mesh_anchor.py", line 1575, in await_qualification
    current.validate()
    ~~~~~~~~~~~~~~~~^^
  File "/home/tommie/Projects/IMEC2/firmware/scripts/provision_mesh_anchor.py", line 715, in validate
    raise RuntimeError("assignment qualification failed: " + "; ".join(self.errors))
RuntimeError: assignment qualification failed: gateway command failed before lifecycle terminal (command=260 status=5 reason=0); expected 3 published slot mappings, got 0; confirmed anchor 0x708bc0aab970300e is absent from publication; confirmed anchor 0x191a9619c6c8cb07 is absent from publication; assignment collection-complete event was not received; successful assignment table publication was not observed; matching assignment terminal event was not received
