BLE_CONNECTED gateway_id=0x9999888877776666 command=here-i-am session=208371458 frame=04c101400201010101010101116666777788889999027f6b0c027f01330101010410020c06ab04dc620607ae0b0101010304dc620607e803ae1301020310620102c8040604fa010104b5f80305ae050103050201519000
BLE_CHUNK len=118 hex=4757012801060100560401000100a00266667777888899996666777788889999000000004e00aba2014e0302000000000c006a00027f6b0c00000000027f6b0c027f00000100a002000000000000000000000000000000000000000000000000000000000000000000000000000000000000000000ff
BLE_PACKET type=0x56 src=0x9999888877776666 dst=0x9999888877776666 session=44040193 seq=1 payload=014e0302000000000c006a00027f6b0c00000000027f6b0c027f00000100a002000000000000000000000000000000000000000000000000000000000000000000000000000000000000000000ff
GATEWAY_COMMAND_EVENT GatewayCommandEvent(command_kind=3, stage=2, flags=0, attempt=0, command_status=0, reason=0, command_id=12, route_epoch=106, correlation_id=208371458, gateway_sequence=0, host_session_id=208371458, host_sequence=32514, event_sequence=44040193, anchor_id=0, pair_initiator_id=0, pair_responder_id=0, previous_hop_id=0, progress_count=0, total_count=0, success_count=0, failure_count=0, duplicate_count=0, lost_event_count=0, hop_count=0, discovery_slot=255)
BLE_HOST_RECEIPT type=0x56 src=0x9999888877776666 session=44040193 seq=1
BLE_CHUNK len=118 hex=4757012801060100560402000200a00266667777888899996666777788889999000000004e000f67014e0303000000000c006a00027f6b0c00000000027f6b0c027f00000200a002000000000000000000000000000000000000000000000000000000000000000000000000000000000000000000ff
BLE_PACKET type=0x56 src=0x9999888877776666 dst=0x9999888877776666 session=44040194 seq=2 payload=014e0303000000000c006a00027f6b0c00000000027f6b0c027f00000200a002000000000000000000000000000000000000000000000000000000000000000000000000000000000000000000ff
GATEWAY_COMMAND_EVENT GatewayCommandEvent(command_kind=3, stage=3, flags=0, attempt=0, command_status=0, reason=0, command_id=12, route_epoch=106, correlation_id=208371458, gateway_sequence=0, host_session_id=208371458, host_sequence=32514, event_sequence=44040194, anchor_id=0, pair_initiator_id=0, pair_responder_id=0, previous_hop_id=0, progress_count=0, total_count=0, success_count=0, failure_count=0, duplicate_count=0, lost_event_count=0, hop_count=0, discovery_slot=255)
BLE_HOST_RECEIPT type=0x56 src=0x9999888877776666 session=44040194 seq=2
BLE_CHUNK len=118 hex=4757012801060100560404000400a00266667777888899996666777788889999000000004e00517b014e0304000100000c006a00027f6b0c0300a002027f6b0c027f00000400a002000000000000000000000000000000000000000000000000000000000000000004000000000000000000000000ff
BLE_PACKET type=0x56 src=0x9999888877776666 dst=0x9999888877776666 session=44040196 seq=4 payload=014e0304000100000c006a00027f6b0c0300a002027f6b0c027f00000400a002000000000000000000000000000000000000000000000000000000000000000004000000000000000000000000ff
GATEWAY_COMMAND_EVENT GatewayCommandEvent(command_kind=3, stage=4, flags=0, attempt=1, command_status=0, reason=0, command_id=12, route_epoch=106, correlation_id=208371458, gateway_sequence=44040195, host_session_id=208371458, host_sequence=32514, event_sequence=44040196, anchor_id=0, pair_initiator_id=0, pair_responder_id=0, previous_hop_id=0, progress_count=4, total_count=0, success_count=0, failure_count=0, duplicate_count=0, lost_event_count=0, hop_count=0, discovery_slot=255)
BLE_HOST_RECEIPT type=0x56 src=0x9999888877776666 session=44040196 seq=4
BLE_CHUNK len=51 hex=47570128010201004104027f027f6b0c66667777888899996666777788889999000000000b00a18510020c00110200001e0100
BLE_PACKET type=0x41 src=0x9999888877776666 dst=0x9999888877776666 session=208371458 seq=32514 payload=10020c00110200001e0100
BLE_HOST_RECEIPT type=0x41 src=0x9999888877776666 session=208371458 seq=32514
BLE_CHUNK len=118 hex=4757012801060000560405000500a00266667777888899996666777788889999000000004e000583014e030c030100000c006a00027f6b0c0300a002027f6b0c027f00000500a002000000000000000000000000000000000000000000000000000000000000000004000000000000000000000000ff
BLE_PACKET type=0x56 src=0x9999888877776666 dst=0x9999888877776666 session=44040197 seq=5 payload=014e030c030100000c006a00027f6b0c0300a002027f6b0c027f00000500a002000000000000000000000000000000000000000000000000000000000000000004000000000000000000000000ff
GATEWAY_COMMAND_EVENT GatewayCommandEvent(command_kind=3, stage=12, flags=3, attempt=1, command_status=0, reason=0, command_id=12, route_epoch=106, correlation_id=208371458, gateway_sequence=44040195, host_session_id=208371458, host_sequence=32514, event_sequence=44040197, anchor_id=0, pair_initiator_id=0, pair_responder_id=0, previous_hop_id=0, progress_count=4, total_count=0, success_count=0, failure_count=0, duplicate_count=0, lost_event_count=0, hop_count=0, discovery_slot=255)
BLE_HOST_RECEIPT type=0x56 src=0x9999888877776666 session=44040197 seq=5
HERE_I_AM_LOCAL_FLOOD_OK attempts=1 retries=0 delivery_claim=local-broadcast-only
BLE_CONNECTED gateway_id=0x9999888877776666 command=assign-slots session=208371459 frame=04c101400201010101010101116666777788889999037f6b0c037f011b010101081002040178020306ab04dc620607ae0b0101010304dc620605e803db3a00
BLE_CHUNK len=118 hex=4757012801060100560406000600a00266667777888899996666777788889999000000004e00d4b5014e01020000000004016a00037f6b0c00000000037f6b0c037f00000600a002000000000000000000000000000000000000000000000000000000000000000000000000000000000000000000ff
BLE_PACKET type=0x56 src=0x9999888877776666 dst=0x9999888877776666 session=44040198 seq=6 payload=014e01020000000004016a00037f6b0c00000000037f6b0c037f00000600a002000000000000000000000000000000000000000000000000000000000000000000000000000000000000000000ff
GATEWAY_COMMAND_EVENT GatewayCommandEvent(command_kind=1, stage=2, flags=0, attempt=0, command_status=0, reason=0, command_id=260, route_epoch=106, correlation_id=208371459, gateway_sequence=0, host_session_id=208371459, host_sequence=32515, event_sequence=44040198, anchor_id=0, pair_initiator_id=0, pair_responder_id=0, previous_hop_id=0, progress_count=0, total_count=0, success_count=0, failure_count=0, duplicate_count=0, lost_event_count=0, hop_count=0, discovery_slot=255)
BLE_HOST_RECEIPT type=0x56 src=0x9999888877776666 session=44040198 seq=6
BLE_CHUNK len=118 hex=4757012801060100560407000700a00266667777888899996666777788889999000000004e009c54014e01030000000004016a00037f6b0c00000000037f6b0c037f00000700a002000000000000000000000000000000000000000000000000000000000000000000000000000000000000000000ff
BLE_PACKET type=0x56 src=0x9999888877776666 dst=0x9999888877776666 session=44040199 seq=7 payload=014e01030000000004016a00037f6b0c00000000037f6b0c037f00000700a002000000000000000000000000000000000000000000000000000000000000000000000000000000000000000000ff
GATEWAY_COMMAND_EVENT GatewayCommandEvent(command_kind=1, stage=3, flags=0, attempt=0, command_status=0, reason=0, command_id=260, route_epoch=106, correlation_id=208371459, gateway_sequence=0, host_session_id=208371459, host_sequence=32515, event_sequence=44040199, anchor_id=0, pair_initiator_id=0, pair_responder_id=0, previous_hop_id=0, progress_count=0, total_count=0, success_count=0, failure_count=0, duplicate_count=0, lost_event_count=0, hop_count=0, discovery_slot=255)
BLE_HOST_RECEIPT type=0x56 src=0x9999888877776666 session=44040199 seq=7
BLE_CHUNK len=118 hex=4757012801060100560409000900a00266667777888899996666777788889999000000004e00e839014e01030000000004016a00037f6b0c0800a002037f6b0c037f00000900a002000000000000000000000000000000000000000000000000000000000000000000000000000000000000000000ff
BLE_PACKET type=0x56 src=0x9999888877776666 dst=0x9999888877776666 session=44040201 seq=9 payload=014e01030000000004016a00037f6b0c0800a002037f6b0c037f00000900a002000000000000000000000000000000000000000000000000000000000000000000000000000000000000000000ff
GATEWAY_COMMAND_EVENT GatewayCommandEvent(command_kind=1, stage=3, flags=0, attempt=0, command_status=0, reason=0, command_id=260, route_epoch=106, correlation_id=208371459, gateway_sequence=44040200, host_session_id=208371459, host_sequence=32515, event_sequence=44040201, anchor_id=0, pair_initiator_id=0, pair_responder_id=0, previous_hop_id=0, progress_count=0, total_count=0, success_count=0, failure_count=0, duplicate_count=0, lost_event_count=0, hop_count=0, discovery_slot=255)
BLE_HOST_RECEIPT type=0x56 src=0x9999888877776666 session=44040201 seq=9
BLE_CHUNK len=118 hex=475701280106010056040b000b00a00266667777888899996666777788889999000000004e00dc60014e01040001000004016a00037f6b0c0800a002037f6b0c037f00000b00a002000000000000000000000000000000000000000000000000000000000000000000000000000000000000000000ff
BLE_PACKET type=0x56 src=0x9999888877776666 dst=0x9999888877776666 session=44040203 seq=11 payload=014e01040001000004016a00037f6b0c0800a002037f6b0c037f00000b00a002000000000000000000000000000000000000000000000000000000000000000000000000000000000000000000ff
GATEWAY_COMMAND_EVENT GatewayCommandEvent(command_kind=1, stage=4, flags=0, attempt=1, command_status=0, reason=0, command_id=260, route_epoch=106, correlation_id=208371459, gateway_sequence=44040200, host_session_id=208371459, host_sequence=32515, event_sequence=44040203, anchor_id=0, pair_initiator_id=0, pair_responder_id=0, previous_hop_id=0, progress_count=0, total_count=0, success_count=0, failure_count=0, duplicate_count=0, lost_event_count=0, hop_count=0, discovery_slot=255)
BLE_HOST_RECEIPT type=0x56 src=0x9999888877776666 session=44040203 seq=11
BLE_CHUNK len=118 hex=475701280106010056040c000c00a00266667777888899996666777788889999000000004e009843014e01060000000004016a00037f6b0c0800a002037f6b0c037f00000c00a00207cbc8c619961a190000000000000000000000000000000007cbc8c619961a1901000000000000000000000001ff
BLE_PACKET type=0x56 src=0x9999888877776666 dst=0x9999888877776666 session=44040204 seq=12 payload=014e01060000000004016a00037f6b0c0800a002037f6b0c037f00000c00a00207cbc8c619961a190000000000000000000000000000000007cbc8c619961a1901000000000000000000000001ff
GATEWAY_COMMAND_EVENT GatewayCommandEvent(command_kind=1, stage=6, flags=0, attempt=0, command_status=0, reason=0, command_id=260, route_epoch=106, correlation_id=208371459, gateway_sequence=44040200, host_session_id=208371459, host_sequence=32515, event_sequence=44040204, anchor_id=1808923237796072199, pair_initiator_id=0, pair_responder_id=0, previous_hop_id=1808923237796072199, progress_count=1, total_count=0, success_count=0, failure_count=0, duplicate_count=0, lost_event_count=0, hop_count=1, discovery_slot=255)
BLE_HOST_RECEIPT type=0x56 src=0x9999888877776666 session=44040204 seq=12
BLE_CHUNK len=118 hex=475701280106010056040d000d00a00266667777888899996666777788889999000000004e007894014e01060000000004016a00037f6b0c0800a002037f6b0c037f00000d00a0020e3070b9aac08b70000000000000000000000000000000000e3070b9aac08b7002000000000000000000000001ff
BLE_PACKET type=0x56 src=0x9999888877776666 dst=0x9999888877776666 session=44040205 seq=13 payload=014e01060000000004016a00037f6b0c0800a002037f6b0c037f00000d00a0020e3070b9aac08b70000000000000000000000000000000000e3070b9aac08b7002000000000000000000000001ff
GATEWAY_COMMAND_EVENT GatewayCommandEvent(command_kind=1, stage=6, flags=0, attempt=0, command_status=0, reason=0, command_id=260, route_epoch=106, correlation_id=208371459, gateway_sequence=44040200, host_session_id=208371459, host_sequence=32515, event_sequence=44040205, anchor_id=8109787393498820622, pair_initiator_id=0, pair_responder_id=0, previous_hop_id=8109787393498820622, progress_count=2, total_count=0, success_count=0, failure_count=0, duplicate_count=0, lost_event_count=0, hop_count=1, discovery_slot=255)
BLE_HOST_RECEIPT type=0x56 src=0x9999888877776666 session=44040205 seq=13
BLE_CHUNK len=118 hex=475701280106010056040e000e00a00266667777888899996666777788889999000000004e004133014e01060000000004016a00037f6b0c0800a002037f6b0c037f00000e00a00241d1f64afe25da56000000000000000000000000000000000e3070b9aac08b7003000000000000000000000002ff
BLE_PACKET type=0x56 src=0x9999888877776666 dst=0x9999888877776666 session=44040206 seq=14 payload=014e01060000000004016a00037f6b0c0800a002037f6b0c037f00000e00a00241d1f64afe25da56000000000000000000000000000000000e3070b9aac08b7003000000000000000000000002ff
GATEWAY_COMMAND_EVENT GatewayCommandEvent(command_kind=1, stage=6, flags=0, attempt=0, command_status=0, reason=0, command_id=260, route_epoch=106, correlation_id=208371459, gateway_sequence=44040200, host_session_id=208371459, host_sequence=32515, event_sequence=44040206, anchor_id=6258356406294335809, pair_initiator_id=0, pair_responder_id=0, previous_hop_id=8109787393498820622, progress_count=3, total_count=0, success_count=0, failure_count=0, duplicate_count=0, lost_event_count=0, hop_count=2, discovery_slot=255)
BLE_HOST_RECEIPT type=0x56 src=0x9999888877776666 session=44040206 seq=14
BLE_CHUNK len=118 hex=4757012801060100560413001300a00266667777888899996666777788889999000000004e00491a014e01060000000004016a00037f6b0c0800a002037f6b0c037f00001300a0020e3070b9aac08b700000000000000000000000000000000000000000000000000100030001000000000000000100
BLE_PACKET type=0x56 src=0x9999888877776666 dst=0x9999888877776666 session=44040211 seq=19 payload=014e01060000000004016a00037f6b0c0800a002037f6b0c037f00001300a0020e3070b9aac08b700000000000000000000000000000000000000000000000000100030001000000000000000100
GATEWAY_COMMAND_EVENT GatewayCommandEvent(command_kind=1, stage=6, flags=0, attempt=0, command_status=0, reason=0, command_id=260, route_epoch=106, correlation_id=208371459, gateway_sequence=44040200, host_session_id=208371459, host_sequence=32515, event_sequence=44040211, anchor_id=8109787393498820622, pair_initiator_id=0, pair_responder_id=0, previous_hop_id=0, progress_count=1, total_count=3, success_count=1, failure_count=0, duplicate_count=0, lost_event_count=0, hop_count=1, discovery_slot=0)
BLE_HOST_RECEIPT type=0x56 src=0x9999888877776666 session=44040211 seq=19
BLE_CHUNK len=51 hex=47570128010201004104037f037f6b0c66667777888899996666777788889999000000000b00eedb10020401110200001e0103
BLE_PACKET type=0x41 src=0x9999888877776666 dst=0x9999888877776666 session=208371459 seq=32515 payload=10020401110200001e0103
BLE_HOST_RECEIPT type=0x41 src=0x9999888877776666 session=208371459 seq=32515
BLE_CHUNK len=118 hex=4757012801060100560414001400a00266667777888899996666777788889999000000004e009c84014e01060000000004016a00037f6b0c0800a002037f6b0c037f00001400a00207cbc8c619961a190000000000000000000000000000000000000000000000000200030001000000000000000101
BLE_PACKET type=0x56 src=0x9999888877776666 dst=0x9999888877776666 session=44040212 seq=20 payload=014e01060000000004016a00037f6b0c0800a002037f6b0c037f00001400a00207cbc8c619961a190000000000000000000000000000000000000000000000000200030001000000000000000101
GATEWAY_COMMAND_EVENT GatewayCommandEvent(command_kind=1, stage=6, flags=0, attempt=0, command_status=0, reason=0, command_id=260, route_epoch=106, correlation_id=208371459, gateway_sequence=44040200, host_session_id=208371459, host_sequence=32515, event_sequence=44040212, anchor_id=1808923237796072199, pair_initiator_id=0, pair_responder_id=0, previous_hop_id=0, progress_count=2, total_count=3, success_count=1, failure_count=0, duplicate_count=0, lost_event_count=0, hop_count=1, discovery_slot=1)
BLE_HOST_RECEIPT type=0x56 src=0x9999888877776666 session=44040212 seq=20
BLE_CHUNK len=118 hex=4757012801060100560415001500a00266667777888899996666777788889999000000004e003f4b014e01060000000004016a00037f6b0c0800a002037f6b0c037f00001500a00241d1f64afe25da560000000000000000000000000000000000000000000000000300030001000000000000000202
BLE_PACKET type=0x56 src=0x9999888877776666 dst=0x9999888877776666 session=44040213 seq=21 payload=014e01060000000004016a00037f6b0c0800a002037f6b0c037f00001500a00241d1f64afe25da560000000000000000000000000000000000000000000000000300030001000000000000000202
GATEWAY_COMMAND_EVENT GatewayCommandEvent(command_kind=1, stage=6, flags=0, attempt=0, command_status=0, reason=0, command_id=260, route_epoch=106, correlation_id=208371459, gateway_sequence=44040200, host_session_id=208371459, host_sequence=32515, event_sequence=44040213, anchor_id=6258356406294335809, pair_initiator_id=0, pair_responder_id=0, previous_hop_id=0, progress_count=3, total_count=3, success_count=1, failure_count=0, duplicate_count=0, lost_event_count=0, hop_count=2, discovery_slot=2)
BLE_HOST_RECEIPT type=0x56 src=0x9999888877776666 session=44040213 seq=21
BLE_CHUNK len=118 hex=4757012801060100560416001600a00266667777888899996666777788889999000000004e003327014e01070000000004016a00037f6b0c0800a002037f6b0c037f00001600a002000000000000000000000000000000000000000000000000000000000000000003000300030000000000000000ff
BLE_PACKET type=0x56 src=0x9999888877776666 dst=0x9999888877776666 session=44040214 seq=22 payload=014e01070000000004016a00037f6b0c0800a002037f6b0c037f00001600a002000000000000000000000000000000000000000000000000000000000000000003000300030000000000000000ff
GATEWAY_COMMAND_EVENT GatewayCommandEvent(command_kind=1, stage=7, flags=0, attempt=0, command_status=0, reason=0, command_id=260, route_epoch=106, correlation_id=208371459, gateway_sequence=44040200, host_session_id=208371459, host_sequence=32515, event_sequence=44040214, anchor_id=0, pair_initiator_id=0, pair_responder_id=0, previous_hop_id=0, progress_count=3, total_count=3, success_count=3, failure_count=0, duplicate_count=0, lost_event_count=0, hop_count=0, discovery_slot=255)
BLE_HOST_RECEIPT type=0x56 src=0x9999888877776666 session=44040214 seq=22
BLE_CHUNK len=118 hex=4757012801060100560417001700a00266667777888899996666777788889999000000004e004510014e01080001000004016a00037f6b0c0800a002037f6b0c037f00001700a002000000000000000000000000000000000000000000000000000000000000000003000300000000000000000000ff
BLE_PACKET type=0x56 src=0x9999888877776666 dst=0x9999888877776666 session=44040215 seq=23 payload=014e01080001000004016a00037f6b0c0800a002037f6b0c037f00001700a002000000000000000000000000000000000000000000000000000000000000000003000300000000000000000000ff
GATEWAY_COMMAND_EVENT GatewayCommandEvent(command_kind=1, stage=8, flags=0, attempt=1, command_status=0, reason=0, command_id=260, route_epoch=106, correlation_id=208371459, gateway_sequence=44040200, host_session_id=208371459, host_sequence=32515, event_sequence=44040215, anchor_id=0, pair_initiator_id=0, pair_responder_id=0, previous_hop_id=0, progress_count=3, total_count=3, success_count=0, failure_count=0, duplicate_count=0, lost_event_count=0, hop_count=0, discovery_slot=255)
BLE_HOST_RECEIPT type=0x56 src=0x9999888877776666 session=44040215 seq=23
BLE_CHUNK len=118 hex=4757012801060000560418001800a00266667777888899996666777788889999000000004e00cfc4014e010c0100000004016a00037f6b0c0800a002037f6b0c037f00001800a002000000000000000000000000000000000000000000000000000000000000000003000300030000000000000000ff
BLE_PACKET type=0x56 src=0x9999888877776666 dst=0x9999888877776666 session=44040216 seq=24 payload=014e010c0100000004016a00037f6b0c0800a002037f6b0c037f00001800a002000000000000000000000000000000000000000000000000000000000000000003000300030000000000000000ff
GATEWAY_COMMAND_EVENT GatewayCommandEvent(command_kind=1, stage=12, flags=1, attempt=0, command_status=0, reason=0, command_id=260, route_epoch=106, correlation_id=208371459, gateway_sequence=44040200, host_session_id=208371459, host_sequence=32515, event_sequence=44040216, anchor_id=0, pair_initiator_id=0, pair_responder_id=0, previous_hop_id=0, progress_count=3, total_count=3, success_count=3, failure_count=0, duplicate_count=0, lost_event_count=0, hop_count=0, discovery_slot=255)
BLE_HOST_RECEIPT type=0x56 src=0x9999888877776666 session=44040216 seq=24
HERE_I_AM_REACHABILITY_QUALIFICATION_OK anchors=3 direct=2 multihop=1 retries=0
BLE_COMPLETE packets=19
