BLE_CONNECTED gateway_id=0x9999888877776666 command=here-i-am session=3948387956 frame=04c101400201010101010101116666777788889999749e57eb749e01330101010410020c06ab04dc620607ae0b0101010304dc620607e803ae1301020310620102c8040604fa010104b5f80305ae050103050201138100
BLE_CHUNK len=118 hex=4757012801060100560401000100ec0266667777888899996666777788889999000000004e00a1fd014e0302000000000c007d00749e57eb00000000749e57eb749e00000100ec02000000000000000000000000000000000000000000000000000000000000000000000000000000000000000000ff
BLE_PACKET type=0x56 src=0x9999888877776666 dst=0x9999888877776666 session=49020929 seq=1 payload=014e0302000000000c007d00749e57eb00000000749e57eb749e00000100ec02000000000000000000000000000000000000000000000000000000000000000000000000000000000000000000ff
GATEWAY_COMMAND_EVENT GatewayCommandEvent(command_kind=3, stage=2, flags=0, attempt=0, command_status=0, reason=0, command_id=12, route_epoch=125, correlation_id=3948387956, gateway_sequence=0, host_session_id=3948387956, host_sequence=40564, event_sequence=49020929, anchor_id=0, pair_initiator_id=0, pair_responder_id=0, previous_hop_id=0, progress_count=0, total_count=0, success_count=0, failure_count=0, duplicate_count=0, lost_event_count=0, hop_count=0, discovery_slot=255)
BLE_HOST_RECEIPT type=0x56 src=0x9999888877776666 session=49020929 seq=1
BLE_CHUNK len=118 hex=4757012801060100560402000200ec0266667777888899996666777788889999000000004e000538014e0303000000000c007d00749e57eb00000000749e57eb749e00000200ec02000000000000000000000000000000000000000000000000000000000000000000000000000000000000000000ff
BLE_PACKET type=0x56 src=0x9999888877776666 dst=0x9999888877776666 session=49020930 seq=2 payload=014e0303000000000c007d00749e57eb00000000749e57eb749e00000200ec02000000000000000000000000000000000000000000000000000000000000000000000000000000000000000000ff
GATEWAY_COMMAND_EVENT GatewayCommandEvent(command_kind=3, stage=3, flags=0, attempt=0, command_status=0, reason=0, command_id=12, route_epoch=125, correlation_id=3948387956, gateway_sequence=0, host_session_id=3948387956, host_sequence=40564, event_sequence=49020930, anchor_id=0, pair_initiator_id=0, pair_responder_id=0, previous_hop_id=0, progress_count=0, total_count=0, success_count=0, failure_count=0, duplicate_count=0, lost_event_count=0, hop_count=0, discovery_slot=255)
BLE_HOST_RECEIPT type=0x56 src=0x9999888877776666 session=49020930 seq=2
BLE_CHUNK len=118 hex=4757012801060100560404000400ec0266667777888899996666777788889999000000004e009475014e0304000100000c007d00749e57eb0300ec02749e57eb749e00000400ec02000000000000000000000000000000000000000000000000000000000000000004000000000000000000000000ff
BLE_PACKET type=0x56 src=0x9999888877776666 dst=0x9999888877776666 session=49020932 seq=4 payload=014e0304000100000c007d00749e57eb0300ec02749e57eb749e00000400ec02000000000000000000000000000000000000000000000000000000000000000004000000000000000000000000ff
GATEWAY_COMMAND_EVENT GatewayCommandEvent(command_kind=3, stage=4, flags=0, attempt=1, command_status=0, reason=0, command_id=12, route_epoch=125, correlation_id=3948387956, gateway_sequence=49020931, host_session_id=3948387956, host_sequence=40564, event_sequence=49020932, anchor_id=0, pair_initiator_id=0, pair_responder_id=0, previous_hop_id=0, progress_count=4, total_count=0, success_count=0, failure_count=0, duplicate_count=0, lost_event_count=0, hop_count=0, discovery_slot=255)
BLE_HOST_RECEIPT type=0x56 src=0x9999888877776666 session=49020932 seq=4
BLE_CHUNK len=51 hex=47570128010201004104749e749e57eb66667777888899996666777788889999000000000b00a18510020c00110200001e0100
BLE_PACKET type=0x41 src=0x9999888877776666 dst=0x9999888877776666 session=3948387956 seq=40564 payload=10020c00110200001e0100
BLE_HOST_RECEIPT type=0x41 src=0x9999888877776666 session=3948387956 seq=40564
BLE_CHUNK len=118 hex=4757012801060000560405000500ec0266667777888899996666777788889999000000004e00c08d014e030c030100000c007d00749e57eb0300ec02749e57eb749e00000500ec02000000000000000000000000000000000000000000000000000000000000000004000000000000000000000000ff
BLE_PACKET type=0x56 src=0x9999888877776666 dst=0x9999888877776666 session=49020933 seq=5 payload=014e030c030100000c007d00749e57eb0300ec02749e57eb749e00000500ec02000000000000000000000000000000000000000000000000000000000000000004000000000000000000000000ff
GATEWAY_COMMAND_EVENT GatewayCommandEvent(command_kind=3, stage=12, flags=3, attempt=1, command_status=0, reason=0, command_id=12, route_epoch=125, correlation_id=3948387956, gateway_sequence=49020931, host_session_id=3948387956, host_sequence=40564, event_sequence=49020933, anchor_id=0, pair_initiator_id=0, pair_responder_id=0, previous_hop_id=0, progress_count=4, total_count=0, success_count=0, failure_count=0, duplicate_count=0, lost_event_count=0, hop_count=0, discovery_slot=255)
BLE_HOST_RECEIPT type=0x56 src=0x9999888877776666 session=49020933 seq=5
HERE_I_AM_LOCAL_FLOOD_OK attempts=1 retries=0 delivery_claim=local-broadcast-only
BLE_CONNECTED gateway_id=0x9999888877776666 command=assign-slots session=3948387957 frame=04c101400201010101010101116666777788889999759e57eb759e011b010101081002040178020306ab04dc620607ae0b0101010304dc620605e803a98200
BLE_CHUNK len=118 hex=4757012801060100560406000600ec0266667777888899996666777788889999000000004e00deea014e01020000000004017d00759e57eb00000000759e57eb759e00000600ec02000000000000000000000000000000000000000000000000000000000000000000000000000000000000000000ff
BLE_PACKET type=0x56 src=0x9999888877776666 dst=0x9999888877776666 session=49020934 seq=6 payload=014e01020000000004017d00759e57eb00000000759e57eb759e00000600ec02000000000000000000000000000000000000000000000000000000000000000000000000000000000000000000ff
GATEWAY_COMMAND_EVENT GatewayCommandEvent(command_kind=1, stage=2, flags=0, attempt=0, command_status=0, reason=0, command_id=260, route_epoch=125, correlation_id=3948387957, gateway_sequence=0, host_session_id=3948387957, host_sequence=40565, event_sequence=49020934, anchor_id=0, pair_initiator_id=0, pair_responder_id=0, previous_hop_id=0, progress_count=0, total_count=0, success_count=0, failure_count=0, duplicate_count=0, lost_event_count=0, hop_count=0, discovery_slot=255)
BLE_HOST_RECEIPT type=0x56 src=0x9999888877776666 session=49020934 seq=6
BLE_CHUNK len=118 hex=4757012801060100560407000700ec0266667777888899996666777788889999000000004e00960b014e01030000000004017d00759e57eb00000000759e57eb759e00000700ec02000000000000000000000000000000000000000000000000000000000000000000000000000000000000000000ff
BLE_PACKET type=0x56 src=0x9999888877776666 dst=0x9999888877776666 session=49020935 seq=7 payload=014e01030000000004017d00759e57eb00000000759e57eb759e00000700ec02000000000000000000000000000000000000000000000000000000000000000000000000000000000000000000ff
GATEWAY_COMMAND_EVENT GatewayCommandEvent(command_kind=1, stage=3, flags=0, attempt=0, command_status=0, reason=0, command_id=260, route_epoch=125, correlation_id=3948387957, gateway_sequence=0, host_session_id=3948387957, host_sequence=40565, event_sequence=49020935, anchor_id=0, pair_initiator_id=0, pair_responder_id=0, previous_hop_id=0, progress_count=0, total_count=0, success_count=0, failure_count=0, duplicate_count=0, lost_event_count=0, hop_count=0, discovery_slot=255)
BLE_HOST_RECEIPT type=0x56 src=0x9999888877776666 session=49020935 seq=7
BLE_CHUNK len=118 hex=4757012801060100560409000900ec0266667777888899996666777788889999000000004e002d37014e01030000000004017d00759e57eb0800ec02759e57eb759e00000900ec02000000000000000000000000000000000000000000000000000000000000000000000000000000000000000000ff
BLE_PACKET type=0x56 src=0x9999888877776666 dst=0x9999888877776666 session=49020937 seq=9 payload=014e01030000000004017d00759e57eb0800ec02759e57eb759e00000900ec02000000000000000000000000000000000000000000000000000000000000000000000000000000000000000000ff
GATEWAY_COMMAND_EVENT GatewayCommandEvent(command_kind=1, stage=3, flags=0, attempt=0, command_status=0, reason=0, command_id=260, route_epoch=125, correlation_id=3948387957, gateway_sequence=49020936, host_session_id=3948387957, host_sequence=40565, event_sequence=49020937, anchor_id=0, pair_initiator_id=0, pair_responder_id=0, previous_hop_id=0, progress_count=0, total_count=0, success_count=0, failure_count=0, duplicate_count=0, lost_event_count=0, hop_count=0, discovery_slot=255)
BLE_HOST_RECEIPT type=0x56 src=0x9999888877776666 session=49020937 seq=9
BLE_CHUNK len=118 hex=475701280106010056040b000b00ec0266667777888899996666777788889999000000004e00196e014e01040001000004017d00759e57eb0800ec02759e57eb759e00000b00ec02000000000000000000000000000000000000000000000000000000000000000000000000000000000000000000ff
BLE_PACKET type=0x56 src=0x9999888877776666 dst=0x9999888877776666 session=49020939 seq=11 payload=014e01040001000004017d00759e57eb0800ec02759e57eb759e00000b00ec02000000000000000000000000000000000000000000000000000000000000000000000000000000000000000000ff
GATEWAY_COMMAND_EVENT GatewayCommandEvent(command_kind=1, stage=4, flags=0, attempt=1, command_status=0, reason=0, command_id=260, route_epoch=125, correlation_id=3948387957, gateway_sequence=49020936, host_session_id=3948387957, host_sequence=40565, event_sequence=49020939, anchor_id=0, pair_initiator_id=0, pair_responder_id=0, previous_hop_id=0, progress_count=0, total_count=0, success_count=0, failure_count=0, duplicate_count=0, lost_event_count=0, hop_count=0, discovery_slot=255)
BLE_HOST_RECEIPT type=0x56 src=0x9999888877776666 session=49020939 seq=11
BLE_CHUNK len=118 hex=475701280106010056040c000c00ec0266667777888899996666777788889999000000004e005d4d014e01060000000004017d00759e57eb0800ec02759e57eb759e00000c00ec0207cbc8c619961a190000000000000000000000000000000007cbc8c619961a1901000000000000000000000001ff
BLE_PACKET type=0x56 src=0x9999888877776666 dst=0x9999888877776666 session=49020940 seq=12 payload=014e01060000000004017d00759e57eb0800ec02759e57eb759e00000c00ec0207cbc8c619961a190000000000000000000000000000000007cbc8c619961a1901000000000000000000000001ff
GATEWAY_COMMAND_EVENT GatewayCommandEvent(command_kind=1, stage=6, flags=0, attempt=0, command_status=0, reason=0, command_id=260, route_epoch=125, correlation_id=3948387957, gateway_sequence=49020936, host_session_id=3948387957, host_sequence=40565, event_sequence=49020940, anchor_id=1808923237796072199, pair_initiator_id=0, pair_responder_id=0, previous_hop_id=1808923237796072199, progress_count=1, total_count=0, success_count=0, failure_count=0, duplicate_count=0, lost_event_count=0, hop_count=1, discovery_slot=255)
BLE_HOST_RECEIPT type=0x56 src=0x9999888877776666 session=49020940 seq=12
BLE_CHUNK len=118 hex=475701280106010056040d000d00ec0266667777888899996666777788889999000000004e00fabe014e01060000000004017d00759e57eb0800ec02759e57eb759e00000d00ec0241d1f64afe25da560000000000000000000000000000000041d1f64afe25da5602000000000000000000000001ff
BLE_PACKET type=0x56 src=0x9999888877776666 dst=0x9999888877776666 session=49020941 seq=13 payload=014e01060000000004017d00759e57eb0800ec02759e57eb759e00000d00ec0241d1f64afe25da560000000000000000000000000000000041d1f64afe25da5602000000000000000000000001ff
GATEWAY_COMMAND_EVENT GatewayCommandEvent(command_kind=1, stage=6, flags=0, attempt=0, command_status=0, reason=0, command_id=260, route_epoch=125, correlation_id=3948387957, gateway_sequence=49020936, host_session_id=3948387957, host_sequence=40565, event_sequence=49020941, anchor_id=6258356406294335809, pair_initiator_id=0, pair_responder_id=0, previous_hop_id=6258356406294335809, progress_count=2, total_count=0, success_count=0, failure_count=0, duplicate_count=0, lost_event_count=0, hop_count=1, discovery_slot=255)
BLE_HOST_RECEIPT type=0x56 src=0x9999888877776666 session=49020941 seq=13
BLE_CHUNK len=118 hex=475701280106010056040e000e00ec0266667777888899996666777788889999000000004e0046d7014e01060000000004017d00759e57eb0800ec02759e57eb759e00000e00ec020e3070b9aac08b70000000000000000000000000000000000e3070b9aac08b7003000000000000000000000001ff
BLE_PACKET type=0x56 src=0x9999888877776666 dst=0x9999888877776666 session=49020942 seq=14 payload=014e01060000000004017d00759e57eb0800ec02759e57eb759e00000e00ec020e3070b9aac08b70000000000000000000000000000000000e3070b9aac08b7003000000000000000000000001ff
GATEWAY_COMMAND_EVENT GatewayCommandEvent(command_kind=1, stage=6, flags=0, attempt=0, command_status=0, reason=0, command_id=260, route_epoch=125, correlation_id=3948387957, gateway_sequence=49020936, host_session_id=3948387957, host_sequence=40565, event_sequence=49020942, anchor_id=8109787393498820622, pair_initiator_id=0, pair_responder_id=0, previous_hop_id=8109787393498820622, progress_count=3, total_count=0, success_count=0, failure_count=0, duplicate_count=0, lost_event_count=0, hop_count=1, discovery_slot=255)
BLE_HOST_RECEIPT type=0x56 src=0x9999888877776666 session=49020942 seq=14
BLE_CHUNK len=118 hex=4757012801060100560413001300ec0266667777888899996666777788889999000000004e008c14014e01060000000004017d00759e57eb0800ec02759e57eb759e00001300ec020e3070b9aac08b700000000000000000000000000000000000000000000000000100030001000000000000000100
BLE_PACKET type=0x56 src=0x9999888877776666 dst=0x9999888877776666 session=49020947 seq=19 payload=014e01060000000004017d00759e57eb0800ec02759e57eb759e00001300ec020e3070b9aac08b700000000000000000000000000000000000000000000000000100030001000000000000000100
GATEWAY_COMMAND_EVENT GatewayCommandEvent(command_kind=1, stage=6, flags=0, attempt=0, command_status=0, reason=0, command_id=260, route_epoch=125, correlation_id=3948387957, gateway_sequence=49020936, host_session_id=3948387957, host_sequence=40565, event_sequence=49020947, anchor_id=8109787393498820622, pair_initiator_id=0, pair_responder_id=0, previous_hop_id=0, progress_count=1, total_count=3, success_count=1, failure_count=0, duplicate_count=0, lost_event_count=0, hop_count=1, discovery_slot=0)
BLE_HOST_RECEIPT type=0x56 src=0x9999888877776666 session=49020947 seq=19
BLE_CHUNK len=51 hex=47570128010201004104759e759e57eb66667777888899996666777788889999000000000b00eedb10020401110200001e0103
BLE_PACKET type=0x41 src=0x9999888877776666 dst=0x9999888877776666 session=3948387957 seq=40565 payload=10020401110200001e0103
BLE_HOST_RECEIPT type=0x41 src=0x9999888877776666 session=3948387957 seq=40565
BLE_CHUNK len=118 hex=4757012801060100560414001400ec0266667777888899996666777788889999000000004e00dd49014e01060000000004017d00759e57eb0800ec02759e57eb759e00001400ec0241d1f64afe25da560000000000000000000000000000000000000000000000000200030001000000000000000101
BLE_PACKET type=0x56 src=0x9999888877776666 dst=0x9999888877776666 session=49020948 seq=20 payload=014e01060000000004017d00759e57eb0800ec02759e57eb759e00001400ec0241d1f64afe25da560000000000000000000000000000000000000000000000000200030001000000000000000101
GATEWAY_COMMAND_EVENT GatewayCommandEvent(command_kind=1, stage=6, flags=0, attempt=0, command_status=0, reason=0, command_id=260, route_epoch=125, correlation_id=3948387957, gateway_sequence=49020936, host_session_id=3948387957, host_sequence=40565, event_sequence=49020948, anchor_id=6258356406294335809, pair_initiator_id=0, pair_responder_id=0, previous_hop_id=0, progress_count=2, total_count=3, success_count=1, failure_count=0, duplicate_count=0, lost_event_count=0, hop_count=1, discovery_slot=1)
BLE_HOST_RECEIPT type=0x56 src=0x9999888877776666 session=49020948 seq=20
BLE_CHUNK len=118 hex=4757012801060100560415001500ec0266667777888899996666777788889999000000004e002dd3014e01060000000004017d00759e57eb0800ec02759e57eb759e00001500ec0207cbc8c619961a190000000000000000000000000000000000000000000000000300030001000000000000000102
BLE_PACKET type=0x56 src=0x9999888877776666 dst=0x9999888877776666 session=49020949 seq=21 payload=014e01060000000004017d00759e57eb0800ec02759e57eb759e00001500ec0207cbc8c619961a190000000000000000000000000000000000000000000000000300030001000000000000000102
GATEWAY_COMMAND_EVENT GatewayCommandEvent(command_kind=1, stage=6, flags=0, attempt=0, command_status=0, reason=0, command_id=260, route_epoch=125, correlation_id=3948387957, gateway_sequence=49020936, host_session_id=3948387957, host_sequence=40565, event_sequence=49020949, anchor_id=1808923237796072199, pair_initiator_id=0, pair_responder_id=0, previous_hop_id=0, progress_count=3, total_count=3, success_count=1, failure_count=0, duplicate_count=0, lost_event_count=0, hop_count=1, discovery_slot=2)
BLE_HOST_RECEIPT type=0x56 src=0x9999888877776666 session=49020949 seq=21
BLE_CHUNK len=118 hex=4757012801060100560416001600ec0266667777888899996666777788889999000000004e00f629014e01070000000004017d00759e57eb0800ec02759e57eb759e00001600ec02000000000000000000000000000000000000000000000000000000000000000003000300030000000000000000ff
BLE_PACKET type=0x56 src=0x9999888877776666 dst=0x9999888877776666 session=49020950 seq=22 payload=014e01070000000004017d00759e57eb0800ec02759e57eb759e00001600ec02000000000000000000000000000000000000000000000000000000000000000003000300030000000000000000ff
GATEWAY_COMMAND_EVENT GatewayCommandEvent(command_kind=1, stage=7, flags=0, attempt=0, command_status=0, reason=0, command_id=260, route_epoch=125, correlation_id=3948387957, gateway_sequence=49020936, host_session_id=3948387957, host_sequence=40565, event_sequence=49020950, anchor_id=0, pair_initiator_id=0, pair_responder_id=0, previous_hop_id=0, progress_count=3, total_count=3, success_count=3, failure_count=0, duplicate_count=0, lost_event_count=0, hop_count=0, discovery_slot=255)
BLE_HOST_RECEIPT type=0x56 src=0x9999888877776666 session=49020950 seq=22
BLE_CHUNK len=118 hex=4757012801060100560417001700ec0266667777888899996666777788889999000000004e00801e014e01080001000004017d00759e57eb0800ec02759e57eb759e00001700ec02000000000000000000000000000000000000000000000000000000000000000003000300000000000000000000ff
BLE_PACKET type=0x56 src=0x9999888877776666 dst=0x9999888877776666 session=49020951 seq=23 payload=014e01080001000004017d00759e57eb0800ec02759e57eb759e00001700ec02000000000000000000000000000000000000000000000000000000000000000003000300000000000000000000ff
GATEWAY_COMMAND_EVENT GatewayCommandEvent(command_kind=1, stage=8, flags=0, attempt=1, command_status=0, reason=0, command_id=260, route_epoch=125, correlation_id=3948387957, gateway_sequence=49020936, host_session_id=3948387957, host_sequence=40565, event_sequence=49020951, anchor_id=0, pair_initiator_id=0, pair_responder_id=0, previous_hop_id=0, progress_count=3, total_count=3, success_count=0, failure_count=0, duplicate_count=0, lost_event_count=0, hop_count=0, discovery_slot=255)
BLE_HOST_RECEIPT type=0x56 src=0x9999888877776666 session=49020951 seq=23
BLE_CHUNK len=118 hex=4757012801060000560418001800ec0266667777888899996666777788889999000000004e000aca014e010c0100000004017d00759e57eb0800ec02759e57eb759e00001800ec02000000000000000000000000000000000000000000000000000000000000000003000300030000000000000000ff
BLE_PACKET type=0x56 src=0x9999888877776666 dst=0x9999888877776666 session=49020952 seq=24 payload=014e010c0100000004017d00759e57eb0800ec02759e57eb759e00001800ec02000000000000000000000000000000000000000000000000000000000000000003000300030000000000000000ff
GATEWAY_COMMAND_EVENT GatewayCommandEvent(command_kind=1, stage=12, flags=1, attempt=0, command_status=0, reason=0, command_id=260, route_epoch=125, correlation_id=3948387957, gateway_sequence=49020936, host_session_id=3948387957, host_sequence=40565, event_sequence=49020952, anchor_id=0, pair_initiator_id=0, pair_responder_id=0, previous_hop_id=0, progress_count=3, total_count=3, success_count=3, failure_count=0, duplicate_count=0, lost_event_count=0, hop_count=0, discovery_slot=255)
BLE_HOST_RECEIPT type=0x56 src=0x9999888877776666 session=49020952 seq=24
HERE_I_AM_REACHABILITY_QUALIFICATION_OK anchors=3 direct=3 multihop=0 retries=0
BLE_COMPLETE packets=19
