BLE_CONNECTED gateway_id=0x9999888877776666 command=here-i-am session=950048753 frame=04c101400201010101010101116666777788889999f197a038f19701330101010410020c06ab04dc620607ae0b0101010304dc620607e803ae1301020310620102c8040604fa010104b5f80305ae050103050201e19e00
BLE_CHUNK len=118 hex=4757012801060100560401000100200366667777888899996666777788889999000000004e003eac014e0302000000000c008a00f197a03800000000f197a038f197000001002003000000000000000000000000000000000000000000000000000000000000000000000000000000000000000000ff
BLE_PACKET type=0x56 src=0x9999888877776666 dst=0x9999888877776666 session=52428801 seq=1 payload=014e0302000000000c008a00f197a03800000000f197a038f197000001002003000000000000000000000000000000000000000000000000000000000000000000000000000000000000000000ff
GATEWAY_COMMAND_EVENT GatewayCommandEvent(command_kind=3, stage=2, flags=0, attempt=0, command_status=0, reason=0, command_id=12, route_epoch=138, correlation_id=950048753, gateway_sequence=0, host_session_id=950048753, host_sequence=38897, event_sequence=52428801, anchor_id=0, pair_initiator_id=0, pair_responder_id=0, previous_hop_id=0, progress_count=0, total_count=0, success_count=0, failure_count=0, duplicate_count=0, lost_event_count=0, hop_count=0, discovery_slot=255)
BLE_HOST_RECEIPT type=0x56 src=0x9999888877776666 session=52428801 seq=1
BLE_CHUNK len=118 hex=4757012801060100560402000200200366667777888899996666777788889999000000004e009a69014e0303000000000c008a00f197a03800000000f197a038f197000002002003000000000000000000000000000000000000000000000000000000000000000000000000000000000000000000ff
BLE_PACKET type=0x56 src=0x9999888877776666 dst=0x9999888877776666 session=52428802 seq=2 payload=014e0303000000000c008a00f197a03800000000f197a038f197000002002003000000000000000000000000000000000000000000000000000000000000000000000000000000000000000000ff
GATEWAY_COMMAND_EVENT GatewayCommandEvent(command_kind=3, stage=3, flags=0, attempt=0, command_status=0, reason=0, command_id=12, route_epoch=138, correlation_id=950048753, gateway_sequence=0, host_session_id=950048753, host_sequence=38897, event_sequence=52428802, anchor_id=0, pair_initiator_id=0, pair_responder_id=0, previous_hop_id=0, progress_count=0, total_count=0, success_count=0, failure_count=0, duplicate_count=0, lost_event_count=0, hop_count=0, discovery_slot=255)
BLE_HOST_RECEIPT type=0x56 src=0x9999888877776666 session=52428802 seq=2
BLE_CHUNK len=118 hex=4757012801060100560404000400200366667777888899996666777788889999000000004e0042fc014e0304000100000c008a00f197a03803002003f197a038f197000004002003000000000000000000000000000000000000000000000000000000000000000004000000000000000000000000ff
BLE_PACKET type=0x56 src=0x9999888877776666 dst=0x9999888877776666 session=52428804 seq=4 payload=014e0304000100000c008a00f197a03803002003f197a038f197000004002003000000000000000000000000000000000000000000000000000000000000000004000000000000000000000000ff
GATEWAY_COMMAND_EVENT GatewayCommandEvent(command_kind=3, stage=4, flags=0, attempt=1, command_status=0, reason=0, command_id=12, route_epoch=138, correlation_id=950048753, gateway_sequence=52428803, host_session_id=950048753, host_sequence=38897, event_sequence=52428804, anchor_id=0, pair_initiator_id=0, pair_responder_id=0, previous_hop_id=0, progress_count=4, total_count=0, success_count=0, failure_count=0, duplicate_count=0, lost_event_count=0, hop_count=0, discovery_slot=255)
BLE_HOST_RECEIPT type=0x56 src=0x9999888877776666 session=52428804 seq=4
BLE_CHUNK len=51 hex=47570128010201004104f197f197a03866667777888899996666777788889999000000000b00a18510020c00110200001e0100
BLE_PACKET type=0x41 src=0x9999888877776666 dst=0x9999888877776666 session=950048753 seq=38897 payload=10020c00110200001e0100
BLE_HOST_RECEIPT type=0x41 src=0x9999888877776666 session=950048753 seq=38897
BLE_CHUNK len=118 hex=4757012801060000560405000500200366667777888899996666777788889999000000004e001604014e030c030100000c008a00f197a03803002003f197a038f197000005002003000000000000000000000000000000000000000000000000000000000000000004000000000000000000000000ff
BLE_PACKET type=0x56 src=0x9999888877776666 dst=0x9999888877776666 session=52428805 seq=5 payload=014e030c030100000c008a00f197a03803002003f197a038f197000005002003000000000000000000000000000000000000000000000000000000000000000004000000000000000000000000ff
GATEWAY_COMMAND_EVENT GatewayCommandEvent(command_kind=3, stage=12, flags=3, attempt=1, command_status=0, reason=0, command_id=12, route_epoch=138, correlation_id=950048753, gateway_sequence=52428803, host_session_id=950048753, host_sequence=38897, event_sequence=52428805, anchor_id=0, pair_initiator_id=0, pair_responder_id=0, previous_hop_id=0, progress_count=4, total_count=0, success_count=0, failure_count=0, duplicate_count=0, lost_event_count=0, hop_count=0, discovery_slot=255)
BLE_HOST_RECEIPT type=0x56 src=0x9999888877776666 session=52428805 seq=5
HERE_I_AM_LOCAL_FLOOD_OK attempts=1 retries=0 delivery_claim=local-broadcast-only
BLE_CONNECTED gateway_id=0x9999888877776666 command=assign-slots session=950048754 frame=04c101400201010101010101116666777788889999f297a038f297011b010101081002040178020306ab04dc620607ae0b0101010304dc620605e80324d100
BLE_CHUNK len=118 hex=4757012801060100560406000600200366667777888899996666777788889999000000004e001d34014e01020000000004018a00f297a03800000000f297a038f297000006002003000000000000000000000000000000000000000000000000000000000000000000000000000000000000000000ff
BLE_PACKET type=0x56 src=0x9999888877776666 dst=0x9999888877776666 session=52428806 seq=6 payload=014e01020000000004018a00f297a03800000000f297a038f297000006002003000000000000000000000000000000000000000000000000000000000000000000000000000000000000000000ff
GATEWAY_COMMAND_EVENT GatewayCommandEvent(command_kind=1, stage=2, flags=0, attempt=0, command_status=0, reason=0, command_id=260, route_epoch=138, correlation_id=950048754, gateway_sequence=0, host_session_id=950048754, host_sequence=38898, event_sequence=52428806, anchor_id=0, pair_initiator_id=0, pair_responder_id=0, previous_hop_id=0, progress_count=0, total_count=0, success_count=0, failure_count=0, duplicate_count=0, lost_event_count=0, hop_count=0, discovery_slot=255)
BLE_HOST_RECEIPT type=0x56 src=0x9999888877776666 session=52428806 seq=6
BLE_CHUNK len=118 hex=4757012801060100560407000700200366667777888899996666777788889999000000004e0055d5014e01030000000004018a00f297a03800000000f297a038f297000007002003000000000000000000000000000000000000000000000000000000000000000000000000000000000000000000ff
BLE_PACKET type=0x56 src=0x9999888877776666 dst=0x9999888877776666 session=52428807 seq=7 payload=014e01030000000004018a00f297a03800000000f297a038f297000007002003000000000000000000000000000000000000000000000000000000000000000000000000000000000000000000ff
GATEWAY_COMMAND_EVENT GatewayCommandEvent(command_kind=1, stage=3, flags=0, attempt=0, command_status=0, reason=0, command_id=260, route_epoch=138, correlation_id=950048754, gateway_sequence=0, host_session_id=950048754, host_sequence=38898, event_sequence=52428807, anchor_id=0, pair_initiator_id=0, pair_responder_id=0, previous_hop_id=0, progress_count=0, total_count=0, success_count=0, failure_count=0, duplicate_count=0, lost_event_count=0, hop_count=0, discovery_slot=255)
BLE_HOST_RECEIPT type=0x56 src=0x9999888877776666 session=52428807 seq=7
BLE_CHUNK len=118 hex=4757012801060100560409000900200366667777888899996666777788889999000000004e00a731014e01030000000004018a00f297a03808002003f297a038f297000009002003000000000000000000000000000000000000000000000000000000000000000000000000000000000000000000ff
BLE_PACKET type=0x56 src=0x9999888877776666 dst=0x9999888877776666 session=52428809 seq=9 payload=014e01030000000004018a00f297a03808002003f297a038f297000009002003000000000000000000000000000000000000000000000000000000000000000000000000000000000000000000ff
GATEWAY_COMMAND_EVENT GatewayCommandEvent(command_kind=1, stage=3, flags=0, attempt=0, command_status=0, reason=0, command_id=260, route_epoch=138, correlation_id=950048754, gateway_sequence=52428808, host_session_id=950048754, host_sequence=38898, event_sequence=52428809, anchor_id=0, pair_initiator_id=0, pair_responder_id=0, previous_hop_id=0, progress_count=0, total_count=0, success_count=0, failure_count=0, duplicate_count=0, lost_event_count=0, hop_count=0, discovery_slot=255)
BLE_HOST_RECEIPT type=0x56 src=0x9999888877776666 session=52428809 seq=9
BLE_CHUNK len=118 hex=475701280106010056040b000b00200366667777888899996666777788889999000000004e009368014e01040001000004018a00f297a03808002003f297a038f29700000b002003000000000000000000000000000000000000000000000000000000000000000000000000000000000000000000ff
BLE_PACKET type=0x56 src=0x9999888877776666 dst=0x9999888877776666 session=52428811 seq=11 payload=014e01040001000004018a00f297a03808002003f297a038f29700000b002003000000000000000000000000000000000000000000000000000000000000000000000000000000000000000000ff
GATEWAY_COMMAND_EVENT GatewayCommandEvent(command_kind=1, stage=4, flags=0, attempt=1, command_status=0, reason=0, command_id=260, route_epoch=138, correlation_id=950048754, gateway_sequence=52428808, host_session_id=950048754, host_sequence=38898, event_sequence=52428811, anchor_id=0, pair_initiator_id=0, pair_responder_id=0, previous_hop_id=0, progress_count=0, total_count=0, success_count=0, failure_count=0, duplicate_count=0, lost_event_count=0, hop_count=0, discovery_slot=255)
BLE_HOST_RECEIPT type=0x56 src=0x9999888877776666 session=52428811 seq=11
BLE_CHUNK len=118 hex=475701280106010056040c000c00200366667777888899996666777788889999000000004e00e203014e01060000000004018a00f297a03808002003f297a038f29700000c0020030e3070b9aac08b70000000000000000000000000000000000e3070b9aac08b7001000000000000000000000001ff
BLE_PACKET type=0x56 src=0x9999888877776666 dst=0x9999888877776666 session=52428812 seq=12 payload=014e01060000000004018a00f297a03808002003f297a038f29700000c0020030e3070b9aac08b70000000000000000000000000000000000e3070b9aac08b7001000000000000000000000001ff
GATEWAY_COMMAND_EVENT GatewayCommandEvent(command_kind=1, stage=6, flags=0, attempt=0, command_status=0, reason=0, command_id=260, route_epoch=138, correlation_id=950048754, gateway_sequence=52428808, host_session_id=950048754, host_sequence=38898, event_sequence=52428812, anchor_id=8109787393498820622, pair_initiator_id=0, pair_responder_id=0, previous_hop_id=8109787393498820622, progress_count=1, total_count=0, success_count=0, failure_count=0, duplicate_count=0, lost_event_count=0, hop_count=1, discovery_slot=255)
BLE_HOST_RECEIPT type=0x56 src=0x9999888877776666 session=52428812 seq=12
BLE_CHUNK len=118 hex=475701280106010056040d000d00200366667777888899996666777788889999000000004e0002d4014e01060000000004018a00f297a03808002003f297a038f29700000d00200307cbc8c619961a190000000000000000000000000000000007cbc8c619961a1902000000000000000000000001ff
BLE_PACKET type=0x56 src=0x9999888877776666 dst=0x9999888877776666 session=52428813 seq=13 payload=014e01060000000004018a00f297a03808002003f297a038f29700000d00200307cbc8c619961a190000000000000000000000000000000007cbc8c619961a1902000000000000000000000001ff
GATEWAY_COMMAND_EVENT GatewayCommandEvent(command_kind=1, stage=6, flags=0, attempt=0, command_status=0, reason=0, command_id=260, route_epoch=138, correlation_id=950048754, gateway_sequence=52428808, host_session_id=950048754, host_sequence=38898, event_sequence=52428813, anchor_id=1808923237796072199, pair_initiator_id=0, pair_responder_id=0, previous_hop_id=1808923237796072199, progress_count=2, total_count=0, success_count=0, failure_count=0, duplicate_count=0, lost_event_count=0, hop_count=1, discovery_slot=255)
BLE_HOST_RECEIPT type=0x56 src=0x9999888877776666 session=52428813 seq=13
BLE_CHUNK len=118 hex=475701280106010056040e000e00200366667777888899996666777788889999000000004e008bf5014e01060000000004018a00f297a03808002003f297a038f29700000e00200341d1f64afe25da560000000000000000000000000000000041d1f64afe25da5603000000000000000000000001ff
BLE_PACKET type=0x56 src=0x9999888877776666 dst=0x9999888877776666 session=52428814 seq=14 payload=014e01060000000004018a00f297a03808002003f297a038f29700000e00200341d1f64afe25da560000000000000000000000000000000041d1f64afe25da5603000000000000000000000001ff
GATEWAY_COMMAND_EVENT GatewayCommandEvent(command_kind=1, stage=6, flags=0, attempt=0, command_status=0, reason=0, command_id=260, route_epoch=138, correlation_id=950048754, gateway_sequence=52428808, host_session_id=950048754, host_sequence=38898, event_sequence=52428814, anchor_id=6258356406294335809, pair_initiator_id=0, pair_responder_id=0, previous_hop_id=6258356406294335809, progress_count=3, total_count=0, success_count=0, failure_count=0, duplicate_count=0, lost_event_count=0, hop_count=1, discovery_slot=255)
BLE_HOST_RECEIPT type=0x56 src=0x9999888877776666 session=52428814 seq=14
BLE_CHUNK len=118 hex=4757012801060100560413001300200366667777888899996666777788889999000000004e004699014e01060000000004018a00f297a03808002003f297a038f2970000130020030e3070b9aac08b700000000000000000000000000000000000000000000000000100030001000000020000000100
BLE_PACKET type=0x56 src=0x9999888877776666 dst=0x9999888877776666 session=52428819 seq=19 payload=014e01060000000004018a00f297a03808002003f297a038f2970000130020030e3070b9aac08b700000000000000000000000000000000000000000000000000100030001000000020000000100
GATEWAY_COMMAND_EVENT GatewayCommandEvent(command_kind=1, stage=6, flags=0, attempt=0, command_status=0, reason=0, command_id=260, route_epoch=138, correlation_id=950048754, gateway_sequence=52428808, host_session_id=950048754, host_sequence=38898, event_sequence=52428819, anchor_id=8109787393498820622, pair_initiator_id=0, pair_responder_id=0, previous_hop_id=0, progress_count=1, total_count=3, success_count=1, failure_count=0, duplicate_count=2, lost_event_count=0, hop_count=1, discovery_slot=0)
BLE_HOST_RECEIPT type=0x56 src=0x9999888877776666 session=52428819 seq=19
BLE_CHUNK len=51 hex=47570128010201004104f297f297a03866667777888899996666777788889999000000000b00eedb10020401110200001e0103
BLE_PACKET type=0x41 src=0x9999888877776666 dst=0x9999888877776666 session=950048754 seq=38898 payload=10020401110200001e0103
BLE_HOST_RECEIPT type=0x41 src=0x9999888877776666 session=950048754 seq=38898
BLE_CHUNK len=118 hex=4757012801060100560414001400200366667777888899996666777788889999000000004e0017c4014e01060000000004018a00f297a03808002003f297a038f29700001400200341d1f64afe25da560000000000000000000000000000000000000000000000000200030001000000020000000101
BLE_PACKET type=0x56 src=0x9999888877776666 dst=0x9999888877776666 session=52428820 seq=20 payload=014e01060000000004018a00f297a03808002003f297a038f29700001400200341d1f64afe25da560000000000000000000000000000000000000000000000000200030001000000020000000101
GATEWAY_COMMAND_EVENT GatewayCommandEvent(command_kind=1, stage=6, flags=0, attempt=0, command_status=0, reason=0, command_id=260, route_epoch=138, correlation_id=950048754, gateway_sequence=52428808, host_session_id=950048754, host_sequence=38898, event_sequence=52428820, anchor_id=6258356406294335809, pair_initiator_id=0, pair_responder_id=0, previous_hop_id=0, progress_count=2, total_count=3, success_count=1, failure_count=0, duplicate_count=2, lost_event_count=0, hop_count=1, discovery_slot=1)
BLE_HOST_RECEIPT type=0x56 src=0x9999888877776666 session=52428820 seq=20
BLE_CHUNK len=118 hex=4757012801060100560415001500200366667777888899996666777788889999000000004e00e75e014e01060000000004018a00f297a03808002003f297a038f29700001500200307cbc8c619961a190000000000000000000000000000000000000000000000000300030001000000020000000102
BLE_PACKET type=0x56 src=0x9999888877776666 dst=0x9999888877776666 session=52428821 seq=21 payload=014e01060000000004018a00f297a03808002003f297a038f29700001500200307cbc8c619961a190000000000000000000000000000000000000000000000000300030001000000020000000102
GATEWAY_COMMAND_EVENT GatewayCommandEvent(command_kind=1, stage=6, flags=0, attempt=0, command_status=0, reason=0, command_id=260, route_epoch=138, correlation_id=950048754, gateway_sequence=52428808, host_session_id=950048754, host_sequence=38898, event_sequence=52428821, anchor_id=1808923237796072199, pair_initiator_id=0, pair_responder_id=0, previous_hop_id=0, progress_count=3, total_count=3, success_count=1, failure_count=0, duplicate_count=2, lost_event_count=0, hop_count=1, discovery_slot=2)
BLE_HOST_RECEIPT type=0x56 src=0x9999888877776666 session=52428821 seq=21
BLE_CHUNK len=118 hex=4757012801060100560416001600200366667777888899996666777788889999000000004e003ca4014e01070000000004018a00f297a03808002003f297a038f297000016002003000000000000000000000000000000000000000000000000000000000000000003000300030000000200000000ff
BLE_PACKET type=0x56 src=0x9999888877776666 dst=0x9999888877776666 session=52428822 seq=22 payload=014e01070000000004018a00f297a03808002003f297a038f297000016002003000000000000000000000000000000000000000000000000000000000000000003000300030000000200000000ff
GATEWAY_COMMAND_EVENT GatewayCommandEvent(command_kind=1, stage=7, flags=0, attempt=0, command_status=0, reason=0, command_id=260, route_epoch=138, correlation_id=950048754, gateway_sequence=52428808, host_session_id=950048754, host_sequence=38898, event_sequence=52428822, anchor_id=0, pair_initiator_id=0, pair_responder_id=0, previous_hop_id=0, progress_count=3, total_count=3, success_count=3, failure_count=0, duplicate_count=2, lost_event_count=0, hop_count=0, discovery_slot=255)
BLE_HOST_RECEIPT type=0x56 src=0x9999888877776666 session=52428822 seq=22
BLE_CHUNK len=118 hex=4757012801060100560417001700200366667777888899996666777788889999000000004e004a93014e01080001000004018a00f297a03808002003f297a038f297000017002003000000000000000000000000000000000000000000000000000000000000000003000300000000000200000000ff
BLE_PACKET type=0x56 src=0x9999888877776666 dst=0x9999888877776666 session=52428823 seq=23 payload=014e01080001000004018a00f297a03808002003f297a038f297000017002003000000000000000000000000000000000000000000000000000000000000000003000300000000000200000000ff
GATEWAY_COMMAND_EVENT GatewayCommandEvent(command_kind=1, stage=8, flags=0, attempt=1, command_status=0, reason=0, command_id=260, route_epoch=138, correlation_id=950048754, gateway_sequence=52428808, host_session_id=950048754, host_sequence=38898, event_sequence=52428823, anchor_id=0, pair_initiator_id=0, pair_responder_id=0, previous_hop_id=0, progress_count=3, total_count=3, success_count=0, failure_count=0, duplicate_count=2, lost_event_count=0, hop_count=0, discovery_slot=255)
BLE_HOST_RECEIPT type=0x56 src=0x9999888877776666 session=52428823 seq=23
BLE_CHUNK len=118 hex=4757012801060000560418001800200366667777888899996666777788889999000000004e00c047014e010c0100000004018a00f297a03808002003f297a038f297000018002003000000000000000000000000000000000000000000000000000000000000000003000300030000000200000000ff
BLE_PACKET type=0x56 src=0x9999888877776666 dst=0x9999888877776666 session=52428824 seq=24 payload=014e010c0100000004018a00f297a03808002003f297a038f297000018002003000000000000000000000000000000000000000000000000000000000000000003000300030000000200000000ff
GATEWAY_COMMAND_EVENT GatewayCommandEvent(command_kind=1, stage=12, flags=1, attempt=0, command_status=0, reason=0, command_id=260, route_epoch=138, correlation_id=950048754, gateway_sequence=52428808, host_session_id=950048754, host_sequence=38898, event_sequence=52428824, anchor_id=0, pair_initiator_id=0, pair_responder_id=0, previous_hop_id=0, progress_count=3, total_count=3, success_count=3, failure_count=0, duplicate_count=2, lost_event_count=0, hop_count=0, discovery_slot=255)
BLE_HOST_RECEIPT type=0x56 src=0x9999888877776666 session=52428824 seq=24
HERE_I_AM_REACHABILITY_QUALIFICATION_OK anchors=3 direct=3 multihop=0 retries=0
BLE_COMPLETE packets=19
BLE_DISCONNECT_COMPLETE peer already closed D-Bus transport
