BLE_CONNECTED gateway_id=0x9999888877776666 command=here-i-am session=3820194234 frame=04c101400201010101010101116666777788889999ba89b3e3ba8901040101010410020c03f58d00
BLE_CHUNK len=118 hex=4757012801060100560401000100240266667777888899996666777788889999000000004e001739014e0302000000000c004b00ba89b3e300000000ba89b3e3ba89000001002402000000000000000000000000000000000000000000000000000000000000000000000000000000000000000000ff
BLE_PACKET type=0x56 src=0x9999888877776666 dst=0x9999888877776666 session=35913729 seq=1 payload=014e0302000000000c004b00ba89b3e300000000ba89b3e3ba89000001002402000000000000000000000000000000000000000000000000000000000000000000000000000000000000000000ff
GATEWAY_COMMAND_EVENT GatewayCommandEvent(command_kind=3, stage=2, flags=0, attempt=0, command_status=0, reason=0, command_id=12, route_epoch=75, correlation_id=3820194234, gateway_sequence=0, host_session_id=3820194234, host_sequence=35258, event_sequence=35913729, anchor_id=0, pair_initiator_id=0, pair_responder_id=0, previous_hop_id=0, progress_count=0, total_count=0, success_count=0, failure_count=0, duplicate_count=0, lost_event_count=0, hop_count=0, discovery_slot=255)
BLE_HOST_RECEIPT type=0x56 src=0x9999888877776666 session=35913729 seq=1
BLE_CHUNK len=118 hex=4757012801060100560402000200240266667777888899996666777788889999000000004e00b3fc014e0303000000000c004b00ba89b3e300000000ba89b3e3ba89000002002402000000000000000000000000000000000000000000000000000000000000000000000000000000000000000000ff
BLE_PACKET type=0x56 src=0x9999888877776666 dst=0x9999888877776666 session=35913730 seq=2 payload=014e0303000000000c004b00ba89b3e300000000ba89b3e3ba89000002002402000000000000000000000000000000000000000000000000000000000000000000000000000000000000000000ff
GATEWAY_COMMAND_EVENT GatewayCommandEvent(command_kind=3, stage=3, flags=0, attempt=0, command_status=0, reason=0, command_id=12, route_epoch=75, correlation_id=3820194234, gateway_sequence=0, host_session_id=3820194234, host_sequence=35258, event_sequence=35913730, anchor_id=0, pair_initiator_id=0, pair_responder_id=0, previous_hop_id=0, progress_count=0, total_count=0, success_count=0, failure_count=0, duplicate_count=0, lost_event_count=0, hop_count=0, discovery_slot=255)
BLE_HOST_RECEIPT type=0x56 src=0x9999888877776666 session=35913730 seq=2
BLE_CHUNK len=118 hex=4757012801060100560404000400240266667777888899996666777788889999000000004e004b01014e0304000100000c004b00ba89b3e303002402ba89b3e3ba89000004002402000000000000000000000000000000000000000000000000000000000000000004000000000000000000000000ff
BLE_PACKET type=0x56 src=0x9999888877776666 dst=0x9999888877776666 session=35913732 seq=4 payload=014e0304000100000c004b00ba89b3e303002402ba89b3e3ba89000004002402000000000000000000000000000000000000000000000000000000000000000004000000000000000000000000ff
GATEWAY_COMMAND_EVENT GatewayCommandEvent(command_kind=3, stage=4, flags=0, attempt=1, command_status=0, reason=0, command_id=12, route_epoch=75, correlation_id=3820194234, gateway_sequence=35913731, host_session_id=3820194234, host_sequence=35258, event_sequence=35913732, anchor_id=0, pair_initiator_id=0, pair_responder_id=0, previous_hop_id=0, progress_count=4, total_count=0, success_count=0, failure_count=0, duplicate_count=0, lost_event_count=0, hop_count=0, discovery_slot=255)
BLE_HOST_RECEIPT type=0x56 src=0x9999888877776666 session=35913732 seq=4
BLE_CHUNK len=51 hex=47570128010201004104ba89ba89b3e366667777888899996666777788889999000000000b00a18510020c00110200001e0100
BLE_PACKET type=0x41 src=0x9999888877776666 dst=0x9999888877776666 session=3820194234 seq=35258 payload=10020c00110200001e0100
BLE_HOST_RECEIPT type=0x41 src=0x9999888877776666 session=3820194234 seq=35258
BLE_CHUNK len=118 hex=4757012801060000560405000500240266667777888899996666777788889999000000004e001ff9014e030c030100000c004b00ba89b3e303002402ba89b3e3ba89000005002402000000000000000000000000000000000000000000000000000000000000000004000000000000000000000000ff
BLE_PACKET type=0x56 src=0x9999888877776666 dst=0x9999888877776666 session=35913733 seq=5 payload=014e030c030100000c004b00ba89b3e303002402ba89b3e3ba89000005002402000000000000000000000000000000000000000000000000000000000000000004000000000000000000000000ff
GATEWAY_COMMAND_EVENT GatewayCommandEvent(command_kind=3, stage=12, flags=3, attempt=1, command_status=0, reason=0, command_id=12, route_epoch=75, correlation_id=3820194234, gateway_sequence=35913731, host_session_id=3820194234, host_sequence=35258, event_sequence=35913733, anchor_id=0, pair_initiator_id=0, pair_responder_id=0, previous_hop_id=0, progress_count=4, total_count=0, success_count=0, failure_count=0, duplicate_count=0, lost_event_count=0, hop_count=0, discovery_slot=255)
BLE_HOST_RECEIPT type=0x56 src=0x9999888877776666 session=35913733 seq=5
BLE_COMPLETE packets=5
