[34m0000593[0m [36mI[0m Target type is nrf52833 [2m[board][0m
[34m0000621[0m [36mI[0m Performing connect pre-reset [2m[coresight_target][0m
[34m0000826[0m [36mI[0m DP IDR = 0x2ba01477 (v1 rev2) [2m[dap][0m
[34m0000833[0m [36mI[0m AHB-AP#0 IDR = 0x24770011 (AHB-AP var1 rev2) [2m[discovery][0m
[34m0000834[0m [36mI[0m AP#1 IDR = 0x02880000 (AP var0 rev0) [2m[discovery][0m
[34m0000835[0m [36mI[0m NRF52833 not in secure state [2m[target_nRF52][0m
[34m0000838[0m [36mI[0m AHB-AP#0 Class 0x1 ROM table #0 @ 0xe00ff000 (designer=244 part=00d) [2m[rom_table][0m
[34m0000841[0m [36mI[0m [0]<e000e000:SCS v7-M class=14 designer=43b:Arm part=00c> [2m[rom_table][0m
[34m0000842[0m [36mI[0m [1]<e0001000:DWT v7-M class=14 designer=43b:Arm part=002> [2m[rom_table][0m
[34m0000844[0m [36mI[0m [2]<e0002000:FPB v7-M class=14 designer=43b:Arm part=003> [2m[rom_table][0m
[34m0000845[0m [36mI[0m [3]<e0000000:ITM v7-M class=14 designer=43b:Arm part=001> [2m[rom_table][0m
[34m0000848[0m [36mI[0m [4]<e0040000:TPIU M4 class=9 designer=43b:Arm part=9a1 devtype=11 archid=0000 devid=ca1:0:0> [2m[rom_table][0m
[34m0000850[0m [36mI[0m [5]<e0041000:ETM M4 class=9 designer=43b:Arm part=925 devtype=13 archid=0000 devid=0:0:0> [2m[rom_table][0m
[34m0000854[0m [36mI[0m CPU core #0: Cortex-M4 r0p1, v7.0-M architecture [2m[cortex_m][0m
[34m0000854[0m [36mI[0m   Extensions: [DSP, FPU, FPU_V4, MPU] [2m[cortex_m][0m
[34m0000854[0m [36mI[0m   FPU present: FPv4-SP-D16-M [2m[cortex_m][0m
[34m0000857[0m [36mI[0m This appears to be an nRF52833 AA B0 [2m[target_nRF52][0m
[34m0000862[0m [36mI[0m 4 hardware watchpoints [2m[dwt][0m
[34m0000864[0m [36mI[0m 6 hardware breakpoints, 4 literal comparators [2m[fpb][0m
[34m0000882[0m [36mI[0m 3 up channels and 3 down channels found [2m[rtt_cmd][0m
[34m0000882[0m [36mI[0m Reading from up channel 0 ("Terminal") [2m[rtt_cmd][0m
[34m0000884[0m [36mI[0m Writing to down channel 0 ("Terminal") [2m[rtt_cmd][0m
DBG_GATEWAY_CH9_RX_CONT_RESULT start=165383 end=165884 ret=-116 fail=0 status=0x00000000 len=0 frames=0
DBG_GATEWAY_CH9_RX_CONT_ARM now=165886 rem=500 frames=0 errors=0
DBG_GATEWAY_CH9_RX_CONT_RESULT start=165886 end=166387 ret=-116 fail=0 status=0x00000000 len=0 frames=0
DBG_GATEWAY_CH9_RX_CONT_ARM now=166389 rem=500 frames=0 errors=0
DBG_GATEWAY_CH9_RX_CONT_RESULT start=166389 end=166890 ret=-116 fail=0 status=0x00000000 len=0 frames=0
DBG_GATEWAY_CH9_RX_CONT_ARM now=166892 rem=500 frames=0 errors=0
DBG_GATEWAY_CH9_RX_CONT_RESULT start=166892 end=167409 ret=-116 fail=0 status=0x00000000 len=0 frames=0
DBG_GATEWAY_CH9_RX_CONT_ARM now=167411 rem=500 frames=0 errors=0
DBG_GATEWAY_CH9_RX_CONT_RESULT start=167411 end=167912 ret=-116 fail=0 status=0x00000000 len=0 frames=0
DBG_GATEWAY_CH9_RX_CONT_ARM now=167914 rem=500 frames=0 errors=0
DBG_GATEWAY_CH9_RX_CONT_RESULT start=167914 end=168415 ret=-116 fail=0 status=0x00000000 len=0 frames=0
DBG_GATEWAY_CH9_RX_CONT_ARM now=168417 rem=500 frames=0 errors=0
DBG_GATEWAY_CH9_RX_CONT_RESULT start=168417 end=168918 ret=-116 fail=0 status=0x00000000 len=0 frames=0
DBG_GATEWAY_CH9_RX_CONT_ARM now=168920 rem=500 frames=0 errors=0
DBG_GATEWAY_CH9_RX_CONT_RESULT start=168920 end=169421 ret=-116 fail=0 status=0x00000000 len=0 frames=0
DBG_GATEWAY_CH9_RX_CONT_ARM now=169423 rem=500 frames=0 errors=0
DBG_GATEWAY_CH9_RX_CONT_RESULT start=169423 end=169924 ret=-116 fail=0 status=0x00000000 len=0 frames=0
DBG_GATEWAY_CH9_RX_CONT_ARM now=169926 rem=500 frames=0 errors=0
DBG_GATEWAY_CH9_RX_CONT_RESULT start=169926 end=170427 ret=-116 fail=0 status=0x00000000 len=0 frames=0
DBG_GATEWAY_CH9_RX_CONT_ARM now=170429 rem=500 frames=0 errors=0
DBG_GATEWAY_CH9_RX_CONT_RESULT start=170429 end=170930 ret=-116 fail=0 status=0x00000000 len=0 frames=0
DBG_GATEWAY_CH9_RX_CONT_ARM now=170932 rem=500 frames=0 errors=0
DBG_GATEWAY_CH9_RX_CONT_RESULT start=170932 end=171433 ret=-116 fail=0 status=0x00000000 len=0 frames=0
DBG_GATEWAY_CH9_RX_CONT_ARM now=171435 rem=500 frames=0 errors=0
DBG_GATEWAY_CH9_RX_CONT_RESULT start=171435 end=171936 ret=-116 fail=0 status=0x00000000 len=0 frames=0
DBG_GATEWAY_CH9_RX_CONT_ARM now=171938 rem=500 frames=0 errors=0
DBG_GATEWAY_CH9_RX_CONT_RESULT start=171938 end=172439 ret=-116 fail=0 status=0x00000000 len=0 frames=0
DBG_GATEWAY_CH9_RX_CONT_ARM now=172441 rem=500 frames=0 errors=0
DBG_GATEWAY_CH9_RX_CONT_RESULT start=172441 end=172942 ret=-116 fail=0 status=0x00000000 len=0 frames=0
DBG_GATEWAY_CH9_RX_CONT_ARM now=172944 rem=500 frames=0 errors=0
DBG_GATEWAY_CH9_RX_CONT_RESULT start=172944 end=173445 ret=-116 fail=0 status=0x00000000 len=0 frames=0
DBG_GATEWAY_CH9_RX_CONT_ARM now=173447 rem=500 frames=0 errors=0
DBG_GATEWAY_CH9_RX_CONT_RESULT start=173447 end=173948 ret=-116 fail=0 status=0x00000000 len=0 frames=0
DBG_GATEWAY_CH9_RX_CONT_ARM now=173950 rem=500 frames=0 errors=0
DBG_GATEWAY_CH9_RX_CONT_RESULT start=173950 end=174451 ret=-116 fail=0 status=0x00000000 len=0 frames=0
DBG_GATEWAY_CH9_RX_CONT_ARM now=174453 rem=500 frames=0 errors=0
DBG_GATEWAY_CH9_RX_CONT_RESULT start=174453 end=174954 ret=-116 fail=0 status=0x00000000 len=0 frames=0
DBG_GATEWAY_CH9_RX_CONT_ARM now=174956 rem=500 frames=0 errors=0
DBG_GATEWAY_CH9_RX_CONT_RESULT start=174956 end=175457 ret=-116 fail=0 status=0x00000000 len=0 frames=0
DBG_GATEWAY_CH9_RX_CONT_ARM now=175459 rem=500 frames=0 errors=0
DBG_GATEWAY_CH9_RX_CONT_RESULT start=175459 end=175960 ret=-116 fail=0 status=0x00000000 len=0 frames=0
DBG_GATEWAY_CH9_RX_CONT_ARM now=175962 rem=500 frames=0 errors=0
DBG_GATEWAY_CH9_RX_CONT_RESULT start=175962 end=176463 ret=-116 fail=0 status=0x00000000 len=0 frames=0
DBG_GATEWAY_CH9_RX_CONT_ARM now=176465 rem=500 frames=0 errors=0
DBG_GATEWAY_CH9_RX_CONT_RESULT start=176465 end=176966 ret=-116 fail=0 status=0x00000000 len=0 frames=0
DBG_GATEWAY_CH9_RX_CONT_ARM now=176968 rem=500 frames=0 errors=0
DBG_GATEWAY_CH9_RX_CONT_RESULT start=176968 end=177469 ret=-116 fail=0 status=0x00000000 len=0 frames=0
DBG_GATEWAY_CH9_RX_CONT_ARM now=177471 rem=500 frames=0 errors=0
DBG_GATEWAY_CH9_RX_CONT_RESULT start=177471 end=177972 ret=-116 fail=0 status=0x00000000 len=0 frames=0
DBG_GATEWAY_CH9_RX_CONT_ARM now=177974 rem=500 frames=0 errors=0
DBG_GATEWAY_CH9_RX_CONT_RESULT start=177974 end=178475 ret=-116 fail=0 status=0x00000000 len=0 frames=0
DBG_GATEWAY_CH9_RX_CONT_ARM now=178477 rem=500 frames=0 errors=0
DBG_GATEWAY_CH9_RX_CONT_RESULT start=178477 end=178978 ret=-116 fail=0 status=0x00000000 len=0 frames=0
DBG_GATEWAY_CH9_RX_CONT_ARM now=178980 rem=500 frames=0 errors=0
DBG_GATEWAY_CH9_RX_CONT_RESULT start=178980 end=179481 ret=-116 fail=0 status=0x00000000 len=0 frames=0
DBG_GATEWAY_CH9_RX_CONT_ARM now=179483 rem=500 frames=0 errors=0
DBG_GATEWAY_CH9_RX_CONT_RESULT start=179483 end=179984 ret=-116 fail=0 status=0x00000000 len=0 frames=0
DBG_GATEWAY_CH9_RX_CONT_ARM now=179986 rem=500 frames=0 errors=0
DBG_GATEWAY_CH9_RX_CONT_RESULT start=179986 end=180487 ret=-116 fail=0 status=0x00000000 len=0 frames=0
DBG_GATEWAY_CH9_RX_CONT_ARM now=180489 rem=500 frames=0 errors=0
DBG_GATEWAY_CH9_RX_CONT_RESULT start=180489 end=180990 ret=-116 fail=0 status=0x00000000 len=0 frames=0
DBG_GATEWAY_CH9_RX_CONT_ARM now=180992 rem=500 frames=0 errors=0
DBG_GATEWAY_CH9_RX_CONT_RESULT start=180992 end=181493 ret=-116 fail=0 status=0x00000000 len=0 frames=0
DBG_GATEWAY_CH9_RX_CONT_ARM now=181495 rem=500 frames=0 errors=0
DBG_GATEWAY_CH9_RX_CONT_RESULT start=181495 end=181996 ret=-116 fail=0 status=0x00000000 len=0 frames=0
DBG_GATEWAY_CH9_RX_CONT_ARM now=181998 rem=500 frames=0 errors=0
DBG_GATEWAY_CH9_RX_CONT_RESULT start=181998 end=182499 ret=-116 fail=0 status=0x00000000 len=0 frames=0
DBG_GATEWAY_CH9_RX_CONT_ARM now=182501 rem=500 frames=0 errors=0
DBG_GATEWAY_CH9_RX_CONT_RESULT start=182501 end=183002 ret=-116 fail=0 status=0x00000000 len=0 frames=0
DBG_GATEWAY_CH9_RX_CONT_ARM now=183004 rem=500 frames=0 errors=0
DBG_GATEWAY_CH9_RX_CONT_RESULT start=183004 end=183505 ret=-116 fail=0 status=0x00000000 len=0 frames=0
DBG_GATEWAY_CH9_RX_CONT_ARM now=183507 rem=500 frames=0 errors=0
DBG_GATEWAY_CH9_RX_CONT_RESULT start=183507 end=184008 ret=-116 fail=0 status=0x00000000 len=0 frames=0
DBG_GATEWAY_CH9_RX_CONT_ARM now=184010 rem=500 frames=0 errors=0
DBG_GATEWAY_CH9_RX_CONT_RESULT start=184010 end=184511 ret=-116 fail=0 status=0x00000000 len=0 frames=0
DBG_GATEWAY_CH9_RX_CONT_ARM now=184513 rem=500 frames=0 errors=0
DBG_GATEWAY_CH9_RX_CONT_RESULT start=184513 end=185014 ret=-116 fail=0 status=0x00000000 len=0 frames=0
DBG_GATEWAY_CH9_RX_CONT_ARM now=185016 rem=500 frames=0 errors=0
DBG_GATEWAY_CH9_RX_CONT_RESULT start=185016 end=185517 ret=-116 fail=0 status=0x00000000 len=0 frames=0
DBG_GATEWAY_CH9_RX_CONT_ARM now=185519 rem=500 frames=0 errors=0
DBG_GATEWAY_CH9_RX_CONT_RESULT start=185519 end=186020 ret=-116 fail=0 status=0x00000000 len=0 frames=0
DBG_GATEWAY_CH9_RX_CONT_ARM now=186022 rem=500 frames=0 errors=0
DBG_GATEWAY_CH9_RX_CONT_RESULT start=186022 end=186523 ret=-116 fail=0 status=0x00000000 len=0 frames=0
DBG_GATEWAY_CH9_RX_CONT_ARM now=186525 rem=500 frames=0 errors=0
DBG_GATEWAY_CH9_RX_CONT_RESULT start=186525 end=187026 ret=-116 fail=0 status=0x00000000 len=0 frames=0
DBG_GATEWAY_CH9_RX_CONT_ARM now=187028 rem=500 frames=0 errors=0
DBG_GATEWAY_CH9_RX_CONT_RESULT start=187028 end=187529 ret=-116 fail=0 status=0x00000000 len=0 frames=0
DBG_GATEWAY_CH9_RX_CONT_ARM now=187531 rem=500 frames=0 errors=0
DBG_GATEWAY_CH9_RX_CONT_RESULT start=187531 end=188032 ret=-116 fail=0 status=0x00000000 len=0 frames=0
DBG_GATEWAY_CH9_RX_CONT_ARM now=188034 rem=500 frames=0 errors=0
DBG_GATEWAY_CH9_RX_CONT_RESULT start=188034 end=188535 ret=-116 fail=0 status=0x00000000 len=0 frames=0
DBG_GATEWAY_CH9_RX_CONT_ARM now=188537 rem=500 frames=0 errors=0
DBG_GATEWAY_CH9_RX_CONT_RESULT start=188537 end=189038 ret=-116 fail=0 status=0x00000000 len=0 frames=0
DBG_GATEWAY_CH9_RX_CONT_ARM now=189040 rem=500 frames=0 errors=0
DBG_GATEWAY_CH9_RX_CONT_RESULT start=189040 end=189541 ret=-116 fail=0 status=0x00000000 len=0 frames=0
DBG_GATEWAY_CH9_RX_CONT_ARM now=189543 rem=500 frames=0 errors=0
DBG_GATEWAY_CH9_RX_CONT_RESULT start=189543 end=190044 ret=-116 fail=0 status=0x00000000 len=0 frames=0
DBG_GATEWAY_CH9_RX_CONT_ARM now=190046 rem=500 frames=0 errors=0
DBG_GATEWAY_CH9_RX_CONT_RESULT start=190046 end=190547 ret=-116 fail=0 status=0x00000000 len=0 frames=0
DBG_GATEWAY_CH9_RX_CONT_ARM now=190549 rem=500 frames=0 errors=0
DBG_GATEWAY_CH9_RX_CONT_RESULT start=190549 end=191050 ret=-116 fail=0 status=0x00000000 len=0 frames=0
DBG_GATEWAY_CH9_RX_CONT_ARM now=191052 rem=500 frames=0 errors=0
DBG_GATEWAY_CH9_RX_CONT_RESULT start=191052 end=191553 ret=-116 fail=0 status=0x00000000 len=0 frames=0
DBG_GATEWAY_CH9_RX_CONT_ARM now=191555 rem=500 frames=0 errors=0
DBG_GATEWAY_CH9_RX_CONT_RESULT start=191555 end=192056 ret=-116 fail=0 status=0x00000000 len=0 frames=0
DBG_GATEWAY_CH9_RX_CONT_ARM now=192058 rem=500 frames=0 errors=0
DBG_GATEWAY_CH9_RX_CONT_RESULT start=192058 end=192559 ret=-116 fail=0 status=0x00000000 len=0 frames=0
DBG_GATEWAY_CH9_RX_CONT_ARM now=192561 rem=500 frames=0 errors=0
DBG_GATEWAY_CH9_RX_CONT_RESULT start=192561 end=193062 ret=-116 fail=0 status=0x00000000 len=0 frames=0
DBG_GATEWAY_CH9_RX_CONT_ARM now=193064 rem=500 frames=0 errors=0
DBG_GATEWAY_CH9_RX_CONT_RESULT start=193064 end=193565 ret=-116 fail=0 status=0x00000000 len=0 frames=0
DBG_GATEWAY_CH9_RX_CONT_ARM now=193567 rem=500 frames=0 errors=0
DBG_GATEWAY_CH9_RX_CONT_RESULT start=193567 end=194068 ret=-116 fail=0 status=0x00000000 len=0 frames=0
DBG_GATEWAY_CH9_RX_CONT_ARM now=194070 rem=500 frames=0 errors=0
DBG_GATEWAY_CH9_RX_CONT_RESULT start=194070 end=194571 ret=-116 fail=0 status=0x00000000 len=0 frames=0
DBG_GATEWAY_CH9_RX_CONT_ARM now=194573 rem=500 frames=0 errors=0
DBG_GATEWAY_CH9_RX_CONT_RESULT start=194573 end=195074 ret=-116 fail=0 status=0x00000000 len=0 frames=0
DBG_GATEWAY_CH9_RX_CONT_ARM now=195076 rem=500 frames=0 errors=0
DBG_GATEWAY_CH9_RX_CONT_RESULT start=195076 end=195577 ret=-116 fail=0 status=0x00000000 len=0 frames=0
DBG_GATEWAY_CH9_RX_CONT_ARM now=195579 rem=500 frames=0 errors=0
DBG_GATEWAY_CH9_RX_CONT_RESULT start=195579 end=196080 ret=-116 fail=0 status=0x00000000 len=0 frames=0
DBG_GATEWAY_CH9_RX_CONT_ARM now=196082 rem=500 frames=0 errors=0
DBG_GATEWAY_CH9_RX_CONT_RESULT start=196082 end=196583 ret=-116 fail=0 status=0x00000000 len=0 frames=0
DBG_GATEWAY_CH9_RX_CONT_ARM now=196585 rem=500 frames=0 errors=0
DBG_GATEWAY_CH9_RX_CONT_RESULT start=196585 end=197086 ret=-116 fail=0 status=0x00000000 len=0 frames=0
DBG_GATEWAY_CH9_RX_CONT_ARM now=197088 rem=500 frames=0 errors=0
DBG_GATEWAY_CH9_RX_CONT_RESULT start=197088 end=197589 ret=-116 fail=0 status=0x00000000 len=0 frames=0
DBG_GATEWAY_CH9_RX_CONT_ARM now=197591 rem=500 frames=0 errors=0
DBG_GATEWAY_CH9_RX_CONT_RESULT start=197591 end=198092 ret=-116 fail=0 status=0x00000000 len=0 frames=0
DBG_GATEWAY_CH9_RX_CONT_ARM now=198094 rem=500 frames=0 errors=0
DBG_GATEWAY_CH9_RX_CONT_RESULT start=198094 end=198595 ret=-116 fail=0 status=0x00000000 len=0 frames=0
DBG_GATEWAY_CH9_RX_CONT_ARM now=198597 rem=500 frames=0 errors=0
DBG_GATEWAY_CH9_RX_CONT_RESULT start=198597 end=199098 ret=-116 fail=0 status=0x00000000 len=0 frames=0
DBG_GATEWAY_CH9_RX_CONT_ARM now=199100 rem=500 frames=0 errors=0
DBG_GATEWAY_BLE event=connected err=0 uptime=199162
DBG_GATEWAY_BLE event=param-request ret=0 interval=24-40 latency=0 timeout_ms=12000 uptime=199162
DBG_GATEWAY_CH9_RX_CONT_RESULT start=199100 end=199601 ret=-116 fail=0 status=0x00000000 len=0 frames=0
DBG_GATEWAY_CH9_RX_CONT_ARM now=199603 rem=500 frames=0 errors=0
DBG_GATEWAY_CH9_RX_CONT_RESULT start=199603 end=200104 ret=-116 fail=0 status=0x00000000 len=0 frames=0
DBG_GATEWAY_CH9_RX_CONT_ARM now=200106 rem=500 frames=0 errors=0
DBG_GATEWAY_COMMAND_PRIORITY_SUBMIT ret=0 now=200405
DBG_STACK_RUN_BEGIN epoch=6458762704145168284 run=39 kind=ble_backpressure owner=system_workqueue queue=1 custody=1 credit=0 retry=0 drain=1 src=11068027678940948070 dst=11068027678940948070 session=51904561 seq=49 type=86 sequence=0 previous=0 uptime=200406
DBG_STACK_SAMPLE_BEGIN epoch=6458762704145168284 run=39 sample=39 kind=ble_backpressure owner=system_workqueue queue=1 custody=1 credit=0 retry=0 drain=1 src=11068027678940948070 dst=11068027678940948070 session=51904561 seq=49 type=86 uptime=200406
DBG_STACK_ISR_CONFIG size=8192 run=39 sample=39
DBG_STACK name=BT RX WQ tid=0x2000fe28 used=760 free=776 size=1536 ret=0 run=39 sample=39
DBG_STACK name=mesh_route tid=0x2000d560 used=5904 free=2288 size=8192 ret=0 run=39 sample=39
DBG_STACK name=sysworkq tid=0x20010d80 used=2408 free=2072 size=4480 ret=0 run=39 sample=39
DBG_STACK name=MPSL Work tid=0x20010b38 used=376 free=648 size=1024 ret=0 run=39 sample=39
DBG_STACK name=logging tid=0x2000f930 used=480 free=1568 size=2048 ret=0 run=39 sample=39
DBG_STACK name=idle tid=0x20010c10 used=64 free=256 size=320 ret=0 run=39 sample=39
DBG_STACK_SAMPLE_END run=39 sample=39
DBG_STACK_RUN_END epoch=6458762704145168284 run=39 kind=ble_backpressure owner=system_workqueue outcome=ack queue=2 custody=0 credit=1 retry=0 drain=2 src=11068027678940948070 dst=11068027678940948070 session=51904561 seq=49 type=86 samples=1 sequence=0 previous=0 uptime=200431
DBG_WAKE_TRAIN_CONFIG_BEGIN
DBG_DWM_INVALIDATE tag=configure_radio_from_reset active_phy=2 configured=1 awake=0
DBG_DWM_MARK_UNCONFIGURED tag=initialise_radio prev_phy=0
DBG_WAKE_TRAIN_CONFIG_OK
DBG_WAKE_TRAIN_FIRST_SEND_BEGIN
DBG_WAKE_TRAIN_FIRST_SEND_OK
DBG_UWB_TX_CH5
DBG_TX_WAKE_CLAIM_SENT
DBG_UWB_TX_CH5
DBG_TX_WAKE_CLAIM_SENT
DBG_UWB_TX_CH5
DBG_TX_WAKE_CLAIM_SENT
DBG_UWB_TX_CH5
DBG_TX_WAKE_CLAIM_SENT
DBG_UWB_TX_CH5
DBG_TX_WAKE_CLAIM_SENT
DBG_UWB_TX_CH5
DBG_TX_WAKE_CLAIM_SENT
DBG_UWB_TX_CH5
DBG_TX_WAKE_CLAIM_SENT
DBG_UWB_TX_CH5
DBG_TX_WAKE_CLAIM_SENT
DBG_UWB_TX_CH5
DBG_TX_WAKE_CLAIM_SENT
DBG_UWB_TX_CH5
DBG_TX_WAKE_CLAIM_SENT
DBG_UWB_TX_CH5
DBG_TX_WAKE_CLAIM_SENT
DBG_UWB_TX_CH5
DBG_TX_WAKE_CLAIM_SENT
DBG_UWB_TX_CH5
DBG_TX_WAKE_CLAIM_SENT
DBG_UWB_TX_CH5
DBG_TX_WAKE_CLAIM_SENT
DBG_UWB_TX_CH5
DBG_TX_WAKE_CLAIM_SENT
DBG_UWB_TX_CH5
DBG_TX_WAKE_CLAIM_SENT
DBG_UWB_TX_CH5
DBG_TX_WAKE_CLAIM_SENT
DBG_UWB_TX_CH5
DBG_TX_WAKE_CLAIM_SENT
DBG_UWB_TX_CH5
DBG_TX_WAKE_CLAIM_SENT
DBG_UWB_TX_CH5
DBG_TX_WAKE_CLAIM_SENT
DBG_UWB_TX_CH5
DBG_TX_WAKE_CLAIM_SENT
DBG_UWB_TX_CH5
DBG_TX_WAKE_CLAIM_SENT
DBG_UWB_TX_CH5
DBG_TX_WAKE_CLAIM_SENT
DBG_UWB_TX_CH5
DBG_TX_WAKE_CLAIM_SENT
DBG_UWB_TX_CH5
DBG_TX_WAKE_CLAIM_SENT
DBG_UWB_TX_CH5
DBG_TX_WAKE_CLAIM_SENT
DBG_UWB_TX_CH5
DBG_TX_WAKE_CLAIM_SENT
DBG_UWB_TX_CH5
DBG_TX_WAKE_CLAIM_SENT
DBG_UWB_TX_CH5
DBG_TX_WAKE_CLAIM_SENT
DBG_UWB_TX_CH5
DBG_TX_WAKE_CLAIM_SENT
DBG_UWB_TX_CH5
DBG_TX_WAKE_CLAIM_SENT
DBG_UWB_TX_CH5
DBG_TX_WAKE_CLAIM_SENT
DBG_UWB_TX_CH5
DBG_TX_WAKE_CLAIM_SENT
DBG_UWB_TX_CH5
DBG_TX_WAKE_CLAIM_SENT
DBG_UWB_TX_CH5
DBG_TX_WAKE_CLAIM_SENT
DBG_UWB_TX_CH5
DBG_TX_WAKE_CLAIM_SENT
DBG_UWB_TX_CH5
DBG_TX_WAKE_CLAIM_SENT
DBG_UWB_TX_CH5
DBG_TX_WAKE_CLAIM_SENT
DBG_UWB_TX_CH5
DBG_TX_WAKE_CLAIM_SENT
DBG_UWB_TX_CH5
DBG_TX_WAKE_CLAIM_SENT
DBG_UWB_TX_CH5
DBG_TX_WAKE_CLAIM_SENT
DBG_UWB_TX_CH5
DBG_TX_WAKE_CLAIM_SENT
DBG_UWB_TX_CH5
DBG_TX_WAKE_CLAIM_SENT
DBG_UWB_TX_CH5
DBG_TX_WAKE_CLAIM_SENT
DBG_UWB_TX_CH5
DBG_TX_WAKE_CLAIM_SENT
DBG_UWB_TX_CH5
DBG_TX_WAKE_CLAIM_SENT
DBG_UWB_TX_CH5
DBG_TX_WAKE_CLAIM_SENT
DBG_UWB_TX_CH5
DBG_TX_WAKE_CLAIM_SENT
DBG_UWB_TX_CH5
DBG_TX_WAKE_CLAIM_SENT
DBG_UWB_TX_CH5
DBG_TX_WAKE_CLAIM_SENT
DBG_UWB_TX_CH5
DBG_TX_WAKE_CLAIM_SENT
DBG_UWB_TX_CH5
DBG_TX_WAKE_CLAIM_SENT
DBG_UWB_TX_CH5
DBG_TX_WAKE_CLAIM_SENT
DBG_UWB_TX_CH5
DBG_TX_WAKE_CLAIM_SENT
DBG_UWB_TX_CH5
DBG_TX_WAKE_CLAIM_SENT
DBG_UWB_TX_CH5
DBG_TX_WAKE_CLAIM_SENT
DBG_UWB_TX_CH5
DBG_TX_WAKE_CLAIM_SENT
DBG_UWB_TX_CH5
DBG_TX_WAKE_CLAIM_SENT
DBG_STACK_RUN_BEGIN epoch=6458762704145168284 run=40 kind=ble_backpressure owner=system_workqueue queue=1 custody=1 credit=0 retry=0 drain=1 src=11068027678940948070 dst=11068027678940948070 session=51904562 seq=50 type=86 sequence=0 previous=0 uptime=200855
DBG_STACK_SAMPLE_BEGIN epoch=6458762704145168284 run=40 sample=40 kind=ble_backpressure owner=system_workqueue queue=1 custody=1 credit=0 retry=0 drain=1 src=11068027678940948070 dst=11068027678940948070 session=51904562 seq=50 type=86 uptime=200856
DBG_STACK_ISR_CONFIG size=8192 run=40 sample=40
DBG_STACK name=BT RX WQ tid=0x2000fe28 used=760 free=776 size=1536 ret=0 run=40 sample=40
DBG_STACK name=mesh_route tid=0x2000d560 used=5904 free=2288 size=8192 ret=0 run=40 sample=40
DBG_STACK name=sysworkq tid=0x20010d80 used=2408 free=2072 size=4480 ret=0 run=40 sample=40
DBG_STACK name=MPSL Work tid=0x20010b38 used=376 free=648 size=1024 ret=0 run=40 sample=40
DBG_STACK name=logging tid=0x2000f930 used=480 free=1568 size=2048 ret=0 run=40 sample=40
DBG_STACK name=idle tid=0x20010c10 used=64 free=256 size=320 ret=0 run=40 sample=40
DBG_STACK_SAMPLE_END run=40 sample=40
DBG_STACK_RUN_END epoch=6458762704145168284 run=40 kind=ble_backpressure owner=system_workqueue outcome=ack queue=1 custody=0 credit=1 retry=0 drain=1 src=11068027678940948070 dst=11068027678940948070 session=51904562 seq=50 type=86 samples=1 sequence=0 previous=0 uptime=200882
DBG_DWM_MARK_UNCONFIGURED tag=initialise_radio prev_phy=0
DBG_DWM_INVALIDATE tag=configure_radio_from_reset active_phy=2 configured=1 awake=0
DBG_DWM_MARK_UNCONFIGURED tag=initialise_radio prev_phy=0
DBG_DWM_INVALIDATE tag=configure_radio_from_reset active_phy=2 configured=1 awake=0
DBG_DWM_MARK_UNCONFIGURED tag=initialise_radio prev_phy=0
DBG_DWM_WAKE_MESH_CTRL_OK sfd=4073
DBG_C5_TX_CONFIG ret=0 ext=1 len=178 msg=3c reason=bounded-c5-flood
DBG_UWB_TX_CH5
DBG_DWM_INVALIDATE tag=configure_radio_from_reset active_phy=4 configured=1 awake=0
DBG_DWM_MARK_UNCONFIGURED tag=initialise_radio prev_phy=0
DBG_DWM_WAKE_MESH_CTRL_OK sfd=4073
DBG_GATEWAY_RX_DECODE ch=5 msg=0x3c src=0x9999888877776666 dst=0x0 prev=0x708bc0aab970300e seq=4 flags=0x00 plen=125 q=100
DBG_UWB_RX_CH5
DBG_MESH_RX_QUEUED ch=5 msg=0x3c src=0x9999888877776666 dst=0x0 prev=0x708bc0aab970300e seq=4 q=1
DBG_ROUTE_ADV_QUEUED q=1 prev=0x708bc0aab970300e seq=4
DBG_MESH_RX_DEFERRED q=1 msg=0x3c
DBG_C5_FLOOD_DELAY_RX_YIELD queued=1 q=1 rem=40
DBG_GATEWAY_RX_START reason=gateway mesh restart active=1 qrx=1 qtx=0 adv_due=0
DBG_MESH_RX_WORK_WAIT q=1
DBG_MESH_RX_WORK_ENTER q=1
DBG_MESH_RX_DRAIN_ENTER owner=work q=1
DBG_MESH_RX_DRAIN_EXIT owner=work handled=0 q=0
DBG_MESH_RX_WORK_EXIT handled=0 q=0
DBG_COORD state=gateway-rx owner=uwb-rx reason=gateway-rx rx=0 tx=0 relay=0 route=0 ack=0 qack=0
DBG_GATEWAY_CH9_RX_CONT_CAP now=201042 win=9 adv_wait=9 due=201051
DBG_DWM_INVALIDATE tag=configure_radio_from_reset active_phy=4 configured=1 awake=1
DBG_DWM_MARK_UNCONFIGURED tag=initialise_radio prev_phy=0
DBG_GATEWAY_CH9_RX_CONT_ARM now=201068 rem=9 frames=0 errors=0
DBG_GATEWAY_CH9_RX_CONT_RESULT start=201068 end=201077 ret=-116 fail=0 status=0x02000000 len=0 frames=0
DBG_GATEWAY_CH9_RX_DONE_YIELD_ADV now=201078 due=201051
DBG_ROUTE_REFRESH_RX_HANDOFF_READY abort=0
DBG_COORD state=idle owner=c5-flood reason=idle rx=0 tx=0 relay=0 route=0 ack=0 qack=0
DBG_DWM_INVALIDATE tag=configure_radio_from_reset active_phy=3 configured=1 awake=1
DBG_DWM_MARK_UNCONFIGURED tag=initialise_radio prev_phy=0
DBG_DWM_INVALIDATE tag=configure_radio_from_reset active_phy=2 configured=1 awake=0
DBG_DWM_MARK_UNCONFIGURED tag=initialise_radio prev_phy=0
DBG_DWM_WAKE_MESH_CTRL_OK sfd=4073
DBG_C5_TX_CONFIG ret=0 ext=1 len=178 msg=3c reason=bounded-c5-flood
DBG_UWB_TX_CH5
DBG_DWM_INVALIDATE tag=configure_radio_from_reset active_phy=4 configured=1 awake=0
DBG_DWM_MARK_UNCONFIGURED tag=initialise_radio prev_phy=0
DBG_DWM_WAKE_MESH_CTRL_OK sfd=4073
DBG_DWM_INVALIDATE tag=configure_radio_from_reset active_phy=4 configured=1 awake=0
DBG_DWM_MARK_UNCONFIGURED tag=initialise_radio prev_phy=0
DBG_GATEWAY_RX_START reason=gateway mesh restart active=1 qrx=0 qtx=0 adv_due=0
DBG_COORD state=gateway-rx owner=uwb-rx reason=gateway-rx rx=0 tx=0 relay=0 route=0 ack=0 qack=0
DBG_GATEWAY_CH9_RX_CONT_CAP now=201227 win=9 adv_wait=9 due=201236
DBG_DWM_INVALIDATE tag=configure_radio_from_reset active_phy=2 configured=1 awake=1
DBG_DWM_MARK_UNCONFIGURED tag=initialise_radio prev_phy=0
DBG_GATEWAY_CH9_RX_CONT_ARM now=201253 rem=9 frames=0 errors=0
DBG_GATEWAY_CH9_RX_CONT_RESULT start=201253 end=201262 ret=-116 fail=0 status=0x02000000 len=0 frames=0
DBG_GATEWAY_CH9_RX_DONE_YIELD_ADV now=201263 due=201236
DBG_ROUTE_REFRESH_RX_HANDOFF_READY abort=0
DBG_COORD state=idle owner=c5-flood reason=idle rx=0 tx=0 relay=0 route=0 ack=0 qack=0
DBG_DWM_INVALIDATE tag=configure_radio_from_reset active_phy=3 configured=1 awake=1
DBG_DWM_MARK_UNCONFIGURED tag=initialise_radio prev_phy=0
DBG_DWM_INVALIDATE tag=configure_radio_from_reset active_phy=2 configured=1 awake=0
DBG_DWM_MARK_UNCONFIGURED tag=initialise_radio prev_phy=0
DBG_DWM_WAKE_MESH_CTRL_OK sfd=4073
DBG_C5_TX_CONFIG ret=0 ext=1 len=178 msg=3c reason=bounded-c5-flood
DBG_UWB_TX_CH5
DBG_DWM_INVALIDATE tag=configure_radio_from_reset active_phy=4 configured=1 awake=0
DBG_DWM_MARK_UNCONFIGURED tag=initialise_radio prev_phy=0
DBG_DWM_WAKE_MESH_CTRL_OK sfd=4073
DBG_GATEWAY_RX_DECODE ch=5 msg=0x3c src=0x9999888877776666 dst=0x0 prev=0x708bc0aab970300e seq=4 flags=0x00 plen=125 q=100
DBG_UWB_RX_CH5
DBG_MESH_RX_QUEUED ch=5 msg=0x3c src=0x9999888877776666 dst=0x0 prev=0x708bc0aab970300e seq=4 q=1
DBG_ROUTE_ADV_QUEUED q=1 prev=0x708bc0aab970300e seq=4
DBG_MESH_RX_DEFERRED q=1 msg=0x3c
DBG_C5_FLOOD_DELAY_RX_YIELD queued=1 q=1 rem=40
DBG_GATEWAY_RX_START reason=gateway mesh restart active=1 qrx=1 qtx=0 adv_due=0
DBG_MESH_RX_WORK_WAIT q=1
DBG_MESH_RX_WORK_ENTER q=1
DBG_MESH_RX_DRAIN_ENTER owner=work q=1
DBG_MESH_RX_DRAIN_EXIT owner=work handled=0 q=0
DBG_MESH_RX_WORK_EXIT handled=0 q=0
DBG_COORD state=gateway-rx owner=uwb-rx reason=gateway-rx rx=0 tx=0 relay=0 route=0 ack=0 qack=0
DBG_GATEWAY_CH9_RX_CONT_CAP now=201378 win=9 adv_wait=9 due=201387
DBG_DWM_INVALIDATE tag=configure_radio_from_reset active_phy=4 configured=1 awake=1
DBG_DWM_MARK_UNCONFIGURED tag=initialise_radio prev_phy=0
DBG_GATEWAY_CH9_RX_CONT_ARM now=201404 rem=9 frames=0 errors=0
DBG_GATEWAY_CH9_RX_CONT_RESULT start=201404 end=201414 ret=-116 fail=0 status=0x02000000 len=0 frames=0
DBG_GATEWAY_CH9_RX_DONE_YIELD_ADV now=201415 due=201387
DBG_ROUTE_REFRESH_RX_HANDOFF_READY abort=0
DBG_COORD state=idle owner=c5-flood reason=idle rx=0 tx=0 relay=0 route=0 ack=0 qack=0
DBG_DWM_INVALIDATE tag=configure_radio_from_reset active_phy=3 configured=1 awake=1
DBG_DWM_MARK_UNCONFIGURED tag=initialise_radio prev_phy=0
DBG_DWM_INVALIDATE tag=configure_radio_from_reset active_phy=2 configured=1 awake=0
DBG_DWM_MARK_UNCONFIGURED tag=initialise_radio prev_phy=0
DBG_DWM_WAKE_MESH_CTRL_OK sfd=4073
DBG_C5_TX_CONFIG ret=0 ext=1 len=178 msg=3c reason=bounded-c5-flood
DBG_UWB_TX_CH5
DBG_GATEWAY_RX_START reason=gateway mesh restart active=1 qrx=0 qtx=0 adv_due=0
DBG_STACK_RUN_BEGIN epoch=6458762704145168284 run=41 kind=ble_backpressure owner=system_workqueue queue=1 custody=1 credit=0 retry=0 drain=1 src=11068027678940948070 dst=11068027678940948070 session=51904564 seq=52 type=86 sequence=0 previous=0 uptime=201472
DBG_STACK_SAMPLE_BEGIN epoch=6458762704145168284 run=41 sample=41 kind=ble_backpressure owner=system_workqueue queue=1 custody=1 credit=0 retry=0 drain=1 src=11068027678940948070 dst=11068027678940948070 session=51904564 seq=52 type=86 uptime=201472
DBG_STACK_ISR_CONFIG size=8192 run=41 sample=41
DBG_STACK name=BT RX WQ tid=0x2000fe28 used=760 free=776 size=1536 ret=0 run=41 sample=41
DBG_STACK name=mesh_route tid=0x2000d560 used=5904 free=2288 size=8192 ret=0 run=41 sample=41
DBG_STACK name=sysworkq tid=0x20010d80 used=2408 free=2072 size=4480 ret=0 run=41 sample=41
DBG_STACK name=MPSL Work tid=0x20010b38 used=376 free=648 size=1024 ret=0 run=41 sample=41
DBG_STACK name=logging tid=0x2000f930 used=480 free=1568 size=2048 ret=0 run=41 sample=41
DBG_STACK name=idle tid=0x20010c10 used=64 free=256 size=320 ret=0 run=41 sample=41
DBG_STACK_SAMPLE_END run=41 sample=41
DBG_STACK_RUN_END epoch=6458762704145168284 run=41 kind=ble_backpressure owner=system_workqueue outcome=ack queue=1 custody=0 credit=1 retry=0 drain=1 src=11068027678940948070 dst=11068027678940948070 session=51904564 seq=52 type=86 samples=1 sequence=0 previous=0 uptime=201499
DBG_GATEWAY_CH9_RX_CONT_ARM now=201502 rem=500 frames=0 errors=0
DBG_GATEWAY_CH9_RX_CONT_RESULT start=201502 end=202002 ret=-116 fail=0 status=0x02000000 len=0 frames=0
DBG_GATEWAY_CH9_RX_CONT_CAP now=202004 win=944 adv_wait=944 due=202948
DBG_GATEWAY_CH9_RX_CONT_ARM now=202004 rem=500 frames=0 errors=0
DBG_GATEWAY_CH9_RX_CONT_RESULT start=202004 end=202505 ret=-116 fail=0 status=0x00000000 len=0 frames=0
DBG_GATEWAY_CH9_RX_CONT_CAP now=202507 win=441 adv_wait=441 due=202948
DBG_GATEWAY_CH9_RX_CONT_ARM now=202507 rem=441 frames=0 errors=0
DBG_GATEWAY_CH9_RX_CONT_RESULT start=202507 end=202949 ret=-116 fail=0 status=0x00000000 len=0 frames=0
DBG_GATEWAY_CH9_RX_DONE_YIELD_ADV now=202950 due=202948
DBG_STACK_RUN_BEGIN epoch=6458762704145168284 run=42 kind=ble_backpressure owner=system_workqueue queue=1 custody=1 credit=0 retry=0 drain=1 src=11068027678940948070 dst=11068027678940948070 session=3893325218 seq=28066 type=65 sequence=0 previous=0 uptime=202950
DBG_STACK_SAMPLE_BEGIN epoch=6458762704145168284 run=42 sample=42 kind=ble_backpressure owner=system_workqueue queue=1 custody=1 credit=0 retry=0 drain=1 src=11068027678940948070 dst=11068027678940948070 session=3893325218 seq=28066 type=65 uptime=202950
DBG_STACK_ISR_CONFIG size=8192 run=42 sample=42
DBG_STACK name=BT RX WQ tid=0x2000fe28 used=760 free=776 size=1536 ret=0 run=42 sample=42
DBG_STACK name=mesh_route tid=0x2000d560 used=5904 free=2288 size=8192 ret=0 run=42 sample=42
DBG_STACK name=sysworkq tid=0x20010d80 used=2408 free=2072 size=4480 ret=0 run=42 sample=42
DBG_STACK name=MPSL Work tid=0x20010b38 used=376 free=648 size=1024 ret=0 run=42 sample=42
DBG_STACK name=logging tid=0x2000f930 used=480 free=1568 size=2048 ret=0 run=42 sample=42
DBG_STACK name=idle tid=0x20010c10 used=64 free=256 size=320 ret=0 run=42 sample=42
DBG_STACK_SAMPLE_END run=42 sample=42
DBG_STACK_RUN_END epoch=6458762704145168284 run=42 kind=ble_backpressure owner=system_workqueue outcome=ack queue=2 custody=0 credit=1 retry=0 drain=2 src=11068027678940948070 dst=11068027678940948070 session=3893325218 seq=28066 type=65 samples=1 sequence=0 previous=0 uptime=202978
DBG_STACK_RUN_BEGIN epoch=6458762704145168284 run=43 kind=ble_backpressure owner=system_workqueue queue=1 custody=1 credit=0 retry=0 drain=1 src=11068027678940948070 dst=11068027678940948070 session=51904565 seq=53 type=86 sequence=0 previous=0 uptime=203420
DBG_STACK_SAMPLE_BEGIN epoch=6458762704145168284 run=43 sample=43 kind=ble_backpressure owner=system_workqueue queue=1 custody=1 credit=0 retry=0 drain=1 src=11068027678940948070 dst=11068027678940948070 session=51904565 seq=53 type=86 uptime=203420
DBG_STACK_ISR_CONFIG size=8192 run=43 sample=43
DBG_STACK name=BT RX WQ tid=0x2000fe28 used=760 free=776 size=1536 ret=0 run=43 sample=43
DBG_STACK name=mesh_route tid=0x2000d560 used=5904 free=2288 size=8192 ret=0 run=43 sample=43
DBG_STACK name=sysworkq tid=0x20010d80 used=2408 free=2072 size=4480 ret=0 run=43 sample=43
DBG_STACK name=MPSL Work tid=0x20010b38 used=376 free=648 size=1024 ret=0 run=43 sample=43
DBG_STACK name=logging tid=0x2000f930 used=480 free=1568 size=2048 ret=0 run=43 sample=43
DBG_STACK name=idle tid=0x20010c10 used=64 free=256 size=320 ret=0 run=43 sample=43
DBG_STACK_SAMPLE_END run=43 sample=43
DBG_STACK_RUN_END epoch=6458762704145168284 run=43 kind=ble_backpressure owner=system_workqueue outcome=ack queue=1 custody=0 credit=1 retry=0 drain=1 src=11068027678940948070 dst=11068027678940948070 session=51904565 seq=53 type=86 samples=1 sequence=0 previous=0 uptime=203439
DBG_GATEWAY_CH9_RX_CONT_RESULT start=202960 end=203461 ret=-116 fail=0 status=0x00000000 len=0 frames=0
DBG_GATEWAY_CH9_RX_CONT_ARM now=203463 rem=500 frames=0 errors=0
DBG_GATEWAY_CH9_RX_CONT_RESULT start=203463 end=203964 ret=-116 fail=0 status=0x00000000 len=0 frames=0
DBG_GATEWAY_CH9_RX_CONT_ARM now=203966 rem=500 frames=0 errors=0
DBG_GATEWAY_COMMAND_PRIORITY_SUBMIT ret=0 now=204320
DBG_STACK_RUN_BEGIN epoch=6458762704145168284 run=44 kind=ble_backpressure owner=system_workqueue queue=1 custody=1 credit=0 retry=0 drain=1 src=11068027678940948070 dst=11068027678940948070 session=51904566 seq=54 type=86 sequence=0 previous=0 uptime=204320
DBG_STACK_SAMPLE_BEGIN epoch=6458762704145168284 run=44 sample=44 kind=ble_backpressure owner=system_workqueue queue=1 custody=1 credit=0 retry=0 drain=1 src=11068027678940948070 dst=11068027678940948070 session=51904566 seq=54 type=86 uptime=204321
DBG_STACK_ISR_CONFIG size=8192 run=44 sample=44
DBG_STACK name=BT RX WQ tid=0x2000fe28 used=760 free=776 size=1536 ret=0 run=44 sample=44
DBG_STACK name=mesh_route tid=0x2000d560 used=5904 free=2288 size=8192 ret=0 run=44 sample=44
DBG_STACK name=sysworkq tid=0x20010d80 used=2408 free=2072 size=4480 ret=0 run=44 sample=44
DBG_STACK name=MPSL Work tid=0x20010b38 used=376 free=648 size=1024 ret=0 run=44 sample=44
DBG_STACK name=logging tid=0x2000f930 used=480 free=1568 size=2048 ret=0 run=44 sample=44
DBG_STACK name=idle tid=0x20010c10 used=64 free=256 size=320 ret=0 run=44 sample=44
DBG_STACK_SAMPLE_END run=44 sample=44
DBG_STACK_RUN_END epoch=6458762704145168284 run=44 kind=ble_backpressure owner=system_workqueue outcome=ack queue=3 custody=0 credit=1 retry=0 drain=3 src=11068027678940948070 dst=11068027678940948070 session=51904566 seq=54 type=86 samples=1 sequence=0 previous=0 uptime=204333
DBG_STACK_RUN_BEGIN epoch=6458762704145168284 run=45 kind=ble_backpressure owner=system_workqueue queue=2 custody=2 credit=0 retry=0 drain=2 src=11068027678940948070 dst=11068027678940948070 session=51904567 seq=55 type=86 sequence=0 previous=0 uptime=204815
DBG_STACK_SAMPLE_BEGIN epoch=6458762704145168284 run=45 sample=45 kind=ble_backpressure owner=system_workqueue queue=2 custody=2 credit=0 retry=0 drain=2 src=11068027678940948070 dst=11068027678940948070 session=51904567 seq=55 type=86 uptime=204816
DBG_STACK_ISR_CONFIG size=8192 run=45 sample=45
DBG_STACK name=BT RX WQ tid=0x2000fe28 used=760 free=776 size=1536 ret=0 run=45 sample=45
DBG_STACK name=mesh_route tid=0x2000d560 used=5904 free=2288 size=8192 ret=0 run=45 sample=45
DBG_STACK name=sysworkq tid=0x20010d80 used=2408 free=2072 size=4480 ret=0 run=45 sample=45
DBG_STACK name=MPSL Work tid=0x20010b38 used=376 free=648 size=1024 ret=0 run=45 sample=45
DBG_STACK name=logging tid=0x2000f930 used=480 free=1568 size=2048 ret=0 run=45 sample=45
DBG_STACK name=idle tid=0x20010c10 used=64 free=256 size=320 ret=0 run=45 sample=45
DBG_STACK_SAMPLE_END run=45 sample=45
DBG_STACK_RUN_END epoch=6458762704145168284 run=45 kind=ble_backpressure owner=system_workqueue outcome=ack queue=2 custody=0 credit=1 retry=0 drain=2 src=11068027678940948070 dst=11068027678940948070 session=51904567 seq=55 type=86 samples=1 sequence=0 previous=0 uptime=204836
DBG_GATEWAY_CH9_RX_CONT_RESULT start=204832 end=204837 ret=-140 fail=0 status=0x00000000 len=0 frames=0
DBG_GATEWAY_CH9_RX_COMMAND_PREEMPT now=204837 rem=500 frames=0
DBG_GATEWAY_CH9_RX_CONT_DONE ret=-140 len=0 fail=0 recover=0
DBG_NODE_COMM_TX_BEGIN handle=7 profile=0 msg=64 dst=0x0 seq=7
DBG_CONTROL_RX_HANDOFF_READY abort=0
DBG_DWM_MARK_UNCONFIGURED tag=initialise_radio prev_phy=0
DBG_WAKE_TRAIN_CONFIG_BEGIN
DBG_DWM_INVALIDATE tag=configure_radio_from_reset active_phy=2 configured=1 awake=0
DBG_DWM_MARK_UNCONFIGURED tag=initialise_radio prev_phy=0
DBG_WAKE_TRAIN_CONFIG_OK
DBG_WAKE_TRAIN_FIRST_SEND_BEGIN
DBG_WAKE_TRAIN_FIRST_SEND_OK
DBG_UWB_TX_CH5
DBG_TX_WAKE_CLAIM_SENT
DBG_UWB_TX_CH5
DBG_TX_WAKE_CLAIM_SENT
DBG_UWB_TX_CH5
DBG_TX_WAKE_CLAIM_SENT
DBG_UWB_TX_CH5
DBG_TX_WAKE_CLAIM_SENT
DBG_UWB_TX_CH5
DBG_TX_WAKE_CLAIM_SENT
DBG_UWB_TX_CH5
DBG_TX_WAKE_CLAIM_SENT
DBG_UWB_TX_CH5
DBG_TX_WAKE_CLAIM_SENT
DBG_UWB_TX_CH5
DBG_TX_WAKE_CLAIM_SENT
DBG_UWB_TX_CH5
DBG_TX_WAKE_CLAIM_SENT
DBG_UWB_TX_CH5
DBG_TX_WAKE_CLAIM_SENT
DBG_UWB_TX_CH5
DBG_TX_WAKE_CLAIM_SENT
DBG_UWB_TX_CH5
DBG_TX_WAKE_CLAIM_SENT
DBG_UWB_TX_CH5
DBG_TX_WAKE_CLAIM_SENT
DBG_UWB_TX_CH5
DBG_TX_WAKE_CLAIM_SENT
DBG_UWB_TX_CH5
DBG_TX_WAKE_CLAIM_SENT
DBG_UWB_TX_CH5
DBG_TX_WAKE_CLAIM_SENT
DBG_UWB_TX_CH5
DBG_TX_WAKE_CLAIM_SENT
DBG_UWB_TX_CH5
DBG_TX_WAKE_CLAIM_SENT
DBG_UWB_TX_CH5
DBG_TX_WAKE_CLAIM_SENT
DBG_UWB_TX_CH5
DBG_TX_WAKE_CLAIM_SENT
DBG_UWB_TX_CH5
DBG_TX_WAKE_CLAIM_SENT
DBG_UWB_TX_CH5
DBG_TX_WAKE_CLAIM_SENT
DBG_UWB_TX_CH5
DBG_TX_WAKE_CLAIM_SENT
DBG_UWB_TX_CH5
DBG_TX_WAKE_CLAIM_SENT
DBG_UWB_TX_CH5
DBG_TX_WAKE_CLAIM_SENT
DBG_UWB_TX_CH5
DBG_TX_WAKE_CLAIM_SENT
DBG_UWB_TX_CH5
DBG_TX_WAKE_CLAIM_SENT
DBG_UWB_TX_CH5
DBG_TX_WAKE_CLAIM_SENT
DBG_UWB_TX_CH5
DBG_TX_WAKE_CLAIM_SENT
DBG_UWB_TX_CH5
DBG_TX_WAKE_CLAIM_SENT
DBG_UWB_TX_CH5
DBG_TX_WAKE_CLAIM_SENT
DBG_UWB_TX_CH5
DBG_TX_WAKE_CLAIM_SENT
DBG_UWB_TX_CH5
DBG_TX_WAKE_CLAIM_SENT
DBG_UWB_TX_CH5
DBG_TX_WAKE_CLAIM_SENT
DBG_UWB_TX_CH5
DBG_TX_WAKE_CLAIM_SENT
DBG_UWB_TX_CH5
DBG_TX_WAKE_CLAIM_SENT
DBG_UWB_TX_CH5
DBG_TX_WAKE_CLAIM_SENT
DBG_UWB_TX_CH5
DBG_TX_WAKE_CLAIM_SENT
DBG_UWB_TX_CH5
DBG_TX_WAKE_CLAIM_SENT
DBG_UWB_TX_CH5
DBG_TX_WAKE_CLAIM_SENT
DBG_UWB_TX_CH5
DBG_TX_WAKE_CLAIM_SENT
DBG_UWB_TX_CH5
DBG_TX_WAKE_CLAIM_SENT
DBG_UWB_TX_CH5
DBG_TX_WAKE_CLAIM_SENT
DBG_UWB_TX_CH5
DBG_TX_WAKE_CLAIM_SENT
DBG_UWB_TX_CH5
DBG_TX_WAKE_CLAIM_SENT
DBG_UWB_TX_CH5
DBG_TX_WAKE_CLAIM_SENT
DBG_UWB_TX_CH5
DBG_TX_WAKE_CLAIM_SENT
DBG_UWB_TX_CH5
DBG_TX_WAKE_CLAIM_SENT
DBG_UWB_TX_CH5
DBG_TX_WAKE_CLAIM_SENT
DBG_UWB_TX_CH5
DBG_TX_WAKE_CLAIM_SENT
DBG_UWB_TX_CH5
DBG_TX_WAKE_CLAIM_SENT
DBG_UWB_TX_CH5
DBG_TX_WAKE_CLAIM_SENT
DBG_UWB_TX_CH5
DBG_TX_WAKE_CLAIM_SENT
DBG_STACK_RUN_BEGIN epoch=6458762704145168284 run=46 kind=ble_backpressure owner=system_workqueue queue=1 custody=1 credit=0 retry=0 drain=1 src=11068027678940948070 dst=11068027678940948070 session=51904569 seq=57 type=86 sequence=0 previous=0 uptime=205265
DBG_STACK_SAMPLE_BEGIN epoch=6458762704145168284 run=46 sample=46 kind=ble_backpressure owner=system_workqueue queue=1 custody=1 credit=0 retry=0 drain=1 src=11068027678940948070 dst=11068027678940948070 session=51904569 seq=57 type=86 uptime=205266
DBG_STACK_ISR_CONFIG size=8192 run=46 sample=46
DBG_STACK name=BT RX WQ tid=0x2000fe28 used=760 free=776 size=1536 ret=0 run=46 sample=46
DBG_STACK name=mesh_route tid=0x2000d560 used=5904 free=2288 size=8192 ret=0 run=46 sample=46
DBG_STACK name=sysworkq tid=0x20010d80 used=2408 free=2072 size=4480 ret=0 run=46 sample=46
DBG_STACK name=MPSL Work tid=0x20010b38 used=376 free=648 size=1024 ret=0 run=46 sample=46
DBG_STACK name=logging tid=0x2000f930 used=480 free=1568 size=2048 ret=0 run=46 sample=46
DBG_STACK name=idle tid=0x20010c10 used=64 free=256 size=320 ret=0 run=46 sample=46
DBG_STACK_SAMPLE_END run=46 sample=46
DBG_STACK_RUN_END epoch=6458762704145168284 run=46 kind=ble_backpressure owner=system_workqueue outcome=ack queue=1 custody=0 credit=1 retry=0 drain=1 src=11068027678940948070 dst=11068027678940948070 session=51904569 seq=57 type=86 samples=1 sequence=0 previous=0 uptime=205286
DBG_UWB_TX_CH5
DBG_TX_WAKE_CLAIM_SENT
DBG_UWB_TX_CH5
DBG_TX_WAKE_CLAIM_SENT
DBG_UWB_TX_CH5
DBG_TX_WAKE_CLAIM_SENT
DBG_UWB_TX_CH5
DBG_TX_WAKE_CLAIM_SENT
DBG_UWB_TX_CH5
DBG_TX_WAKE_CLAIM_SENT
DBG_UWB_TX_CH5
DBG_TX_WAKE_CLAIM_SENT
DBG_UWB_TX_CH5
DBG_TX_WAKE_CLAIM_SENT
DBG_UWB_TX_CH5
DBG_TX_WAKE_CLAIM_SENT
DBG_UWB_TX_CH5
DBG_TX_WAKE_CLAIM_SENT
DBG_UWB_TX_CH5
DBG_TX_WAKE_CLAIM_SENT
DBG_UWB_TX_CH5
DBG_TX_WAKE_CLAIM_SENT
DBG_UWB_TX_CH5
DBG_TX_WAKE_CLAIM_SENT
DBG_UWB_TX_CH5
DBG_TX_WAKE_CLAIM_SENT
DBG_UWB_TX_CH5
DBG_TX_WAKE_CLAIM_SENT
DBG_UWB_TX_CH5
DBG_TX_WAKE_CLAIM_SENT
DBG_UWB_TX_CH5
DBG_TX_WAKE_CLAIM_SENT
DBG_UWB_TX_CH5
DBG_TX_WAKE_CLAIM_SENT
DBG_UWB_TX_CH5
DBG_TX_WAKE_CLAIM_SENT
DBG_UWB_TX_CH5
DBG_TX_WAKE_CLAIM_SENT
DBG_UWB_TX_CH5
DBG_TX_WAKE_CLAIM_SENT
DBG_UWB_TX_CH5
DBG_TX_WAKE_CLAIM_SENT
DBG_UWB_TX_CH5
DBG_TX_WAKE_CLAIM_SENT
DBG_UWB_TX_CH5
DBG_TX_WAKE_CLAIM_SENT
DBG_UWB_TX_CH5
DBG_TX_WAKE_CLAIM_SENT
DBG_UWB_TX_CH5
DBG_TX_WAKE_CLAIM_SENT
DBG_UWB_TX_CH5
DBG_TX_WAKE_CLAIM_SENT
DBG_UWB_TX_CH5
DBG_TX_WAKE_CLAIM_SENT
DBG_UWB_TX_CH5
DBG_TX_WAKE_CLAIM_SENT
DBG_UWB_TX_CH5
DBG_TX_WAKE_CLAIM_SENT
DBG_UWB_TX_CH5
DBG_TX_WAKE_CLAIM_SENT
DBG_UWB_TX_CH5
DBG_TX_WAKE_CLAIM_SENT
DBG_UWB_TX_CH5
DBG_TX_WAKE_CLAIM_SENT
DBG_UWB_TX_CH5
DBG_TX_WAKE_CLAIM_SENT
DBG_UWB_TX_CH5
DBG_TX_WAKE_CLAIM_SENT
DBG_UWB_TX_CH5
DBG_TX_WAKE_CLAIM_SENT
DBG_UWB_TX_CH5
DBG_TX_WAKE_CLAIM_SENT
DBG_UWB_TX_CH5
DBG_TX_WAKE_CLAIM_SENT
DBG_UWB_TX_CH5
DBG_TX_WAKE_CLAIM_SENT
DBG_UWB_TX_CH5
DBG_TX_WAKE_CLAIM_SENT
DBG_UWB_TX_CH5
DBG_TX_WAKE_CLAIM_SENT
DBG_UWB_TX_CH5
DBG_TX_WAKE_CLAIM_SENT
DBG_UWB_TX_CH5
DBG_TX_WAKE_CLAIM_SENT
DBG_UWB_TX_CH5
DBG_TX_WAKE_CLAIM_SENT
DBG_UWB_TX_CH5
DBG_TX_WAKE_CLAIM_SENT
DBG_UWB_TX_CH5
DBG_TX_WAKE_CLAIM_SENT
DBG_UWB_TX_CH5
DBG_TX_WAKE_CLAIM_SENT
DBG_UWB_TX_CH5
DBG_TX_WAKE_CLAIM_SENT
DBG_UWB_TX_CH5
DBG_TX_WAKE_CLAIM_SENT
DBG_UWB_TX_CH5
DBG_TX_WAKE_CLAIM_SENT
DBG_UWB_TX_CH5
DBG_TX_WAKE_CLAIM_SENT
DBG_UWB_TX_CH5
DBG_TX_WAKE_CLAIM_SENT
DBG_UWB_TX_CH5
DBG_TX_WAKE_CLAIM_SENT
DBG_UWB_TX_CH5
DBG_TX_WAKE_CLAIM_SENT
DBG_UWB_TX_CH5
DBG_TX_WAKE_CLAIM_SENT
DBG_UWB_TX_CH5
DBG_TX_WAKE_CLAIM_SENT
DBG_UWB_TX_CH5
DBG_TX_WAKE_CLAIM_SENT
DBG_UWB_TX_CH5
DBG_TX_WAKE_CLAIM_SENT
DBG_UWB_TX_CH5
DBG_TX_WAKE_CLAIM_SENT
DBG_UWB_TX_CH5
DBG_TX_WAKE_CLAIM_SENT
DBG_UWB_TX_CH5
DBG_TX_WAKE_CLAIM_SENT
DBG_UWB_TX_CH5
DBG_TX_WAKE_CLAIM_SENT
DBG_UWB_TX_CH5
DBG_TX_WAKE_CLAIM_SENT
DBG_UWB_TX_CH5
DBG_TX_WAKE_CLAIM_SENT
DBG_UWB_TX_CH5
DBG_TX_WAKE_CLAIM_SENT
DBG_UWB_TX_CH5
DBG_TX_WAKE_CLAIM_SENT
DBG_UWB_TX_CH5
DBG_TX_WAKE_CLAIM_SENT
DBG_UWB_TX_CH5
DBG_TX_WAKE_CLAIM_SENT
DBG_UWB_TX_CH5
DBG_TX_WAKE_CLAIM_SENT
DBG_UWB_TX_CH5
DBG_TX_WAKE_CLAIM_SENT
DBG_UWB_TX_CH5
DBG_TX_WAKE_CLAIM_SENT
DBG_UWB_TX_CH5
DBG_TX_WAKE_CLAIM_SENT
DBG_UWB_TX_CH5
DBG_TX_WAKE_CLAIM_SENT
DBG_UWB_TX_CH5
DBG_TX_WAKE_CLAIM_SENT
DBG_UWB_TX_CH5
DBG_TX_WAKE_CLAIM_SENT
DBG_UWB_TX_CH5
DBG_TX_WAKE_CLAIM_SENT
DBG_UWB_TX_CH5
DBG_TX_WAKE_CLAIM_SENT
DBG_UWB_TX_CH5
DBG_TX_WAKE_CLAIM_SENT
DBG_UWB_TX_CH5
DBG_TX_WAKE_CLAIM_SENT
DBG_UWB_TX_CH5
DBG_TX_WAKE_CLAIM_SENT
DBG_UWB_TX_CH5
DBG_TX_WAKE_CLAIM_SENT
DBG_UWB_TX_CH5
DBG_TX_WAKE_CLAIM_SENT
DBG_UWB_TX_CH5
DBG_TX_WAKE_CLAIM_SENT
DBG_UWB_TX_CH5
DBG_TX_WAKE_CLAIM_SENT
DBG_UWB_TX_CH5
DBG_TX_WAKE_CLAIM_SENT
DBG_UWB_TX_CH5
DBG_TX_WAKE_CLAIM_SENT
DBG_UWB_TX_CH5
DBG_TX_WAKE_CLAIM_SENT
DBG_UWB_TX_CH5
DBG_TX_WAKE_CLAIM_SENT
DBG_UWB_TX_CH5
DBG_TX_WAKE_CLAIM_SENT
DBG_UWB_TX_CH5
DBG_TX_WAKE_CLAIM_SENT
DBG_UWB_TX_CH5
DBG_TX_WAKE_CLAIM_SENT
DBG_UWB_TX_CH5
DBG_TX_WAKE_CLAIM_SENT
DBG_UWB_TX_CH5
DBG_TX_WAKE_CLAIM_SENT
DBG_DWM_INVALIDATE tag=configure_radio_from_reset active_phy=2 configured=1 awake=1
DBG_DWM_MARK_UNCONFIGURED tag=initialise_radio prev_phy=0
DBG_C5_CONTROL_FOLLOWUP_TURNAROUND delay=60 msg=40 reason=node-comm-bounded-control-flood
DBG_DWM_INVALIDATE tag=configure_radio_from_reset active_phy=2 configured=1 awake=0
DBG_DWM_MARK_UNCONFIGURED tag=initialise_radio prev_phy=0
DBG_DWM_INVALIDATE tag=configure_radio_from_reset active_phy=2 configured=1 awake=0
DBG_DWM_MARK_UNCONFIGURED tag=initialise_radio prev_phy=0
DBG_DWM_WAKE_MESH_CTRL_OK sfd=4073
DBG_C5_TX_CONFIG ret=0 ext=1 len=136 msg=40 reason=bounded-c5-flood
DBG_UWB_TX_CH5
DBG_NC o=0000000000000007 g=00000007 w=00 e=00000022 s=00000005 q=0004>0005 r=00000000 f=00000001 t=00000000 p=00000000 a=00
DBG_NC o=0000000000000007 g=00000007 w=00 e=00000042 s=00000005 q=0005>0006 r=00000000 f=00000001 t=00000000 p=00000000 a=00
DBG_NODE_COMM_ATTEMPT handle=7 profile=0 attempt=1 ret=0 rf=1 scheduled=0 state=0
DBG_GATEWAY_RX_START reason=gateway mesh restart active=1 qrx=0 qtx=0 adv_due=0
DBG_ENUM_RF_BEGIN kind=1 handle=7 attempt=1 tries=1
DBG_STACK_RUN_BEGIN epoch=6458762704145168284 run=47 kind=ble_backpressure owner=system_workqueue queue=1 custody=1 credit=0 retry=0 drain=1 src=11068027678940948070 dst=11068027678940948070 session=51904571 seq=59 type=86 sequence=0 previous=0 uptime=206065
DBG_STACK_SAMPLE_BEGIN epoch=6458762704145168284 run=47 sample=47 kind=ble_backpressure owner=system_workqueue queue=1 custody=1 credit=0 retry=0 drain=1 src=11068027678940948070 dst=11068027678940948070 session=51904571 seq=59 type=86 uptime=206066
DBG_STACK_ISR_CONFIG size=8192 run=47 sample=47
DBG_STACK name=BT RX WQ tid=0x2000fe28 used=760 free=776 size=1536 ret=0 run=47 sample=47
DBG_STACK name=mesh_route tid=0x2000d560 used=5904 free=2288 size=8192 ret=0 run=47 sample=47
DBG_STACK name=sysworkq tid=0x20010d80 used=2408 free=2072 size=4480 ret=0 run=47 sample=47
DBG_STACK name=MPSL Work tid=0x20010b38 used=376 free=648 size=1024 ret=0 run=47 sample=47
DBG_STACK name=logging tid=0x2000f930 used=480 free=1568 size=2048 ret=0 run=47 sample=47
DBG_STACK name=idle tid=0x20010c10 used=64 free=256 size=320 ret=0 run=47 sample=47
DBG_STACK_SAMPLE_END run=47 sample=47
DBG_STACK_RUN_END epoch=6458762704145168284 run=47 kind=ble_backpressure owner=system_workqueue outcome=ack queue=1 custody=0 credit=1 retry=0 drain=1 src=11068027678940948070 dst=11068027678940948070 session=51904571 seq=59 type=86 samples=1 sequence=0 previous=0 uptime=206093
DBG_GATEWAY_CH9_RX_CONT_ARM now=206093 rem=500 frames=0 errors=0
DBG_GATEWAY_CH9_RX_COMMAND_PREEMPT now=206103 rem=500 frames=0
DBG_GATEWAY_CH9_RX_CONT_DONE ret=-140 len=0 fail=0 recover=0
DBG_NC o=0000000000000007 g=00000007 w=00 e=00000023 s=00000005 q=0006>0004 r=00000000 f=00000024 t=00000000 p=00000000 a=00
DBG_NODE_COMM_TX_BEGIN handle=7 profile=0 msg=64 dst=0x0 seq=7
DBG_CONTROL_RX_HANDOFF_READY abort=0
DBG_COORD state=idle owner=c5-flood reason=idle rx=0 tx=0 relay=0 route=0 ack=0 qack=0
DBG_DWM_MARK_UNCONFIGURED tag=initialise_radio prev_phy=0
DBG_DWM_INVALIDATE tag=configure_radio_from_reset active_phy=2 configured=1 awake=0
DBG_DWM_MARK_UNCONFIGURED tag=initialise_radio prev_phy=0
DBG_DWM_WAKE_MESH_CTRL_OK sfd=4073
DBG_C5_TX_CONFIG ret=0 ext=1 len=136 msg=40 reason=bounded-c5-flood
DBG_UWB_TX_CH5
DBG_NC o=0000000000000007 g=00000007 w=00 e=00000022 s=00000005 q=0004>0005 r=00000000 f=00000001 t=00000000 p=00000000 a=00
DBG_NC o=0000000000000007 g=00000007 w=00 e=00000042 s=00000005 q=0005>0006 r=00000000 f=00000001 t=00000000 p=00000000 a=00
DBG_NODE_COMM_ATTEMPT handle=7 profile=0 attempt=2 ret=0 rf=1 scheduled=0 state=0
DBG_GATEWAY_RX_START reason=gateway mesh restart active=1 qrx=0 qtx=0 adv_due=0
DBG_COORD state=gateway-rx owner=uwb-rx reason=gateway-rx rx=0 tx=0 relay=0 route=0 ack=0 qack=0
DBG_DWM_INVALIDATE tag=configure_radio_from_reset active_phy=4 configured=1 awake=1
DBG_DWM_MARK_UNCONFIGURED tag=initialise_radio prev_phy=0
DBG_GATEWAY_CH9_RX_CONT_ARM now=206187 rem=499 frames=0 errors=0
DBG_GATEWAY_CH9_RX_CONT_RESULT start=206187 end=206199 ret=-140 fail=0 status=0x02000000 len=0 frames=0
DBG_GATEWAY_CH9_RX_COMMAND_PREEMPT now=206200 rem=499 frames=0
DBG_GATEWAY_CH9_RX_CONT_DONE ret=-140 len=0 fail=0 recover=0
DBG_NC o=0000000000000007 g=00000007 w=00 e=00000023 s=00000005 q=0006>0004 r=00000000 f=00000024 t=00000000 p=00000000 a=00
DBG_NODE_COMM_TX_BEGIN handle=7 profile=0 msg=64 dst=0x0 seq=7
DBG_CONTROL_RX_HANDOFF_READY abort=0
DBG_COORD state=idle owner=c5-flood reason=idle rx=0 tx=0 relay=0 route=0 ack=0 qack=0
DBG_DWM_INVALIDATE tag=configure_radio_from_reset active_phy=3 configured=1 awake=1
DBG_DWM_MARK_UNCONFIGURED tag=initialise_radio prev_phy=0
DBG_DWM_INVALIDATE tag=configure_radio_from_reset active_phy=2 configured=1 awake=0
DBG_DWM_MARK_UNCONFIGURED tag=initialise_radio prev_phy=0
DBG_DWM_WAKE_MESH_CTRL_OK sfd=4073
DBG_C5_TX_CONFIG ret=0 ext=1 len=136 msg=40 reason=bounded-c5-flood
DBG_UWB_TX_CH5
DBG_NC o=0000000000000007 g=00000007 w=00 e=00000022 s=00000005 q=0004>0005 r=00000000 f=00000001 t=00000000 p=00000000 a=00
DBG_NC o=0000000000000007 g=00000007 w=00 e=00000041 s=00000005 q=0005>0008 r=00000000 f=00000026 t=00000000 p=00000001 a=03
DBG_NODE_COMM_ATTEMPT handle=7 profile=0 attempt=3 ret=0 rf=1 scheduled=0 state=0
DBG_GATEWAY_RX_START reason=gateway mesh restart active=1 qrx=0 qtx=0 adv_due=0
DBG_ENUM_RF_RESULT kind=1 handle=7 success=1 reason=0 tries=3
DBG_ENUM_COMPACT_GATEWAY_SCHEDULE now=206258 start=208331 deadline=209456 wait=3198
DBG_GATEWAY_RX_START reason=compact-enumeration active=1 qrx=0 qtx=0 adv_due=0
DBG_COORD state=gateway-rx owner=uwb-rx reason=gateway-rx rx=0 tx=0 relay=0 route=0 ack=0 qack=0
DBG_DWM_INVALIDATE tag=configure_radio_from_reset active_phy=4 configured=1 awake=1
DBG_DWM_MARK_UNCONFIGURED tag=initialise_radio prev_phy=0
DBG_GATEWAY_CH9_RX_CONT_ARM now=206285 rem=500 frames=0 errors=0
DBG_GATEWAY_CH9_RX_CONT_RESULT start=206285 end=206785 ret=-116 fail=0 status=0x02000000 len=0 frames=0
DBG_GATEWAY_CH9_RX_CONT_ARM now=206787 rem=500 frames=0 errors=0
DBG_GATEWAY_CH9_RX_CONT_RESULT start=206787 end=207288 ret=-116 fail=0 status=0x00000000 len=0 frames=0
DBG_GATEWAY_CH9_RX_CONT_ARM now=207290 rem=500 frames=0 errors=0
DBG_GATEWAY_CH9_RX_CONT_RESULT start=207290 end=207791 ret=-116 fail=0 status=0x00000000 len=0 frames=0
DBG_GATEWAY_CH9_RX_CONT_ARM now=207793 rem=500 frames=0 errors=0
DBG_GATEWAY_CH9_RX_CONT_RESULT start=207793 end=208294 ret=-116 fail=0 status=0x00000000 len=0 frames=0
DBG_GATEWAY_CH9_RX_CONT_ARM now=208296 rem=500 frames=0 errors=0
DBG_GATEWAY_CH9_RX_CONT_RESULT start=208296 end=208797 ret=-116 fail=0 status=0x00000000 len=0 frames=0
DBG_DWM_INVALIDATE tag=configure_radio_from_reset active_phy=3 configured=1 awake=1
DBG_DWM_MARK_UNCONFIGURED tag=initialise_radio prev_phy=0
DBG_DWM_WAKE_MESH_CTRL_OK sfd=4073
DBG_ENUM_COMPACT_GATEWAY_BEGIN now=208820 first_window=0 ret=0
DBG_ENUM_COMPACT_RECORD epoch=51904568 anchor=0x708bc0aab970300e hop=1 via=0x708bc0aab970300e responders=1
DBG_ENUM_COMPACT_DEPTH_WAIT observed_hop=1 through_hop=2 deadline=210831
DBG_STACK_RUN_BEGIN epoch=6458762704145168284 run=48 kind=ble_backpressure owner=system_workqueue queue=1 custody=1 credit=0 retry=0 drain=1 src=11068027678940948070 dst=11068027678940948070 session=51904572 seq=60 type=86 sequence=0 previous=0 uptime=208845
DBG_STACK_SAMPLE_BEGIN epoch=6458762704145168284 run=48 sample=48 kind=ble_backpressure owner=system_workqueue queue=1 custody=1 credit=0 retry=0 drain=1 src=11068027678940948070 dst=11068027678940948070 session=51904572 seq=60 type=86 uptime=208845
DBG_STACK_ISR_CONFIG size=8192 run=48 sample=48
DBG_STACK name=BT RX WQ tid=0x2000fe28 used=760 free=776 size=1536 ret=0 run=48 sample=48
DBG_STACK name=mesh_route tid=0x2000d560 used=5904 free=2288 size=8192 ret=0 run=48 sample=48
DBG_STACK name=sysworkq tid=0x20010d80 used=2408 free=2072 size=4480 ret=0 run=48 sample=48
DBG_STACK name=MPSL Work tid=0x20010b38 used=376 free=648 size=1024 ret=0 run=48 sample=48
DBG_STACK name=logging tid=0x2000f930 used=480 free=1568 size=2048 ret=0 run=48 sample=48
DBG_STACK name=idle tid=0x20010c10 used=64 free=256 size=320 ret=0 run=48 sample=48
DBG_STACK_SAMPLE_END run=48 sample=48
DBG_STACK_RUN_END epoch=6458762704145168284 run=48 kind=ble_backpressure owner=system_workqueue outcome=ack queue=1 custody=0 credit=1 retry=0 drain=1 src=11068027678940948070 dst=11068027678940948070 session=51904572 seq=60 type=86 samples=1 sequence=0 previous=0 uptime=208873
DBG_ENUM_COMPACT_RECORD epoch=51904568 anchor=0x191a9619c6c8cb07 hop=1 via=0x191a9619c6c8cb07 responders=2
DBG_ENUM_COMPACT_GATEWAY_ACK_TX epoch=51904568 child=0x191a9619c6c8cb07 seq=0 remaining=11 ret=0
DBG_ENUM_COMPACT_GATEWAY_RX epoch=51904568 child=0x191a9619c6c8cb07 seq=0 records=1 ret=0
DBG_ENUM_COMPACT_RECORD epoch=51904568 anchor=0x56da25fe4af6d141 hop=1 via=0x56da25fe4af6d141 responders=3
DBG_ENUM_COMPACT_GATEWAY_ACK_TX epoch=51904568 child=0x56da25fe4af6d141 seq=0 remaining=11 ret=0
DBG_ENUM_COMPACT_GATEWAY_RX epoch=51904568 child=0x56da25fe4af6d141 seq=0 records=1 ret=0
DBG_STACK_RUN_BEGIN epoch=6458762704145168284 run=49 kind=ble_backpressure owner=system_workqueue queue=2 custody=2 credit=0 retry=0 drain=2 src=11068027678940948070 dst=11068027678940948070 session=51904573 seq=61 type=86 sequence=0 previous=0 uptime=209315
DBG_STACK_SAMPLE_BEGIN epoch=6458762704145168284 run=49 sample=49 kind=ble_backpressure owner=system_workqueue queue=2 custody=2 credit=0 retry=0 drain=2 src=11068027678940948070 dst=11068027678940948070 session=51904573 seq=61 type=86 uptime=209316
DBG_STACK_ISR_CONFIG size=8192 run=49 sample=49
DBG_STACK name=BT RX WQ tid=0x2000fe28 used=760 free=776 size=1536 ret=0 run=49 sample=49
DBG_STACK name=mesh_route tid=0x2000d560 used=5904 free=2288 size=8192 ret=0 run=49 sample=49
DBG_STACK name=sysworkq tid=0x20010d80 used=2408 free=2072 size=4480 ret=0 run=49 sample=49
DBG_STACK name=MPSL Work tid=0x20010b38 used=376 free=648 size=1024 ret=0 run=49 sample=49
DBG_STACK name=logging tid=0x2000f930 used=480 free=1568 size=2048 ret=0 run=49 sample=49
DBG_STACK name=idle tid=0x20010c10 used=64 free=256 size=320 ret=0 run=49 sample=49
DBG_STACK_SAMPLE_END run=49 sample=49
DBG_STACK_RUN_END epoch=6458762704145168284 run=49 kind=ble_backpressure owner=system_workqueue outcome=ack queue=2 custody=0 credit=1 retry=0 drain=2 src=11068027678940948070 dst=11068027678940948070 session=51904573 seq=61 type=86 samples=1 sequence=0 previous=0 uptime=209333
DBG_STACK_RUN_BEGIN epoch=6458762704145168284 run=50 kind=ble_backpressure owner=system_workqueue queue=1 custody=1 credit=0 retry=0 drain=1 src=11068027678940948070 dst=11068027678940948070 session=51904574 seq=62 type=86 sequence=0 previous=0 uptime=209765
DBG_STACK_SAMPLE_BEGIN epoch=6458762704145168284 run=50 sample=50 kind=ble_backpressure owner=system_workqueue queue=1 custody=1 credit=0 retry=0 drain=1 src=11068027678940948070 dst=11068027678940948070 session=51904574 seq=62 type=86 uptime=209766
DBG_STACK_ISR_CONFIG size=8192 run=50 sample=50
DBG_STACK name=BT RX WQ tid=0x2000fe28 used=760 free=776 size=1536 ret=0 run=50 sample=50
DBG_STACK name=mesh_route tid=0x2000d560 used=5904 free=2288 size=8192 ret=0 run=50 sample=50
DBG_STACK name=sysworkq tid=0x20010d80 used=2408 free=2072 size=4480 ret=0 run=50 sample=50
DBG_STACK name=MPSL Work tid=0x20010b38 used=376 free=648 size=1024 ret=0 run=50 sample=50
DBG_STACK name=logging tid=0x2000f930 used=480 free=1568 size=2048 ret=0 run=50 sample=50
DBG_STACK name=idle tid=0x20010c10 used=64 free=256 size=320 ret=0 run=50 sample=50
DBG_STACK_SAMPLE_END run=50 sample=50
DBG_STACK_RUN_END epoch=6458762704145168284 run=50 kind=ble_backpressure owner=system_workqueue outcome=ack queue=1 custody=0 credit=1 retry=0 drain=1 src=11068027678940948070 dst=11068027678940948070 session=51904574 seq=62 type=86 samples=1 sequence=0 previous=0 uptime=209783
DBG_ENUM_COMPACT_GATEWAY_END now=210832 timeouts=81 raw=0 bundles=3 errors=0 ret=0
DBG_GATEWAY_COMMAND_PRIORITY_SUBMIT ret=0 now=210833
DBG_DWM_INVALIDATE tag=configure_radio_from_reset active_phy=4 configured=1 awake=1
DBG_DWM_MARK_UNCONFIGURED tag=initialise_radio prev_phy=0
DBG_GATEWAY_CH9_RX_CONT_ARM now=210855 rem=500 frames=0 errors=0
DBG_GATEWAY_CH9_RX_CONT_RESULT start=210855 end=210856 ret=-140 fail=0 status=0x02000000 len=0 frames=0
DBG_GATEWAY_CH9_RX_COMMAND_PREEMPT now=210856 rem=500 frames=0
DBG_GATEWAY_CH9_RX_CONT_DONE ret=-140 len=0 fail=0 recover=0
DBG_NC o=0000000000000008 g=00000008 w=00 e=0000003c s=00000005 q=0000>0004 r=00000000 f=00000024 t=00000000 p=00000000 a=00
DBG_NODE_COMM_SUBMIT handle=8 profile=6 token=17039368 deadline=220859
DBG_ENUM_FLOOD kind=2 handle=8
DBG_ENUM_TABLE_TX epoch=51904568 count=3 round=1 ret=0
DBG_NODE_COMM_TX_BEGIN handle=8 profile=6 msg=64 dst=0x0 seq=8
DBG_CONTROL_RX_HANDOFF_READY abort=0
DBG_COORD state=idle owner=c5-flood reason=idle rx=0 tx=0 relay=0 route=0 ack=0 qack=0
DBG_DWM_INVALIDATE tag=configure_radio_from_reset active_phy=3 configured=1 awake=1
DBG_DWM_MARK_UNCONFIGURED tag=initialise_radio prev_phy=0
DBG_DWM_INVALIDATE tag=configure_radio_from_reset active_phy=2 configured=1 awake=0
DBG_DWM_MARK_UNCONFIGURED tag=initialise_radio prev_phy=0
DBG_DWM_WAKE_MESH_CTRL_OK sfd=4073
DBG_C5_TX_CONFIG ret=0 ext=1 len=187 msg=40 reason=bounded-c5-flood
DBG_UWB_TX_CH5
DBG_C5_FLOOD_WAIT now=210915 wake=210916 first=210916 msg=40 attempt=2/3 reason=node-comm-bounded-control-flood
DBG_DWM_INVALIDATE tag=configure_radio_from_reset active_phy=4 configured=1 awake=0
DBG_DWM_MARK_UNCONFIGURED tag=initialise_radio prev_phy=0
DBG_DWM_INVALIDATE tag=configure_radio_from_reset active_phy=2 configured=1 awake=0
DBG_DWM_MARK_UNCONFIGURED tag=initialise_radio prev_phy=0
DBG_DWM_WAKE_MESH_CTRL_OK sfd=4073
DBG_C5_TX_CONFIG ret=0 ext=1 len=187 msg=40 reason=bounded-c5-flood
DBG_UWB_TX_CH5
DBG_DWM_INVALIDATE tag=configure_radio_from_reset active_phy=4 configured=1 awake=0
DBG_DWM_MARK_UNCONFIGURED tag=initialise_radio prev_phy=0
DBG_DWM_INVALIDATE tag=configure_radio_from_reset active_phy=2 configured=1 awake=0
DBG_DWM_MARK_UNCONFIGURED tag=initialise_radio prev_phy=0
DBG_DWM_WAKE_MESH_CTRL_OK sfd=4073
DBG_C5_TX_CONFIG ret=0 ext=1 len=187 msg=40 reason=bounded-c5-flood
DBG_UWB_TX_CH5
DBG_NC o=0000000000000008 g=00000008 w=00 e=00000022 s=00000005 q=0004>0005 r=00000000 f=00000001 t=00000000 p=00000000 a=00
DBG_NC o=0000000000000008 g=00000008 w=00 e=00000041 s=00000005 q=0005>0008 r=00000000 f=00000026 t=00000000 p=00000001 a=01
DBG_NODE_COMM_ATTEMPT handle=8 profile=6 attempt=1 ret=0 rf=1 scheduled=0 state=0
DBG_GATEWAY_RX_START reason=gateway mesh restart active=1 qrx=0 qtx=0 adv_due=0
DBG_ENUM_RF_RESULT kind=2 handle=8 success=1 reason=0 tries=1
DBG_COORD state=gateway-rx owner=uwb-rx reason=gateway-rx rx=0 tx=0 relay=0 route=0 ack=0 qack=0
DBG_DWM_INVALIDATE tag=configure_radio_from_reset active_phy=4 configured=1 awake=1
DBG_DWM_MARK_UNCONFIGURED tag=initialise_radio prev_phy=0
DBG_GATEWAY_CH9_RX_CONT_ARM now=211054 rem=500 frames=0 errors=0
DBG_GATEWAY_CH9_RX_CONT_RESULT start=211054 end=211555 ret=-116 fail=0 status=0x02000000 len=0 frames=0
DBG_GATEWAY_CH9_RX_CONT_ARM now=211557 rem=500 frames=0 errors=0
DBG_GATEWAY_CH9_RX_CONT_RESULT start=211557 end=212058 ret=-116 fail=0 status=0x00000000 len=0 frames=0
DBG_NC o=0000000000000009 g=00000009 w=00 e=0000003c s=00000005 q=0000>0004 r=00000000 f=00000024 t=00000000 p=00000000 a=00
DBG_NODE_COMM_SUBMIT handle=9 profile=6 token=17039369 deadline=222059
DBG_ENUM_FLOOD kind=3 handle=9
DBG_ENUM_END_TX epoch=51904568 table_seq=51904575 ret=0
DBG_NODE_COMM_TX_BEGIN handle=9 profile=6 msg=64 dst=0x0 seq=9
DBG_CONTROL_RX_HANDOFF_READY abort=0
DBG_COORD state=idle owner=c5-flood reason=idle rx=0 tx=0 relay=0 route=0 ack=0 qack=0
DBG_DWM_INVALIDATE tag=configure_radio_from_reset active_phy=3 configured=1 awake=1
DBG_DWM_MARK_UNCONFIGURED tag=initialise_radio prev_phy=0
DBG_DWM_INVALIDATE tag=configure_radio_from_reset active_phy=2 configured=1 awake=0
DBG_DWM_MARK_UNCONFIGURED tag=initialise_radio prev_phy=0
DBG_DWM_WAKE_MESH_CTRL_OK sfd=4073
DBG_C5_TX_CONFIG ret=0 ext=1 len=169 msg=40 reason=bounded-c5-flood
DBG_UWB_TX_CH5
DBG_DWM_INVALIDATE tag=configure_radio_from_reset active_phy=4 configured=1 awake=0
DBG_DWM_MARK_UNCONFIGURED tag=initialise_radio prev_phy=0
DBG_DWM_INVALIDATE tag=configure_radio_from_reset active_phy=2 configured=1 awake=0
DBG_DWM_MARK_UNCONFIGURED tag=initialise_radio prev_phy=0
DBG_DWM_WAKE_MESH_CTRL_OK sfd=4073
DBG_C5_TX_CONFIG ret=0 ext=1 len=169 msg=40 reason=bounded-c5-flood
DBG_UWB_TX_CH5
DBG_DWM_INVALIDATE tag=configure_radio_from_reset active_phy=4 configured=1 awake=0
DBG_DWM_MARK_UNCONFIGURED tag=initialise_radio prev_phy=0
DBG_DWM_INVALIDATE tag=configure_radio_from_reset active_phy=2 configured=1 awake=0
DBG_DWM_MARK_UNCONFIGURED tag=initialise_radio prev_phy=0
DBG_DWM_WAKE_MESH_CTRL_OK sfd=4073
DBG_C5_TX_CONFIG ret=0 ext=1 len=169 msg=40 reason=bounded-c5-flood
DBG_UWB_TX_CH5
DBG_NC o=0000000000000009 g=00000009 w=00 e=00000022 s=00000005 q=0004>0005 r=00000000 f=00000001 t=00000000 p=00000000 a=00
DBG_NC o=0000000000000009 g=00000009 w=00 e=00000041 s=00000005 q=0005>0008 r=00000000 f=00000026 t=00000000 p=00000001 a=01
DBG_NODE_COMM_ATTEMPT handle=9 profile=6 attempt=1 ret=0 rf=1 scheduled=0 state=0
DBG_GATEWAY_RX_START reason=gateway mesh restart active=1 qrx=0 qtx=0 adv_due=0
DBG_ENUM_RF_RESULT kind=3 handle=9 success=1 reason=0 tries=1
DBG_COORD state=gateway-rx owner=uwb-rx reason=gateway-rx rx=0 tx=0 relay=0 route=0 ack=0 qack=0
DBG_DWM_INVALIDATE tag=configure_radio_from_reset active_phy=4 configured=1 awake=1
DBG_DWM_MARK_UNCONFIGURED tag=initialise_radio prev_phy=0
DBG_GATEWAY_CH9_RX_CONT_ARM now=212257 rem=500 frames=0 errors=0
DBG_GATEWAY_CH9_RX_CONT_RESULT start=212257 end=212757 ret=-116 fail=0 status=0x02000000 len=0 frames=0
DBG_GATEWAY_CH9_RX_CONT_ARM now=212759 rem=500 frames=0 errors=0
DBG_GATEWAY_CH9_RX_CONT_RESULT start=212759 end=213260 ret=-116 fail=0 status=0x00000000 len=0 frames=0
DBG_GATEWAY_COMMAND_PRIORITY_SUBMIT ret=0 now=213261
DBG_GATEWAY_CH9_RX_CONT_ARM now=213262 rem=500 frames=0 errors=0
DBG_GATEWAY_CH9_RX_CONT_RESULT start=213262 end=213263 ret=-140 fail=0 status=0x00000000 len=0 frames=0
DBG_GATEWAY_CH9_RX_COMMAND_PREEMPT now=213264 rem=500 frames=0
DBG_GATEWAY_CH9_RX_CONT_DONE ret=-140 len=0 fail=0 recover=0
DBG_STACK_RUN_BEGIN epoch=6458762704145168284 run=51 kind=ble_backpressure owner=system_workqueue queue=2 custody=2 credit=0 retry=0 drain=2 src=11068027678940948070 dst=11068027678940948070 session=51904579 seq=67 type=86 sequence=0 previous=0 uptime=213265
DBG_STACK_SAMPLE_BEGIN epoch=6458762704145168284 run=51 sample=51 kind=ble_backpressure owner=system_workqueue queue=2 custody=2 credit=0 retry=0 drain=2 src=11068027678940948070 dst=11068027678940948070 session=51904579 seq=67 type=86 uptime=213265
DBG_STACK_ISR_CONFIG size=8192 run=51 sample=51
DBG_STACK name=BT RX WQ tid=0x2000fe28 used=760 free=776 size=1536 ret=0 run=51 sample=51
DBG_STACK name=mesh_route tid=0x2000d560 used=5904 free=2288 size=8192 ret=0 run=51 sample=51
DBG_STACK name=sysworkq tid=0x20010d80 used=2408 free=2072 size=4480 ret=0 run=51 sample=51
DBG_STACK name=MPSL Work tid=0x20010b38 used=376 free=648 size=1024 ret=0 run=51 sample=51
DBG_STACK name=logging tid=0x2000f930 used=480 free=1568 size=2048 ret=0 run=51 sample=51
DBG_STACK name=idle tid=0x20010c10 used=64 free=256 size=320 ret=0 run=51 sample=51
DBG_STACK_SAMPLE_END run=51 sample=51
DBG_STACK_RUN_END epoch=6458762704145168284 run=51 kind=ble_backpressure owner=system_workqueue outcome=ack queue=2 custody=0 credit=1 retry=0 drain=2 src=11068027678940948070 dst=11068027678940948070 session=51904579 seq=67 type=86 samples=1 sequence=0 previous=0 uptime=213288
DBG_STACK_RUN_BEGIN epoch=6458762704145168284 run=52 kind=ble_backpressure owner=system_workqueue queue=2 custody=2 credit=0 retry=0 drain=2 src=11068027678940948070 dst=11068027678940948070 session=3893325219 seq=28067 type=65 sequence=0 previous=0 uptime=213726
DBG_STACK_SAMPLE_BEGIN epoch=6458762704145168284 run=52 sample=52 kind=ble_backpressure owner=system_workqueue queue=2 custody=2 credit=0 retry=0 drain=2 src=11068027678940948070 dst=11068027678940948070 session=3893325219 seq=28067 type=65 uptime=213726
DBG_STACK_ISR_CONFIG size=8192 run=52 sample=52
DBG_STACK name=BT RX WQ tid=0x2000fe28 used=760 free=776 size=1536 ret=0 run=52 sample=52
DBG_STACK name=mesh_route tid=0x2000d560 used=5904 free=2288 size=8192 ret=0 run=52 sample=52
DBG_STACK name=sysworkq tid=0x20010d80 used=2408 free=2072 size=4480 ret=0 run=52 sample=52
DBG_STACK name=MPSL Work tid=0x20010b38 used=376 free=648 size=1024 ret=0 run=52 sample=52
DBG_STACK name=logging tid=0x2000f930 used=480 free=1568 size=2048 ret=0 run=52 sample=52
DBG_STACK name=idle tid=0x20010c10 used=64 free=256 size=320 ret=0 run=52 sample=52
DBG_STACK_SAMPLE_END run=52 sample=52
DBG_STACK_RUN_END epoch=6458762704145168284 run=52 kind=ble_backpressure owner=system_workqueue outcome=ack queue=2 custody=0 credit=1 retry=0 drain=2 src=11068027678940948070 dst=11068027678940948070 session=3893325219 seq=28067 type=65 samples=1 sequence=0 previous=0 uptime=213751
DBG_GATEWAY_CH9_RX_CONT_RESULT start=213266 end=213767 ret=-116 fail=0 status=0x00000000 len=0 frames=0
DBG_GATEWAY_CH9_RX_CONT_ARM now=213769 rem=500 frames=0 errors=0
DBG_STACK_RUN_BEGIN epoch=6458762704145168284 run=53 kind=ble_backpressure owner=system_workqueue queue=1 custody=1 credit=0 retry=0 drain=1 src=11068027678940948070 dst=11068027678940948070 session=51904580 seq=68 type=86 sequence=0 previous=0 uptime=214175
DBG_STACK_SAMPLE_BEGIN epoch=6458762704145168284 run=53 sample=53 kind=ble_backpressure owner=system_workqueue queue=1 custody=1 credit=0 retry=0 drain=1 src=11068027678940948070 dst=11068027678940948070 session=51904580 seq=68 type=86 uptime=214175
DBG_STACK_ISR_CONFIG size=8192 run=53 sample=53
DBG_STACK name=BT RX WQ tid=0x2000fe28 used=760 free=776 size=1536 ret=0 run=53 sample=53
DBG_STACK name=mesh_route tid=0x2000d560 used=5904 free=2288 size=8192 ret=0 run=53 sample=53
DBG_STACK name=sysworkq tid=0x20010d80 used=2408 free=2072 size=4480 ret=0 run=53 sample=53
DBG_STACK name=MPSL Work tid=0x20010b38 used=376 free=648 size=1024 ret=0 run=53 sample=53
DBG_STACK name=logging tid=0x2000f930 used=480 free=1568 size=2048 ret=0 run=53 sample=53
DBG_STACK name=idle tid=0x20010c10 used=64 free=256 size=320 ret=0 run=53 sample=53
DBG_STACK_SAMPLE_END run=53 sample=53
DBG_STACK_RUN_END epoch=6458762704145168284 run=53 kind=ble_backpressure owner=system_workqueue outcome=ack queue=1 custody=0 credit=1 retry=0 drain=1 src=11068027678940948070 dst=11068027678940948070 session=51904580 seq=68 type=86 samples=1 sequence=0 previous=0 uptime=214190
DBG_GATEWAY_CH9_RX_CONT_RESULT start=213769 end=214270 ret=-116 fail=0 status=0x00000000 len=0 frames=0
DBG_GATEWAY_CH9_RX_CONT_ARM now=214272 rem=500 frames=0 errors=0
DBG_STACK_RUN_BEGIN epoch=6458762704145168284 run=54 kind=ble_backpressure owner=system_workqueue queue=1 custody=1 credit=0 retry=0 drain=1 src=11068027678940948070 dst=11068027678940948070 session=51904581 seq=69 type=86 sequence=0 previous=0 uptime=214626
DBG_STACK_SAMPLE_BEGIN epoch=6458762704145168284 run=54 sample=54 kind=ble_backpressure owner=system_workqueue queue=1 custody=1 credit=0 retry=0 drain=1 src=11068027678940948070 dst=11068027678940948070 session=51904581 seq=69 type=86 uptime=214626
DBG_STACK_ISR_CONFIG size=8192 run=54 sample=54
DBG_STACK name=BT RX WQ tid=0x2000fe28 used=760 free=776 size=1536 ret=0 run=54 sample=54
DBG_STACK name=mesh_route tid=0x2000d560 used=5904 free=2288 size=8192 ret=0 run=54 sample=54
DBG_STACK name=sysworkq tid=0x20010d80 used=2408 free=2072 size=4480 ret=0 run=54 sample=54
DBG_STACK name=MPSL Work tid=0x20010b38 used=376 free=648 size=1024 ret=0 run=54 sample=54
DBG_STACK name=logging tid=0x2000f930 used=480 free=1568 size=2048 ret=0 run=54 sample=54
DBG_STACK name=idle tid=0x20010c10 used=64 free=256 size=320 ret=0 run=54 sample=54
DBG_STACK_SAMPLE_END run=54 sample=54
DBG_STACK_RUN_END epoch=6458762704145168284 run=54 kind=ble_backpressure owner=system_workqueue outcome=ack queue=1 custody=0 credit=1 retry=0 drain=1 src=11068027678940948070 dst=11068027678940948070 session=51904581 seq=69 type=86 samples=1 sequence=0 previous=0 uptime=214643
DBG_GATEWAY_CH9_RX_CONT_RESULT start=214272 end=214773 ret=-116 fail=0 status=0x00000000 len=0 frames=0
DBG_GATEWAY_CH9_RX_CONT_ARM now=214775 rem=500 frames=0 errors=0
DBG_STACK_RUN_BEGIN epoch=6458762704145168284 run=55 kind=ble_backpressure owner=system_workqueue queue=1 custody=1 credit=0 retry=0 drain=1 src=11068027678940948070 dst=11068027678940948070 session=51904582 seq=70 type=86 sequence=0 previous=0 uptime=215076
DBG_STACK_SAMPLE_BEGIN epoch=6458762704145168284 run=55 sample=55 kind=ble_backpressure owner=system_workqueue queue=1 custody=1 credit=0 retry=0 drain=1 src=11068027678940948070 dst=11068027678940948070 session=51904582 seq=70 type=86 uptime=215076
DBG_STACK_ISR_CONFIG size=8192 run=55 sample=55
DBG_STACK name=BT RX WQ tid=0x2000fe28 used=760 free=776 size=1536 ret=0 run=55 sample=55
DBG_STACK name=mesh_route tid=0x2000d560 used=5904 free=2288 size=8192 ret=0 run=55 sample=55
DBG_STACK name=sysworkq tid=0x20010d80 used=2408 free=2072 size=4480 ret=0 run=55 sample=55
DBG_STACK name=MPSL Work tid=0x20010b38 used=376 free=648 size=1024 ret=0 run=55 sample=55
DBG_STACK name=logging tid=0x2000f930 used=480 free=1568 size=2048 ret=0 run=55 sample=55
DBG_STACK name=idle tid=0x20010c10 used=64 free=256 size=320 ret=0 run=55 sample=55
DBG_STACK_SAMPLE_END run=55 sample=55
DBG_STACK_RUN_END epoch=6458762704145168284 run=55 kind=ble_backpressure owner=system_workqueue outcome=ack queue=1 custody=0 credit=1 retry=0 drain=1 src=11068027678940948070 dst=11068027678940948070 session=51904582 seq=70 type=86 samples=1 sequence=0 previous=0 uptime=215101
DBG_GATEWAY_CH9_RX_CONT_RESULT start=214775 end=215276 ret=-116 fail=0 status=0x00000000 len=0 frames=0
DBG_GATEWAY_CH9_RX_CONT_ARM now=215278 rem=500 frames=0 errors=0
DBG_STACK_RUN_BEGIN epoch=6458762704145168284 run=56 kind=ble_backpressure owner=system_workqueue queue=1 custody=1 credit=0 retry=0 drain=1 src=11068027678940948070 dst=11068027678940948070 session=51904583 seq=71 type=86 sequence=0 previous=0 uptime=215526
DBG_STACK_SAMPLE_BEGIN epoch=6458762704145168284 run=56 sample=56 kind=ble_backpressure owner=system_workqueue queue=1 custody=1 credit=0 retry=0 drain=1 src=11068027678940948070 dst=11068027678940948070 session=51904583 seq=71 type=86 uptime=215526
DBG_STACK_ISR_CONFIG size=8192 run=56 sample=56
DBG_STACK name=BT RX WQ tid=0x2000fe28 used=760 free=776 size=1536 ret=0 run=56 sample=56
DBG_STACK name=mesh_route tid=0x2000d560 used=5904 free=2288 size=8192 ret=0 run=56 sample=56
DBG_STACK name=sysworkq tid=0x20010d80 used=2408 free=2072 size=4480 ret=0 run=56 sample=56
DBG_STACK name=MPSL Work tid=0x20010b38 used=376 free=648 size=1024 ret=0 run=56 sample=56
DBG_STACK name=logging tid=0x2000f930 used=480 free=1568 size=2048 ret=0 run=56 sample=56
DBG_STACK name=idle tid=0x20010c10 used=64 free=256 size=320 ret=0 run=56 sample=56
DBG_STACK_SAMPLE_END run=56 sample=56
DBG_STACK_RUN_END epoch=6458762704145168284 run=56 kind=ble_backpressure owner=system_workqueue outcome=ack queue=1 custody=0 credit=1 retry=0 drain=1 src=11068027678940948070 dst=11068027678940948070 session=51904583 seq=71 type=86 samples=1 sequence=0 previous=0 uptime=215545
DBG_GATEWAY_CH9_RX_CONT_RESULT start=215278 end=215779 ret=-116 fail=0 status=0x00000000 len=0 frames=0
DBG_GATEWAY_CH9_RX_CONT_ARM now=215781 rem=500 frames=0 errors=0
DBG_STACK_RUN_BEGIN epoch=6458762704145168284 run=57 kind=ble_backpressure owner=system_workqueue queue=1 custody=1 credit=0 retry=0 drain=1 src=11068027678940948070 dst=11068027678940948070 session=51904584 seq=72 type=86 sequence=0 previous=0 uptime=215976
DBG_STACK_SAMPLE_BEGIN epoch=6458762704145168284 run=57 sample=57 kind=ble_backpressure owner=system_workqueue queue=1 custody=1 credit=0 retry=0 drain=1 src=11068027678940948070 dst=11068027678940948070 session=51904584 seq=72 type=86 uptime=215976
DBG_STACK_ISR_CONFIG size=8192 run=57 sample=57
DBG_STACK name=BT RX WQ tid=0x2000fe28 used=760 free=776 size=1536 ret=0 run=57 sample=57
DBG_STACK name=mesh_route tid=0x2000d560 used=5904 free=2288 size=8192 ret=0 run=57 sample=57
DBG_STACK name=sysworkq tid=0x20010d80 used=2408 free=2072 size=4480 ret=0 run=57 sample=57
DBG_STACK name=MPSL Work tid=0x20010b38 used=376 free=648 size=1024 ret=0 run=57 sample=57
DBG_STACK name=logging tid=0x2000f930 used=480 free=1568 size=2048 ret=0 run=57 sample=57
DBG_STACK name=idle tid=0x20010c10 used=64 free=256 size=320 ret=0 run=57 sample=57
DBG_STACK_SAMPLE_END run=57 sample=57
DBG_STACK_RUN_END epoch=6458762704145168284 run=57 kind=ble_backpressure owner=system_workqueue outcome=ack queue=1 custody=0 credit=1 retry=0 drain=1 src=11068027678940948070 dst=11068027678940948070 session=51904584 seq=72 type=86 samples=1 sequence=0 previous=0 uptime=215993
DBG_GATEWAY_CH9_RX_CONT_RESULT start=215781 end=216282 ret=-116 fail=0 status=0x00000000 len=0 frames=0
DBG_GATEWAY_CH9_RX_CONT_ARM now=216284 rem=500 frames=0 errors=0
DBG_GATEWAY_CH9_RX_CONT_RESULT start=216284 end=216785 ret=-116 fail=0 status=0x00000000 len=0 frames=0
DBG_GATEWAY_CH9_RX_CONT_ARM now=216790 rem=500 frames=0 errors=0
DBG_GATEWAY_CH9_RX_CONT_RESULT start=216790 end=217291 ret=-116 fail=0 status=0x00000000 len=0 frames=0
DBG_GATEWAY_CH9_RX_CONT_ARM now=217293 rem=500 frames=0 errors=0
DBG_GATEWAY_CH9_RX_CONT_RESULT start=217293 end=217794 ret=-116 fail=0 status=0x00000000 len=0 frames=0
DBG_GATEWAY_CH9_RX_CONT_ARM now=217796 rem=500 frames=0 errors=0
DBG_GATEWAY_CH9_RX_CONT_RESULT start=217796 end=218297 ret=-116 fail=0 status=0x00000000 len=0 frames=0
DBG_GATEWAY_CH9_RX_CONT_ARM now=218299 rem=500 frames=0 errors=0
DBG_GATEWAY_BLE event=disconnected reason=19 uptime=218404
DBG_GATEWAY_BLE event=recovery round=1 delay_ms=369 reason=disconnected uptime=218404
DBG_GATEWAY_CH9_RX_CONT_RESULT start=218299 end=218800 ret=-116 fail=0 status=0x00000000 len=0 frames=0
DBG_GATEWAY_CH9_RX_CONT_ARM now=218802 rem=500 frames=0 errors=0
DBG_GATEWAY_CH9_RX_CONT_RESULT start=218802 end=219303 ret=-116 fail=0 status=0x00000000 len=0 frames=0
DBG_GATEWAY_CH9_RX_CONT_ARM now=219305 rem=500 frames=0 errors=0
DBG_GATEWAY_CH9_RX_CONT_RESULT start=219305 end=219806 ret=-116 fail=0 status=0x00000000 len=0 frames=0
DBG_GATEWAY_CH9_RX_CONT_ARM now=219808 rem=500 frames=0 errors=0
DBG_GATEWAY_CH9_RX_CONT_RESULT start=219808 end=220309 ret=-116 fail=0 status=0x00000000 len=0 frames=0
DBG_GATEWAY_CH9_RX_CONT_ARM now=220311 rem=500 frames=0 errors=0
DBG_GATEWAY_CH9_RX_CONT_RESULT start=220311 end=220812 ret=-116 fail=0 status=0x00000000 len=0 frames=0
DBG_GATEWAY_CH9_RX_CONT_ARM now=220814 rem=500 frames=0 errors=0
DBG_GATEWAY_CH9_RX_CONT_RESULT start=220814 end=221315 ret=-116 fail=0 status=0x00000000 len=0 frames=0
DBG_GATEWAY_CH9_RX_CONT_ARM now=221317 rem=500 frames=0 errors=0
DBG_GATEWAY_CH9_RX_CONT_RESULT start=221317 end=221818 ret=-116 fail=0 status=0x00000000 len=0 frames=0
DBG_GATEWAY_CH9_RX_CONT_ARM now=221820 rem=500 frames=0 errors=0
DBG_GATEWAY_CH9_RX_CONT_RESULT start=221820 end=222321 ret=-116 fail=0 status=0x00000000 len=0 frames=0
DBG_GATEWAY_CH9_RX_CONT_ARM now=222323 rem=500 frames=0 errors=0
DBG_GATEWAY_CH9_RX_CONT_RESULT start=222323 end=222824 ret=-116 fail=0 status=0x00000000 len=0 frames=0
DBG_GATEWAY_CH9_RX_CONT_ARM now=222826 rem=500 frames=0 errors=0
DBG_GATEWAY_CH9_RX_CONT_RESULT start=222826 end=223327 ret=-116 fail=0 status=0x00000000 len=0 frames=0
DBG_GATEWAY_CH9_RX_CONT_ARM now=223329 rem=500 frames=0 errors=0
DBG_GATEWAY_CH9_RX_CONT_RESULT start=223329 end=223830 ret=-116 fail=0 status=0x00000000 len=0 frames=0
DBG_GATEWAY_CH9_RX_CONT_ARM now=223832 rem=500 frames=0 errors=0
DBG_GATEWAY_CH9_RX_CONT_RESULT start=223832 end=224333 ret=-116 fail=0 status=0x00000000 len=0 frames=0
DBG_GATEWAY_CH9_RX_CONT_ARM now=224335 rem=500 frames=0 errors=0
DBG_GATEWAY_CH9_RX_CONT_RESULT start=224335 end=224836 ret=-116 fail=0 status=0x00000000 len=0 frames=0
DBG_GATEWAY_CH9_RX_CONT_ARM now=224838 rem=500 frames=0 errors=0
DBG_GATEWAY_CH9_RX_CONT_RESULT start=224838 end=225339 ret=-116 fail=0 status=0x00000000 len=0 frames=0
DBG_GATEWAY_CH9_RX_CONT_ARM now=225341 rem=500 frames=0 errors=0
DBG_GATEWAY_CH9_RX_CONT_RESULT start=225341 end=225842 ret=-116 fail=0 status=0x00000000 len=0 frames=0
DBG_GATEWAY_CH9_RX_CONT_ARM now=225844 rem=500 frames=0 errors=0
DBG_GATEWAY_CH9_RX_CONT_RESULT start=225844 end=226345 ret=-116 fail=0 status=0x00000000 len=0 frames=0
DBG_GATEWAY_CH9_RX_CONT_ARM now=226347 rem=500 frames=0 errors=0
