[34m0000523[0m [36mI[0m Target type is nrf52833 [2m[board][0m
[34m0000559[0m [36mI[0m Performing connect pre-reset [2m[coresight_target][0m
[34m0000763[0m [36mI[0m DP IDR = 0x2ba01477 (v1 rev2) [2m[dap][0m
[34m0000769[0m [36mI[0m AHB-AP#0 IDR = 0x24770011 (AHB-AP var1 rev2) [2m[discovery][0m
[34m0000769[0m [36mI[0m AP#1 IDR = 0x02880000 (AP var0 rev0) [2m[discovery][0m
[34m0000770[0m [36mI[0m NRF52833 not in secure state [2m[target_nRF52][0m
[34m0000774[0m [36mI[0m AHB-AP#0 Class 0x1 ROM table #0 @ 0xe00ff000 (designer=244 part=00d) [2m[rom_table][0m
[34m0000776[0m [36mI[0m [0]<e000e000:SCS v7-M class=14 designer=43b:Arm part=00c> [2m[rom_table][0m
[34m0000778[0m [36mI[0m [1]<e0001000:DWT v7-M class=14 designer=43b:Arm part=002> [2m[rom_table][0m
[34m0000779[0m [36mI[0m [2]<e0002000:FPB v7-M class=14 designer=43b:Arm part=003> [2m[rom_table][0m
[34m0000781[0m [36mI[0m [3]<e0000000:ITM v7-M class=14 designer=43b:Arm part=001> [2m[rom_table][0m
[34m0000783[0m [36mI[0m [4]<e0040000:TPIU M4 class=9 designer=43b:Arm part=9a1 devtype=11 archid=0000 devid=ca1:0:0> [2m[rom_table][0m
[34m0000786[0m [36mI[0m [5]<e0041000:ETM M4 class=9 designer=43b:Arm part=925 devtype=13 archid=0000 devid=0:0:0> [2m[rom_table][0m
[34m0000789[0m [36mI[0m CPU core #0: Cortex-M4 r0p1, v7.0-M architecture [2m[cortex_m][0m
[34m0000789[0m [36mI[0m   Extensions: [DSP, FPU, FPU_V4, MPU] [2m[cortex_m][0m
[34m0000790[0m [36mI[0m   FPU present: FPv4-SP-D16-M [2m[cortex_m][0m
[34m0000792[0m [36mI[0m This appears to be an nRF52833 AA B0 [2m[target_nRF52][0m
[34m0000796[0m [36mI[0m 4 hardware watchpoints [2m[dwt][0m
[34m0000798[0m [36mI[0m 6 hardware breakpoints, 4 literal comparators [2m[fpb][0m
[34m0000816[0m [36mI[0m 3 up channels and 3 down channels found [2m[rtt_cmd][0m
[34m0000816[0m [36mI[0m Reading from up channel 0 ("Terminal") [2m[rtt_cmd][0m
[34m0000818[0m [36mI[0m Writing to down channel 0 ("Terminal") [2m[rtt_cmd][0m
DBG_GATEWAY_CH9_RX_CONT_RESULT start=823576 end=824077 ret=-116 fail=0 status=0x00000000 len=0 frames=0
DBG_GATEWAY_CH9_RX_CONT_ARM now=824079 rem=500 frames=0 errors=0
DBG_GATEWAY_CH9_RX_CONT_RESULT start=824079 end=824580 ret=-116 fail=0 status=0x00000000 len=0 frames=0
DBG_GATEWAY_CH9_RX_CONT_ARM now=824582 rem=500 frames=0 errors=0
DBG_GATEWAY_CH9_RX_CONT_RESULT start=824582 end=825083 ret=-116 fail=0 status=0x00000000 len=0 frames=0
DBG_GATEWAY_CH9_RX_CONT_ARM now=825085 rem=500 frames=0 errors=0
DBG_GATEWAY_CH9_RX_CONT_RESULT start=825085 end=825586 ret=-116 fail=0 status=0x00000000 len=0 frames=0
DBG_GATEWAY_CH9_RX_CONT_ARM now=825588 rem=500 frames=0 errors=0
DBG_GATEWAY_CH9_RX_CONT_RESULT start=825588 end=826089 ret=-116 fail=0 status=0x00000000 len=0 frames=0
DBG_GATEWAY_CH9_RX_CONT_ARM now=826091 rem=500 frames=0 errors=0
DBG_GATEWAY_CH9_RX_CONT_RESULT start=826091 end=826592 ret=-116 fail=0 status=0x00000000 len=0 frames=0
DBG_GATEWAY_CH9_RX_CONT_ARM now=826594 rem=500 frames=0 errors=0
DBG_GATEWAY_CH9_RX_CONT_RESULT start=839672 end=840173 ret=-116 fail=0 status=0x00000000 len=0 frames=0
DBG_GATEWAY_CH9_RX_CONT_ARM now=840175 rem=500 frames=0 errors=0
DBG_GATEWAY_CH9_RX_CONT_RESULT start=840175 end=840676 ret=-116 fail=0 status=0x00000000 len=0 frames=0
DBG_GATEWAY_CH9_RX_CONT_ARM now=840678 rem=500 frames=0 errors=0
DBG_GATEWAY_CH9_RX_CONT_RESULT start=840678 end=841179 ret=-116 fail=0 status=0x00000000 len=0 frames=0
DBG_GATEWAY_CH9_RX_CONT_ARM now=841181 rem=500 frames=0 errors=0
DBG_GATEWAY_CH9_RX_CONT_RESULT start=841181 end=841682 ret=-116 fail=0 status=0x00000000 len=0 frames=0
DBG_GATEWAY_CH9_RX_CONT_ARM now=841684 rem=500 frames=0 errors=0
DBG_GATEWAY_CH9_RX_CONT_RESULT start=841684 end=842185 ret=-116 fail=0 status=0x00000000 len=0 frames=0
DBG_GATEWAY_CH9_RX_CONT_ARM now=842187 rem=500 frames=0 errors=0
DBG_GATEWAY_CH9_RX_CONT_RESULT start=842187 end=842688 ret=-116 fail=0 status=0x00000000 len=0 frames=0
DBG_GATEWAY_CH9_RX_CONT_ARM now=842690 rem=500 frames=0 errors=0
DBG_GATEWAY_CH9_RX_CONT_RESULT start=842690 end=843191 ret=-116 fail=0 status=0x00000000 len=0 frames=0
DBG_GATEWAY_CH9_RX_CONT_ARM now=843193 rem=500 frames=0 errors=0
DBG_GATEWAY_CH9_RX_CONT_RESULT start=843193 end=843694 ret=-116 fail=0 status=0x00000000 len=0 frames=0
DBG_GATEWAY_CH9_RX_CONT_ARM now=843696 rem=500 frames=0 errors=0
DBG_GATEWAY_CH9_RX_CONT_RESULT start=843696 end=844197 ret=-116 fail=0 status=0x00000000 len=0 frames=0
DBG_GATEWAY_CH9_RX_CONT_ARM now=844199 rem=500 frames=0 errors=0
DBG_GATEWAY_CH9_RX_CONT_RESULT start=844199 end=844700 ret=-116 fail=0 status=0x00000000 len=0 frames=0
DBG_GATEWAY_CH9_RX_CONT_ARM now=844702 rem=500 frames=0 errors=0
DBG_GATEWAY_CH9_RX_CONT_RESULT start=844702 end=845203 ret=-116 fail=0 status=0x00000000 len=0 frames=0
DBG_GATEWAY_CH9_RX_CONT_ARM now=845205 rem=500 frames=0 errors=0
DBG_GATEWAY_CH9_RX_CONT_RESULT start=845205 end=845706 ret=-116 fail=0 status=0x00000000 len=0 frames=0
DBG_GATEWAY_CH9_RX_CONT_ARM now=845708 rem=500 frames=0 errors=0
DBG_GATEWAY_CH9_RX_CONT_RESULT start=845708 end=846209 ret=-116 fail=0 status=0x00000000 len=0 frames=0
DBG_GATEWAY_CH9_RX_CONT_ARM now=846211 rem=500 frames=0 errors=0
DBG_GATEWAY_CH9_RX_CONT_RESULT start=846211 end=846712 ret=-116 fail=0 status=0x00000000 len=0 frames=0
DBG_GATEWAY_CH9_RX_CONT_ARM now=846714 rem=500 frames=0 errors=0
DBG_GATEWAY_CH9_RX_CONT_RESULT start=846714 end=847215 ret=-116 fail=0 status=0x00000000 len=0 frames=0
DBG_GATEWAY_CH9_RX_CONT_ARM now=847217 rem=500 frames=0 errors=0
DBG_GATEWAY_CH9_RX_CONT_RESULT start=847217 end=847718 ret=-116 fail=0 status=0x00000000 len=0 frames=0
DBG_GATEWAY_CH9_RX_CONT_ARM now=847720 rem=500 frames=0 errors=0
DBG_GATEWAY_CH9_RX_CONT_RESULT start=847720 end=848221 ret=-116 fail=0 status=0x00000000 len=0 frames=0
DBG_GATEWAY_CH9_RX_CONT_ARM now=848223 rem=500 frames=0 errors=0
DBG_GATEWAY_CH9_RX_CONT_RESULT start=848223 end=848724 ret=-116 fail=0 status=0x00000000 len=0 frames=0
DBG_GATEWAY_CH9_RX_CONT_ARM now=848726 rem=500 frames=0 errors=0
DBG_GATEWAY_CH9_RX_CONT_RESULT start=848726 end=849227 ret=-116 fail=0 status=0x00000000 len=0 frames=0
DBG_GATEWAY_CH9_RX_CONT_ARM now=849229 rem=500 frames=0 errors=0
DBG_GATEWAY_CH9_RX_CONT_RESULT start=849229 end=849730 ret=-116 fail=0 status=0x00000000 len=0 frames=0
DBG_GATEWAY_CH9_RX_CONT_ARM now=849732 rem=500 frames=0 errors=0
DBG_GATEWAY_CH9_RX_CONT_RESULT start=849732 end=850233 ret=-116 fail=0 status=0x00000000 len=0 frames=0
DBG_GATEWAY_CH9_RX_CONT_ARM now=850235 rem=500 frames=0 errors=0
DBG_GATEWAY_CH9_RX_CONT_RESULT start=850235 end=850736 ret=-116 fail=0 status=0x00000000 len=0 frames=0
DBG_GATEWAY_CH9_RX_CONT_ARM now=850738 rem=500 frames=0 errors=0
DBG_GATEWAY_CH9_RX_CONT_RESULT start=850738 end=851239 ret=-116 fail=0 status=0x00000000 len=0 frames=0
DBG_GATEWAY_CH9_RX_CONT_ARM now=851241 rem=500 frames=0 errors=0
DBG_GATEWAY_CH9_RX_CONT_RESULT start=851241 end=851742 ret=-116 fail=0 status=0x00000000 len=0 frames=0
DBG_GATEWAY_CH9_RX_CONT_ARM now=851744 rem=500 frames=0 errors=0
DBG_GATEWAY_CH9_RX_CONT_RESULT start=851744 end=852245 ret=-116 fail=0 status=0x00000000 len=0 frames=0
DBG_GATEWAY_CH9_RX_CONT_ARM now=852247 rem=500 frames=0 errors=0
DBG_GATEWAY_CH9_RX_CONT_RESULT start=852247 end=852748 ret=-116 fail=0 status=0x00000000 len=0 frames=0
DBG_GATEWAY_CH9_RX_CONT_ARM now=852750 rem=500 frames=0 errors=0
DBG_GATEWAY_CH9_RX_CONT_RESULT start=852750 end=853251 ret=-116 fail=0 status=0x00000000 len=0 frames=0
DBG_GATEWAY_CH9_RX_CONT_ARM now=853253 rem=500 frames=0 errors=0
DBG_GATEWAY_CH9_RX_CONT_RESULT start=853253 end=853754 ret=-116 fail=0 status=0x00000000 len=0 frames=0
DBG_GATEWAY_CH9_RX_CONT_ARM now=853756 rem=500 frames=0 errors=0
DBG_GATEWAY_CH9_RX_CONT_RESULT start=853756 end=854257 ret=-116 fail=0 status=0x00000000 len=0 frames=0
DBG_GATEWAY_CH9_RX_CONT_ARM now=854259 rem=500 frames=0 errors=0
DBG_GATEWAY_CH9_RX_CONT_RESULT start=854259 end=854760 ret=-116 fail=0 status=0x00000000 len=0 frames=0
DBG_GATEWAY_CH9_RX_CONT_ARM now=854762 rem=500 frames=0 errors=0
DBG_GATEWAY_CH9_RX_CONT_RESULT start=854762 end=855263 ret=-116 fail=0 status=0x00000000 len=0 frames=0
DBG_GATEWAY_CH9_RX_CONT_ARM now=855265 rem=500 frames=0 errors=0
DBG_GATEWAY_CH9_RX_CONT_RESULT start=855265 end=855766 ret=-116 fail=0 status=0x00000000 len=0 frames=0
DBG_GATEWAY_CH9_RX_CONT_ARM now=855768 rem=500 frames=0 errors=0
DBG_GATEWAY_CH9_RX_CONT_RESULT start=855768 end=856269 ret=-116 fail=0 status=0x00000000 len=0 frames=0
DBG_GATEWAY_CH9_RX_CONT_ARM now=856271 rem=500 frames=0 errors=0
DBG_GATEWAY_CH9_RX_CONT_RESULT start=856271 end=856772 ret=-116 fail=0 status=0x00000000 len=0 frames=0
DBG_GATEWAY_CH9_RX_CONT_ARM now=856774 rem=500 frames=0 errors=0
DBG_GATEWAY_CH9_RX_CONT_RESULT start=856774 end=857275 ret=-116 fail=0 status=0x00000000 len=0 frames=0
DBG_GATEWAY_CH9_RX_CONT_ARM now=857277 rem=500 frames=0 errors=0
DBG_GATEWAY_CH9_RX_CONT_RESULT start=857277 end=857778 ret=-116 fail=0 status=0x00000000 len=0 frames=0
DBG_GATEWAY_CH9_RX_CONT_ARM now=857780 rem=500 frames=0 errors=0
DBG_GATEWAY_CH9_RX_CONT_RESULT start=857780 end=858281 ret=-116 fail=0 status=0x00000000 len=0 frames=0
DBG_GATEWAY_CH9_RX_CONT_ARM now=858283 rem=500 frames=0 errors=0
DBG_GATEWAY_CH9_RX_CONT_RESULT start=858283 end=858784 ret=-116 fail=0 status=0x00000000 len=0 frames=0
DBG_GATEWAY_CH9_RX_CONT_ARM now=858786 rem=500 frames=0 errors=0
DBG_GATEWAY_CH9_RX_CONT_RESULT start=858786 end=859287 ret=-116 fail=0 status=0x00000000 len=0 frames=0
DBG_GATEWAY_CH9_RX_CONT_ARM now=859289 rem=500 frames=0 errors=0
DBG_GATEWAY_CH9_RX_CONT_RESULT start=859289 end=859790 ret=-116 fail=0 status=0x00000000 len=0 frames=0
DBG_GATEWAY_CH9_RX_CONT_ARM now=859792 rem=500 frames=0 errors=0
DBG_GATEWAY_CH9_RX_CONT_RESULT start=859792 end=860293 ret=-116 fail=0 status=0x00000000 len=0 frames=0
DBG_GATEWAY_CH9_RX_CONT_ARM now=860295 rem=500 frames=0 errors=0
DBG_GATEWAY_CH9_RX_CONT_RESULT start=860295 end=860796 ret=-116 fail=0 status=0x00000000 len=0 frames=0
DBG_GATEWAY_CH9_RX_CONT_ARM now=860798 rem=500 frames=0 errors=0
DBG_GATEWAY_CH9_RX_CONT_RESULT start=860798 end=861299 ret=-116 fail=0 status=0x00000000 len=0 frames=0
DBG_GATEWAY_CH9_RX_CONT_ARM now=861301 rem=500 frames=0 errors=0
DBG_GATEWAY_CH9_RX_CONT_RESULT start=861301 end=861802 ret=-116 fail=0 status=0x00000000 len=0 frames=0
DBG_GATEWAY_CH9_RX_CONT_ARM now=861804 rem=500 frames=0 errors=0
DBG_GATEWAY_CH9_RX_CONT_RESULT start=861804 end=862305 ret=-116 fail=0 status=0x00000000 len=0 frames=0
DBG_GATEWAY_CH9_RX_CONT_ARM now=862307 rem=500 frames=0 errors=0
DBG_GATEWAY_CH9_RX_CONT_RESULT start=862307 end=862808 ret=-116 fail=0 status=0x00000000 len=0 frames=0
DBG_GATEWAY_CH9_RX_CONT_ARM now=862810 rem=500 frames=0 errors=0
DBG_GATEWAY_CH9_RX_CONT_RESULT start=862810 end=863311 ret=-116 fail=0 status=0x00000000 len=0 frames=0
DBG_GATEWAY_CH9_RX_CONT_ARM now=863313 rem=500 frames=0 errors=0
DBG_GATEWAY_CH9_RX_CONT_RESULT start=863313 end=863814 ret=-116 fail=0 status=0x00000000 len=0 frames=0
DBG_GATEWAY_CH9_RX_CONT_ARM now=863816 rem=500 frames=0 errors=0
DBG_GATEWAY_CH9_RX_CONT_RESULT start=863816 end=864317 ret=-116 fail=0 status=0x00000000 len=0 frames=0
DBG_GATEWAY_CH9_RX_CONT_ARM now=864319 rem=500 frames=0 errors=0
DBG_GATEWAY_CH9_RX_CONT_RESULT start=864319 end=864820 ret=-116 fail=0 status=0x00000000 len=0 frames=0
DBG_GATEWAY_CH9_RX_CONT_ARM now=864822 rem=500 frames=0 errors=0
DBG_GATEWAY_CH9_RX_CONT_RESULT start=864822 end=865323 ret=-116 fail=0 status=0x00000000 len=0 frames=0
DBG_GATEWAY_CH9_RX_CONT_ARM now=865325 rem=500 frames=0 errors=0
DBG_GATEWAY_CH9_RX_CONT_RESULT start=865325 end=865826 ret=-116 fail=0 status=0x00000000 len=0 frames=0
DBG_GATEWAY_CH9_RX_CONT_ARM now=865828 rem=500 frames=0 errors=0
DBG_GATEWAY_CH9_RX_CONT_RESULT start=865828 end=866329 ret=-116 fail=0 status=0x00000000 len=0 frames=0
DBG_GATEWAY_CH9_RX_CONT_ARM now=866331 rem=500 frames=0 errors=0
DBG_GATEWAY_CH9_RX_CONT_RESULT start=866331 end=866832 ret=-116 fail=0 status=0x00000000 len=0 frames=0
DBG_GATEWAY_CH9_RX_CONT_ARM now=866834 rem=500 frames=0 errors=0
DBG_GATEWAY_CH9_RX_CONT_RESULT start=866834 end=867335 ret=-116 fail=0 status=0x00000000 len=0 frames=0
DBG_GATEWAY_CH9_RX_CONT_ARM now=867337 rem=500 frames=0 errors=0
DBG_GATEWAY_CH9_RX_CONT_RESULT start=867337 end=867838 ret=-116 fail=0 status=0x00000000 len=0 frames=0
DBG_GATEWAY_CH9_RX_CONT_ARM now=867840 rem=500 frames=0 errors=0
DBG_GATEWAY_CH9_RX_CONT_RESULT start=867840 end=868341 ret=-116 fail=0 status=0x00000000 len=0 frames=0
DBG_GATEWAY_CH9_RX_CONT_ARM now=868343 rem=500 frames=0 errors=0
DBG_GATEWAY_CH9_RX_CONT_RESULT start=868343 end=868844 ret=-116 fail=0 status=0x00000000 len=0 frames=0
DBG_GATEWAY_CH9_RX_CONT_ARM now=868846 rem=500 frames=0 errors=0
DBG_GATEWAY_CH9_RX_CONT_RESULT start=868846 end=869347 ret=-116 fail=0 status=0x00000000 len=0 frames=0
DBG_GATEWAY_CH9_RX_CONT_ARM now=869349 rem=500 frames=0 errors=0
DBG_GATEWAY_CH9_RX_CONT_RESULT start=869349 end=869850 ret=-116 fail=0 status=0x00000000 len=0 frames=0
DBG_GATEWAY_CH9_RX_CONT_ARM now=869852 rem=500 frames=0 errors=0
DBG_GATEWAY_CH9_RX_CONT_RESULT start=869852 end=870353 ret=-116 fail=0 status=0x00000000 len=0 frames=0
DBG_GATEWAY_CH9_RX_CONT_ARM now=870355 rem=500 frames=0 errors=0
DBG_GATEWAY_CH9_RX_CONT_RESULT start=870355 end=870856 ret=-116 fail=0 status=0x00000000 len=0 frames=0
DBG_GATEWAY_CH9_RX_CONT_ARM now=870858 rem=500 frames=0 errors=0
DBG_GATEWAY_CH9_RX_CONT_RESULT start=870858 end=871359 ret=-116 fail=0 status=0x00000000 len=0 frames=0
DBG_GATEWAY_CH9_RX_CONT_ARM now=871361 rem=500 frames=0 errors=0
DBG_GATEWAY_BLE event=connected err=0 uptime=871491
DBG_GATEWAY_BLE event=param-request ret=0 interval=24-40 latency=0 timeout_ms=12000 uptime=871492
DBG_GATEWAY_CH9_RX_CONT_RESULT start=871361 end=871862 ret=-116 fail=0 status=0x00000000 len=0 frames=0
DBG_GATEWAY_CH9_RX_CONT_ARM now=871864 rem=500 frames=0 errors=0
DBG_GATEWAY_CH9_RX_CONT_RESULT start=871864 end=872365 ret=-116 fail=0 status=0x00000000 len=0 frames=0
DBG_GATEWAY_CH9_RX_CONT_ARM now=872367 rem=500 frames=0 errors=0
DBG_GATEWAY_CH9_RX_CONT_RESULT start=872367 end=872868 ret=-116 fail=0 status=0x00000000 len=0 frames=0
DBG_GATEWAY_CH9_RX_CONT_ARM now=872870 rem=500 frames=0 errors=0
DBG_GATEWAY_CH9_RX_CONT_RESULT start=872870 end=873371 ret=-116 fail=0 status=0x00000000 len=0 frames=0
DBG_GATEWAY_CH9_RX_CONT_ARM now=873373 rem=500 frames=0 errors=0
DBG_GATEWAY_CH9_RX_CONT_RESULT start=873373 end=873874 ret=-116 fail=0 status=0x00000000 len=0 frames=0
DBG_GATEWAY_CH9_RX_CONT_ARM now=873876 rem=500 frames=0 errors=0
DBG_GATEWAY_COMMAND_PRIORITY_SUBMIT ret=0 now=873883
DBG_STACK_RUN_BEGIN epoch=2799397898486933393 run=58 kind=ble_backpressure owner=system_workqueue queue=1 custody=1 credit=0 retry=0 drain=1 src=11068027678940948070 dst=11068027678940948070 session=44040265 seq=73 type=86 sequence=0 previous=0 uptime=873883
DBG_STACK_SAMPLE_BEGIN epoch=2799397898486933393 run=58 sample=58 kind=ble_backpressure owner=system_workqueue queue=1 custody=1 credit=0 retry=0 drain=1 src=11068027678940948070 dst=11068027678940948070 session=44040265 seq=73 type=86 uptime=873884
DBG_STACK_ISR_CONFIG size=8192 run=58 sample=58
DBG_STACK name=BT RX WQ tid=0x2000fe18 used=760 free=776 size=1536 ret=0 run=58 sample=58
DBG_STACK name=mesh_route tid=0x2000d560 used=5888 free=2304 size=8192 ret=0 run=58 sample=58
DBG_STACK name=sysworkq tid=0x20010d70 used=2408 free=2072 size=4480 ret=0 run=58 sample=58
DBG_STACK name=MPSL Work tid=0x20010b28 used=376 free=648 size=1024 ret=0 run=58 sample=58
DBG_STACK name=logging tid=0x2000f920 used=480 free=1568 size=2048 ret=0 run=58 sample=58
DBG_STACK name=idle tid=0x20010c00 used=64 free=256 size=320 ret=0 run=58 sample=58
DBG_STACK_SAMPLE_END run=58 sample=58
DBG_STACK_RUN_END epoch=2799397898486933393 run=58 kind=ble_backpressure owner=system_workqueue outcome=ack queue=2 custody=0 credit=1 retry=0 drain=2 src=11068027678940948070 dst=11068027678940948070 session=44040265 seq=73 type=86 samples=1 sequence=0 previous=0 uptime=873906
DBG_WAKE_TRAIN_CONFIG_BEGIN
DBG_DWM_INVALIDATE tag=configure_radio_from_reset active_phy=2 configured=1 awake=0
DBG_DWM_MARK_UNCONFIGURED tag=initialise_radio prev_phy=0
DBG_WAKE_TRAIN_CONFIG_OK
DBG_WAKE_TRAIN_FIRST_SEND_BEGIN
DBG_WAKE_TRAIN_FIRST_SEND_OK
DBG_UWB_TX_CH5
DBG_TX_WAKE_CLAIM_SENT
DBG_UWB_TX_CH5
DBG_TX_WAKE_CLAIM_SENT
DBG_UWB_TX_CH5
DBG_TX_WAKE_CLAIM_SENT
DBG_UWB_TX_CH5
DBG_TX_WAKE_CLAIM_SENT
DBG_UWB_TX_CH5
DBG_TX_WAKE_CLAIM_SENT
DBG_UWB_TX_CH5
DBG_TX_WAKE_CLAIM_SENT
DBG_UWB_TX_CH5
DBG_TX_WAKE_CLAIM_SENT
DBG_UWB_TX_CH5
DBG_TX_WAKE_CLAIM_SENT
DBG_UWB_TX_CH5
DBG_TX_WAKE_CLAIM_SENT
DBG_UWB_TX_CH5
DBG_TX_WAKE_CLAIM_SENT
DBG_UWB_TX_CH5
DBG_TX_WAKE_CLAIM_SENT
DBG_UWB_TX_CH5
DBG_TX_WAKE_CLAIM_SENT
DBG_UWB_TX_CH5
DBG_TX_WAKE_CLAIM_SENT
DBG_UWB_TX_CH5
DBG_TX_WAKE_CLAIM_SENT
DBG_UWB_TX_CH5
DBG_TX_WAKE_CLAIM_SENT
DBG_UWB_TX_CH5
DBG_TX_WAKE_CLAIM_SENT
DBG_UWB_TX_CH5
DBG_TX_WAKE_CLAIM_SENT
DBG_UWB_TX_CH5
DBG_TX_WAKE_CLAIM_SENT
DBG_UWB_TX_CH5
DBG_TX_WAKE_CLAIM_SENT
DBG_UWB_TX_CH5
DBG_TX_WAKE_CLAIM_SENT
DBG_UWB_TX_CH5
DBG_TX_WAKE_CLAIM_SENT
DBG_UWB_TX_CH5
DBG_TX_WAKE_CLAIM_SENT
DBG_UWB_TX_CH5
DBG_TX_WAKE_CLAIM_SENT
DBG_UWB_TX_CH5
DBG_TX_WAKE_CLAIM_SENT
DBG_UWB_TX_CH5
DBG_TX_WAKE_CLAIM_SENT
DBG_UWB_TX_CH5
DBG_TX_WAKE_CLAIM_SENT
DBG_UWB_TX_CH5
DBG_TX_WAKE_CLAIM_SENT
DBG_UWB_TX_CH5
DBG_TX_WAKE_CLAIM_SENT
DBG_UWB_TX_CH5
DBG_TX_WAKE_CLAIM_SENT
DBG_UWB_TX_CH5
DBG_TX_WAKE_CLAIM_SENT
DBG_UWB_TX_CH5
DBG_TX_WAKE_CLAIM_SENT
DBG_UWB_TX_CH5
DBG_TX_WAKE_CLAIM_SENT
DBG_UWB_TX_CH5
DBG_TX_WAKE_CLAIM_SENT
DBG_UWB_TX_CH5
DBG_TX_WAKE_CLAIM_SENT
DBG_UWB_TX_CH5
DBG_TX_WAKE_CLAIM_SENT
DBG_UWB_TX_CH5
DBG_TX_WAKE_CLAIM_SENT
DBG_UWB_TX_CH5
DBG_TX_WAKE_CLAIM_SENT
DBG_UWB_TX_CH5
DBG_TX_WAKE_CLAIM_SENT
DBG_UWB_TX_CH5
DBG_TX_WAKE_CLAIM_SENT
DBG_UWB_TX_CH5
DBG_TX_WAKE_CLAIM_SENT
DBG_UWB_TX_CH5
DBG_TX_WAKE_CLAIM_SENT
DBG_UWB_TX_CH5
DBG_TX_WAKE_CLAIM_SENT
DBG_UWB_TX_CH5
DBG_TX_WAKE_CLAIM_SENT
DBG_UWB_TX_CH5
DBG_TX_WAKE_CLAIM_SENT
DBG_UWB_TX_CH5
DBG_TX_WAKE_CLAIM_SENT
DBG_UWB_TX_CH5
DBG_TX_WAKE_CLAIM_SENT
DBG_UWB_TX_CH5
DBG_TX_WAKE_CLAIM_SENT
DBG_UWB_TX_CH5
DBG_TX_WAKE_CLAIM_SENT
DBG_UWB_TX_CH5
DBG_TX_WAKE_CLAIM_SENT
DBG_UWB_TX_CH5
DBG_TX_WAKE_CLAIM_SENT
DBG_UWB_TX_CH5
DBG_TX_WAKE_CLAIM_SENT
DBG_UWB_TX_CH5
DBG_TX_WAKE_CLAIM_SENT
DBG_UWB_TX_CH5
DBG_TX_WAKE_CLAIM_SENT
DBG_UWB_TX_CH5
DBG_TX_WAKE_CLAIM_SENT
DBG_UWB_TX_CH5
DBG_TX_WAKE_CLAIM_SENT
DBG_UWB_TX_CH5
DBG_TX_WAKE_CLAIM_SENT
DBG_UWB_TX_CH5
DBG_TX_WAKE_CLAIM_SENT
DBG_UWB_TX_CH5
DBG_TX_WAKE_CLAIM_SENT
DBG_UWB_TX_CH5
DBG_TX_WAKE_CLAIM_SENT
DBG_UWB_TX_CH5
DBG_TX_WAKE_CLAIM_SENT
DBG_UWB_TX_CH5
DBG_TX_WAKE_CLAIM_SENT
DBG_UWB_TX_CH5
DBG_TX_WAKE_CLAIM_SENT
DBG_DWM_INVALIDATE tag=configure_radio_from_reset active_phy=2 configured=1 awake=1
DBG_DWM_MARK_UNCONFIGURED tag=initialise_radio prev_phy=0
DBG_STACK_RUN_BEGIN epoch=2799397898486933393 run=59 kind=ble_backpressure owner=system_workqueue queue=1 custody=1 credit=0 retry=0 drain=1 src=11068027678940948070 dst=11068027678940948070 session=44040266 seq=74 type=86 sequence=0 previous=0 uptime=874378
DBG_STACK_SAMPLE_BEGIN epoch=2799397898486933393 run=59 sample=59 kind=ble_backpressure owner=system_workqueue queue=1 custody=1 credit=0 retry=0 drain=1 src=11068027678940948070 dst=11068027678940948070 session=44040266 seq=74 type=86 uptime=874378
DBG_STACK_ISR_CONFIG size=8192 run=59 sample=59
DBG_STACK name=BT RX WQ tid=0x2000fe18 used=760 free=776 size=1536 ret=0 run=59 sample=59
DBG_STACK name=mesh_route tid=0x2000d560 used=5888 free=2304 size=8192 ret=0 run=59 sample=59
DBG_STACK name=sysworkq tid=0x20010d70 used=2408 free=2072 size=4480 ret=0 run=59 sample=59
DBG_STACK name=MPSL Work tid=0x20010b28 used=376 free=648 size=1024 ret=0 run=59 sample=59
DBG_STACK name=logging tid=0x2000f920 used=480 free=1568 size=2048 ret=0 run=59 sample=59
DBG_STACK name=idle tid=0x20010c00 used=64 free=256 size=320 ret=0 run=59 sample=59
DBG_STACK_SAMPLE_END run=59 sample=59
DBG_STACK_RUN_END epoch=2799397898486933393 run=59 kind=ble_backpressure owner=system_workqueue outcome=ack queue=1 custody=0 credit=1 retry=0 drain=1 src=11068027678940948070 dst=11068027678940948070 session=44040266 seq=74 type=86 samples=1 sequence=0 previous=0 uptime=874400
DBG_DWM_INVALIDATE tag=configure_radio_from_reset active_phy=2 configured=1 awake=0
DBG_DWM_MARK_UNCONFIGURED tag=initialise_radio prev_phy=0
DBG_DWM_INVALIDATE tag=configure_radio_from_reset active_phy=2 configured=1 awake=0
DBG_DWM_MARK_UNCONFIGURED tag=initialise_radio prev_phy=0
DBG_DWM_WAKE_MESH_CTRL_OK sfd=4073
DBG_C5_TX_CONFIG ret=0 ext=1 len=178 msg=3c reason=bounded-c5-flood
DBG_UWB_TX_CH5
DBG_DWM_INVALIDATE tag=configure_radio_from_reset active_phy=4 configured=1 awake=0
DBG_DWM_MARK_UNCONFIGURED tag=initialise_radio prev_phy=0
DBG_DWM_WAKE_MESH_CTRL_OK sfd=4073
DBG_DWM_INVALIDATE tag=configure_radio_from_reset active_phy=4 configured=1 awake=0
DBG_DWM_MARK_UNCONFIGURED tag=initialise_radio prev_phy=0
DBG_DWM_INVALIDATE tag=configure_radio_from_reset active_phy=2 configured=1 awake=0
DBG_DWM_MARK_UNCONFIGURED tag=initialise_radio prev_phy=0
DBG_DWM_WAKE_MESH_CTRL_OK sfd=4073
DBG_C5_TX_CONFIG ret=0 ext=1 len=178 msg=3c reason=bounded-c5-flood
DBG_UWB_TX_CH5
DBG_DWM_INVALIDATE tag=configure_radio_from_reset active_phy=4 configured=1 awake=0
DBG_DWM_MARK_UNCONFIGURED tag=initialise_radio prev_phy=0
DBG_DWM_WAKE_MESH_CTRL_OK sfd=4073
DBG_DWM_INVALIDATE tag=configure_radio_from_reset active_phy=4 configured=1 awake=0
DBG_DWM_MARK_UNCONFIGURED tag=initialise_radio prev_phy=0
DBG_DWM_INVALIDATE tag=configure_radio_from_reset active_phy=2 configured=1 awake=0
DBG_DWM_MARK_UNCONFIGURED tag=initialise_radio prev_phy=0
DBG_DWM_WAKE_MESH_CTRL_OK sfd=4073
DBG_C5_TX_CONFIG ret=0 ext=1 len=178 msg=3c reason=bounded-c5-flood
DBG_UWB_TX_CH5
DBG_DWM_INVALIDATE tag=configure_radio_from_reset active_phy=4 configured=1 awake=0
DBG_DWM_MARK_UNCONFIGURED tag=initialise_radio prev_phy=0
DBG_DWM_WAKE_MESH_CTRL_OK sfd=4073
DBG_DWM_INVALIDATE tag=configure_radio_from_reset active_phy=4 configured=1 awake=0
DBG_DWM_MARK_UNCONFIGURED tag=initialise_radio prev_phy=0
DBG_DWM_INVALIDATE tag=configure_radio_from_reset active_phy=2 configured=1 awake=0
DBG_DWM_MARK_UNCONFIGURED tag=initialise_radio prev_phy=0
DBG_DWM_WAKE_MESH_CTRL_OK sfd=4073
DBG_C5_TX_CONFIG ret=0 ext=1 len=178 msg=3c reason=bounded-c5-flood
DBG_UWB_TX_CH5
DBG_GATEWAY_RX_START reason=gateway mesh restart active=1 qrx=0 qtx=0 adv_due=0
DBG_COORD state=gateway-rx owner=uwb-rx reason=gateway-rx rx=0 tx=0 relay=0 route=0 ack=0 qack=0
DBG_GATEWAY_CH9_RX_CONT_CAP now=874820 win=12700 adv_wait=12700 due=887520
DBG_DWM_INVALIDATE tag=configure_radio_from_reset active_phy=4 configured=1 awake=1
DBG_STACK_RUN_BEGIN epoch=2799397898486933393 run=60 kind=ble_backpressure owner=system_workqueue queue=1 custody=1 credit=0 retry=0 drain=1 src=11068027678940948070 dst=11068027678940948070 session=44040268 seq=76 type=86 sequence=0 previous=0 uptime=874828
DBG_STACK_SAMPLE_BEGIN epoch=2799397898486933393 run=60 sample=60 kind=ble_backpressure owner=system_workqueue queue=1 custody=1 credit=0 retry=0 drain=1 src=11068027678940948070 dst=11068027678940948070 session=44040268 seq=76 type=86 uptime=874828
DBG_STACK_ISR_CONFIG size=8192 run=60 sample=60
DBG_STACK name=BT RX WQ tid=0x2000fe18 used=760 free=776 size=1536 ret=0 run=60 sample=60
DBG_STACK name=mesh_route tid=0x2000d560 used=5888 free=2304 size=8192 ret=0 run=60 sample=60
DBG_STACK name=sysworkq tid=0x20010d70 used=2408 free=2072 size=4480 ret=0 run=60 sample=60
DBG_STACK name=MPSL Work tid=0x20010b28 used=376 free=648 size=1024 ret=0 run=60 sample=60
DBG_STACK name=logging tid=0x2000f920 used=480 free=1568 size=2048 ret=0 run=60 sample=60
DBG_STACK name=idle tid=0x20010c00 used=64 free=256 size=320 ret=0 run=60 sample=60
DBG_STACK_SAMPLE_END run=60 sample=60
DBG_STACK_RUN_END epoch=2799397898486933393 run=60 kind=ble_backpressure owner=system_workqueue outcome=ack queue=1 custody=0 credit=1 retry=0 drain=1 src=11068027678940948070 dst=11068027678940948070 session=44040268 seq=76 type=86 samples=1 sequence=0 previous=0 uptime=874849
DBG_GATEWAY_CH9_RX_CONT_ARM now=874850 rem=500 frames=0 errors=0
DBG_GATEWAY_CH9_RX_CONT_RESULT start=874850 end=875351 ret=-116 fail=0 status=0x02000000 len=0 frames=0
DBG_GATEWAY_CH9_RX_CONT_CAP now=875353 win=12167 adv_wait=12167 due=887520
DBG_GATEWAY_CH9_RX_CONT_ARM now=875353 rem=500 frames=0 errors=0
DBG_GATEWAY_CH9_RX_CONT_RESULT start=875353 end=875854 ret=-116 fail=0 status=0x00000000 len=0 frames=0
DBG_GATEWAY_CH9_RX_CONT_CAP now=875856 win=11664 adv_wait=11664 due=887520
DBG_GATEWAY_CH9_RX_CONT_ARM now=875856 rem=500 frames=0 errors=0
DBG_GATEWAY_CH9_RX_CONT_RESULT start=875856 end=876357 ret=-116 fail=0 status=0x00000000 len=0 frames=0
DBG_GATEWAY_CH9_RX_CONT_CAP now=876359 win=11161 adv_wait=11161 due=887520
DBG_GATEWAY_CH9_RX_CONT_ARM now=876359 rem=500 frames=0 errors=0
DBG_GATEWAY_CH9_RX_CONT_RESULT start=876359 end=876860 ret=-116 fail=0 status=0x00000000 len=0 frames=0
DBG_GATEWAY_CH9_RX_CONT_CAP now=876862 win=10658 adv_wait=10658 due=887520
DBG_GATEWAY_CH9_RX_CONT_ARM now=876862 rem=500 frames=0 errors=0
DBG_GATEWAY_CH9_RX_CONT_RESULT start=876862 end=877363 ret=-116 fail=0 status=0x00000000 len=0 frames=0
DBG_GATEWAY_CH9_RX_CONT_CAP now=877365 win=10155 adv_wait=10155 due=887520
DBG_GATEWAY_CH9_RX_CONT_ARM now=877365 rem=500 frames=0 errors=0
DBG_GATEWAY_CH9_RX_CONT_RESULT start=877365 end=877866 ret=-116 fail=0 status=0x00000000 len=0 frames=0
DBG_GATEWAY_CH9_RX_CONT_CAP now=877868 win=9652 adv_wait=9652 due=887520
DBG_GATEWAY_CH9_RX_CONT_ARM now=877868 rem=500 frames=0 errors=0
DBG_GATEWAY_CH9_RX_CONT_RESULT start=877868 end=878369 ret=-116 fail=0 status=0x00000000 len=0 frames=0
DBG_GATEWAY_CH9_RX_CONT_CAP now=878371 win=9149 adv_wait=9149 due=887520
DBG_GATEWAY_CH9_RX_CONT_ARM now=878371 rem=500 frames=0 errors=0
DBG_GATEWAY_CH9_RX_CONT_RESULT start=878371 end=878872 ret=-116 fail=0 status=0x00000000 len=0 frames=0
DBG_GATEWAY_CH9_RX_CONT_CAP now=878874 win=8646 adv_wait=8646 due=887520
DBG_GATEWAY_CH9_RX_CONT_ARM now=878874 rem=500 frames=0 errors=0
DBG_GATEWAY_CH9_RX_CONT_RESULT start=878874 end=879375 ret=-116 fail=0 status=0x00000000 len=0 frames=0
DBG_GATEWAY_CH9_RX_CONT_CAP now=879377 win=8143 adv_wait=8143 due=887520
DBG_GATEWAY_CH9_RX_CONT_ARM now=879377 rem=500 frames=0 errors=0
DBG_GATEWAY_CH9_RX_CONT_RESULT start=879377 end=879878 ret=-116 fail=0 status=0x00000000 len=0 frames=0
DBG_GATEWAY_CH9_RX_CONT_CAP now=879880 win=7640 adv_wait=7640 due=887520
DBG_GATEWAY_CH9_RX_CONT_ARM now=879880 rem=500 frames=0 errors=0
DBG_GATEWAY_CH9_RX_CONT_RESULT start=879880 end=880381 ret=-116 fail=0 status=0x00000000 len=0 frames=0
DBG_GATEWAY_CH9_RX_CONT_CAP now=880383 win=7137 adv_wait=7137 due=887520
DBG_GATEWAY_CH9_RX_CONT_ARM now=880383 rem=500 frames=0 errors=0
DBG_GATEWAY_CH9_RX_CONT_RESULT start=880383 end=880884 ret=-116 fail=0 status=0x00000000 len=0 frames=0
DBG_GATEWAY_CH9_RX_CONT_CAP now=880886 win=6634 adv_wait=6634 due=887520
DBG_GATEWAY_CH9_RX_CONT_ARM now=880886 rem=500 frames=0 errors=0
DBG_GATEWAY_CH9_RX_CONT_RESULT start=880886 end=881387 ret=-116 fail=0 status=0x00000000 len=0 frames=0
DBG_GATEWAY_CH9_RX_CONT_CAP now=881389 win=6131 adv_wait=6131 due=887520
DBG_GATEWAY_CH9_RX_CONT_ARM now=881389 rem=500 frames=0 errors=0
DBG_GATEWAY_CH9_RX_CONT_RESULT start=881389 end=881890 ret=-116 fail=0 status=0x00000000 len=0 frames=0
DBG_GATEWAY_CH9_RX_CONT_CAP now=881892 win=5628 adv_wait=5628 due=887520
DBG_GATEWAY_CH9_RX_CONT_ARM now=881892 rem=500 frames=0 errors=0
DBG_GATEWAY_CH9_RX_CONT_RESULT start=881892 end=882393 ret=-116 fail=0 status=0x00000000 len=0 frames=0
DBG_GATEWAY_CH9_RX_CONT_CAP now=882395 win=5125 adv_wait=5125 due=887520
DBG_GATEWAY_CH9_RX_CONT_ARM now=882395 rem=500 frames=0 errors=0
DBG_GATEWAY_CH9_RX_CONT_RESULT start=882395 end=882896 ret=-116 fail=0 status=0x00000000 len=0 frames=0
DBG_GATEWAY_CH9_RX_CONT_CAP now=882898 win=4622 adv_wait=4622 due=887520
DBG_GATEWAY_CH9_RX_CONT_ARM now=882898 rem=500 frames=0 errors=0
DBG_GATEWAY_CH9_RX_CONT_RESULT start=882898 end=883399 ret=-116 fail=0 status=0x00000000 len=0 frames=0
DBG_GATEWAY_CH9_RX_CONT_CAP now=883401 win=4119 adv_wait=4119 due=887520
DBG_GATEWAY_CH9_RX_CONT_ARM now=883401 rem=500 frames=0 errors=0
DBG_GATEWAY_CH9_RX_CONT_RESULT start=883401 end=883902 ret=-116 fail=0 status=0x00000000 len=0 frames=0
DBG_GATEWAY_CH9_RX_CONT_CAP now=883904 win=3616 adv_wait=3616 due=887520
DBG_GATEWAY_CH9_RX_CONT_ARM now=883904 rem=500 frames=0 errors=0
DBG_GATEWAY_CH9_RX_CONT_RESULT start=883904 end=884405 ret=-116 fail=0 status=0x00000000 len=0 frames=0
DBG_GATEWAY_CH9_RX_CONT_CAP now=884407 win=3113 adv_wait=3113 due=887520
DBG_GATEWAY_CH9_RX_CONT_ARM now=884407 rem=500 frames=0 errors=0
DBG_GATEWAY_CH9_RX_CONT_RESULT start=884407 end=884908 ret=-116 fail=0 status=0x00000000 len=0 frames=0
DBG_GATEWAY_CH9_RX_CONT_CAP now=884910 win=2610 adv_wait=2610 due=887520
DBG_GATEWAY_CH9_RX_CONT_ARM now=884910 rem=500 frames=0 errors=0
DBG_GATEWAY_CH9_RX_CONT_RESULT start=884910 end=885411 ret=-116 fail=0 status=0x00000000 len=0 frames=0
DBG_GATEWAY_CH9_RX_CONT_CAP now=885413 win=2107 adv_wait=2107 due=887520
DBG_GATEWAY_CH9_RX_CONT_ARM now=885413 rem=500 frames=0 errors=0
DBG_GATEWAY_CH9_RX_CONT_RESULT start=885413 end=885914 ret=-116 fail=0 status=0x00000000 len=0 frames=0
DBG_GATEWAY_CH9_RX_CONT_CAP now=885916 win=1604 adv_wait=1604 due=887520
DBG_GATEWAY_CH9_RX_CONT_ARM now=885916 rem=500 frames=0 errors=0
DBG_GATEWAY_CH9_RX_CONT_RESULT start=885916 end=886417 ret=-116 fail=0 status=0x00000000 len=0 frames=0
DBG_GATEWAY_CH9_RX_CONT_CAP now=886419 win=1101 adv_wait=1101 due=887520
DBG_GATEWAY_CH9_RX_CONT_ARM now=886419 rem=500 frames=0 errors=0
DBG_GATEWAY_CH9_RX_CONT_RESULT start=886419 end=886920 ret=-116 fail=0 status=0x00000000 len=0 frames=0
DBG_GATEWAY_CH9_RX_CONT_CAP now=886922 win=598 adv_wait=598 due=887520
DBG_GATEWAY_CH9_RX_CONT_ARM now=886922 rem=500 frames=0 errors=0
DBG_GATEWAY_CH9_RX_CONT_RESULT start=886922 end=887423 ret=-116 fail=0 status=0x00000000 len=0 frames=0
DBG_GATEWAY_CH9_RX_CONT_CAP now=887425 win=95 adv_wait=95 due=887520
DBG_GATEWAY_CH9_RX_CONT_ARM now=887425 rem=95 frames=0 errors=0
DBG_GATEWAY_CH9_RX_CONT_RESULT start=887425 end=887521 ret=-116 fail=0 status=0x00000000 len=0 frames=0
DBG_GATEWAY_CH9_RX_DONE_YIELD_ADV now=887522 due=887520
DBG_STACK_RUN_BEGIN epoch=2799397898486933393 run=61 kind=ble_backpressure owner=system_workqueue queue=1 custody=1 credit=0 retry=0 drain=1 src=11068027678940948070 dst=11068027678940948070 session=419698816 seq=6272 type=65 sequence=0 previous=0 uptime=887522
DBG_STACK_SAMPLE_BEGIN epoch=2799397898486933393 run=61 sample=61 kind=ble_backpressure owner=system_workqueue queue=1 custody=1 credit=0 retry=0 drain=1 src=11068027678940948070 dst=11068027678940948070 session=419698816 seq=6272 type=65 uptime=887523
DBG_STACK_ISR_CONFIG size=8192 run=61 sample=61
DBG_STACK name=BT RX WQ tid=0x2000fe18 used=760 free=776 size=1536 ret=0 run=61 sample=61
DBG_STACK name=mesh_route tid=0x2000d560 used=5888 free=2304 size=8192 ret=0 run=61 sample=61
DBG_STACK name=sysworkq tid=0x20010d70 used=2408 free=2072 size=4480 ret=0 run=61 sample=61
DBG_STACK name=MPSL Work tid=0x20010b28 used=376 free=648 size=1024 ret=0 run=61 sample=61
DBG_STACK name=logging tid=0x2000f920 used=480 free=1568 size=2048 ret=0 run=61 sample=61
DBG_STACK name=idle tid=0x20010c00 used=64 free=256 size=320 ret=0 run=61 sample=61
DBG_STACK_SAMPLE_END run=61 sample=61
DBG_STACK_RUN_END epoch=2799397898486933393 run=61 kind=ble_backpressure owner=system_workqueue outcome=ack queue=2 custody=0 credit=1 retry=0 drain=2 src=11068027678940948070 dst=11068027678940948070 session=419698816 seq=6272 type=65 samples=1 sequence=0 previous=0 uptime=887550
DBG_GATEWAY_CH9_RX_CONT_RESULT start=887532 end=888033 ret=-116 fail=0 status=0x00000000 len=0 frames=0
DBG_GATEWAY_CH9_RX_CONT_ARM now=888035 rem=500 frames=0 errors=0
DBG_STACK_RUN_BEGIN epoch=2799397898486933393 run=62 kind=ble_backpressure owner=system_workqueue queue=1 custody=1 credit=0 retry=0 drain=1 src=11068027678940948070 dst=11068027678940948070 session=44040269 seq=77 type=86 sequence=0 previous=0 uptime=888103
DBG_STACK_SAMPLE_BEGIN epoch=2799397898486933393 run=62 sample=62 kind=ble_backpressure owner=system_workqueue queue=1 custody=1 credit=0 retry=0 drain=1 src=11068027678940948070 dst=11068027678940948070 session=44040269 seq=77 type=86 uptime=888103
DBG_STACK_ISR_CONFIG size=8192 run=62 sample=62
DBG_STACK name=BT RX WQ tid=0x2000fe18 used=760 free=776 size=1536 ret=0 run=62 sample=62
DBG_STACK name=mesh_route tid=0x2000d560 used=5888 free=2304 size=8192 ret=0 run=62 sample=62
DBG_STACK name=sysworkq tid=0x20010d70 used=2408 free=2072 size=4480 ret=0 run=62 sample=62
DBG_STACK name=MPSL Work tid=0x20010b28 used=376 free=648 size=1024 ret=0 run=62 sample=62
DBG_STACK name=logging tid=0x2000f920 used=480 free=1568 size=2048 ret=0 run=62 sample=62
DBG_STACK name=idle tid=0x20010c00 used=64 free=256 size=320 ret=0 run=62 sample=62
DBG_STACK_SAMPLE_END run=62 sample=62
DBG_STACK_RUN_END epoch=2799397898486933393 run=62 kind=ble_backpressure owner=system_workqueue outcome=ack queue=1 custody=0 credit=1 retry=0 drain=1 src=11068027678940948070 dst=11068027678940948070 session=44040269 seq=77 type=86 samples=1 sequence=0 previous=0 uptime=888119
DBG_GATEWAY_CH9_RX_CONT_RESULT start=888035 end=888536 ret=-116 fail=0 status=0x00000000 len=0 frames=0
DBG_GATEWAY_CH9_RX_CONT_ARM now=888538 rem=500 frames=0 errors=0
DBG_GATEWAY_CH9_RX_CONT_RESULT start=888538 end=889039 ret=-116 fail=0 status=0x00000000 len=0 frames=0
DBG_GATEWAY_CH9_RX_CONT_ARM now=889041 rem=500 frames=0 errors=0
DBG_GATEWAY_COMMAND_PRIORITY_SUBMIT ret=0 now=889408
DBG_STACK_RUN_BEGIN epoch=2799397898486933393 run=63 kind=ble_backpressure owner=system_workqueue queue=1 custody=1 credit=0 retry=0 drain=1 src=11068027678940948070 dst=11068027678940948070 session=44040270 seq=78 type=86 sequence=0 previous=0 uptime=889408
DBG_STACK_SAMPLE_BEGIN epoch=2799397898486933393 run=63 sample=63 kind=ble_backpressure owner=system_workqueue queue=1 custody=1 credit=0 retry=0 drain=1 src=11068027678940948070 dst=11068027678940948070 session=44040270 seq=78 type=86 uptime=889409
DBG_STACK_ISR_CONFIG size=8192 run=63 sample=63
DBG_STACK name=BT RX WQ tid=0x2000fe18 used=760 free=776 size=1536 ret=0 run=63 sample=63
DBG_STACK name=mesh_route tid=0x2000d560 used=5888 free=2304 size=8192 ret=0 run=63 sample=63
DBG_STACK name=sysworkq tid=0x20010d70 used=2408 free=2072 size=4480 ret=0 run=63 sample=63
DBG_STACK name=MPSL Work tid=0x20010b28 used=376 free=648 size=1024 ret=0 run=63 sample=63
DBG_STACK name=logging tid=0x2000f920 used=480 free=1568 size=2048 ret=0 run=63 sample=63
DBG_STACK name=idle tid=0x20010c00 used=64 free=256 size=320 ret=0 run=63 sample=63
DBG_STACK_SAMPLE_END run=63 sample=63
DBG_STACK_RUN_END epoch=2799397898486933393 run=63 kind=ble_backpressure owner=system_workqueue outcome=ack queue=3 custody=0 credit=1 retry=0 drain=3 src=11068027678940948070 dst=11068027678940948070 session=44040270 seq=78 type=86 samples=1 sequence=0 previous=0 uptime=889421
DBG_GATEWAY_CH9_RX_CONT_RESULT start=889415 end=889915 ret=-116 fail=0 status=0x00000000 len=0 frames=0
DBG_GATEWAY_COMMAND_PRIORITY_SUBMIT ret=0 now=889916
DBG_GATEWAY_CH9_RX_CONT_ARM now=889917 rem=500 frames=0 errors=0
DBG_GATEWAY_CH9_RX_CONT_RESULT start=889917 end=889918 ret=-140 fail=0 status=0x00000000 len=0 frames=0
DBG_GATEWAY_CH9_RX_COMMAND_PREEMPT now=889919 rem=500 frames=0
DBG_GATEWAY_CH9_RX_CONT_DONE ret=-140 len=0 fail=0 recover=0
DBG_NC o=000000000000000a g=0000000a w=00 e=0000003c s=00000005 q=0000>0004 r=00000000 f=00000024 t=00000000 p=00000000 a=00
DBG_NODE_COMM_SUBMIT handle=10 profile=0 token=17039370 deadline=899919
DBG_ENUM_FLOOD kind=1 handle=10
DBG_ENUM_CLAIM_TX epoch=44040272 round=1 ret=0
DBG_NODE_COMM_TX_BEGIN handle=10 profile=0 msg=64 dst=0x0 seq=10
DBG_CONTROL_RX_HANDOFF_READY abort=0
DBG_COORD state=idle owner=c5-flood reason=idle rx=0 tx=0 relay=0 route=0 ack=0 qack=0
DBG_WAKE_TRAIN_GUARD_OK
DBG_DWM_INVALIDATE tag=configure_radio_from_reset active_phy=3 configured=1 awake=1
DBG_DWM_MARK_UNCONFIGURED tag=initialise_radio prev_phy=0
DBG_WAKE_TRAIN_CONFIG_BEGIN
DBG_DWM_INVALIDATE tag=configure_radio_from_reset active_phy=2 configured=1 awake=0
DBG_DWM_MARK_UNCONFIGURED tag=initialise_radio prev_phy=0
DBG_WAKE_TRAIN_CONFIG_OK
DBG_WAKE_TRAIN_FIRST_SEND_BEGIN
DBG_WAKE_TRAIN_FIRST_SEND_OK
DBG_UWB_TX_CH5
DBG_TX_WAKE_CLAIM_SENT
DBG_UWB_TX_CH5
DBG_TX_WAKE_CLAIM_SENT
DBG_UWB_TX_CH5
DBG_TX_WAKE_CLAIM_SENT
DBG_UWB_TX_CH5
DBG_TX_WAKE_CLAIM_SENT
DBG_UWB_TX_CH5
DBG_TX_WAKE_CLAIM_SENT
DBG_UWB_TX_CH5
DBG_TX_WAKE_CLAIM_SENT
DBG_UWB_TX_CH5
DBG_TX_WAKE_CLAIM_SENT
DBG_UWB_TX_CH5
DBG_TX_WAKE_CLAIM_SENT
DBG_UWB_TX_CH5
DBG_TX_WAKE_CLAIM_SENT
DBG_UWB_TX_CH5
DBG_TX_WAKE_CLAIM_SENT
DBG_UWB_TX_CH5
DBG_TX_WAKE_CLAIM_SENT
DBG_UWB_TX_CH5
DBG_TX_WAKE_CLAIM_SENT
DBG_UWB_TX_CH5
DBG_TX_WAKE_CLAIM_SENT
DBG_UWB_TX_CH5
DBG_TX_WAKE_CLAIM_SENT
DBG_UWB_TX_CH5
DBG_TX_WAKE_CLAIM_SENT
DBG_UWB_TX_CH5
DBG_TX_WAKE_CLAIM_SENT
DBG_UWB_TX_CH5
DBG_TX_WAKE_CLAIM_SENT
DBG_UWB_TX_CH5
DBG_TX_WAKE_CLAIM_SENT
DBG_UWB_TX_CH5
DBG_TX_WAKE_CLAIM_SENT
DBG_UWB_TX_CH5
DBG_TX_WAKE_CLAIM_SENT
DBG_UWB_TX_CH5
DBG_TX_WAKE_CLAIM_SENT
DBG_UWB_TX_CH5
DBG_TX_WAKE_CLAIM_SENT
DBG_UWB_TX_CH5
DBG_TX_WAKE_CLAIM_SENT
DBG_UWB_TX_CH5
DBG_TX_WAKE_CLAIM_SENT
DBG_UWB_TX_CH5
DBG_TX_WAKE_CLAIM_SENT
DBG_UWB_TX_CH5
DBG_TX_WAKE_CLAIM_SENT
DBG_UWB_TX_CH5
DBG_TX_WAKE_CLAIM_SENT
DBG_UWB_TX_CH5
DBG_TX_WAKE_CLAIM_SENT
DBG_UWB_TX_CH5
DBG_TX_WAKE_CLAIM_SENT
DBG_UWB_TX_CH5
DBG_TX_WAKE_CLAIM_SENT
DBG_UWB_TX_CH5
DBG_TX_WAKE_CLAIM_SENT
DBG_UWB_TX_CH5
DBG_TX_WAKE_CLAIM_SENT
DBG_UWB_TX_CH5
DBG_TX_WAKE_CLAIM_SENT
DBG_UWB_TX_CH5
DBG_TX_WAKE_CLAIM_SENT
DBG_UWB_TX_CH5
DBG_TX_WAKE_CLAIM_SENT
DBG_UWB_TX_CH5
DBG_TX_WAKE_CLAIM_SENT
DBG_UWB_TX_CH5
DBG_TX_WAKE_CLAIM_SENT
DBG_UWB_TX_CH5
DBG_TX_WAKE_CLAIM_SENT
DBG_UWB_TX_CH5
DBG_TX_WAKE_CLAIM_SENT
DBG_UWB_TX_CH5
DBG_TX_WAKE_CLAIM_SENT
DBG_UWB_TX_CH5
DBG_TX_WAKE_CLAIM_SENT
DBG_UWB_TX_CH5
DBG_TX_WAKE_CLAIM_SENT
DBG_UWB_TX_CH5
DBG_TX_WAKE_CLAIM_SENT
DBG_UWB_TX_CH5
DBG_TX_WAKE_CLAIM_SENT
DBG_UWB_TX_CH5
DBG_TX_WAKE_CLAIM_SENT
DBG_UWB_TX_CH5
DBG_TX_WAKE_CLAIM_SENT
DBG_UWB_TX_CH5
DBG_TX_WAKE_CLAIM_SENT
DBG_UWB_TX_CH5
DBG_TX_WAKE_CLAIM_SENT
DBG_UWB_TX_CH5
DBG_TX_WAKE_CLAIM_SENT
DBG_UWB_TX_CH5
DBG_TX_WAKE_CLAIM_SENT
DBG_UWB_TX_CH5
DBG_TX_WAKE_CLAIM_SENT
DBG_UWB_TX_CH5
DBG_TX_WAKE_CLAIM_SENT
DBG_UWB_TX_CH5
DBG_TX_WAKE_CLAIM_SENT
DBG_UWB_TX_CH5
DBG_TX_WAKE_CLAIM_SENT
DBG_UWB_TX_CH5
DBG_TX_WAKE_CLAIM_SENT
DBG_UWB_TX_CH5
DBG_TX_WAKE_CLAIM_SENT
DBG_UWB_TX_CH5
DBG_TX_WAKE_CLAIM_SENT
DBG_UWB_TX_CH5
DBG_TX_WAKE_CLAIM_SENT
DBG_UWB_TX_CH5
DBG_TX_WAKE_CLAIM_SENT
DBG_UWB_TX_CH5
DBG_TX_WAKE_CLAIM_SENT
DBG_STACK_RUN_BEGIN epoch=2799397898486933393 run=64 kind=ble_backpressure owner=system_workqueue queue=2 custody=2 credit=0 retry=0 drain=2 src=11068027678940948070 dst=11068027678940948070 session=44040271 seq=79 type=86 sequence=0 previous=0 uptime=890398
DBG_STACK_SAMPLE_BEGIN epoch=2799397898486933393 run=64 sample=64 kind=ble_backpressure owner=system_workqueue queue=2 custody=2 credit=0 retry=0 drain=2 src=11068027678940948070 dst=11068027678940948070 session=44040271 seq=79 type=86 uptime=890398
DBG_STACK_ISR_CONFIG size=8192 run=64 sample=64
DBG_STACK name=BT RX WQ tid=0x2000fe18 used=760 free=776 size=1536 ret=0 run=64 sample=64
DBG_STACK name=mesh_route tid=0x2000d560 used=5888 free=2304 size=8192 ret=0 run=64 sample=64
DBG_STACK name=sysworkq tid=0x20010d70 used=2408 free=2072 size=4480 ret=0 run=64 sample=64
DBG_STACK name=MPSL Work tid=0x20010b28 used=376 free=648 size=1024 ret=0 run=64 sample=64
DBG_STACK name=logging tid=0x2000f920 used=480 free=1568 size=2048 ret=0 run=64 sample=64
DBG_STACK name=idle tid=0x20010c00 used=64 free=256 size=320 ret=0 run=64 sample=64
DBG_STACK_SAMPLE_END run=64 sample=64
DBG_STACK_RUN_END epoch=2799397898486933393 run=64 kind=ble_backpressure owner=system_workqueue outcome=ack queue=2 custody=0 credit=1 retry=0 drain=2 src=11068027678940948070 dst=11068027678940948070 session=44040271 seq=79 type=86 samples=1 sequence=0 previous=0 uptime=890418
DBG_UWB_TX_CH5
DBG_TX_WAKE_CLAIM_SENT
DBG_UWB_TX_CH5
DBG_TX_WAKE_CLAIM_SENT
DBG_UWB_TX_CH5
DBG_TX_WAKE_CLAIM_SENT
DBG_UWB_TX_CH5
DBG_TX_WAKE_CLAIM_SENT
DBG_UWB_TX_CH5
DBG_TX_WAKE_CLAIM_SENT
DBG_UWB_TX_CH5
DBG_TX_WAKE_CLAIM_SENT
DBG_UWB_TX_CH5
DBG_TX_WAKE_CLAIM_SENT
DBG_UWB_TX_CH5
DBG_TX_WAKE_CLAIM_SENT
DBG_UWB_TX_CH5
DBG_TX_WAKE_CLAIM_SENT
DBG_UWB_TX_CH5
DBG_TX_WAKE_CLAIM_SENT
DBG_UWB_TX_CH5
DBG_TX_WAKE_CLAIM_SENT
DBG_UWB_TX_CH5
DBG_TX_WAKE_CLAIM_SENT
DBG_UWB_TX_CH5
DBG_TX_WAKE_CLAIM_SENT
DBG_UWB_TX_CH5
DBG_TX_WAKE_CLAIM_SENT
DBG_UWB_TX_CH5
DBG_TX_WAKE_CLAIM_SENT
DBG_UWB_TX_CH5
DBG_TX_WAKE_CLAIM_SENT
DBG_UWB_TX_CH5
DBG_TX_WAKE_CLAIM_SENT
DBG_UWB_TX_CH5
DBG_TX_WAKE_CLAIM_SENT
DBG_UWB_TX_CH5
DBG_TX_WAKE_CLAIM_SENT
DBG_UWB_TX_CH5
DBG_TX_WAKE_CLAIM_SENT
DBG_UWB_TX_CH5
DBG_TX_WAKE_CLAIM_SENT
DBG_UWB_TX_CH5
DBG_TX_WAKE_CLAIM_SENT
DBG_UWB_TX_CH5
DBG_TX_WAKE_CLAIM_SENT
DBG_UWB_TX_CH5
DBG_TX_WAKE_CLAIM_SENT
DBG_UWB_TX_CH5
DBG_TX_WAKE_CLAIM_SENT
DBG_UWB_TX_CH5
DBG_TX_WAKE_CLAIM_SENT
DBG_UWB_TX_CH5
DBG_TX_WAKE_CLAIM_SENT
DBG_UWB_TX_CH5
DBG_TX_WAKE_CLAIM_SENT
DBG_UWB_TX_CH5
DBG_TX_WAKE_CLAIM_SENT
DBG_UWB_TX_CH5
DBG_TX_WAKE_CLAIM_SENT
DBG_UWB_TX_CH5
DBG_TX_WAKE_CLAIM_SENT
DBG_UWB_TX_CH5
DBG_TX_WAKE_CLAIM_SENT
DBG_UWB_TX_CH5
DBG_TX_WAKE_CLAIM_SENT
DBG_UWB_TX_CH5
DBG_TX_WAKE_CLAIM_SENT
DBG_UWB_TX_CH5
DBG_TX_WAKE_CLAIM_SENT
DBG_UWB_TX_CH5
DBG_TX_WAKE_CLAIM_SENT
DBG_UWB_TX_CH5
DBG_TX_WAKE_CLAIM_SENT
DBG_UWB_TX_CH5
DBG_TX_WAKE_CLAIM_SENT
DBG_UWB_TX_CH5
DBG_TX_WAKE_CLAIM_SENT
DBG_UWB_TX_CH5
DBG_TX_WAKE_CLAIM_SENT
DBG_UWB_TX_CH5
DBG_TX_WAKE_CLAIM_SENT
DBG_UWB_TX_CH5
DBG_TX_WAKE_CLAIM_SENT
DBG_UWB_TX_CH5
DBG_TX_WAKE_CLAIM_SENT
DBG_UWB_TX_CH5
DBG_TX_WAKE_CLAIM_SENT
DBG_UWB_TX_CH5
DBG_TX_WAKE_CLAIM_SENT
DBG_UWB_TX_CH5
DBG_TX_WAKE_CLAIM_SENT
DBG_UWB_TX_CH5
DBG_TX_WAKE_CLAIM_SENT
DBG_UWB_TX_CH5
DBG_TX_WAKE_CLAIM_SENT
DBG_UWB_TX_CH5
DBG_TX_WAKE_CLAIM_SENT
DBG_UWB_TX_CH5
DBG_TX_WAKE_CLAIM_SENT
DBG_UWB_TX_CH5
DBG_TX_WAKE_CLAIM_SENT
DBG_UWB_TX_CH5
DBG_TX_WAKE_CLAIM_SENT
DBG_UWB_TX_CH5
DBG_TX_WAKE_CLAIM_SENT
DBG_UWB_TX_CH5
DBG_TX_WAKE_CLAIM_SENT
DBG_UWB_TX_CH5
DBG_TX_WAKE_CLAIM_SENT
DBG_UWB_TX_CH5
DBG_TX_WAKE_CLAIM_SENT
DBG_UWB_TX_CH5
DBG_TX_WAKE_CLAIM_SENT
DBG_UWB_TX_CH5
DBG_TX_WAKE_CLAIM_SENT
DBG_UWB_TX_CH5
DBG_TX_WAKE_CLAIM_SENT
DBG_UWB_TX_CH5
DBG_TX_WAKE_CLAIM_SENT
DBG_UWB_TX_CH5
DBG_TX_WAKE_CLAIM_SENT
DBG_UWB_TX_CH5
DBG_TX_WAKE_CLAIM_SENT
DBG_UWB_TX_CH5
DBG_TX_WAKE_CLAIM_SENT
DBG_UWB_TX_CH5
DBG_TX_WAKE_CLAIM_SENT
DBG_UWB_TX_CH5
DBG_TX_WAKE_CLAIM_SENT
DBG_UWB_TX_CH5
DBG_TX_WAKE_CLAIM_SENT
DBG_UWB_TX_CH5
DBG_TX_WAKE_CLAIM_SENT
DBG_UWB_TX_CH5
DBG_TX_WAKE_CLAIM_SENT
DBG_UWB_TX_CH5
DBG_TX_WAKE_CLAIM_SENT
DBG_UWB_TX_CH5
DBG_TX_WAKE_CLAIM_SENT
DBG_UWB_TX_CH5
DBG_TX_WAKE_CLAIM_SENT
DBG_UWB_TX_CH5
DBG_TX_WAKE_CLAIM_SENT
DBG_UWB_TX_CH5
DBG_TX_WAKE_CLAIM_SENT
DBG_UWB_TX_CH5
DBG_TX_WAKE_CLAIM_SENT
DBG_UWB_TX_CH5
DBG_TX_WAKE_CLAIM_SENT
DBG_UWB_TX_CH5
DBG_TX_WAKE_CLAIM_SENT
DBG_UWB_TX_CH5
DBG_TX_WAKE_CLAIM_SENT
DBG_UWB_TX_CH5
DBG_TX_WAKE_CLAIM_SENT
DBG_UWB_TX_CH5
DBG_TX_WAKE_CLAIM_SENT
DBG_UWB_TX_CH5
DBG_TX_WAKE_CLAIM_SENT
DBG_UWB_TX_CH5
DBG_TX_WAKE_CLAIM_SENT
DBG_UWB_TX_CH5
DBG_TX_WAKE_CLAIM_SENT
DBG_UWB_TX_CH5
DBG_TX_WAKE_CLAIM_SENT
DBG_UWB_TX_CH5
DBG_TX_WAKE_CLAIM_SENT
DBG_DWM_INVALIDATE tag=configure_radio_from_reset active_phy=2 configured=1 awake=1
DBG_DWM_MARK_UNCONFIGURED tag=initialise_radio prev_phy=0
DBG_STACK_RUN_BEGIN epoch=2799397898486933393 run=65 kind=ble_backpressure owner=system_workqueue queue=1 custody=1 credit=0 retry=0 drain=1 src=11068027678940948070 dst=11068027678940948070 session=44040273 seq=81 type=86 sequence=0 previous=0 uptime=891028
DBG_STACK_SAMPLE_BEGIN epoch=2799397898486933393 run=65 sample=65 kind=ble_backpressure owner=system_workqueue queue=1 custody=1 credit=0 retry=0 drain=1 src=11068027678940948070 dst=11068027678940948070 session=44040273 seq=81 type=86 uptime=891028
DBG_STACK_ISR_CONFIG size=8192 run=65 sample=65
DBG_STACK name=BT RX WQ tid=0x2000fe18 used=760 free=776 size=1536 ret=0 run=65 sample=65
DBG_STACK name=mesh_route tid=0x2000d560 used=5888 free=2304 size=8192 ret=0 run=65 sample=65
DBG_STACK name=sysworkq tid=0x20010d70 used=2408 free=2072 size=4480 ret=0 run=65 sample=65
DBG_STACK name=MPSL Work tid=0x20010b28 used=376 free=648 size=1024 ret=0 run=65 sample=65
DBG_STACK name=logging tid=0x2000f920 used=480 free=1568 size=2048 ret=0 run=65 sample=65
DBG_STACK name=idle tid=0x20010c00 used=64 free=256 size=320 ret=0 run=65 sample=65
DBG_STACK_SAMPLE_END run=65 sample=65
DBG_STACK_RUN_END epoch=2799397898486933393 run=65 kind=ble_backpressure owner=system_workqueue outcome=ack queue=1 custody=0 credit=1 retry=0 drain=1 src=11068027678940948070 dst=11068027678940948070 session=44040273 seq=81 type=86 samples=1 sequence=0 previous=0 uptime=891050
DBG_DWM_INVALIDATE tag=configure_radio_from_reset active_phy=2 configured=1 awake=0
DBG_DWM_MARK_UNCONFIGURED tag=initialise_radio prev_phy=0
DBG_DWM_INVALIDATE tag=configure_radio_from_reset active_phy=2 configured=1 awake=0
DBG_DWM_MARK_UNCONFIGURED tag=initialise_radio prev_phy=0
DBG_DWM_WAKE_MESH_CTRL_OK sfd=4073
DBG_C5_TX_CONFIG ret=0 ext=1 len=127 msg=40 reason=bounded-c5-flood
DBG_UWB_TX_CH5
DBG_NC o=000000000000000a g=0000000a w=00 e=00000022 s=00000005 q=0004>0005 r=00000000 f=00000001 t=00000000 p=00000000 a=00
DBG_NC o=000000000000000a g=0000000a w=00 e=00000042 s=00000005 q=0005>0006 r=00000000 f=00000001 t=00000000 p=00000000 a=00
DBG_NODE_COMM_ATTEMPT handle=10 profile=0 attempt=1 ret=0 rf=1 scheduled=0 state=0
DBG_GATEWAY_RX_START reason=gateway mesh restart active=1 qrx=0 qtx=0 adv_due=0
DBG_ENUM_RF_BEGIN kind=1 handle=10 attempt=1 tries=1
DBG_COORD state=gateway-rx owner=uwb-rx reason=gateway-rx rx=0 tx=0 relay=0 route=0 ack=0 qack=0
DBG_DWM_INVALIDATE tag=configure_radio_from_reset active_phy=4 configured=1 awake=1
DBG_DWM_MARK_UNCONFIGURED tag=initialise_radio prev_phy=0
DBG_GATEWAY_CH9_RX_CONT_ARM now=891174 rem=500 frames=0 errors=0
DBG_GATEWAY_CH9_RX_CONT_RESULT start=891174 end=891186 ret=-140 fail=0 status=0x02000000 len=0 frames=0
DBG_GATEWAY_CH9_RX_COMMAND_PREEMPT now=891187 rem=500 frames=0
DBG_GATEWAY_CH9_RX_CONT_DONE ret=-140 len=0 fail=0 recover=0
DBG_NC o=000000000000000a g=0000000a w=00 e=00000023 s=00000005 q=0006>0004 r=00000000 f=00000024 t=00000000 p=00000000 a=00
DBG_NODE_COMM_TX_BEGIN handle=10 profile=0 msg=64 dst=0x0 seq=10
DBG_CONTROL_RX_HANDOFF_READY abort=0
DBG_COORD state=idle owner=c5-flood reason=idle rx=0 tx=0 relay=0 route=0 ack=0 qack=0
DBG_DWM_INVALIDATE tag=configure_radio_from_reset active_phy=3 configured=1 awake=1
DBG_DWM_MARK_UNCONFIGURED tag=initialise_radio prev_phy=0
DBG_DWM_INVALIDATE tag=configure_radio_from_reset active_phy=2 configured=1 awake=0
DBG_DWM_MARK_UNCONFIGURED tag=initialise_radio prev_phy=0
DBG_DWM_WAKE_MESH_CTRL_OK sfd=4073
DBG_C5_TX_CONFIG ret=0 ext=1 len=127 msg=40 reason=bounded-c5-flood
DBG_UWB_TX_CH5
DBG_NC o=000000000000000a g=0000000a w=00 e=00000022 s=00000005 q=0004>0005 r=00000000 f=00000001 t=00000000 p=00000000 a=00
DBG_NC o=000000000000000a g=0000000a w=00 e=00000042 s=00000005 q=0005>0006 r=00000000 f=00000001 t=00000000 p=00000000 a=00
DBG_NODE_COMM_ATTEMPT handle=10 profile=0 attempt=2 ret=0 rf=1 scheduled=0 state=0
DBG_GATEWAY_RX_START reason=gateway mesh restart active=1 qrx=0 qtx=0 adv_due=0
DBG_COORD state=gateway-rx owner=uwb-rx reason=gateway-rx rx=0 tx=0 relay=0 route=0 ack=0 qack=0
DBG_DWM_INVALIDATE tag=configure_radio_from_reset active_phy=4 configured=1 awake=1
DBG_DWM_MARK_UNCONFIGURED tag=initialise_radio prev_phy=0
DBG_GATEWAY_CH9_RX_CONT_ARM now=891271 rem=500 frames=0 errors=0
DBG_GATEWAY_CH9_RX_CONT_RESULT start=891271 end=891284 ret=-140 fail=0 status=0x02000000 len=0 frames=0
DBG_GATEWAY_CH9_RX_COMMAND_PREEMPT now=891284 rem=500 frames=0
DBG_GATEWAY_CH9_RX_CONT_DONE ret=-140 len=0 fail=0 recover=0
DBG_NC o=000000000000000a g=0000000a w=00 e=00000023 s=00000005 q=0006>0004 r=00000000 f=00000024 t=00000000 p=00000000 a=00
DBG_NODE_COMM_TX_BEGIN handle=10 profile=0 msg=64 dst=0x0 seq=10
DBG_CONTROL_RX_HANDOFF_READY abort=0
DBG_COORD state=idle owner=c5-flood reason=idle rx=0 tx=0 relay=0 route=0 ack=0 qack=0
DBG_DWM_INVALIDATE tag=configure_radio_from_reset active_phy=3 configured=1 awake=1
DBG_DWM_MARK_UNCONFIGURED tag=initialise_radio prev_phy=0
DBG_DWM_INVALIDATE tag=configure_radio_from_reset active_phy=2 configured=1 awake=0
DBG_DWM_MARK_UNCONFIGURED tag=initialise_radio prev_phy=0
DBG_DWM_WAKE_MESH_CTRL_OK sfd=4073
DBG_C5_TX_CONFIG ret=0 ext=1 len=127 msg=40 reason=bounded-c5-flood
DBG_UWB_TX_CH5
DBG_NC o=000000000000000a g=0000000a w=00 e=00000022 s=00000005 q=0004>0005 r=00000000 f=00000001 t=00000000 p=00000000 a=00
DBG_NC o=000000000000000a g=0000000a w=00 e=00000042 s=00000005 q=0005>0006 r=00000000 f=00000001 t=00000000 p=00000000 a=00
DBG_NODE_COMM_ATTEMPT handle=10 profile=0 attempt=3 ret=0 rf=1 scheduled=0 state=0
DBG_GATEWAY_RX_START reason=gateway mesh restart active=1 qrx=0 qtx=0 adv_due=0
DBG_COORD state=gateway-rx owner=uwb-rx reason=gateway-rx rx=0 tx=0 relay=0 route=0 ack=0 qack=0
DBG_DWM_INVALIDATE tag=configure_radio_from_reset active_phy=4 configured=1 awake=1
DBG_DWM_MARK_UNCONFIGURED tag=initialise_radio prev_phy=0
DBG_GATEWAY_CH9_RX_CONT_ARM now=891368 rem=500 frames=0 errors=0
DBG_GATEWAY_CH9_RX_CONT_RESULT start=891368 end=891380 ret=-140 fail=0 status=0x02000000 len=0 frames=0
DBG_GATEWAY_CH9_RX_COMMAND_PREEMPT now=891381 rem=500 frames=0
DBG_GATEWAY_CH9_RX_CONT_DONE ret=-140 len=0 fail=0 recover=0
DBG_NC o=000000000000000a g=0000000a w=00 e=00000023 s=00000005 q=0006>0004 r=00000000 f=00000024 t=00000000 p=00000000 a=00
DBG_NODE_COMM_TX_BEGIN handle=10 profile=0 msg=64 dst=0x0 seq=10
DBG_CONTROL_RX_HANDOFF_READY abort=0
DBG_COORD state=idle owner=c5-flood reason=idle rx=0 tx=0 relay=0 route=0 ack=0 qack=0
DBG_DWM_INVALIDATE tag=configure_radio_from_reset active_phy=3 configured=1 awake=1
DBG_DWM_MARK_UNCONFIGURED tag=initialise_radio prev_phy=0
DBG_DWM_INVALIDATE tag=configure_radio_from_reset active_phy=2 configured=1 awake=0
DBG_DWM_MARK_UNCONFIGURED tag=initialise_radio prev_phy=0
DBG_DWM_WAKE_MESH_CTRL_OK sfd=4073
DBG_C5_TX_CONFIG ret=0 ext=1 len=127 msg=40 reason=bounded-c5-flood
DBG_UWB_TX_CH5
DBG_NC o=000000000000000a g=0000000a w=00 e=00000022 s=00000005 q=0004>0005 r=00000000 f=00000001 t=00000000 p=00000000 a=00
DBG_NC o=000000000000000a g=0000000a w=00 e=00000041 s=00000005 q=0005>0008 r=00000000 f=00000026 t=00000000 p=00000001 a=04
DBG_NODE_COMM_ATTEMPT handle=10 profile=0 attempt=4 ret=0 rf=1 scheduled=0 state=0
DBG_GATEWAY_RX_START reason=gateway mesh restart active=1 qrx=0 qtx=0 adv_due=0
DBG_ENUM_RF_RESULT kind=1 handle=10 success=1 reason=0 tries=4
DBG_COORD state=gateway-rx owner=uwb-rx reason=gateway-rx rx=0 tx=0 relay=0 route=0 ack=0 qack=0
DBG_DWM_INVALIDATE tag=configure_radio_from_reset active_phy=4 configured=1 awake=1
DBG_DWM_MARK_UNCONFIGURED tag=initialise_radio prev_phy=0
DBG_GATEWAY_CH9_RX_CONT_ARM now=891465 rem=500 frames=0 errors=0
DBG_STACK_RUN_BEGIN epoch=2799397898486933393 run=66 kind=ble_backpressure owner=system_workqueue queue=1 custody=1 credit=0 retry=0 drain=1 src=11068027678940948070 dst=11068027678940948070 session=44040275 seq=83 type=86 sequence=0 previous=0 uptime=891658
DBG_STACK_SAMPLE_BEGIN epoch=2799397898486933393 run=66 sample=66 kind=ble_backpressure owner=system_workqueue queue=1 custody=1 credit=0 retry=0 drain=1 src=11068027678940948070 dst=11068027678940948070 session=44040275 seq=83 type=86 uptime=891658
DBG_STACK_ISR_CONFIG size=8192 run=66 sample=66
DBG_STACK name=BT RX WQ tid=0x2000fe18 used=760 free=776 size=1536 ret=0 run=66 sample=66
DBG_STACK name=mesh_route tid=0x2000d560 used=5888 free=2304 size=8192 ret=0 run=66 sample=66
DBG_STACK name=sysworkq tid=0x20010d70 used=2408 free=2072 size=4480 ret=0 run=66 sample=66
DBG_STACK name=MPSL Work tid=0x20010b28 used=376 free=648 size=1024 ret=0 run=66 sample=66
DBG_STACK name=logging tid=0x2000f920 used=480 free=1568 size=2048 ret=0 run=66 sample=66
DBG_STACK name=idle tid=0x20010c00 used=64 free=256 size=320 ret=0 run=66 sample=66
DBG_STACK_SAMPLE_END run=66 sample=66
DBG_STACK_RUN_END epoch=2799397898486933393 run=66 kind=ble_backpressure owner=system_workqueue outcome=ack queue=1 custody=0 credit=1 retry=0 drain=1 src=11068027678940948070 dst=11068027678940948070 session=44040275 seq=83 type=86 samples=1 sequence=0 previous=0 uptime=891676
DBG_GATEWAY_CH9_RX_CONT_RESULT start=891465 end=891966 ret=-116 fail=0 status=0x02000000 len=0 frames=0
DBG_GATEWAY_CH9_RX_CONT_ARM now=891968 rem=500 frames=0 errors=0
DBG_GATEWAY_CH9_RX_CONT_RESULT start=891968 end=892391 ret=0 fail=0 status=0x00006f00 len=97 frames=0
DBG_UWB_RX_CH9
DBG_GATEWAY_CH9_RX_RELEASE_IDLE
DBG_GATEWAY_RX_DECODE ch=9 msg=0x41 src=0x708bc0aab970300e dst=0x9999888877776666 prev=0x708bc0aab970300e seq=10 flags=0x14 pl
DBG_UWB_RX_CH9
DBG_MESH_RX_QUEUED ch=9 msg=0x41 src=0x708bc0aab970300e dst=0x9999888877776666 prev=0x708bc0aab970300e seq=10 q=1
DBG_MESH_RX_DIRECT_WAIT q=1 reason=gateway-ch9-continuous-rx
DBG_MESH_RX_DIRECT_ENTER q=1 reason=gateway-ch9-continuous-rx
DBG_MESH_RX_DRAIN_ENTER owner=gateway-ch9-continuous-rx q=1
DBG_ENUM_ADAPTIVE_DEADLINE stage=0 observed_hop=1 next_hop=2 offset=6384 remaining=5423 deadline=897820
DBG_ENUM_CLAIM_RX epoch=44040272 anchor=0x708bc0aab970300e hop=1 responders=1 roster=1 retained=0
DBG_GATEWAY_ACK_INPUT type=65 src=0x708bc0aab970300e dst=0x9999888877776666 rxseq=10 ackseq=25 len=36 flags=0x14 meta=0
DBG_GATEWAY_ACK_GUARD ms=10 seq=25 owner=control
DBG_COORD state=idle owner=gateway-ack-immediate-channel9 reason=idle rx=0 tx=0 relay=0 route=0 ack=0 qack=0
DBG_CH9_TX_CONFIG ret=0 now=892410 earliest=0 msg=32
DBG_UWB_TX_CH9
DBG_GATEWAY_ACK_TX_LED
DBG_GATEWAY_CH9_RX_CONT_RESULT start=892416 end=892469 ret=-116 fail=0 status=0x00000000 len=0 frames=1
DBG_MESH_RX_WORK_WAIT q=0
DBG_MESH_RX_WORK_ENTER q=0
DBG_MESH_RX_DRAIN_ENTER owner=work q=0
DBG_MESH_RX_DRAIN_EXIT owner=work handled=0 q=0
DBG_MESH_RX_WORK_EXIT handled=0 q=0
DBG_GATEWAY_RX_REARM_RUN delay=0 ret=1 active=1
DBG_COORD state=gateway-rx owner=uwb-rx reason=gateway-rx rx=0 tx=0 relay=0 route=0 ack=0 qack=0
DBG_GATEWAY_CH9_RX_CONT_ARM now=892470 rem=500 frames=0 errors=0
DBG_STACK_RUN_BEGIN epoch=2799397898486933393 run=67 kind=ble_backpressure owner=system_workqueue queue=1 custody=1 credit=0 retry=0 drain=1 src=11068027678940948070 dst=11068027678940948070 session=44040276 seq=84 type=86 sequence=0 previous=0 uptime=892558
DBG_STACK_SAMPLE_BEGIN epoch=2799397898486933393 run=67 sample=67 kind=ble_backpressure owner=system_workqueue queue=1 custody=1 credit=0 retry=0 drain=1 src=11068027678940948070 dst=11068027678940948070 session=44040276 seq=84 type=86 uptime=892558
DBG_STACK_ISR_CONFIG size=8192 run=67 sample=67
DBG_STACK name=BT RX WQ tid=0x2000fe18 used=760 free=776 size=1536 ret=0 run=67 sample=67
DBG_STACK name=mesh_route tid=0x2000d560 used=5888 free=2304 size=8192 ret=0 run=67 sample=67
DBG_STACK name=sysworkq tid=0x20010d70 used=2408 free=2072 size=4480 ret=0 run=67 sample=67
DBG_STACK name=MPSL Work tid=0x20010b28 used=376 free=648 size=1024 ret=0 run=67 sample=67
DBG_STACK name=logging tid=0x2000f920 used=480 free=1568 size=2048 ret=0 run=67 sample=67
DBG_STACK name=idle tid=0x20010c00 used=64 free=256 size=320 ret=0 run=67 sample=67
DBG_STACK_SAMPLE_END run=67 sample=67
DBG_STACK_RUN_END epoch=2799397898486933393 run=67 kind=ble_backpressure owner=system_workqueue outcome=ack queue=1 custody=0 credit=1 retry=0 drain=1 src=11068027678940948070 dst=11068027678940948070 session=44040276 seq=84 type=86 samples=1 sequence=0 previous=0 uptime=892579
DBG_GATEWAY_CH9_RX_CONT_RESULT start=892470 end=892803 ret=0 fail=0 status=0x00006f00 len=97 frames=0
DBG_UWB_RX_CH9
DBG_GATEWAY_CH9_RX_RELEASE_IDLE
DBG_GATEWAY_RX_DECODE ch=9 msg=0x41 src=0x191a9619c6c8cb07 dst=0x9999888877776666 prev=0x191a9619c6c8cb07 seq=10 flags=0x14 pl
DBG_UWB_RX_CH9
DBG_MESH_RX_QUEUED ch=9 msg=0x41 src=0x191a9619c6c8cb07 dst=0x9999888877776666 prev=0x191a9619c6c8cb07 seq=10 q=1
DBG_MESH_RX_DIRECT_WAIT q=1 reason=gateway-ch9-continuous-rx
DBG_MESH_RX_DIRECT_ENTER q=1 reason=gateway-ch9-continuous-rx
DBG_MESH_RX_DRAIN_ENTER owner=gateway-ch9-continuous-rx q=1
DBG_ENUM_ADAPTIVE_DEADLINE stage=0 observed_hop=1 next_hop=2 offset=6384 remaining=5012 deadline=897820
DBG_ENUM_CLAIM_RX epoch=44040272 anchor=0x191a9619c6c8cb07 hop=1 responders=2 roster=2 retained=0
DBG_GATEWAY_ACK_INPUT type=65 src=0x191a9619c6c8cb07 dst=0x9999888877776666 rxseq=10 ackseq=26 len=36 flags=0x14 meta=0
DBG_GATEWAY_ACK_GUARD ms=10 seq=26 owner=control
DBG_COORD state=idle owner=gateway-ack-immediate-channel9 reason=idle rx=0 tx=0 relay=0 route=0 ack=0 qack=0
DBG_CH9_TX_CONFIG ret=0 now=892822 earliest=0 msg=32
DBG_UWB_TX_CH9
DBG_GATEWAY_CH9_RX_CONT_RESULT start=892827 end=892971 ret=-116 fail=0 status=0x00000000 len=0 frames=1
DBG_MESH_RX_WORK_WAIT q=0
DBG_MESH_RX_WORK_ENTER q=0
DBG_MESH_RX_DRAIN_ENTER owner=work q=0
DBG_MESH_RX_DRAIN_EXIT owner=work handled=0 q=0
DBG_MESH_RX_WORK_EXIT handled=0 q=0
DBG_GATEWAY_RX_REARM_RUN delay=0 ret=1 active=1
DBG_COORD state=gateway-rx owner=uwb-rx reason=gateway-rx rx=0 tx=0 relay=0 route=0 ack=0 qack=0
DBG_GATEWAY_CH9_RX_CONT_ARM now=892972 rem=500 frames=0 errors=0
DBG_GATEWAY_CH9_RX_CONT_RESULT start=892972 end=893473 ret=-116 fail=0 status=0x00000000 len=0 frames=0
DBG_GATEWAY_CH9_RX_CONT_ARM now=893475 rem=500 frames=0 errors=0
DBG_STACK_RUN_BEGIN epoch=2799397898486933393 run=68 kind=ble_backpressure owner=system_workqueue queue=1 custody=1 credit=0 retry=0 drain=1 src=11068027678940948070 dst=11068027678940948070 session=44040277 seq=85 type=86 sequence=0 previous=0 uptime=893548
DBG_STACK_SAMPLE_BEGIN epoch=2799397898486933393 run=68 sample=68 kind=ble_backpressure owner=system_workqueue queue=1 custody=1 credit=0 retry=0 drain=1 src=11068027678940948070 dst=11068027678940948070 session=44040277 seq=85 type=86 uptime=893548
DBG_STACK_ISR_CONFIG size=8192 run=68 sample=68
DBG_STACK name=BT RX WQ tid=0x2000fe18 used=760 free=776 size=1536 ret=0 run=68 sample=68
DBG_STACK name=mesh_route tid=0x2000d560 used=5888 free=2304 size=8192 ret=0 run=68 sample=68
DBG_STACK name=sysworkq tid=0x20010d70 used=2408 free=2072 size=4480 ret=0 run=68 sample=68
DBG_STACK name=MPSL Work tid=0x20010b28 used=376 free=648 size=1024 ret=0 run=68 sample=68
DBG_STACK name=logging tid=0x2000f920 used=480 free=1568 size=2048 ret=0 run=68 sample=68
DBG_STACK name=idle tid=0x20010c00 used=64 free=256 size=320 ret=0 run=68 sample=68
DBG_STACK_SAMPLE_END run=68 sample=68
DBG_STACK_RUN_END epoch=2799397898486933393 run=68 kind=ble_backpressure owner=system_workqueue outcome=ack queue=1 custody=0 credit=1 retry=0 drain=1 src=11068027678940948070 dst=11068027678940948070 session=44040277 seq=85 type=86 samples=1 sequence=0 previous=0 uptime=893566
DBG_GATEWAY_CH9_RX_CONT_RESULT start=893475 end=893976 ret=-116 fail=0 status=0x00000000 len=0 frames=0
DBG_GATEWAY_CH9_RX_CONT_ARM now=893978 rem=500 frames=0 errors=0
DBG_GATEWAY_CH9_RX_CONT_RESULT start=893978 end=894479 ret=-116 fail=0 status=0x00000000 len=0 frames=0
DBG_GATEWAY_CH9_RX_CONT_ARM now=894481 rem=500 frames=0 errors=0
DBG_STACK_RUN_BEGIN epoch=2799397898486933393 run=69 kind=ble_backpressure owner=system_workqueue queue=1 custody=1 credit=0 retry=0 drain=1 src=11068027678940948070 dst=11068027678940948070 session=44040277 seq=85 type=86 sequence=0 previous=0 uptime=894566
DBG_STACK_SAMPLE_BEGIN epoch=2799397898486933393 run=69 sample=69 kind=ble_backpressure owner=system_workqueue queue=1 custody=1 credit=0 retry=0 drain=1 src=11068027678940948070 dst=11068027678940948070 session=44040277 seq=85 type=86 uptime=894566
DBG_STACK_ISR_CONFIG size=8192 run=69 sample=69
DBG_STACK name=BT RX WQ tid=0x2000fe18 used=760 free=776 size=1536 ret=0 run=69 sample=69
DBG_STACK name=mesh_route tid=0x2000d560 used=5888 free=2304 size=8192 ret=0 run=69 sample=69
DBG_STACK name=sysworkq tid=0x20010d70 used=2408 free=2072 size=4480 ret=0 run=69 sample=69
DBG_STACK name=MPSL Work tid=0x20010b28 used=376 free=648 size=1024 ret=0 run=69 sample=69
DBG_STACK name=logging tid=0x2000f920 used=480 free=1568 size=2048 ret=0 run=69 sample=69
DBG_STACK name=idle tid=0x20010c00 used=64 free=256 size=320 ret=0 run=69 sample=69
DBG_STACK_SAMPLE_END run=69 sample=69
DBG_STACK_RUN_END epoch=2799397898486933393 run=69 kind=ble_backpressure owner=system_workqueue outcome=ack queue=1 custody=0 credit=1 retry=0 drain=1 src=11068027678940948070 dst=11068027678940948070 session=44040277 seq=85 type=86 samples=1 sequence=0 previous=0 uptime=894585
DBG_GATEWAY_CH9_RX_CONT_RESULT start=894481 end=894982 ret=-116 fail=0 status=0x00000000 len=0 frames=0
DBG_GATEWAY_CH9_RX_CONT_ARM now=894984 rem=500 frames=0 errors=0
DBG_GATEWAY_CH9_RX_CONT_RESULT start=894984 end=895485 ret=-116 fail=0 status=0x00000000 len=0 frames=0
DBG_GATEWAY_CH9_RX_CONT_ARM now=895487 rem=500 frames=0 errors=0
DBG_GATEWAY_CH9_RX_CONT_RESULT start=895487 end=895988 ret=-116 fail=0 status=0x00000000 len=0 frames=0
DBG_GATEWAY_CH9_RX_CONT_ARM now=895990 rem=500 frames=0 errors=0
DBG_GATEWAY_CH9_RX_CONT_RESULT start=895990 end=896491 ret=-116 fail=0 status=0x00000000 len=0 frames=0
DBG_GATEWAY_CH9_RX_CONT_ARM now=896493 rem=500 frames=0 errors=0
DBG_GATEWAY_CH9_RX_CONT_RESULT start=896493 end=896635 ret=0 fail=0 status=0x00006f00 len=97 frames=0
DBG_UWB_RX_CH9
DBG_GATEWAY_CH9_RX_RELEASE_IDLE
DBG_GATEWAY_RX_DECODE_FAIL ch=9 len=97 q=100
DBG_RX_REJECT mode=9 len=97 q=100
DBG_GATEWAY_CH9_RX_CONT_ARM now=896636 rem=357 frames=1 errors=0
DBG_GATEWAY_CH9_RX_CONT_RESULT start=896636 end=896802 ret=0 fail=0 status=0x00006f00 len=97 frames=1
DBG_UWB_RX_CH9
DBG_GATEWAY_CH9_RX_RELEASE_IDLE
DBG_GATEWAY_RX_DECODE ch=9 msg=0x41 src=0x56da25fe4af6d141 dst=0x9999888877776666 prev=0x191a9619c6c8cb07 seq=10 flags=0x14 pl
DBG_UWB_RX_CH9
DBG_MESH_RX_QUEUED ch=9 msg=0x41 src=0x56da25fe4af6d141 dst=0x9999888877776666 prev=0x191a9619c6c8cb07 seq=10 q=1
DBG_MESH_RX_DIRECT_WAIT q=1 reason=gateway-ch9-continuous-rx
DBG_MESH_RX_DIRECT_ENTER q=1 reason=gateway-ch9-continuous-rx
DBG_MESH_RX_DRAIN_ENTER owner=gateway-ch9-continuous-rx q=1
DBG_ENUM_ADAPTIVE_DEADLINE stage=0 observed_hop=2 next_hop=3 offset=11574 remaining=6202 deadline=903010
DBG_ENUM_CONFIRM ret=1
DBG_ENUM_CLAIM_RX epoch=44040272 anchor=0x56da25fe4af6d141 hop=2 responders=3 roster=3 retained=0
DBG_GATEWAY_ACK_INPUT type=65 src=0x56da25fe4af6d141 dst=0x9999888877776666 rxseq=10 ackseq=27 len=36 flags=0x14 meta=0
DBG_GATEWAY_ACK_GUARD ms=10 seq=27 owner=control
DBG_STACK_RUN_BEGIN epoch=2799397898486933393 run=70 kind=ble_backpressure owner=system_workqueue queue=1 custody=1 credit=0 retry=0 drain=1 src=11068027678940948070 dst=11068027678940948070 session=44040278 seq=86 type=86 sequence=0 previous=0 uptime=896811
DBG_STACK_SAMPLE_BEGIN epoch=2799397898486933393 run=70 sample=70 kind=ble_backpressure owner=system_workqueue queue=1 custody=1 credit=0 retry=0 drain=1 src=11068027678940948070 dst=11068027678940948070 session=44040278 seq=86 type=86 uptime=896820
DBG_STACK_ISR_CONFIG size=8192 run=70 sample=70
DBG_STACK name=BT RX WQ tid=0x2000fe18 used=760 free=776 size=1536 ret=0 run=70 sample=70
DBG_STACK name=mesh_route tid=0x2000d560 used=5888 free=2304 size=8192 ret=0 run=70 sample=70
DBG_STACK name=sysworkq tid=0x20010d70 used=2408 free=2072 size=4480 ret=0 run=70 sample=70
DBG_STACK name=MPSL Work tid=0x20010b28 used=376 free=648 size=1024 ret=0 run=70 sample=70
DBG_STACK name=logging tid=0x2000f920 used=480 free=1568 size=2048 ret=0 run=70 sample=70
DBG_STACK name=idle tid=0x20010c00 used=64 free=256 size=320 ret=0 run=70 sample=70
DBG_STACK_SAMPLE_END run=70 sample=70
DBG_STACK_RUN_END epoch=2799397898486933393 run=70 kind=ble_backpressure owner=system_workqueue outcome=ack queue=1 custody=0 credit=1 retry=0 drain=1 src=11068027678940948070 dst=11068027678940948070 session=44040278 seq=86 type=86 samples=1 sequence=0 previous=0 uptime=896848
DBG_GATEWAY_CH9_RX_CONT_RESULT start=896827 end=896994 ret=-116 fail=0 status=0x00000000 len=0 frames=2
DBG_MESH_RX_WORK_WAIT q=0
DBG_MESH_RX_WORK_ENTER q=0
DBG_MESH_RX_DRAIN_ENTER owner=work q=0
DBG_MESH_RX_DRAIN_EXIT owner=work handled=0 q=0
DBG_MESH_RX_WORK_EXIT handled=0 q=0
DBG_GATEWAY_RX_REARM_RUN delay=0 ret=1 active=1
DBG_COORD state=gateway-rx owner=uwb-rx reason=gateway-rx rx=0 tx=0 relay=0 route=0 ack=0 qack=0
DBG_GATEWAY_CH9_RX_CONT_ARM now=896995 rem=500 frames=0 errors=0
DBG_GATEWAY_CH9_RX_CONT_RESULT start=896995 end=897273 ret=0 fail=0 status=0x00006f00 len=121 frames=0
DBG_UWB_RX_CH9
DBG_GATEWAY_CH9_RX_RELEASE_IDLE
DBG_GATEWAY_RX_DECODE_FAIL ch=9 len=121 q=100
DBG_RX_REJECT mode=9 len=121 q=100
DBG_GATEWAY_CH9_RX_CONT_ARM now=897275 rem=221 frames=1 errors=0
DBG_GATEWAY_CH9_RX_CONT_RESULT start=897275 end=897496 ret=-116 fail=0 status=0x00000000 len=0 frames=1
DBG_GATEWAY_CH9_RX_CONT_ARM now=897498 rem=500 frames=0 errors=0
DBG_GATEWAY_CH9_RX_CONT_RESULT start=897498 end=897999 ret=-116 fail=0 status=0x00000000 len=0 frames=0
DBG_GATEWAY_COMMAND_PRIORITY_SUBMIT ret=0 now=898000
DBG_GATEWAY_CH9_RX_CONT_ARM now=898001 rem=500 frames=0 errors=0
DBG_GATEWAY_CH9_RX_CONT_RESULT start=898001 end=898002 ret=-140 fail=0 status=0x00000000 len=0 frames=0
DBG_GATEWAY_CH9_RX_COMMAND_PREEMPT now=898003 rem=500 frames=0
DBG_GATEWAY_CH9_RX_CONT_DONE ret=-140 len=0 fail=0 recover=0
DBG_NC o=000000000000000b g=0000000b w=00 e=0000003c s=00000005 q=0000>0004 r=00000000 f=00000024 t=00000000 p=00000000 a=00
DBG_NODE_COMM_SUBMIT handle=11 profile=6 token=17039371 deadline=908006
DBG_ENUM_FLOOD kind=2 handle=11
DBG_ENUM_TABLE_TX epoch=44040272 count=3 round=1 ret=0
DBG_NODE_COMM_TX_BEGIN handle=11 profile=6 msg=64 dst=0x0 seq=11
DBG_CONTROL_RX_HANDOFF_READY abort=0
DBG_COORD state=idle owner=c5-flood reason=idle rx=0 tx=0 relay=0 route=0 ack=0 qack=0
DBG_DWM_INVALIDATE tag=configure_radio_from_reset active_phy=3 configured=1 awake=1
DBG_DWM_MARK_UNCONFIGURED tag=initialise_radio prev_phy=0
DBG_DWM_INVALIDATE tag=configure_radio_from_reset active_phy=2 configured=1 awake=0
DBG_DWM_MARK_UNCONFIGURED tag=initialise_radio prev_phy=0
DBG_DWM_WAKE_MESH_CTRL_OK sfd=4073
DBG_C5_TX_CONFIG ret=0 ext=1 len=187 msg=40 reason=bounded-c5-flood
DBG_UWB_TX_CH5
DBG_NC o=000000000000000b g=0000000b w=00 e=00000022 s=00000005 q=0004>0005 r=00000000 f=00000001 t=00000000 p=00000000 a=00
DBG_NC o=000000000000000b g=0000000b w=00 e=00000041 s=00000005 q=0005>0008 r=00000000 f=00000026 t=00000000 p=00000001 a=01
DBG_NODE_COMM_ATTEMPT handle=11 profile=6 attempt=1 ret=0 rf=1 scheduled=0 state=0
DBG_GATEWAY_RX_START reason=gateway mesh restart active=1 qrx=0 qtx=0 adv_due=0
DBG_ENUM_RF_RESULT kind=2 handle=11 success=1 reason=0 tries=1
DBG_COORD state=gateway-rx owner=uwb-rx reason=gateway-rx rx=0 tx=0 relay=0 route=0 ack=0 qack=0
DBG_DWM_INVALIDATE tag=configure_radio_from_reset active_phy=4 configured=1 awake=1
DBG_DWM_MARK_UNCONFIGURED tag=initialise_radio prev_phy=0
DBG_GATEWAY_CH9_RX_CONT_ARM now=898090 rem=500 frames=0 errors=0
DBG_GATEWAY_CH9_RX_CONT_RESULT start=898090 end=898470 ret=0 fail=0 status=0x02006f00 len=131 frames=0
DBG_UWB_RX_CH9
DBG_GATEWAY_CH9_RX_RELEASE_IDLE
DBG_GATEWAY_RX_DECODE ch=9 msg=0x41 src=0x708bc0aab970300e dst=0x9999888877776666 prev=0x708bc0aab970300e seq=11 flags=0x14 pl
DBG_UWB_RX_CH9
DBG_MESH_RX_QUEUED ch=9 msg=0x41 src=0x708bc0aab970300e dst=0x9999888877776666 prev=0x708bc0aab970300e seq=11 q=1
DBG_MESH_RX_DIRECT_WAIT q=1 reason=gateway-ch9-continuous-rx
DBG_MESH_RX_DIRECT_ENTER q=1 reason=gateway-ch9-continuous-rx
DBG_MESH_RX_DRAIN_ENTER owner=gateway-ch9-continuous-rx q=1
DBG_ENUM_ADAPTIVE_DEADLINE stage=1 observed_hop=1 next_hop=2 offset=6384 remaining=5970 deadline=904445
DBG_DISCOVERY_SLOT_ACK_RX epoch=44040272 anchor=0x708bc0aab970300e hop=1 acked=1 missing=2
DBG_GATEWAY_ACK_INPUT type=65 src=0x708bc0aab970300e dst=0x9999888877776666 rxseq=11 ackseq=28 len=70 flags=0x14 meta=0
DBG_GATEWAY_ACK_GUARD ms=10 seq=28 owner=control
DBG_COORD state=idle owner=gateway-ack-immediate-channel9 reason=idle rx=0 tx=0 relay=0 route=0 ack=0 qack=0
DBG_CH9_TX_CONFIG ret=0 now=898489 earliest=0 msg=32
DBG_CH9_TX_SEND_AT now=898489 earliest=0 msg=32 len=105
DBG_CH9_TX_RELEASE_IDLE msg=32 seq=28 reason=gateway-ack-immediate-channel9 ret=0
DBG_UWB_TX_CH9
DBG_GATEWAY_ACK_TX_LED
DBG_GATEWAY_RX_REARM_DEFER delay=0 ret=1 active=1
DBG_GATEWAY_RX_START reason=gateway mesh restart active=1 qrx=0 qtx=0 adv_due=0
DBG_GATEWAY_ACK_SEND ret=0 seq=28 dst=0x708bc0aab970300e next=0x708bc0aab970300e
DBG_MESH_RX_DRAIN_EXIT owner=gateway-ch9-continuous-rx handled=1 q=0
DBG_MESH_RX_DIRECT_EXIT handled=1 q=0 reason=gateway-ch9-continuous-rx
DBG_GATEWAY_CH9_RX_CONT_ARM now=898494 rem=70 frames=1 errors=0
DBG_GATEWAY_CH9_RX_CONT_RESULT start=898494 end=898565 ret=-116 fail=0 status=0x00000000 len=0 frames=1
DBG_MESH_RX_WORK_WAIT q=0
DBG_MESH_RX_WORK_ENTER q=0
DBG_MESH_RX_DRAIN_ENTER owner=work q=0
DBG_MESH_RX_DRAIN_EXIT owner=work handled=0 q=0
DBG_MESH_RX_WORK_EXIT handled=0 q=0
DBG_GATEWAY_RX_REARM_RUN delay=0 ret=1 active=1
DBG_COORD state=gateway-rx owner=uwb-rx reason=gateway-rx rx=0 tx=0 relay=0 route=0 ack=0 qack=0
DBG_GATEWAY_CH9_RX_CONT_ARM now=898566 rem=500 frames=0 errors=0
DBG_GATEWAY_CH9_RX_CONT_RESULT start=898566 end=899067 ret=-116 fail=0 status=0x00000000 len=0 frames=0
DBG_GATEWAY_CH9_RX_CONT_ARM now=899069 rem=500 frames=0 errors=0
DBG_GATEWAY_CH9_RX_CONT_RESULT start=899069 end=899570 ret=-116 fail=0 status=0x00000000 len=0 frames=0
DBG_GATEWAY_CH9_RX_CONT_ARM now=899572 rem=500 frames=0 errors=0
DBG_GATEWAY_CH9_RX_CONT_RESULT start=899572 end=900073 ret=-116 fail=0 status=0x00000000 len=0 frames=0
DBG_GATEWAY_CH9_RX_CONT_ARM now=900075 rem=500 frames=0 errors=0
DBG_GATEWAY_CH9_RX_CONT_RESULT start=900075 end=900219 ret=0 fail=0 status=0x00006f00 len=131 frames=0
DBG_UWB_RX_CH9
DBG_GATEWAY_CH9_RX_RELEASE_IDLE
DBG_GATEWAY_RX_DECODE ch=9 msg=0x41 src=0x191a9619c6c8cb07 dst=0x9999888877776666 prev=0x191a9619c6c8cb07 seq=11 flags=0x14 pl
DBG_UWB_RX_CH9
DBG_MESH_RX_QUEUED ch=9 msg=0x41 src=0x191a9619c6c8cb07 dst=0x9999888877776666 prev=0x191a9619c6c8cb07 seq=11 q=1
DBG_MESH_RX_DIRECT_WAIT q=1 reason=gateway-ch9-continuous-rx
DBG_MESH_RX_DIRECT_ENTER q=1 reason=gateway-ch9-continuous-rx
DBG_MESH_RX_DRAIN_ENTER owner=gateway-ch9-continuous-rx q=1
DBG_ENUM_ADAPTIVE_DEADLINE stage=1 observed_hop=1 next_hop=2 offset=6384 remaining=4220 deadline=904445
DBG_DISCOVERY_SLOT_ACK_RX epoch=44040272 anchor=0x191a9619c6c8cb07 hop=1 acked=2 missing=1
DBG_GATEWAY_ACK_INPUT type=65 src=0x191a9619c6c8cb07 dst=0x9999888877776666 rxseq=11 ackseq=29 len=70 flags=0x14 meta=0
DBG_GATEWAY_ACK_GUARD ms=10 seq=29 owner=control
DBG_COORD state=idle owner=gateway-ack-immediate-channel9 reason=idle rx=0 tx=0 relay=0 route=0 ack=0 qack=0
DBG_CH9_TX_CONFIG ret=0 now=900238 earliest=0 msg=32
DBG_CH9_TX_SEND_AT now=900238 earliest=0 msg=32 len=105
DBG_GATEWAY_CH9_RX_CONT_RESULT start=900243 end=900576 ret=-116 fail=0 status=0x00000000 len=0 frames=1
DBG_MESH_RX_WORK_WAIT q=0
DBG_MESH_RX_WORK_ENTER q=0
DBG_MESH_RX_DRAIN_ENTER owner=work q=0
DBG_MESH_RX_DRAIN_EXIT owner=work handled=0 q=0
DBG_MESH_RX_WORK_EXIT handled=0 q=0
DBG_GATEWAY_RX_REARM_RUN delay=0 ret=1 active=1
DBG_COORD state=gateway-rx owner=uwb-rx reason=gateway-rx rx=0 tx=0 relay=0 route=0 ack=0 qack=0
DBG_GATEWAY_CH9_RX_CONT_ARM now=900577 rem=500 frames=0 errors=0
DBG_GATEWAY_CH9_RX_CONT_RESULT start=900577 end=901078 ret=-116 fail=0 status=0x00000000 len=0 frames=0
DBG_GATEWAY_CH9_RX_CONT_ARM now=901080 rem=500 frames=0 errors=0
DBG_GATEWAY_CH9_RX_CONT_RESULT start=901080 end=901581 ret=-116 fail=0 status=0x00000000 len=0 frames=0
DBG_GATEWAY_CH9_RX_CONT_ARM now=901583 rem=500 frames=0 errors=0
DBG_GATEWAY_CH9_RX_CONT_RESULT start=901583 end=902084 ret=-116 fail=0 status=0x00000000 len=0 frames=0
DBG_GATEWAY_CH9_RX_CONT_ARM now=902086 rem=500 frames=0 errors=0
DBG_GATEWAY_CH9_RX_CONT_RESULT start=902086 end=902587 ret=-116 fail=0 status=0x00000000 len=0 frames=0
DBG_GATEWAY_CH9_RX_CONT_ARM now=902589 rem=500 frames=0 errors=0
DBG_GATEWAY_CH9_RX_CONT_RESULT start=902589 end=903035 ret=0 fail=0 status=0x00006f00 len=131 frames=0
DBG_UWB_RX_CH9
DBG_GATEWAY_CH9_RX_RELEASE_IDLE
DBG_GATEWAY_RX_DECODE_FAIL ch=9 len=131 q=100
DBG_RX_REJECT mode=9 len=131 q=100
DBG_GATEWAY_CH9_RX_CONT_ARM now=903036 rem=53 frames=1 errors=0
DBG_GATEWAY_CH9_RX_CONT_RESULT start=903036 end=903090 ret=-116 fail=0 status=0x00000000 len=0 frames=1
DBG_GATEWAY_CH9_RX_CONT_ARM now=903092 rem=500 frames=0 errors=0
DBG_GATEWAY_CH9_RX_CONT_RESULT start=903092 end=903203 ret=0 fail=0 status=0x00006f00 len=131 frames=0
DBG_UWB_RX_CH9
DBG_GATEWAY_CH9_RX_RELEASE_IDLE
DBG_GATEWAY_RX_DECODE ch=9 msg=0x41 src=0x56da25fe4af6d141 dst=0x9999888877776666 prev=0x191a9619c6c8cb07 seq=11 flags=0x14 pl
DBG_UWB_RX_CH9
DBG_MESH_RX_QUEUED ch=9 msg=0x41 src=0x56da25fe4af6d141 dst=0x9999888877776666 prev=0x191a9619c6c8cb07 seq=11 q=1
DBG_MESH_RX_DIRECT_WAIT q=1 reason=gateway-ch9-continuous-rx
DBG_MESH_RX_DIRECT_ENTER q=1 reason=gateway-ch9-continuous-rx
DBG_MESH_RX_DRAIN_ENTER owner=gateway-ch9-continuous-rx q=1
DBG_ENUM_ADAPTIVE_DEADLINE stage=1 observed_hop=2 next_hop=3 offset=11574 remaining=6427 deadline=909635
DBG_DISCOVERY_SLOT_ACK_RX epoch=44040272 anchor=0x56da25fe4af6d141 hop=2 acked=3 missing=0
DBG_GATEWAY_ACK_INPUT type=65 src=0x56da25fe4af6d141 dst=0x9999888877776666 rxseq=11 ackseq=30 len=70 flags=0x14 meta=0
DBG_GATEWAY_ACK_GUARD ms=10 seq=30 owner=control
DBG_COORD state=idle owner=gateway-ack-immediate-channel9 reason=idle rx=0 tx=0 relay=0 route=0 ack=0 qack=0
DBG_CH9_TX_CONFIG ret=0 now=903222 earliest=0 msg=32
DBG_CH9_TX_SEND_AT now=903222 earliest=0 msg=32 len=105
DBG_MESH_RX_DRAIN_EXIT owner=gateway-ch9-continuous-rx handled=1 q=0
DBG_MESH_RX_DIRECT_EXIT handled=1 q=0 reason=gateway-ch9-continuous-rx
DBG_GATEWAY_CH9_RX_CONT_ARM now=903227 rem=365 frames=1 errors=0
DBG_GATEWAY_CH9_RX_CONT_RESULT start=903227 end=903593 ret=-116 fail=0 status=0x00000000 len=0 frames=1
DBG_MESH_RX_WORK_WAIT q=0
DBG_MESH_RX_WORK_ENTER q=0
DBG_MESH_RX_DRAIN_ENTER owner=work q=0
DBG_MESH_RX_DRAIN_EXIT owner=work handled=0 q=0
DBG_MESH_RX_WORK_EXIT handled=0 q=0
DBG_GATEWAY_RX_REARM_RUN delay=0 ret=1 active=1
DBG_COORD state=gateway-rx owner=uwb-rx reason=gateway-rx rx=0 tx=0 relay=0 route=0 ack=0 qack=0
DBG_GATEWAY_CH9_RX_CONT_ARM now=903595 rem=500 frames=0 errors=0
DBG_GATEWAY_CH9_RX_CONT_RESULT start=903595 end=903673 ret=0 fail=0 status=0x00006f00 len=121 frames=0
DBG_UWB_RX_CH9
DBG_GATEWAY_CH9_RX_RELEASE_IDLE
DBG_GATEWAY_RX_DECODE_FAIL ch=9 len=121 q=100
DBG_RX_REJECT mode=9 len=121 q=100
DBG_GATEWAY_CH9_RX_CONT_ARM now=903675 rem=420 frames=1 errors=0
DBG_GATEWAY_CH9_RX_CONT_RESULT start=903675 end=904095 ret=-116 fail=0 status=0x00000000 len=0 frames=1
DBG_NC o=000000000000000c g=0000000c w=00 e=0000003c s=00000005 q=0000>0004 r=00000000 f=00000024 t=00000000 p=00000000 a=00
DBG_NODE_COMM_SUBMIT handle=12 profile=6 token=17039372 deadline=914096
DBG_ENUM_FLOOD kind=3 handle=12
DBG_ENUM_END_TX epoch=44040272 table_seq=44040279 ret=0
DBG_NODE_COMM_TX_BEGIN handle=12 profile=6 msg=64 dst=0x0 seq=12
DBG_CONTROL_RX_HANDOFF_READY abort=0
DBG_COORD state=idle owner=c5-flood reason=idle rx=0 tx=0 relay=0 route=0 ack=0 qack=0
DBG_DWM_INVALIDATE tag=configure_radio_from_reset active_phy=3 configured=1 awake=1
DBG_DWM_MARK_UNCONFIGURED tag=initialise_radio prev_phy=0
DBG_DWM_INVALIDATE tag=configure_radio_from_reset active_phy=2 configured=1 awake=0
DBG_DWM_MARK_UNCONFIGURED tag=initialise_radio prev_phy=0
DBG_DWM_WAKE_MESH_CTRL_OK sfd=4073
DBG_C5_TX_CONFIG ret=0 ext=1 len=169 msg=40 reason=bounded-c5-flood
DBG_UWB_TX_CH5
DBG_NC o=000000000000000c g=0000000c w=00 e=00000022 s=00000005 q=0004>0005 r=00000000 f=00000001 t=00000000 p=00000000 a=00
DBG_NC o=000000000000000c g=0000000c w=00 e=00000041 s=00000005 q=0005>0008 r=00000000 f=00000026 t=00000000 p=00000001 a=01
DBG_NODE_COMM_ATTEMPT handle=12 profile=6 attempt=1 ret=0 rf=1 scheduled=0 state=0
DBG_GATEWAY_RX_START reason=gateway mesh restart active=1 qrx=0 qtx=0 adv_due=0
DBG_ENUM_RF_RESULT kind=3 handle=12 success=1 reason=0 tries=1
DBG_STACK_RUN_BEGIN epoch=2799397898486933393 run=71 kind=ble_backpressure owner=system_workqueue queue=2 custody=2 credit=0 retry=0 drain=2 src=11068027678940948070 dst=11068027678940948070 session=44040283 seq=91 type=86 sequence=0 previous=0 uptime=904155
DBG_STACK_SAMPLE_BEGIN epoch=2799397898486933393 run=71 sample=71 kind=ble_backpressure owner=system_workqueue queue=2 custody=2 credit=0 retry=0 drain=2 src=11068027678940948070 dst=11068027678940948070 session=44040283 seq=91 type=86 uptime=904156
DBG_STACK_ISR_CONFIG size=8192 run=71 sample=71
DBG_STACK name=BT RX WQ tid=0x2000fe18 used=760 free=776 size=1536 ret=0 run=71 sample=71
DBG_STACK name=mesh_route tid=0x2000d560 used=5888 free=2304 size=8192 ret=0 run=71 sample=71
DBG_STACK name=sysworkq tid=0x20010d70 used=2408 free=2072 size=4480 ret=0 run=71 sample=71
DBG_STACK name=MPSL Work tid=0x20010b28 used=376 free=648 size=1024 ret=0 run=71 sample=71
DBG_STACK name=logging tid=0x2000f920 used=480 free=1568 size=2048 ret=0 run=71 sample=71
DBG_STACK name=idle tid=0x20010c00 used=64 free=256 size=320 ret=0 run=71 sample=71
DBG_STACK_SAMPLE_END run=71 sample=71
DBG_STACK_RUN_END epoch=2799397898486933393 run=71 kind=ble_backpressure owner=system_workqueue outcome=ack queue=2 custody=0 credit=1 retry=0 drain=2 src=11068027678940948070 dst=11068027678940948070 session=44040283 seq=91 type=86 samples=1 sequence=0 previous=0 uptime=904181
DBG_GATEWAY_CH9_RX_CONT_ARM now=904184 rem=500 frames=0 errors=0
DBG_GATEWAY_CH9_RX_CONT_RESULT start=904184 end=904685 ret=-116 fail=0 status=0x02000000 len=0 frames=0
DBG_GATEWAY_CH9_RX_CONT_ARM now=904687 rem=500 frames=0 errors=0
DBG_STACK_RUN_BEGIN epoch=2799397898486933393 run=72 kind=ble_backpressure owner=system_workqueue queue=2 custody=2 credit=0 retry=0 drain=2 src=11068027678940948070 dst=11068027678940948070 session=419698817 seq=6273 type=65 sequence=0 previous=0 uptime=904753
DBG_STACK_SAMPLE_BEGIN epoch=2799397898486933393 run=72 sample=72 kind=ble_backpressure owner=system_workqueue queue=2 custody=2 credit=0 retry=0 drain=2 src=11068027678940948070 dst=11068027678940948070 session=419698817 seq=6273 type=65 uptime=904754
DBG_STACK_ISR_CONFIG size=8192 run=72 sample=72
DBG_STACK name=BT RX WQ tid=0x2000fe18 used=760 free=776 size=1536 ret=0 run=72 sample=72
DBG_STACK name=mesh_route tid=0x2000d560 used=5888 free=2304 size=8192 ret=0 run=72 sample=72
DBG_STACK name=sysworkq tid=0x20010d70 used=2408 free=2072 size=4480 ret=0 run=72 sample=72
DBG_STACK name=MPSL Work tid=0x20010b28 used=376 free=648 size=1024 ret=0 run=72 sample=72
DBG_STACK name=logging tid=0x2000f920 used=480 free=1568 size=2048 ret=0 run=72 sample=72
DBG_STACK name=idle tid=0x20010c00 used=64 free=256 size=320 ret=0 run=72 sample=72
DBG_STACK_SAMPLE_END run=72 sample=72
DBG_STACK_RUN_END epoch=2799397898486933393 run=72 kind=ble_backpressure owner=system_workqueue outcome=ack queue=2 custody=0 credit=1 retry=0 drain=2 src=11068027678940948070 dst=11068027678940948070 session=419698817 seq=6273 type=65 samples=1 sequence=0 previous=0 uptime=904776
DBG_GATEWAY_CH9_RX_CONT_RESULT start=904687 end=905188 ret=-116 fail=0 status=0x00000000 len=0 frames=0
DBG_GATEWAY_CH9_RX_CONT_ARM now=905190 rem=500 frames=0 errors=0
DBG_STACK_RUN_BEGIN epoch=2799397898486933393 run=73 kind=ble_backpressure owner=system_workqueue queue=1 custody=1 credit=0 retry=0 drain=1 src=11068027678940948070 dst=11068027678940948070 session=44040284 seq=92 type=86 sequence=0 previous=0 uptime=905563
DBG_STACK_SAMPLE_BEGIN epoch=2799397898486933393 run=73 sample=73 kind=ble_backpressure owner=system_workqueue queue=1 custody=1 credit=0 retry=0 drain=1 src=11068027678940948070 dst=11068027678940948070 session=44040284 seq=92 type=86 uptime=905563
DBG_STACK_ISR_CONFIG size=8192 run=73 sample=73
DBG_STACK name=BT RX WQ tid=0x2000fe18 used=760 free=776 size=1536 ret=0 run=73 sample=73
DBG_STACK name=mesh_route tid=0x2000d560 used=5888 free=2304 size=8192 ret=0 run=73 sample=73
DBG_STACK name=sysworkq tid=0x20010d70 used=2408 free=2072 size=4480 ret=0 run=73 sample=73
DBG_STACK name=MPSL Work tid=0x20010b28 used=376 free=648 size=1024 ret=0 run=73 sample=73
DBG_STACK name=logging tid=0x2000f920 used=480 free=1568 size=2048 ret=0 run=73 sample=73
DBG_STACK name=idle tid=0x20010c00 used=64 free=256 size=320 ret=0 run=73 sample=73
DBG_STACK_SAMPLE_END run=73 sample=73
DBG_STACK_RUN_END epoch=2799397898486933393 run=73 kind=ble_backpressure owner=system_workqueue outcome=ack queue=1 custody=0 credit=1 retry=0 drain=1 src=11068027678940948070 dst=11068027678940948070 session=44040284 seq=92 type=86 samples=1 sequence=0 previous=0 uptime=905584
DBG_GATEWAY_CH9_RX_CONT_RESULT start=905190 end=905691 ret=-116 fail=0 status=0x00000000 len=0 frames=0
DBG_GATEWAY_CH9_RX_CONT_ARM now=905693 rem=500 frames=0 errors=0
DBG_GATEWAY_CH9_RX_CONT_RESULT start=905693 end=906194 ret=-116 fail=0 status=0x00000000 len=0 frames=0
DBG_GATEWAY_CH9_RX_CONT_ARM now=906196 rem=500 frames=0 errors=0
DBG_STACK_RUN_BEGIN epoch=2799397898486933393 run=74 kind=ble_backpressure owner=system_workqueue queue=1 custody=1 credit=0 retry=0 drain=1 src=11068027678940948070 dst=11068027678940948070 session=44040285 seq=93 type=86 sequence=0 previous=0 uptime=906463
DBG_STACK_SAMPLE_BEGIN epoch=2799397898486933393 run=74 sample=74 kind=ble_backpressure owner=system_workqueue queue=1 custody=1 credit=0 retry=0 drain=1 src=11068027678940948070 dst=11068027678940948070 session=44040285 seq=93 type=86 uptime=906464
DBG_STACK_ISR_CONFIG size=8192 run=74 sample=74
DBG_STACK name=BT RX WQ tid=0x2000fe18 used=760 free=776 size=1536 ret=0 run=74 sample=74
DBG_STACK name=mesh_route tid=0x2000d560 used=5888 free=2304 size=8192 ret=0 run=74 sample=74
DBG_STACK name=sysworkq tid=0x20010d70 used=2408 free=2072 size=4480 ret=0 run=74 sample=74
DBG_STACK name=MPSL Work tid=0x20010b28 used=376 free=648 size=1024 ret=0 run=74 sample=74
DBG_STACK name=logging tid=0x2000f920 used=480 free=1568 size=2048 ret=0 run=74 sample=74
DBG_STACK name=idle tid=0x20010c00 used=64 free=256 size=320 ret=0 run=74 sample=74
DBG_STACK_SAMPLE_END run=74 sample=74
DBG_STACK_RUN_END epoch=2799397898486933393 run=74 kind=ble_backpressure owner=system_workqueue outcome=ack queue=1 custody=0 credit=1 retry=0 drain=1 src=11068027678940948070 dst=11068027678940948070 session=44040285 seq=93 type=86 samples=1 sequence=0 previous=0 uptime=906486
DBG_GATEWAY_CH9_RX_CONT_RESULT start=906196 end=906697 ret=-116 fail=0 status=0x00000000 len=0 frames=0
DBG_GATEWAY_CH9_RX_CONT_ARM now=906699 rem=500 frames=0 errors=0
DBG_STACK_RUN_BEGIN epoch=2799397898486933393 run=75 kind=ble_backpressure owner=system_workqueue queue=1 custody=1 credit=0 retry=0 drain=1 src=11068027678940948070 dst=11068027678940948070 session=44040286 seq=94 type=86 sequence=0 previous=0 uptime=907183
DBG_STACK_SAMPLE_BEGIN epoch=2799397898486933393 run=75 sample=75 kind=ble_backpressure owner=system_workqueue queue=1 custody=1 credit=0 retry=0 drain=1 src=11068027678940948070 dst=11068027678940948070 session=44040286 seq=94 type=86 uptime=907184
DBG_STACK_ISR_CONFIG size=8192 run=75 sample=75
DBG_STACK name=BT RX WQ tid=0x2000fe18 used=760 free=776 size=1536 ret=0 run=75 sample=75
DBG_STACK name=mesh_route tid=0x2000d560 used=5888 free=2304 size=8192 ret=0 run=75 sample=75
DBG_STACK name=sysworkq tid=0x20010d70 used=2408 free=2072 size=4480 ret=0 run=75 sample=75
DBG_STACK name=MPSL Work tid=0x20010b28 used=376 free=648 size=1024 ret=0 run=75 sample=75
DBG_STACK name=logging tid=0x2000f920 used=480 free=1568 size=2048 ret=0 run=75 sample=75
DBG_STACK name=idle tid=0x20010c00 used=64 free=256 size=320 ret=0 run=75 sample=75
DBG_STACK_SAMPLE_END run=75 sample=75
DBG_STACK_RUN_END epoch=2799397898486933393 run=75 kind=ble_backpressure owner=system_workqueue outcome=ack queue=1 custody=0 credit=1 retry=0 drain=1 src=11068027678940948070 dst=11068027678940948070 session=44040286 seq=94 type=86 samples=1 sequence=0 previous=0 uptime=907202
DBG_GATEWAY_CH9_RX_CONT_ARM now=907203 rem=500 frames=0 errors=0
DBG_GATEWAY_CH9_RX_CONT_RESULT start=907203 end=907704 ret=-116 fail=0 status=0x00000000 len=0 frames=0
DBG_GATEWAY_CH9_RX_CONT_ARM now=907706 rem=500 frames=0 errors=0
DBG_STACK_RUN_BEGIN epoch=2799397898486933393 run=76 kind=ble_backpressure owner=system_workqueue queue=1 custody=1 credit=0 retry=0 drain=1 src=11068027678940948070 dst=11068027678940948070 session=44040287 seq=95 type=86 sequence=0 previous=0 uptime=907813
DBG_STACK_SAMPLE_BEGIN epoch=2799397898486933393 run=76 sample=76 kind=ble_backpressure owner=system_workqueue queue=1 custody=1 credit=0 retry=0 drain=1 src=11068027678940948070 dst=11068027678940948070 session=44040287 seq=95 type=86 uptime=907814
DBG_STACK_ISR_CONFIG size=8192 run=76 sample=76
DBG_STACK name=BT RX WQ tid=0x2000fe18 used=760 free=776 size=1536 ret=0 run=76 sample=76
DBG_STACK name=mesh_route tid=0x2000d560 used=5888 free=2304 size=8192 ret=0 run=76 sample=76
DBG_STACK name=sysworkq tid=0x20010d70 used=2408 free=2072 size=4480 ret=0 run=76 sample=76
DBG_STACK name=MPSL Work tid=0x20010b28 used=376 free=648 size=1024 ret=0 run=76 sample=76
DBG_STACK name=logging tid=0x2000f920 used=480 free=1568 size=2048 ret=0 run=76 sample=76
DBG_STACK name=idle tid=0x20010c00 used=64 free=256 size=320 ret=0 run=76 sample=76
DBG_STACK_SAMPLE_END run=76 sample=76
DBG_STACK_RUN_END epoch=2799397898486933393 run=76 kind=ble_backpressure owner=system_workqueue outcome=ack queue=1 custody=0 credit=1 retry=0 drain=1 src=11068027678940948070 dst=11068027678940948070 session=44040287 seq=95 type=86 samples=1 sequence=0 previous=0 uptime=907824
DBG_GATEWAY_CH9_RX_CONT_RESULT start=907706 end=908207 ret=-116 fail=0 status=0x00000000 len=0 frames=0
DBG_GATEWAY_CH9_RX_CONT_ARM now=908209 rem=500 frames=0 errors=0
DBG_STACK_RUN_BEGIN epoch=2799397898486933393 run=77 kind=ble_backpressure owner=system_workqueue queue=1 custody=1 credit=0 retry=0 drain=1 src=11068027678940948070 dst=11068027678940948070 session=44040288 seq=96 type=86 sequence=0 previous=0 uptime=908533
DBG_STACK_SAMPLE_BEGIN epoch=2799397898486933393 run=77 sample=77 kind=ble_backpressure owner=system_workqueue queue=1 custody=1 credit=0 retry=0 drain=1 src=11068027678940948070 dst=11068027678940948070 session=44040288 seq=96 type=86 uptime=908534
DBG_STACK_ISR_CONFIG size=8192 run=77 sample=77
DBG_STACK name=BT RX WQ tid=0x2000fe18 used=760 free=776 size=1536 ret=0 run=77 sample=77
DBG_STACK name=mesh_route tid=0x2000d560 used=5888 free=2304 size=8192 ret=0 run=77 sample=77
DBG_STACK name=sysworkq tid=0x20010d70 used=2408 free=2072 size=4480 ret=0 run=77 sample=77
DBG_STACK name=MPSL Work tid=0x20010b28 used=376 free=648 size=1024 ret=0 run=77 sample=77
DBG_STACK name=logging tid=0x2000f920 used=480 free=1568 size=2048 ret=0 run=77 sample=77
DBG_STACK name=idle tid=0x20010c00 used=64 free=256 size=320 ret=0 run=77 sample=77
DBG_STACK_SAMPLE_END run=77 sample=77
DBG_STACK_RUN_END epoch=2799397898486933393 run=77 kind=ble_backpressure owner=system_workqueue outcome=ack queue=1 custody=0 credit=1 retry=0 drain=1 src=11068027678940948070 dst=11068027678940948070 session=44040288 seq=96 type=86 samples=1 sequence=0 previous=0 uptime=908551
DBG_GATEWAY_CH9_RX_CONT_RESULT start=908209 end=908710 ret=-116 fail=0 status=0x00000000 len=0 frames=0
DBG_GATEWAY_CH9_RX_CONT_ARM now=908712 rem=500 frames=0 errors=0
DBG_GATEWAY_CH9_RX_CONT_RESULT start=908712 end=909213 ret=-116 fail=0 status=0x00000000 len=0 frames=0
DBG_GATEWAY_CH9_RX_CONT_ARM now=909215 rem=500 frames=0 errors=0
DBG_GATEWAY_CH9_RX_CONT_RESULT start=909215 end=909716 ret=-116 fail=0 status=0x00000000 len=0 frames=0
DBG_GATEWAY_CH9_RX_CONT_ARM now=909722 rem=500 frames=0 errors=0
DBG_GATEWAY_CH9_RX_CONT_RESULT start=909722 end=910223 ret=-116 fail=0 status=0x00000000 len=0 frames=0
DBG_GATEWAY_CH9_RX_CONT_ARM now=910225 rem=500 frames=0 errors=0
DBG_GATEWAY_CH9_RX_CONT_RESULT start=910225 end=910726 ret=-116 fail=0 status=0x00000000 len=0 frames=0
DBG_GATEWAY_CH9_RX_CONT_ARM now=910728 rem=500 frames=0 errors=0
DBG_GATEWAY_CH9_RX_CONT_RESULT start=910728 end=911229 ret=-116 fail=0 status=0x00000000 len=0 frames=0
DBG_GATEWAY_CH9_RX_CONT_ARM now=911231 rem=500 frames=0 errors=0
DBG_GATEWAY_CH9_RX_CONT_RESULT start=911231 end=911732 ret=-116 fail=0 status=0x00000000 len=0 frames=0
DBG_GATEWAY_CH9_RX_CONT_ARM now=911734 rem=500 frames=0 errors=0
DBG_GATEWAY_BLE event=disconnected reason=19 uptime=911862
DBG_GATEWAY_BLE event=recovery round=1 delay_ms=478 reason=disconnected uptime=911862
DBG_GATEWAY_CH9_RX_CONT_RESULT start=911734 end=912235 ret=-116 fail=0 status=0x00000000 len=0 frames=0
DBG_GATEWAY_CH9_RX_CONT_ARM now=912237 rem=500 frames=0 errors=0
DBG_GATEWAY_CH9_RX_CONT_RESULT start=912237 end=912738 ret=-116 fail=0 status=0x00000000 len=0 frames=0
DBG_GATEWAY_CH9_RX_CONT_ARM now=912740 rem=500 frames=0 errors=0
DBG_GATEWAY_CH9_RX_CONT_RESULT start=912740 end=913241 ret=-116 fail=0 status=0x00000000 len=0 frames=0
DBG_GATEWAY_CH9_RX_CONT_ARM now=913243 rem=500 frames=0 errors=0
DBG_GATEWAY_CH9_RX_CONT_RESULT start=913243 end=913744 ret=-116 fail=0 status=0x00000000 len=0 frames=0
DBG_GATEWAY_CH9_RX_CONT_ARM now=913746 rem=500 frames=0 errors=0
DBG_GATEWAY_CH9_RX_CONT_RESULT start=913746 end=914247 ret=-116 fail=0 status=0x00000000 len=0 frames=0
DBG_GATEWAY_CH9_RX_CONT_ARM now=914249 rem=500 frames=0 errors=0
DBG_GATEWAY_CH9_RX_CONT_RESULT start=914249 end=914750 ret=-116 fail=0 status=0x00000000 len=0 frames=0
DBG_GATEWAY_CH9_RX_CONT_ARM now=914752 rem=500 frames=0 errors=0
