BLE_CONNECTED gateway_id=0x9999888877776666 command=assign-slots session=1084527783 frame=04c101400201010101010101116666777788889999a794a440a794011b010101081002040178020306ab04dc620607ae0b0101010304dc620605e8031aa500
BLE_CHUNK len=118 hex=475701280106010056040a000a00cc0166667777888899996666777788889999000000004e002100014e01020000000004013500a794a44000000000a794a440a79400000a00cc01000000000000000000000000000000000000000000000000000000000000000000000000000000000000000000ff
BLE_PACKET type=0x56 src=0x9999888877776666 dst=0x9999888877776666 session=30146570 seq=10 payload=014e01020000000004013500a794a44000000000a794a440a79400000a00cc01000000000000000000000000000000000000000000000000000000000000000000000000000000000000000000ff
GATEWAY_COMMAND_EVENT GatewayCommandEvent(command_kind=1, stage=2, flags=0, attempt=0, command_status=0, reason=0, command_id=260, route_epoch=53, correlation_id=1084527783, gateway_sequence=0, host_session_id=1084527783, host_sequence=38055, event_sequence=30146570, anchor_id=0, pair_initiator_id=0, pair_responder_id=0, previous_hop_id=0, progress_count=0, total_count=0, success_count=0, failure_count=0, duplicate_count=0, lost_event_count=0, hop_count=0, discovery_slot=255)
BLE_HOST_RECEIPT type=0x56 src=0x9999888877776666 session=30146570 seq=10
BLE_CHUNK len=118 hex=475701280106010056040b000b00cc0166667777888899996666777788889999000000004e0069e1014e01030000000004013500a794a44000000000a794a440a79400000b00cc01000000000000000000000000000000000000000000000000000000000000000000000000000000000000000000ff
BLE_PACKET type=0x56 src=0x9999888877776666 dst=0x9999888877776666 session=30146571 seq=11 payload=014e01030000000004013500a794a44000000000a794a440a79400000b00cc01000000000000000000000000000000000000000000000000000000000000000000000000000000000000000000ff
GATEWAY_COMMAND_EVENT GatewayCommandEvent(command_kind=1, stage=3, flags=0, attempt=0, command_status=0, reason=0, command_id=260, route_epoch=53, correlation_id=1084527783, gateway_sequence=0, host_session_id=1084527783, host_sequence=38055, event_sequence=30146571, anchor_id=0, pair_initiator_id=0, pair_responder_id=0, previous_hop_id=0, progress_count=0, total_count=0, success_count=0, failure_count=0, duplicate_count=0, lost_event_count=0, hop_count=0, discovery_slot=255)
BLE_HOST_RECEIPT type=0x56 src=0x9999888877776666 session=30146571 seq=11
BLE_CHUNK len=118 hex=475701280106010056040d000d00cc0166667777888899996666777788889999000000004e00c645014e01030000000004013500a794a4400c00cc01a794a440a79400000d00cc01000000000000000000000000000000000000000000000000000000000000000000000000000000000000000000ff
BLE_PACKET type=0x56 src=0x9999888877776666 dst=0x9999888877776666 session=30146573 seq=13 payload=014e01030000000004013500a794a4400c00cc01a794a440a79400000d00cc01000000000000000000000000000000000000000000000000000000000000000000000000000000000000000000ff
GATEWAY_COMMAND_EVENT GatewayCommandEvent(command_kind=1, stage=3, flags=0, attempt=0, command_status=0, reason=0, command_id=260, route_epoch=53, correlation_id=1084527783, gateway_sequence=30146572, host_session_id=1084527783, host_sequence=38055, event_sequence=30146573, anchor_id=0, pair_initiator_id=0, pair_responder_id=0, previous_hop_id=0, progress_count=0, total_count=0, success_count=0, failure_count=0, duplicate_count=0, lost_event_count=0, hop_count=0, discovery_slot=255)
BLE_CHUNK len=118 hex=475701280106010056040d000d00cc0166667777888899996666777788889999000000004e00c645014e01030000000004013500a794a4400c00cc01a794a440a79400000d00cc01000000000000000000000000000000000000000000000000000000000000000000000000000000000000000000ff
BLE_PACKET type=0x56 src=0x9999888877776666 dst=0x9999888877776666 session=30146573 seq=13 payload=014e01030000000004013500a794a4400c00cc01a794a440a79400000d00cc01000000000000000000000000000000000000000000000000000000000000000000000000000000000000000000ff
GATEWAY_COMMAND_EVENT GatewayCommandEvent(command_kind=1, stage=3, flags=0, attempt=0, command_status=0, reason=0, command_id=260, route_epoch=53, correlation_id=1084527783, gateway_sequence=30146572, host_session_id=1084527783, host_sequence=38055, event_sequence=30146573, anchor_id=0, pair_initiator_id=0, pair_responder_id=0, previous_hop_id=0, progress_count=0, total_count=0, success_count=0, failure_count=0, duplicate_count=0, lost_event_count=0, hop_count=0, discovery_slot=255)
BLE_CHUNK len=118 hex=475701280106010056040d000d00cc0166667777888899996666777788889999000000004e00c645014e01030000000004013500a794a4400c00cc01a794a440a79400000d00cc01000000000000000000000000000000000000000000000000000000000000000000000000000000000000000000ff
BLE_PACKET type=0x56 src=0x9999888877776666 dst=0x9999888877776666 session=30146573 seq=13 payload=014e01030000000004013500a794a4400c00cc01a794a440a79400000d00cc01000000000000000000000000000000000000000000000000000000000000000000000000000000000000000000ff
GATEWAY_COMMAND_EVENT GatewayCommandEvent(command_kind=1, stage=3, flags=0, attempt=0, command_status=0, reason=0, command_id=260, route_epoch=53, correlation_id=1084527783, gateway_sequence=30146572, host_session_id=1084527783, host_sequence=38055, event_sequence=30146573, anchor_id=0, pair_initiator_id=0, pair_responder_id=0, previous_hop_id=0, progress_count=0, total_count=0, success_count=0, failure_count=0, duplicate_count=0, lost_event_count=0, hop_count=0, discovery_slot=255)
BLE_CHUNK len=118 hex=475701280106010056040d000d00cc0166667777888899996666777788889999000000004e00c645014e01030000000004013500a794a4400c00cc01a794a440a79400000d00cc01000000000000000000000000000000000000000000000000000000000000000000000000000000000000000000ff
BLE_PACKET type=0x56 src=0x9999888877776666 dst=0x9999888877776666 session=30146573 seq=13 payload=014e01030000000004013500a794a4400c00cc01a794a440a79400000d00cc01000000000000000000000000000000000000000000000000000000000000000000000000000000000000000000ff
GATEWAY_COMMAND_EVENT GatewayCommandEvent(command_kind=1, stage=3, flags=0, attempt=0, command_status=0, reason=0, command_id=260, route_epoch=53, correlation_id=1084527783, gateway_sequence=30146572, host_session_id=1084527783, host_sequence=38055, event_sequence=30146573, anchor_id=0, pair_initiator_id=0, pair_responder_id=0, previous_hop_id=0, progress_count=0, total_count=0, success_count=0, failure_count=0, duplicate_count=0, lost_event_count=0, hop_count=0, discovery_slot=255)
BLE_HOST_RECEIPT type=0x56 src=0x9999888877776666 session=30146573 seq=13
BLE_CHUNK len=118 hex=475701280106010056040f000f00cc0166667777888899996666777788889999000000004e00f21c014e01040001000004013500a794a4400c00cc01a794a440a79400000f00cc01000000000000000000000000000000000000000000000000000000000000000000000000000000000000000000ff
BLE_PACKET type=0x56 src=0x9999888877776666 dst=0x9999888877776666 session=30146575 seq=15 payload=014e01040001000004013500a794a4400c00cc01a794a440a79400000f00cc01000000000000000000000000000000000000000000000000000000000000000000000000000000000000000000ff
GATEWAY_COMMAND_EVENT GatewayCommandEvent(command_kind=1, stage=4, flags=0, attempt=1, command_status=0, reason=0, command_id=260, route_epoch=53, correlation_id=1084527783, gateway_sequence=30146572, host_session_id=1084527783, host_sequence=38055, event_sequence=30146575, anchor_id=0, pair_initiator_id=0, pair_responder_id=0, previous_hop_id=0, progress_count=0, total_count=0, success_count=0, failure_count=0, duplicate_count=0, lost_event_count=0, hop_count=0, discovery_slot=255)
BLE_HOST_RECEIPT type=0x56 src=0x9999888877776666 session=30146575 seq=15
BLE_CHUNK len=118 hex=4757012801060100560410001000cc0166667777888899996666777788889999000000004e0072d3014e01060000000004013500a794a4400c00cc01a794a440a79400001000cc010e3070b9aac08b70000000000000000000000000000000000e3070b9aac08b7001000000000000000000000001ff
BLE_PACKET type=0x56 src=0x9999888877776666 dst=0x9999888877776666 session=30146576 seq=16 payload=014e01060000000004013500a794a4400c00cc01a794a440a79400001000cc010e3070b9aac08b70000000000000000000000000000000000e3070b9aac08b7001000000000000000000000001ff
GATEWAY_COMMAND_EVENT GatewayCommandEvent(command_kind=1, stage=6, flags=0, attempt=0, command_status=0, reason=0, command_id=260, route_epoch=53, correlation_id=1084527783, gateway_sequence=30146572, host_session_id=1084527783, host_sequence=38055, event_sequence=30146576, anchor_id=8109787393498820622, pair_initiator_id=0, pair_responder_id=0, previous_hop_id=8109787393498820622, progress_count=1, total_count=0, success_count=0, failure_count=0, duplicate_count=0, lost_event_count=0, hop_count=1, discovery_slot=255)
BLE_HOST_RECEIPT type=0x56 src=0x9999888877776666 session=30146576 seq=16
BLE_CHUNK len=118 hex=4757012801060100560412001200cc0166667777888899996666777788889999000000004e007123014e01060600000004013500a794a4400c00cc01a794a440a79400001200cc0141d1f64afe25da560000000000000000000000000000000041d1f64afe25da5603000000000000000000000001ff
BLE_PACKET type=0x56 src=0x9999888877776666 dst=0x9999888877776666 session=30146578 seq=18 payload=014e01060600000004013500a794a4400c00cc01a794a440a79400001200cc0141d1f64afe25da560000000000000000000000000000000041d1f64afe25da5603000000000000000000000001ff
GATEWAY_COMMAND_EVENT GatewayCommandEvent(command_kind=1, stage=6, flags=6, attempt=0, command_status=0, reason=0, command_id=260, route_epoch=53, correlation_id=1084527783, gateway_sequence=30146572, host_session_id=1084527783, host_sequence=38055, event_sequence=30146578, anchor_id=6258356406294335809, pair_initiator_id=0, pair_responder_id=0, previous_hop_id=6258356406294335809, progress_count=3, total_count=0, success_count=0, failure_count=0, duplicate_count=0, lost_event_count=0, hop_count=1, discovery_slot=255)
BLE_CHUNK len=118 hex=4757012801060100560412001200cc0166667777888899996666777788889999000000004e007123014e01060600000004013500a794a4400c00cc01a794a440a79400001200cc0141d1f64afe25da560000000000000000000000000000000041d1f64afe25da5603000000000000000000000001ff
BLE_PACKET type=0x56 src=0x9999888877776666 dst=0x9999888877776666 session=30146578 seq=18 payload=014e01060600000004013500a794a4400c00cc01a794a440a79400001200cc0141d1f64afe25da560000000000000000000000000000000041d1f64afe25da5603000000000000000000000001ff
GATEWAY_COMMAND_EVENT GatewayCommandEvent(command_kind=1, stage=6, flags=6, attempt=0, command_status=0, reason=0, command_id=260, route_epoch=53, correlation_id=1084527783, gateway_sequence=30146572, host_session_id=1084527783, host_sequence=38055, event_sequence=30146578, anchor_id=6258356406294335809, pair_initiator_id=0, pair_responder_id=0, previous_hop_id=6258356406294335809, progress_count=3, total_count=0, success_count=0, failure_count=0, duplicate_count=0, lost_event_count=0, hop_count=1, discovery_slot=255)
BLE_HOST_RECEIPT type=0x56 src=0x9999888877776666 session=30146578 seq=18
BLE_CHUNK len=118 hex=4757012801060100560415001500cc0166667777888899996666777788889999000000004e00c567014e01080600000004013500a794a4400c00cc01a794a440a79400001500cc0141d1f64afe25da560000000000000000000000000000000000000000000000000100030000000000000000000101
BLE_PACKET type=0x56 src=0x9999888877776666 dst=0x9999888877776666 session=30146581 seq=21 payload=014e01080600000004013500a794a4400c00cc01a794a440a79400001500cc0141d1f64afe25da560000000000000000000000000000000000000000000000000100030000000000000000000101
GATEWAY_COMMAND_EVENT GatewayCommandEvent(command_kind=1, stage=8, flags=6, attempt=0, command_status=0, reason=0, command_id=260, route_epoch=53, correlation_id=1084527783, gateway_sequence=30146572, host_session_id=1084527783, host_sequence=38055, event_sequence=30146581, anchor_id=6258356406294335809, pair_initiator_id=0, pair_responder_id=0, previous_hop_id=0, progress_count=1, total_count=3, success_count=0, failure_count=0, duplicate_count=0, lost_event_count=0, hop_count=1, discovery_slot=1)
BLE_CHUNK len=118 hex=4757012801060100560415001500cc0166667777888899996666777788889999000000004e00c567014e01080600000004013500a794a4400c00cc01a794a440a79400001500cc0141d1f64afe25da560000000000000000000000000000000000000000000000000100030000000000000000000101
BLE_PACKET type=0x56 src=0x9999888877776666 dst=0x9999888877776666 session=30146581 seq=21 payload=014e01080600000004013500a794a4400c00cc01a794a440a79400001500cc0141d1f64afe25da560000000000000000000000000000000000000000000000000100030000000000000000000101
GATEWAY_COMMAND_EVENT GatewayCommandEvent(command_kind=1, stage=8, flags=6, attempt=0, command_status=0, reason=0, command_id=260, route_epoch=53, correlation_id=1084527783, gateway_sequence=30146572, host_session_id=1084527783, host_sequence=38055, event_sequence=30146581, anchor_id=6258356406294335809, pair_initiator_id=0, pair_responder_id=0, previous_hop_id=0, progress_count=1, total_count=3, success_count=0, failure_count=0, duplicate_count=0, lost_event_count=0, hop_count=1, discovery_slot=1)
BLE_HOST_RECEIPT type=0x56 src=0x9999888877776666 session=30146581 seq=21
BLE_CHUNK len=118 hex=4757012801060100560416001600cc0166667777888899996666777788889999000000004e001b2f014e01080600000004013500a794a4400c00cc01a794a440a79400001600cc0107cbc8c619961a190000000000000000000000000000000000000000000000000200030000000000000000000102
BLE_PACKET type=0x56 src=0x9999888877776666 dst=0x9999888877776666 session=30146582 seq=22 payload=014e01080600000004013500a794a4400c00cc01a794a440a79400001600cc0107cbc8c619961a190000000000000000000000000000000000000000000000000200030000000000000000000102
GATEWAY_COMMAND_EVENT GatewayCommandEvent(command_kind=1, stage=8, flags=6, attempt=0, command_status=0, reason=0, command_id=260, route_epoch=53, correlation_id=1084527783, gateway_sequence=30146572, host_session_id=1084527783, host_sequence=38055, event_sequence=30146582, anchor_id=1808923237796072199, pair_initiator_id=0, pair_responder_id=0, previous_hop_id=0, progress_count=2, total_count=3, success_count=0, failure_count=0, duplicate_count=0, lost_event_count=0, hop_count=1, discovery_slot=2)
BLE_CHUNK len=118 hex=4757012801060100560416001600cc0166667777888899996666777788889999000000004e001b2f014e01080600000004013500a794a4400c00cc01a794a440a79400001600cc0107cbc8c619961a190000000000000000000000000000000000000000000000000200030000000000000000000102
BLE_PACKET type=0x56 src=0x9999888877776666 dst=0x9999888877776666 session=30146582 seq=22 payload=014e01080600000004013500a794a4400c00cc01a794a440a79400001600cc0107cbc8c619961a190000000000000000000000000000000000000000000000000200030000000000000000000102
GATEWAY_COMMAND_EVENT GatewayCommandEvent(command_kind=1, stage=8, flags=6, attempt=0, command_status=0, reason=0, command_id=260, route_epoch=53, correlation_id=1084527783, gateway_sequence=30146572, host_session_id=1084527783, host_sequence=38055, event_sequence=30146582, anchor_id=1808923237796072199, pair_initiator_id=0, pair_responder_id=0, previous_hop_id=0, progress_count=2, total_count=3, success_count=0, failure_count=0, duplicate_count=0, lost_event_count=0, hop_count=1, discovery_slot=2)
BLE_HOST_RECEIPT type=0x56 src=0x9999888877776666 session=30146582 seq=22
BLE_CHUNK len=51 hex=47570128010201004144a794a794a44066667777888899996666777788889999000000000b00dac810020401110205001e0100
BLE_PACKET type=0x41 src=0x9999888877776666 dst=0x9999888877776666 session=1084527783 seq=38055 payload=10020401110205001e0100
BLE_HOST_RECEIPT type=0x41 src=0x9999888877776666 session=1084527783 seq=38055
