BLE_CONNECTED gateway_id=0x9999888877776666 command=here-i-am session=2391540380 frame=04c1014002010101010101011166667777888899999c028c8e9c0201330101010410020c06ab04dc620607ae0b0101010304dc620607e803ae1301020310620102c8040604fa010104b5f80305ae050103050201c64500
BLE_CHUNK len=118 hex=47570128010601005604a300a300580266667777888899996666777788889999000000004e00de2b014e0302000000000c0058009c028c8e000000009c028c8e9c020000a3005802000000000000000000000000000000000000000000000000000000000000000000000000000000000000000000ff
BLE_PACKET type=0x56 src=0x9999888877776666 dst=0x9999888877776666 session=39321763 seq=163 payload=014e0302000000000c0058009c028c8e000000009c028c8e9c020000a3005802000000000000000000000000000000000000000000000000000000000000000000000000000000000000000000ff
GATEWAY_COMMAND_EVENT GatewayCommandEvent(command_kind=3, stage=2, flags=0, attempt=0, command_status=0, reason=0, command_id=12, route_epoch=88, correlation_id=2391540380, gateway_sequence=0, host_session_id=2391540380, host_sequence=668, event_sequence=39321763, anchor_id=0, pair_initiator_id=0, pair_responder_id=0, previous_hop_id=0, progress_count=0, total_count=0, success_count=0, failure_count=0, duplicate_count=0, lost_event_count=0, hop_count=0, discovery_slot=255)
BLE_HOST_RECEIPT type=0x56 src=0x9999888877776666 session=39321763 seq=163
BLE_CHUNK len=118 hex=47570128010601005604a400a400580266667777888899996666777788889999000000004e00a2a7014e0303000000000c0058009c028c8e000000009c028c8e9c020000a4005802000000000000000000000000000000000000000000000000000000000000000000000000000000000000000000ff
BLE_PACKET type=0x56 src=0x9999888877776666 dst=0x9999888877776666 session=39321764 seq=164 payload=014e0303000000000c0058009c028c8e000000009c028c8e9c020000a4005802000000000000000000000000000000000000000000000000000000000000000000000000000000000000000000ff
GATEWAY_COMMAND_EVENT GatewayCommandEvent(command_kind=3, stage=3, flags=0, attempt=0, command_status=0, reason=0, command_id=12, route_epoch=88, correlation_id=2391540380, gateway_sequence=0, host_session_id=2391540380, host_sequence=668, event_sequence=39321764, anchor_id=0, pair_initiator_id=0, pair_responder_id=0, previous_hop_id=0, progress_count=0, total_count=0, success_count=0, failure_count=0, duplicate_count=0, lost_event_count=0, hop_count=0, discovery_slot=255)
BLE_HOST_RECEIPT type=0x56 src=0x9999888877776666 session=39321764 seq=164
BLE_CHUNK len=118 hex=47570128010601005604a600a600580266667777888899996666777788889999000000004e0098c7014e0304000100000c0058009c028c8ea50058029c028c8e9c020000a6005802000000000000000000000000000000000000000000000000000000000000000004000000000000000000000000ff
BLE_PACKET type=0x56 src=0x9999888877776666 dst=0x9999888877776666 session=39321766 seq=166 payload=014e0304000100000c0058009c028c8ea50058029c028c8e9c020000a6005802000000000000000000000000000000000000000000000000000000000000000004000000000000000000000000ff
GATEWAY_COMMAND_EVENT GatewayCommandEvent(command_kind=3, stage=4, flags=0, attempt=1, command_status=0, reason=0, command_id=12, route_epoch=88, correlation_id=2391540380, gateway_sequence=39321765, host_session_id=2391540380, host_sequence=668, event_sequence=39321766, anchor_id=0, pair_initiator_id=0, pair_responder_id=0, previous_hop_id=0, progress_count=4, total_count=0, success_count=0, failure_count=0, duplicate_count=0, lost_event_count=0, hop_count=0, discovery_slot=255)
BLE_HOST_RECEIPT type=0x56 src=0x9999888877776666 session=39321766 seq=166
BLE_CHUNK len=51 hex=475701280102010041049c029c028c8e66667777888899996666777788889999000000000b00a18510020c00110200001e0100
BLE_PACKET type=0x41 src=0x9999888877776666 dst=0x9999888877776666 session=2391540380 seq=668 payload=10020c00110200001e0100
BLE_HOST_RECEIPT type=0x41 src=0x9999888877776666 session=2391540380 seq=668
BLE_CHUNK len=118 hex=47570128010600005604a700a700580266667777888899996666777788889999000000004e00cc3f014e030c030100000c0058009c028c8ea50058029c028c8e9c020000a7005802000000000000000000000000000000000000000000000000000000000000000004000000000000000000000000ff
BLE_PACKET type=0x56 src=0x9999888877776666 dst=0x9999888877776666 session=39321767 seq=167 payload=014e030c030100000c0058009c028c8ea50058029c028c8e9c020000a7005802000000000000000000000000000000000000000000000000000000000000000004000000000000000000000000ff
GATEWAY_COMMAND_EVENT GatewayCommandEvent(command_kind=3, stage=12, flags=3, attempt=1, command_status=0, reason=0, command_id=12, route_epoch=88, correlation_id=2391540380, gateway_sequence=39321765, host_session_id=2391540380, host_sequence=668, event_sequence=39321767, anchor_id=0, pair_initiator_id=0, pair_responder_id=0, previous_hop_id=0, progress_count=4, total_count=0, success_count=0, failure_count=0, duplicate_count=0, lost_event_count=0, hop_count=0, discovery_slot=255)
BLE_HOST_RECEIPT type=0x56 src=0x9999888877776666 session=39321767 seq=167
HERE_I_AM_LOCAL_FLOOD_OK attempts=1 retries=0 delivery_claim=local-broadcast-only
BLE_CONNECTED gateway_id=0x9999888877776666 command=assign-slots session=2391540381 frame=04c1014002010101010101011166667777888899999d028c8e9d02011b010101081002040178020306ab04dc620607ae0b0101010304dc620605e803cfb700
BLE_CHUNK len=118 hex=47570128010601005604a800a800580266667777888899996666777788889999000000004e00c9e6014e010200000000040158009d028c8e000000009d028c8e9d020000a8005802000000000000000000000000000000000000000000000000000000000000000000000000000000000000000000ff
BLE_PACKET type=0x56 src=0x9999888877776666 dst=0x9999888877776666 session=39321768 seq=168 payload=014e010200000000040158009d028c8e000000009d028c8e9d020000a8005802000000000000000000000000000000000000000000000000000000000000000000000000000000000000000000ff
GATEWAY_COMMAND_EVENT GatewayCommandEvent(command_kind=1, stage=2, flags=0, attempt=0, command_status=0, reason=0, command_id=260, route_epoch=88, correlation_id=2391540381, gateway_sequence=0, host_session_id=2391540381, host_sequence=669, event_sequence=39321768, anchor_id=0, pair_initiator_id=0, pair_responder_id=0, previous_hop_id=0, progress_count=0, total_count=0, success_count=0, failure_count=0, duplicate_count=0, lost_event_count=0, hop_count=0, discovery_slot=255)
BLE_HOST_RECEIPT type=0x56 src=0x9999888877776666 session=39321768 seq=168
BLE_CHUNK len=118 hex=47570128010601005604a900a900580266667777888899996666777788889999000000004e008107014e010300000000040158009d028c8e000000009d028c8e9d020000a9005802000000000000000000000000000000000000000000000000000000000000000000000000000000000000000000ff
BLE_PACKET type=0x56 src=0x9999888877776666 dst=0x9999888877776666 session=39321769 seq=169 payload=014e010300000000040158009d028c8e000000009d028c8e9d020000a9005802000000000000000000000000000000000000000000000000000000000000000000000000000000000000000000ff
GATEWAY_COMMAND_EVENT GatewayCommandEvent(command_kind=1, stage=3, flags=0, attempt=0, command_status=0, reason=0, command_id=260, route_epoch=88, correlation_id=2391540381, gateway_sequence=0, host_session_id=2391540381, host_sequence=669, event_sequence=39321769, anchor_id=0, pair_initiator_id=0, pair_responder_id=0, previous_hop_id=0, progress_count=0, total_count=0, success_count=0, failure_count=0, duplicate_count=0, lost_event_count=0, hop_count=0, discovery_slot=255)
BLE_HOST_RECEIPT type=0x56 src=0x9999888877776666 session=39321769 seq=169
BLE_CHUNK len=118 hex=47570128010601005604ab00ab00580266667777888899996666777788889999000000004e00707a014e010300000000040158009d028c8eaa0058029d028c8e9d020000ab005802000000000000000000000000000000000000000000000000000000000000000000000000000000000000000000ff
BLE_PACKET type=0x56 src=0x9999888877776666 dst=0x9999888877776666 session=39321771 seq=171 payload=014e010300000000040158009d028c8eaa0058029d028c8e9d020000ab005802000000000000000000000000000000000000000000000000000000000000000000000000000000000000000000ff
GATEWAY_COMMAND_EVENT GatewayCommandEvent(command_kind=1, stage=3, flags=0, attempt=0, command_status=0, reason=0, command_id=260, route_epoch=88, correlation_id=2391540381, gateway_sequence=39321770, host_session_id=2391540381, host_sequence=669, event_sequence=39321771, anchor_id=0, pair_initiator_id=0, pair_responder_id=0, previous_hop_id=0, progress_count=0, total_count=0, success_count=0, failure_count=0, duplicate_count=0, lost_event_count=0, hop_count=0, discovery_slot=255)
BLE_HOST_RECEIPT type=0x56 src=0x9999888877776666 session=39321771 seq=171
BLE_CHUNK len=118 hex=47570128010601005604ad00ad00580266667777888899996666777788889999000000004e009c6a014e010400010000040158009d028c8eaa0058029d028c8e9d020000ad005802000000000000000000000000000000000000000000000000000000000000000000000000000000000000000000ff
BLE_PACKET type=0x56 src=0x9999888877776666 dst=0x9999888877776666 session=39321773 seq=173 payload=014e010400010000040158009d028c8eaa0058029d028c8e9d020000ad005802000000000000000000000000000000000000000000000000000000000000000000000000000000000000000000ff
GATEWAY_COMMAND_EVENT GatewayCommandEvent(command_kind=1, stage=4, flags=0, attempt=1, command_status=0, reason=0, command_id=260, route_epoch=88, correlation_id=2391540381, gateway_sequence=39321770, host_session_id=2391540381, host_sequence=669, event_sequence=39321773, anchor_id=0, pair_initiator_id=0, pair_responder_id=0, previous_hop_id=0, progress_count=0, total_count=0, success_count=0, failure_count=0, duplicate_count=0, lost_event_count=0, hop_count=0, discovery_slot=255)
BLE_HOST_RECEIPT type=0x56 src=0x9999888877776666 session=39321773 seq=173
BLE_CHUNK len=118 hex=47570128010601005604ae00ae00580266667777888899996666777788889999000000004e000000014e010600000000040158009d028c8eaa0058029d028c8e9d020000ae00580207cbc8c619961a190000000000000000000000000000000007cbc8c619961a1901000000000000000000000001ff
BLE_PACKET type=0x56 src=0x9999888877776666 dst=0x9999888877776666 session=39321774 seq=174 payload=014e010600000000040158009d028c8eaa0058029d028c8e9d020000ae00580207cbc8c619961a190000000000000000000000000000000007cbc8c619961a1901000000000000000000000001ff
GATEWAY_COMMAND_EVENT GatewayCommandEvent(command_kind=1, stage=6, flags=0, attempt=0, command_status=0, reason=0, command_id=260, route_epoch=88, correlation_id=2391540381, gateway_sequence=39321770, host_session_id=2391540381, host_sequence=669, event_sequence=39321774, anchor_id=1808923237796072199, pair_initiator_id=0, pair_responder_id=0, previous_hop_id=1808923237796072199, progress_count=1, total_count=0, success_count=0, failure_count=0, duplicate_count=0, lost_event_count=0, hop_count=1, discovery_slot=255)
BLE_HOST_RECEIPT type=0x56 src=0x9999888877776666 session=39321774 seq=174
BLE_CHUNK len=118 hex=47570128010601005604af00af00580266667777888899996666777788889999000000004e00e0d7014e010600000000040158009d028c8eaa0058029d028c8e9d020000af0058020e3070b9aac08b70000000000000000000000000000000000e3070b9aac08b7002000000000000000000000001ff
BLE_PACKET type=0x56 src=0x9999888877776666 dst=0x9999888877776666 session=39321775 seq=175 payload=014e010600000000040158009d028c8eaa0058029d028c8e9d020000af0058020e3070b9aac08b70000000000000000000000000000000000e3070b9aac08b7002000000000000000000000001ff
GATEWAY_COMMAND_EVENT GatewayCommandEvent(command_kind=1, stage=6, flags=0, attempt=0, command_status=0, reason=0, command_id=260, route_epoch=88, correlation_id=2391540381, gateway_sequence=39321770, host_session_id=2391540381, host_sequence=669, event_sequence=39321775, anchor_id=8109787393498820622, pair_initiator_id=0, pair_responder_id=0, previous_hop_id=8109787393498820622, progress_count=2, total_count=0, success_count=0, failure_count=0, duplicate_count=0, lost_event_count=0, hop_count=1, discovery_slot=255)
BLE_HOST_RECEIPT type=0x56 src=0x9999888877776666 session=39321775 seq=175
BLE_CHUNK len=118 hex=47570128010601005604b000b000580266667777888899996666777788889999000000004e007553014e010600000000040158009d028c8eaa0058029d028c8e9d020000b000580241d1f64afe25da560000000000000000000000000000000041d1f64afe25da5603000000000000000000000001ff
BLE_PACKET type=0x56 src=0x9999888877776666 dst=0x9999888877776666 session=39321776 seq=176 payload=014e010600000000040158009d028c8eaa0058029d028c8e9d020000b000580241d1f64afe25da560000000000000000000000000000000041d1f64afe25da5603000000000000000000000001ff
GATEWAY_COMMAND_EVENT GatewayCommandEvent(command_kind=1, stage=6, flags=0, attempt=0, command_status=0, reason=0, command_id=260, route_epoch=88, correlation_id=2391540381, gateway_sequence=39321770, host_session_id=2391540381, host_sequence=669, event_sequence=39321776, anchor_id=6258356406294335809, pair_initiator_id=0, pair_responder_id=0, previous_hop_id=6258356406294335809, progress_count=3, total_count=0, success_count=0, failure_count=0, duplicate_count=0, lost_event_count=0, hop_count=1, discovery_slot=255)
BLE_HOST_RECEIPT type=0x56 src=0x9999888877776666 session=39321776 seq=176
BLE_CHUNK len=118 hex=47570128010601005604b300b300580266667777888899996666777788889999000000004e00a9f1014e010800000000040158009d028c8eaa0058029d028c8e9d020000b30058020e3070b9aac08b700000000000000000000000000000000000000000000000000100030000000000000000000100
BLE_PACKET type=0x56 src=0x9999888877776666 dst=0x9999888877776666 session=39321779 seq=179 payload=014e010800000000040158009d028c8eaa0058029d028c8e9d020000b30058020e3070b9aac08b700000000000000000000000000000000000000000000000000100030000000000000000000100
GATEWAY_COMMAND_EVENT GatewayCommandEvent(command_kind=1, stage=8, flags=0, attempt=0, command_status=0, reason=0, command_id=260, route_epoch=88, correlation_id=2391540381, gateway_sequence=39321770, host_session_id=2391540381, host_sequence=669, event_sequence=39321779, anchor_id=8109787393498820622, pair_initiator_id=0, pair_responder_id=0, previous_hop_id=0, progress_count=1, total_count=3, success_count=0, failure_count=0, duplicate_count=0, lost_event_count=0, hop_count=1, discovery_slot=0)
BLE_HOST_RECEIPT type=0x56 src=0x9999888877776666 session=39321779 seq=179
BLE_CHUNK len=118 hex=47570128010601005604b400b400580266667777888899996666777788889999000000004e00f8ac014e010800000000040158009d028c8eaa0058029d028c8e9d020000b400580241d1f64afe25da560000000000000000000000000000000000000000000000000200030000000000000000000101
BLE_PACKET type=0x56 src=0x9999888877776666 dst=0x9999888877776666 session=39321780 seq=180 payload=014e010800000000040158009d028c8eaa0058029d028c8e9d020000b400580241d1f64afe25da560000000000000000000000000000000000000000000000000200030000000000000000000101
GATEWAY_COMMAND_EVENT GatewayCommandEvent(command_kind=1, stage=8, flags=0, attempt=0, command_status=0, reason=0, command_id=260, route_epoch=88, correlation_id=2391540381, gateway_sequence=39321770, host_session_id=2391540381, host_sequence=669, event_sequence=39321780, anchor_id=6258356406294335809, pair_initiator_id=0, pair_responder_id=0, previous_hop_id=0, progress_count=2, total_count=3, success_count=0, failure_count=0, duplicate_count=0, lost_event_count=0, hop_count=1, discovery_slot=1)
BLE_HOST_RECEIPT type=0x56 src=0x9999888877776666 session=39321780 seq=180
BLE_CHUNK len=118 hex=47570128010601005604b500b500580266667777888899996666777788889999000000004e000836014e010800000000040158009d028c8eaa0058029d028c8e9d020000b500580207cbc8c619961a190000000000000000000000000000000000000000000000000300030000000000000000000102
BLE_PACKET type=0x56 src=0x9999888877776666 dst=0x9999888877776666 session=39321781 seq=181 payload=014e010800000000040158009d028c8eaa0058029d028c8e9d020000b500580207cbc8c619961a190000000000000000000000000000000000000000000000000300030000000000000000000102
GATEWAY_COMMAND_EVENT GatewayCommandEvent(command_kind=1, stage=8, flags=0, attempt=0, command_status=0, reason=0, command_id=260, route_epoch=88, correlation_id=2391540381, gateway_sequence=39321770, host_session_id=2391540381, host_sequence=669, event_sequence=39321781, anchor_id=1808923237796072199, pair_initiator_id=0, pair_responder_id=0, previous_hop_id=0, progress_count=3, total_count=3, success_count=0, failure_count=0, duplicate_count=0, lost_event_count=0, hop_count=1, discovery_slot=2)
BLE_HOST_RECEIPT type=0x56 src=0x9999888877776666 session=39321781 seq=181
BLE_CHUNK len=118 hex=47570128010601005604b800b800580266667777888899996666777788889999000000004e0017d8014e010600000000040158009d028c8eaa0058029d028c8e9d020000b80058020e3070b9aac08b700000000000000000000000000000000000000000000000000100030001000000000000000100
BLE_PACKET type=0x56 src=0x9999888877776666 dst=0x9999888877776666 session=39321784 seq=184 payload=014e010600000000040158009d028c8eaa0058029d028c8e9d020000b80058020e3070b9aac08b700000000000000000000000000000000000000000000000000100030001000000000000000100
GATEWAY_COMMAND_EVENT GatewayCommandEvent(command_kind=1, stage=6, flags=0, attempt=0, command_status=0, reason=0, command_id=260, route_epoch=88, correlation_id=2391540381, gateway_sequence=39321770, host_session_id=2391540381, host_sequence=669, event_sequence=39321784, anchor_id=8109787393498820622, pair_initiator_id=0, pair_responder_id=0, previous_hop_id=0, progress_count=1, total_count=3, success_count=1, failure_count=0, duplicate_count=0, lost_event_count=0, hop_count=1, discovery_slot=0)
BLE_HOST_RECEIPT type=0x56 src=0x9999888877776666 session=39321784 seq=184
BLE_CHUNK len=51 hex=475701280102010041049d029d028c8e66667777888899996666777788889999000000000b00eedb10020401110200001e0103
BLE_PACKET type=0x41 src=0x9999888877776666 dst=0x9999888877776666 session=2391540381 seq=669 payload=10020401110200001e0103
BLE_HOST_RECEIPT type=0x41 src=0x9999888877776666 session=2391540381 seq=669
BLE_CHUNK len=118 hex=47570128010601005604b900b900580266667777888899996666777788889999000000004e0072e8014e010600000000040158009d028c8eaa0058029d028c8e9d020000b900580241d1f64afe25da560000000000000000000000000000000000000000000000000200030001000000000000000101
BLE_PACKET type=0x56 src=0x9999888877776666 dst=0x9999888877776666 session=39321785 seq=185 payload=014e010600000000040158009d028c8eaa0058029d028c8e9d020000b900580241d1f64afe25da560000000000000000000000000000000000000000000000000200030001000000000000000101
GATEWAY_COMMAND_EVENT GatewayCommandEvent(command_kind=1, stage=6, flags=0, attempt=0, command_status=0, reason=0, command_id=260, route_epoch=88, correlation_id=2391540381, gateway_sequence=39321770, host_session_id=2391540381, host_sequence=669, event_sequence=39321785, anchor_id=6258356406294335809, pair_initiator_id=0, pair_responder_id=0, previous_hop_id=0, progress_count=2, total_count=3, success_count=1, failure_count=0, duplicate_count=0, lost_event_count=0, hop_count=1, discovery_slot=1)
BLE_HOST_RECEIPT type=0x56 src=0x9999888877776666 session=39321785 seq=185
BLE_CHUNK len=118 hex=47570128010601005604ba00ba00580266667777888899996666777788889999000000004e006e56014e010600000000040158009d028c8eaa0058029d028c8e9d020000ba00580207cbc8c619961a190000000000000000000000000000000000000000000000000300030001000000000000000102
BLE_PACKET type=0x56 src=0x9999888877776666 dst=0x9999888877776666 session=39321786 seq=186 payload=014e010600000000040158009d028c8eaa0058029d028c8e9d020000ba00580207cbc8c619961a190000000000000000000000000000000000000000000000000300030001000000000000000102
GATEWAY_COMMAND_EVENT GatewayCommandEvent(command_kind=1, stage=6, flags=0, attempt=0, command_status=0, reason=0, command_id=260, route_epoch=88, correlation_id=2391540381, gateway_sequence=39321770, host_session_id=2391540381, host_sequence=669, event_sequence=39321786, anchor_id=1808923237796072199, pair_initiator_id=0, pair_responder_id=0, previous_hop_id=0, progress_count=3, total_count=3, success_count=1, failure_count=0, duplicate_count=0, lost_event_count=0, hop_count=1, discovery_slot=2)
BLE_HOST_RECEIPT type=0x56 src=0x9999888877776666 session=39321786 seq=186
BLE_CHUNK len=118 hex=47570128010601005604bb00bb00580266667777888899996666777788889999000000004e005988014e010700000000040158009d028c8eaa0058029d028c8e9d020000bb005802000000000000000000000000000000000000000000000000000000000000000003000300030000000000000000ff
BLE_PACKET type=0x56 src=0x9999888877776666 dst=0x9999888877776666 session=39321787 seq=187 payload=014e010700000000040158009d028c8eaa0058029d028c8e9d020000bb005802000000000000000000000000000000000000000000000000000000000000000003000300030000000000000000ff
GATEWAY_COMMAND_EVENT GatewayCommandEvent(command_kind=1, stage=7, flags=0, attempt=0, command_status=0, reason=0, command_id=260, route_epoch=88, correlation_id=2391540381, gateway_sequence=39321770, host_session_id=2391540381, host_sequence=669, event_sequence=39321787, anchor_id=0, pair_initiator_id=0, pair_responder_id=0, previous_hop_id=0, progress_count=3, total_count=3, success_count=3, failure_count=0, duplicate_count=0, lost_event_count=0, hop_count=0, discovery_slot=255)
BLE_HOST_RECEIPT type=0x56 src=0x9999888877776666 session=39321787 seq=187
BLE_CHUNK len=118 hex=47570128010601005604bc00bc00580266667777888899996666777788889999000000004e001bd2014e010800010000040158009d028c8eaa0058029d028c8e9d020000bc005802000000000000000000000000000000000000000000000000000000000000000003000300000000000000000000ff
BLE_PACKET type=0x56 src=0x9999888877776666 dst=0x9999888877776666 session=39321788 seq=188 payload=014e010800010000040158009d028c8eaa0058029d028c8e9d020000bc005802000000000000000000000000000000000000000000000000000000000000000003000300000000000000000000ff
GATEWAY_COMMAND_EVENT GatewayCommandEvent(command_kind=1, stage=8, flags=0, attempt=1, command_status=0, reason=0, command_id=260, route_epoch=88, correlation_id=2391540381, gateway_sequence=39321770, host_session_id=2391540381, host_sequence=669, event_sequence=39321788, anchor_id=0, pair_initiator_id=0, pair_responder_id=0, previous_hop_id=0, progress_count=3, total_count=3, success_count=0, failure_count=0, duplicate_count=0, lost_event_count=0, hop_count=0, discovery_slot=255)
BLE_HOST_RECEIPT type=0x56 src=0x9999888877776666 session=39321788 seq=188
BLE_CHUNK len=118 hex=47570128010600005604bd00bd00580266667777888899996666777788889999000000004e0015f8014e010c01000000040158009d028c8eaa0058029d028c8e9d020000bd005802000000000000000000000000000000000000000000000000000000000000000003000300030000000000000000ff
BLE_PACKET type=0x56 src=0x9999888877776666 dst=0x9999888877776666 session=39321789 seq=189 payload=014e010c01000000040158009d028c8eaa0058029d028c8e9d020000bd005802000000000000000000000000000000000000000000000000000000000000000003000300030000000000000000ff
GATEWAY_COMMAND_EVENT GatewayCommandEvent(command_kind=1, stage=12, flags=1, attempt=0, command_status=0, reason=0, command_id=260, route_epoch=88, correlation_id=2391540381, gateway_sequence=39321770, host_session_id=2391540381, host_sequence=669, event_sequence=39321789, anchor_id=0, pair_initiator_id=0, pair_responder_id=0, previous_hop_id=0, progress_count=3, total_count=3, success_count=3, failure_count=0, duplicate_count=0, lost_event_count=0, hop_count=0, discovery_slot=255)
BLE_HOST_RECEIPT type=0x56 src=0x9999888877776666 session=39321789 seq=189
HERE_I_AM_REACHABILITY_QUALIFICATION_OK anchors=3 direct=3 multihop=0 retries=0
BLE_COMPLETE packets=22
