BLE_CONNECTED gateway_id=0x9999888877776666 command=assign-slots session=3618355727 frame=04c1014002010101010101011166667777888899990fbaabd70fba011b010101081002040178020306ab04dc620607ae0b0101010304dc620605e8031f6700
BLE_CHUNK len=118 hex=4757012801060100560401000100cc0166667777888899996666777788889999000000004e000194014e010200000000040135000fbaabd7000000000fbaabd70fba00000100cc01000000000000000000000000000000000000000000000000000000000000000000000000000000000000000000ff
BLE_PACKET type=0x56 src=0x9999888877776666 dst=0x9999888877776666 session=30146561 seq=1 payload=014e010200000000040135000fbaabd7000000000fbaabd70fba00000100cc01000000000000000000000000000000000000000000000000000000000000000000000000000000000000000000ff
GATEWAY_COMMAND_EVENT GatewayCommandEvent(command_kind=1, stage=2, flags=0, attempt=0, command_status=0, reason=0, command_id=260, route_epoch=53, correlation_id=3618355727, gateway_sequence=0, host_session_id=3618355727, host_sequence=47631, event_sequence=30146561, anchor_id=0, pair_initiator_id=0, pair_responder_id=0, previous_hop_id=0, progress_count=0, total_count=0, success_count=0, failure_count=0, duplicate_count=0, lost_event_count=0, hop_count=0, discovery_slot=255)
BLE_HOST_RECEIPT type=0x56 src=0x9999888877776666 session=30146561 seq=1
BLE_CHUNK len=118 hex=4757012801060100560402000200cc0166667777888899996666777788889999000000004e00a551014e010300000000040135000fbaabd7000000000fbaabd70fba00000200cc01000000000000000000000000000000000000000000000000000000000000000000000000000000000000000000ff
BLE_PACKET type=0x56 src=0x9999888877776666 dst=0x9999888877776666 session=30146562 seq=2 payload=014e010300000000040135000fbaabd7000000000fbaabd70fba00000200cc01000000000000000000000000000000000000000000000000000000000000000000000000000000000000000000ff
GATEWAY_COMMAND_EVENT GatewayCommandEvent(command_kind=1, stage=3, flags=0, attempt=0, command_status=0, reason=0, command_id=260, route_epoch=53, correlation_id=3618355727, gateway_sequence=0, host_session_id=3618355727, host_sequence=47631, event_sequence=30146562, anchor_id=0, pair_initiator_id=0, pair_responder_id=0, previous_hop_id=0, progress_count=0, total_count=0, success_count=0, failure_count=0, duplicate_count=0, lost_event_count=0, hop_count=0, discovery_slot=255)
BLE_HOST_RECEIPT type=0x56 src=0x9999888877776666 session=30146562 seq=2
BLE_CHUNK len=118 hex=4757012801060100560404000400cc0166667777888899996666777788889999000000004e00bc68014e010300000000040135000fbaabd70300cc010fbaabd70fba00000400cc01000000000000000000000000000000000000000000000000000000000000000000000000000000000000000000ff
BLE_PACKET type=0x56 src=0x9999888877776666 dst=0x9999888877776666 session=30146564 seq=4 payload=014e010300000000040135000fbaabd70300cc010fbaabd70fba00000400cc01000000000000000000000000000000000000000000000000000000000000000000000000000000000000000000ff
GATEWAY_COMMAND_EVENT GatewayCommandEvent(command_kind=1, stage=3, flags=0, attempt=0, command_status=0, reason=0, command_id=260, route_epoch=53, correlation_id=3618355727, gateway_sequence=30146563, host_session_id=3618355727, host_sequence=47631, event_sequence=30146564, anchor_id=0, pair_initiator_id=0, pair_responder_id=0, previous_hop_id=0, progress_count=0, total_count=0, success_count=0, failure_count=0, duplicate_count=0, lost_event_count=0, hop_count=0, discovery_slot=255)
BLE_HOST_RECEIPT type=0x56 src=0x9999888877776666 session=30146564 seq=4
BLE_CHUNK len=118 hex=4757012801060100560406000600cc0166667777888899996666777788889999000000004e008831014e010400010000040135000fbaabd70300cc010fbaabd70fba00000600cc01000000000000000000000000000000000000000000000000000000000000000000000000000000000000000000ff
BLE_PACKET type=0x56 src=0x9999888877776666 dst=0x9999888877776666 session=30146566 seq=6 payload=014e010400010000040135000fbaabd70300cc010fbaabd70fba00000600cc01000000000000000000000000000000000000000000000000000000000000000000000000000000000000000000ff
GATEWAY_COMMAND_EVENT GatewayCommandEvent(command_kind=1, stage=4, flags=0, attempt=1, command_status=0, reason=0, command_id=260, route_epoch=53, correlation_id=3618355727, gateway_sequence=30146563, host_session_id=3618355727, host_sequence=47631, event_sequence=30146566, anchor_id=0, pair_initiator_id=0, pair_responder_id=0, previous_hop_id=0, progress_count=0, total_count=0, success_count=0, failure_count=0, duplicate_count=0, lost_event_count=0, hop_count=0, discovery_slot=255)
BLE_HOST_RECEIPT type=0x56 src=0x9999888877776666 session=30146566 seq=6
BLE_CHUNK len=51 hex=475701280102010041440fba0fbaabd766667777888899996666777788889999000000000b00dac810020401110205001e0100
BLE_PACKET type=0x41 src=0x9999888877776666 dst=0x9999888877776666 session=3618355727 seq=47631 payload=10020401110205001e0100
BLE_HOST_RECEIPT type=0x41 src=0x9999888877776666 session=3618355727 seq=47631
BLE_CHUNK len=118 hex=4757012801060000560409000900cc0166667777888899996666777788889999000000004e00af17014e010c03010503040135000fbaabd70300cc010fbaabd70fba00000900cc01000000000000000000000000000000000000000000000000000000000000000000000000000000000000000000ff
BLE_PACKET type=0x56 src=0x9999888877776666 dst=0x9999888877776666 session=30146569 seq=9 payload=014e010c03010503040135000fbaabd70300cc010fbaabd70fba00000900cc01000000000000000000000000000000000000000000000000000000000000000000000000000000000000000000ff
GATEWAY_COMMAND_EVENT GatewayCommandEvent(command_kind=1, stage=12, flags=3, attempt=1, command_status=5, reason=3, command_id=260, route_epoch=53, correlation_id=3618355727, gateway_sequence=30146563, host_session_id=3618355727, host_sequence=47631, event_sequence=30146569, anchor_id=0, pair_initiator_id=0, pair_responder_id=0, previous_hop_id=0, progress_count=0, total_count=0, success_count=0, failure_count=0, duplicate_count=0, lost_event_count=0, hop_count=0, discovery_slot=255)
BLE_HOST_RECEIPT type=0x56 src=0x9999888877776666 session=30146569 seq=9
Traceback (most recent call last):
  File "/home/tommie/Projects/IMEC2/firmware/scripts/provision_mesh_anchor.py", line 2225, in <module>
    main()
    ~~~~^^
  File "/home/tommie/Projects/IMEC2/firmware/scripts/provision_mesh_anchor.py", line 2221, in main
    asyncio.run(run(args))
    ~~~~~~~~~~~^^^^^^^^^^^
  File "/home/tommie/.local/share/uv/python/cpython-3.13.11-linux-x86_64-gnu/lib/python3.13/asyncio/runners.py", line 195, in run
    return runner.run(main)
           ~~~~~~~~~~^^^^^^
  File "/home/tommie/.local/share/uv/python/cpython-3.13.11-linux-x86_64-gnu/lib/python3.13/asyncio/runners.py", line 118, in run
    return self._loop.run_until_complete(task)
           ~~~~~~~~~~~~~~~~~~~~~~~~~~~~~^^^^^^
  File "/home/tommie/.local/share/uv/python/cpython-3.13.11-linux-x86_64-gnu/lib/python3.13/asyncio/base_events.py", line 725, in run_until_complete
    return future.result()
           ~~~~~~~~~~~~~^^
  File "/home/tommie/Projects/IMEC2/firmware/scripts/provision_mesh_anchor.py", line 1972, in run
    await await_qualification(
    ...<8 lines>...
    )
  File "/home/tommie/Projects/IMEC2/firmware/scripts/provision_mesh_anchor.py", line 1534, in await_qualification
    current.validate()
    ~~~~~~~~~~~~~~~~^^
  File "/home/tommie/Projects/IMEC2/firmware/scripts/provision_mesh_anchor.py", line 690, in validate
    raise RuntimeError("assignment qualification failed: " + "; ".join(self.errors))
RuntimeError: assignment qualification failed: assignment terminal preceded required lifecycle progress; expected 3 unique anchor claims, got 0; expected 3 published slot mappings, got 0; assignment collection-complete event was not received; successful assignment table publication was not observed; terminal assignment counters do not prove every table ACK completed (status=5 reason=3 total=0 success=0 failure=0 lost=0)
