[34m0000541[0m [36mI[0m Target type is nrf52833 [2m[board][0m
[34m0000566[0m [36mI[0m Performing connect pre-reset [2m[coresight_target][0m
[34m0000771[0m [36mI[0m DP IDR = 0x2ba01477 (v1 rev2) [2m[dap][0m
[34m0000777[0m [36mI[0m AHB-AP#0 IDR = 0x24770011 (AHB-AP var1 rev2) [2m[discovery][0m
[34m0000778[0m [36mI[0m AP#1 IDR = 0x02880000 (AP var0 rev0) [2m[discovery][0m
[34m0000779[0m [36mI[0m NRF52833 not in secure state [2m[target_nRF52][0m
[34m0000782[0m [36mI[0m AHB-AP#0 Class 0x1 ROM table #0 @ 0xe00ff000 (designer=244 part=00d) [2m[rom_table][0m
[34m0000785[0m [36mI[0m [0]<e000e000:SCS v7-M class=14 designer=43b:Arm part=00c> [2m[rom_table][0m
[34m0000786[0m [36mI[0m [1]<e0001000:DWT v7-M class=14 designer=43b:Arm part=002> [2m[rom_table][0m
[34m0000788[0m [36mI[0m [2]<e0002000:FPB v7-M class=14 designer=43b:Arm part=003> [2m[rom_table][0m
[34m0000789[0m [36mI[0m [3]<e0000000:ITM v7-M class=14 designer=43b:Arm part=001> [2m[rom_table][0m
[34m0000792[0m [36mI[0m [4]<e0040000:TPIU M4 class=9 designer=43b:Arm part=9a1 devtype=11 archid=0000 devid=ca1:0:0> [2m[rom_table][0m
[34m0000794[0m [36mI[0m [5]<e0041000:ETM M4 class=9 designer=43b:Arm part=925 devtype=13 archid=0000 devid=0:0:0> [2m[rom_table][0m
[34m0000798[0m [36mI[0m CPU core #0: Cortex-M4 r0p1, v7.0-M architecture [2m[cortex_m][0m
[34m0000798[0m [36mI[0m   Extensions: [DSP, FPU, FPU_V4, MPU] [2m[cortex_m][0m
[34m0000798[0m [36mI[0m   FPU present: FPv4-SP-D16-M [2m[cortex_m][0m
[34m0000801[0m [36mI[0m This appears to be an nRF52833 AA B0 [2m[target_nRF52][0m
[34m0000806[0m [36mI[0m 4 hardware watchpoints [2m[dwt][0m
[34m0000807[0m [36mI[0m 6 hardware breakpoints, 4 literal comparators [2m[fpb][0m
[34m0000826[0m [36mI[0m 3 up channels and 3 down channels found [2m[rtt_cmd][0m
[34m0000826[0m [36mI[0m Reading from up channel 0 ("Terminal") [2m[rtt_cmd][0m
[34m0000828[0m [36mI[0m Writing to down channel 0 ("Terminal") [2m[rtt_cmd][0m
DBG_GATEWAY_CH9_RX_CONT_RESULT start=2778414 end=2778915 ret=-116 fail=0 status=0x00000000 len=0 frames=0
DBG_GATEWAY_CH9_RX_CONT_ARM now=2778917 rem=500 frames=0 errors=0
DBG_GATEWAY_CH9_RX_CONT_RESULT start=2778917 end=2779418 ret=-116 fail=0 status=0x00000000 len=0 frames=0
DBG_GATEWAY_CH9_RX_CONT_ARM now=2779420 rem=500 frames=0 errors=0
DBG_GATEWAY_CH9_RX_CONT_RESULT start=2779420 end=2779921 ret=-116 fail=0 status=0x00000000 len=0 frames=0
DBG_GATEWAY_CH9_RX_CONT_ARM now=2779923 rem=500 frames=0 errors=0
DBG_GATEWAY_CH9_RX_CONT_RESULT start=2779923 end=2780424 ret=-116 fail=0 status=0x00000000 len=0 frames=0
DBG_GATEWAY_CH9_RX_CONT_ARM now=2780426 rem=500 frames=0 errors=0
DBG_GATEWAY_CH9_RX_CONT_RESULT start=2780426 end=2780927 ret=-116 fail=0 status=0x00000000 len=0 frames=0
DBG_GATEWAY_CH9_RX_CONT_ARM now=2780929 rem=500 frames=0 errors=0
DBG_GATEWAY_CH9_RX_CONT_RESULT start=2780929 end=2781429 ret=-116 fail=0 status=0x00000000 len=0 frames=0
DBG_GATEWAY_CH9_RX_CONT_ARM now=2781431 rem=500 frames=0 errors=0
DBG_GATEWAY_CH9_RX_CONT_RESULT start=2781431 end=2781932 ret=-116 fail=0 status=0x00000000 len=0 frames=0
DBG_GATEWAY_CH9_RX_CONT_ARM now=2781934 rem=500 frames=0 errors=0
DBG_GATEWAY_CH9_RX_CONT_RESULT start=2781934 end=2782435 ret=-116 fail=0 status=0x00000000 len=0 frames=0
DBG_GATEWAY_CH9_RX_CONT_ARM now=2782437 rem=500 frames=0 errors=0
DBG_GATEWAY_CH9_RX_CONT_RESULT start=2782437 end=2782938 ret=-116 fail=0 status=0x00000000 len=0 frames=0
DBG_GATEWAY_CH9_RX_CONT_ARM now=2782940 rem=500 frames=0 errors=0
DBG_GATEWAY_CH9_RX_CONT_RESULT start=2782940 end=2783441 ret=-116 fail=0 status=0x00000000 len=0 frames=0
DBG_GATEWAY_CH9_RX_CONT_ARM now=2783443 rem=500 frames=0 errors=0
DBG_GATEWAY_CH9_RX_CONT_RESULT start=2783443 end=2783944 ret=-116 fail=0 status=0x00000000 len=0 frames=0
DBG_GATEWAY_CH9_RX_CONT_ARM now=2783946 rem=500 frames=0 errors=0
DBG_GATEWAY_CH9_RX_CONT_RESULT start=2783946 end=2784447 ret=-116 fail=0 status=0x00000000 len=0 frames=0
DBG_GATEWAY_CH9_RX_CONT_ARM now=2784449 rem=500 frames=0 errors=0
DBG_GATEWAY_CH9_RX_CONT_RESULT start=2784449 end=2784950 ret=-116 fail=0 status=0x00000000 len=0 frames=0
DBG_GATEWAY_CH9_RX_CONT_ARM now=2784952 rem=500 frames=0 errors=0
DBG_GATEWAY_CH9_RX_CONT_RESULT start=2784952 end=2785453 ret=-116 fail=0 status=0x00000000 len=0 frames=0
DBG_GATEWAY_CH9_RX_CONT_ARM now=2785455 rem=500 frames=0 errors=0
DBG_GATEWAY_CH9_RX_CONT_RESULT start=2785455 end=2785956 ret=-116 fail=0 status=0x00000000 len=0 frames=0
DBG_GATEWAY_CH9_RX_CONT_ARM now=2785958 rem=500 frames=0 errors=0
DBG_GATEWAY_CH9_RX_CONT_RESULT start=2785958 end=2786459 ret=-116 fail=0 status=0x00000000 len=0 frames=0
DBG_GATEWAY_CH9_RX_CONT_ARM now=2786461 rem=500 frames=0 errors=0
DBG_GATEWAY_CH9_RX_CONT_RESULT start=2786461 end=2786962 ret=-116 fail=0 status=0x00000000 len=0 frames=0
DBG_GATEWAY_CH9_RX_CONT_ARM now=2786964 rem=500 frames=0 errors=0
DBG_GATEWAY_CH9_RX_CONT_RESULT start=2786964 end=2787465 ret=-116 fail=0 status=0x00000000 len=0 frames=0
DBG_GATEWAY_CH9_RX_CONT_ARM now=2787467 rem=500 frames=0 errors=0
DBG_GATEWAY_CH9_RX_CONT_RESULT start=2787467 end=2787968 ret=-116 fail=0 status=0x00000000 len=0 frames=0
DBG_GATEWAY_CH9_RX_CONT_ARM now=2787970 rem=500 frames=0 errors=0
DBG_GATEWAY_CH9_RX_CONT_RESULT start=2787970 end=2788471 ret=-116 fail=0 status=0x00000000 len=0 frames=0
DBG_GATEWAY_CH9_RX_CONT_ARM now=2788473 rem=500 frames=0 errors=0
DBG_GATEWAY_CH9_RX_CONT_RESULT start=2788473 end=2788974 ret=-116 fail=0 status=0x00000000 len=0 frames=0
DBG_GATEWAY_CH9_RX_CONT_ARM now=2788976 rem=500 frames=0 errors=0
DBG_GATEWAY_CH9_RX_CONT_RESULT start=2788976 end=2789477 ret=-116 fail=0 status=0x00000000 len=0 frames=0
DBG_GATEWAY_CH9_RX_CONT_ARM now=2789479 rem=500 frames=0 errors=0
DBG_GATEWAY_CH9_RX_CONT_RESULT start=2789479 end=2789980 ret=-116 fail=0 status=0x00000000 len=0 frames=0
DBG_GATEWAY_CH9_RX_CONT_ARM now=2789982 rem=500 frames=0 errors=0
DBG_GATEWAY_CH9_RX_CONT_RESULT start=2789982 end=2790483 ret=-116 fail=0 status=0x00000000 len=0 frames=0
DBG_GATEWAY_CH9_RX_CONT_ARM now=2790485 rem=500 frames=0 errors=0
DBG_GATEWAY_CH9_RX_CONT_RESULT start=2790485 end=2790986 ret=-116 fail=0 status=0x00000000 len=0 frames=0
DBG_GATEWAY_CH9_RX_CONT_ARM now=2790988 rem=500 frames=0 errors=0
DBG_GATEWAY_CH9_RX_CONT_RESULT start=2790988 end=2791489 ret=-116 fail=0 status=0x00000000 len=0 frames=0
DBG_GATEWAY_CH9_RX_CONT_ARM now=2791491 rem=500 frames=0 errors=0
DBG_GATEWAY_CH9_RX_CONT_RESULT start=2791491 end=2791992 ret=-116 fail=0 status=0x00000000 len=0 frames=0
DBG_GATEWAY_CH9_RX_CONT_ARM now=2791994 rem=500 frames=0 errors=0
DBG_GATEWAY_CH9_RX_CONT_RESULT start=2791994 end=2792495 ret=-116 fail=0 status=0x00000000 len=0 frames=0
DBG_GATEWAY_CH9_RX_CONT_ARM now=2792497 rem=500 frames=0 errors=0
DBG_GATEWAY_CH9_RX_CONT_RESULT start=2792497 end=2792998 ret=-116 fail=0 status=0x00000000 len=0 frames=0
DBG_GATEWAY_CH9_RX_CONT_ARM now=2793000 rem=500 frames=0 errors=0
DBG_GATEWAY_CH9_RX_CONT_RESULT start=2793000 end=2793501 ret=-116 fail=0 status=0x00000000 len=0 frames=0
DBG_GATEWAY_CH9_RX_CONT_ARM now=2793503 rem=500 frames=0 errors=0
DBG_GATEWAY_CH9_RX_CONT_RESULT start=2793503 end=2794004 ret=-116 fail=0 status=0x00000000 len=0 frames=0
DBG_GATEWAY_CH9_RX_CONT_ARM now=2794006 rem=500 frames=0 errors=0
DBG_GATEWAY_CH9_RX_CONT_RESULT start=2794006 end=2794507 ret=-116 fail=0 status=0x00000000 len=0 frames=0
DBG_GATEWAY_CH9_RX_CONT_ARM now=2794509 rem=500 frames=0 errors=0
DBG_GATEWAY_CH9_RX_CONT_RESULT start=2794509 end=2795010 ret=-116 fail=0 status=0x00000000 len=0 frames=0
DBG_GATEWAY_CH9_RX_CONT_ARM now=2795012 rem=500 frames=0 errors=0
DBG_GATEWAY_CH9_RX_CONT_RESULT start=2795012 end=2795513 ret=-116 fail=0 status=0x00000000 len=0 frames=0
DBG_GATEWAY_CH9_RX_CONT_ARM now=2795515 rem=500 frames=0 errors=0
DBG_GATEWAY_CH9_RX_CONT_RESULT start=2795515 end=2796016 ret=-116 fail=0 status=0x00000000 len=0 frames=0
DBG_GATEWAY_CH9_RX_CONT_ARM now=2796018 rem=500 frames=0 errors=0
DBG_GATEWAY_CH9_RX_CONT_RESULT start=2796018 end=2796519 ret=-116 fail=0 status=0x00000000 len=0 frames=0
DBG_GATEWAY_CH9_RX_CONT_ARM now=2796521 rem=500 frames=0 errors=0
DBG_GATEWAY_CH9_RX_CONT_RESULT start=2796521 end=2797022 ret=-116 fail=0 status=0x00000000 len=0 frames=0
DBG_GATEWAY_CH9_RX_CONT_ARM now=2797024 rem=500 frames=0 errors=0
DBG_GATEWAY_CH9_RX_CONT_RESULT start=2797024 end=2797525 ret=-116 fail=0 status=0x00000000 len=0 frames=0
DBG_GATEWAY_CH9_RX_CONT_ARM now=2797527 rem=500 frames=0 errors=0
DBG_GATEWAY_CH9_RX_CONT_RESULT start=2797527 end=2798028 ret=-116 fail=0 status=0x00000000 len=0 frames=0
DBG_GATEWAY_CH9_RX_CONT_ARM now=2798030 rem=500 frames=0 errors=0
DBG_GATEWAY_CH9_RX_CONT_RESULT start=2798030 end=2798531 ret=-116 fail=0 status=0x00000000 len=0 frames=0
DBG_GATEWAY_CH9_RX_CONT_ARM now=2798533 rem=500 frames=0 errors=0
DBG_GATEWAY_CH9_RX_CONT_RESULT start=2798533 end=2799034 ret=-116 fail=0 status=0x00000000 len=0 frames=0
DBG_GATEWAY_CH9_RX_CONT_ARM now=2799036 rem=500 frames=0 errors=0
DBG_GATEWAY_CH9_RX_CONT_RESULT start=2799036 end=2799537 ret=-116 fail=0 status=0x00000000 len=0 frames=0
DBG_GATEWAY_CH9_RX_CONT_ARM now=2799539 rem=500 frames=0 errors=0
DBG_GATEWAY_CH9_RX_CONT_RESULT start=2799539 end=2800040 ret=-116 fail=0 status=0x00000000 len=0 frames=0
DBG_GATEWAY_CH9_RX_CONT_ARM now=2800042 rem=500 frames=0 errors=0
DBG_GATEWAY_CH9_RX_CONT_RESULT start=2800042 end=2800543 ret=-116 fail=0 status=0x00000000 len=0 frames=0
DBG_GATEWAY_CH9_RX_CONT_ARM now=2800545 rem=500 frames=0 errors=0
DBG_GATEWAY_CH9_RX_CONT_RESULT start=2800545 end=2801046 ret=-116 fail=0 status=0x00000000 len=0 frames=0
DBG_GATEWAY_CH9_RX_CONT_ARM now=2801048 rem=500 frames=0 errors=0
DBG_GATEWAY_CH9_RX_CONT_RESULT start=2801048 end=2801549 ret=-116 fail=0 status=0x00000000 len=0 frames=0
DBG_GATEWAY_CH9_RX_CONT_ARM now=2801551 rem=500 frames=0 errors=0
DBG_GATEWAY_CH9_RX_CONT_RESULT start=2801551 end=2802052 ret=-116 fail=0 status=0x00000000 len=0 frames=0
DBG_GATEWAY_CH9_RX_CONT_ARM now=2802054 rem=500 frames=0 errors=0
DBG_GATEWAY_CH9_RX_CONT_RESULT start=2802054 end=2802555 ret=-116 fail=0 status=0x00000000 len=0 frames=0
DBG_GATEWAY_CH9_RX_CONT_ARM now=2802557 rem=500 frames=0 errors=0
DBG_GATEWAY_CH9_RX_CONT_RESULT start=2802557 end=2803058 ret=-116 fail=0 status=0x00000000 len=0 frames=0
DBG_GATEWAY_CH9_RX_CONT_ARM now=2803060 rem=500 frames=0 errors=0
DBG_GATEWAY_CH9_RX_CONT_RESULT start=2803060 end=2803561 ret=-116 fail=0 status=0x00000000 len=0 frames=0
DBG_GATEWAY_CH9_RX_CONT_ARM now=2803563 rem=500 frames=0 errors=0
DBG_GATEWAY_CH9_RX_CONT_RESULT start=2803563 end=2804064 ret=-116 fail=0 status=0x00000000 len=0 frames=0
DBG_GATEWAY_CH9_RX_CONT_ARM now=2804066 rem=500 frames=0 errors=0
DBG_GATEWAY_CH9_RX_CONT_RESULT start=2804066 end=2804567 ret=-116 fail=0 status=0x00000000 len=0 frames=0
DBG_GATEWAY_CH9_RX_CONT_ARM now=2804569 rem=500 frames=0 errors=0
DBG_GATEWAY_CH9_RX_CONT_RESULT start=2804569 end=2805070 ret=-116 fail=0 status=0x00000000 len=0 frames=0
DBG_GATEWAY_CH9_RX_CONT_ARM now=2805072 rem=500 frames=0 errors=0
DBG_GATEWAY_CH9_RX_CONT_RESULT start=2805072 end=2805573 ret=-116 fail=0 status=0x00000000 len=0 frames=0
DBG_GATEWAY_CH9_RX_CONT_ARM now=2805575 rem=500 frames=0 errors=0
DBG_GATEWAY_CH9_RX_CONT_RESULT start=2805575 end=2806076 ret=-116 fail=0 status=0x00000000 len=0 frames=0
DBG_GATEWAY_CH9_RX_CONT_ARM now=2806078 rem=500 frames=0 errors=0
DBG_GATEWAY_CH9_RX_CONT_RESULT start=2806078 end=2806579 ret=-116 fail=0 status=0x00000000 len=0 frames=0
DBG_GATEWAY_CH9_RX_CONT_ARM now=2806581 rem=500 frames=0 errors=0
DBG_GATEWAY_CH9_RX_CONT_RESULT start=2806581 end=2807082 ret=-116 fail=0 status=0x00000000 len=0 frames=0
DBG_GATEWAY_CH9_RX_CONT_ARM now=2807084 rem=500 frames=0 errors=0
DBG_GATEWAY_CH9_RX_CONT_RESULT start=2807084 end=2807585 ret=-116 fail=0 status=0x00000000 len=0 frames=0
DBG_GATEWAY_CH9_RX_CONT_ARM now=2807587 rem=500 frames=0 errors=0
DBG_GATEWAY_CH9_RX_CONT_RESULT start=2807587 end=2808088 ret=-116 fail=0 status=0x00000000 len=0 frames=0
DBG_GATEWAY_CH9_RX_CONT_ARM now=2808090 rem=500 frames=0 errors=0
DBG_GATEWAY_CH9_RX_CONT_RESULT start=2808090 end=2808591 ret=-116 fail=0 status=0x00000000 len=0 frames=0
DBG_GATEWAY_CH9_RX_CONT_ARM now=2808593 rem=500 frames=0 errors=0
DBG_GATEWAY_CH9_RX_CONT_RESULT start=2808593 end=2809094 ret=-116 fail=0 status=0x00000000 len=0 frames=0
DBG_GATEWAY_CH9_RX_CONT_ARM now=2809096 rem=500 frames=0 errors=0
DBG_GATEWAY_CH9_RX_CONT_RESULT start=2809096 end=2809597 ret=-116 fail=0 status=0x00000000 len=0 frames=0
DBG_GATEWAY_CH9_RX_CONT_ARM now=2809599 rem=500 frames=0 errors=0
DBG_GATEWAY_CH9_RX_CONT_RESULT start=2809599 end=2810100 ret=-116 fail=0 status=0x00000000 len=0 frames=0
DBG_GATEWAY_CH9_RX_CONT_ARM now=2810102 rem=500 frames=0 errors=0
DBG_GATEWAY_CH9_RX_CONT_RESULT start=2810102 end=2810603 ret=-116 fail=0 status=0x00000000 len=0 frames=0
DBG_GATEWAY_CH9_RX_CONT_ARM now=2810605 rem=500 frames=0 errors=0
DBG_GATEWAY_CH9_RX_CONT_RESULT start=2810605 end=2811106 ret=-116 fail=0 status=0x00000000 len=0 frames=0
DBG_GATEWAY_CH9_RX_CONT_ARM now=2811108 rem=500 frames=0 errors=0
DBG_GATEWAY_CH9_RX_CONT_RESULT start=2811108 end=2811609 ret=-116 fail=0 status=0x00000000 len=0 frames=0
DBG_GATEWAY_CH9_RX_CONT_ARM now=2811611 rem=500 frames=0 errors=0
DBG_GATEWAY_BLE event=connected err=0 uptime=2812065
DBG_GATEWAY_BLE event=param-request ret=0 interval=24-40 latency=0 timeout_ms=12000 uptime=2812065
DBG_GATEWAY_CH9_RX_CONT_RESULT start=2811611 end=2812112 ret=-116 fail=0 status=0x00000000 len=0 frames=0
DBG_GATEWAY_CH9_RX_CONT_ARM now=2812114 rem=500 frames=0 errors=0
DBG_GATEWAY_CH9_RX_CONT_RESULT start=2812114 end=2812615 ret=-116 fail=0 status=0x00000000 len=0 frames=0
DBG_GATEWAY_CH9_RX_CONT_ARM now=2812617 rem=500 frames=0 errors=0
DBG_GATEWAY_CH9_RX_CONT_RESULT start=2812617 end=2813118 ret=-116 fail=0 status=0x00000000 len=0 frames=0
DBG_GATEWAY_CH9_RX_CONT_ARM now=2813120 rem=500 frames=0 errors=0
DBG_GATEWAY_COMMAND_PRIORITY_SUBMIT ret=0 now=2813349
DBG_STACK_RUN_BEGIN epoch=3875306701518018017 run=58 kind=ble_backpressure owner=system_workqueue queue=1 custody=1 credit=0 retry=0 drain=1 src=11068027678940948070 dst=11068027678940948070 session=38011343 seq=463 type=86 sequence=0 previous=0 uptime=2813349
DBG_STACK_SAMPLE_BEGIN epoch=3875306701518018017 run=58 sample=58 kind=ble_backpressure owner=system_workqueue queue=1 custody=1 credit=0 retry=0 drain=1 src=11068027678940948070 dst=11068027678940948070 session=38011343 seq=463 type=86 uptime=2813349
DBG_STACK_ISR_CONFIG size=8192 run=58 sample=58
DBG_STACK name=BT RX WQ tid=0x2000fe18 used=760 free=776 size=1536 ret=0 run=58 sample=58
DBG_STACK name=mesh_route tid=0x2000d560 used=5888 free=2304 size=8192 ret=0 run=58 sample=58
DBG_STACK name=sysworkq tid=0x20010d70 used=2408 free=2072 size=4480 ret=0 run=58 sample=58
DBG_STACK name=MPSL Work tid=0x20010b28 used=376 free=648 size=1024 ret=0 run=58 sample=58
DBG_STACK name=logging tid=0x2000f920 used=480 free=1568 size=2048 ret=0 run=58 sample=58
DBG_STACK name=idle tid=0x20010c00 used=64 free=256 size=320 ret=0 run=58 sample=58
DBG_STACK_SAMPLE_END run=58 sample=58
DBG_STACK_RUN_END epoch=3875306701518018017 run=58 kind=ble_backpressure owner=system_workqueue outcome=ack queue=2 custody=0 credit=1 retry=0 drain=2 src=11068027678940948070 dst=11068027678940948070 session=38011343 seq=463 type=86 samples=1 sequence=0 previous=0 uptime=2813367
DBG_DWM_MARK_UNCONFIGURED tag=initialise_radio prev_phy=0
DBG_WAKE_TRAIN_CONFIG_BEGIN
DBG_DWM_INVALIDATE tag=configure_radio_from_reset active_phy=2 configured=1 awake=0
DBG_DWM_MARK_UNCONFIGURED tag=initialise_radio prev_phy=0
DBG_WAKE_TRAIN_CONFIG_OK
DBG_WAKE_TRAIN_FIRST_SEND_BEGIN
DBG_WAKE_TRAIN_FIRST_SEND_OK
DBG_UWB_TX_CH5
DBG_TX_WAKE_CLAIM_SENT
DBG_UWB_TX_CH5
DBG_TX_WAKE_CLAIM_SENT
DBG_UWB_TX_CH5
DBG_TX_WAKE_CLAIM_SENT
DBG_UWB_TX_CH5
DBG_TX_WAKE_CLAIM_SENT
DBG_UWB_TX_CH5
DBG_TX_WAKE_CLAIM_SENT
DBG_UWB_TX_CH5
DBG_TX_WAKE_CLAIM_SENT
DBG_UWB_TX_CH5
DBG_TX_WAKE_CLAIM_SENT
DBG_UWB_TX_CH5
DBG_TX_WAKE_CLAIM_SENT
DBG_UWB_TX_CH5
DBG_TX_WAKE_CLAIM_SENT
DBG_UWB_TX_CH5
DBG_TX_WAKE_CLAIM_SENT
DBG_UWB_TX_CH5
DBG_TX_WAKE_CLAIM_SENT
DBG_UWB_TX_CH5
DBG_TX_WAKE_CLAIM_SENT
DBG_UWB_TX_CH5
DBG_TX_WAKE_CLAIM_SENT
DBG_UWB_TX_CH5
DBG_TX_WAKE_CLAIM_SENT
DBG_UWB_TX_CH5
DBG_TX_WAKE_CLAIM_SENT
DBG_UWB_TX_CH5
DBG_TX_WAKE_CLAIM_SENT
DBG_UWB_TX_CH5
DBG_TX_WAKE_CLAIM_SENT
DBG_UWB_TX_CH5
DBG_TX_WAKE_CLAIM_SENT
DBG_UWB_TX_CH5
DBG_TX_WAKE_CLAIM_SENT
DBG_UWB_TX_CH5
DBG_TX_WAKE_CLAIM_SENT
DBG_UWB_TX_CH5
DBG_TX_WAKE_CLAIM_SENT
DBG_UWB_TX_CH5
DBG_TX_WAKE_CLAIM_SENT
DBG_UWB_TX_CH5
DBG_TX_WAKE_CLAIM_SENT
DBG_UWB_TX_CH5
DBG_TX_WAKE_CLAIM_SENT
DBG_UWB_TX_CH5
DBG_TX_WAKE_CLAIM_SENT
DBG_UWB_TX_CH5
DBG_TX_WAKE_CLAIM_SENT
DBG_UWB_TX_CH5
DBG_TX_WAKE_CLAIM_SENT
DBG_UWB_TX_CH5
DBG_TX_WAKE_CLAIM_SENT
DBG_UWB_TX_CH5
DBG_TX_WAKE_CLAIM_SENT
DBG_UWB_TX_CH5
DBG_TX_WAKE_CLAIM_SENT
DBG_UWB_TX_CH5
DBG_TX_WAKE_CLAIM_SENT
DBG_UWB_TX_CH5
DBG_TX_WAKE_CLAIM_SENT
DBG_UWB_TX_CH5
DBG_TX_WAKE_CLAIM_SENT
DBG_UWB_TX_CH5
DBG_TX_WAKE_CLAIM_SENT
DBG_UWB_TX_CH5
DBG_TX_WAKE_CLAIM_SENT
DBG_UWB_TX_CH5
DBG_TX_WAKE_CLAIM_SENT
DBG_UWB_TX_CH5
DBG_TX_WAKE_CLAIM_SENT
DBG_UWB_TX_CH5
DBG_TX_WAKE_CLAIM_SENT
DBG_UWB_TX_CH5
DBG_TX_WAKE_CLAIM_SENT
DBG_UWB_TX_CH5
DBG_TX_WAKE_CLAIM_SENT
DBG_UWB_TX_CH5
DBG_TX_WAKE_CLAIM_SENT
DBG_UWB_TX_CH5
DBG_TX_WAKE_CLAIM_SENT
DBG_UWB_TX_CH5
DBG_TX_WAKE_CLAIM_SENT
DBG_UWB_TX_CH5
DBG_TX_WAKE_CLAIM_SENT
DBG_UWB_TX_CH5
DBG_TX_WAKE_CLAIM_SENT
DBG_UWB_TX_CH5
DBG_TX_WAKE_CLAIM_SENT
DBG_UWB_TX_CH5
DBG_TX_WAKE_CLAIM_SENT
DBG_UWB_TX_CH5
DBG_TX_WAKE_CLAIM_SENT
DBG_UWB_TX_CH5
DBG_TX_WAKE_CLAIM_SENT
DBG_UWB_TX_CH5
DBG_TX_WAKE_CLAIM_SENT
DBG_UWB_TX_CH5
DBG_TX_WAKE_CLAIM_SENT
DBG_UWB_TX_CH5
DBG_TX_WAKE_CLAIM_SENT
DBG_UWB_TX_CH5
DBG_TX_WAKE_CLAIM_SENT
DBG_UWB_TX_CH5
DBG_TX_WAKE_CLAIM_SENT
DBG_UWB_TX_CH5
DBG_TX_WAKE_CLAIM_SENT
DBG_UWB_TX_CH5
DBG_TX_WAKE_CLAIM_SENT
DBG_UWB_TX_CH5
DBG_TX_WAKE_CLAIM_SENT
DBG_UWB_TX_CH5
DBG_TX_WAKE_CLAIM_SENT
DBG_UWB_TX_CH5
DBG_TX_WAKE_CLAIM_SENT
DBG_UWB_TX_CH5
DBG_TX_WAKE_CLAIM_SENT
DBG_UWB_TX_CH5
DBG_TX_WAKE_CLAIM_SENT
DBG_UWB_TX_CH5
DBG_TX_WAKE_CLAIM_SENT
DBG_DWM_INVALIDATE tag=configure_radio_from_reset active_phy=2 configured=1 awake=1
DBG_DWM_MARK_UNCONFIGURED tag=initialise_radio prev_phy=0
DBG_DWM_INVALIDATE tag=configure_radio_from_reset active_phy=2 configured=1 awake=0
DBG_DWM_MARK_UNCONFIGURED tag=initialise_radio prev_phy=0
DBG_STACK_RUN_BEGIN epoch=3875306701518018017 run=59 kind=ble_backpressure owner=system_workqueue queue=1 custody=1 credit=0 retry=0 drain=1 src=11068027678940948070 dst=11068027678940948070 session=38011344 seq=464 type=86 sequence=0 previous=0 uptime=2813889
DBG_STACK_SAMPLE_BEGIN epoch=3875306701518018017 run=59 sample=59 kind=ble_backpressure owner=system_workqueue queue=1 custody=1 credit=0 retry=0 drain=1 src=11068027678940948070 dst=11068027678940948070 session=38011344 seq=464 type=86 uptime=2813889
DBG_STACK_ISR_CONFIG size=8192 run=59 sample=59
DBG_STACK name=BT RX WQ tid=0x2000fe18 used=760 free=776 size=1536 ret=0 run=59 sample=59
DBG_STACK name=mesh_route tid=0x2000d560 used=5888 free=2304 size=8192 ret=0 run=59 sample=59
DBG_STACK name=sysworkq tid=0x20010d70 used=2408 free=2072 size=4480 ret=0 run=59 sample=59
DBG_STACK name=MPSL Work tid=0x20010b28 used=376 free=648 size=1024 ret=0 run=59 sample=59
DBG_STACK name=logging tid=0x2000f920 used=480 free=1568 size=2048 ret=0 run=59 sample=59
DBG_STACK name=idle tid=0x20010c00 used=64 free=256 size=320 ret=0 run=59 sample=59
DBG_STACK_SAMPLE_END run=59 sample=59
DBG_STACK_RUN_END epoch=3875306701518018017 run=59 kind=ble_backpressure owner=system_workqueue outcome=ack queue=1 custody=0 credit=1 retry=0 drain=1 src=11068027678940948070 dst=11068027678940948070 session=38011344 seq=464 type=86 samples=1 sequence=0 previous=0 uptime=2813911
DBG_DWM_MARK_UNCONFIGURED tag=initialise_radio prev_phy=0
DBG_DWM_WAKE_MESH_CTRL_OK sfd=4073
DBG_C5_TX_CONFIG ret=0 ext=1 len=178 msg=3c reason=bounded-c5-flood
DBG_UWB_TX_CH5
DBG_DWM_INVALIDATE tag=configure_radio_from_reset active_phy=4 configured=1 awake=0
DBG_DWM_MARK_UNCONFIGURED tag=initialise_radio prev_phy=0
DBG_DWM_WAKE_MESH_CTRL_OK sfd=4073
DBG_DWM_INVALIDATE tag=configure_radio_from_reset active_phy=4 configured=1 awake=0
DBG_DWM_MARK_UNCONFIGURED tag=initialise_radio prev_phy=0
DBG_DWM_INVALIDATE tag=configure_radio_from_reset active_phy=2 configured=1 awake=0
DBG_DWM_MARK_UNCONFIGURED tag=initialise_radio prev_phy=0
DBG_DWM_WAKE_MESH_CTRL_OK sfd=4073
DBG_C5_TX_CONFIG ret=0 ext=1 len=178 msg=3c reason=bounded-c5-flood
DBG_UWB_TX_CH5
DBG_DWM_INVALIDATE tag=configure_radio_from_reset active_phy=4 configured=1 awake=0
DBG_DWM_MARK_UNCONFIGURED tag=initialise_radio prev_phy=0
DBG_DWM_WAKE_MESH_CTRL_OK sfd=4073
DBG_DWM_INVALIDATE tag=configure_radio_from_reset active_phy=4 configured=1 awake=0
DBG_DWM_MARK_UNCONFIGURED tag=initialise_radio prev_phy=0
DBG_DWM_INVALIDATE tag=configure_radio_from_reset active_phy=2 configured=1 awake=0
DBG_DWM_MARK_UNCONFIGURED tag=initialise_radio prev_phy=0
DBG_DWM_WAKE_MESH_CTRL_OK sfd=4073
DBG_C5_TX_CONFIG ret=0 ext=1 len=178 msg=3c reason=bounded-c5-flood
DBG_UWB_TX_CH5
DBG_DWM_INVALIDATE tag=configure_radio_from_reset active_phy=4 configured=1 awake=0
DBG_DWM_MARK_UNCONFIGURED tag=initialise_radio prev_phy=0
DBG_DWM_WAKE_MESH_CTRL_OK sfd=4073
DBG_DWM_INVALIDATE tag=configure_radio_from_reset active_phy=4 configured=1 awake=0
DBG_DWM_MARK_UNCONFIGURED tag=initialise_radio prev_phy=0
DBG_DWM_INVALIDATE tag=configure_radio_from_reset active_phy=2 configured=1 awake=0
DBG_DWM_MARK_UNCONFIGURED tag=initialise_radio prev_phy=0
DBG_DWM_WAKE_MESH_CTRL_OK sfd=4073
DBG_C5_TX_CONFIG ret=0 ext=1 len=178 msg=3c reason=bounded-c5-flood
DBG_UWB_TX_CH5
DBG_GATEWAY_RX_START reason=gateway mesh restart active=1 qrx=0 qtx=0 adv_due=0
DBG_COORD state=gateway-rx owner=uwb-rx reason=gateway-rx rx=0 tx=0 relay=0 route=0 ack=0 qack=0
DBG_GATEWAY_CH9_RX_CONT_CAP now=2814280 win=3500 adv_wait=3500 due=2817780
DBG_DWM_INVALIDATE tag=configure_radio_from_reset active_phy=4 configured=1 awake=1
DBG_DWM_MARK_UNCONFIGURED tag=initialise_radio prev_phy=0
DBG_GATEWAY_CH9_RX_CONT_ARM now=2814306 rem=500 frames=0 errors=0
DBG_STACK_RUN_BEGIN epoch=3875306701518018017 run=60 kind=ble_backpressure owner=system_workqueue queue=1 custody=1 credit=0 retry=0 drain=1 src=11068027678940948070 dst=11068027678940948070 session=38011346 seq=466 type=86 sequence=0 previous=0 uptime=2814429
DBG_STACK_SAMPLE_BEGIN epoch=3875306701518018017 run=60 sample=60 kind=ble_backpressure owner=system_workqueue queue=1 custody=1 credit=0 retry=0 drain=1 src=11068027678940948070 dst=11068027678940948070 session=38011346 seq=466 type=86 uptime=2814429
DBG_STACK_ISR_CONFIG size=8192 run=60 sample=60
DBG_STACK name=BT RX WQ tid=0x2000fe18 used=760 free=776 size=1536 ret=0 run=60 sample=60
DBG_STACK name=mesh_route tid=0x2000d560 used=5888 free=2304 size=8192 ret=0 run=60 sample=60
DBG_STACK name=sysworkq tid=0x20010d70 used=2408 free=2072 size=4480 ret=0 run=60 sample=60
DBG_STACK name=MPSL Work tid=0x20010b28 used=376 free=648 size=1024 ret=0 run=60 sample=60
DBG_STACK name=logging tid=0x2000f920 used=480 free=1568 size=2048 ret=0 run=60 sample=60
DBG_STACK name=idle tid=0x20010c00 used=64 free=256 size=320 ret=0 run=60 sample=60
DBG_STACK_SAMPLE_END run=60 sample=60
DBG_STACK_RUN_END epoch=3875306701518018017 run=60 kind=ble_backpressure owner=system_workqueue outcome=ack queue=1 custody=0 credit=1 retry=0 drain=1 src=11068027678940948070 dst=11068027678940948070 session=38011346 seq=466 type=86 samples=1 sequence=0 previous=0 uptime=2814443
DBG_GATEWAY_CH9_RX_CONT_RESULT start=2814306 end=2814807 ret=-116 fail=0 status=0x02000000 len=0 frames=0
DBG_GATEWAY_CH9_RX_CONT_CAP now=2814809 win=2971 adv_wait=2971 due=2817780
DBG_GATEWAY_CH9_RX_CONT_ARM now=2814809 rem=500 frames=0 errors=0
DBG_GATEWAY_CH9_RX_CONT_RESULT start=2814809 end=2815310 ret=-116 fail=0 status=0x00000000 len=0 frames=0
DBG_GATEWAY_CH9_RX_CONT_CAP now=2815312 win=2468 adv_wait=2468 due=2817780
DBG_GATEWAY_CH9_RX_CONT_ARM now=2815312 rem=500 frames=0 errors=0
DBG_GATEWAY_CH9_RX_CONT_RESULT start=2815312 end=2815813 ret=-116 fail=0 status=0x00000000 len=0 frames=0
DBG_GATEWAY_CH9_RX_CONT_CAP now=2815815 win=1965 adv_wait=1965 due=2817780
DBG_GATEWAY_CH9_RX_CONT_ARM now=2815815 rem=500 frames=0 errors=0
DBG_GATEWAY_CH9_RX_CONT_RESULT start=2815815 end=2816316 ret=-116 fail=0 status=0x00000000 len=0 frames=0
DBG_GATEWAY_CH9_RX_CONT_CAP now=2816318 win=1462 adv_wait=1462 due=2817780
DBG_GATEWAY_CH9_RX_CONT_ARM now=2816318 rem=500 frames=0 errors=0
DBG_GATEWAY_CH9_RX_CONT_RESULT start=2816318 end=2816819 ret=-116 fail=0 status=0x00000000 len=0 frames=0
DBG_GATEWAY_CH9_RX_CONT_CAP now=2816821 win=959 adv_wait=959 due=2817780
DBG_GATEWAY_CH9_RX_CONT_ARM now=2816821 rem=500 frames=0 errors=0
DBG_GATEWAY_CH9_RX_CONT_RESULT start=2816821 end=2817322 ret=-116 fail=0 status=0x00000000 len=0 frames=0
DBG_GATEWAY_CH9_RX_CONT_CAP now=2817324 win=456 adv_wait=456 due=2817780
DBG_GATEWAY_CH9_RX_CONT_ARM now=2817324 rem=456 frames=0 errors=0
DBG_GATEWAY_CH9_RX_CONT_RESULT start=2817324 end=2817781 ret=-116 fail=0 status=0x00000000 len=0 frames=0
DBG_GATEWAY_CH9_RX_DONE_YIELD_ADV now=2817782 due=2817780
DBG_STACK_RUN_BEGIN epoch=3875306701518018017 run=61 kind=ble_backpressure owner=system_workqueue queue=1 custody=1 credit=0 retry=0 drain=1 src=11068027678940948070 dst=11068027678940948070 session=1118729484 seq=29964 type=65 sequence=0 previous=0 uptime=2817782
DBG_STACK_SAMPLE_BEGIN epoch=3875306701518018017 run=61 sample=61 kind=ble_backpressure owner=system_workqueue queue=1 custody=1 credit=0 retry=0 drain=1 src=11068027678940948070 dst=11068027678940948070 session=1118729484 seq=29964 type=65 uptime=2817783
DBG_STACK_ISR_CONFIG size=8192 run=61 sample=61
DBG_STACK name=BT RX WQ tid=0x2000fe18 used=760 free=776 size=1536 ret=0 run=61 sample=61
DBG_STACK name=mesh_route tid=0x2000d560 used=5888 free=2304 size=8192 ret=0 run=61 sample=61
DBG_STACK name=sysworkq tid=0x20010d70 used=2408 free=2072 size=4480 ret=0 run=61 sample=61
DBG_STACK name=MPSL Work tid=0x20010b28 used=376 free=648 size=1024 ret=0 run=61 sample=61
DBG_STACK name=logging tid=0x2000f920 used=480 free=1568 size=2048 ret=0 run=61 sample=61
DBG_STACK name=idle tid=0x20010c00 used=64 free=256 size=320 ret=0 run=61 sample=61
DBG_STACK_SAMPLE_END run=61 sample=61
DBG_STACK_RUN_END epoch=3875306701518018017 run=61 kind=ble_backpressure owner=system_workqueue outcome=ack queue=2 custody=0 credit=1 retry=0 drain=2 src=11068027678940948070 dst=11068027678940948070 session=1118729484 seq=29964 type=65 samples=1 sequence=0 previous=0 uptime=2817799
DBG_GATEWAY_CH9_RX_CONT_RESULT start=2817792 end=2818293 ret=-116 fail=0 status=0x00000000 len=0 frames=0
DBG_GATEWAY_CH9_RX_CONT_ARM now=2818295 rem=500 frames=0 errors=0
DBG_STACK_RUN_BEGIN epoch=3875306701518018017 run=62 kind=ble_backpressure owner=system_workqueue queue=1 custody=1 credit=0 retry=0 drain=1 src=11068027678940948070 dst=11068027678940948070 session=38011347 seq=467 type=86 sequence=0 previous=0 uptime=2818343
DBG_STACK_SAMPLE_BEGIN epoch=3875306701518018017 run=62 sample=62 kind=ble_backpressure owner=system_workqueue queue=1 custody=1 credit=0 retry=0 drain=1 src=11068027678940948070 dst=11068027678940948070 session=38011347 seq=467 type=86 uptime=2818344
DBG_STACK_ISR_CONFIG size=8192 run=62 sample=62
DBG_STACK name=BT RX WQ tid=0x2000fe18 used=760 free=776 size=1536 ret=0 run=62 sample=62
DBG_STACK name=mesh_route tid=0x2000d560 used=5888 free=2304 size=8192 ret=0 run=62 sample=62
DBG_STACK name=sysworkq tid=0x20010d70 used=2408 free=2072 size=4480 ret=0 run=62 sample=62
DBG_STACK name=MPSL Work tid=0x20010b28 used=376 free=648 size=1024 ret=0 run=62 sample=62
DBG_STACK name=logging tid=0x2000f920 used=480 free=1568 size=2048 ret=0 run=62 sample=62
DBG_STACK name=idle tid=0x20010c00 used=64 free=256 size=320 ret=0 run=62 sample=62
DBG_STACK_SAMPLE_END run=62 sample=62
DBG_STACK_RUN_END epoch=3875306701518018017 run=62 kind=ble_backpressure owner=system_workqueue outcome=ack queue=1 custody=0 credit=1 retry=0 drain=1 src=11068027678940948070 dst=11068027678940948070 session=38011347 seq=467 type=86 samples=1 sequence=0 previous=0 uptime=2818361
DBG_GATEWAY_CH9_RX_CONT_RESULT start=2818295 end=2818796 ret=-116 fail=0 status=0x00000000 len=0 frames=0
DBG_GATEWAY_CH9_RX_CONT_ARM now=2818798 rem=500 frames=0 errors=0
DBG_GATEWAY_CH9_RX_CONT_RESULT start=2818798 end=2819299 ret=-116 fail=0 status=0x00000000 len=0 frames=0
DBG_GATEWAY_CH9_RX_CONT_ARM now=2819301 rem=500 frames=0 errors=0
DBG_GATEWAY_COMMAND_PRIORITY_SUBMIT ret=0 now=2819379
DBG_STACK_RUN_BEGIN epoch=3875306701518018017 run=63 kind=ble_backpressure owner=system_workqueue queue=1 custody=1 credit=0 retry=0 drain=1 src=11068027678940948070 dst=11068027678940948070 session=38011348 seq=468 type=86 sequence=0 previous=0 uptime=2819379
DBG_STACK_SAMPLE_BEGIN epoch=3875306701518018017 run=63 sample=63 kind=ble_backpressure owner=system_workqueue queue=1 custody=1 credit=0 retry=0 drain=1 src=11068027678940948070 dst=11068027678940948070 session=38011348 seq=468 type=86 uptime=2819379
DBG_STACK_ISR_CONFIG size=8192 run=63 sample=63
DBG_STACK name=BT RX WQ tid=0x2000fe18 used=760 free=776 size=1536 ret=0 run=63 sample=63
DBG_STACK name=mesh_route tid=0x2000d560 used=5888 free=2304 size=8192 ret=0 run=63 sample=63
DBG_STACK name=sysworkq tid=0x20010d70 used=2408 free=2072 size=4480 ret=0 run=63 sample=63
DBG_STACK name=MPSL Work tid=0x20010b28 used=376 free=648 size=1024 ret=0 run=63 sample=63
DBG_STACK name=logging tid=0x2000f920 used=480 free=1568 size=2048 ret=0 run=63 sample=63
DBG_STACK name=idle tid=0x20010c00 used=64 free=256 size=320 ret=0 run=63 sample=63
DBG_STACK_SAMPLE_END run=63 sample=63
DBG_STACK_RUN_END epoch=3875306701518018017 run=63 kind=ble_backpressure owner=system_workqueue outcome=ack queue=3 custody=0 credit=1 retry=0 drain=3 src=11068027678940948070 dst=11068027678940948070 session=38011348 seq=468 type=86 samples=1 sequence=0 previous=0 uptime=2819404
DBG_GATEWAY_CH9_RX_CONT_RESULT start=2819385 end=2819886 ret=-116 fail=0 status=0x00000000 len=0 frames=0
DBG_GATEWAY_COMMAND_PRIORITY_SUBMIT ret=0 now=2819887
DBG_GATEWAY_CH9_RX_CONT_ARM now=2819888 rem=500 frames=0 errors=0
DBG_GATEWAY_CH9_RX_CONT_RESULT start=2819888 end=2819889 ret=-140 fail=0 status=0x00000000 len=0 frames=0
DBG_GATEWAY_CH9_RX_COMMAND_PREEMPT now=2819889 rem=500 frames=0
DBG_GATEWAY_CH9_RX_CONT_DONE ret=-140 len=0 fail=0 recover=0
DBG_NC o=0000000000000038 g=00000038 w=00 e=0000003c s=00000005 q=0000>0004 r=00000000 f=00000024 t=00000000 p=00000000 a=00
DBG_NODE_COMM_SUBMIT handle=56 profile=0 token=17039416 deadline=2829890
DBG_ENUM_FLOOD kind=1 handle=56
DBG_ENUM_CLAIM_TX epoch=38011350 round=1 ret=0
DBG_NODE_COMM_TX_BEGIN handle=56 profile=0 msg=64 dst=0x0 seq=56
DBG_CONTROL_RX_HANDOFF_READY abort=0
DBG_COORD state=idle owner=c5-flood reason=idle rx=0 tx=0 relay=0 route=0 ack=0 qack=0
DBG_WAKE_TRAIN_GUARD_OK
DBG_DWM_MARK_UNCONFIGURED tag=initialise_radio prev_phy=0
DBG_WAKE_TRAIN_CONFIG_BEGIN
DBG_DWM_INVALIDATE tag=configure_radio_from_reset active_phy=2 configured=1 awake=0
DBG_DWM_MARK_UNCONFIGURED tag=initialise_radio prev_phy=0
DBG_WAKE_TRAIN_CONFIG_OK
DBG_WAKE_TRAIN_FIRST_SEND_BEGIN
DBG_WAKE_TRAIN_FIRST_SEND_OK
DBG_UWB_TX_CH5
DBG_TX_WAKE_CLAIM_SENT
DBG_STACK_RUN_BEGIN epoch=3875306701518018017 run=64 kind=ble_backpressure owner=system_workqueue queue=2 custody=2 credit=0 retry=0 drain=2 src=11068027678940948070 dst=11068027678940948070 session=38011349 seq=469 type=86 sequence=0 previous=0 uptime=2819964
DBG_STACK_SAMPLE_BEGIN epoch=3875306701518018017 run=64 sample=64 kind=ble_backpressure owner=system_workqueue queue=2 custody=2 credit=0 retry=0 drain=2 src=11068027678940948070 dst=11068027678940948070 session=38011349 seq=469 type=86 uptime=2819964
DBG_STACK_ISR_CONFIG size=8192 run=64 sample=64
DBG_STACK name=BT RX WQ tid=0x2000fe18 used=760 free=776 size=1536 ret=0 run=64 sample=64
DBG_STACK name=mesh_route tid=0x2000d560 used=5888 free=2304 size=8192 ret=0 run=64 sample=64
DBG_STACK name=sysworkq tid=0x20010d70 used=2408 free=2072 size=4480 ret=0 run=64 sample=64
DBG_STACK name=MPSL Work tid=0x20010b28 used=376 free=648 size=1024 ret=0 run=64 sample=64
DBG_STACK name=logging tid=0x2000f920 used=480 free=1568 size=2048 ret=0 run=64 sample=64
DBG_STACK name=idle tid=0x20010c00 used=64 free=256 size=320 ret=0 run=64 sample=64
DBG_STACK_SAMPLE_END run=64 sample=64
DBG_STACK_RUN_END epoch=3875306701518018017 run=64 kind=ble_backpressure owner=system_workqueue outcome=ack queue=2 custody=0 credit=1 retry=0 drain=2 src=11068027678940948070 dst=11068027678940948070 session=38011349 seq=469 type=86 samples=1 sequence=0 previous=0 uptime=2819991
DBG_UWB_TX_CH5
DBG_TX_WAKE_CLAIM_SENT
DBG_UWB_TX_CH5
DBG_TX_WAKE_CLAIM_SENT
DBG_UWB_TX_CH5
DBG_TX_WAKE_CLAIM_SENT
DBG_UWB_TX_CH5
DBG_TX_WAKE_CLAIM_SENT
DBG_UWB_TX_CH5
DBG_TX_WAKE_CLAIM_SENT
DBG_UWB_TX_CH5
DBG_TX_WAKE_CLAIM_SENT
DBG_UWB_TX_CH5
DBG_TX_WAKE_CLAIM_SENT
DBG_UWB_TX_CH5
DBG_TX_WAKE_CLAIM_SENT
DBG_UWB_TX_CH5
DBG_TX_WAKE_CLAIM_SENT
DBG_UWB_TX_CH5
DBG_TX_WAKE_CLAIM_SENT
DBG_UWB_TX_CH5
DBG_TX_WAKE_CLAIM_SENT
DBG_UWB_TX_CH5
DBG_TX_WAKE_CLAIM_SENT
DBG_UWB_TX_CH5
DBG_TX_WAKE_CLAIM_SENT
DBG_UWB_TX_CH5
DBG_TX_WAKE_CLAIM_SENT
DBG_UWB_TX_CH5
DBG_TX_WAKE_CLAIM_SENT
DBG_UWB_TX_CH5
DBG_TX_WAKE_CLAIM_SENT
DBG_UWB_TX_CH5
DBG_TX_WAKE_CLAIM_SENT
DBG_UWB_TX_CH5
DBG_TX_WAKE_CLAIM_SENT
DBG_UWB_TX_CH5
DBG_TX_WAKE_CLAIM_SENT
DBG_UWB_TX_CH5
DBG_TX_WAKE_CLAIM_SENT
DBG_UWB_TX_CH5
DBG_TX_WAKE_CLAIM_SENT
DBG_UWB_TX_CH5
DBG_TX_WAKE_CLAIM_SENT
DBG_UWB_TX_CH5
DBG_TX_WAKE_CLAIM_SENT
DBG_UWB_TX_CH5
DBG_TX_WAKE_CLAIM_SENT
DBG_UWB_TX_CH5
DBG_TX_WAKE_CLAIM_SENT
DBG_UWB_TX_CH5
DBG_TX_WAKE_CLAIM_SENT
DBG_UWB_TX_CH5
DBG_TX_WAKE_CLAIM_SENT
DBG_UWB_TX_CH5
DBG_TX_WAKE_CLAIM_SENT
DBG_UWB_TX_CH5
DBG_TX_WAKE_CLAIM_SENT
DBG_UWB_TX_CH5
DBG_TX_WAKE_CLAIM_SENT
DBG_UWB_TX_CH5
DBG_TX_WAKE_CLAIM_SENT
DBG_UWB_TX_CH5
DBG_TX_WAKE_CLAIM_SENT
DBG_UWB_TX_CH5
DBG_TX_WAKE_CLAIM_SENT
DBG_UWB_TX_CH5
DBG_TX_WAKE_CLAIM_SENT
DBG_UWB_TX_CH5
DBG_TX_WAKE_CLAIM_SENT
DBG_UWB_TX_CH5
DBG_TX_WAKE_CLAIM_SENT
DBG_UWB_TX_CH5
DBG_TX_WAKE_CLAIM_SENT
DBG_UWB_TX_CH5
DBG_TX_WAKE_CLAIM_SENT
DBG_UWB_TX_CH5
DBG_TX_WAKE_CLAIM_SENT
DBG_UWB_TX_CH5
DBG_TX_WAKE_CLAIM_SENT
DBG_UWB_TX_CH5
DBG_TX_WAKE_CLAIM_SENT
DBG_UWB_TX_CH5
DBG_TX_WAKE_CLAIM_SENT
DBG_UWB_TX_CH5
DBG_TX_WAKE_CLAIM_SENT
DBG_UWB_TX_CH5
DBG_TX_WAKE_CLAIM_SENT
DBG_UWB_TX_CH5
DBG_TX_WAKE_CLAIM_SENT
DBG_UWB_TX_CH5
DBG_TX_WAKE_CLAIM_SENT
DBG_UWB_TX_CH5
DBG_TX_WAKE_CLAIM_SENT
DBG_UWB_TX_CH5
DBG_TX_WAKE_CLAIM_SENT
DBG_UWB_TX_CH5
DBG_TX_WAKE_CLAIM_SENT
DBG_UWB_TX_CH5
DBG_TX_WAKE_CLAIM_SENT
DBG_UWB_TX_CH5
DBG_TX_WAKE_CLAIM_SENT
DBG_UWB_TX_CH5
DBG_TX_WAKE_CLAIM_SENT
DBG_UWB_TX_CH5
DBG_TX_WAKE_CLAIM_SENT
DBG_UWB_TX_CH5
DBG_TX_WAKE_CLAIM_SENT
DBG_UWB_TX_CH5
DBG_TX_WAKE_CLAIM_SENT
DBG_UWB_TX_CH5
DBG_TX_WAKE_CLAIM_SENT
DBG_UWB_TX_CH5
DBG_TX_WAKE_CLAIM_SENT
DBG_UWB_TX_CH5
DBG_TX_WAKE_CLAIM_SENT
DBG_UWB_TX_CH5
DBG_TX_WAKE_CLAIM_SENT
DBG_UWB_TX_CH5
DBG_TX_WAKE_CLAIM_SENT
DBG_UWB_TX_CH5
DBG_TX_WAKE_CLAIM_SENT
DBG_UWB_TX_CH5
DBG_TX_WAKE_CLAIM_SENT
DBG_UWB_TX_CH5
DBG_TX_WAKE_CLAIM_SENT
DBG_UWB_TX_CH5
DBG_TX_WAKE_CLAIM_SENT
DBG_UWB_TX_CH5
DBG_TX_WAKE_CLAIM_SENT
DBG_UWB_TX_CH5
DBG_TX_WAKE_CLAIM_SENT
DBG_UWB_TX_CH5
DBG_TX_WAKE_CLAIM_SENT
DBG_UWB_TX_CH5
DBG_TX_WAKE_CLAIM_SENT
DBG_UWB_TX_CH5
DBG_TX_WAKE_CLAIM_SENT
DBG_UWB_TX_CH5
DBG_TX_WAKE_CLAIM_SENT
DBG_UWB_TX_CH5
DBG_TX_WAKE_CLAIM_SENT
DBG_STACK_RUN_BEGIN epoch=3875306701518018017 run=65 kind=ble_backpressure owner=system_workqueue queue=1 custody=1 credit=0 retry=0 drain=1 src=11068027678940948070 dst=11068027678940948070 session=38011351 seq=471 type=86 sequence=0 previous=0 uptime=2820594
DBG_STACK_SAMPLE_BEGIN epoch=3875306701518018017 run=65 sample=65 kind=ble_backpressure owner=system_workqueue queue=1 custody=1 credit=0 retry=0 drain=1 src=11068027678940948070 dst=11068027678940948070 session=38011351 seq=471 type=86 uptime=2820594
DBG_STACK_ISR_CONFIG size=8192 run=65 sample=65
DBG_STACK name=BT RX WQ tid=0x2000fe18 used=760 free=776 size=1536 ret=0 run=65 sample=65
DBG_STACK name=mesh_route tid=0x2000d560 used=5888 free=2304 size=8192 ret=0 run=65 sample=65
DBG_STACK name=sysworkq tid=0x20010d70 used=2408 free=2072 size=4480 ret=0 run=65 sample=65
DBG_STACK name=MPSL Work tid=0x20010b28 used=376 free=648 size=1024 ret=0 run=65 sample=65
DBG_STACK name=logging tid=0x2000f920 used=480 free=1568 size=2048 ret=0 run=65 sample=65
DBG_STACK name=idle tid=0x20010c00 used=64 free=256 size=320 ret=0 run=65 sample=65
DBG_STACK_SAMPLE_END run=65 sample=65
DBG_STACK_RUN_END epoch=3875306701518018017 run=65 kind=ble_backpressure owner=system_workqueue outcome=ack queue=1 custody=0 credit=1 retry=0 drain=1 src=11068027678940948070 dst=11068027678940948070 session=38011351 seq=471 type=86 samples=1 sequence=0 previous=0 uptime=2820607
DBG_UWB_TX_CH5
DBG_TX_WAKE_CLAIM_SENT
DBG_UWB_TX_CH5
DBG_TX_WAKE_CLAIM_SENT
DBG_UWB_TX_CH5
DBG_TX_WAKE_CLAIM_SENT
DBG_UWB_TX_CH5
DBG_TX_WAKE_CLAIM_SENT
DBG_UWB_TX_CH5
DBG_TX_WAKE_CLAIM_SENT
DBG_UWB_TX_CH5
DBG_TX_WAKE_CLAIM_SENT
DBG_UWB_TX_CH5
DBG_TX_WAKE_CLAIM_SENT
DBG_UWB_TX_CH5
DBG_TX_WAKE_CLAIM_SENT
DBG_UWB_TX_CH5
DBG_TX_WAKE_CLAIM_SENT
DBG_UWB_TX_CH5
DBG_TX_WAKE_CLAIM_SENT
DBG_UWB_TX_CH5
DBG_TX_WAKE_CLAIM_SENT
DBG_UWB_TX_CH5
DBG_TX_WAKE_CLAIM_SENT
DBG_UWB_TX_CH5
DBG_TX_WAKE_CLAIM_SENT
DBG_UWB_TX_CH5
DBG_TX_WAKE_CLAIM_SENT
DBG_UWB_TX_CH5
DBG_TX_WAKE_CLAIM_SENT
DBG_UWB_TX_CH5
DBG_TX_WAKE_CLAIM_SENT
DBG_UWB_TX_CH5
DBG_TX_WAKE_CLAIM_SENT
DBG_UWB_TX_CH5
DBG_TX_WAKE_CLAIM_SENT
DBG_UWB_TX_CH5
DBG_TX_WAKE_CLAIM_SENT
DBG_UWB_TX_CH5
DBG_TX_WAKE_CLAIM_SENT
DBG_UWB_TX_CH5
DBG_TX_WAKE_CLAIM_SENT
DBG_UWB_TX_CH5
DBG_TX_WAKE_CLAIM_SENT
DBG_UWB_TX_CH5
DBG_TX_WAKE_CLAIM_SENT
DBG_UWB_TX_CH5
DBG_TX_WAKE_CLAIM_SENT
DBG_UWB_TX_CH5
DBG_TX_WAKE_CLAIM_SENT
DBG_UWB_TX_CH5
DBG_TX_WAKE_CLAIM_SENT
DBG_UWB_TX_CH5
DBG_TX_WAKE_CLAIM_SENT
DBG_UWB_TX_CH5
DBG_TX_WAKE_CLAIM_SENT
DBG_UWB_TX_CH5
DBG_TX_WAKE_CLAIM_SENT
DBG_UWB_TX_CH5
DBG_TX_WAKE_CLAIM_SENT
DBG_UWB_TX_CH5
DBG_TX_WAKE_CLAIM_SENT
DBG_UWB_TX_CH5
DBG_TX_WAKE_CLAIM_SENT
DBG_UWB_TX_CH5
DBG_TX_WAKE_CLAIM_SENT
DBG_UWB_TX_CH5
DBG_TX_WAKE_CLAIM_SENT
DBG_UWB_TX_CH5
DBG_TX_WAKE_CLAIM_SENT
DBG_UWB_TX_CH5
DBG_TX_WAKE_CLAIM_SENT
DBG_UWB_TX_CH5
DBG_TX_WAKE_CLAIM_SENT
DBG_UWB_TX_CH5
DBG_TX_WAKE_CLAIM_SENT
DBG_UWB_TX_CH5
DBG_TX_WAKE_CLAIM_SENT
DBG_UWB_TX_CH5
DBG_TX_WAKE_CLAIM_SENT
DBG_DWM_INVALIDATE tag=configure_radio_from_reset active_phy=2 configured=1 awake=1
DBG_DWM_MARK_UNCONFIGURED tag=initialise_radio prev_phy=0
DBG_C5_CONTROL_FOLLOWUP_TURNAROUND delay=60 msg=40 reason=node-comm-bounded-control-flood
DBG_DWM_INVALIDATE tag=configure_radio_from_reset active_phy=2 configured=1 awake=0
DBG_DWM_MARK_UNCONFIGURED tag=initialise_radio prev_phy=0
DBG_DWM_INVALIDATE tag=configure_radio_from_reset active_phy=2 configured=1 awake=0
DBG_DWM_MARK_UNCONFIGURED tag=initialise_radio prev_phy=0
DBG_DWM_WAKE_MESH_CTRL_OK sfd=4073
DBG_C5_TX_CONFIG ret=0 ext=1 len=127 msg=40 reason=bounded-c5-flood
DBG_UWB_TX_CH5
DBG_NC o=0000000000000038 g=00000038 w=00 e=00000022 s=00000005 q=0004>0005 r=00000000 f=00000001 t=00000000 p=00000000 a=00
DBG_NC o=0000000000000038 g=00000038 w=00 e=00000042 s=00000005 q=0005>0006 r=00000000 f=00000001 t=00000000 p=00000000 a=00
DBG_NODE_COMM_ATTEMPT handle=56 profile=0 attempt=1 ret=0 rf=1 scheduled=0 state=0
DBG_GATEWAY_RX_START reason=gateway mesh restart active=1 qrx=0 qtx=0 adv_due=0
DBG_ENUM_RF_BEGIN kind=1 handle=56 attempt=1 tries=1
DBG_COORD state=gateway-rx owner=uwb-rx reason=gateway-rx rx=0 tx=0 relay=0 route=0 ack=0 qack=0
DBG_DWM_INVALIDATE tag=configure_radio_from_reset active_phy=4 configured=1 awake=1
DBG_STACK_RUN_BEGIN epoch=3875306701518018017 run=66 kind=ble_backpressure owner=system_workqueue queue=1 custody=1 credit=0 retry=0 drain=1 src=11068027678940948070 dst=11068027678940948070 session=38011353 seq=473 type=86 sequence=0 previous=0 uptime=2821134
DBG_STACK_SAMPLE_BEGIN epoch=3875306701518018017 run=66 sample=66 kind=ble_backpressure owner=system_workqueue queue=1 custody=1 credit=0 retry=0 drain=1 src=11068027678940948070 dst=11068027678940948070 session=38011353 seq=473 type=86 uptime=2821134
DBG_STACK_ISR_CONFIG size=8192 run=66 sample=66
DBG_STACK name=BT RX WQ tid=0x2000fe18 used=760 free=776 size=1536 ret=0 run=66 sample=66
DBG_STACK name=mesh_route tid=0x2000d560 used=5888 free=2304 size=8192 ret=0 run=66 sample=66
DBG_STACK name=sysworkq tid=0x20010d70 used=2408 free=2072 size=4480 ret=0 run=66 sample=66
DBG_STACK name=MPSL Work tid=0x20010b28 used=376 free=648 size=1024 ret=0 run=66 sample=66
DBG_STACK name=logging tid=0x2000f920 used=480 free=1568 size=2048 ret=0 run=66 sample=66
DBG_STACK name=idle tid=0x20010c00 used=64 free=256 size=320 ret=0 run=66 sample=66
DBG_STACK_SAMPLE_END run=66 sample=66
DBG_STACK_RUN_END epoch=3875306701518018017 run=66 kind=ble_backpressure owner=system_workqueue outcome=ack queue=1 custody=0 credit=1 retry=0 drain=1 src=11068027678940948070 dst=11068027678940948070 session=38011353 seq=473 type=86 samples=1 sequence=0 previous=0 uptime=2821161
DBG_GATEWAY_CH9_RX_CONT_RESULT start=2821146 end=2821162 ret=-140 fail=0 status=0x02000000 len=0 frames=0
DBG_GATEWAY_CH9_RX_COMMAND_PREEMPT now=2821163 rem=500 frames=0
DBG_GATEWAY_CH9_RX_CONT_DONE ret=-140 len=0 fail=0 recover=0
DBG_NC o=0000000000000038 g=00000038 w=00 e=00000023 s=00000005 q=0006>0004 r=00000000 f=00000024 t=00000000 p=00000000 a=00
DBG_NODE_COMM_TX_BEGIN handle=56 profile=0 msg=64 dst=0x0 seq=56
DBG_CONTROL_RX_HANDOFF_READY abort=0
DBG_DWM_MARK_UNCONFIGURED tag=initialise_radio prev_phy=0
DBG_DWM_INVALIDATE tag=configure_radio_from_reset active_phy=2 configured=1 awake=0
DBG_DWM_MARK_UNCONFIGURED tag=initialise_radio prev_phy=0
DBG_DWM_WAKE_MESH_CTRL_OK sfd=4073
DBG_C5_TX_CONFIG ret=0 ext=1 len=127 msg=40 reason=bounded-c5-flood
DBG_UWB_TX_CH5
DBG_NC o=0000000000000038 g=00000038 w=00 e=00000022 s=00000005 q=0004>0005 r=00000000 f=00000001 t=00000000 p=00000000 a=00
DBG_NC o=0000000000000038 g=00000038 w=00 e=00000042 s=00000005 q=0005>0006 r=00000000 f=00000001 t=00000000 p=00000000 a=00
DBG_NODE_COMM_ATTEMPT handle=56 profile=0 attempt=2 ret=0 rf=1 scheduled=0 state=0
DBG_GATEWAY_RX_START reason=gateway mesh restart active=1 qrx=0 qtx=0 adv_due=0
DBG_COORD state=gateway-rx owner=uwb-rx reason=gateway-rx rx=0 tx=0 relay=0 route=0 ack=0 qack=0
DBG_DWM_INVALIDATE tag=configure_radio_from_reset active_phy=4 configured=1 awake=1
DBG_DWM_MARK_UNCONFIGURED tag=initialise_radio prev_phy=0
DBG_GATEWAY_CH9_RX_CONT_ARM now=2821245 rem=500 frames=0 errors=0
DBG_GATEWAY_CH9_RX_CONT_RESULT start=2821245 end=2821257 ret=-140 fail=0 status=0x02000000 len=0 frames=0
DBG_GATEWAY_CH9_RX_COMMAND_PREEMPT now=2821258 rem=500 frames=0
DBG_GATEWAY_CH9_RX_CONT_DONE ret=-140 len=0 fail=0 recover=0
DBG_NC o=0000000000000038 g=00000038 w=00 e=00000023 s=00000005 q=0006>0004 r=00000000 f=00000024 t=00000000 p=00000000 a=00
DBG_NODE_COMM_TX_BEGIN handle=56 profile=0 msg=64 dst=0x0 seq=56
DBG_CONTROL_RX_HANDOFF_READY abort=0
DBG_COORD state=idle owner=c5-flood reason=idle rx=0 tx=0 relay=0 route=0 ack=0 qack=0
DBG_DWM_INVALIDATE tag=configure_radio_from_reset active_phy=3 configured=1 awake=1
DBG_DWM_MARK_UNCONFIGURED tag=initialise_radio prev_phy=0
DBG_DWM_INVALIDATE tag=configure_radio_from_reset active_phy=2 configured=1 awake=0
DBG_DWM_MARK_UNCONFIGURED tag=initialise_radio prev_phy=0
DBG_DWM_WAKE_MESH_CTRL_OK sfd=4073
DBG_C5_TX_CONFIG ret=0 ext=1 len=127 msg=40 reason=bounded-c5-flood
DBG_UWB_TX_CH5
DBG_NC o=0000000000000038 g=00000038 w=00 e=00000022 s=00000005 q=0004>0005 r=00000000 f=00000001 t=00000000 p=00000000 a=00
DBG_NC o=0000000000000038 g=00000038 w=00 e=00000042 s=00000005 q=0005>0006 r=00000000 f=00000001 t=00000000 p=00000000 a=00
DBG_NODE_COMM_ATTEMPT handle=56 profile=0 attempt=3 ret=0 rf=1 scheduled=0 state=0
DBG_GATEWAY_RX_START reason=gateway mesh restart active=1 qrx=0 qtx=0 adv_due=0
DBG_COORD state=gateway-rx owner=uwb-rx reason=gateway-rx rx=0 tx=0 relay=0 route=0 ack=0 qack=0
DBG_DWM_INVALIDATE tag=configure_radio_from_reset active_phy=4 configured=1 awake=1
DBG_DWM_MARK_UNCONFIGURED tag=initialise_radio prev_phy=0
DBG_GATEWAY_CH9_RX_CONT_ARM now=2821341 rem=500 frames=0 errors=0
DBG_GATEWAY_CH9_RX_CONT_RESULT start=2821341 end=2821353 ret=-140 fail=0 status=0x02000000 len=0 frames=0
DBG_GATEWAY_CH9_RX_COMMAND_PREEMPT now=2821354 rem=500 frames=0
DBG_GATEWAY_CH9_RX_CONT_DONE ret=-140 len=0 fail=0 recover=0
DBG_NC o=0000000000000038 g=00000038 w=00 e=00000023 s=00000005 q=0006>0004 r=00000000 f=00000024 t=00000000 p=00000000 a=00
DBG_NODE_COMM_TX_BEGIN handle=56 profile=0 msg=64 dst=0x0 seq=56
DBG_CONTROL_RX_HANDOFF_READY abort=0
DBG_COORD state=idle owner=c5-flood reason=idle rx=0 tx=0 relay=0 route=0 ack=0 qack=0
DBG_DWM_INVALIDATE tag=configure_radio_from_reset active_phy=3 configured=1 awake=1
DBG_DWM_MARK_UNCONFIGURED tag=initialise_radio prev_phy=0
DBG_NC o=0000000000000038 g=00000038 w=00 e=0000003f s=00000005 q=0004>0004 r=00000000 f=00000000 t=00000000 p=00000000 a=00
DBG_NODE_COMM_ATTEMPT handle=56 profile=0 attempt=4 ret=-11 rf=0 scheduled=0 state=0
DBG_GATEWAY_RX_START reason=gateway mesh restart active=1 qrx=0 qtx=0 adv_due=0
DBG_COORD state=gateway-rx owner=uwb-rx reason=gateway-rx rx=0 tx=0 relay=0 route=0 ack=0 qack=0
DBG_DWM_INVALIDATE tag=configure_radio_from_reset active_phy=2 configured=1 awake=1
DBG_DWM_MARK_UNCONFIGURED tag=initialise_radio prev_phy=0
DBG_GATEWAY_CH9_RX_CONT_ARM now=2821409 rem=500 frames=0 errors=0
DBG_GATEWAY_CH9_RX_CONT_RESULT start=2821409 end=2821556 ret=-140 fail=0 status=0x02000000 len=0 frames=0
DBG_GATEWAY_CH9_RX_COMMAND_PREEMPT now=2821557 rem=500 frames=0
DBG_GATEWAY_CH9_RX_CONT_DONE ret=-140 len=0 fail=0 recover=0
DBG_NODE_COMM_TX_BEGIN handle=56 profile=0 msg=64 dst=0x0 seq=56
DBG_CONTROL_RX_HANDOFF_READY abort=0
DBG_COORD state=idle owner=c5-flood reason=idle rx=0 tx=0 relay=0 route=0 ack=0 qack=0
DBG_DWM_INVALIDATE tag=configure_radio_from_reset active_phy=3 configured=1 awake=1
DBG_DWM_MARK_UNCONFIGURED tag=initialise_radio prev_phy=0
DBG_DWM_INVALIDATE tag=configure_radio_from_reset active_phy=2 configured=1 awake=0
DBG_DWM_MARK_UNCONFIGURED tag=initialise_radio prev_phy=0
DBG_DWM_WAKE_MESH_CTRL_OK sfd=4073
DBG_C5_TX_CONFIG ret=0 ext=1 len=127 msg=40 reason=bounded-c5-flood
DBG_UWB_TX_CH5
DBG_NC o=0000000000000038 g=00000038 w=00 e=00000022 s=00000005 q=0004>0005 r=00000000 f=00000001 t=00000000 p=00000000 a=00
DBG_NC o=0000000000000038 g=00000038 w=00 e=00000041 s=00000005 q=0005>0008 r=00000000 f=00000026 t=00000000 p=00000001 a=04
DBG_NODE_COMM_ATTEMPT handle=56 profile=0 attempt=4 ret=0 rf=1 scheduled=0 state=0
DBG_GATEWAY_RX_START reason=gateway mesh restart active=1 qrx=0 qtx=0 adv_due=0
DBG_ENUM_RF_RESULT kind=1 handle=56 success=1 reason=0 tries=4
DBG_COORD state=gateway-rx owner=uwb-rx reason=gateway-rx rx=0 tx=0 relay=0 route=0 ack=0 qack=0
DBG_DWM_INVALIDATE tag=configure_radio_from_reset active_phy=4 configured=1 awake=1
DBG_DWM_MARK_UNCONFIGURED tag=initialise_radio prev_phy=0
DBG_GATEWAY_CH9_RX_CONT_ARM now=2821641 rem=500 frames=0 errors=0
DBG_GATEWAY_CH9_RX_CONT_RESULT start=2821641 end=2821767 ret=0 fail=0 status=0x02006f00 len=97 frames=0
DBG_UWB_RX_CH9
DBG_GATEWAY_CH9_RX_RELEASE_IDLE
DBG_GATEWAY_RX_DECODE ch=9 msg=0x41 src=0x191a9619c6c8cb07 dst=0x9999888877776666 prev=0x191a9619c6c8cb07 seq=56 flags=0x14 pl
DBG_UWB_RX_CH9
DBG_MESH_RX_QUEUED ch=9 msg=0x41 src=0x191a9619c6c8cb07 dst=0x9999888877776666 prev=0x191a9619c6c8cb07 seq=56 q=1
DBG_MESH_RX_DIRECT_WAIT q=1 reason=gateway-ch9-continuous-rx
DBG_MESH_RX_DIRECT_ENTER q=1 reason=gateway-ch9-continuous-rx
DBG_MESH_RX_DRAIN_ENTER owner=gateway-ch9-continuous-rx q=1
DBG_ENUM_ADAPTIVE_DEADLINE stage=0 observed_hop=1 next_hop=2 wait=4178 deadline=2825950
DBG_ENUM_CLAIM_RX epoch=38011350 anchor=0x191a9619c6c8cb07 hop=1 responders=1 roster=1 retained=0
DBG_GATEWAY_ACK_INPUT type=65 src=0x191a9619c6c8cb07 dst=0x9999888877776666 rxseq=56 ackseq=265 len=36 flags=0x14 meta=0
DBG_GATEWAY_ACK_GUARD ms=10 seq=265
DBG_STACK_RUN_BEGIN epoch=3875306701518018017 run=67 kind=ble_backpressure owner=system_workqueue queue=1 custody=1 credit=0 retry=0 drain=1 src=11068027678940948070 dst=11068027678940948070 session=38011354 seq=474 type=86 sequence=0 previous=0 uptime=2821775
DBG_STACK_SAMPLE_BEGIN epoch=3875306701518018017 run=67 sample=67 kind=ble_backpressure owner=system_workqueue queue=1 custody=1 credit=0 retry=0 drain=1 src=11068027678940948070 dst=11068027678940948070 session=38011354 seq=474 type=86 uptime=2821794
DBG_STACK_ISR_CONFIG size=8192 run=67 sample=67
DBG_STACK name=BT RX WQ tid=0x2000fe18 used=760 free=776 size=1536 ret=0 run=67 sample=67
DBG_STACK name=mesh_route tid=0x2000d560 used=5888 free=2304 size=8192 ret=0 run=67 sample=67
DBG_STACK name=sysworkq tid=0x20010d70 used=2408 free=2072 size=4480 ret=0 run=67 sample=67
DBG_STACK name=MPSL Work tid=0x20010b28 used=376 free=648 size=1024 ret=0 run=67 sample=67
DBG_STACK name=logging tid=0x2000f920 used=480 free=1568 size=2048 ret=0 run=67 sample=67
DBG_STACK name=idle tid=0x20010c00 used=64 free=256 size=320 ret=0 run=67 sample=67
DBG_STACK_SAMPLE_END run=67 sample=67
DBG_STACK_RUN_END epoch=3875306701518018017 run=67 kind=ble_backpressure owner=system_workqueue outcome=ack queue=1 custody=0 credit=1 retry=0 drain=1 src=11068027678940948070 dst=11068027678940948070 session=38011354 seq=474 type=86 samples=1 sequence=0 previous=0 uptime=2821811
DBG_COORD state=idle owner=gateway-ack-immediate-channel9 reason=idle rx=0 tx=0 relay=0 route=0 ack=0 qack=0
DBG_CH9_TX_CONFIG ret=0 now=2821818 earliest=0 msg=32
DBG_CH9_TX_SEND_AT now=2821818 earliest=0 msg=32 len=105
DBG_CH9_TX_RELEASE_IDLE msg=32 seq=266 reason=gateway-ack-immediate-channel9 ret=0
DBG_UWB_TX_CH9
DBG_GATEWAY_ACK_TX_LED
DBG_GATEWAY_RX_REARM_DEFER delay=0 ret=1 active=1
DBG_GATEWAY_RX_START reason=gateway mesh restart active=1 qrx=0 qtx=0 adv_due=0
DBG_GATEWAY_ACK_SEND ret=0 seq=266 dst=0x191a9619c6c8cb07 next=0x191a9619c6c8cb07
DBG_GATEWAY_CH9_RX_CONT_ARM now=2821823 rem=292 frames=2 errors=0
DBG_GATEWAY_CH9_RX_CONT_RESULT start=2821823 end=2822116 ret=-116 fail=0 status=0x00000000 len=0 frames=2
DBG_MESH_RX_WORK_WAIT q=0
DBG_MESH_RX_WORK_ENTER q=0
DBG_MESH_RX_DRAIN_ENTER owner=work q=0
DBG_MESH_RX_DRAIN_EXIT owner=work handled=0 q=0
DBG_MESH_RX_WORK_EXIT handled=0 q=0
DBG_GATEWAY_RX_REARM_RUN delay=0 ret=1 active=1
DBG_COORD state=gateway-rx owner=uwb-rx reason=gateway-rx rx=0 tx=0 relay=0 route=0 ack=0 qack=0
DBG_GATEWAY_CH9_RX_CONT_ARM now=2822117 rem=500 frames=0 errors=0
DBG_GATEWAY_CH9_RX_CONT_RESULT start=2822117 end=2822302 ret=0 fail=0 status=0x00006f00 len=97 frames=0
DBG_UWB_RX_CH9
DBG_GATEWAY_CH9_RX_RELEASE_IDLE
DBG_GATEWAY_RX_DECODE ch=9 msg=0x41 src=0x191a9619c6c8cb07 dst=0x9999888877776666 prev=0x191a9619c6c8cb07 seq=56 flags=0x14 pl
DBG_UWB_RX_CH9
DBG_MESH_RX_QUEUED ch=9 msg=0x41 src=0x191a9619c6c8cb07 dst=0x9999888877776666 prev=0x191a9619c6c8cb07 seq=56 q=1
DBG_MESH_RX_DIRECT_WAIT q=1 reason=gateway-ch9-continuous-rx
DBG_MESH_RX_DIRECT_ENTER q=1 reason=gateway-ch9-continuous-rx
DBG_MESH_RX_DRAIN_ENTER owner=gateway-ch9-continuous-rx q=1
DBG_GATEWAY_ACK_INPUT type=65 src=0x191a9619c6c8cb07 dst=0x9999888877776666 rxseq=56 ackseq=267 len=36 flags=0x14 meta=0
DBG_GATEWAY_ACK_GUARD ms=10 seq=267
DBG_COORD state=idle owner=gateway-ack-immediate-channel9 reason=idle rx=0 tx=0 relay=0 route=0 ack=0 qack=0
DBG_CH9_TX_CONFIG ret=0 now=2822316 earliest=0 msg=32
DBG_CH9_TX_SEND_AT now=2822316 earliest=0 msg=32 len=105
DBG_CH9_TX_RELEASE_IDLE msg=32 seq=267 reason=gateway-ack-immediate-channel9 ret=0
DBG_UWB_TX_CH9
DBG_GATEWAY_ACK_TX_LED
DBG_GATEWAY_RX_REARM_DEFER delay=0 ret=1 active=1
DBG_GATEWAY_RX_START reason=gateway mesh restart active=1 qrx=0 qtx=0 adv_due=0
DBG_GATEWAY_ACK_SEND ret=0 seq=267 dst=0x191a9619c6c8cb07 next=0x191a9619c6c8cb07
DBG_GATEWAY_CH9_RX_CONT_RESULT start=2822321 end=2822333 ret=0 fail=0 status=0x00006f00 len=105 frames=1
DBG_UWB_RX_CH9
DBG_GATEWAY_CH9_RX_RELEASE_IDLE
DBG_GATEWAY_RX_DECODE ch=9 msg=0x33 src=0x191a9619c6c8cb07 dst=0x9999888877776666 prev=0x191a9619c6c8cb07 seq=56 flags=0x04 pl
DBG_UWB_RX_CH9
DBG_MESH_RX_QUEUED ch=9 msg=0x33 src=0x191a9619c6c8cb07 dst=0x9999888877776666 prev=0x191a9619c6c8cb07 seq=56 q=1
DBG_MESH_RX_DIRECT_WAIT q=1 reason=gateway-ch9-continuous-rx
DBG_COORD state=idle owner=gateway-ack-immediate-channel9 reason=idle rx=0 tx=0 relay=0 route=0 ack=0 qack=0
DBG_CH9_TX_CONFIG ret=0 now=2822348 earliest=0 msg=32
DBG_CH9_TX_SEND_AT now=2822348 earliest=0 msg=32 len=105
DBG_CH9_TX_RELEASE_IDLE msg=32 seq=268 reason=gateway-ack-immediate-channel9 ret=0
DBG_UWB_TX_CH9
DBG_GATEWAY_ACK_TX_LED
DBG_GATEWAY_RX_REARM_DEFER delay=0 ret=1 active=1
DBG_GATEWAY_RX_START reason=gateway mesh restart active=1 qrx=0 qtx=0 adv_due=0
DBG_GATEWAY_ACK_SEND ret=0 seq=268 dst=0x191a9619c6c8cb07 next=0x191a9619c6c8cb07
DBG_GATEWAY_CH9_RX_CONT_RESULT start=2822353 end=2822422 ret=0 fail=0 status=0x00006f00 len=97 frames=2
DBG_UWB_RX_CH9
DBG_GATEWAY_CH9_RX_RELEASE_IDLE
DBG_GATEWAY_RX_DECODE ch=9 msg=0x41 src=0x708bc0aab970300e dst=0x9999888877776666 prev=0x708bc0aab970300e seq=56 flags=0x14 pl
DBG_UWB_RX_CH9
DBG_MESH_RX_QUEUED ch=9 msg=0x41 src=0x708bc0aab970300e dst=0x9999888877776666 prev=0x708bc0aab970300e seq=56 q=1
DBG_COORD state=gateway-rx owner=gateway-ch9-continuous-rx reason=gateway-rx rx=1 tx=0 relay=0 route=0 ack=0 qack=0
DBG_MESH_RX_DIRECT_WAIT q=1 reason=gateway-ch9-continuous-rx
DBG_MESH_RX_DIRECT_ENTER q=1 reason=gateway-ch9-continuous-rx
DBG_MESH_RX_DRAIN_ENTER owner=gateway-ch9-continuous-rx q=1
DBG_ENUM_ADAPTIVE_DEADLINE stage=0 observed_hop=1 next_hop=2 wait=4177 deadline=2826604
DBG_ENUM_CLAIM_RX epoch=38011350 anchor=0x708bc0aab970300e hop=1 responders=2 roster=2 retained=0
DBG_GATEWAY_ACK_INPUT type=65 src=0x708bc0aab970300e dst=0x9999888877776666 rxseq=56 ackseq=269 len=36 flags=0x14 meta=0
DBG_COORD state=idle owner=gateway-ack-immediate-channel9 reason=idle rx=0 tx=0 relay=0 route=0 ack=0 qack=0
DBG_CH9_TX_CONFIG ret=0 now=2822440 earliest=0 msg=32
DBG_CH9_TX_SEND_AT now=2822440 earliest=0 msg=32 len=105
DBG_CH9_TX_RELEASE_IDLE msg=32 seq=269 reason=gateway-ack-immediate-channel9 ret=0
DBG_GATEWAY_CH9_RX_CONT_RESULT start=2822445 end=2822457 ret=0 fail=0 status=0x00006f00 len=105 frames=3
DBG_UWB_RX_CH9
DBG_GATEWAY_CH9_RX_RELEASE_IDLE
DBG_GATEWAY_RX_DECODE ch=9 msg=0x33 src=0x708bc0aab970300e dst=0x9999888877776666 prev=0x708bc0aab970300e seq=56 flags=0x04 pl
DBG_UWB_RX_CH9
DBG_MESH_RX_QUEUED ch=9 msg=0x33 src=0x708bc0aab970300e dst=0x9999888877776666 prev=0x708bc0aab970300e seq=56 q=1
DBG_COORD state=gateway-rx owner=gateway-ch9-continuous-rx reason=gateway-rx rx=1 tx=0 relay=0 route=0 ack=0 qack=0
DBG_MESH_RX_DIRECT_WAIT q=1 reason=gateway-ch9-continuous-rx
DBG_MESH_RX_DIRECT_ENTER q=1 reason=gateway-ch9-continuous-rx
DBG_MESH_RX_DRAIN_ENTER owner=gateway-ch9-continuous-rx q=1
DBG_GATEWAY_ACK_INPUT type=51 src=0x708bc0aab970300e dst=0x9999888877776666 rxseq=56 ackseq=270 len=44 flags=0x04 meta=0
DBG_GATEWAY_ACK_GUARD ms=10 seq=270
DBG_COORD state=idle owner=gateway-ack-immediate-channel9 reason=idle rx=0 tx=0 relay=0 route=0 ack=0 qack=0
DBG_UWB_TX_CH9
DBG_GATEWAY_ACK_TX_LED
DBG_GATEWAY_RX_REARM_DEFER delay=0 ret=1 active=1
DBG_GATEWAY_RX_START reason=gateway mesh restart active=1 qrx=0 qtx=0 adv_due=0
DBG_GATEWAY_ACK_SEND ret=0 seq=270 dst=0x708bc0aab970300e next=0x708bc0aab970300e
DBG_MESH_RX_DRAIN_EXIT owner=gateway-ch9-continuous-rx handled=1 q=0
DBG_MESH_RX_DIRECT_EXIT handled=1 q=0 reason=gateway-ch9-continuous-rx
DBG_GATEWAY_CH9_RX_CONT_ARM now=2822477 rem=140 frames=4 errors=0
DBG_STACK_RUN_BEGIN epoch=3875306701518018017 run=68 kind=ble_backpressure owner=system_workqueue queue=1 custody=1 credit=0 retry=0 drain=1 src=11068027678940948070 dst=11068027678940948070 session=38011355 seq=475 type=86 sequence=0 previous=0 uptime=2822529
DBG_STACK_SAMPLE_BEGIN epoch=3875306701518018017 run=68 sample=68 kind=ble_backpressure owner=system_workqueue queue=1 custody=1 credit=0 retry=0 drain=1 src=11068027678940948070 dst=11068027678940948070 session=38011355 seq=475 type=86 uptime=2822529
DBG_STACK_ISR_CONFIG size=8192 run=68 sample=68
DBG_STACK name=BT RX WQ tid=0x2000fe18 used=760 free=776 size=1536 ret=0 run=68 sample=68
DBG_STACK name=mesh_route tid=0x2000d560 used=5888 free=2304 size=8192 ret=0 run=68 sample=68
DBG_STACK name=sysworkq tid=0x20010d70 used=2408 free=2072 size=4480 ret=0 run=68 sample=68
DBG_STACK name=MPSL Work tid=0x20010b28 used=376 free=648 size=1024 ret=0 run=68 sample=68
DBG_STACK name=logging tid=0x2000f920 used=480 free=1568 size=2048 ret=0 run=68 sample=68
DBG_STACK name=idle tid=0x20010c00 used=64 free=256 size=320 ret=0 run=68 sample=68
DBG_STACK_SAMPLE_END run=68 sample=68
DBG_STACK_RUN_END epoch=3875306701518018017 run=68 kind=ble_backpressure owner=system_workqueue outcome=ack queue=1 custody=0 credit=1 retry=0 drain=1 src=11068027678940948070 dst=11068027678940948070 session=38011355 seq=475 type=86 samples=1 sequence=0 previous=0 uptime=2822550
DBG_GATEWAY_CH9_RX_CONT_RESULT start=2822477 end=2822619 ret=0 fail=0 status=0x00006f00 len=105 frames=4
DBG_UWB_RX_CH9
DBG_GATEWAY_CH9_RX_RELEASE_IDLE
DBG_GATEWAY_RX_DECODE ch=9 msg=0x33 src=0x191a9619c6c8cb07 dst=0x9999888877776666 prev=0x191a9619c6c8cb07 seq=56 flags=0x04 pl
DBG_UWB_RX_CH9
DBG_MESH_RX_QUEUED ch=9 msg=0x33 src=0x191a9619c6c8cb07 dst=0x9999888877776666 prev=0x191a9619c6c8cb07 seq=56 q=1
DBG_COORD state=gateway-rx owner=gateway-ch9-continuous-rx reason=gateway-rx rx=1 tx=0 relay=0 route=0 ack=0 qack=0
DBG_MESH_RX_DIRECT_WAIT q=1 reason=gateway-ch9-continuous-rx
DBG_MESH_RX_DIRECT_ENTER q=1 reason=gateway-ch9-continuous-rx
DBG_MESH_RX_DRAIN_ENTER owner=gateway-ch9-continuous-rx q=1
DBG_GATEWAY_ACK_INPUT type=51 src=0x191a9619c6c8cb07 dst=0x9999888877776666 rxseq=56 ackseq=271 len=44 flags=0x04 meta=0
DBG_GATEWAY_ACK_GUARD ms=10 seq=271
DBG_COORD state=idle owner=gateway-ack-immediate-channel9 reason=idle rx=0 tx=0 relay=0 route=0 ack=0 qack=0
DBG_CH9_TX_CONFIG ret=0 now=2822633 earliest=0 msg=32
DBG_CH9_TX_SEND_AT now=2822633 earliest=0 msg=32 len=105
DBG_CH9_TX_RELEASE_IDLE msg=32 seq=271 reason=gateway-ack-immediate-channel9 ret=0
DBG_GATEWAY_CH9_RX_CONT_RESULT start=2822639 end=2822964 ret=0 fail=0 status=0x00006f00 len=105 frames=0
DBG_UWB_RX_CH9
DBG_GATEWAY_CH9_RX_RELEASE_IDLE
DBG_GATEWAY_RX_DECODE ch=9 msg=0x33 src=0x191a9619c6c8cb07 dst=0x9999888877776666 prev=0x191a9619c6c8cb07 seq=56 flags=0x04 pl
DBG_UWB_RX_CH9
DBG_MESH_RX_QUEUED ch=9 msg=0x33 src=0x191a9619c6c8cb07 dst=0x9999888877776666 prev=0x191a9619c6c8cb07 seq=56 q=1
DBG_MESH_RX_DIRECT_WAIT q=1 reason=gateway-ch9-continuous-rx
DBG_MESH_RX_DIRECT_ENTER q=1 reason=gateway-ch9-continuous-rx
DBG_MESH_RX_DRAIN_ENTER owner=gateway-ch9-continuous-rx q=1
DBG_GATEWAY_ACK_INPUT type=51 src=0x191a9619c6c8cb07 dst=0x9999888877776666 rxseq=56 ackseq=272 len=44 flags=0x04 meta=0
DBG_GATEWAY_ACK_GUARD ms=10 seq=272
DBG_COORD state=idle owner=gateway-ack-immediate-channel9 reason=idle rx=0 tx=0 relay=0 route=0 ack=0 qack=0
DBG_CH9_TX_CONFIG ret=0 now=2822978 earliest=0 msg=32
DBG_CH9_TX_SEND_AT now=2822978 earliest=0 msg=32 len=105
DBG_CH9_TX_RELEASE_IDLE msg=32 seq=272 reason=gateway-ack-immediate-channel9 ret=0
DBG_UWB_TX_CH9
DBG_GATEWAY_ACK_TX_LED
DBG_GATEWAY_RX_REARM_DEFER delay=0 ret=1 active=1
DBG_GATEWAY_CH9_RX_CONT_RESULT start=2822983 end=2823140 ret=-116 fail=0 status=0x00000000 len=0 frames=1
DBG_MESH_RX_WORK_WAIT q=0
DBG_MESH_RX_WORK_ENTER q=0
DBG_MESH_RX_DRAIN_ENTER owner=work q=0
DBG_MESH_RX_DRAIN_EXIT owner=work handled=0 q=0
DBG_MESH_RX_WORK_EXIT handled=0 q=0
DBG_GATEWAY_RX_REARM_RUN delay=0 ret=1 active=1
DBG_COORD state=gateway-rx owner=uwb-rx reason=gateway-rx rx=0 tx=0 relay=0 route=0 ack=0 qack=0
DBG_GATEWAY_CH9_RX_CONT_ARM now=2823141 rem=500 frames=0 errors=0
DBG_GATEWAY_CH9_RX_CONT_RESULT start=2823141 end=2823382 ret=0 fail=0 status=0x00006f00 len=97 frames=0
DBG_UWB_RX_CH9
DBG_GATEWAY_CH9_RX_RELEASE_IDLE
DBG_GATEWAY_RX_DECODE ch=9 msg=0x41 src=0x56da25fe4af6d141 dst=0x9999888877776666 prev=0x56da25fe4af6d141 seq=56 flags=0x14 pl
DBG_UWB_RX_CH9
DBG_MESH_RX_QUEUED ch=9 msg=0x41 src=0x56da25fe4af6d141 dst=0x9999888877776666 prev=0x56da25fe4af6d141 seq=56 q=1
DBG_MESH_RX_DIRECT_WAIT q=1 reason=gateway-ch9-continuous-rx
DBG_MESH_RX_DIRECT_ENTER q=1 reason=gateway-ch9-continuous-rx
DBG_MESH_RX_DRAIN_ENTER owner=gateway-ch9-continuous-rx q=1
DBG_ENUM_ADAPTIVE_DEADLINE stage=0 observed_hop=1 next_hop=2 wait=4178 deadline=2827565
DBG_ENUM_CONFIRM ret=1
DBG_ENUM_CLAIM_RX epoch=38011350 anchor=0x56da25fe4af6d141 hop=1 responders=3 roster=3 retained=0
DBG_GATEWAY_ACK_INPUT type=65 src=0x56da25fe4af6d141 dst=0x9999888877776666 rxseq=56 ackseq=273 len=36 flags=0x14 meta=0
DBG_GATEWAY_ACK_GUARD ms=10 seq=273
DBG_COORD state=idle owner=gateway-ack-immediate-channel9 reason=idle rx=0 tx=0 relay=0 route=0 ack=0 qack=0
DBG_CH9_TX_CONFIG ret=0 now=2823400 earliest=0 msg=32
DBG_GATEWAY_CH9_RX_CONT_RESULT start=2823405 end=2823417 ret=0 fail=0 status=0x00006f00 len=105 frames=1
DBG_UWB_RX_CH9
DBG_GATEWAY_CH9_RX_RELEASE_IDLE
DBG_GATEWAY_RX_DECODE ch=9 msg=0x33 src=0x56da25fe4af6d141 dst=0x9999888877776666 prev=0x56da25fe4af6d141 seq=56 flags=0x04 pl
DBG_UWB_RX_CH9
DBG_MESH_RX_QUEUED ch=9 msg=0x33 src=0x56da25fe4af6d141 dst=0x9999888877776666 prev=0x56da25fe4af6d141 seq=56 q=1
DBG_COORD state=gateway-rx owner=gateway-ch9-continuous-rx reason=gateway-rx rx=1 tx=0 relay=0 route=0 ack=0 qack=0
DBG_MESH_RX_DIRECT_WAIT q=1 reason=gateway-ch9-continuous-rx
DBG_MESH_RX_DIRECT_ENTER q=1 reason=gateway-ch9-continuous-rx
DBG_MESH_RX_DRAIN_ENTER owner=gateway-ch9-continuous-rx q=1
DBG_GATEWAY_ACK_INPUT type=51 src=0x56da25fe4af6d141 dst=0x9999888877776666 rxseq=56 ackseq=274 len=44 flags=0x04 meta=0
DBG_GATEWAY_ACK_GUARD ms=10 seq=274
DBG_STACK_RUN_BEGIN epoch=3875306701518018017 run=69 kind=ble_backpressure owner=system_workqueue queue=1 custody=1 credit=0 retry=0 drain=1 src=11068027678940948070 dst=11068027678940948070 session=38011356 seq=476 type=86 sequence=0 previous=0 uptime=2823429
DBG_STACK_SAMPLE_BEGIN epoch=3875306701518018017 run=69 sample=69 kind=ble_backpressure owner=system_workqueue queue=1 custody=1 credit=0 retry=0 drain=1 src=11068027678940948070 dst=11068027678940948070 session=38011356 seq=476 type=86 uptime=2823429
DBG_STACK_ISR_CONFIG size=8192 run=69 sample=69
DBG_STACK name=BT RX WQ tid=0x2000fe18 used=760 free=776 size=1536 ret=0 run=69 sample=69
DBG_STACK name=mesh_route tid=0x2000d560 used=5888 free=2304 size=8192 ret=0 run=69 sample=69
DBG_STACK name=sysworkq tid=0x20010d70 used=2408 free=2072 size=4480 ret=0 run=69 sample=69
DBG_STACK name=MPSL Work tid=0x20010b28 used=376 free=648 size=1024 ret=0 run=69 sample=69
DBG_STACK name=logging tid=0x2000f920 used=480 free=1568 size=2048 ret=0 run=69 sample=69
DBG_STACK name=idle tid=0x20010c00 used=64 free=256 size=320 ret=0 run=69 sample=69
DBG_STACK_SAMPLE_END run=69 sample=69
DBG_STACK_RUN_END epoch=3875306701518018017 run=69 kind=ble_backpressure owner=system_workqueue outcome=ack queue=1 custody=0 credit=1 retry=0 drain=1 src=11068027678940948070 dst=11068027678940948070 session=38011356 seq=476 type=86 samples=1 sequence=0 previous=0 uptime=2823448
DBG_GATEWAY_CH9_RX_CONT_RESULT start=2823438 end=2823642 ret=-116 fail=0 status=0x00000000 len=0 frames=2
DBG_MESH_RX_WORK_WAIT q=0
DBG_MESH_RX_WORK_ENTER q=0
DBG_MESH_RX_DRAIN_ENTER owner=work q=0
DBG_MESH_RX_DRAIN_EXIT owner=work handled=0 q=0
DBG_MESH_RX_WORK_EXIT handled=0 q=0
DBG_GATEWAY_RX_REARM_RUN delay=0 ret=1 active=1
DBG_COORD state=gateway-rx owner=uwb-rx reason=gateway-rx rx=0 tx=0 relay=0 route=0 ack=0 qack=0
DBG_GATEWAY_CH9_RX_CONT_ARM now=2823643 rem=500 frames=0 errors=0
DBG_GATEWAY_CH9_RX_CONT_RESULT start=2823643 end=2824144 ret=-116 fail=0 status=0x00000000 len=0 frames=0
DBG_GATEWAY_COMMAND_PRIORITY_SUBMIT ret=0 now=2824145
DBG_GATEWAY_CH9_RX_CONT_ARM now=2824146 rem=500 frames=0 errors=0
DBG_GATEWAY_CH9_RX_CONT_RESULT start=2824146 end=2824147 ret=-140 fail=0 status=0x00000000 len=0 frames=0
DBG_GATEWAY_CH9_RX_COMMAND_PREEMPT now=2824148 rem=500 frames=0
DBG_GATEWAY_CH9_RX_CONT_DONE ret=-140 len=0 fail=0 recover=0
DBG_NC o=0000000000000039 g=00000039 w=00 e=0000003c s=00000005 q=0000>0004 r=00000000 f=00000024 t=00000000 p=00000000 a=00
DBG_NODE_COMM_SUBMIT handle=57 profile=6 token=17039417 deadline=2834150
DBG_ENUM_FLOOD kind=2 handle=57
DBG_ENUM_TABLE_TX epoch=38011350 count=3 round=1 ret=0
DBG_NODE_COMM_TX_BEGIN handle=57 profile=6 msg=64 dst=0x0 seq=57
DBG_CONTROL_RX_HANDOFF_READY abort=0
DBG_COORD state=idle owner=c5-flood reason=idle rx=0 tx=0 relay=0 route=0 ack=0 qack=0
DBG_DWM_INVALIDATE tag=configure_radio_from_reset active_phy=3 configured=1 awake=1
DBG_DWM_MARK_UNCONFIGURED tag=initialise_radio prev_phy=0
DBG_DWM_INVALIDATE tag=configure_radio_from_reset active_phy=2 configured=1 awake=0
DBG_DWM_MARK_UNCONFIGURED tag=initialise_radio prev_phy=0
DBG_DWM_WAKE_MESH_CTRL_OK sfd=4073
DBG_C5_TX_CONFIG ret=0 ext=1 len=187 msg=40 reason=bounded-c5-flood
DBG_UWB_TX_CH5
DBG_NC o=0000000000000039 g=00000039 w=00 e=00000022 s=00000005 q=0004>0005 r=00000000 f=00000001 t=00000000 p=00000000 a=00
DBG_NC o=0000000000000039 g=00000039 w=00 e=00000041 s=00000005 q=0005>0008 r=00000000 f=00000026 t=00000000 p=00000001 a=01
DBG_NODE_COMM_ATTEMPT handle=57 profile=6 attempt=1 ret=0 rf=1 scheduled=0 state=0
DBG_GATEWAY_RX_START reason=gateway mesh restart active=1 qrx=0 qtx=0 adv_due=0
DBG_ENUM_RF_RESULT kind=2 handle=57 success=1 reason=0 tries=1
DBG_COORD state=gateway-rx owner=uwb-rx reason=gateway-rx rx=0 tx=0 relay=0 route=0 ack=0 qack=0
DBG_DWM_INVALIDATE tag=configure_radio_from_reset active_phy=4 configured=1 awake=1
DBG_DWM_MARK_UNCONFIGURED tag=initialise_radio prev_phy=0
DBG_GATEWAY_CH9_RX_CONT_ARM now=2824234 rem=500 frames=0 errors=0
DBG_GATEWAY_CH9_RX_CONT_RESULT start=2824234 end=2824663 ret=0 fail=0 status=0x02006f00 len=131 frames=0
DBG_UWB_RX_CH9
DBG_GATEWAY_CH9_RX_RELEASE_IDLE
DBG_GATEWAY_RX_DECODE ch=9 msg=0x41 src=0x708bc0aab970300e dst=0x9999888877776666 prev=0x708bc0aab970300e seq=57 flags=0x14 pl
DBG_UWB_RX_CH9
DBG_MESH_RX_QUEUED ch=9 msg=0x41 src=0x708bc0aab970300e dst=0x9999888877776666 prev=0x708bc0aab970300e seq=57 q=1
DBG_MESH_RX_DIRECT_WAIT q=1 reason=gateway-ch9-continuous-rx
DBG_MESH_RX_DIRECT_ENTER q=1 reason=gateway-ch9-continuous-rx
DBG_MESH_RX_DRAIN_ENTER owner=gateway-ch9-continuous-rx q=1
DBG_ENUM_ADAPTIVE_DEADLINE stage=1 observed_hop=1 next_hop=2 wait=4694 deadline=2829361
DBG_DISCOVERY_SLOT_ACK_RX epoch=38011350 anchor=0x708bc0aab970300e hop=1 acked=1 missing=2
DBG_GATEWAY_ACK_INPUT type=65 src=0x708bc0aab970300e dst=0x9999888877776666 rxseq=57 ackseq=275 len=70 flags=0x14 meta=0
DBG_GATEWAY_ACK_GUARD ms=10 seq=275
DBG_COORD state=idle owner=gateway-ack-immediate-channel9 reason=idle rx=0 tx=0 relay=0 route=0 ack=0 qack=0
DBG_CH9_TX_CONFIG ret=0 now=2824680 earliest=0 msg=32
DBG_CH9_TX_RELEASE_IDLE msg=32 seq=275 reason=gateway-ack-immediate-channel9 ret=0
DBG_UWB_TX_CH9
DBG_GATEWAY_ACK_TX_LED
DBG_GATEWAY_RX_REARM_DEFER delay=0 ret=1 active=1
DBG_GATEWAY_RX_START reason=gateway mesh restart active=1 qrx=0 qtx=0 adv_due=0
DBG_GATEWAY_ACK_SEND ret=0 seq=275 dst=0x708bc0aab970300e next=0x708bc0aab970300e
DBG_MESH_RX_DRAIN_EXIT owner=gateway-ch9-continuous-rx handled=1 q=0
DBG_MESH_RX_DIRECT_EXIT handled=1 q=0 reason=gateway-ch9-continuous-rx
DBG_GATEWAY_CH9_RX_CONT_ARM now=2824686 rem=23 frames=1 errors=0
DBG_GATEWAY_CH9_RX_CONT_RESULT start=2824686 end=2824698 ret=0 fail=0 status=0x00006f00 len=105 frames=1
DBG_UWB_RX_CH9
DBG_GATEWAY_CH9_RX_RELEASE_IDLE
DBG_GATEWAY_RX_DECODE ch=9 msg=0x33 src=0x708bc0aab970300e dst=0x9999888877776666 prev=0x708bc0aab970300e seq=57 flags=0x04 pl
DBG_UWB_RX_CH9
DBG_MESH_RX_QUEUED ch=9 msg=0x33 src=0x708bc0aab970300e dst=0x9999888877776666 prev=0x708bc0aab970300e seq=57 q=1
DBG_MESH_RX_DIRECT_WAIT q=1 reason=gateway-ch9-continuous-rx
DBG_STACK_RUN_BEGIN epoch=3875306701518018017 run=70 kind=ble_backpressure owner=system_workqueue queue=1 custody=1 credit=0 retry=0 drain=1 src=11068027678940948070 dst=11068027678940948070 session=38011359 seq=479 type=86 sequence=0 previous=0 uptime=2824703
DBG_STACK_SAMPLE_BEGIN epoch=3875306701518018017 run=70 sample=70 kind=ble_backpressure owner=system_workqueue queue=1 custody=1 credit=0 retry=0 drain=1 src=11068027678940948070 dst=11068027678940948070 session=38011359 seq=479 type=86 uptime=2824708
DBG_STACK_ISR_CONFIG size=8192 run=70 sample=70
DBG_STACK name=BT RX WQ tid=0x2000fe18 used=760 free=776 size=1536 ret=0 run=70 sample=70
DBG_STACK name=mesh_route tid=0x2000d560 used=5888 free=2304 size=8192 ret=0 run=70 sample=70
DBG_STACK name=sysworkq tid=0x20010d70 used=2408 free=2072 size=4480 ret=0 run=70 sample=70
DBG_STACK name=MPSL Work tid=0x20010b28 used=376 free=648 size=1024 ret=0 run=70 sample=70
DBG_STACK name=logging tid=0x2000f920 used=480 free=1568 size=2048 ret=0 run=70 sample=70
DBG_STACK name=idle tid=0x20010c00 used=64 free=256 size=320 ret=0 run=70 sample=70
DBG_STACK_SAMPLE_END run=70 sample=70
DBG_STACK_RUN_END epoch=3875306701518018017 run=70 kind=ble_backpressure owner=system_workqueue outcome=ack queue=1 custody=0 credit=1 retry=0 drain=1 src=11068027678940948070 dst=11068027678940948070 session=38011359 seq=479 type=86 samples=1 sequence=0 previous=0 uptime=2824734
DBG_GATEWAY_CH9_RX_CONT_RESULT start=2824722 end=2825017 ret=0 fail=0 status=0x00006f00 len=131 frames=0
DBG_UWB_RX_CH9
DBG_GATEWAY_CH9_RX_RELEASE_IDLE
DBG_GATEWAY_RX_DECODE ch=9 msg=0x41 src=0x56da25fe4af6d141 dst=0x9999888877776666 prev=0x56da25fe4af6d141 seq=57 flags=0x14 pl
DBG_UWB_RX_CH9
DBG_MESH_RX_QUEUED ch=9 msg=0x41 src=0x56da25fe4af6d141 dst=0x9999888877776666 prev=0x56da25fe4af6d141 seq=57 q=1
DBG_MESH_RX_DIRECT_WAIT q=1 reason=gateway-ch9-continuous-rx
DBG_MESH_RX_DIRECT_ENTER q=1 reason=gateway-ch9-continuous-rx
DBG_MESH_RX_DRAIN_ENTER owner=gateway-ch9-continuous-rx q=1
DBG_ENUM_ADAPTIVE_DEADLINE stage=1 observed_hop=1 next_hop=2 wait=4694 deadline=2829716
DBG_DISCOVERY_SLOT_ACK_RX epoch=38011350 anchor=0x56da25fe4af6d141 hop=1 acked=2 missing=1
DBG_GATEWAY_ACK_INPUT type=65 src=0x56da25fe4af6d141 dst=0x9999888877776666 rxseq=57 ackseq=277 len=70 flags=0x14 meta=0
DBG_GATEWAY_ACK_GUARD ms=10 seq=277
DBG_COORD state=idle owner=gateway-ack-immediate-channel9 reason=idle rx=0 tx=0 relay=0 route=0 ack=0 qack=0
DBG_CH9_TX_CONFIG ret=0 now=2825035 earliest=0 msg=32
DBG_UWB_TX_CH9
DBG_GATEWAY_ACK_TX_LED
DBG_GATEWAY_CH9_RX_CONT_RESULT start=2825040 end=2825053 ret=0 fail=0 status=0x00006f00 len=105 frames=1
DBG_UWB_RX_CH9
DBG_GATEWAY_CH9_RX_RELEASE_IDLE
DBG_GATEWAY_RX_DECODE ch=9 msg=0x33 src=0x56da25fe4af6d141 dst=0x9999888877776666 prev=0x56da25fe4af6d141 seq=57 flags=0x04 pl
DBG_UWB_RX_CH9
DBG_MESH_RX_QUEUED ch=9 msg=0x33 src=0x56da25fe4af6d141 dst=0x9999888877776666 prev=0x56da25fe4af6d141 seq=57 q=1
DBG_COORD state=gateway-rx owner=gateway-ch9-continuous-rx reason=gateway-rx rx=1 tx=0 relay=0 route=0 ack=0 qack=0
DBG_MESH_RX_DIRECT_WAIT q=1 reason=gateway-ch9-continuous-rx
DBG_MESH_RX_DIRECT_ENTER q=1 reason=gateway-ch9-continuous-rx
DBG_MESH_RX_DRAIN_ENTER owner=gateway-ch9-continuous-rx q=1
DBG_ENUM_ADAPTIVE_DEADLINE stage=1 observed_hop=1 next_hop=2 wait=4700 deadline=2829757
DBG_ENUM_CONFIRM ret=1
DBG_GATEWAY_ACK_INPUT type=51 src=0x56da25fe4af6d141 dst=0x9999888877776666 rxseq=57 ackseq=278 len=44 flags=0x04 meta=0
DBG_GATEWAY_ACK_GUARD ms=10 seq=278
DBG_COORD state=idle owner=gateway-ack-immediate-channel9 reason=idle rx=0 tx=0 relay=0 route=0 ack=0 qack=0
DBG_CH9_TX_CONFIG ret=0 now=2825069 earliest=0 msg=32
DBG_GATEWAY_CH9_RX_CONT_RESULT start=2825074 end=2825220 ret=-116 fail=0 status=0x00000000 len=0 frames=2
DBG_MESH_RX_WORK_WAIT q=0
DBG_MESH_RX_WORK_ENTER q=0
DBG_MESH_RX_DRAIN_ENTER owner=work q=0
DBG_MESH_RX_DRAIN_EXIT owner=work handled=0 q=0
DBG_MESH_RX_WORK_EXIT handled=0 q=0
DBG_GATEWAY_RX_REARM_RUN delay=0 ret=1 active=1
DBG_COORD state=gateway-rx owner=uwb-rx reason=gateway-rx rx=0 tx=0 relay=0 route=0 ack=0 qack=0
DBG_GATEWAY_CH9_RX_CONT_ARM now=2825221 rem=500 frames=0 errors=0
DBG_GATEWAY_CH9_RX_CONT_RESULT start=2825221 end=2825280 ret=0 fail=0 status=0x00006f00 len=131 frames=0
DBG_UWB_RX_CH9
DBG_GATEWAY_CH9_RX_RELEASE_IDLE
DBG_GATEWAY_RX_DECODE ch=9 msg=0x41 src=0x191a9619c6c8cb07 dst=0x9999888877776666 prev=0x191a9619c6c8cb07 seq=57 flags=0x14 pl
DBG_UWB_RX_CH9
DBG_MESH_RX_QUEUED ch=9 msg=0x41 src=0x191a9619c6c8cb07 dst=0x9999888877776666 prev=0x191a9619c6c8cb07 seq=57 q=1
DBG_MESH_RX_DIRECT_WAIT q=1 reason=gateway-ch9-continuous-rx
DBG_MESH_RX_DIRECT_ENTER q=1 reason=gateway-ch9-continuous-rx
DBG_MESH_RX_DRAIN_ENTER owner=gateway-ch9-continuous-rx q=1
DBG_ENUM_ADAPTIVE_DEADLINE stage=1 observed_hop=1 next_hop=2 wait=4694 deadline=2829979
DBG_DISCOVERY_SLOT_ACK_RX epoch=38011350 anchor=0x191a9619c6c8cb07 hop=1 acked=3 missing=0
DBG_GATEWAY_ACK_INPUT type=65 src=0x191a9619c6c8cb07 dst=0x9999888877776666 rxseq=57 ackseq=279 len=70 flags=0x14 meta=0
DBG_GATEWAY_ACK_GUARD ms=10 seq=279
DBG_COORD state=idle owner=gateway-ack-immediate-channel9 reason=idle rx=0 tx=0 relay=0 route=0 ack=0 qack=0
DBG_CH9_TX_CONFIG ret=0 now=2825298 earliest=0 msg=32
DBG_CH9_TX_SEND_AT now=2825298 earliest=0 msg=32 len=105
DBG_CH9_TX_RELEASE_IDLE msg=32 seq=279 reason=gateway-ack-immediate-channel9 ret=0
DBG_UWB_TX_CH9
DBG_GATEWAY_ACK_TX_LED
DBG_GATEWAY_CH9_RX_CONT_RESULT start=2825303 end=2825315 ret=0 fail=0 status=0x00006f00 len=105 frames=1
DBG_UWB_RX_CH9
DBG_GATEWAY_CH9_RX_RELEASE_IDLE
DBG_GATEWAY_RX_DECODE ch=9 msg=0x33 src=0x191a9619c6c8cb07 dst=0x9999888877776666 prev=0x191a9619c6c8cb07 seq=57 flags=0x04 pl
DBG_UWB_RX_CH9
DBG_MESH_RX_QUEUED ch=9 msg=0x33 src=0x191a9619c6c8cb07 dst=0x9999888877776666 prev=0x191a9619c6c8cb07 seq=57 q=1
DBG_COORD state=gateway-rx owner=gateway-ch9-continuous-rx reason=gateway-rx rx=1 tx=0 relay=0 route=0 ack=0 qack=0
DBG_MESH_RX_DIRECT_WAIT q=1 reason=gateway-ch9-continuous-rx
DBG_MESH_RX_DIRECT_ENTER q=1 reason=gateway-ch9-continuous-rx
DBG_MESH_RX_DRAIN_ENTER owner=gateway-ch9-continuous-rx q=1
DBG_ENUM_ADAPTIVE_DEADLINE stage=1 observed_hop=1 next_hop=2 wait=4700 deadline=2830019
DBG_ENUM_CONFIRM ret=1
DBG_GATEWAY_ACK_INPUT type=51 src=0x191a9619c6c8cb07 dst=0x9999888877776666 rxseq=57 ackseq=280 len=44 flags=0x04 meta=0
DBG_GATEWAY_ACK_GUARD ms=10 seq=280
DBG_CH9_TX_RELEASE_IDLE msg=32 seq=280 reason=gateway-ack-immediate-channel9 ret=0
DBG_UWB_TX_CH9
DBG_GATEWAY_ACK_TX_LED
DBG_GATEWAY_RX_REARM_DEFER delay=0 ret=1 active=1
DBG_GATEWAY_RX_START reason=gateway mesh restart active=1 qrx=0 qtx=0 adv_due=0
DBG_GATEWAY_ACK_SEND ret=0 seq=280 dst=0x191a9619c6c8cb07 next=0x191a9619c6c8cb07
DBG_MESH_RX_DRAIN_EXIT owner=gateway-ch9-continuous-rx handled=1 q=0
DBG_MESH_RX_DIRECT_EXIT handled=1 q=0 reason=gateway-ch9-continuous-rx
DBG_GATEWAY_CH9_RX_CONT_ARM now=2825337 rem=384 frames=2 errors=0
DBG_STACK_RUN_BEGIN epoch=3875306701518018017 run=71 kind=ble_backpressure owner=system_workqueue queue=2 custody=2 credit=0 retry=0 drain=2 src=11068027678940948070 dst=11068027678940948070 session=38011360 seq=480 type=86 sequence=0 previous=0 uptime=2825364
DBG_STACK_SAMPLE_BEGIN epoch=3875306701518018017 run=71 sample=71 kind=ble_backpressure owner=system_workqueue queue=2 custody=2 credit=0 retry=0 drain=2 src=11068027678940948070 dst=11068027678940948070 session=38011360 seq=480 type=86 uptime=2825364
DBG_STACK_ISR_CONFIG size=8192 run=71 sample=71
DBG_STACK name=BT RX WQ tid=0x2000fe18 used=760 free=776 size=1536 ret=0 run=71 sample=71
DBG_STACK name=mesh_route tid=0x2000d560 used=5888 free=2304 size=8192 ret=0 run=71 sample=71
DBG_STACK name=sysworkq tid=0x20010d70 used=2408 free=2072 size=4480 ret=0 run=71 sample=71
DBG_STACK name=MPSL Work tid=0x20010b28 used=376 free=648 size=1024 ret=0 run=71 sample=71
DBG_STACK name=logging tid=0x2000f920 used=480 free=1568 size=2048 ret=0 run=71 sample=71
DBG_STACK name=idle tid=0x20010c00 used=64 free=256 size=320 ret=0 run=71 sample=71
DBG_STACK_SAMPLE_END run=71 sample=71
DBG_STACK_RUN_END epoch=3875306701518018017 run=71 kind=ble_backpressure owner=system_workqueue outcome=ack queue=2 custody=0 credit=1 retry=0 drain=2 src=11068027678940948070 dst=11068027678940948070 session=38011360 seq=480 type=86 samples=1 sequence=0 previous=0 uptime=2825381
DBG_GATEWAY_CH9_RX_CONT_RESULT start=2825337 end=2825723 ret=-116 fail=0 status=0x00000000 len=0 frames=2
DBG_MESH_RX_WORK_WAIT q=0
DBG_MESH_RX_WORK_ENTER q=0
DBG_MESH_RX_DRAIN_ENTER owner=work q=0
DBG_MESH_RX_DRAIN_EXIT owner=work handled=0 q=0
DBG_MESH_RX_WORK_EXIT handled=0 q=0
DBG_GATEWAY_RX_REARM_RUN delay=0 ret=1 active=1
DBG_COORD state=gateway-rx owner=uwb-rx reason=gateway-rx rx=0 tx=0 relay=0 route=0 ack=0 qack=0
DBG_GATEWAY_CH9_RX_CONT_ARM now=2825724 rem=500 frames=0 errors=0
DBG_STACK_RUN_BEGIN epoch=3875306701518018017 run=72 kind=ble_backpressure owner=system_workqueue queue=1 custody=1 credit=0 retry=0 drain=1 src=11068027678940948070 dst=11068027678940948070 session=38011361 seq=481 type=86 sequence=0 previous=0 uptime=2826129
DBG_STACK_SAMPLE_BEGIN epoch=3875306701518018017 run=72 sample=72 kind=ble_backpressure owner=system_workqueue queue=1 custody=1 credit=0 retry=0 drain=1 src=11068027678940948070 dst=11068027678940948070 session=38011361 seq=481 type=86 uptime=2826129
DBG_STACK_ISR_CONFIG size=8192 run=72 sample=72
DBG_STACK name=BT RX WQ tid=0x2000fe18 used=760 free=776 size=1536 ret=0 run=72 sample=72
DBG_STACK name=mesh_route tid=0x2000d560 used=5888 free=2304 size=8192 ret=0 run=72 sample=72
DBG_STACK name=sysworkq tid=0x20010d70 used=2408 free=2072 size=4480 ret=0 run=72 sample=72
DBG_STACK name=MPSL Work tid=0x20010b28 used=376 free=648 size=1024 ret=0 run=72 sample=72
DBG_STACK name=logging tid=0x2000f920 used=480 free=1568 size=2048 ret=0 run=72 sample=72
DBG_STACK name=idle tid=0x20010c00 used=64 free=256 size=320 ret=0 run=72 sample=72
DBG_STACK_SAMPLE_END run=72 sample=72
DBG_STACK_RUN_END epoch=3875306701518018017 run=72 kind=ble_backpressure owner=system_workqueue outcome=ack queue=1 custody=0 credit=1 retry=0 drain=1 src=11068027678940948070 dst=11068027678940948070 session=38011361 seq=481 type=86 samples=1 sequence=0 previous=0 uptime=2826152
DBG_GATEWAY_CH9_RX_CONT_RESULT start=2825724 end=2826225 ret=-116 fail=0 status=0x00000000 len=0 frames=0
DBG_NC o=000000000000003a g=0000003a w=00 e=0000003c s=00000005 q=0000>0004 r=00000000 f=00000024 t=00000000 p=00000000 a=00
DBG_NODE_COMM_SUBMIT handle=58 profile=6 token=17039418 deadline=2836226
DBG_ENUM_FLOOD kind=3 handle=58
DBG_ENUM_END_TX epoch=38011350 table_seq=38011357 ret=0
DBG_NODE_COMM_TX_BEGIN handle=58 profile=6 msg=64 dst=0x0 seq=58
DBG_CONTROL_RX_HANDOFF_READY abort=0
DBG_COORD state=idle owner=c5-flood reason=idle rx=0 tx=0 relay=0 route=0 ack=0 qack=0
DBG_DWM_INVALIDATE tag=configure_radio_from_reset active_phy=3 configured=1 awake=1
DBG_DWM_MARK_UNCONFIGURED tag=initialise_radio prev_phy=0
DBG_DWM_INVALIDATE tag=configure_radio_from_reset active_phy=2 configured=1 awake=0
DBG_DWM_MARK_UNCONFIGURED tag=initialise_radio prev_phy=0
DBG_DWM_WAKE_MESH_CTRL_OK sfd=4073
DBG_C5_TX_CONFIG ret=0 ext=1 len=169 msg=40 reason=bounded-c5-flood
DBG_UWB_TX_CH5
DBG_NC o=000000000000003a g=0000003a w=00 e=00000022 s=00000005 q=0004>0005 r=00000000 f=00000001 t=00000000 p=00000000 a=00
DBG_NC o=000000000000003a g=0000003a w=00 e=00000041 s=00000005 q=0005>0008 r=00000000 f=00000026 t=00000000 p=00000001 a=01
DBG_NODE_COMM_ATTEMPT handle=58 profile=6 attempt=1 ret=0 rf=1 scheduled=0 state=0
DBG_GATEWAY_RX_START reason=gateway mesh restart active=1 qrx=0 qtx=0 adv_due=0
DBG_ENUM_RF_RESULT kind=3 handle=58 success=1 reason=0 tries=1
DBG_COORD state=gateway-rx owner=uwb-rx reason=gateway-rx rx=0 tx=0 relay=0 route=0 ack=0 qack=0
DBG_DWM_INVALIDATE tag=configure_radio_from_reset active_phy=4 configured=1 awake=1
DBG_DWM_MARK_UNCONFIGURED tag=initialise_radio prev_phy=0
DBG_GATEWAY_CH9_RX_CONT_ARM now=2826311 rem=500 frames=0 errors=0
DBG_STACK_RUN_BEGIN epoch=3875306701518018017 run=73 kind=ble_backpressure owner=system_workqueue queue=2 custody=2 credit=0 retry=0 drain=2 src=11068027678940948070 dst=11068027678940948070 session=38011364 seq=484 type=86 sequence=0 previous=0 uptime=2826669
DBG_STACK_SAMPLE_BEGIN epoch=3875306701518018017 run=73 sample=73 kind=ble_backpressure owner=system_workqueue queue=2 custody=2 credit=0 retry=0 drain=2 src=11068027678940948070 dst=11068027678940948070 session=38011364 seq=484 type=86 uptime=2826669
DBG_STACK_ISR_CONFIG size=8192 run=73 sample=73
DBG_STACK name=BT RX WQ tid=0x2000fe18 used=760 free=776 size=1536 ret=0 run=73 sample=73
DBG_STACK name=mesh_route tid=0x2000d560 used=5888 free=2304 size=8192 ret=0 run=73 sample=73
DBG_STACK name=sysworkq tid=0x20010d70 used=2408 free=2072 size=4480 ret=0 run=73 sample=73
DBG_STACK name=MPSL Work tid=0x20010b28 used=376 free=648 size=1024 ret=0 run=73 sample=73
DBG_STACK name=logging tid=0x2000f920 used=480 free=1568 size=2048 ret=0 run=73 sample=73
DBG_STACK name=idle tid=0x20010c00 used=64 free=256 size=320 ret=0 run=73 sample=73
DBG_STACK_SAMPLE_END run=73 sample=73
DBG_STACK_RUN_END epoch=3875306701518018017 run=73 kind=ble_backpressure owner=system_workqueue outcome=ack queue=2 custody=0 credit=1 retry=0 drain=2 src=11068027678940948070 dst=11068027678940948070 session=38011364 seq=484 type=86 samples=1 sequence=0 previous=0 uptime=2826687
DBG_GATEWAY_CH9_RX_CONT_RESULT start=2826311 end=2826812 ret=-116 fail=0 status=0x02000000 len=0 frames=0
DBG_GATEWAY_CH9_RX_CONT_ARM now=2826814 rem=500 frames=0 errors=0
DBG_GATEWAY_CH9_RX_CONT_RESULT start=2826814 end=2827315 ret=-116 fail=0 status=0x00000000 len=0 frames=0
DBG_GATEWAY_CH9_RX_CONT_ARM now=2827317 rem=500 frames=0 errors=0
DBG_STACK_RUN_BEGIN epoch=3875306701518018017 run=74 kind=ble_backpressure owner=system_workqueue queue=2 custody=2 credit=0 retry=0 drain=2 src=11068027678940948070 dst=11068027678940948070 session=1118729485 seq=29965 type=65 sequence=0 previous=0 uptime=2827344
DBG_STACK_SAMPLE_BEGIN epoch=3875306701518018017 run=74 sample=74 kind=ble_backpressure owner=system_workqueue queue=2 custody=2 credit=0 retry=0 drain=2 src=11068027678940948070 dst=11068027678940948070 session=1118729485 seq=29965 type=65 uptime=2827344
DBG_STACK_ISR_CONFIG size=8192 run=74 sample=74
DBG_STACK name=BT RX WQ tid=0x2000fe18 used=760 free=776 size=1536 ret=0 run=74 sample=74
DBG_STACK name=mesh_route tid=0x2000d560 used=5888 free=2304 size=8192 ret=0 run=74 sample=74
DBG_STACK name=sysworkq tid=0x20010d70 used=2408 free=2072 size=4480 ret=0 run=74 sample=74
DBG_STACK name=MPSL Work tid=0x20010b28 used=376 free=648 size=1024 ret=0 run=74 sample=74
DBG_STACK name=logging tid=0x2000f920 used=480 free=1568 size=2048 ret=0 run=74 sample=74
DBG_STACK name=idle tid=0x20010c00 used=64 free=256 size=320 ret=0 run=74 sample=74
DBG_STACK_SAMPLE_END run=74 sample=74
DBG_STACK_RUN_END epoch=3875306701518018017 run=74 kind=ble_backpressure owner=system_workqueue outcome=ack queue=2 custody=0 credit=1 retry=0 drain=2 src=11068027678940948070 dst=11068027678940948070 session=1118729485 seq=29965 type=65 samples=1 sequence=0 previous=0 uptime=2827363
DBG_GATEWAY_CH9_RX_CONT_RESULT start=2827317 end=2827818 ret=-116 fail=0 status=0x00000000 len=0 frames=0
DBG_GATEWAY_CH9_RX_CONT_ARM now=2827820 rem=500 frames=0 errors=0
DBG_STACK_RUN_BEGIN epoch=3875306701518018017 run=75 kind=ble_backpressure owner=system_workqueue queue=1 custody=1 credit=0 retry=0 drain=1 src=11068027678940948070 dst=11068027678940948070 session=38011365 seq=485 type=86 sequence=0 previous=0 uptime=2827973
DBG_STACK_SAMPLE_BEGIN epoch=3875306701518018017 run=75 sample=75 kind=ble_backpressure owner=system_workqueue queue=1 custody=1 credit=0 retry=0 drain=1 src=11068027678940948070 dst=11068027678940948070 session=38011365 seq=485 type=86 uptime=2827974
DBG_STACK_ISR_CONFIG size=8192 run=75 sample=75
DBG_STACK name=BT RX WQ tid=0x2000fe18 used=760 free=776 size=1536 ret=0 run=75 sample=75
DBG_STACK name=mesh_route tid=0x2000d560 used=5888 free=2304 size=8192 ret=0 run=75 sample=75
DBG_STACK name=sysworkq tid=0x20010d70 used=2408 free=2072 size=4480 ret=0 run=75 sample=75
DBG_STACK name=MPSL Work tid=0x20010b28 used=376 free=648 size=1024 ret=0 run=75 sample=75
DBG_STACK name=logging tid=0x2000f920 used=480 free=1568 size=2048 ret=0 run=75 sample=75
DBG_STACK name=idle tid=0x20010c00 used=64 free=256 size=320 ret=0 run=75 sample=75
DBG_STACK_SAMPLE_END run=75 sample=75
DBG_STACK_RUN_END epoch=3875306701518018017 run=75 kind=ble_backpressure owner=system_workqueue outcome=ack queue=1 custody=0 credit=1 retry=0 drain=1 src=11068027678940948070 dst=11068027678940948070 session=38011365 seq=485 type=86 samples=1 sequence=0 previous=0 uptime=2827984
DBG_GATEWAY_CH9_RX_CONT_RESULT start=2827820 end=2828321 ret=-116 fail=0 status=0x00000000 len=0 frames=0
DBG_GATEWAY_CH9_RX_CONT_ARM now=2828323 rem=500 frames=0 errors=0
DBG_STACK_RUN_BEGIN epoch=3875306701518018017 run=76 kind=ble_backpressure owner=system_workqueue queue=1 custody=1 credit=0 retry=0 drain=1 src=11068027678940948070 dst=11068027678940948070 session=38011366 seq=486 type=86 sequence=0 previous=0 uptime=2828604
DBG_STACK_SAMPLE_BEGIN epoch=3875306701518018017 run=76 sample=76 kind=ble_backpressure owner=system_workqueue queue=1 custody=1 credit=0 retry=0 drain=1 src=11068027678940948070 dst=11068027678940948070 session=38011366 seq=486 type=86 uptime=2828604
DBG_STACK_ISR_CONFIG size=8192 run=76 sample=76
DBG_STACK name=BT RX WQ tid=0x2000fe18 used=760 free=776 size=1536 ret=0 run=76 sample=76
DBG_STACK name=mesh_route tid=0x2000d560 used=5888 free=2304 size=8192 ret=0 run=76 sample=76
DBG_STACK name=sysworkq tid=0x20010d70 used=2408 free=2072 size=4480 ret=0 run=76 sample=76
DBG_STACK name=MPSL Work tid=0x20010b28 used=376 free=648 size=1024 ret=0 run=76 sample=76
DBG_STACK name=logging tid=0x2000f920 used=480 free=1568 size=2048 ret=0 run=76 sample=76
DBG_STACK name=idle tid=0x20010c00 used=64 free=256 size=320 ret=0 run=76 sample=76
DBG_STACK_SAMPLE_END run=76 sample=76
DBG_STACK_RUN_END epoch=3875306701518018017 run=76 kind=ble_backpressure owner=system_workqueue outcome=ack queue=1 custody=0 credit=1 retry=0 drain=1 src=11068027678940948070 dst=11068027678940948070 session=38011366 seq=486 type=86 samples=1 sequence=0 previous=0 uptime=2828621
DBG_GATEWAY_CH9_RX_CONT_RESULT start=2828323 end=2828824 ret=-116 fail=0 status=0x00000000 len=0 frames=0
DBG_GATEWAY_CH9_RX_CONT_ARM now=2828826 rem=500 frames=0 errors=0
DBG_STACK_RUN_BEGIN epoch=3875306701518018017 run=77 kind=ble_backpressure owner=system_workqueue queue=1 custody=1 credit=0 retry=0 drain=1 src=11068027678940948070 dst=11068027678940948070 session=38011367 seq=487 type=86 sequence=0 previous=0 uptime=2829234
DBG_STACK_SAMPLE_BEGIN epoch=3875306701518018017 run=77 sample=77 kind=ble_backpressure owner=system_workqueue queue=1 custody=1 credit=0 retry=0 drain=1 src=11068027678940948070 dst=11068027678940948070 session=38011367 seq=487 type=86 uptime=2829234
DBG_STACK_ISR_CONFIG size=8192 run=77 sample=77
DBG_STACK name=BT RX WQ tid=0x2000fe18 used=760 free=776 size=1536 ret=0 run=77 sample=77
DBG_STACK name=mesh_route tid=0x2000d560 used=5888 free=2304 size=8192 ret=0 run=77 sample=77
DBG_STACK name=sysworkq tid=0x20010d70 used=2408 free=2072 size=4480 ret=0 run=77 sample=77
DBG_STACK name=MPSL Work tid=0x20010b28 used=376 free=648 size=1024 ret=0 run=77 sample=77
DBG_STACK name=logging tid=0x2000f920 used=480 free=1568 size=2048 ret=0 run=77 sample=77
DBG_STACK name=idle tid=0x20010c00 used=64 free=256 size=320 ret=0 run=77 sample=77
DBG_STACK_SAMPLE_END run=77 sample=77
DBG_STACK_RUN_END epoch=3875306701518018017 run=77 kind=ble_backpressure owner=system_workqueue outcome=ack queue=1 custody=0 credit=1 retry=0 drain=1 src=11068027678940948070 dst=11068027678940948070 session=38011367 seq=487 type=86 samples=1 sequence=0 previous=0 uptime=2829252
DBG_GATEWAY_CH9_RX_CONT_RESULT start=2828826 end=2829327 ret=-116 fail=0 status=0x00000000 len=0 frames=0
DBG_GATEWAY_CH9_RX_CONT_ARM now=2829329 rem=500 frames=0 errors=0
DBG_STACK_RUN_BEGIN epoch=3875306701518018017 run=78 kind=ble_backpressure owner=system_workqueue queue=1 custody=1 credit=0 retry=0 drain=1 src=11068027678940948070 dst=11068027678940948070 session=38011368 seq=488 type=86 sequence=0 previous=0 uptime=2829819
DBG_STACK_SAMPLE_BEGIN epoch=3875306701518018017 run=78 sample=78 kind=ble_backpressure owner=system_workqueue queue=1 custody=1 credit=0 retry=0 drain=1 src=11068027678940948070 dst=11068027678940948070 session=38011368 seq=488 type=86 uptime=2829819
DBG_STACK_ISR_CONFIG size=8192 run=78 sample=78
DBG_STACK name=BT RX WQ tid=0x2000fe18 used=760 free=776 size=1536 ret=0 run=78 sample=78
DBG_STACK name=mesh_route tid=0x2000d560 used=5888 free=2304 size=8192 ret=0 run=78 sample=78
DBG_STACK name=sysworkq tid=0x20010d70 used=2408 free=2072 size=4480 ret=0 run=78 sample=78
DBG_STACK name=MPSL Work tid=0x20010b28 used=376 free=648 size=1024 ret=0 run=78 sample=78
DBG_STACK name=logging tid=0x2000f920 used=480 free=1568 size=2048 ret=0 run=78 sample=78
DBG_STACK name=idle tid=0x20010c00 used=64 free=256 size=320 ret=0 run=78 sample=78
DBG_STACK_SAMPLE_END run=78 sample=78
DBG_STACK_RUN_END epoch=3875306701518018017 run=78 kind=ble_backpressure owner=system_workqueue outcome=ack queue=1 custody=0 credit=1 retry=0 drain=1 src=11068027678940948070 dst=11068027678940948070 session=38011368 seq=488 type=86 samples=1 sequence=0 previous=0 uptime=2829841
DBG_STACK_RUN_BEGIN epoch=3875306701518018017 run=79 kind=ble_backpressure owner=system_workqueue queue=1 custody=1 credit=0 retry=0 drain=1 src=11068027678940948070 dst=11068027678940948070 session=38011369 seq=489 type=86 sequence=0 previous=0 uptime=2830314
DBG_STACK_SAMPLE_BEGIN epoch=3875306701518018017 run=79 sample=79 kind=ble_backpressure owner=system_workqueue queue=1 custody=1 credit=0 retry=0 drain=1 src=11068027678940948070 dst=11068027678940948070 session=38011369 seq=489 type=86 uptime=2830314
DBG_STACK_ISR_CONFIG size=8192 run=79 sample=79
DBG_STACK name=BT RX WQ tid=0x2000fe18 used=760 free=776 size=1536 ret=0 run=79 sample=79
DBG_STACK name=mesh_route tid=0x2000d560 used=5888 free=2304 size=8192 ret=0 run=79 sample=79
DBG_STACK name=sysworkq tid=0x20010d70 used=2408 free=2072 size=4480 ret=0 run=79 sample=79
DBG_STACK name=MPSL Work tid=0x20010b28 used=376 free=648 size=1024 ret=0 run=79 sample=79
DBG_STACK name=logging tid=0x2000f920 used=480 free=1568 size=2048 ret=0 run=79 sample=79
DBG_STACK name=idle tid=0x20010c00 used=64 free=256 size=320 ret=0 run=79 sample=79
DBG_STACK_SAMPLE_END run=79 sample=79
DBG_STACK_RUN_END epoch=3875306701518018017 run=79 kind=ble_backpressure owner=system_workqueue outcome=ack queue=1 custody=0 credit=1 retry=0 drain=1 src=11068027678940948070 dst=11068027678940948070 session=38011369 seq=489 type=86 samples=1 sequence=0 previous=0 uptime=2830332
DBG_GATEWAY_CH9_RX_CONT_RESULT start=2829832 end=2830333 ret=-116 fail=0 status=0x00000000 len=0 frames=0
DBG_GATEWAY_CH9_RX_CONT_ARM now=2830335 rem=500 frames=0 errors=0
DBG_GATEWAY_CH9_RX_CONT_RESULT start=2830335 end=2830836 ret=-116 fail=0 status=0x00000000 len=0 frames=0
DBG_GATEWAY_CH9_RX_CONT_ARM now=2830838 rem=500 frames=0 errors=0
DBG_GATEWAY_CH9_RX_CONT_RESULT start=2830838 end=2831339 ret=-116 fail=0 status=0x00000000 len=0 frames=0
DBG_GATEWAY_CH9_RX_CONT_ARM now=2831344 rem=500 frames=0 errors=0
DBG_GATEWAY_CH9_RX_CONT_RESULT start=2831344 end=2831845 ret=-116 fail=0 status=0x00000000 len=0 frames=0
DBG_GATEWAY_CH9_RX_CONT_ARM now=2831847 rem=500 frames=0 errors=0
DBG_GATEWAY_CH9_RX_CONT_RESULT start=2831847 end=2832348 ret=-116 fail=0 status=0x00000000 len=0 frames=0
DBG_GATEWAY_CH9_RX_CONT_ARM now=2832350 rem=500 frames=0 errors=0
DBG_GATEWAY_CH9_RX_CONT_RESULT start=2832350 end=2832851 ret=-116 fail=0 status=0x00000000 len=0 frames=0
DBG_GATEWAY_CH9_RX_CONT_ARM now=2832853 rem=500 frames=0 errors=0
DBG_GATEWAY_CH9_RX_CONT_RESULT start=2832853 end=2833354 ret=-116 fail=0 status=0x00000000 len=0 frames=0
DBG_GATEWAY_CH9_RX_CONT_ARM now=2833356 rem=500 frames=0 errors=0
DBG_GATEWAY_BLE event=disconnected reason=19 uptime=2833507
DBG_GATEWAY_BLE event=recovery round=1 delay_ms=457 reason=disconnected uptime=2833507
DBG_GATEWAY_CH9_RX_CONT_RESULT start=2833356 end=2833857 ret=-116 fail=0 status=0x00000000 len=0 frames=0
DBG_GATEWAY_CH9_RX_CONT_ARM now=2833859 rem=500 frames=0 errors=0
DBG_GATEWAY_CH9_RX_CONT_RESULT start=2833859 end=2834360 ret=-116 fail=0 status=0x00000000 len=0 frames=0
DBG_GATEWAY_CH9_RX_CONT_ARM now=2834362 rem=500 frames=0 errors=0
