BLE_CONNECTED gateway_id=0x9999888877776666 command=monitor
BLE_CHUNK len=244 hex=475701280101000020240100a85edce958f8c0da3b3a6d0f666677778888999900000000dc0024db0b082dab38516a30c2c10a0858f8c0da3b3a6d0f161858f8c0da3b3a6d0fe3640ad62b129996ae4a1008b5f535ea060401001301a90101aa01010708671e0400000000000c04400100000f02040025105201000049010000320100003401000028040001020329201a240400000000007c24040000000000df2404000000000043250400000000003404010100133304060000003502e8803602900138043746840f3904060000003a04060000003b04000000003c04000000003d0201004201054d02df004e04b11600000d
BLE_CHUNK len=16 hex=01642401a52606833c006c4000210100
BLE_PACKET type=0x20 src=0x0f6d3a3bdac0f858 dst=0x9999888877776666 session=3923533480 seq=1 payload=0b082dab38516a30c2c10a0858f8c0da3b3a6d0f161858f8c0da3b3a6d0fe3640ad62b129996ae4a1008b5f535ea060401001301a90101aa01010708671e0400000000000c04400100000f02040025105201000049010000320100003401000028040001020329201a240400000000007c24040000000000df2404000000000043250400000000003404010100133304060000003502e8803602900138043746840f3904060000003a04060000003b04000000003c04000000003d0201004201054d02df004e04b11600000d01642401a52606833c006c4000210100
BLE_HOST_RECEIPT type=0x20 src=0x0f6d3a3bdac0f858 session=3923533480 seq=1
BLE_CHUNK len=244 hex=475701280101000020240100a85edce9ae4a1008b5f535ea666677778888999900000000dc007d020b082dab38516a30c2c10a08ae4a1008b5f535ea161858f8c0da3b3a6d0fe3640ad62b129996ae4a1008b5f535ea060401001301a90101aa01010708eb170400000000000c04630200000f02040025107a0200006202000049020000670200002804000102032920bf1d040000000000221e040000000000851e040000000000e71e0400000000003404010100133304060000003502e88036029001380421ee27023904060000003a04060000003b04000000003c04000000003d0201004201054d0242004e04d90600000d
BLE_CHUNK len=16 hex=01642401a42606e780ff3c79ff210100
BLE_PACKET type=0x20 src=0xea35f5b508104aae dst=0x9999888877776666 session=3923533480 seq=1 payload=0b082dab38516a30c2c10a08ae4a1008b5f535ea161858f8c0da3b3a6d0fe3640ad62b129996ae4a1008b5f535ea060401001301a90101aa01010708eb170400000000000c04630200000f02040025107a0200006202000049020000670200002804000102032920bf1d040000000000221e040000000000851e040000000000e71e0400000000003404010100133304060000003502e88036029001380421ee27023904060000003a04060000003b04000000003c04000000003d0201004201054d0242004e04d90600000d01642401a42606e780ff3c79ff210100
BLE_HOST_RECEIPT type=0x20 src=0xea35f5b508104aae session=3923533480 seq=1
BLE_CHUNK len=244 hex=475701280101000020240100a85edce9e3640ad62b129996666677778888999900000000dc00437a0b082dab38516a30c2c10a08e3640ad62b129996161858f8c0da3b3a6d0fe3640ad62b129996ae4a1008b5f535ea060401001301a90101aa010107081a1b0400000000000c04e50100000f020400251009020000b6010000c90100000d02000028040001020329200f210400000000007221040000000000d52104000000000038220400000000003404010100133304060000003502e880360290013804d6defc023904060000003a04060000003b04000000003c04000000003d0201004201054d02fdff4e0457ffffff0d
BLE_CHUNK len=16 hex=01642401a526063554ffcf6000210100
BLE_PACKET type=0x20 src=0x9699122bd60a64e3 dst=0x9999888877776666 session=3923533480 seq=1 payload=0b082dab38516a30c2c10a08e3640ad62b129996161858f8c0da3b3a6d0fe3640ad62b129996ae4a1008b5f535ea060401001301a90101aa010107081a1b0400000000000c04e50100000f020400251009020000b6010000c90100000d02000028040001020329200f210400000000007221040000000000d52104000000000038220400000000003404010100133304060000003502e880360290013804d6defc023904060000003a04060000003b04000000003c04000000003d0201004201054d02fdff4e0457ffffff0d01642401a526063554ffcf6000210100
BLE_HOST_RECEIPT type=0x20 src=0x9699122bd60a64e3 session=3923533480 seq=1
BLE_CHUNK len=244 hex=475701280101000020240100ab8da1b858f8c0da3b3a6d0f666677778888999900000000dc00f1e70b082dab38516a30c2c10a0858f8c0da3b3a6d0f161858f8c0da3b3a6d0fe3640ad62b129996ae4a1008b5f535ea060402001301a90101aa010107089b320400000000000c04560100000f02040025105f0100005c010000540100004701000028040001020329205438040000000000b6380400000000001a390400000000007d390400000000003404010200133304060000003502e8803602900138042e02b00f3904060000003a04060000003b04000000003c04000000003d0201004201054d02e1004e04da1600000d
BLE_CHUNK len=16 hex=01642401a52606b3d2ffcdd8ff210100
BLE_PACKET type=0x20 src=0x0f6d3a3bdac0f858 dst=0x9999888877776666 session=3097595307 seq=1 payload=0b082dab38516a30c2c10a0858f8c0da3b3a6d0f161858f8c0da3b3a6d0fe3640ad62b129996ae4a1008b5f535ea060402001301a90101aa010107089b320400000000000c04560100000f02040025105f0100005c010000540100004701000028040001020329205438040000000000b6380400000000001a390400000000007d390400000000003404010200133304060000003502e8803602900138042e02b00f3904060000003a04060000003b04000000003c04000000003d0201004201054d02e1004e04da1600000d01642401a52606b3d2ffcdd8ff210100
BLE_HOST_RECEIPT type=0x20 src=0x0f6d3a3bdac0f858 session=3097595307 seq=1
BLE_CHUNK len=244 hex=475701280101000020240100ab8da1b8ae4a1008b5f535ea666677778888999901000000dc0044900b082dab38516a30c2c10a08ae4a1008b5f535ea161858f8c0da3b3a6d0fe3640ad62b129996ae4a1008b5f535ea060402001301a90101aa010107081f2c0400000000000c047a0200000f02040025108102000057020000860200008b0200002804000102032920f9310400000000005c32040000000000be3204000000000021330400000000003404010200133304060000003502e880360290013804cce553023904060000003a04060000003b04000000003c04000000003d0201004201054d0248004e041f0700000d
BLE_CHUNK len=16 hex=01642401a3260606c500af9900210100
BLE_PACKET type=0x20 src=0xea35f5b508104aae dst=0x9999888877776666 session=3097595307 seq=1 payload=0b082dab38516a30c2c10a08ae4a1008b5f535ea161858f8c0da3b3a6d0fe3640ad62b129996ae4a1008b5f535ea060402001301a90101aa010107081f2c0400000000000c047a0200000f02040025108102000057020000860200008b0200002804000102032920f9310400000000005c32040000000000be3204000000000021330400000000003404010200133304060000003502e880360290013804cce553023904060000003a04060000003b04000000003c04000000003d0201004201054d0248004e041f0700000d01642401a3260606c500af9900210100
BLE_HOST_RECEIPT type=0x20 src=0xea35f5b508104aae session=3097595307 seq=1
BLE_CHUNK len=244 hex=475701280101000020240100ab8da1b8e3640ad62b129996666677778888999900000000dc004fcd0b082dab38516a30c2c10a08e3640ad62b129996161858f8c0da3b3a6d0fe3640ad62b129996ae4a1008b5f535ea060402001301a90101aa010107084e2f0400000000000c04e30100000f020400251019020000d2010000d8010000ca01000028040001020329204935040000000000ac350400000000000f3604000000000071360400000000003404010200133304060000003502e880360290013804da7030033904060000003a04060000003b04000000003c04000000003d0201004201054d02fcff4e04f3ffffff0d
BLE_CHUNK len=16 hex=01642401a52606f38aff78e100210100
BLE_PACKET type=0x20 src=0x9699122bd60a64e3 dst=0x9999888877776666 session=3097595307 seq=1 payload=0b082dab38516a30c2c10a08e3640ad62b129996161858f8c0da3b3a6d0fe3640ad62b129996ae4a1008b5f535ea060402001301a90101aa010107084e2f0400000000000c04e30100000f020400251019020000d2010000d8010000ca01000028040001020329204935040000000000ac350400000000000f3604000000000071360400000000003404010200133304060000003502e880360290013804da7030033904060000003a04060000003b04000000003c04000000003d0201004201054d02fcff4e04f3ffffff0d01642401a52606f38aff78e100210100
BLE_HOST_RECEIPT type=0x20 src=0x9699122bd60a64e3 session=3097595307 seq=1
BLE_CHUNK len=244 hex=47570128010100002024010046407ab258f8c0da3b3a6d0f666677778888999900000000dc0004800b082dab38516a30c2c10a0858f8c0da3b3a6d0f161858f8c0da3b3a6d0fe3640ad62b129996ae4a1008b5f535ea060403001301a90101aa01010708cc460400000000000c04dc0100000f0204002510d1010000e7010000dd010000dc01000028040001020329207e4c040000000000e14c040000000000444d040000000000a74d0400000000003404010300133304060000003502e880360290013804746cd50f3904060000003a04060000003b04000000003c04000000003d0201004201054d02e2004e04121700000d
BLE_CHUNK len=16 hex=01642401a32606a170fff76eff210100
BLE_PACKET type=0x20 src=0x0f6d3a3bdac0f858 dst=0x9999888877776666 session=2994356294 seq=1 payload=0b082dab38516a30c2c10a0858f8c0da3b3a6d0f161858f8c0da3b3a6d0fe3640ad62b129996ae4a1008b5f535ea060403001301a90101aa01010708cc460400000000000c04dc0100000f0204002510d1010000e7010000dd010000dc01000028040001020329207e4c040000000000e14c040000000000444d040000000000a74d0400000000003404010300133304060000003502e880360290013804746cd50f3904060000003a04060000003b04000000003c04000000003d0201004201054d02e2004e04121700000d01642401a32606a170fff76eff210100
BLE_HOST_RECEIPT type=0x20 src=0x0f6d3a3bdac0f858 session=2994356294 seq=1
BLE_CHUNK len=244 hex=47570128010100002024010046407ab2ae4a1008b5f535ea666677778888999900000000dc0090750b082dab38516a30c2c10a08ae4a1008b5f535ea161858f8c0da3b3a6d0fe3640ad62b129996ae4a1008b5f535ea060403001301a90101aa0101070850400400000000000c045b0200000f02040025105e0200007f0200004002000050020000280400010203292023460400000000008646040000000000e9460400000000004c470400000000003404010300133304060000003502e8803602900138043c9280023904060000003a04060000003b04000000003c04000000003d0201004201054d0246004e04160700000d
BLE_CHUNK len=16 hex=01642401a426064a9300268200210100
BLE_PACKET type=0x20 src=0xea35f5b508104aae dst=0x9999888877776666 session=2994356294 seq=1 payload=0b082dab38516a30c2c10a08ae4a1008b5f535ea161858f8c0da3b3a6d0fe3640ad62b129996ae4a1008b5f535ea060403001301a90101aa0101070850400400000000000c045b0200000f02040025105e0200007f0200004002000050020000280400010203292023460400000000008646040000000000e9460400000000004c470400000000003404010300133304060000003502e8803602900138043c9280023904060000003a04060000003b04000000003c04000000003d0201004201054d0246004e04160700000d01642401a426064a9300268200210100
BLE_HOST_RECEIPT type=0x20 src=0xea35f5b508104aae session=2994356294 seq=1
BLE_CHUNK len=244 hex=47570128010100002024010046407ab2e3640ad62b129996666677778888999901000000dc003c610b082dab38516a30c2c10a08e3640ad62b129996161858f8c0da3b3a6d0fe3640ad62b129996ae4a1008b5f535ea060403001301a90101aa010107087f430400000000000c04d80100000f0204002510c6010000a7010000f4010000ff01000028040001020329207349040000000000d649040000000000394a0400000000009c4a0400000000003404010300133304060000003502e8803602900138044a5662033904060000003a04060000003b04000000003c04000000003d0201004201054d0200004e04d4ffffff0d
BLE_CHUNK len=16 hex=01642401a52606af73ff93d0ff210100
BLE_PACKET type=0x20 src=0x9699122bd60a64e3 dst=0x9999888877776666 session=2994356294 seq=1 payload=0b082dab38516a30c2c10a08e3640ad62b129996161858f8c0da3b3a6d0fe3640ad62b129996ae4a1008b5f535ea060403001301a90101aa010107087f430400000000000c04d80100000f0204002510c6010000a7010000f4010000ff01000028040001020329207349040000000000d649040000000000394a0400000000009c4a0400000000003404010300133304060000003502e8803602900138044a5662033904060000003a04060000003b04000000003c04000000003d0201004201054d0200004e04d4ffffff0d01642401a52606af73ff93d0ff210100
BLE_HOST_RECEIPT type=0x20 src=0x9699122bd60a64e3 session=2994356294 seq=1
BLE_CHUNK len=244 hex=47570128010100002024010051a8b43058f8c0da3b3a6d0f666677778888999900000000dc009fc80b082dab38516a30c2c10a0858f8c0da3b3a6d0f161858f8c0da3b3a6d0fe3640ad62b129996ae4a1008b5f535ea060404001301a90101aa01010708d55a0400000000000c04560100000f0204002510620100005b0100004d0100004d01000028040001020329208760040000000000e9600400000000004c61040000000000af610400000000003404010400133304060000003502e880360290013804eda400103904060000003a04060000003b04000000003c04000000003d0201004201054d02e1004e040e1700000d
BLE_CHUNK len=16 hex=01642401a526060ca1006343ff210100
BLE_PACKET type=0x20 src=0x0f6d3a3bdac0f858 dst=0x9999888877776666 session=817145937 seq=1 payload=0b082dab38516a30c2c10a0858f8c0da3b3a6d0f161858f8c0da3b3a6d0fe3640ad62b129996ae4a1008b5f535ea060404001301a90101aa01010708d55a0400000000000c04560100000f0204002510620100005b0100004d0100004d01000028040001020329208760040000000000e9600400000000004c61040000000000af610400000000003404010400133304060000003502e880360290013804eda400103904060000003a04060000003b04000000003c04000000003d0201004201054d02e1004e040e1700000d01642401a526060ca1006343ff210100
BLE_HOST_RECEIPT type=0x20 src=0x0f6d3a3bdac0f858 session=817145937 seq=1
BLE_CHUNK len=244 hex=47570128010100002024010051a8b430e3640ad62b129996666677778888999900000000dc0030bf0b082dab38516a30c2c10a08e3640ad62b129996161858f8c0da3b3a6d0fe3640ad62b129996ae4a1008b5f535ea060404001301a90101aa0101070887570400000000000c04d30100000f0204002510c2010000dc010000dd010000cf01000028040001020329207b5d040000000000de5d040000000000415e040000000000a45e0400000000003404010400133304060000003502e88036029001380452178f033904060000003a04060000003b04000000003c04000000003d0201004201054d0202004e04040000000d
BLE_CHUNK len=16 hex=01642401a52606b54800f2eaff210100
BLE_PACKET type=0x20 src=0x9699122bd60a64e3 dst=0x9999888877776666 session=817145937 seq=1 payload=0b082dab38516a30c2c10a08e3640ad62b129996161858f8c0da3b3a6d0fe3640ad62b129996ae4a1008b5f535ea060404001301a90101aa0101070887570400000000000c04d30100000f0204002510c2010000dc010000dd010000cf01000028040001020329207b5d040000000000de5d040000000000415e040000000000a45e0400000000003404010400133304060000003502e88036029001380452178f033904060000003a04060000003b04000000003c04000000003d0201004201054d0202004e04040000000d01642401a52606b54800f2eaff210100
BLE_HOST_RECEIPT type=0x20 src=0x9699122bd60a64e3 session=817145937 seq=1
BLE_CHUNK len=244 hex=47570128010100002024010051a8b430ae4a1008b5f535ea666677778888999900000000dc0070120b082dab38516a30c2c10a08ae4a1008b5f535ea161858f8c0da3b3a6d0fe3640ad62b129996ae4a1008b5f535ea060404001301a90101aa0101070858540400000000000c045c0200000f02040025106d02000067020000490200005302000028040001020329202b5a0400000000008e5a040000000000f15a040000000000535b0400000000003404010400133304060000003502e88036029001380468c6ac023904060000003a04060000003b04000000003c04000000003d0201004201054d0247004e04630700000d
BLE_CHUNK len=16 hex=01642401a42606514200d24000210100
BLE_PACKET type=0x20 src=0xea35f5b508104aae dst=0x9999888877776666 session=817145937 seq=1 payload=0b082dab38516a30c2c10a08ae4a1008b5f535ea161858f8c0da3b3a6d0fe3640ad62b129996ae4a1008b5f535ea060404001301a90101aa0101070858540400000000000c045c0200000f02040025106d02000067020000490200005302000028040001020329202b5a0400000000008e5a040000000000f15a040000000000535b0400000000003404010400133304060000003502e88036029001380468c6ac023904060000003a04060000003b04000000003c04000000003d0201004201054d0247004e04630700000d01642401a42606514200d24000210100
BLE_HOST_RECEIPT type=0x20 src=0xea35f5b508104aae session=817145937 seq=1
BLE_CHUNK len=244 hex=475701280101000020240100ec5a8d2a58f8c0da3b3a6d0f666677778888999900000000dc005a5b0b082dab38516a30c2c10a0858f8c0da3b3a6d0f161858f8c0da3b3a6d0fe3640ad62b129996ae4a1008b5f535ea060405001301a90101aa010107080c6f0400000000000c044d0100000f02040025104e010000560100003b010000540100002804000102032920ff800400000000006281040000000000c58104000000000028820400000000003404010500133304060000003502e880360290013804496e3e103904060000003a04060000003b04000000003c04000000003d0201004201054d02e1004e04e61600000d
BLE_CHUNK len=16 hex=01642401a526068d2e00864000210100
BLE_PACKET type=0x20 src=0x0f6d3a3bdac0f858 dst=0x9999888877776666 session=713906924 seq=1 payload=0b082dab38516a30c2c10a0858f8c0da3b3a6d0f161858f8c0da3b3a6d0fe3640ad62b129996ae4a1008b5f535ea060405001301a90101aa010107080c6f0400000000000c044d0100000f02040025104e010000560100003b010000540100002804000102032920ff800400000000006281040000000000c58104000000000028820400000000003404010500133304060000003502e880360290013804496e3e103904060000003a04060000003b04000000003c04000000003d0201004201054d02e1004e04e61600000d01642401a526068d2e00864000210100
BLE_HOST_RECEIPT type=0x20 src=0x0f6d3a3bdac0f858 session=713906924 seq=1
BLE_CHUNK len=244 hex=475701280101000020240100ec5a8d2aae4a1008b5f535ea666677778888999900000000dc0006da0b082dab38516a30c2c10a08ae4a1008b5f535ea161858f8c0da3b3a6d0fe3640ad62b129996ae4a1008b5f535ea060405001301a90101aa0101070890680400000000000c045e0200000f0204002510580200006002000038020000880200002804000102032920a47a040000000000077b0400000000006a7b040000000000cd7b0400000000003404010500133304060000003502e880360290013804a6d8eb023904060000003a04060000003b04000000003c04000000003d0201004201054d0249004e040c0700000d
BLE_CHUNK len=16 hex=01642401a32606829b00324bff210100
BLE_PACKET type=0x20 src=0xea35f5b508104aae dst=0x9999888877776666 session=713906924 seq=1 payload=0b082dab38516a30c2c10a08ae4a1008b5f535ea161858f8c0da3b3a6d0fe3640ad62b129996ae4a1008b5f535ea060405001301a90101aa0101070890680400000000000c045e0200000f0204002510580200006002000038020000880200002804000102032920a47a040000000000077b0400000000006a7b040000000000cd7b0400000000003404010500133304060000003502e880360290013804a6d8eb023904060000003a04060000003b04000000003c04000000003d0201004201054d0249004e040c0700000d01642401a32606829b00324bff210100
BLE_HOST_RECEIPT type=0x20 src=0xea35f5b508104aae session=713906924 seq=1
BLE_CHUNK len=244 hex=475701280101000020240100ef8952f958f8c0da3b3a6d0f666677778888999900000000dc00f0970b082dab38516a30c2c10a0858f8c0da3b3a6d0f161858f8c0da3b3a6d0fe3640ad62b129996ae4a1008b5f535ea060406001301a90101aa0101070839830400000000000c04e70100000f0204002510ec010000f7010000e6010000d30100002804000102032920e2940400000000004595040000000000a9950400000000000b960400000000003404010600133304060000003502e8803602900138049b1877103904060000003a04060000003b04000000003c04000000003d0201004201054d02e3004e04d71600000d
BLE_CHUNK len=16 hex=01642401a326061745ffa33800210100
BLE_PACKET type=0x20 src=0x0f6d3a3bdac0f858 dst=0x9999888877776666 session=4182936047 seq=1 payload=0b082dab38516a30c2c10a0858f8c0da3b3a6d0f161858f8c0da3b3a6d0fe3640ad62b129996ae4a1008b5f535ea060406001301a90101aa0101070839830400000000000c04e70100000f0204002510ec010000f7010000e6010000d30100002804000102032920e2940400000000004595040000000000a9950400000000000b960400000000003404010600133304060000003502e8803602900138049b1877103904060000003a04060000003b04000000003c04000000003d0201004201054d02e3004e04d71600000d01642401a326061745ffa33800210100
BLE_HOST_RECEIPT type=0x20 src=0x0f6d3a3bdac0f858 session=4182936047 seq=1
BLE_CHUNK len=244 hex=475701280101000020240100ec5a8d2ae3640ad62b129996666677778888999900000000dc009a930b082dab38516a30c2c10a08e3640ad62b129996161858f8c0da3b3a6d0fe3640ad62b129996ae4a1008b5f535ea060405001301a90101aa01010708c06b0400000000000c04c60100000f0204002510a0010000df010000c3010000d50100002804000102032920f47d040000000000577e040000000000ba7e0400000000001d7f0400000000003404010500133304060000003502e8803602900138048254c2033904060000003a04060000003b04000000003c04000000003d0201004201054d02fdff4e04faffffff0d
BLE_CHUNK len=16 hex=01642401a5260681a6fff34000210100
BLE_PACKET type=0x20 src=0x9699122bd60a64e3 dst=0x9999888877776666 session=713906924 seq=1 payload=0b082dab38516a30c2c10a08e3640ad62b129996161858f8c0da3b3a6d0fe3640ad62b129996ae4a1008b5f535ea060405001301a90101aa01010708c06b0400000000000c04c60100000f0204002510a0010000df010000c3010000d50100002804000102032920f47d040000000000577e040000000000ba7e0400000000001d7f0400000000003404010500133304060000003502e8803602900138048254c2033904060000003a04060000003b04000000003c04000000003d0201004201054d02fdff4e04faffffff0d01642401a5260681a6fff34000210100
BLE_HOST_RECEIPT type=0x20 src=0x9699122bd60a64e3 session=713906924 seq=1
BLE_CHUNK len=244 hex=475701280101000020240100ef8952f9e3640ad62b129996666677778888999900000000dc00527b0b082dab38516a30c2c10a08e3640ad62b129996161858f8c0da3b3a6d0fe3640ad62b129996ae4a1008b5f535ea060406001301a90101aa01010708ed7f0400000000000c04d10100000f0204002510dc010000d7010000d3010000bf0100002804000102032920d7910400000000003a920400000000009d9204000000000000930400000000003404010600133304060000003502e88036029001380434e3f4033904060000003a04060000003b04000000003c04000000003d0201004201054d0204004e041e0000000d
BLE_CHUNK len=16 hex=01642401a5260654da00215300210100
BLE_PACKET type=0x20 src=0x9699122bd60a64e3 dst=0x9999888877776666 session=4182936047 seq=1 payload=0b082dab38516a30c2c10a08e3640ad62b129996161858f8c0da3b3a6d0fe3640ad62b129996ae4a1008b5f535ea060406001301a90101aa01010708ed7f0400000000000c04d10100000f0204002510dc010000d7010000d3010000bf0100002804000102032920d7910400000000003a920400000000009d9204000000000000930400000000003404010600133304060000003502e88036029001380434e3f4033904060000003a04060000003b04000000003c04000000003d0201004201054d0204004e041e0000000d01642401a5260654da00215300210100
BLE_HOST_RECEIPT type=0x20 src=0x9699122bd60a64e3 session=4182936047 seq=1
BLE_CHUNK len=244 hex=4757012801010000202401008a3c2bf358f8c0da3b3a6d0f666677778888999900000000dc00d7a80b082dab38516a30c2c10a0858f8c0da3b3a6d0f161858f8c0da3b3a6d0fe3640ad62b129996ae4a1008b5f535ea060407001301a90101aa0101070857970400000000000c04ec0100000f0204002510ec010000e8010000ee010000ee010000280400010203292005b004000000000069b0040000000000cbb00400000000002eb10400000000003404010700133304060000003502e8803602900138043b13b9103904060000003a04060000003b04000000003c04000000003d0201004201054d02e4004e040c1700000d
BLE_CHUNK len=16 hex=01642401a32606ff0eff9ad900210100
BLE_PACKET type=0x20 src=0x0f6d3a3bdac0f858 dst=0x9999888877776666 session=4079697034 seq=1 payload=0b082dab38516a30c2c10a0858f8c0da3b3a6d0f161858f8c0da3b3a6d0fe3640ad62b129996ae4a1008b5f535ea060407001301a90101aa0101070857970400000000000c04ec0100000f0204002510ec010000e8010000ee010000ee010000280400010203292005b004000000000069b0040000000000cbb00400000000002eb10400000000003404010700133304060000003502e8803602900138043b13b9103904060000003a04060000003b04000000003c04000000003d0201004201054d02e4004e040c1700000d01642401a32606ff0eff9ad900210100
BLE_HOST_RECEIPT type=0x20 src=0x0f6d3a3bdac0f858 session=4079697034 seq=1
BLE_CHUNK len=244 hex=475701280101000020240100ef8952f9ae4a1008b5f535ea666677778888999900000000dc00fa240b082dab38516a30c2c10a08ae4a1008b5f535ea161858f8c0da3b3a6d0fe3640ad62b129996ae4a1008b5f535ea060406001301a90101aa01010708bd7c0400000000000c04500200000f0204002510490200003f02000066020000520200002804000102032920878e040000000000ea8e0400000000004d8f040000000000b08f0400000000003404010600133304060000003502e880360290013804b0101c033904060000003a04060000003b04000000003c04000000003d0201004201054d0247004e04100700000d
BLE_CHUNK len=16 hex=01642401a42606b36dfff07fff210100
BLE_PACKET type=0x20 src=0xea35f5b508104aae dst=0x9999888877776666 session=4182936047 seq=1 payload=0b082dab38516a30c2c10a08ae4a1008b5f535ea161858f8c0da3b3a6d0fe3640ad62b129996ae4a1008b5f535ea060406001301a90101aa01010708bd7c0400000000000c04500200000f0204002510490200003f02000066020000520200002804000102032920878e040000000000ea8e0400000000004d8f040000000000b08f0400000000003404010600133304060000003502e880360290013804b0101c033904060000003a04060000003b04000000003c04000000003d0201004201054d0247004e04100700000d01642401a42606b36dfff07fff210100
BLE_HOST_RECEIPT type=0x20 src=0xea35f5b508104aae session=4182936047 seq=1
BLE_CHUNK len=244 hex=4757012801010000202401008a3c2bf3ae4a1008b5f535ea666677778888999901000000dc00d57a0b082dab38516a30c2c10a08ae4a1008b5f535ea161858f8c0da3b3a6d0fe3640ad62b129996ae4a1008b5f535ea060407001301a90101aa01010708db900400000000000c046a0200000f0204002510650200005b0200007f020000690200002804000102032920aaa90400000000000daa04000000000070aa040000000000d2aa0400000000003404010700133304060000003502e8803602900138040aa15e033904060000003a04060000003b04000000003c04000000003d0201004201054d0249004e04730700000d
BLE_CHUNK len=16 hex=01642401a326063bb500866900210100
BLE_PACKET type=0x20 src=0xea35f5b508104aae dst=0x9999888877776666 session=4079697034 seq=1 payload=0b082dab38516a30c2c10a08ae4a1008b5f535ea161858f8c0da3b3a6d0fe3640ad62b129996ae4a1008b5f535ea060407001301a90101aa01010708db900400000000000c046a0200000f0204002510650200005b0200007f020000690200002804000102032920aaa90400000000000daa04000000000070aa040000000000d2aa0400000000003404010700133304060000003502e8803602900138040aa15e033904060000003a04060000003b04000000003c04000000003d0201004201054d0249004e04730700000d01642401a326063bb500866900210100
BLE_HOST_RECEIPT type=0x20 src=0xea35f5b508104aae session=4079697034 seq=1
BLE_CHUNK len=244 hex=475701280101000020240100b5f1b43158f8c0da3b3a6d0f666677778888999900000000dc00b4f50b082dab38516a30c2c10a0858f8c0da3b3a6d0f161858f8c0da3b3a6d0fe3640ad62b129996ae4a1008b5f535ea060408001301a90101aa0101070871ab0400000000000c04520100000f0204002510560100004501000054010000590100002804000102032920a5c404000000000008c50400000000006cc5040000000000cfc50400000000003404010800133304060000003502e8803602900138048d5df9103904060000003a04060000003b04000000003c04000000003d0201004201054d02e2004e041e1700000d
BLE_CHUNK len=16 hex=01642401a5260647bfff04c4ff210100
BLE_PACKET type=0x20 src=0x0f6d3a3bdac0f858 dst=0x9999888877776666 session=833941941 seq=1 payload=0b082dab38516a30c2c10a0858f8c0da3b3a6d0f161858f8c0da3b3a6d0fe3640ad62b129996ae4a1008b5f535ea060408001301a90101aa0101070871ab0400000000000c04520100000f0204002510560100004501000054010000590100002804000102032920a5c404000000000008c50400000000006cc5040000000000cfc50400000000003404010800133304060000003502e8803602900138048d5df9103904060000003a04060000003b04000000003c04000000003d0201004201054d02e2004e041e1700000d01642401a5260647bfff04c4ff210100
BLE_HOST_RECEIPT type=0x20 src=0x0f6d3a3bdac0f858 session=833941941 seq=1
BLE_CHUNK len=244 hex=475701280101000020240100b5f1b431ae4a1008b5f535ea666677778888999900000000dc0037240b082dab38516a30c2c10a08ae4a1008b5f535ea161858f8c0da3b3a6d0fe3640ad62b129996ae4a1008b5f535ea060408001301a90101aa01010708f5a40400000000000c04750200000f02040025107002000060020000a10200006402000028040001020329204abe040000000000adbe04000000000010bf04000000000073bf0400000000003404010800133304060000003502e880360290013804da5980033904060000003a04060000003b04000000003c04000000003d0201004201054d024b004e048a0700000d
BLE_CHUNK len=16 hex=01642401a42606a8e0ffd6c5ff210100
BLE_PACKET type=0x20 src=0xea35f5b508104aae dst=0x9999888877776666 session=833941941 seq=1 payload=0b082dab38516a30c2c10a08ae4a1008b5f535ea161858f8c0da3b3a6d0fe3640ad62b129996ae4a1008b5f535ea060408001301a90101aa01010708f5a40400000000000c04750200000f02040025107002000060020000a10200006402000028040001020329204abe040000000000adbe04000000000010bf04000000000073bf0400000000003404010800133304060000003502e880360290013804da5980033904060000003a04060000003b04000000003c04000000003d0201004201054d024b004e048a0700000d01642401a42606a8e0ffd6c5ff210100
BLE_HOST_RECEIPT type=0x20 src=0xea35f5b508104aae session=833941941 seq=1
BLE_CHUNK len=244 hex=475701280101000020240100b5f1b431e3640ad62b129996666677778888999900000000dc00abe40b082dab38516a30c2c10a08e3640ad62b129996161858f8c0da3b3a6d0fe3640ad62b129996ae4a1008b5f535ea060408001301a90101aa0101070824a80400000000000c043e0200000f02040025103b02000060020000460200001702000028040001020329209ac1040000000000fdc104000000000060c2040000000000c3c20400000000003404010800133304060000003502e880360290013804f5b65b043904060000003a04060000003b04000000003c04000000003d0201004201054d0202004e04520000000d
BLE_CHUNK len=16 hex=01642401a326060418ff4283ff210100
BLE_PACKET type=0x20 src=0x9699122bd60a64e3 dst=0x9999888877776666 session=833941941 seq=1 payload=0b082dab38516a30c2c10a08e3640ad62b129996161858f8c0da3b3a6d0fe3640ad62b129996ae4a1008b5f535ea060408001301a90101aa0101070824a80400000000000c043e0200000f02040025103b02000060020000460200001702000028040001020329209ac1040000000000fdc104000000000060c2040000000000c3c20400000000003404010800133304060000003502e880360290013804f5b65b043904060000003a04060000003b04000000003c04000000003d0201004201054d0202004e04520000000d01642401a326060418ff4283ff210100
BLE_HOST_RECEIPT type=0x20 src=0x9699122bd60a64e3 session=833941941 seq=1
BLE_CHUNK len=244 hex=47570128010100002024170030573e6b58f8c0da3b3a6d0f666677778888999900000000dc001a110b082dab38516a30c2c10a0858f8c0da3b3a6d0f161858f8c0da3b3a6d0fe3640ad62b129996ae4a1008b5f535ea060409001301a90103aa01010708a1bf0400000000000c04df0100000f0204002510c8010000e1010000de010000f30100002804000102032920d1fc04000000000035fd04000000000097fd040000000000fafd0400000000003404030900133304060000003502e880360290013804518d87113904060000003a04060000003b04000000003c04000000003d0201004201054d02e2004e04f91600000d
BLE_CHUNK len=16 hex=01642401a32606ea5cfff96dff210100
BLE_PACKET type=0x20 src=0x0f6d3a3bdac0f858 dst=0x9999888877776666 session=1799247664 seq=23 payload=0b082dab38516a30c2c10a0858f8c0da3b3a6d0f161858f8c0da3b3a6d0fe3640ad62b129996ae4a1008b5f535ea060409001301a90103aa01010708a1bf0400000000000c04df0100000f0204002510c8010000e1010000de010000f30100002804000102032920d1fc04000000000035fd04000000000097fd040000000000fafd0400000000003404030900133304060000003502e880360290013804518d87113904060000003a04060000003b04000000003c04000000003d0201004201054d02e2004e04f91600000d01642401a32606ea5cfff96dff210100
BLE_HOST_RECEIPT type=0x20 src=0x0f6d3a3bdac0f858 session=1799247664 seq=23
BLE_CHUNK len=244 hex=47570128010100002024170030573e6bae4a1008b5f535ea666677778888999901000000dc00e3ba0b082dab38516a30c2c10a08ae4a1008b5f535ea161858f8c0da3b3a6d0fe3640ad62b129996ae4a1008b5f535ea060409001301a90103aa0101070825b90400000000000c04540200000f02040025108a0200002b0200004c0200004e020000280400010203292076f6040000000000d9f60400000000003cf7040000000000a0f70400000000003404030900133304060000003502e88036029001380460b818043904060000003a04060000003b04000000003c04000000003d0201004201054d0246004e04250700000d
BLE_CHUNK len=16 hex=01642401a326069370ff5e91ff210100
BLE_PACKET type=0x20 src=0xea35f5b508104aae dst=0x9999888877776666 session=1799247664 seq=23 payload=0b082dab38516a30c2c10a08ae4a1008b5f535ea161858f8c0da3b3a6d0fe3640ad62b129996ae4a1008b5f535ea060409001301a90103aa0101070825b90400000000000c04540200000f02040025108a0200002b0200004c0200004e020000280400010203292076f6040000000000d9f60400000000003cf7040000000000a0f70400000000003404030900133304060000003502e88036029001380460b818043904060000003a04060000003b04000000003c04000000003d0201004201054d0246004e04250700000d01642401a326069370ff5e91ff210100
BLE_HOST_RECEIPT type=0x20 src=0xea35f5b508104aae session=1799247664 seq=23
BLE_CHUNK len=244 hex=47570128010100002024170030573e6be3640ad62b129996666677778888999900000000df008de20b082dab38516a30c2c10a08e3640ad62b129996161858f8c0da3b3a6d0fe3640ad62b129996ae4a1008b5f535ea060409001301a90103aa0101070854bc0400000000000c04d70100000f0204002510ff010000c9010000d7010000be0100002804000102032920c6f904000000000029fa0400000000008cfa040000000000f0fa0400000000003404030900133304060000003502e880360290013804656097043904060000003a04060000003b04000000003c04000000003d0201004201054d0202004e04540000000d
BLE_CHUNK len=19 hex=01642401a32606111d01ae3500210100cd0101
BLE_PACKET type=0x20 src=0x9699122bd60a64e3 dst=0x9999888877776666 session=1799247664 seq=23 payload=0b082dab38516a30c2c10a08e3640ad62b129996161858f8c0da3b3a6d0fe3640ad62b129996ae4a1008b5f535ea060409001301a90103aa0101070854bc0400000000000c04d70100000f0204002510ff010000c9010000d7010000be0100002804000102032920c6f904000000000029fa0400000000008cfa040000000000f0fa0400000000003404030900133304060000003502e880360290013804656097043904060000003a04060000003b04000000003c04000000003d0201004201054d0202004e04540000000d01642401a32606111d01ae3500210100cd0101
BLE_HOST_RECEIPT type=0x20 src=0x9699122bd60a64e3 session=1799247664 seq=23
BLE_CHUNK len=244 hex=4757012801010000202401008a3c2bf3e3640ad62b129996666677778888999900000000dc00e2560b082dab38516a30c2c10a08e3640ad62b129996161858f8c0da3b3a6d0fe3640ad62b129996ae4a1008b5f535ea060407001301a90101aa010107080a940400000000000c04cf0100000f0204002510c9010000cb010000d0010000d60100002804000102032920faac0400000000005dad040000000000c0ad04000000000024ae0400000000003404010700133304060000003502e8803602900138047a2125043904060000003a04060000003b04000000003c04000000003d0201004201054d0200004e040b0000000d
BLE_CHUNK len=16 hex=01642401a52606c32400a323ff210100
BLE_PACKET type=0x20 src=0x9699122bd60a64e3 dst=0x9999888877776666 session=4079697034 seq=1 payload=0b082dab38516a30c2c10a08e3640ad62b129996161858f8c0da3b3a6d0fe3640ad62b129996ae4a1008b5f535ea060407001301a90101aa010107080a940400000000000c04cf0100000f0204002510c9010000cb010000d0010000d60100002804000102032920faac0400000000005dad040000000000c0ad04000000000024ae0400000000003404010700133304060000003502e8803602900138047a2125043904060000003a04060000003b04000000003c04000000003d0201004201054d0200004e040b0000000d01642401a52606c32400a323ff210100
BLE_HOST_RECEIPT type=0x20 src=0x9699122bd60a64e3 session=4079697034 seq=1
BLE_CHUNK len=244 hex=4757012801010000202401001339b47958f8c0da3b3a6d0f666677778888999901000000dc0007c50b082dab38516a30c2c10a0858f8c0da3b3a6d0f161858f8c0da3b3a6d0fe3640ad62b129996ae4a1008b5f535ea06040a001301a90101aa01010708f9d30400000000000c04520100000f02040025105701000057010000440100005401000028040001020329205d16050000000000c016050000000000221705000000000085170500000000003404010a00133304060000003502e8803602900138045f38d8113904060000003a04060000003b04000000003c04000000003d0201004201054d02e5004e042b1700000d
BLE_CHUNK len=16 hex=01642401a52606aa7bffde54ff210100
BLE_PACKET type=0x20 src=0x0f6d3a3bdac0f858 dst=0x9999888877776666 session=2041854227 seq=1 payload=0b082dab38516a30c2c10a0858f8c0da3b3a6d0f161858f8c0da3b3a6d0fe3640ad62b129996ae4a1008b5f535ea06040a001301a90101aa01010708f9d30400000000000c04520100000f02040025105701000057010000440100005401000028040001020329205d16050000000000c016050000000000221705000000000085170500000000003404010a00133304060000003502e8803602900138045f38d8113904060000003a04060000003b04000000003c04000000003d0201004201054d02e5004e042b1700000d01642401a52606aa7bffde54ff210100
BLE_HOST_RECEIPT type=0x20 src=0x0f6d3a3bdac0f858 session=2041854227 seq=1
BLE_CHUNK len=244 hex=4757012801010000202401001339b479e3640ad62b129996666677778888999900000000dc001b170b082dab38516a30c2c10a08e3640ad62b129996161858f8c0da3b3a6d0fe3640ad62b129996ae4a1008b5f535ea06040a001301a90101aa01010708abd00400000000000c04e20100000f0204002510da010000d5010000d10100000902000028040001020329205113050000000000b41305000000000018140500000000007b140500000000003404010a00133304060000003502e8803602900138046eb8b2043904060000003a04060000003b04000000003c04000000003d0201004201054d0204004e040a0000000d
BLE_CHUNK len=16 hex=01642401a526066d770063c5ff210100
BLE_PACKET type=0x20 src=0x9699122bd60a64e3 dst=0x9999888877776666 session=2041854227 seq=1 payload=0b082dab38516a30c2c10a08e3640ad62b129996161858f8c0da3b3a6d0fe3640ad62b129996ae4a1008b5f535ea06040a001301a90101aa01010708abd00400000000000c04e20100000f0204002510da010000d5010000d10100000902000028040001020329205113050000000000b41305000000000018140500000000007b140500000000003404010a00133304060000003502e8803602900138046eb8b2043904060000003a04060000003b04000000003c04000000003d0201004201054d0204004e040a0000000d01642401a526066d770063c5ff210100
BLE_HOST_RECEIPT type=0x20 src=0x9699122bd60a64e3 session=2041854227 seq=1
BLE_CHUNK len=244 hex=4757012801010000202401001339b479ae4a1008b5f535ea666677778888999900000000dc0051490b082dab38516a30c2c10a08ae4a1008b5f535ea161858f8c0da3b3a6d0fe3640ad62b129996ae4a1008b5f535ea06040a001301a90101aa010107087ccd0400000000000c04650200000f020400251056020000af0200004602000049020000280400010203292001100500000000006510050000000000c8100500000000002a110500000000003404010a00133304060000003502e88036029001380430e55e043904060000003a04060000003b04000000003c04000000003d0201004201054d024a004e04440700000d
BLE_CHUNK len=16 hex=01642401a4260623f7ffec2f00210100
BLE_PACKET type=0x20 src=0xea35f5b508104aae dst=0x9999888877776666 session=2041854227 seq=1 payload=0b082dab38516a30c2c10a08ae4a1008b5f535ea161858f8c0da3b3a6d0fe3640ad62b129996ae4a1008b5f535ea06040a001301a90101aa010107087ccd0400000000000c04650200000f020400251056020000af0200004602000049020000280400010203292001100500000000006510050000000000c8100500000000002a110500000000003404010a00133304060000003502e88036029001380430e55e043904060000003a04060000003b04000000003c04000000003d0201004201054d024a004e04440700000d01642401a4260623f7ffec2f00210100
BLE_HOST_RECEIPT type=0x20 src=0xea35f5b508104aae session=2041854227 seq=1
Traceback (most recent call last):
  File "/home/tommie/Projects/IMEC2/firmware/scripts/provision_mesh_anchor.py", line 666, in _ble_client_session
    yield client
  File "/home/tommie/Projects/IMEC2/firmware/scripts/provision_mesh_anchor.py", line 1664, in run
    await await_transport_duration(
    ...<3 lines>...
    )
  File "/home/tommie/Projects/IMEC2/firmware/scripts/provision_mesh_anchor.py", line 1219, in await_transport_duration
    await wait_for_event_before(transport_failed, deadline, label)
  File "/home/tommie/Projects/IMEC2/firmware/scripts/provision_mesh_anchor.py", line 1154, in wait_for_event_before
    done, _pending = await asyncio.wait(
                     ^^^^^^^^^^^^^^^^^^^
    ...<3 lines>...
    )
    ^
  File "/home/tommie/.local/share/uv/python/cpython-3.13.11-linux-x86_64-gnu/lib/python3.13/asyncio/tasks.py", line 451, in wait
    return await _wait(fs, timeout, return_when, loop)
           ^^^^^^^^^^^^^^^^^^^^^^^^^^^^^^^^^^^^^^^^^^^
  File "/home/tommie/.local/share/uv/python/cpython-3.13.11-linux-x86_64-gnu/lib/python3.13/asyncio/tasks.py", line 537, in _wait
    await waiter
asyncio.exceptions.CancelledError

During handling of the above exception, another exception occurred:

Traceback (most recent call last):
  File "/home/tommie/Projects/IMEC2/firmware/scripts/provision_mesh_anchor.py", line 1843, in <module>
    main()
    ~~~~^^
  File "/home/tommie/Projects/IMEC2/firmware/scripts/provision_mesh_anchor.py", line 1835, in main
    asyncio.run(run(args))
    ~~~~~~~~~~~^^^^^^^^^^^
  File "/home/tommie/.local/share/uv/python/cpython-3.13.11-linux-x86_64-gnu/lib/python3.13/asyncio/runners.py", line 195, in run
    return runner.run(main)
           ~~~~~~~~~~^^^^^^
  File "/home/tommie/.local/share/uv/python/cpython-3.13.11-linux-x86_64-gnu/lib/python3.13/asyncio/runners.py", line 118, in run
    return self._loop.run_until_complete(task)
           ~~~~~~~~~~~~~~~~~~~~~~~~~~~~~^^^^^^
  File "/home/tommie/.local/share/uv/python/cpython-3.13.11-linux-x86_64-gnu/lib/python3.13/asyncio/base_events.py", line 725, in run_until_complete
    return future.result()
           ~~~~~~~~~~~~~^^
  File "/home/tommie/Projects/IMEC2/firmware/scripts/provision_mesh_anchor.py", line 1300, in run
    async with _ble_client_session(
               ~~~~~~~~~~~~~~~~~~~^
        gateway_target,
        ^^^^^^^^^^^^^^^
        timeout=args.connect_timeout,
        ^^^^^^^^^^^^^^^^^^^^^^^^^^^^^
        disconnected_callback=on_disconnect,
        ^^^^^^^^^^^^^^^^^^^^^^^^^^^^^^^^^^^^
    ) as client:
    ^
  File "/home/tommie/.local/share/uv/python/cpython-3.13.11-linux-x86_64-gnu/lib/python3.13/contextlib.py", line 235, in __aexit__
    await self.gen.athrow(value)
  File "/home/tommie/Projects/IMEC2/firmware/scripts/provision_mesh_anchor.py", line 665, in _ble_client_session
    async with BleakClient(*args, **kwargs) as client:
               ~~~~~~~~~~~^^^^^^^^^^^^^^^^^
  File "/home/tommie/Projects/IMEC2/.venv/lib/python3.13/site-packages/bleak/__init__.py", line 567, in __aexit__
    await self.disconnect()
  File "/home/tommie/Projects/IMEC2/.venv/lib/python3.13/site-packages/bleak/__init__.py", line 588, in disconnect
    await self._backend.disconnect()
  File "/home/tommie/Projects/IMEC2/.venv/lib/python3.13/site-packages/bleak/backends/bluezdbus/client.py", line 452, in disconnect
    reply = await self._bus.call(
            ^^^^^^^^^^^^^^^^^^^^^
    ...<6 lines>...
    )
    ^
  File "/home/tommie/Projects/IMEC2/.venv/lib/python3.13/site-packages/dbus_fast/aio/message_bus.py", line 478, in call
    await future
  File "src/dbus_fast/aio/message_reader.py", line 25, in dbus_fast.aio.message_reader._message_reader
  File "src/dbus_fast/_private/unmarshaller.py", line 1042, in dbus_fast._private.unmarshaller.Unmarshaller._unmarshall
  File "src/dbus_fast/_private/unmarshaller.py", line 879, in dbus_fast._private.unmarshaller.Unmarshaller._read_header
  File "src/dbus_fast/_private/unmarshaller.py", line 518, in dbus_fast._private.unmarshaller.Unmarshaller._read_to_pos
  File "src/dbus_fast/_private/unmarshaller.py", line 458, in dbus_fast._private.unmarshaller.Unmarshaller._read_sock_with_fds
EOFError
