[34m0000528[0m [36mI[0m Target type is nrf52833 [2m[board][0m
[34m0000570[0m [36mI[0m Performing connect pre-reset [2m[coresight_target][0m
[34m0000774[0m [36mI[0m DP IDR = 0x2ba01477 (v1 rev2) [2m[dap][0m
[34m0000779[0m [36mI[0m AHB-AP#0 IDR = 0x24770011 (AHB-AP var1 rev2) [2m[discovery][0m
[34m0000780[0m [36mI[0m AP#1 IDR = 0x02880000 (AP var0 rev0) [2m[discovery][0m
[34m0000781[0m [36mI[0m NRF52833 not in secure state [2m[target_nRF52][0m
[34m0000784[0m [36mI[0m AHB-AP#0 Class 0x1 ROM table #0 @ 0xe00ff000 (designer=244 part=00d) [2m[rom_table][0m
[34m0000787[0m [36mI[0m [0]<e000e000:SCS v7-M class=14 designer=43b:Arm part=00c> [2m[rom_table][0m
[34m0000789[0m [36mI[0m [1]<e0001000:DWT v7-M class=14 designer=43b:Arm part=002> [2m[rom_table][0m
[34m0000790[0m [36mI[0m [2]<e0002000:FPB v7-M class=14 designer=43b:Arm part=003> [2m[rom_table][0m
[34m0000792[0m [36mI[0m [3]<e0000000:ITM v7-M class=14 designer=43b:Arm part=001> [2m[rom_table][0m
[34m0000794[0m [36mI[0m [4]<e0040000:TPIU M4 class=9 designer=43b:Arm part=9a1 devtype=11 archid=0000 devid=ca1:0:0> [2m[rom_table][0m
[34m0000797[0m [36mI[0m [5]<e0041000:ETM M4 class=9 designer=43b:Arm part=925 devtype=13 archid=0000 devid=0:0:0> [2m[rom_table][0m
[34m0000800[0m [36mI[0m CPU core #0: Cortex-M4 r0p1, v7.0-M architecture [2m[cortex_m][0m
[34m0000800[0m [36mI[0m   Extensions: [DSP, FPU, FPU_V4, MPU] [2m[cortex_m][0m
[34m0000800[0m [36mI[0m   FPU present: FPv4-SP-D16-M [2m[cortex_m][0m
[34m0000803[0m [36mI[0m This appears to be an nRF52833 AA B0 [2m[target_nRF52][0m
[34m0000808[0m [36mI[0m 4 hardware watchpoints [2m[dwt][0m
[34m0000809[0m [36mI[0m 6 hardware breakpoints, 4 literal comparators [2m[fpb][0m
[34m0000828[0m [36mI[0m 3 up channels and 3 down channels found [2m[rtt_cmd][0m
[34m0000828[0m [36mI[0m Reading from up channel 0 ("Terminal") [2m[rtt_cmd][0m
[34m0000830[0m [36mI[0m Writing to down channel 0 ("Terminal") [2m[rtt_cmd][0m
DBG_GATEWAY_CH9_RX_CONT_RESULT start=65425 end=65926 ret=-116 fail=0 status=0x00000000 len=0 frames=0
DBG_GATEWAY_CH9_RX_CONT_ARM now=65928 rem=500 frames=0 errors=0
DBG_GATEWAY_CH9_RX_CONT_RESULT start=65928 end=66429 ret=-116 fail=0 status=0x00000000 len=0 frames=0
DBG_GATEWAY_CH9_RX_CONT_ARM now=66431 rem=500 frames=0 errors=0
DBG_GATEWAY_CH9_RX_CONT_RESULT start=66431 end=66932 ret=-116 fail=0 status=0x00000000 len=0 frames=0
DBG_GATEWAY_CH9_RX_CONT_ARM now=66934 rem=500 frames=0 errors=0
DBG_GATEWAY_CH9_RX_CONT_RESULT start=66934 end=67435 ret=-116 fail=0 status=0x00000000 len=0 frames=0
DBG_GATEWAY_CH9_RX_CONT_ARM now=67437 rem=500 frames=0 errors=0
DBG_GATEWAY_CH9_RX_CONT_RESULT start=67437 end=67938 ret=-116 fail=0 status=0x00000000 len=0 frames=0
DBG_GATEWAY_CH9_RX_CONT_ARM now=67940 rem=500 frames=0 errors=0
DBG_GATEWAY_CH9_RX_CONT_RESULT start=67940 end=68441 ret=-116 fail=0 status=0x00000000 len=0 frames=0
DBG_GATEWAY_CH9_RX_CONT_ARM now=68443 rem=500 frames=0 errors=0
DBG_GATEWAY_CH9_RX_CONT_RESULT start=69449 end=69950 ret=-116 fail=0 status=0x00000000 len=0 frames=0
DBG_GATEWAY_CH9_RX_CONT_ARM now=69952 rem=500 frames=0 errors=0
DBG_GATEWAY_CH9_RX_CONT_RESULT start=69952 end=70453 ret=-116 fail=0 status=0x00000000 len=0 frames=0
DBG_GATEWAY_CH9_RX_CONT_ARM now=70455 rem=500 frames=0 errors=0
DBG_GATEWAY_CH9_RX_CONT_RESULT start=70455 end=70956 ret=-116 fail=0 status=0x00000000 len=0 frames=0
DBG_GATEWAY_CH9_RX_CONT_ARM now=70958 rem=500 frames=0 errors=0
DBG_GATEWAY_CH9_RX_CONT_RESULT start=70958 end=71459 ret=-116 fail=0 status=0x00000000 len=0 frames=0
DBG_GATEWAY_CH9_RX_CONT_ARM now=71461 rem=500 frames=0 errors=0
DBG_GATEWAY_CH9_RX_CONT_RESULT start=71461 end=71962 ret=-116 fail=0 status=0x00000000 len=0 frames=0
DBG_GATEWAY_CH9_RX_CONT_ARM now=71964 rem=500 frames=0 errors=0
DBG_GATEWAY_CH9_RX_CONT_RESULT start=71964 end=72465 ret=-116 fail=0 status=0x00000000 len=0 frames=0
DBG_GATEWAY_CH9_RX_CONT_ARM now=72467 rem=500 frames=0 errors=0
DBG_GATEWAY_CH9_RX_CONT_RESULT start=72467 end=72968 ret=-116 fail=0 status=0x00000000 len=0 frames=0
DBG_GATEWAY_CH9_RX_CONT_ARM now=72970 rem=500 frames=0 errors=0
DBG_GATEWAY_CH9_RX_CONT_RESULT start=72970 end=73471 ret=-116 fail=0 status=0x00000000 len=0 frames=0
DBG_GATEWAY_CH9_RX_CONT_ARM now=73473 rem=500 frames=0 errors=0
DBG_GATEWAY_CH9_RX_CONT_RESULT start=73473 end=73974 ret=-116 fail=0 status=0x00000000 len=0 frames=0
DBG_GATEWAY_CH9_RX_CONT_ARM now=73976 rem=500 frames=0 errors=0
DBG_GATEWAY_CH9_RX_CONT_RESULT start=73976 end=74477 ret=-116 fail=0 status=0x00000000 len=0 frames=0
DBG_GATEWAY_CH9_RX_CONT_ARM now=74479 rem=500 frames=0 errors=0
DBG_GATEWAY_CH9_RX_CONT_RESULT start=74479 end=74980 ret=-116 fail=0 status=0x00000000 len=0 frames=0
DBG_GATEWAY_CH9_RX_CONT_ARM now=74982 rem=500 frames=0 errors=0
DBG_GATEWAY_CH9_RX_CONT_RESULT start=74982 end=75483 ret=-116 fail=0 status=0x00000000 len=0 frames=0
DBG_GATEWAY_CH9_RX_CONT_ARM now=75485 rem=500 frames=0 errors=0
DBG_GATEWAY_CH9_RX_CONT_RESULT start=75485 end=75986 ret=-116 fail=0 status=0x00000000 len=0 frames=0
DBG_GATEWAY_CH9_RX_CONT_ARM now=75988 rem=500 frames=0 errors=0
DBG_GATEWAY_CH9_RX_CONT_RESULT start=75988 end=76489 ret=-116 fail=0 status=0x00000000 len=0 frames=0
DBG_GATEWAY_CH9_RX_CONT_ARM now=76491 rem=500 frames=0 errors=0
DBG_GATEWAY_CH9_RX_CONT_RESULT start=76491 end=76992 ret=-116 fail=0 status=0x00000000 len=0 frames=0
DBG_GATEWAY_CH9_RX_CONT_ARM now=76994 rem=500 frames=0 errors=0
DBG_GATEWAY_CH9_RX_CONT_RESULT start=76994 end=77495 ret=-116 fail=0 status=0x00000000 len=0 frames=0
DBG_GATEWAY_CH9_RX_CONT_ARM now=77497 rem=500 frames=0 errors=0
DBG_GATEWAY_CH9_RX_CONT_RESULT start=77497 end=77998 ret=-116 fail=0 status=0x00000000 len=0 frames=0
DBG_GATEWAY_CH9_RX_CONT_ARM now=78000 rem=500 frames=0 errors=0
DBG_GATEWAY_CH9_RX_CONT_RESULT start=78000 end=78501 ret=-116 fail=0 status=0x00000000 len=0 frames=0
DBG_GATEWAY_CH9_RX_CONT_ARM now=78503 rem=500 frames=0 errors=0
DBG_GATEWAY_CH9_RX_CONT_RESULT start=78503 end=79004 ret=-116 fail=0 status=0x00000000 len=0 frames=0
DBG_GATEWAY_CH9_RX_CONT_ARM now=79006 rem=500 frames=0 errors=0
DBG_GATEWAY_CH9_RX_CONT_RESULT start=79006 end=79507 ret=-116 fail=0 status=0x00000000 len=0 frames=0
DBG_GATEWAY_CH9_RX_CONT_ARM now=79509 rem=500 frames=0 errors=0
DBG_GATEWAY_CH9_RX_CONT_RESULT start=79509 end=80010 ret=-116 fail=0 status=0x00000000 len=0 frames=0
DBG_GATEWAY_CH9_RX_CONT_ARM now=80012 rem=500 frames=0 errors=0
DBG_GATEWAY_CH9_RX_CONT_RESULT start=80012 end=80513 ret=-116 fail=0 status=0x00000000 len=0 frames=0
DBG_GATEWAY_CH9_RX_CONT_ARM now=80515 rem=500 frames=0 errors=0
DBG_GATEWAY_CH9_RX_CONT_RESULT start=80515 end=81016 ret=-116 fail=0 status=0x00000000 len=0 frames=0
DBG_GATEWAY_CH9_RX_CONT_ARM now=81018 rem=500 frames=0 errors=0
DBG_GATEWAY_CH9_RX_CONT_RESULT start=81018 end=81519 ret=-116 fail=0 status=0x00000000 len=0 frames=0
DBG_GATEWAY_CH9_RX_CONT_ARM now=81521 rem=500 frames=0 errors=0
DBG_GATEWAY_CH9_RX_CONT_RESULT start=81521 end=82022 ret=-116 fail=0 status=0x00000000 len=0 frames=0
DBG_GATEWAY_CH9_RX_CONT_ARM now=82024 rem=500 frames=0 errors=0
DBG_GATEWAY_CH9_RX_CONT_RESULT start=82024 end=82525 ret=-116 fail=0 status=0x00000000 len=0 frames=0
DBG_GATEWAY_CH9_RX_CONT_ARM now=82527 rem=500 frames=0 errors=0
DBG_GATEWAY_CH9_RX_CONT_RESULT start=82527 end=83028 ret=-116 fail=0 status=0x00000000 len=0 frames=0
DBG_GATEWAY_CH9_RX_CONT_ARM now=83030 rem=500 frames=0 errors=0
DBG_GATEWAY_CH9_RX_CONT_RESULT start=83030 end=83531 ret=-116 fail=0 status=0x00000000 len=0 frames=0
DBG_GATEWAY_CH9_RX_CONT_ARM now=83533 rem=500 frames=0 errors=0
DBG_GATEWAY_CH9_RX_CONT_RESULT start=83533 end=84034 ret=-116 fail=0 status=0x00000000 len=0 frames=0
DBG_GATEWAY_CH9_RX_CONT_ARM now=84036 rem=500 frames=0 errors=0
DBG_GATEWAY_CH9_RX_CONT_RESULT start=84036 end=84537 ret=-116 fail=0 status=0x00000000 len=0 frames=0
DBG_GATEWAY_CH9_RX_CONT_ARM now=84539 rem=500 frames=0 errors=0
DBG_GATEWAY_CH9_RX_CONT_RESULT start=84539 end=85040 ret=-116 fail=0 status=0x00000000 len=0 frames=0
DBG_GATEWAY_CH9_RX_CONT_ARM now=85042 rem=500 frames=0 errors=0
DBG_GATEWAY_CH9_RX_CONT_RESULT start=85042 end=85543 ret=-116 fail=0 status=0x00000000 len=0 frames=0
DBG_GATEWAY_CH9_RX_CONT_ARM now=85545 rem=500 frames=0 errors=0
DBG_GATEWAY_CH9_RX_CONT_RESULT start=85545 end=86046 ret=-116 fail=0 status=0x00000000 len=0 frames=0
DBG_GATEWAY_CH9_RX_CONT_ARM now=86048 rem=500 frames=0 errors=0
DBG_GATEWAY_CH9_RX_CONT_RESULT start=86048 end=86549 ret=-116 fail=0 status=0x00000000 len=0 frames=0
DBG_GATEWAY_CH9_RX_CONT_ARM now=86551 rem=500 frames=0 errors=0
DBG_GATEWAY_CH9_RX_CONT_RESULT start=86551 end=87052 ret=-116 fail=0 status=0x00000000 len=0 frames=0
DBG_GATEWAY_CH9_RX_CONT_ARM now=87054 rem=500 frames=0 errors=0
DBG_GATEWAY_CH9_RX_CONT_RESULT start=87054 end=87555 ret=-116 fail=0 status=0x00000000 len=0 frames=0
DBG_GATEWAY_CH9_RX_CONT_ARM now=87557 rem=500 frames=0 errors=0
DBG_GATEWAY_CH9_RX_CONT_RESULT start=87557 end=88058 ret=-116 fail=0 status=0x00000000 len=0 frames=0
DBG_GATEWAY_CH9_RX_CONT_ARM now=88060 rem=500 frames=0 errors=0
DBG_GATEWAY_CH9_RX_CONT_RESULT start=88060 end=88561 ret=-116 fail=0 status=0x00000000 len=0 frames=0
DBG_GATEWAY_CH9_RX_CONT_ARM now=88563 rem=500 frames=0 errors=0
DBG_GATEWAY_CH9_RX_CONT_RESULT start=88563 end=89064 ret=-116 fail=0 status=0x00000000 len=0 frames=0
DBG_GATEWAY_CH9_RX_CONT_ARM now=89066 rem=500 frames=0 errors=0
DBG_GATEWAY_CH9_RX_CONT_RESULT start=89066 end=89567 ret=-116 fail=0 status=0x00000000 len=0 frames=0
DBG_GATEWAY_CH9_RX_CONT_ARM now=89569 rem=500 frames=0 errors=0
DBG_GATEWAY_CH9_RX_CONT_RESULT start=89569 end=90070 ret=-116 fail=0 status=0x00000000 len=0 frames=0
DBG_GATEWAY_CH9_RX_CONT_ARM now=90072 rem=500 frames=0 errors=0
DBG_GATEWAY_CH9_RX_CONT_RESULT start=90072 end=90573 ret=-116 fail=0 status=0x00000000 len=0 frames=0
DBG_GATEWAY_CH9_RX_CONT_ARM now=90575 rem=500 frames=0 errors=0
DBG_GATEWAY_CH9_RX_CONT_RESULT start=90575 end=91076 ret=-116 fail=0 status=0x00000000 len=0 frames=0
DBG_GATEWAY_CH9_RX_CONT_ARM now=91078 rem=500 frames=0 errors=0
DBG_GATEWAY_CH9_RX_CONT_RESULT start=91078 end=91579 ret=-116 fail=0 status=0x00000000 len=0 frames=0
DBG_GATEWAY_CH9_RX_CONT_ARM now=91581 rem=500 frames=0 errors=0
DBG_GATEWAY_CH9_RX_CONT_RESULT start=91581 end=92082 ret=-116 fail=0 status=0x00000000 len=0 frames=0
DBG_GATEWAY_CH9_RX_CONT_ARM now=92084 rem=500 frames=0 errors=0
DBG_GATEWAY_CH9_RX_CONT_RESULT start=92084 end=92585 ret=-116 fail=0 status=0x00000000 len=0 frames=0
DBG_GATEWAY_CH9_RX_CONT_ARM now=92587 rem=500 frames=0 errors=0
DBG_GATEWAY_CH9_RX_CONT_RESULT start=92587 end=93088 ret=-116 fail=0 status=0x00000000 len=0 frames=0
DBG_GATEWAY_CH9_RX_CONT_ARM now=93090 rem=500 frames=0 errors=0
DBG_GATEWAY_CH9_RX_CONT_RESULT start=93090 end=93591 ret=-116 fail=0 status=0x00000000 len=0 frames=0
DBG_GATEWAY_CH9_RX_CONT_ARM now=93593 rem=500 frames=0 errors=0
DBG_GATEWAY_CH9_RX_CONT_RESULT start=93593 end=94094 ret=-116 fail=0 status=0x00000000 len=0 frames=0
DBG_GATEWAY_CH9_RX_CONT_ARM now=94096 rem=500 frames=0 errors=0
DBG_GATEWAY_CH9_RX_CONT_RESULT start=94096 end=94597 ret=-116 fail=0 status=0x00000000 len=0 frames=0
DBG_GATEWAY_CH9_RX_CONT_ARM now=94599 rem=500 frames=0 errors=0
DBG_GATEWAY_CH9_RX_CONT_RESULT start=94599 end=95100 ret=-116 fail=0 status=0x00000000 len=0 frames=0
DBG_GATEWAY_CH9_RX_CONT_ARM now=95102 rem=500 frames=0 errors=0
DBG_GATEWAY_CH9_RX_CONT_RESULT start=95102 end=95603 ret=-116 fail=0 status=0x00000000 len=0 frames=0
DBG_GATEWAY_CH9_RX_CONT_ARM now=95605 rem=500 frames=0 errors=0
DBG_GATEWAY_CH9_RX_CONT_RESULT start=95605 end=96106 ret=-116 fail=0 status=0x00000000 len=0 frames=0
DBG_GATEWAY_CH9_RX_CONT_ARM now=96108 rem=500 frames=0 errors=0
DBG_GATEWAY_CH9_RX_CONT_RESULT start=96108 end=96609 ret=-116 fail=0 status=0x00000000 len=0 frames=0
DBG_GATEWAY_CH9_RX_CONT_ARM now=96611 rem=500 frames=0 errors=0
DBG_GATEWAY_CH9_RX_CONT_RESULT start=96611 end=97112 ret=-116 fail=0 status=0x00000000 len=0 frames=0
DBG_GATEWAY_CH9_RX_CONT_ARM now=97114 rem=500 frames=0 errors=0
DBG_GATEWAY_CH9_RX_CONT_RESULT start=97114 end=97615 ret=-116 fail=0 status=0x00000000 len=0 frames=0
DBG_GATEWAY_CH9_RX_CONT_ARM now=97617 rem=500 frames=0 errors=0
DBG_GATEWAY_CH9_RX_CONT_RESULT start=97617 end=98118 ret=-116 fail=0 status=0x00000000 len=0 frames=0
DBG_GATEWAY_CH9_RX_CONT_ARM now=98120 rem=500 frames=0 errors=0
DBG_GATEWAY_CH9_RX_CONT_RESULT start=98120 end=98621 ret=-116 fail=0 status=0x00000000 len=0 frames=0
DBG_GATEWAY_CH9_RX_CONT_ARM now=98623 rem=500 frames=0 errors=0
DBG_GATEWAY_CH9_RX_CONT_RESULT start=98623 end=99124 ret=-116 fail=0 status=0x00000000 len=0 frames=0
DBG_GATEWAY_CH9_RX_CONT_ARM now=99126 rem=500 frames=0 errors=0
DBG_GATEWAY_CH9_RX_CONT_RESULT start=99126 end=99627 ret=-116 fail=0 status=0x00000000 len=0 frames=0
DBG_GATEWAY_CH9_RX_CONT_ARM now=99629 rem=500 frames=0 errors=0
DBG_GATEWAY_CH9_RX_CONT_RESULT start=99629 end=100130 ret=-116 fail=0 status=0x00000000 len=0 frames=0
DBG_GATEWAY_CH9_RX_CONT_ARM now=100132 rem=500 frames=0 errors=0
DBG_GATEWAY_CH9_RX_CONT_RESULT start=100132 end=100633 ret=-116 fail=0 status=0x00000000 len=0 frames=0
DBG_GATEWAY_CH9_RX_CONT_ARM now=100635 rem=500 frames=0 errors=0
DBG_GATEWAY_CH9_RX_CONT_RESULT start=100635 end=101136 ret=-116 fail=0 status=0x00000000 len=0 frames=0
DBG_GATEWAY_CH9_RX_CONT_ARM now=101138 rem=500 frames=0 errors=0
DBG_GATEWAY_BLE event=connected err=0 uptime=101394
DBG_GATEWAY_BLE event=param-request ret=0 interval=24-40 latency=0 timeout_ms=12000 uptime=101394
DBG_GATEWAY_CH9_RX_CONT_RESULT start=101138 end=101639 ret=-116 fail=0 status=0x00000000 len=0 frames=0
DBG_GATEWAY_CH9_RX_CONT_ARM now=101641 rem=500 frames=0 errors=0
DBG_GATEWAY_CH9_RX_CONT_RESULT start=101641 end=102142 ret=-116 fail=0 status=0x00000000 len=0 frames=0
DBG_GATEWAY_CH9_RX_CONT_ARM now=102144 rem=500 frames=0 errors=0
DBG_GATEWAY_CH9_RX_CONT_RESULT start=102144 end=102645 ret=-116 fail=0 status=0x00000000 len=0 frames=0
DBG_GATEWAY_CH9_RX_CONT_ARM now=102647 rem=500 frames=0 errors=0
DBG_GATEWAY_COMMAND_PRIORITY_SUBMIT ret=0 now=102797
DBG_STACK_RUN_BEGIN epoch=8580734665119723956 run=23 kind=ble_backpressure owner=system_workqueue queue=1 custody=1 credit=0 retry=0 drain=1 src=11068027678940948070 dst=11068027678940948070 session=41156636 seq=28 type=86 sequence=0 previous=0 uptime=102797
DBG_STACK_SAMPLE_BEGIN epoch=8580734665119723956 run=23 sample=23 kind=ble_backpressure owner=system_workqueue queue=1 custody=1 credit=0 retry=0 drain=1 src=11068027678940948070 dst=11068027678940948070 session=41156636 seq=28 type=86 uptime=102798
DBG_STACK_ISR_CONFIG size=8192 run=23 sample=23
DBG_STACK name=BT RX WQ tid=0x2000fe18 used=760 free=776 size=1536 ret=0 run=23 sample=23
DBG_STACK name=mesh_route tid=0x2000d560 used=5888 free=2304 size=8192 ret=0 run=23 sample=23
DBG_STACK name=sysworkq tid=0x20010d70 used=2408 free=2072 size=4480 ret=0 run=23 sample=23
DBG_STACK name=MPSL Work tid=0x20010b28 used=376 free=648 size=1024 ret=0 run=23 sample=23
DBG_STACK name=logging tid=0x2000f920 used=480 free=1568 size=2048 ret=0 run=23 sample=23
DBG_STACK name=idle tid=0x20010c00 used=64 free=256 size=320 ret=0 run=23 sample=23
DBG_STACK_SAMPLE_END run=23 sample=23
DBG_STACK_RUN_END epoch=8580734665119723956 run=23 kind=ble_backpressure owner=system_workqueue outcome=ack queue=2 custody=0 credit=1 retry=0 drain=2 src=11068027678940948070 dst=11068027678940948070 session=41156636 seq=28 type=86 samples=1 sequence=0 previous=0 uptime=102812
DBG_DWM_MARK_UNCONFIGURED tag=initialise_radio prev_phy=0
DBG_WAKE_TRAIN_CONFIG_BEGIN
DBG_DWM_INVALIDATE tag=configure_radio_from_reset active_phy=2 configured=1 awake=0
DBG_DWM_MARK_UNCONFIGURED tag=initialise_radio prev_phy=0
DBG_WAKE_TRAIN_CONFIG_OK
DBG_WAKE_TRAIN_FIRST_SEND_BEGIN
DBG_WAKE_TRAIN_FIRST_SEND_OK
DBG_UWB_TX_CH5
DBG_TX_WAKE_CLAIM_SENT
DBG_UWB_TX_CH5
DBG_TX_WAKE_CLAIM_SENT
DBG_UWB_TX_CH5
DBG_TX_WAKE_CLAIM_SENT
DBG_UWB_TX_CH5
DBG_TX_WAKE_CLAIM_SENT
DBG_UWB_TX_CH5
DBG_TX_WAKE_CLAIM_SENT
DBG_UWB_TX_CH5
DBG_TX_WAKE_CLAIM_SENT
DBG_UWB_TX_CH5
DBG_TX_WAKE_CLAIM_SENT
DBG_UWB_TX_CH5
DBG_TX_WAKE_CLAIM_SENT
DBG_UWB_TX_CH5
DBG_TX_WAKE_CLAIM_SENT
DBG_UWB_TX_CH5
DBG_TX_WAKE_CLAIM_SENT
DBG_UWB_TX_CH5
DBG_TX_WAKE_CLAIM_SENT
DBG_UWB_TX_CH5
DBG_TX_WAKE_CLAIM_SENT
DBG_UWB_TX_CH5
DBG_TX_WAKE_CLAIM_SENT
DBG_UWB_TX_CH5
DBG_TX_WAKE_CLAIM_SENT
DBG_UWB_TX_CH5
DBG_TX_WAKE_CLAIM_SENT
DBG_UWB_TX_CH5
DBG_TX_WAKE_CLAIM_SENT
DBG_UWB_TX_CH5
DBG_TX_WAKE_CLAIM_SENT
DBG_UWB_TX_CH5
DBG_TX_WAKE_CLAIM_SENT
DBG_UWB_TX_CH5
DBG_TX_WAKE_CLAIM_SENT
DBG_UWB_TX_CH5
DBG_TX_WAKE_CLAIM_SENT
DBG_UWB_TX_CH5
DBG_TX_WAKE_CLAIM_SENT
DBG_UWB_TX_CH5
DBG_TX_WAKE_CLAIM_SENT
DBG_UWB_TX_CH5
DBG_TX_WAKE_CLAIM_SENT
DBG_UWB_TX_CH5
DBG_TX_WAKE_CLAIM_SENT
DBG_UWB_TX_CH5
DBG_TX_WAKE_CLAIM_SENT
DBG_UWB_TX_CH5
DBG_TX_WAKE_CLAIM_SENT
DBG_UWB_TX_CH5
DBG_TX_WAKE_CLAIM_SENT
DBG_UWB_TX_CH5
DBG_TX_WAKE_CLAIM_SENT
DBG_UWB_TX_CH5
DBG_TX_WAKE_CLAIM_SENT
DBG_UWB_TX_CH5
DBG_TX_WAKE_CLAIM_SENT
DBG_UWB_TX_CH5
DBG_TX_WAKE_CLAIM_SENT
DBG_UWB_TX_CH5
DBG_TX_WAKE_CLAIM_SENT
DBG_UWB_TX_CH5
DBG_TX_WAKE_CLAIM_SENT
DBG_UWB_TX_CH5
DBG_TX_WAKE_CLAIM_SENT
DBG_UWB_TX_CH5
DBG_TX_WAKE_CLAIM_SENT
DBG_UWB_TX_CH5
DBG_TX_WAKE_CLAIM_SENT
DBG_UWB_TX_CH5
DBG_TX_WAKE_CLAIM_SENT
DBG_UWB_TX_CH5
DBG_TX_WAKE_CLAIM_SENT
DBG_UWB_TX_CH5
DBG_TX_WAKE_CLAIM_SENT
DBG_UWB_TX_CH5
DBG_TX_WAKE_CLAIM_SENT
DBG_UWB_TX_CH5
DBG_TX_WAKE_CLAIM_SENT
DBG_UWB_TX_CH5
DBG_TX_WAKE_CLAIM_SENT
DBG_UWB_TX_CH5
DBG_TX_WAKE_CLAIM_SENT
DBG_UWB_TX_CH5
DBG_TX_WAKE_CLAIM_SENT
DBG_UWB_TX_CH5
DBG_TX_WAKE_CLAIM_SENT
DBG_UWB_TX_CH5
DBG_TX_WAKE_CLAIM_SENT
DBG_UWB_TX_CH5
DBG_TX_WAKE_CLAIM_SENT
DBG_UWB_TX_CH5
DBG_TX_WAKE_CLAIM_SENT
DBG_UWB_TX_CH5
DBG_TX_WAKE_CLAIM_SENT
DBG_UWB_TX_CH5
DBG_TX_WAKE_CLAIM_SENT
DBG_UWB_TX_CH5
DBG_TX_WAKE_CLAIM_SENT
DBG_UWB_TX_CH5
DBG_TX_WAKE_CLAIM_SENT
DBG_UWB_TX_CH5
DBG_TX_WAKE_CLAIM_SENT
DBG_UWB_TX_CH5
DBG_TX_WAKE_CLAIM_SENT
DBG_UWB_TX_CH5
DBG_TX_WAKE_CLAIM_SENT
DBG_UWB_TX_CH5
DBG_TX_WAKE_CLAIM_SENT
DBG_UWB_TX_CH5
DBG_TX_WAKE_CLAIM_SENT
DBG_UWB_TX_CH5
DBG_TX_WAKE_CLAIM_SENT
DBG_STACK_RUN_BEGIN epoch=8580734665119723956 run=24 kind=ble_backpressure owner=system_workqueue queue=1 custody=1 credit=0 retry=0 drain=1 src=11068027678940948070 dst=11068027678940948070 session=41156637 seq=29 type=86 sequence=0 previous=0 uptime=103247
DBG_STACK_SAMPLE_BEGIN epoch=8580734665119723956 run=24 sample=24 kind=ble_backpressure owner=system_workqueue queue=1 custody=1 credit=0 retry=0 drain=1 src=11068027678940948070 dst=11068027678940948070 session=41156637 seq=29 type=86 uptime=103247
DBG_STACK_ISR_CONFIG size=8192 run=24 sample=24
DBG_STACK name=BT RX WQ tid=0x2000fe18 used=760 free=776 size=1536 ret=0 run=24 sample=24
DBG_STACK name=mesh_route tid=0x2000d560 used=5888 free=2304 size=8192 ret=0 run=24 sample=24
DBG_STACK name=sysworkq tid=0x20010d70 used=2408 free=2072 size=4480 ret=0 run=24 sample=24
DBG_STACK name=MPSL Work tid=0x20010b28 used=376 free=648 size=1024 ret=0 run=24 sample=24
DBG_STACK name=logging tid=0x2000f920 used=480 free=1568 size=2048 ret=0 run=24 sample=24
DBG_STACK name=idle tid=0x20010c00 used=64 free=256 size=320 ret=0 run=24 sample=24
DBG_STACK_SAMPLE_END run=24 sample=24
DBG_STACK_RUN_END epoch=8580734665119723956 run=24 kind=ble_backpressure owner=system_workqueue outcome=ack queue=1 custody=0 credit=1 retry=0 drain=1 src=11068027678940948070 dst=11068027678940948070 session=41156637 seq=29 type=86 samples=1 sequence=0 previous=0 uptime=103265
DBG_UWB_TX_CH5
DBG_TX_WAKE_CLAIM_SENT
DBG_DWM_INVALIDATE tag=configure_radio_from_reset active_phy=2 configured=1 awake=1
DBG_DWM_MARK_UNCONFIGURED tag=initialise_radio prev_phy=0
DBG_DWM_INVALIDATE tag=configure_radio_from_reset active_phy=2 configured=1 awake=0
DBG_DWM_MARK_UNCONFIGURED tag=initialise_radio prev_phy=0
DBG_DWM_INVALIDATE tag=configure_radio_from_reset active_phy=2 configured=1 awake=0
DBG_DWM_MARK_UNCONFIGURED tag=initialise_radio prev_phy=0
DBG_DWM_WAKE_MESH_CTRL_OK sfd=4073
DBG_C5_TX_CONFIG ret=0 ext=1 len=178 msg=3c reason=bounded-c5-flood
DBG_UWB_TX_CH5
DBG_DWM_INVALIDATE tag=configure_radio_from_reset active_phy=4 configured=1 awake=0
DBG_DWM_MARK_UNCONFIGURED tag=initialise_radio prev_phy=0
DBG_DWM_WAKE_MESH_CTRL_OK sfd=4073
DBG_DWM_INVALIDATE tag=configure_radio_from_reset active_phy=4 configured=1 awake=0
DBG_DWM_MARK_UNCONFIGURED tag=initialise_radio prev_phy=0
DBG_DWM_INVALIDATE tag=configure_radio_from_reset active_phy=2 configured=1 awake=0
DBG_DWM_MARK_UNCONFIGURED tag=initialise_radio prev_phy=0
DBG_DWM_WAKE_MESH_CTRL_OK sfd=4073
DBG_C5_TX_CONFIG ret=0 ext=1 len=178 msg=3c reason=bounded-c5-flood
DBG_UWB_TX_CH5
DBG_DWM_INVALIDATE tag=configure_radio_from_reset active_phy=4 configured=1 awake=0
DBG_DWM_MARK_UNCONFIGURED tag=initialise_radio prev_phy=0
DBG_DWM_WAKE_MESH_CTRL_OK sfd=4073
DBG_DWM_INVALIDATE tag=configure_radio_from_reset active_phy=4 configured=1 awake=0
DBG_DWM_MARK_UNCONFIGURED tag=initialise_radio prev_phy=0
DBG_DWM_INVALIDATE tag=configure_radio_from_reset active_phy=2 configured=1 awake=0
DBG_DWM_MARK_UNCONFIGURED tag=initialise_radio prev_phy=0
DBG_DWM_WAKE_MESH_CTRL_OK sfd=4073
DBG_C5_TX_CONFIG ret=0 ext=1 len=178 msg=3c reason=bounded-c5-flood
DBG_UWB_TX_CH5
DBG_DWM_INVALIDATE tag=configure_radio_from_reset active_phy=4 configured=1 awake=0
DBG_DWM_MARK_UNCONFIGURED tag=initialise_radio prev_phy=0
DBG_DWM_WAKE_MESH_CTRL_OK sfd=4073
DBG_DWM_INVALIDATE tag=configure_radio_from_reset active_phy=4 configured=1 awake=0
DBG_DWM_MARK_UNCONFIGURED tag=initialise_radio prev_phy=0
DBG_DWM_INVALIDATE tag=configure_radio_from_reset active_phy=2 configured=1 awake=0
DBG_DWM_MARK_UNCONFIGURED tag=initialise_radio prev_phy=0
DBG_DWM_WAKE_MESH_CTRL_OK sfd=4073
DBG_C5_TX_CONFIG ret=0 ext=1 len=178 msg=3c reason=bounded-c5-flood
DBG_UWB_TX_CH5
DBG_GATEWAY_RX_START reason=gateway mesh restart active=1 qrx=0 qtx=0 adv_due=0
DBG_STACK_RUN_BEGIN epoch=8580734665119723956 run=25 kind=ble_backpressure owner=system_workqueue queue=1 custody=1 credit=0 retry=0 drain=1 src=11068027678940948070 dst=11068027678940948070 session=41156639 seq=31 type=86 sequence=0 previous=0 uptime=103729
DBG_STACK_SAMPLE_BEGIN epoch=8580734665119723956 run=25 sample=25 kind=ble_backpressure owner=system_workqueue queue=1 custody=1 credit=0 retry=0 drain=1 src=11068027678940948070 dst=11068027678940948070 session=41156639 seq=31 type=86 uptime=103730
DBG_STACK_ISR_CONFIG size=8192 run=25 sample=25
DBG_STACK name=BT RX WQ tid=0x2000fe18 used=760 free=776 size=1536 ret=0 run=25 sample=25
DBG_STACK name=mesh_route tid=0x2000d560 used=5888 free=2304 size=8192 ret=0 run=25 sample=25
DBG_STACK name=sysworkq tid=0x20010d70 used=2408 free=2072 size=4480 ret=0 run=25 sample=25
DBG_STACK name=MPSL Work tid=0x20010b28 used=376 free=648 size=1024 ret=0 run=25 sample=25
DBG_STACK name=logging tid=0x2000f920 used=480 free=1568 size=2048 ret=0 run=25 sample=25
DBG_STACK name=idle tid=0x20010c00 used=64 free=256 size=320 ret=0 run=25 sample=25
DBG_STACK_SAMPLE_END run=25 sample=25
DBG_STACK_RUN_END epoch=8580734665119723956 run=25 kind=ble_backpressure owner=system_workqueue outcome=ack queue=1 custody=0 credit=1 retry=0 drain=1 src=11068027678940948070 dst=11068027678940948070 session=41156639 seq=31 type=86 samples=1 sequence=0 previous=0 uptime=103755
DBG_GATEWAY_CH9_RX_CONT_ARM now=103759 rem=500 frames=0 errors=0
DBG_GATEWAY_CH9_RX_CONT_RESULT start=103759 end=104260 ret=-116 fail=0 status=0x02000000 len=0 frames=0
DBG_GATEWAY_CH9_RX_CONT_CAP now=104262 win=12167 adv_wait=12167 due=116429
DBG_GATEWAY_CH9_RX_CONT_ARM now=104262 rem=500 frames=0 errors=0
DBG_GATEWAY_CH9_RX_CONT_RESULT start=104262 end=104763 ret=-116 fail=0 status=0x00000000 len=0 frames=0
DBG_GATEWAY_CH9_RX_CONT_CAP now=104765 win=11664 adv_wait=11664 due=116429
DBG_GATEWAY_CH9_RX_CONT_ARM now=104765 rem=500 frames=0 errors=0
DBG_GATEWAY_CH9_RX_CONT_RESULT start=104765 end=105266 ret=-116 fail=0 status=0x00000000 len=0 frames=0
DBG_GATEWAY_CH9_RX_CONT_CAP now=105268 win=11161 adv_wait=11161 due=116429
DBG_GATEWAY_CH9_RX_CONT_ARM now=105268 rem=500 frames=0 errors=0
DBG_GATEWAY_CH9_RX_CONT_RESULT start=105268 end=105769 ret=-116 fail=0 status=0x00000000 len=0 frames=0
DBG_GATEWAY_CH9_RX_CONT_CAP now=105771 win=10658 adv_wait=10658 due=116429
DBG_GATEWAY_CH9_RX_CONT_ARM now=105771 rem=500 frames=0 errors=0
DBG_GATEWAY_CH9_RX_CONT_RESULT start=105771 end=106272 ret=-116 fail=0 status=0x00000000 len=0 frames=0
DBG_GATEWAY_CH9_RX_CONT_CAP now=106274 win=10155 adv_wait=10155 due=116429
DBG_GATEWAY_CH9_RX_CONT_ARM now=106274 rem=500 frames=0 errors=0
DBG_GATEWAY_CH9_RX_CONT_RESULT start=106274 end=106775 ret=-116 fail=0 status=0x00000000 len=0 frames=0
DBG_GATEWAY_CH9_RX_CONT_CAP now=106777 win=9652 adv_wait=9652 due=116429
DBG_GATEWAY_CH9_RX_CONT_ARM now=106777 rem=500 frames=0 errors=0
DBG_GATEWAY_CH9_RX_CONT_RESULT start=106777 end=107278 ret=-116 fail=0 status=0x00000000 len=0 frames=0
DBG_GATEWAY_CH9_RX_CONT_CAP now=107280 win=9149 adv_wait=9149 due=116429
DBG_GATEWAY_CH9_RX_CONT_ARM now=107280 rem=500 frames=0 errors=0
DBG_GATEWAY_CH9_RX_CONT_RESULT start=107280 end=107781 ret=-116 fail=0 status=0x00000000 len=0 frames=0
DBG_GATEWAY_CH9_RX_CONT_CAP now=107783 win=8646 adv_wait=8646 due=116429
DBG_GATEWAY_CH9_RX_CONT_ARM now=107783 rem=500 frames=0 errors=0
DBG_GATEWAY_CH9_RX_CONT_RESULT start=107783 end=108284 ret=-116 fail=0 status=0x00000000 len=0 frames=0
DBG_GATEWAY_CH9_RX_CONT_CAP now=108286 win=8143 adv_wait=8143 due=116429
DBG_GATEWAY_CH9_RX_CONT_ARM now=108286 rem=500 frames=0 errors=0
DBG_GATEWAY_CH9_RX_CONT_RESULT start=108286 end=108787 ret=-116 fail=0 status=0x00000000 len=0 frames=0
DBG_GATEWAY_CH9_RX_CONT_CAP now=108789 win=7640 adv_wait=7640 due=116429
DBG_GATEWAY_CH9_RX_CONT_ARM now=108789 rem=500 frames=0 errors=0
DBG_GATEWAY_CH9_RX_CONT_RESULT start=108789 end=109290 ret=-116 fail=0 status=0x00000000 len=0 frames=0
DBG_GATEWAY_CH9_RX_CONT_CAP now=109292 win=7137 adv_wait=7137 due=116429
DBG_GATEWAY_CH9_RX_CONT_ARM now=109292 rem=500 frames=0 errors=0
DBG_GATEWAY_CH9_RX_CONT_RESULT start=109292 end=109793 ret=-116 fail=0 status=0x00000000 len=0 frames=0
DBG_GATEWAY_CH9_RX_CONT_CAP now=109795 win=6634 adv_wait=6634 due=116429
DBG_GATEWAY_CH9_RX_CONT_ARM now=109795 rem=500 frames=0 errors=0
DBG_GATEWAY_CH9_RX_CONT_RESULT start=109795 end=110296 ret=-116 fail=0 status=0x00000000 len=0 frames=0
DBG_GATEWAY_CH9_RX_CONT_CAP now=110298 win=6131 adv_wait=6131 due=116429
DBG_GATEWAY_CH9_RX_CONT_ARM now=110298 rem=500 frames=0 errors=0
DBG_GATEWAY_CH9_RX_CONT_RESULT start=110298 end=110799 ret=-116 fail=0 status=0x00000000 len=0 frames=0
DBG_GATEWAY_CH9_RX_CONT_CAP now=110801 win=5628 adv_wait=5628 due=116429
DBG_GATEWAY_CH9_RX_CONT_ARM now=110801 rem=500 frames=0 errors=0
DBG_GATEWAY_CH9_RX_CONT_RESULT start=110801 end=111302 ret=-116 fail=0 status=0x00000000 len=0 frames=0
DBG_GATEWAY_CH9_RX_CONT_CAP now=111304 win=5125 adv_wait=5125 due=116429
DBG_GATEWAY_CH9_RX_CONT_ARM now=111304 rem=500 frames=0 errors=0
DBG_GATEWAY_CH9_RX_CONT_RESULT start=111304 end=111805 ret=-116 fail=0 status=0x00000000 len=0 frames=0
DBG_GATEWAY_CH9_RX_CONT_CAP now=111807 win=4622 adv_wait=4622 due=116429
DBG_GATEWAY_CH9_RX_CONT_ARM now=111807 rem=500 frames=0 errors=0
DBG_GATEWAY_CH9_RX_CONT_RESULT start=111807 end=112308 ret=-116 fail=0 status=0x00000000 len=0 frames=0
DBG_GATEWAY_CH9_RX_CONT_CAP now=112310 win=4119 adv_wait=4119 due=116429
DBG_GATEWAY_CH9_RX_CONT_ARM now=112310 rem=500 frames=0 errors=0
DBG_GATEWAY_CH9_RX_CONT_RESULT start=112310 end=112811 ret=-116 fail=0 status=0x00000000 len=0 frames=0
DBG_GATEWAY_CH9_RX_CONT_CAP now=112813 win=3616 adv_wait=3616 due=116429
DBG_GATEWAY_CH9_RX_CONT_ARM now=112813 rem=500 frames=0 errors=0
DBG_GATEWAY_CH9_RX_CONT_RESULT start=112813 end=113314 ret=-116 fail=0 status=0x00000000 len=0 frames=0
DBG_GATEWAY_CH9_RX_CONT_CAP now=113316 win=3113 adv_wait=3113 due=116429
DBG_GATEWAY_CH9_RX_CONT_ARM now=113316 rem=500 frames=0 errors=0
DBG_GATEWAY_CH9_RX_CONT_RESULT start=113316 end=113817 ret=-116 fail=0 status=0x00000000 len=0 frames=0
DBG_GATEWAY_CH9_RX_CONT_CAP now=113819 win=2610 adv_wait=2610 due=116429
DBG_GATEWAY_CH9_RX_CONT_ARM now=113819 rem=500 frames=0 errors=0
DBG_GATEWAY_CH9_RX_CONT_RESULT start=113819 end=114320 ret=-116 fail=0 status=0x00000000 len=0 frames=0
DBG_GATEWAY_CH9_RX_CONT_CAP now=114322 win=2107 adv_wait=2107 due=116429
DBG_GATEWAY_CH9_RX_CONT_ARM now=114322 rem=500 frames=0 errors=0
DBG_GATEWAY_CH9_RX_CONT_RESULT start=114322 end=114823 ret=-116 fail=0 status=0x00000000 len=0 frames=0
DBG_GATEWAY_CH9_RX_CONT_CAP now=114825 win=1604 adv_wait=1604 due=116429
DBG_GATEWAY_CH9_RX_CONT_ARM now=114825 rem=500 frames=0 errors=0
DBG_GATEWAY_CH9_RX_CONT_RESULT start=114825 end=115326 ret=-116 fail=0 status=0x00000000 len=0 frames=0
DBG_GATEWAY_CH9_RX_CONT_CAP now=115328 win=1101 adv_wait=1101 due=116429
DBG_GATEWAY_CH9_RX_CONT_ARM now=115328 rem=500 frames=0 errors=0
DBG_GATEWAY_CH9_RX_CONT_RESULT start=115328 end=115829 ret=-116 fail=0 status=0x00000000 len=0 frames=0
DBG_GATEWAY_CH9_RX_CONT_CAP now=115831 win=598 adv_wait=598 due=116429
DBG_GATEWAY_CH9_RX_CONT_ARM now=115831 rem=500 frames=0 errors=0
DBG_GATEWAY_CH9_RX_CONT_RESULT start=115831 end=116332 ret=-116 fail=0 status=0x00000000 len=0 frames=0
DBG_GATEWAY_CH9_RX_CONT_CAP now=116334 win=95 adv_wait=95 due=116429
DBG_GATEWAY_CH9_RX_CONT_ARM now=116334 rem=95 frames=0 errors=0
DBG_GATEWAY_CH9_RX_CONT_RESULT start=116334 end=116430 ret=-116 fail=0 status=0x00000000 len=0 frames=0
DBG_GATEWAY_CH9_RX_DONE_YIELD_ADV now=116431 due=116429
DBG_STACK_RUN_BEGIN epoch=8580734665119723956 run=26 kind=ble_backpressure owner=system_workqueue queue=1 custody=1 credit=0 retry=0 drain=1 src=11068027678940948070 dst=11068027678940948070 session=3716273549 seq=54669 type=65 sequence=0 previous=0 uptime=116431
DBG_STACK_SAMPLE_BEGIN epoch=8580734665119723956 run=26 sample=26 kind=ble_backpressure owner=system_workqueue queue=1 custody=1 credit=0 retry=0 drain=1 src=11068027678940948070 dst=11068027678940948070 session=3716273549 seq=54669 type=65 uptime=116432
DBG_STACK_ISR_CONFIG size=8192 run=26 sample=26
DBG_STACK name=BT RX WQ tid=0x2000fe18 used=760 free=776 size=1536 ret=0 run=26 sample=26
DBG_STACK name=mesh_route tid=0x2000d560 used=5888 free=2304 size=8192 ret=0 run=26 sample=26
DBG_STACK name=sysworkq tid=0x20010d70 used=2408 free=2072 size=4480 ret=0 run=26 sample=26
DBG_STACK name=MPSL Work tid=0x20010b28 used=376 free=648 size=1024 ret=0 run=26 sample=26
DBG_STACK name=logging tid=0x2000f920 used=480 free=1568 size=2048 ret=0 run=26 sample=26
DBG_STACK name=idle tid=0x20010c00 used=64 free=256 size=320 ret=0 run=26 sample=26
DBG_STACK_SAMPLE_END run=26 sample=26
DBG_STACK_RUN_END epoch=8580734665119723956 run=26 kind=ble_backpressure owner=system_workqueue outcome=ack queue=2 custody=0 credit=1 retry=0 drain=2 src=11068027678940948070 dst=11068027678940948070 session=3716273549 seq=54669 type=65 samples=1 sequence=0 previous=0 uptime=116459
DBG_STACK_RUN_BEGIN epoch=8580734665119723956 run=27 kind=ble_backpressure owner=system_workqueue queue=1 custody=1 credit=0 retry=0 drain=1 src=11068027678940948070 dst=11068027678940948070 session=41156640 seq=32 type=86 sequence=0 previous=0 uptime=116882
DBG_STACK_SAMPLE_BEGIN epoch=8580734665119723956 run=27 sample=27 kind=ble_backpressure owner=system_workqueue queue=1 custody=1 credit=0 retry=0 drain=1 src=11068027678940948070 dst=11068027678940948070 session=41156640 seq=32 type=86 uptime=116882
DBG_STACK_ISR_CONFIG size=8192 run=27 sample=27
DBG_STACK name=BT RX WQ tid=0x2000fe18 used=760 free=776 size=1536 ret=0 run=27 sample=27
DBG_STACK name=mesh_route tid=0x2000d560 used=5888 free=2304 size=8192 ret=0 run=27 sample=27
DBG_STACK name=sysworkq tid=0x20010d70 used=2408 free=2072 size=4480 ret=0 run=27 sample=27
DBG_STACK name=MPSL Work tid=0x20010b28 used=376 free=648 size=1024 ret=0 run=27 sample=27
DBG_STACK name=logging tid=0x2000f920 used=480 free=1568 size=2048 ret=0 run=27 sample=27
DBG_STACK name=idle tid=0x20010c00 used=64 free=256 size=320 ret=0 run=27 sample=27
DBG_STACK_SAMPLE_END run=27 sample=27
DBG_STACK_RUN_END epoch=8580734665119723956 run=27 kind=ble_backpressure owner=system_workqueue outcome=ack queue=1 custody=0 credit=1 retry=0 drain=1 src=11068027678940948070 dst=11068027678940948070 session=41156640 seq=32 type=86 samples=1 sequence=0 previous=0 uptime=116899
DBG_GATEWAY_CH9_RX_CONT_RESULT start=116441 end=116942 ret=-116 fail=0 status=0x00000000 len=0 frames=0
DBG_GATEWAY_CH9_RX_CONT_ARM now=116944 rem=500 frames=0 errors=0
DBG_GATEWAY_CH9_RX_CONT_RESULT start=116944 end=117445 ret=-116 fail=0 status=0x00000000 len=0 frames=0
DBG_GATEWAY_CH9_RX_CONT_ARM now=117447 rem=500 frames=0 errors=0
DBG_GATEWAY_COMMAND_PRIORITY_SUBMIT ret=0 now=117692
DBG_STACK_RUN_BEGIN epoch=8580734665119723956 run=28 kind=ble_backpressure owner=system_workqueue queue=1 custody=1 credit=0 retry=0 drain=1 src=11068027678940948070 dst=11068027678940948070 session=41156641 seq=33 type=86 sequence=0 previous=0 uptime=117692
DBG_STACK_SAMPLE_BEGIN epoch=8580734665119723956 run=28 sample=28 kind=ble_backpressure owner=system_workqueue queue=1 custody=1 credit=0 retry=0 drain=1 src=11068027678940948070 dst=11068027678940948070 session=41156641 seq=33 type=86 uptime=117692
DBG_STACK_ISR_CONFIG size=8192 run=28 sample=28
DBG_STACK name=BT RX WQ tid=0x2000fe18 used=760 free=776 size=1536 ret=0 run=28 sample=28
DBG_STACK name=mesh_route tid=0x2000d560 used=5888 free=2304 size=8192 ret=0 run=28 sample=28
DBG_STACK name=sysworkq tid=0x20010d70 used=2408 free=2072 size=4480 ret=0 run=28 sample=28
DBG_STACK name=MPSL Work tid=0x20010b28 used=376 free=648 size=1024 ret=0 run=28 sample=28
DBG_STACK name=logging tid=0x2000f920 used=480 free=1568 size=2048 ret=0 run=28 sample=28
DBG_STACK name=idle tid=0x20010c00 used=64 free=256 size=320 ret=0 run=28 sample=28
DBG_STACK_SAMPLE_END run=28 sample=28
DBG_STACK_RUN_END epoch=8580734665119723956 run=28 kind=ble_backpressure owner=system_workqueue outcome=ack queue=3 custody=0 credit=1 retry=0 drain=3 src=11068027678940948070 dst=11068027678940948070 session=41156641 seq=33 type=86 samples=1 sequence=0 previous=0 uptime=117712
DBG_STACK_RUN_BEGIN epoch=8580734665119723956 run=29 kind=ble_backpressure owner=system_workqueue queue=2 custody=2 credit=0 retry=0 drain=2 src=11068027678940948070 dst=11068027678940948070 session=41156642 seq=34 type=86 sequence=0 previous=0 uptime=118142
DBG_STACK_SAMPLE_BEGIN epoch=8580734665119723956 run=29 sample=29 kind=ble_backpressure owner=system_workqueue queue=2 custody=2 credit=0 retry=0 drain=2 src=11068027678940948070 dst=11068027678940948070 session=41156642 seq=34 type=86 uptime=118142
DBG_STACK_ISR_CONFIG size=8192 run=29 sample=29
DBG_STACK name=BT RX WQ tid=0x2000fe18 used=760 free=776 size=1536 ret=0 run=29 sample=29
DBG_STACK name=mesh_route tid=0x2000d560 used=5888 free=2304 size=8192 ret=0 run=29 sample=29
DBG_STACK name=sysworkq tid=0x20010d70 used=2408 free=2072 size=4480 ret=0 run=29 sample=29
DBG_STACK name=MPSL Work tid=0x20010b28 used=376 free=648 size=1024 ret=0 run=29 sample=29
DBG_STACK name=logging tid=0x2000f920 used=480 free=1568 size=2048 ret=0 run=29 sample=29
DBG_STACK name=idle tid=0x20010c00 used=64 free=256 size=320 ret=0 run=29 sample=29
DBG_STACK_SAMPLE_END run=29 sample=29
DBG_STACK_RUN_END epoch=8580734665119723956 run=29 kind=ble_backpressure owner=system_workqueue outcome=ack queue=2 custody=0 credit=1 retry=0 drain=2 src=11068027678940948070 dst=11068027678940948070 session=41156642 seq=34 type=86 samples=1 sequence=0 previous=0 uptime=118161
DBG_GATEWAY_CH9_RX_CONT_RESULT start=117698 end=118199 ret=-116 fail=0 status=0x00000000 len=0 frames=0
DBG_GATEWAY_COMMAND_PRIORITY_SUBMIT ret=0 now=118200
DBG_GATEWAY_CH9_RX_CONT_ARM now=118201 rem=500 frames=0 errors=0
DBG_GATEWAY_CH9_RX_CONT_RESULT start=118201 end=118202 ret=-140 fail=0 status=0x00000000 len=0 frames=0
DBG_GATEWAY_CH9_RX_COMMAND_PREEMPT now=118203 rem=500 frames=0
DBG_GATEWAY_CH9_RX_CONT_DONE ret=-140 len=0 fail=0 recover=0
DBG_NC o=0000000000000004 g=00000004 w=00 e=0000003c s=00000005 q=0000>0004 r=00000000 f=00000024 t=00000000 p=00000000 a=00
DBG_NODE_COMM_SUBMIT handle=4 profile=0 token=17039364 deadline=128203
DBG_ENUM_FLOOD kind=1 handle=4
DBG_ENUM_CLAIM_TX epoch=41156643 round=1 ret=0
DBG_NODE_COMM_TX_BEGIN handle=4 profile=0 msg=64 dst=0x0 seq=4
DBG_CONTROL_RX_HANDOFF_READY abort=0
DBG_COORD state=idle owner=c5-flood reason=idle rx=0 tx=0 relay=0 route=0 ack=0 qack=0
DBG_WAKE_TRAIN_GUARD_OK
DBG_DWM_INVALIDATE tag=configure_radio_from_reset active_phy=3 configured=1 awake=1
DBG_DWM_MARK_UNCONFIGURED tag=initialise_radio prev_phy=0
DBG_WAKE_TRAIN_CONFIG_BEGIN
DBG_DWM_INVALIDATE tag=configure_radio_from_reset active_phy=2 configured=1 awake=0
DBG_DWM_MARK_UNCONFIGURED tag=initialise_radio prev_phy=0
DBG_WAKE_TRAIN_CONFIG_OK
DBG_WAKE_TRAIN_FIRST_SEND_BEGIN
DBG_WAKE_TRAIN_FIRST_SEND_OK
DBG_UWB_TX_CH5
DBG_TX_WAKE_CLAIM_SENT
DBG_UWB_TX_CH5
DBG_TX_WAKE_CLAIM_SENT
DBG_UWB_TX_CH5
DBG_TX_WAKE_CLAIM_SENT
DBG_UWB_TX_CH5
DBG_TX_WAKE_CLAIM_SENT
DBG_UWB_TX_CH5
DBG_TX_WAKE_CLAIM_SENT
DBG_UWB_TX_CH5
DBG_TX_WAKE_CLAIM_SENT
DBG_UWB_TX_CH5
DBG_TX_WAKE_CLAIM_SENT
DBG_UWB_TX_CH5
DBG_TX_WAKE_CLAIM_SENT
DBG_UWB_TX_CH5
DBG_TX_WAKE_CLAIM_SENT
DBG_UWB_TX_CH5
DBG_TX_WAKE_CLAIM_SENT
DBG_UWB_TX_CH5
DBG_TX_WAKE_CLAIM_SENT
DBG_UWB_TX_CH5
DBG_TX_WAKE_CLAIM_SENT
DBG_UWB_TX_CH5
DBG_TX_WAKE_CLAIM_SENT
DBG_UWB_TX_CH5
DBG_TX_WAKE_CLAIM_SENT
DBG_UWB_TX_CH5
DBG_TX_WAKE_CLAIM_SENT
DBG_UWB_TX_CH5
DBG_TX_WAKE_CLAIM_SENT
DBG_UWB_TX_CH5
DBG_TX_WAKE_CLAIM_SENT
DBG_UWB_TX_CH5
DBG_TX_WAKE_CLAIM_SENT
DBG_UWB_TX_CH5
DBG_TX_WAKE_CLAIM_SENT
DBG_UWB_TX_CH5
DBG_TX_WAKE_CLAIM_SENT
DBG_UWB_TX_CH5
DBG_TX_WAKE_CLAIM_SENT
DBG_UWB_TX_CH5
DBG_TX_WAKE_CLAIM_SENT
DBG_UWB_TX_CH5
DBG_TX_WAKE_CLAIM_SENT
DBG_UWB_TX_CH5
DBG_TX_WAKE_CLAIM_SENT
DBG_UWB_TX_CH5
DBG_TX_WAKE_CLAIM_SENT
DBG_UWB_TX_CH5
DBG_TX_WAKE_CLAIM_SENT
DBG_UWB_TX_CH5
DBG_TX_WAKE_CLAIM_SENT
DBG_UWB_TX_CH5
DBG_TX_WAKE_CLAIM_SENT
DBG_UWB_TX_CH5
DBG_TX_WAKE_CLAIM_SENT
DBG_UWB_TX_CH5
DBG_TX_WAKE_CLAIM_SENT
DBG_UWB_TX_CH5
DBG_TX_WAKE_CLAIM_SENT
DBG_UWB_TX_CH5
DBG_TX_WAKE_CLAIM_SENT
DBG_UWB_TX_CH5
DBG_TX_WAKE_CLAIM_SENT
DBG_UWB_TX_CH5
DBG_TX_WAKE_CLAIM_SENT
DBG_UWB_TX_CH5
DBG_TX_WAKE_CLAIM_SENT
DBG_UWB_TX_CH5
DBG_TX_WAKE_CLAIM_SENT
DBG_UWB_TX_CH5
DBG_TX_WAKE_CLAIM_SENT
DBG_STACK_RUN_BEGIN epoch=8580734665119723956 run=30 kind=ble_backpressure owner=system_workqueue queue=1 custody=1 credit=0 retry=0 drain=1 src=11068027678940948070 dst=11068027678940948070 session=41156644 seq=36 type=86 sequence=0 previous=0 uptime=118592
DBG_STACK_SAMPLE_BEGIN epoch=8580734665119723956 run=30 sample=30 kind=ble_backpressure owner=system_workqueue queue=1 custody=1 credit=0 retry=0 drain=1 src=11068027678940948070 dst=11068027678940948070 session=41156644 seq=36 type=86 uptime=118592
DBG_STACK_ISR_CONFIG size=8192 run=30 sample=30
DBG_STACK name=BT RX WQ tid=0x2000fe18 used=760 free=776 size=1536 ret=0 run=30 sample=30
DBG_STACK name=mesh_route tid=0x2000d560 used=5888 free=2304 size=8192 ret=0 run=30 sample=30
DBG_STACK name=sysworkq tid=0x20010d70 used=2408 free=2072 size=4480 ret=0 run=30 sample=30
DBG_STACK name=MPSL Work tid=0x20010b28 used=376 free=648 size=1024 ret=0 run=30 sample=30
DBG_STACK name=logging tid=0x2000f920 used=480 free=1568 size=2048 ret=0 run=30 sample=30
DBG_STACK name=idle tid=0x20010c00 used=64 free=256 size=320 ret=0 run=30 sample=30
DBG_STACK_SAMPLE_END run=30 sample=30
DBG_STACK_RUN_END epoch=8580734665119723956 run=30 kind=ble_backpressure owner=system_workqueue outcome=ack queue=1 custody=0 credit=1 retry=0 drain=1 src=11068027678940948070 dst=11068027678940948070 session=41156644 seq=36 type=86 samples=1 sequence=0 previous=0 uptime=118609
DBG_UWB_TX_CH5
DBG_TX_WAKE_CLAIM_SENT
DBG_UWB_TX_CH5
DBG_TX_WAKE_CLAIM_SENT
DBG_UWB_TX_CH5
DBG_TX_WAKE_CLAIM_SENT
DBG_UWB_TX_CH5
DBG_TX_WAKE_CLAIM_SENT
DBG_UWB_TX_CH5
DBG_TX_WAKE_CLAIM_SENT
DBG_UWB_TX_CH5
DBG_TX_WAKE_CLAIM_SENT
DBG_UWB_TX_CH5
DBG_TX_WAKE_CLAIM_SENT
DBG_UWB_TX_CH5
DBG_TX_WAKE_CLAIM_SENT
DBG_UWB_TX_CH5
DBG_TX_WAKE_CLAIM_SENT
DBG_UWB_TX_CH5
DBG_TX_WAKE_CLAIM_SENT
DBG_UWB_TX_CH5
DBG_TX_WAKE_CLAIM_SENT
DBG_UWB_TX_CH5
DBG_TX_WAKE_CLAIM_SENT
DBG_UWB_TX_CH5
DBG_TX_WAKE_CLAIM_SENT
DBG_UWB_TX_CH5
DBG_TX_WAKE_CLAIM_SENT
DBG_UWB_TX_CH5
DBG_TX_WAKE_CLAIM_SENT
DBG_UWB_TX_CH5
DBG_TX_WAKE_CLAIM_SENT
DBG_UWB_TX_CH5
DBG_TX_WAKE_CLAIM_SENT
DBG_UWB_TX_CH5
DBG_TX_WAKE_CLAIM_SENT
DBG_UWB_TX_CH5
DBG_TX_WAKE_CLAIM_SENT
DBG_UWB_TX_CH5
DBG_TX_WAKE_CLAIM_SENT
DBG_UWB_TX_CH5
DBG_TX_WAKE_CLAIM_SENT
DBG_UWB_TX_CH5
DBG_TX_WAKE_CLAIM_SENT
DBG_UWB_TX_CH5
DBG_TX_WAKE_CLAIM_SENT
DBG_UWB_TX_CH5
DBG_TX_WAKE_CLAIM_SENT
DBG_UWB_TX_CH5
DBG_TX_WAKE_CLAIM_SENT
DBG_UWB_TX_CH5
DBG_TX_WAKE_CLAIM_SENT
DBG_UWB_TX_CH5
DBG_TX_WAKE_CLAIM_SENT
DBG_UWB_TX_CH5
DBG_TX_WAKE_CLAIM_SENT
DBG_UWB_TX_CH5
DBG_TX_WAKE_CLAIM_SENT
DBG_UWB_TX_CH5
DBG_TX_WAKE_CLAIM_SENT
DBG_UWB_TX_CH5
DBG_TX_WAKE_CLAIM_SENT
DBG_UWB_TX_CH5
DBG_TX_WAKE_CLAIM_SENT
DBG_UWB_TX_CH5
DBG_TX_WAKE_CLAIM_SENT
DBG_UWB_TX_CH5
DBG_TX_WAKE_CLAIM_SENT
DBG_UWB_TX_CH5
DBG_TX_WAKE_CLAIM_SENT
DBG_UWB_TX_CH5
DBG_TX_WAKE_CLAIM_SENT
DBG_UWB_TX_CH5
DBG_TX_WAKE_CLAIM_SENT
DBG_UWB_TX_CH5
DBG_TX_WAKE_CLAIM_SENT
DBG_UWB_TX_CH5
DBG_TX_WAKE_CLAIM_SENT
DBG_UWB_TX_CH5
DBG_TX_WAKE_CLAIM_SENT
DBG_UWB_TX_CH5
DBG_TX_WAKE_CLAIM_SENT
DBG_UWB_TX_CH5
DBG_TX_WAKE_CLAIM_SENT
DBG_UWB_TX_CH5
DBG_TX_WAKE_CLAIM_SENT
DBG_UWB_TX_CH5
DBG_TX_WAKE_CLAIM_SENT
DBG_UWB_TX_CH5
DBG_TX_WAKE_CLAIM_SENT
DBG_UWB_TX_CH5
DBG_TX_WAKE_CLAIM_SENT
DBG_UWB_TX_CH5
DBG_TX_WAKE_CLAIM_SENT
DBG_UWB_TX_CH5
DBG_TX_WAKE_CLAIM_SENT
DBG_UWB_TX_CH5
DBG_TX_WAKE_CLAIM_SENT
DBG_UWB_TX_CH5
DBG_TX_WAKE_CLAIM_SENT
DBG_UWB_TX_CH5
DBG_TX_WAKE_CLAIM_SENT
DBG_UWB_TX_CH5
DBG_TX_WAKE_CLAIM_SENT
DBG_UWB_TX_CH5
DBG_TX_WAKE_CLAIM_SENT
DBG_UWB_TX_CH5
DBG_TX_WAKE_CLAIM_SENT
DBG_UWB_TX_CH5
DBG_TX_WAKE_CLAIM_SENT
DBG_UWB_TX_CH5
DBG_TX_WAKE_CLAIM_SENT
DBG_UWB_TX_CH5
DBG_TX_WAKE_CLAIM_SENT
DBG_UWB_TX_CH5
DBG_TX_WAKE_CLAIM_SENT
DBG_UWB_TX_CH5
DBG_TX_WAKE_CLAIM_SENT
DBG_UWB_TX_CH5
DBG_TX_WAKE_CLAIM_SENT
DBG_UWB_TX_CH5
DBG_TX_WAKE_CLAIM_SENT
DBG_UWB_TX_CH5
DBG_TX_WAKE_CLAIM_SENT
DBG_UWB_TX_CH5
DBG_TX_WAKE_CLAIM_SENT
DBG_UWB_TX_CH5
DBG_TX_WAKE_CLAIM_SENT
DBG_UWB_TX_CH5
DBG_TX_WAKE_CLAIM_SENT
DBG_UWB_TX_CH5
DBG_TX_WAKE_CLAIM_SENT
DBG_UWB_TX_CH5
DBG_TX_WAKE_CLAIM_SENT
DBG_UWB_TX_CH5
DBG_TX_WAKE_CLAIM_SENT
DBG_UWB_TX_CH5
DBG_TX_WAKE_CLAIM_SENT
DBG_UWB_TX_CH5
DBG_TX_WAKE_CLAIM_SENT
DBG_UWB_TX_CH5
DBG_TX_WAKE_CLAIM_SENT
DBG_UWB_TX_CH5
DBG_TX_WAKE_CLAIM_SENT
DBG_UWB_TX_CH5
DBG_TX_WAKE_CLAIM_SENT
DBG_UWB_TX_CH5
DBG_TX_WAKE_CLAIM_SENT
DBG_UWB_TX_CH5
DBG_TX_WAKE_CLAIM_SENT
DBG_UWB_TX_CH5
DBG_TX_WAKE_CLAIM_SENT
DBG_UWB_TX_CH5
DBG_TX_WAKE_CLAIM_SENT
DBG_UWB_TX_CH5
DBG_TX_WAKE_CLAIM_SENT
DBG_DWM_INVALIDATE tag=configure_radio_from_reset active_phy=2 configured=1 awake=1
DBG_DWM_MARK_UNCONFIGURED tag=initialise_radio prev_phy=0
DBG_C5_CONTROL_FOLLOWUP_TURNAROUND delay=60 msg=40 reason=node-comm-bounded-control-flood
DBG_DWM_INVALIDATE tag=configure_radio_from_reset active_phy=2 configured=1 awake=0
DBG_DWM_MARK_UNCONFIGURED tag=initialise_radio prev_phy=0
DBG_DWM_INVALIDATE tag=configure_radio_from_reset active_phy=2 configured=1 awake=0
DBG_DWM_MARK_UNCONFIGURED tag=initialise_radio prev_phy=0
DBG_DWM_WAKE_MESH_CTRL_OK sfd=4073
DBG_C5_TX_CONFIG ret=0 ext=1 len=127 msg=40 reason=bounded-c5-flood
DBG_UWB_TX_CH5
DBG_NC o=0000000000000004 g=00000004 w=00 e=00000022 s=00000005 q=0004>0005 r=00000000 f=00000001 t=00000000 p=00000000 a=00
DBG_NC o=0000000000000004 g=00000004 w=00 e=00000042 s=00000005 q=0005>0006 r=00000000 f=00000001 t=00000000 p=00000000 a=00
DBG_NODE_COMM_ATTEMPT handle=4 profile=0 attempt=1 ret=0 rf=1 scheduled=0 state=0
DBG_GATEWAY_RX_START reason=gateway mesh restart active=1 qrx=0 qtx=0 adv_due=0
DBG_ENUM_RF_BEGIN kind=1 handle=4 attempt=1 tries=1
DBG_STACK_RUN_BEGIN epoch=8580734665119723956 run=31 kind=ble_backpressure owner=system_workqueue queue=1 custody=1 credit=0 retry=0 drain=1 src=11068027678940948070 dst=11068027678940948070 session=41156646 seq=38 type=86 sequence=0 previous=0 uptime=119430
DBG_STACK_SAMPLE_BEGIN epoch=8580734665119723956 run=31 sample=31 kind=ble_backpressure owner=system_workqueue queue=1 custody=1 credit=0 retry=0 drain=1 src=11068027678940948070 dst=11068027678940948070 session=41156646 seq=38 type=86 uptime=119430
DBG_STACK_ISR_CONFIG size=8192 run=31 sample=31
DBG_STACK name=BT RX WQ tid=0x2000fe18 used=760 free=776 size=1536 ret=0 run=31 sample=31
DBG_STACK name=mesh_route tid=0x2000d560 used=5888 free=2304 size=8192 ret=0 run=31 sample=31
DBG_STACK name=sysworkq tid=0x20010d70 used=2408 free=2072 size=4480 ret=0 run=31 sample=31
DBG_STACK name=MPSL Work tid=0x20010b28 used=376 free=648 size=1024 ret=0 run=31 sample=31
DBG_STACK name=logging tid=0x2000f920 used=480 free=1568 size=2048 ret=0 run=31 sample=31
DBG_STACK name=idle tid=0x20010c00 used=64 free=256 size=320 ret=0 run=31 sample=31
DBG_STACK_SAMPLE_END run=31 sample=31
DBG_STACK_RUN_END epoch=8580734665119723956 run=31 kind=ble_backpressure owner=system_workqueue outcome=ack queue=1 custody=0 credit=1 retry=0 drain=1 src=11068027678940948070 dst=11068027678940948070 session=41156646 seq=38 type=86 samples=1 sequence=0 previous=0 uptime=119456
DBG_GATEWAY_CH9_RX_CONT_ARM now=119459 rem=500 frames=0 errors=0
DBG_GATEWAY_CH9_RX_CONT_DONE ret=-140 len=0 fail=0 recover=0
DBG_NC o=0000000000000004 g=00000004 w=00 e=00000023 s=00000005 q=0006>0004 r=00000000 f=00000024 t=00000000 p=00000000 a=00
DBG_NODE_COMM_TX_BEGIN handle=4 profile=0 msg=64 dst=0x0 seq=4
DBG_CONTROL_RX_HANDOFF_READY abort=0
DBG_COORD state=idle owner=c5-flood reason=idle rx=0 tx=0 relay=0 route=0 ack=0 qack=0
DBG_DWM_INVALIDATE tag=configure_radio_from_reset active_phy=3 configured=1 awake=1
DBG_DWM_MARK_UNCONFIGURED tag=initialise_radio prev_phy=0
DBG_DWM_INVALIDATE tag=configure_radio_from_reset active_phy=2 configured=1 awake=0
DBG_DWM_MARK_UNCONFIGURED tag=initialise_radio prev_phy=0
DBG_DWM_WAKE_MESH_CTRL_OK sfd=4073
DBG_C5_TX_CONFIG ret=0 ext=1 len=127 msg=40 reason=bounded-c5-flood
DBG_UWB_TX_CH5
DBG_NC o=0000000000000004 g=00000004 w=00 e=00000022 s=00000005 q=0004>0005 r=00000000 f=00000001 t=00000000 p=00000000 a=00
DBG_NC o=0000000000000004 g=00000004 w=00 e=00000042 s=00000005 q=0005>0006 r=00000000 f=00000001 t=00000000 p=00000000 a=00
DBG_NODE_COMM_ATTEMPT handle=4 profile=0 attempt=2 ret=0 rf=1 scheduled=0 state=0
DBG_GATEWAY_RX_START reason=gateway mesh restart active=1 qrx=0 qtx=0 adv_due=0
DBG_COORD state=gateway-rx owner=uwb-rx reason=gateway-rx rx=0 tx=0 relay=0 route=0 ack=0 qack=0
DBG_DWM_INVALIDATE tag=configure_radio_from_reset active_phy=4 configured=1 awake=1
DBG_DWM_MARK_UNCONFIGURED tag=initialise_radio prev_phy=0
DBG_GATEWAY_CH9_RX_CONT_ARM now=119551 rem=500 frames=0 errors=0
DBG_GATEWAY_CH9_RX_CONT_RESULT start=119551 end=119564 ret=-140 fail=0 status=0x02000000 len=0 frames=0
DBG_GATEWAY_CH9_RX_COMMAND_PREEMPT now=119565 rem=500 frames=0
DBG_GATEWAY_CH9_RX_CONT_DONE ret=-140 len=0 fail=0 recover=0
DBG_NC o=0000000000000004 g=00000004 w=00 e=00000023 s=00000005 q=0006>0004 r=00000000 f=00000024 t=00000000 p=00000000 a=00
DBG_NODE_COMM_TX_BEGIN handle=4 profile=0 msg=64 dst=0x0 seq=4
DBG_CONTROL_RX_HANDOFF_READY abort=0
DBG_COORD state=idle owner=c5-flood reason=idle rx=0 tx=0 relay=0 route=0 ack=0 qack=0
DBG_DWM_INVALIDATE tag=configure_radio_from_reset active_phy=3 configured=1 awake=1
DBG_DWM_MARK_UNCONFIGURED tag=initialise_radio prev_phy=0
DBG_DWM_INVALIDATE tag=configure_radio_from_reset active_phy=2 configured=1 awake=0
DBG_DWM_MARK_UNCONFIGURED tag=initialise_radio prev_phy=0
DBG_DWM_WAKE_MESH_CTRL_OK sfd=4073
DBG_C5_TX_CONFIG ret=0 ext=1 len=127 msg=40 reason=bounded-c5-flood
DBG_UWB_TX_CH5
DBG_NC o=0000000000000004 g=00000004 w=00 e=00000022 s=00000005 q=0004>0005 r=00000000 f=00000001 t=00000000 p=00000000 a=00
DBG_NC o=0000000000000004 g=00000004 w=00 e=00000042 s=00000005 q=0005>0006 r=00000000 f=00000001 t=00000000 p=00000000 a=00
DBG_NODE_COMM_ATTEMPT handle=4 profile=0 attempt=3 ret=0 rf=1 scheduled=0 state=0
DBG_GATEWAY_RX_START reason=gateway mesh restart active=1 qrx=0 qtx=0 adv_due=0
DBG_COORD state=gateway-rx owner=uwb-rx reason=gateway-rx rx=0 tx=0 relay=0 route=0 ack=0 qack=0
DBG_DWM_INVALIDATE tag=configure_radio_from_reset active_phy=4 configured=1 awake=1
DBG_DWM_MARK_UNCONFIGURED tag=initialise_radio prev_phy=0
DBG_GATEWAY_CH9_RX_CONT_ARM now=119648 rem=500 frames=0 errors=0
DBG_GATEWAY_CH9_RX_CONT_RESULT start=119648 end=119661 ret=-140 fail=0 status=0x02000000 len=0 frames=0
DBG_GATEWAY_CH9_RX_COMMAND_PREEMPT now=119661 rem=500 frames=0
DBG_GATEWAY_CH9_RX_CONT_DONE ret=-140 len=0 fail=0 recover=0
DBG_NC o=0000000000000004 g=00000004 w=00 e=00000023 s=00000005 q=0006>0004 r=00000000 f=00000024 t=00000000 p=00000000 a=00
DBG_NODE_COMM_TX_BEGIN handle=4 profile=0 msg=64 dst=0x0 seq=4
DBG_CONTROL_RX_HANDOFF_READY abort=0
DBG_COORD state=idle owner=c5-flood reason=idle rx=0 tx=0 relay=0 route=0 ack=0 qack=0
DBG_DWM_INVALIDATE tag=configure_radio_from_reset active_phy=3 configured=1 awake=1
DBG_DWM_MARK_UNCONFIGURED tag=initialise_radio prev_phy=0
DBG_DWM_INVALIDATE tag=configure_radio_from_reset active_phy=2 configured=1 awake=0
DBG_DWM_MARK_UNCONFIGURED tag=initialise_radio prev_phy=0
DBG_DWM_WAKE_MESH_CTRL_OK sfd=4073
DBG_C5_TX_CONFIG ret=0 ext=1 len=127 msg=40 reason=bounded-c5-flood
DBG_UWB_TX_CH5
DBG_NC o=0000000000000004 g=00000004 w=00 e=00000022 s=00000005 q=0004>0005 r=00000000 f=00000001 t=00000000 p=00000000 a=00
DBG_NC o=0000000000000004 g=00000004 w=00 e=00000041 s=00000005 q=0005>0008 r=00000000 f=00000026 t=00000000 p=00000001 a=04
DBG_NODE_COMM_ATTEMPT handle=4 profile=0 attempt=4 ret=0 rf=1 scheduled=0 state=0
DBG_GATEWAY_RX_START reason=gateway mesh restart active=1 qrx=0 qtx=0 adv_due=0
DBG_ENUM_RF_RESULT kind=1 handle=4 success=1 reason=0 tries=4
DBG_COORD state=gateway-rx owner=uwb-rx reason=gateway-rx rx=0 tx=0 relay=0 route=0 ack=0 qack=0
DBG_DWM_INVALIDATE tag=configure_radio_from_reset active_phy=4 configured=1 awake=1
DBG_DWM_MARK_UNCONFIGURED tag=initialise_radio prev_phy=0
DBG_GATEWAY_CH9_RX_CONT_ARM now=119745 rem=500 frames=0 errors=0
DBG_GATEWAY_CH9_RX_CONT_RESULT start=119745 end=120086 ret=0 fail=0 status=0x02006f00 len=97 frames=0
DBG_UWB_RX_CH9
DBG_GATEWAY_CH9_RX_RELEASE_IDLE
DBG_GATEWAY_RX_DECODE ch=9 msg=0x41 src=0x191a9619c6c8cb07 dst=0x9999888877776666 prev=0x191a9619c6c8cb07 seq=4 flags=0x14 ple
DBG_UWB_RX_CH9
DBG_MESH_RX_QUEUED ch=9 msg=0x41 src=0x191a9619c6c8cb07 dst=0x9999888877776666 prev=0x191a9619c6c8cb07 seq=4 q=1
DBG_MESH_RX_DIRECT_WAIT q=1 reason=gateway-ch9-continuous-rx
DBG_MESH_RX_DIRECT_ENTER q=1 reason=gateway-ch9-continuous-rx
DBG_MESH_RX_DRAIN_ENTER owner=gateway-ch9-continuous-rx q=1
DBG_ENUM_ADAPTIVE_DEADLINE stage=0 observed_hop=1 next_hop=2 wait=4678 deadline=124769
DBG_ENUM_CLAIM_RX epoch=41156643 anchor=0x191a9619c6c8cb07 hop=1 responders=1 roster=1 retained=0
DBG_GATEWAY_ACK_INPUT type=65 src=0x191a9619c6c8cb07 dst=0x9999888877776666 rxseq=4 ackseq=17 len=36 flags=0x14 meta=0
DBG_GATEWAY_ACK_GUARD ms=10 seq=17 owner=control
DBG_STACK_RUN_BEGIN epoch=8580734665119723956 run=32 kind=ble_backpressure owner=system_workqueue queue=1 custody=1 credit=0 retry=0 drain=1 src=11068027678940948070 dst=11068027678940948070 session=41156647 seq=39 type=86 sequence=0 previous=0 uptime=120093
DBG_STACK_SAMPLE_BEGIN epoch=8580734665119723956 run=32 sample=32 kind=ble_backpressure owner=system_workqueue queue=1 custody=1 credit=0 retry=0 drain=1 src=11068027678940948070 dst=11068027678940948070 session=41156647 seq=39 type=86 uptime=120103
DBG_STACK_ISR_CONFIG size=8192 run=32 sample=32
DBG_STACK name=BT RX WQ tid=0x2000fe18 used=760 free=776 size=1536 ret=0 run=32 sample=32
DBG_STACK name=mesh_route tid=0x2000d560 used=5888 free=2304 size=8192 ret=0 run=32 sample=32
DBG_STACK name=sysworkq tid=0x20010d70 used=2408 free=2072 size=4480 ret=0 run=32 sample=32
DBG_STACK name=MPSL Work tid=0x20010b28 used=376 free=648 size=1024 ret=0 run=32 sample=32
DBG_STACK name=logging tid=0x2000f920 used=480 free=1568 size=2048 ret=0 run=32 sample=32
DBG_STACK name=idle tid=0x20010c00 used=64 free=256 size=320 ret=0 run=32 sample=32
DBG_STACK_SAMPLE_END run=32 sample=32
DBG_STACK_RUN_END epoch=8580734665119723956 run=32 kind=ble_backpressure owner=system_workqueue outcome=ack queue=1 custody=0 credit=1 retry=0 drain=1 src=11068027678940948070 dst=11068027678940948070 session=41156647 seq=39 type=86 samples=1 sequence=0 previous=0 uptime=120128
DBG_GATEWAY_CH9_RX_CONT_RESULT start=120110 end=120220 ret=-116 fail=0 status=0x00000000 len=0 frames=1
DBG_MESH_RX_WORK_WAIT q=0
DBG_MESH_RX_WORK_ENTER q=0
DBG_MESH_RX_DRAIN_ENTER owner=work q=0
DBG_MESH_RX_DRAIN_EXIT owner=work handled=0 q=0
DBG_MESH_RX_WORK_EXIT handled=0 q=0
DBG_GATEWAY_RX_REARM_RUN delay=0 ret=1 active=1
DBG_COORD state=gateway-rx owner=uwb-rx reason=gateway-rx rx=0 tx=0 relay=0 route=0 ack=0 qack=0
DBG_GATEWAY_CH9_RX_CONT_ARM now=120221 rem=500 frames=0 errors=0
DBG_GATEWAY_CH9_RX_CONT_RESULT start=120221 end=120452 ret=0 fail=0 status=0x00006f00 len=97 frames=0
DBG_UWB_RX_CH9
DBG_GATEWAY_CH9_RX_RELEASE_IDLE
DBG_GATEWAY_RX_DECODE ch=9 msg=0x41 src=0x56da25fe4af6d141 dst=0x9999888877776666 prev=0x56da25fe4af6d141 seq=4 flags=0x14 ple
DBG_UWB_RX_CH9
DBG_MESH_RX_QUEUED ch=9 msg=0x41 src=0x56da25fe4af6d141 dst=0x9999888877776666 prev=0x56da25fe4af6d141 seq=4 q=1
DBG_MESH_RX_DIRECT_WAIT q=1 reason=gateway-ch9-continuous-rx
DBG_MESH_RX_DIRECT_ENTER q=1 reason=gateway-ch9-continuous-rx
DBG_MESH_RX_DRAIN_ENTER owner=gateway-ch9-continuous-rx q=1
DBG_ENUM_ADAPTIVE_DEADLINE stage=0 observed_hop=1 next_hop=2 wait=4678 deadline=125135
DBG_ENUM_CLAIM_RX epoch=41156643 anchor=0x56da25fe4af6d141 hop=1 responders=2 roster=2 retained=0
DBG_GATEWAY_ACK_INPUT type=65 src=0x56da25fe4af6d141 dst=0x9999888877776666 rxseq=4 ackseq=18 len=36 flags=0x14 meta=0
DBG_GATEWAY_ACK_GUARD ms=10 seq=18 owner=control
DBG_COORD state=idle owner=gateway-ack-immediate-channel9 reason=idle rx=0 tx=0 relay=0 route=0 ack=0 qack=0
DBG_CH9_TX_CONFIG ret=0 now=120469 earliest=0 msg=32
DBG_CH9_TX_SEND_AT now=120470 earliest=0 msg=32 len=105
DBG_CH9_TX_RELEASE_IDLE msg=32 seq=18 reason=gateway-ack-immediate-channel9 ret=0
DBG_UWB_TX_CH9
DBG_GATEWAY_ACK_TX_LED
DBG_GATEWAY_RX_REARM_DEFER delay=0 ret=1 active=1
DBG_GATEWAY_RX_START reason=gateway mesh restart active=1 qrx=0 qtx=0 adv_due=0
DBG_GATEWAY_ACK_SEND ret=0 seq=18 dst=0x56da25fe4af6d141 next=0x56da25fe4af6d141
DBG_MESH_RX_DRAIN_EXIT owner=gateway-ch9-continuous-rx handled=1 q=0
DBG_STACK_RUN_BEGIN epoch=8580734665119723956 run=33 kind=ble_backpressure owner=system_workqueue queue=1 custody=1 credit=0 retry=0 drain=1 src=11068027678940948070 dst=11068027678940948070 session=41156648 seq=40 type=86 sequence=0 previous=0 uptime=120572
DBG_STACK_SAMPLE_BEGIN epoch=8580734665119723956 run=33 sample=33 kind=ble_backpressure owner=system_workqueue queue=1 custody=1 credit=0 retry=0 drain=1 src=11068027678940948070 dst=11068027678940948070 session=41156648 seq=40 type=86 uptime=120572
DBG_STACK_ISR_CONFIG size=8192 run=33 sample=33
DBG_STACK name=BT RX WQ tid=0x2000fe18 used=760 free=776 size=1536 ret=0 run=33 sample=33
DBG_STACK name=mesh_route tid=0x2000d560 used=5888 free=2304 size=8192 ret=0 run=33 sample=33
DBG_STACK name=sysworkq tid=0x20010d70 used=2408 free=2072 size=4480 ret=0 run=33 sample=33
DBG_STACK name=MPSL Work tid=0x20010b28 used=376 free=648 size=1024 ret=0 run=33 sample=33
DBG_STACK name=logging tid=0x2000f920 used=480 free=1568 size=2048 ret=0 run=33 sample=33
DBG_STACK name=idle tid=0x20010c00 used=64 free=256 size=320 ret=0 run=33 sample=33
DBG_STACK_SAMPLE_END run=33 sample=33
DBG_STACK_RUN_END epoch=8580734665119723956 run=33 kind=ble_backpressure owner=system_workqueue outcome=ack queue=1 custody=0 credit=1 retry=0 drain=1 src=11068027678940948070 dst=11068027678940948070 session=41156648 seq=40 type=86 samples=1 sequence=0 previous=0 uptime=120596
DBG_GATEWAY_CH9_RX_CONT_RESULT start=120475 end=120722 ret=-116 fail=0 status=0x00000000 len=0 frames=1
DBG_MESH_RX_WORK_WAIT q=0
DBG_MESH_RX_WORK_ENTER q=0
DBG_MESH_RX_DRAIN_ENTER owner=work q=0
DBG_MESH_RX_DRAIN_EXIT owner=work handled=0 q=0
DBG_MESH_RX_WORK_EXIT handled=0 q=0
DBG_GATEWAY_RX_REARM_RUN delay=0 ret=1 active=1
DBG_COORD state=gateway-rx owner=uwb-rx reason=gateway-rx rx=0 tx=0 relay=0 route=0 ack=0 qack=0
DBG_GATEWAY_CH9_RX_CONT_ARM now=120723 rem=500 frames=0 errors=0
DBG_GATEWAY_CH9_RX_CONT_RESULT start=120723 end=121224 ret=-116 fail=0 status=0x00000000 len=0 frames=0
DBG_GATEWAY_CH9_RX_CONT_ARM now=121226 rem=500 frames=0 errors=0
DBG_GATEWAY_CH9_RX_CONT_RESULT start=121226 end=121727 ret=-116 fail=0 status=0x00000000 len=0 frames=0
DBG_GATEWAY_CH9_RX_CONT_ARM now=121729 rem=500 frames=0 errors=0
DBG_GATEWAY_CH9_RX_CONT_RESULT start=121729 end=121740 ret=0 fail=0 status=0x00006f00 len=97 frames=0
DBG_UWB_RX_CH9
DBG_GATEWAY_CH9_RX_RELEASE_IDLE
DBG_GATEWAY_RX_DECODE ch=9 msg=0x41 src=0x708bc0aab970300e dst=0x9999888877776666 prev=0x708bc0aab970300e seq=4 flags=0x14 ple
DBG_UWB_RX_CH9
DBG_MESH_RX_QUEUED ch=9 msg=0x41 src=0x708bc0aab970300e dst=0x9999888877776666 prev=0x708bc0aab970300e seq=4 q=1
DBG_MESH_RX_DIRECT_WAIT q=1 reason=gateway-ch9-continuous-rx
DBG_MESH_RX_DIRECT_ENTER q=1 reason=gateway-ch9-continuous-rx
DBG_MESH_RX_DRAIN_ENTER owner=gateway-ch9-continuous-rx q=1
DBG_ENUM_ADAPTIVE_DEADLINE stage=0 observed_hop=1 next_hop=2 wait=4677 deadline=126422
DBG_ENUM_CONFIRM ret=1
DBG_ENUM_CLAIM_RX epoch=41156643 anchor=0x708bc0aab970300e hop=1 responders=3 roster=3 retained=0
DBG_GATEWAY_ACK_INPUT type=65 src=0x708bc0aab970300e dst=0x9999888877776666 rxseq=4 ackseq=19 len=36 flags=0x14 meta=0
DBG_GATEWAY_ACK_GUARD ms=10 seq=19 owner=control
DBG_STACK_RUN_BEGIN epoch=8580734665119723956 run=34 kind=ble_backpressure owner=system_workqueue queue=1 custody=1 credit=0 retry=0 drain=1 src=11068027678940948070 dst=11068027678940948070 session=41156649 seq=41 type=86 sequence=0 previous=0 uptime=121747
DBG_STACK_SAMPLE_BEGIN epoch=8580734665119723956 run=34 sample=34 kind=ble_backpressure owner=system_workqueue queue=1 custody=1 credit=0 retry=0 drain=1 src=11068027678940948070 dst=11068027678940948070 session=41156649 seq=41 type=86 uptime=121769
DBG_STACK_ISR_CONFIG size=8192 run=34 sample=34
DBG_STACK name=BT RX WQ tid=0x2000fe18 used=760 free=776 size=1536 ret=0 run=34 sample=34
DBG_STACK name=mesh_route tid=0x2000d560 used=5888 free=2304 size=8192 ret=0 run=34 sample=34
DBG_STACK name=sysworkq tid=0x20010d70 used=2408 free=2072 size=4480 ret=0 run=34 sample=34
DBG_STACK name=MPSL Work tid=0x20010b28 used=376 free=648 size=1024 ret=0 run=34 sample=34
DBG_STACK name=logging tid=0x2000f920 used=480 free=1568 size=2048 ret=0 run=34 sample=34
DBG_STACK name=idle tid=0x20010c00 used=64 free=256 size=320 ret=0 run=34 sample=34
DBG_STACK_SAMPLE_END run=34 sample=34
DBG_STACK_RUN_END epoch=8580734665119723956 run=34 kind=ble_backpressure owner=system_workqueue outcome=ack queue=1 custody=0 credit=1 retry=0 drain=1 src=11068027678940948070 dst=11068027678940948070 session=41156649 seq=41 type=86 samples=1 sequence=0 previous=0 uptime=121789
DBG_COORD state=idle owner=gateway-ack-immediate-channel9 reason=idle rx=0 tx=0 relay=0 route=0 ack=0 qack=0
DBG_CH9_TX_CONFIG ret=0 now=121790 earliest=0 msg=32
DBG_CH9_TX_SEND_AT now=121790 earliest=0 msg=32 len=105
DBG_CH9_TX_RELEASE_IDLE msg=32 seq=20 reason=gateway-ack-immediate-channel9 ret=0
DBG_UWB_TX_CH9
DBG_GATEWAY_ACK_TX_LED
DBG_GATEWAY_CH9_RX_CONT_RESULT start=121795 end=122230 ret=-116 fail=0 status=0x00000000 len=0 frames=2
DBG_MESH_RX_WORK_WAIT q=0
DBG_MESH_RX_WORK_ENTER q=0
DBG_MESH_RX_DRAIN_ENTER owner=work q=0
DBG_MESH_RX_DRAIN_EXIT owner=work handled=0 q=0
DBG_MESH_RX_WORK_EXIT handled=0 q=0
DBG_GATEWAY_COMMAND_PRIORITY_SUBMIT ret=0 now=122231
DBG_GATEWAY_RX_REARM_RUN delay=0 ret=1 active=1
DBG_COORD state=gateway-rx owner=uwb-rx reason=gateway-rx rx=0 tx=0 relay=0 route=0 ack=0 qack=0
DBG_GATEWAY_CH9_RX_CONT_ARM now=122232 rem=500 frames=0 errors=0
DBG_GATEWAY_CH9_RX_CONT_RESULT start=122232 end=122233 ret=-140 fail=0 status=0x00000000 len=0 frames=0
DBG_GATEWAY_CH9_RX_COMMAND_PREEMPT now=122233 rem=500 frames=0
DBG_GATEWAY_CH9_RX_CONT_DONE ret=-140 len=0 fail=0 recover=0
DBG_NC o=0000000000000005 g=00000005 w=00 e=0000003c s=00000005 q=0000>0004 r=00000000 f=00000024 t=00000000 p=00000000 a=00
DBG_NODE_COMM_SUBMIT handle=5 profile=6 token=17039365 deadline=132238
DBG_ENUM_FLOOD kind=2 handle=5
DBG_DWM_MARK_UNCONFIGURED tag=initialise_radio prev_phy=0
DBG_DWM_INVALIDATE tag=configure_radio_from_reset active_phy=2 configured=1 awake=0
DBG_DWM_MARK_UNCONFIGURED tag=initialise_radio prev_phy=0
DBG_DWM_WAKE_MESH_CTRL_OK sfd=4073
DBG_C5_TX_CONFIG ret=0 ext=1 len=187 msg=40 reason=bounded-c5-flood
DBG_UWB_TX_CH5
DBG_NC o=0000000000000005 g=00000005 w=00 e=00000022 s=00000005 q=0004>0005 r=00000000 f=00000001 t=00000000 p=00000000 a=00
DBG_NC o=0000000000000005 g=00000005 w=00 e=00000041 s=00000005 q=0005>0008 r=00000000 f=00000026 t=00000000 p=00000001 a=01
DBG_NODE_COMM_ATTEMPT handle=5 profile=6 attempt=1 ret=0 rf=1 scheduled=0 state=0
DBG_GATEWAY_RX_START reason=gateway mesh restart active=1 qrx=0 qtx=0 adv_due=0
DBG_ENUM_RF_RESULT kind=2 handle=5 success=1 reason=0 tries=1
DBG_COORD state=gateway-rx owner=uwb-rx reason=gateway-rx rx=0 tx=0 relay=0 route=0 ack=0 qack=0
DBG_DWM_INVALIDATE tag=configure_radio_from_reset active_phy=4 configured=1 awake=1
DBG_DWM_MARK_UNCONFIGURED tag=initialise_radio prev_phy=0
DBG_GATEWAY_CH9_RX_CONT_ARM now=122323 rem=500 frames=0 errors=0
DBG_GATEWAY_CH9_RX_CONT_RESULT start=122323 end=122567 ret=0 fail=0 status=0x02006f00 len=131 frames=0
DBG_UWB_RX_CH9
DBG_GATEWAY_CH9_RX_RELEASE_IDLE
DBG_GATEWAY_RX_DECODE ch=9 msg=0x41 src=0x708bc0aab970300e dst=0x9999888877776666 prev=0x708bc0aab970300e seq=5 flags=0x14 ple
DBG_UWB_RX_CH9
DBG_MESH_RX_QUEUED ch=9 msg=0x41 src=0x708bc0aab970300e dst=0x9999888877776666 prev=0x708bc0aab970300e seq=5 q=1
DBG_MESH_RX_DIRECT_WAIT q=1 reason=gateway-ch9-continuous-rx
DBG_MESH_RX_DIRECT_ENTER q=1 reason=gateway-ch9-continuous-rx
DBG_MESH_RX_DRAIN_ENTER owner=gateway-ch9-continuous-rx q=1
DBG_ENUM_ADAPTIVE_DEADLINE stage=1 observed_hop=1 next_hop=2 wait=4694 deadline=127265
DBG_DISCOVERY_SLOT_ACK_RX epoch=41156643 anchor=0x708bc0aab970300e hop=1 acked=1 missing=2
DBG_GATEWAY_ACK_INPUT type=65 src=0x708bc0aab970300e dst=0x9999888877776666 rxseq=5 ackseq=21 len=70 flags=0x14 meta=0
DBG_GATEWAY_ACK_GUARD ms=10 seq=21 owner=control
DBG_COORD state=idle owner=gateway-ack-immediate-channel9 reason=idle rx=0 tx=0 relay=0 route=0 ack=0 qack=0
DBG_CH9_TX_CONFIG ret=0 now=122584 earliest=0 msg=32
DBG_UWB_TX_CH9
DBG_GATEWAY_ACK_TX_LED
DBG_GATEWAY_CH9_RX_CONT_RESULT start=122589 end=122602 ret=0 fail=0 status=0x00006f00 len=105 frames=1
DBG_UWB_RX_CH9
DBG_GATEWAY_CH9_RX_RELEASE_IDLE
DBG_GATEWAY_RX_DECODE ch=9 msg=0x33 src=0x708bc0aab970300e dst=0x9999888877776666 prev=0x708bc0aab970300e seq=5 flags=0x04 ple
DBG_UWB_RX_CH9
DBG_MESH_RX_QUEUED ch=9 msg=0x33 src=0x708bc0aab970300e dst=0x9999888877776666 prev=0x708bc0aab970300e seq=5 q=1
DBG_COORD state=gateway-rx owner=gateway-ch9-continuous-rx reason=gateway-rx rx=1 tx=0 relay=0 route=0 ack=0 qack=0
DBG_MESH_RX_DIRECT_WAIT q=1 reason=gateway-ch9-continuous-rx
DBG_MESH_RX_DIRECT_ENTER q=1 reason=gateway-ch9-continuous-rx
DBG_MESH_RX_DRAIN_ENTER owner=gateway-ch9-continuous-rx q=1
DBG_ENUM_ADAPTIVE_DEADLINE stage=1 observed_hop=1 next_hop=2 wait=4700 deadline=127305
DBG_ENUM_CONFIRM ret=1
DBG_GATEWAY_ACK_INPUT type=51 src=0x708bc0aab970300e dst=0x9999888877776666 rxseq=5 ackseq=22 len=44 flags=0x04 meta=0
DBG_GATEWAY_ACK_GUARD ms=10 seq=22 owner=control
DBG_STACK_RUN_BEGIN epoch=8580734665119723956 run=35 kind=ble_backpressure owner=system_workqueue queue=1 custody=1 credit=0 retry=0 drain=1 src=11068027678940948070 dst=11068027678940948070 session=41156652 seq=44 type=86 sequence=0 previous=0 uptime=122607
DBG_STACK_SAMPLE_BEGIN epoch=8580734665119723956 run=35 sample=35 kind=ble_backpressure owner=system_workqueue queue=1 custody=1 credit=0 retry=0 drain=1 src=11068027678940948070 dst=11068027678940948070 session=41156652 seq=44 type=86 uptime=122613
DBG_STACK_ISR_CONFIG size=8192 run=35 sample=35
DBG_STACK name=BT RX WQ tid=0x2000fe18 used=760 free=776 size=1536 ret=0 run=35 sample=35
DBG_STACK name=mesh_route tid=0x2000d560 used=5888 free=2304 size=8192 ret=0 run=35 sample=35
DBG_STACK name=sysworkq tid=0x20010d70 used=2408 free=2072 size=4480 ret=0 run=35 sample=35
DBG_STACK name=MPSL Work tid=0x20010b28 used=376 free=648 size=1024 ret=0 run=35 sample=35
DBG_STACK name=logging tid=0x2000f920 used=480 free=1568 size=2048 ret=0 run=35 sample=35
DBG_STACK name=idle tid=0x20010c00 used=64 free=256 size=320 ret=0 run=35 sample=35
DBG_STACK_SAMPLE_END run=35 sample=35
DBG_STACK_RUN_END epoch=8580734665119723956 run=35 kind=ble_backpressure owner=system_workqueue outcome=ack queue=1 custody=0 credit=1 retry=0 drain=1 src=11068027678940948070 dst=11068027678940948070 session=41156652 seq=44 type=86 samples=1 sequence=0 previous=0 uptime=122638
DBG_GATEWAY_CH9_RX_CONT_RESULT start=122622 end=122798 ret=-116 fail=0 status=0x00000000 len=0 frames=2
DBG_MESH_RX_WORK_WAIT q=0
DBG_MESH_RX_WORK_ENTER q=0
DBG_MESH_RX_DRAIN_ENTER owner=work q=0
DBG_MESH_RX_DRAIN_EXIT owner=work handled=0 q=0
DBG_MESH_RX_WORK_EXIT handled=0 q=0
DBG_GATEWAY_RX_REARM_RUN delay=0 ret=1 active=1
DBG_COORD state=gateway-rx owner=uwb-rx reason=gateway-rx rx=0 tx=0 relay=0 route=0 ack=0 qack=0
DBG_GATEWAY_CH9_RX_CONT_ARM now=122799 rem=500 frames=0 errors=0
DBG_GATEWAY_CH9_RX_CONT_RESULT start=122799 end=122969 ret=0 fail=0 status=0x00006f00 len=131 frames=0
DBG_UWB_RX_CH9
DBG_GATEWAY_CH9_RX_RELEASE_IDLE
DBG_GATEWAY_RX_DECODE ch=9 msg=0x41 src=0x56da25fe4af6d141 dst=0x9999888877776666 prev=0x56da25fe4af6d141 seq=5 flags=0x14 ple
DBG_UWB_RX_CH9
DBG_MESH_RX_QUEUED ch=9 msg=0x41 src=0x56da25fe4af6d141 dst=0x9999888877776666 prev=0x56da25fe4af6d141 seq=5 q=1
DBG_MESH_RX_DIRECT_WAIT q=1 reason=gateway-ch9-continuous-rx
DBG_MESH_RX_DIRECT_ENTER q=1 reason=gateway-ch9-continuous-rx
DBG_MESH_RX_DRAIN_ENTER owner=gateway-ch9-continuous-rx q=1
DBG_ENUM_ADAPTIVE_DEADLINE stage=1 observed_hop=1 next_hop=2 wait=4694 deadline=127667
DBG_DISCOVERY_SLOT_ACK_RX epoch=41156643 anchor=0x56da25fe4af6d141 hop=1 acked=2 missing=1
DBG_GATEWAY_ACK_INPUT type=65 src=0x56da25fe4af6d141 dst=0x9999888877776666 rxseq=5 ackseq=23 len=70 flags=0x14 meta=0
DBG_GATEWAY_ACK_GUARD ms=10 seq=23 owner=control
DBG_COORD state=idle owner=gateway-ack-immediate-channel9 reason=idle rx=0 tx=0 relay=0 route=0 ack=0 qack=0
DBG_CH9_TX_CONFIG ret=0 now=122986 earliest=0 msg=32
DBG_UWB_TX_CH9
DBG_GATEWAY_ACK_TX_LED
DBG_GATEWAY_CH9_RX_CONT_RESULT start=122991 end=123004 ret=0 fail=0 status=0x00006f00 len=105 frames=1
DBG_UWB_RX_CH9
DBG_GATEWAY_CH9_RX_RELEASE_IDLE
DBG_GATEWAY_RX_DECODE ch=9 msg=0x33 src=0x56da25fe4af6d141 dst=0x9999888877776666 prev=0x56da25fe4af6d141 seq=5 flags=0x04 ple
DBG_UWB_RX_CH9
DBG_MESH_RX_QUEUED ch=9 msg=0x33 src=0x56da25fe4af6d141 dst=0x9999888877776666 prev=0x56da25fe4af6d141 seq=5 q=1
DBG_COORD state=gateway-rx owner=gateway-ch9-continuous-rx reason=gateway-rx rx=1 tx=0 relay=0 route=0 ack=0 qack=0
DBG_MESH_RX_DIRECT_WAIT q=1 reason=gateway-ch9-continuous-rx
DBG_MESH_RX_DIRECT_ENTER q=1 reason=gateway-ch9-continuous-rx
DBG_MESH_RX_DRAIN_ENTER owner=gateway-ch9-continuous-rx q=1
DBG_ENUM_ADAPTIVE_DEADLINE stage=1 observed_hop=1 next_hop=2 wait=4700 deadline=127707
DBG_ENUM_CONFIRM ret=1
DBG_GATEWAY_ACK_INPUT type=51 src=0x56da25fe4af6d141 dst=0x9999888877776666 rxseq=5 ackseq=24 len=44 flags=0x04 meta=0
DBG_GATEWAY_ACK_GUARD ms=10 seq=24 owner=control
DBG_UWB_TX_CH9
DBG_GATEWAY_ACK_TX_LED
DBG_STACK_RUN_BEGIN epoch=8580734665119723956 run=36 kind=ble_backpressure owner=system_workqueue queue=1 custody=1 credit=0 retry=0 drain=1 src=11068027678940948070 dst=11068027678940948070 session=41156653 seq=45 type=86 sequence=0 previous=0 uptime=123047
DBG_STACK_SAMPLE_BEGIN epoch=8580734665119723956 run=36 sample=36 kind=ble_backpressure owner=system_workqueue queue=1 custody=1 credit=0 retry=0 drain=1 src=11068027678940948070 dst=11068027678940948070 session=41156653 seq=45 type=86 uptime=123047
DBG_STACK_ISR_CONFIG size=8192 run=36 sample=36
DBG_STACK name=BT RX WQ tid=0x2000fe18 used=760 free=776 size=1536 ret=0 run=36 sample=36
DBG_STACK name=mesh_route tid=0x2000d560 used=5888 free=2304 size=8192 ret=0 run=36 sample=36
DBG_STACK name=sysworkq tid=0x20010d70 used=2408 free=2072 size=4480 ret=0 run=36 sample=36
DBG_STACK name=MPSL Work tid=0x20010b28 used=376 free=648 size=1024 ret=0 run=36 sample=36
DBG_STACK name=logging tid=0x2000f920 used=480 free=1568 size=2048 ret=0 run=36 sample=36
DBG_STACK name=idle tid=0x20010c00 used=64 free=256 size=320 ret=0 run=36 sample=36
DBG_STACK_SAMPLE_END run=36 sample=36
DBG_STACK_RUN_END epoch=8580734665119723956 run=36 kind=ble_backpressure owner=system_workqueue outcome=ack queue=1 custody=0 credit=1 retry=0 drain=1 src=11068027678940948070 dst=11068027678940948070 session=41156653 seq=45 type=86 samples=1 sequence=0 previous=0 uptime=123066
DBG_GATEWAY_CH9_RX_CONT_RESULT start=123024 end=123300 ret=-116 fail=0 status=0x00000000 len=0 frames=2
DBG_MESH_RX_WORK_WAIT q=0
DBG_MESH_RX_WORK_ENTER q=0
DBG_MESH_RX_DRAIN_ENTER owner=work q=0
DBG_MESH_RX_DRAIN_EXIT owner=work handled=0 q=0
DBG_MESH_RX_WORK_EXIT handled=0 q=0
DBG_GATEWAY_RX_REARM_RUN delay=0 ret=1 active=1
DBG_COORD state=gateway-rx owner=uwb-rx reason=gateway-rx rx=0 tx=0 relay=0 route=0 ack=0 qack=0
DBG_GATEWAY_CH9_RX_CONT_ARM now=123301 rem=500 frames=0 errors=0
DBG_GATEWAY_CH9_RX_CONT_RESULT start=123301 end=123617 ret=0 fail=0 status=0x00006f00 len=131 frames=0
DBG_UWB_RX_CH9
DBG_GATEWAY_CH9_RX_RELEASE_IDLE
DBG_GATEWAY_RX_DECODE ch=9 msg=0x41 src=0x191a9619c6c8cb07 dst=0x9999888877776666 prev=0x191a9619c6c8cb07 seq=5 flags=0x14 ple
DBG_UWB_RX_CH9
DBG_MESH_RX_QUEUED ch=9 msg=0x41 src=0x191a9619c6c8cb07 dst=0x9999888877776666 prev=0x191a9619c6c8cb07 seq=5 q=1
DBG_MESH_RX_DIRECT_WAIT q=1 reason=gateway-ch9-continuous-rx
DBG_MESH_RX_DIRECT_ENTER q=1 reason=gateway-ch9-continuous-rx
DBG_MESH_RX_DRAIN_ENTER owner=gateway-ch9-continuous-rx q=1
DBG_ENUM_ADAPTIVE_DEADLINE stage=1 observed_hop=1 next_hop=2 wait=4694 deadline=128316
DBG_DISCOVERY_SLOT_ACK_RX epoch=41156643 anchor=0x191a9619c6c8cb07 hop=1 acked=3 missing=0
DBG_GATEWAY_ACK_INPUT type=65 src=0x191a9619c6c8cb07 dst=0x9999888877776666 rxseq=5 ackseq=25 len=70 flags=0x14 meta=0
DBG_GATEWAY_ACK_GUARD ms=10 seq=25 owner=control
DBG_COORD state=idle owner=gateway-ack-immediate-channel9 reason=idle rx=0 tx=0 relay=0 route=0 ack=0 qack=0
DBG_CH9_TX_CONFIG ret=0 now=123635 earliest=0 msg=32
DBG_CH9_TX_SEND_AT now=123635 earliest=0 msg=32 len=105
DBG_CH9_TX_RELEASE_IDLE msg=32 seq=25 reason=gateway-ack-immediate-channel9 ret=0
DBG_UWB_TX_CH9
DBG_GATEWAY_ACK_TX_LED
DBG_GATEWAY_RX_REARM_DEFER delay=0 ret=1 active=1
DBG_GATEWAY_RX_START reason=gateway mesh restart active=1 qrx=0 qtx=0 adv_due=0
DBG_GATEWAY_ACK_SEND ret=0 seq=25 dst=0x191a9619c6c8cb07 next=0x191a9619c6c8cb07
DBG_MESH_RX_DRAIN_EXIT owner=gateway-ch9-continuous-rx handled=1 q=0
DBG_GATEWAY_CH9_RX_CONT_RESULT start=123640 end=123652 ret=0 fail=0 status=0x00006f00 len=105 frames=1
DBG_UWB_RX_CH9
DBG_GATEWAY_CH9_RX_RELEASE_IDLE
DBG_GATEWAY_RX_DECODE ch=9 msg=0x33 src=0x191a9619c6c8cb07 dst=0x9999888877776666 prev=0x191a9619c6c8cb07 seq=5 flags=0x04 ple
DBG_UWB_RX_CH9
DBG_MESH_RX_QUEUED ch=9 msg=0x33 src=0x191a9619c6c8cb07 dst=0x9999888877776666 prev=0x191a9619c6c8cb07 seq=5 q=1
DBG_ENUM_ADAPTIVE_DEADLINE stage=1 observed_hop=1 next_hop=2 wait=4700 deadline=128355
DBG_DISCOVERY_SLOT_CONFIRM_TAIL epoch=41156643 wait=3500 deadline=127155
DBG_ENUM_CONFIRM ret=1
DBG_GATEWAY_ACK_INPUT type=51 src=0x191a9619c6c8cb07 dst=0x9999888877776666 rxseq=5 ackseq=26 len=44 flags=0x04 meta=0
DBG_GATEWAY_ACK_GUARD ms=10 seq=26 owner=control
DBG_STACK_RUN_BEGIN epoch=8580734665119723956 run=37 kind=ble_backpressure owner=system_workqueue queue=1 custody=1 credit=0 retry=0 drain=1 src=11068027678940948070 dst=11068027678940948070 session=41156654 seq=46 type=86 sequence=0 previous=0 uptime=123658
DBG_STACK_SAMPLE_BEGIN epoch=8580734665119723956 run=37 sample=37 kind=ble_backpressure owner=system_workqueue queue=1 custody=1 credit=0 retry=0 drain=1 src=11068027678940948070 dst=11068027678940948070 session=41156654 seq=46 type=86 uptime=123658
DBG_STACK_ISR_CONFIG size=8192 run=37 sample=37
DBG_STACK name=BT RX WQ tid=0x2000fe18 used=760 free=776 size=1536 ret=0 run=37 sample=37
DBG_STACK name=mesh_route tid=0x2000d560 used=5888 free=2304 size=8192 ret=0 run=37 sample=37
DBG_STACK name=sysworkq tid=0x20010d70 used=2408 free=2072 size=4480 ret=0 run=37 sample=37
DBG_STACK name=MPSL Work tid=0x20010b28 used=376 free=648 size=1024 ret=0 run=37 sample=37
DBG_STACK name=logging tid=0x2000f920 used=480 free=1568 size=2048 ret=0 run=37 sample=37
DBG_STACK name=idle tid=0x20010c00 used=64 free=256 size=320 ret=0 run=37 sample=37
DBG_STACK_SAMPLE_END run=37 sample=37
DBG_STACK_RUN_END epoch=8580734665119723956 run=37 kind=ble_backpressure owner=system_workqueue outcome=ack queue=1 custody=0 credit=1 retry=0 drain=1 src=11068027678940948070 dst=11068027678940948070 session=41156654 seq=46 type=86 samples=1 sequence=0 previous=0 uptime=123682
DBG_GATEWAY_CH9_RX_CONT_RESULT start=123674 end=123802 ret=-116 fail=0 status=0x00000000 len=0 frames=2
DBG_MESH_RX_WORK_WAIT q=0
DBG_MESH_RX_WORK_ENTER q=0
DBG_MESH_RX_DRAIN_ENTER owner=work q=0
DBG_MESH_RX_DRAIN_EXIT owner=work handled=0 q=0
DBG_MESH_RX_WORK_EXIT handled=0 q=0
DBG_GATEWAY_RX_REARM_RUN delay=0 ret=1 active=1
DBG_COORD state=gateway-rx owner=uwb-rx reason=gateway-rx rx=0 tx=0 relay=0 route=0 ack=0 qack=0
DBG_GATEWAY_CH9_RX_CONT_ARM now=123803 rem=500 frames=0 errors=0
DBG_GATEWAY_CH9_RX_CONT_RESULT start=123803 end=124304 ret=-116 fail=0 status=0x00000000 len=0 frames=0
DBG_GATEWAY_CH9_RX_CONT_ARM now=124306 rem=500 frames=0 errors=0
DBG_GATEWAY_CH9_RX_CONT_RESULT start=124306 end=124807 ret=-116 fail=0 status=0x00000000 len=0 frames=0
DBG_GATEWAY_CH9_RX_CONT_ARM now=124809 rem=500 frames=0 errors=0
DBG_GATEWAY_CH9_RX_CONT_RESULT start=124809 end=125310 ret=-116 fail=0 status=0x00000000 len=0 frames=0
DBG_GATEWAY_CH9_RX_CONT_ARM now=125312 rem=500 frames=0 errors=0
DBG_GATEWAY_CH9_RX_CONT_RESULT start=125312 end=125813 ret=-116 fail=0 status=0x00000000 len=0 frames=0
DBG_GATEWAY_CH9_RX_CONT_ARM now=125815 rem=500 frames=0 errors=0
DBG_GATEWAY_CH9_RX_CONT_RESULT start=125815 end=126316 ret=-116 fail=0 status=0x00000000 len=0 frames=0
DBG_GATEWAY_CH9_RX_CONT_ARM now=126318 rem=500 frames=0 errors=0
DBG_GATEWAY_CH9_RX_CONT_RESULT start=126318 end=126819 ret=-116 fail=0 status=0x00000000 len=0 frames=0
DBG_GATEWAY_CH9_RX_CONT_ARM now=126821 rem=500 frames=0 errors=0
DBG_GATEWAY_CH9_RX_CONT_RESULT start=126821 end=127322 ret=-116 fail=0 status=0x00000000 len=0 frames=0
DBG_NC o=0000000000000006 g=00000006 w=00 e=0000003c s=00000005 q=0000>0004 r=00000000 f=00000024 t=00000000 p=00000000 a=00
DBG_NODE_COMM_SUBMIT handle=6 profile=6 token=17039366 deadline=137323
DBG_ENUM_FLOOD kind=3 handle=6
DBG_ENUM_END_TX epoch=41156643 table_seq=41156650 ret=0
DBG_NODE_COMM_TX_BEGIN handle=6 profile=6 msg=64 dst=0x0 seq=6
DBG_CONTROL_RX_HANDOFF_READY abort=0
DBG_COORD state=idle owner=c5-flood reason=idle rx=0 tx=0 relay=0 route=0 ack=0 qack=0
DBG_DWM_INVALIDATE tag=configure_radio_from_reset active_phy=3 configured=1 awake=1
DBG_DWM_MARK_UNCONFIGURED tag=initialise_radio prev_phy=0
DBG_DWM_INVALIDATE tag=configure_radio_from_reset active_phy=2 configured=1 awake=0
DBG_DWM_MARK_UNCONFIGURED tag=initialise_radio prev_phy=0
DBG_DWM_WAKE_MESH_CTRL_OK sfd=4073
DBG_C5_TX_CONFIG ret=0 ext=1 len=169 msg=40 reason=bounded-c5-flood
DBG_UWB_TX_CH5
DBG_NC o=0000000000000006 g=00000006 w=00 e=00000022 s=00000005 q=0004>0005 r=00000000 f=00000001 t=00000000 p=00000000 a=00
DBG_NC o=0000000000000006 g=00000006 w=00 e=00000041 s=00000005 q=0005>0008 r=00000000 f=00000026 t=00000000 p=00000001 a=01
DBG_NODE_COMM_ATTEMPT handle=6 profile=6 attempt=1 ret=0 rf=1 scheduled=0 state=0
DBG_GATEWAY_RX_START reason=gateway mesh restart active=1 qrx=0 qtx=0 adv_due=0
DBG_ENUM_RF_RESULT kind=3 handle=6 success=1 reason=0 tries=1
DBG_STACK_RUN_BEGIN epoch=8580734665119723956 run=38 kind=ble_backpressure owner=system_workqueue queue=2 custody=2 credit=0 retry=0 drain=2 src=11068027678940948070 dst=11068027678940948070 session=41156657 seq=49 type=86 sequence=0 previous=0 uptime=127382
DBG_STACK_SAMPLE_BEGIN epoch=8580734665119723956 run=38 sample=38 kind=ble_backpressure owner=system_workqueue queue=2 custody=2 credit=0 retry=0 drain=2 src=11068027678940948070 dst=11068027678940948070 session=41156657 seq=49 type=86 uptime=127383
DBG_STACK_ISR_CONFIG size=8192 run=38 sample=38
DBG_STACK name=BT RX WQ tid=0x2000fe18 used=760 free=776 size=1536 ret=0 run=38 sample=38
DBG_STACK name=mesh_route tid=0x2000d560 used=5888 free=2304 size=8192 ret=0 run=38 sample=38
DBG_STACK name=sysworkq tid=0x20010d70 used=2408 free=2072 size=4480 ret=0 run=38 sample=38
DBG_STACK name=MPSL Work tid=0x20010b28 used=376 free=648 size=1024 ret=0 run=38 sample=38
DBG_STACK name=logging tid=0x2000f920 used=480 free=1568 size=2048 ret=0 run=38 sample=38
DBG_STACK name=idle tid=0x20010c00 used=64 free=256 size=320 ret=0 run=38 sample=38
DBG_STACK_SAMPLE_END run=38 sample=38
DBG_STACK_RUN_END epoch=8580734665119723956 run=38 kind=ble_backpressure owner=system_workqueue outcome=ack queue=2 custody=0 credit=1 retry=0 drain=2 src=11068027678940948070 dst=11068027678940948070 session=41156657 seq=49 type=86 samples=1 sequence=0 previous=0 uptime=127410
DBG_GATEWAY_CH9_RX_CONT_ARM now=127412 rem=500 frames=0 errors=0
DBG_STACK_RUN_BEGIN epoch=8580734665119723956 run=39 kind=ble_backpressure owner=system_workqueue queue=2 custody=2 credit=0 retry=0 drain=2 src=11068027678940948070 dst=11068027678940948070 session=3716273550 seq=54670 type=65 sequence=0 previous=0 uptime=127817
DBG_STACK_SAMPLE_BEGIN epoch=8580734665119723956 run=39 sample=39 kind=ble_backpressure owner=system_workqueue queue=2 custody=2 credit=0 retry=0 drain=2 src=11068027678940948070 dst=11068027678940948070 session=3716273550 seq=54670 type=65 uptime=127818
DBG_STACK_ISR_CONFIG size=8192 run=39 sample=39
DBG_STACK name=BT RX WQ tid=0x2000fe18 used=760 free=776 size=1536 ret=0 run=39 sample=39
DBG_STACK name=mesh_route tid=0x2000d560 used=5888 free=2304 size=8192 ret=0 run=39 sample=39
DBG_STACK name=sysworkq tid=0x20010d70 used=2408 free=2072 size=4480 ret=0 run=39 sample=39
DBG_STACK name=MPSL Work tid=0x20010b28 used=376 free=648 size=1024 ret=0 run=39 sample=39
DBG_STACK name=logging tid=0x2000f920 used=480 free=1568 size=2048 ret=0 run=39 sample=39
DBG_STACK name=idle tid=0x20010c00 used=64 free=256 size=320 ret=0 run=39 sample=39
DBG_STACK_SAMPLE_END run=39 sample=39
DBG_STACK_RUN_END epoch=8580734665119723956 run=39 kind=ble_backpressure owner=system_workqueue outcome=ack queue=2 custody=0 credit=1 retry=0 drain=2 src=11068027678940948070 dst=11068027678940948070 session=3716273550 seq=54670 type=65 samples=1 sequence=0 previous=0 uptime=127839
DBG_GATEWAY_CH9_RX_CONT_RESULT start=127412 end=127913 ret=-116 fail=0 status=0x02000000 len=0 frames=0
DBG_GATEWAY_CH9_RX_CONT_ARM now=127915 rem=500 frames=0 errors=0
DBG_STACK_RUN_BEGIN epoch=8580734665119723956 run=40 kind=ble_backpressure owner=system_workqueue queue=1 custody=1 credit=0 retry=0 drain=1 src=11068027678940948070 dst=11068027678940948070 session=41156658 seq=50 type=86 sequence=0 previous=0 uptime=128267
DBG_STACK_SAMPLE_BEGIN epoch=8580734665119723956 run=40 sample=40 kind=ble_backpressure owner=system_workqueue queue=1 custody=1 credit=0 retry=0 drain=1 src=11068027678940948070 dst=11068027678940948070 session=41156658 seq=50 type=86 uptime=128267
DBG_STACK_ISR_CONFIG size=8192 run=40 sample=40
DBG_STACK name=BT RX WQ tid=0x2000fe18 used=760 free=776 size=1536 ret=0 run=40 sample=40
DBG_STACK name=mesh_route tid=0x2000d560 used=5888 free=2304 size=8192 ret=0 run=40 sample=40
DBG_STACK name=sysworkq tid=0x20010d70 used=2408 free=2072 size=4480 ret=0 run=40 sample=40
DBG_STACK name=MPSL Work tid=0x20010b28 used=376 free=648 size=1024 ret=0 run=40 sample=40
DBG_STACK name=logging tid=0x2000f920 used=480 free=1568 size=2048 ret=0 run=40 sample=40
DBG_STACK name=idle tid=0x20010c00 used=64 free=256 size=320 ret=0 run=40 sample=40
DBG_STACK_SAMPLE_END run=40 sample=40
DBG_STACK_RUN_END epoch=8580734665119723956 run=40 kind=ble_backpressure owner=system_workqueue outcome=ack queue=1 custody=0 credit=1 retry=0 drain=1 src=11068027678940948070 dst=11068027678940948070 session=41156658 seq=50 type=86 samples=1 sequence=0 previous=0 uptime=128277
DBG_GATEWAY_CH9_RX_CONT_RESULT start=127915 end=128416 ret=-116 fail=0 status=0x00000000 len=0 frames=0
DBG_GATEWAY_CH9_RX_CONT_ARM now=128418 rem=500 frames=0 errors=0
DBG_STACK_RUN_BEGIN epoch=8580734665119723956 run=41 kind=ble_backpressure owner=system_workqueue queue=1 custody=1 credit=0 retry=0 drain=1 src=11068027678940948070 dst=11068027678940948070 session=41156659 seq=51 type=86 sequence=0 previous=0 uptime=128717
DBG_STACK_SAMPLE_BEGIN epoch=8580734665119723956 run=41 sample=41 kind=ble_backpressure owner=system_workqueue queue=1 custody=1 credit=0 retry=0 drain=1 src=11068027678940948070 dst=11068027678940948070 session=41156659 seq=51 type=86 uptime=128718
DBG_STACK_ISR_CONFIG size=8192 run=41 sample=41
DBG_STACK name=BT RX WQ tid=0x2000fe18 used=760 free=776 size=1536 ret=0 run=41 sample=41
DBG_STACK name=mesh_route tid=0x2000d560 used=5888 free=2304 size=8192 ret=0 run=41 sample=41
DBG_STACK name=sysworkq tid=0x20010d70 used=2408 free=2072 size=4480 ret=0 run=41 sample=41
DBG_STACK name=MPSL Work tid=0x20010b28 used=376 free=648 size=1024 ret=0 run=41 sample=41
DBG_STACK name=logging tid=0x2000f920 used=480 free=1568 size=2048 ret=0 run=41 sample=41
DBG_STACK name=idle tid=0x20010c00 used=64 free=256 size=320 ret=0 run=41 sample=41
DBG_STACK_SAMPLE_END run=41 sample=41
DBG_STACK_RUN_END epoch=8580734665119723956 run=41 kind=ble_backpressure owner=system_workqueue outcome=ack queue=1 custody=0 credit=1 retry=0 drain=1 src=11068027678940948070 dst=11068027678940948070 session=41156659 seq=51 type=86 samples=1 sequence=0 previous=0 uptime=128737
DBG_GATEWAY_CH9_RX_CONT_RESULT start=128418 end=128919 ret=-116 fail=0 status=0x00000000 len=0 frames=0
DBG_GATEWAY_CH9_RX_CONT_ARM now=128921 rem=500 frames=0 errors=0
DBG_STACK_RUN_BEGIN epoch=8580734665119723956 run=42 kind=ble_backpressure owner=system_workqueue queue=1 custody=1 credit=0 retry=0 drain=1 src=11068027678940948070 dst=11068027678940948070 session=41156660 seq=52 type=86 sequence=0 previous=0 uptime=129167
DBG_STACK_SAMPLE_BEGIN epoch=8580734665119723956 run=42 sample=42 kind=ble_backpressure owner=system_workqueue queue=1 custody=1 credit=0 retry=0 drain=1 src=11068027678940948070 dst=11068027678940948070 session=41156660 seq=52 type=86 uptime=129168
DBG_STACK_ISR_CONFIG size=8192 run=42 sample=42
DBG_STACK name=BT RX WQ tid=0x2000fe18 used=760 free=776 size=1536 ret=0 run=42 sample=42
DBG_STACK name=mesh_route tid=0x2000d560 used=5888 free=2304 size=8192 ret=0 run=42 sample=42
DBG_STACK name=sysworkq tid=0x20010d70 used=2408 free=2072 size=4480 ret=0 run=42 sample=42
DBG_STACK name=MPSL Work tid=0x20010b28 used=376 free=648 size=1024 ret=0 run=42 sample=42
DBG_STACK name=logging tid=0x2000f920 used=480 free=1568 size=2048 ret=0 run=42 sample=42
DBG_STACK name=idle tid=0x20010c00 used=64 free=256 size=320 ret=0 run=42 sample=42
DBG_STACK_SAMPLE_END run=42 sample=42
DBG_STACK_RUN_END epoch=8580734665119723956 run=42 kind=ble_backpressure owner=system_workqueue outcome=ack queue=1 custody=0 credit=1 retry=0 drain=1 src=11068027678940948070 dst=11068027678940948070 session=41156660 seq=52 type=86 samples=1 sequence=0 previous=0 uptime=129181
DBG_GATEWAY_CH9_RX_CONT_RESULT start=128921 end=129422 ret=-116 fail=0 status=0x00000000 len=0 frames=0
DBG_GATEWAY_CH9_RX_CONT_ARM now=129424 rem=500 frames=0 errors=0
DBG_STACK_RUN_BEGIN epoch=8580734665119723956 run=43 kind=ble_backpressure owner=system_workqueue queue=1 custody=1 credit=0 retry=0 drain=1 src=11068027678940948070 dst=11068027678940948070 session=41156661 seq=53 type=86 sequence=0 previous=0 uptime=129617
DBG_STACK_SAMPLE_BEGIN epoch=8580734665119723956 run=43 sample=43 kind=ble_backpressure owner=system_workqueue queue=1 custody=1 credit=0 retry=0 drain=1 src=11068027678940948070 dst=11068027678940948070 session=41156661 seq=53 type=86 uptime=129618
DBG_STACK_ISR_CONFIG size=8192 run=43 sample=43
DBG_STACK name=BT RX WQ tid=0x2000fe18 used=760 free=776 size=1536 ret=0 run=43 sample=43
DBG_STACK name=mesh_route tid=0x2000d560 used=5888 free=2304 size=8192 ret=0 run=43 sample=43
DBG_STACK name=sysworkq tid=0x20010d70 used=2408 free=2072 size=4480 ret=0 run=43 sample=43
DBG_STACK name=MPSL Work tid=0x20010b28 used=376 free=648 size=1024 ret=0 run=43 sample=43
DBG_STACK name=logging tid=0x2000f920 used=480 free=1568 size=2048 ret=0 run=43 sample=43
DBG_STACK name=idle tid=0x20010c00 used=64 free=256 size=320 ret=0 run=43 sample=43
DBG_STACK_SAMPLE_END run=43 sample=43
DBG_STACK_RUN_END epoch=8580734665119723956 run=43 kind=ble_backpressure owner=system_workqueue outcome=ack queue=1 custody=0 credit=1 retry=0 drain=1 src=11068027678940948070 dst=11068027678940948070 session=41156661 seq=53 type=86 samples=1 sequence=0 previous=0 uptime=129636
DBG_GATEWAY_CH9_RX_CONT_RESULT start=129424 end=129925 ret=-116 fail=0 status=0x00000000 len=0 frames=0
DBG_GATEWAY_CH9_RX_CONT_ARM now=129927 rem=500 frames=0 errors=0
DBG_STACK_RUN_BEGIN epoch=8580734665119723956 run=44 kind=ble_backpressure owner=system_workqueue queue=1 custody=1 credit=0 retry=0 drain=1 src=11068027678940948070 dst=11068027678940948070 session=41156662 seq=54 type=86 sequence=0 previous=0 uptime=130112
DBG_STACK_SAMPLE_BEGIN epoch=8580734665119723956 run=44 sample=44 kind=ble_backpressure owner=system_workqueue queue=1 custody=1 credit=0 retry=0 drain=1 src=11068027678940948070 dst=11068027678940948070 session=41156662 seq=54 type=86 uptime=130113
DBG_STACK_ISR_CONFIG size=8192 run=44 sample=44
DBG_STACK name=BT RX WQ tid=0x2000fe18 used=760 free=776 size=1536 ret=0 run=44 sample=44
DBG_STACK name=mesh_route tid=0x2000d560 used=5888 free=2304 size=8192 ret=0 run=44 sample=44
DBG_STACK name=sysworkq tid=0x20010d70 used=2408 free=2072 size=4480 ret=0 run=44 sample=44
DBG_STACK name=MPSL Work tid=0x20010b28 used=376 free=648 size=1024 ret=0 run=44 sample=44
DBG_STACK name=logging tid=0x2000f920 used=480 free=1568 size=2048 ret=0 run=44 sample=44
DBG_STACK name=idle tid=0x20010c00 used=64 free=256 size=320 ret=0 run=44 sample=44
DBG_STACK_SAMPLE_END run=44 sample=44
DBG_STACK_RUN_END epoch=8580734665119723956 run=44 kind=ble_backpressure owner=system_workqueue outcome=ack queue=1 custody=0 credit=1 retry=0 drain=1 src=11068027678940948070 dst=11068027678940948070 session=41156662 seq=54 type=86 samples=1 sequence=0 previous=0 uptime=130127
DBG_GATEWAY_CH9_RX_CONT_RESULT start=129927 end=130428 ret=-116 fail=0 status=0x00000000 len=0 frames=0
DBG_GATEWAY_CH9_RX_CONT_ARM now=130430 rem=500 frames=0 errors=0
DBG_GATEWAY_CH9_RX_CONT_RESULT start=130430 end=130931 ret=-116 fail=0 status=0x00000000 len=0 frames=0
DBG_GATEWAY_CH9_RX_CONT_ARM now=130936 rem=500 frames=0 errors=0
DBG_GATEWAY_CH9_RX_CONT_RESULT start=130936 end=131437 ret=-116 fail=0 status=0x00000000 len=0 frames=0
DBG_GATEWAY_CH9_RX_CONT_ARM now=131439 rem=500 frames=0 errors=0
DBG_GATEWAY_CH9_RX_CONT_RESULT start=131439 end=131940 ret=-116 fail=0 status=0x00000000 len=0 frames=0
DBG_GATEWAY_CH9_RX_CONT_ARM now=131942 rem=500 frames=0 errors=0
DBG_GATEWAY_CH9_RX_CONT_RESULT start=131942 end=132442 ret=-116 fail=0 status=0x00000000 len=0 frames=0
DBG_GATEWAY_CH9_RX_CONT_ARM now=132444 rem=500 frames=0 errors=0
DBG_GATEWAY_BLE event=disconnected reason=19 uptime=132811
DBG_GATEWAY_BLE event=recovery round=1 delay_ms=452 reason=disconnected uptime=132811
DBG_GATEWAY_CH9_RX_CONT_RESULT start=132444 end=132945 ret=-116 fail=0 status=0x00000000 len=0 frames=0
DBG_GATEWAY_CH9_RX_CONT_ARM now=132947 rem=500 frames=0 errors=0
DBG_GATEWAY_CH9_RX_CONT_RESULT start=132947 end=133448 ret=-116 fail=0 status=0x00000000 len=0 frames=0
DBG_GATEWAY_CH9_RX_CONT_ARM now=133450 rem=500 frames=0 errors=0
