[34m0000550[0m [36mI[0m Target type is nrf52833 [2m[board][0m
[34m0000584[0m [36mI[0m Performing connect pre-reset [2m[coresight_target][0m
[34m0000791[0m [36mI[0m DP IDR = 0x2ba01477 (v1 rev2) [2m[dap][0m
[34m0000797[0m [36mI[0m AHB-AP#0 IDR = 0x24770011 (AHB-AP var1 rev2) [2m[discovery][0m
[34m0000798[0m [36mI[0m AP#1 IDR = 0x02880000 (AP var0 rev0) [2m[discovery][0m
[34m0000799[0m [36mI[0m NRF52833 not in secure state [2m[target_nRF52][0m
[34m0000802[0m [36mI[0m AHB-AP#0 Class 0x1 ROM table #0 @ 0xe00ff000 (designer=244 part=00d) [2m[rom_table][0m
[34m0000805[0m [36mI[0m [0]<e000e000:SCS v7-M class=14 designer=43b:Arm part=00c> [2m[rom_table][0m
[34m0000806[0m [36mI[0m [1]<e0001000:DWT v7-M class=14 designer=43b:Arm part=002> [2m[rom_table][0m
[34m0000808[0m [36mI[0m [2]<e0002000:FPB v7-M class=14 designer=43b:Arm part=003> [2m[rom_table][0m
[34m0000809[0m [36mI[0m [3]<e0000000:ITM v7-M class=14 designer=43b:Arm part=001> [2m[rom_table][0m
[34m0000812[0m [36mI[0m [4]<e0040000:TPIU M4 class=9 designer=43b:Arm part=9a1 devtype=11 archid=0000 devid=ca1:0:0> [2m[rom_table][0m
[34m0000816[0m [36mI[0m [5]<e0041000:ETM M4 class=9 designer=43b:Arm part=925 devtype=13 archid=0000 devid=0:0:0> [2m[rom_table][0m
[34m0000819[0m [36mI[0m CPU core #0: Cortex-M4 r0p1, v7.0-M architecture [2m[cortex_m][0m
[34m0000819[0m [36mI[0m   Extensions: [DSP, FPU, FPU_V4, MPU] [2m[cortex_m][0m
[34m0000819[0m [36mI[0m   FPU present: FPv4-SP-D16-M [2m[cortex_m][0m
[34m0000822[0m [36mI[0m This appears to be an nRF52833 AA B0 [2m[target_nRF52][0m
[34m0000827[0m [36mI[0m 4 hardware watchpoints [2m[dwt][0m
[34m0000828[0m [36mI[0m 6 hardware breakpoints, 4 literal comparators [2m[fpb][0m
[34m0000848[0m [36mI[0m 3 up channels and 3 down channels found [2m[rtt_cmd][0m
[34m0000848[0m [36mI[0m Reading from up channel 0 ("Terminal") [2m[rtt_cmd][0m
[34m0000850[0m [36mI[0m Writing to down channel 0 ("Terminal") [2m[rtt_cmd][0m
DBG_GATEWAY_CH9_RX_CONT_RESULT start=595448 end=595949 ret=-116 fail=0 status=0x00000000 len=0 frames=0
DBG_GATEWAY_CH9_RX_CONT_ARM now=595951 rem=500 frames=0 errors=0
DBG_GATEWAY_CH9_RX_CONT_RESULT start=595951 end=596452 ret=-116 fail=0 status=0x00000000 len=0 frames=0
DBG_GATEWAY_CH9_RX_CONT_ARM now=596454 rem=500 frames=0 errors=0
DBG_GATEWAY_CH9_RX_CONT_RESULT start=596454 end=596955 ret=-116 fail=0 status=0x00000000 len=0 frames=0
DBG_GATEWAY_CH9_RX_CONT_ARM now=596957 rem=500 frames=0 errors=0
DBG_GATEWAY_CH9_RX_CONT_RESULT start=596957 end=597458 ret=-116 fail=0 status=0x00000000 len=0 frames=0
DBG_GATEWAY_CH9_RX_CONT_ARM now=597460 rem=500 frames=0 errors=0
DBG_GATEWAY_CH9_RX_CONT_RESULT start=597460 end=597961 ret=-116 fail=0 status=0x00000000 len=0 frames=0
DBG_GATEWAY_CH9_RX_CONT_ARM now=597963 rem=500 frames=0 errors=0
DBG_GATEWAY_CH9_RX_CONT_RESULT start=597963 end=598464 ret=-116 fail=0 status=0x00000000 len=0 frames=0
DBG_GATEWAY_CH9_RX_CONT_ARM now=598466 rem=500 frames=0 errors=0
DBG_GATEWAY_CH9_RX_CONT_RESULT start=598466 end=598967 ret=-116 fail=0 status=0x00000000 len=0 frames=0
DBG_GATEWAY_CH9_RX_CONT_ARM now=598969 rem=500 frames=0 errors=0
DBG_GATEWAY_CH9_RX_CONT_RESULT start=598969 end=599470 ret=-116 fail=0 status=0x00000000 len=0 frames=0
DBG_GATEWAY_CH9_RX_CONT_ARM now=599472 rem=500 frames=0 errors=0
DBG_GATEWAY_CH9_RX_CONT_RESULT start=599472 end=599973 ret=-116 fail=0 status=0x00000000 len=0 frames=0
DBG_GATEWAY_CH9_RX_CONT_ARM now=599975 rem=500 frames=0 errors=0
DBG_GATEWAY_CH9_RX_CONT_RESULT start=599975 end=600476 ret=-116 fail=0 status=0x00000000 len=0 frames=0
DBG_GATEWAY_CH9_RX_CONT_ARM now=600478 rem=500 frames=0 errors=0
DBG_GATEWAY_CH9_RX_CONT_RESULT start=600478 end=600979 ret=-116 fail=0 status=0x00000000 len=0 frames=0
DBG_GATEWAY_CH9_RX_CONT_ARM now=600981 rem=500 frames=0 errors=0
DBG_GATEWAY_CH9_RX_CONT_RESULT start=600981 end=601482 ret=-116 fail=0 status=0x00000000 len=0 frames=0
DBG_GATEWAY_CH9_RX_CONT_ARM now=601484 rem=500 frames=0 errors=0
DBG_GATEWAY_CH9_RX_CONT_RESULT start=601484 end=601985 ret=-116 fail=0 status=0x00000000 len=0 frames=0
DBG_GATEWAY_CH9_RX_CONT_ARM now=601987 rem=500 frames=0 errors=0
DBG_GATEWAY_CH9_RX_CONT_RESULT start=601987 end=602488 ret=-116 fail=0 status=0x00000000 len=0 frames=0
DBG_GATEWAY_CH9_RX_CONT_ARM now=602490 rem=500 frames=0 errors=0
DBG_GATEWAY_CH9_RX_CONT_RESULT start=602490 end=602991 ret=-116 fail=0 status=0x00000000 len=0 frames=0
DBG_GATEWAY_CH9_RX_CONT_ARM now=602993 rem=500 frames=0 errors=0
DBG_GATEWAY_CH9_RX_CONT_RESULT start=602993 end=603494 ret=-116 fail=0 status=0x00000000 len=0 frames=0
DBG_GATEWAY_CH9_RX_CONT_ARM now=603496 rem=500 frames=0 errors=0
DBG_GATEWAY_CH9_RX_CONT_RESULT start=603496 end=603997 ret=-116 fail=0 status=0x00000000 len=0 frames=0
DBG_GATEWAY_CH9_RX_CONT_ARM now=603999 rem=500 frames=0 errors=0
DBG_GATEWAY_CH9_RX_CONT_RESULT start=603999 end=604500 ret=-116 fail=0 status=0x00000000 len=0 frames=0
DBG_GATEWAY_CH9_RX_CONT_ARM now=604502 rem=500 frames=0 errors=0
DBG_GATEWAY_CH9_RX_CONT_RESULT start=604502 end=605003 ret=-116 fail=0 status=0x00000000 len=0 frames=0
DBG_GATEWAY_CH9_RX_CONT_ARM now=605005 rem=500 frames=0 errors=0
DBG_GATEWAY_CH9_RX_CONT_RESULT start=605005 end=605506 ret=-116 fail=0 status=0x00000000 len=0 frames=0
DBG_GATEWAY_CH9_RX_CONT_ARM now=605508 rem=500 frames=0 errors=0
DBG_GATEWAY_CH9_RX_CONT_RESULT start=605508 end=606009 ret=-116 fail=0 status=0x00000000 len=0 frames=0
DBG_GATEWAY_CH9_RX_CONT_ARM now=606011 rem=500 frames=0 errors=0
DBG_GATEWAY_CH9_RX_CONT_RESULT start=606011 end=606512 ret=-116 fail=0 status=0x00000000 len=0 frames=0
DBG_GATEWAY_CH9_RX_CONT_ARM now=606514 rem=500 frames=0 errors=0
DBG_GATEWAY_CH9_RX_CONT_RESULT start=606514 end=607015 ret=-116 fail=0 status=0x00000000 len=0 frames=0
DBG_GATEWAY_CH9_RX_CONT_ARM now=607017 rem=500 frames=0 errors=0
DBG_GATEWAY_CH9_RX_CONT_RESULT start=607017 end=607518 ret=-116 fail=0 status=0x00000000 len=0 frames=0
DBG_GATEWAY_CH9_RX_CONT_ARM now=607520 rem=500 frames=0 errors=0
DBG_GATEWAY_CH9_RX_CONT_RESULT start=607520 end=608021 ret=-116 fail=0 status=0x00000000 len=0 frames=0
DBG_GATEWAY_CH9_RX_CONT_ARM now=608023 rem=500 frames=0 errors=0
DBG_GATEWAY_CH9_RX_CONT_RESULT start=608023 end=608524 ret=-116 fail=0 status=0x00000000 len=0 frames=0
DBG_GATEWAY_CH9_RX_CONT_ARM now=608526 rem=500 frames=0 errors=0
DBG_GATEWAY_CH9_RX_CONT_RESULT start=608526 end=609027 ret=-116 fail=0 status=0x00000000 len=0 frames=0
DBG_GATEWAY_CH9_RX_CONT_ARM now=609029 rem=500 frames=0 errors=0
DBG_GATEWAY_CH9_RX_CONT_RESULT start=609029 end=609530 ret=-116 fail=0 status=0x00000000 len=0 frames=0
DBG_GATEWAY_CH9_RX_CONT_ARM now=609532 rem=500 frames=0 errors=0
DBG_GATEWAY_CH9_RX_CONT_RESULT start=609532 end=610033 ret=-116 fail=0 status=0x00000000 len=0 frames=0
DBG_GATEWAY_CH9_RX_CONT_ARM now=610035 rem=500 frames=0 errors=0
DBG_GATEWAY_CH9_RX_CONT_RESULT start=610035 end=610536 ret=-116 fail=0 status=0x00000000 len=0 frames=0
DBG_GATEWAY_CH9_RX_CONT_ARM now=610538 rem=500 frames=0 errors=0
DBG_GATEWAY_CH9_RX_CONT_RESULT start=610538 end=611039 ret=-116 fail=0 status=0x00000000 len=0 frames=0
DBG_GATEWAY_CH9_RX_CONT_ARM now=611041 rem=500 frames=0 errors=0
DBG_GATEWAY_CH9_RX_CONT_RESULT start=611041 end=611542 ret=-116 fail=0 status=0x00000000 len=0 frames=0
DBG_GATEWAY_CH9_RX_CONT_ARM now=611544 rem=500 frames=0 errors=0
DBG_GATEWAY_CH9_RX_CONT_RESULT start=611544 end=612045 ret=-116 fail=0 status=0x00000000 len=0 frames=0
DBG_GATEWAY_CH9_RX_CONT_ARM now=612047 rem=500 frames=0 errors=0
DBG_GATEWAY_CH9_RX_CONT_RESULT start=612047 end=612548 ret=-116 fail=0 status=0x00000000 len=0 frames=0
DBG_GATEWAY_CH9_RX_CONT_ARM now=612550 rem=500 frames=0 errors=0
DBG_GATEWAY_CH9_RX_CONT_RESULT start=612550 end=613051 ret=-116 fail=0 status=0x00000000 len=0 frames=0
DBG_GATEWAY_CH9_RX_CONT_ARM now=613053 rem=500 frames=0 errors=0
DBG_GATEWAY_CH9_RX_CONT_RESULT start=613053 end=613554 ret=-116 fail=0 status=0x00000000 len=0 frames=0
DBG_GATEWAY_CH9_RX_CONT_ARM now=613556 rem=500 frames=0 errors=0
DBG_GATEWAY_CH9_RX_CONT_RESULT start=613556 end=614057 ret=-116 fail=0 status=0x00000000 len=0 frames=0
DBG_GATEWAY_CH9_RX_CONT_ARM now=614059 rem=500 frames=0 errors=0
DBG_GATEWAY_CH9_RX_CONT_RESULT start=614059 end=614560 ret=-116 fail=0 status=0x00000000 len=0 frames=0
DBG_GATEWAY_CH9_RX_CONT_ARM now=614562 rem=500 frames=0 errors=0
DBG_GATEWAY_CH9_RX_CONT_RESULT start=614562 end=615063 ret=-116 fail=0 status=0x00000000 len=0 frames=0
DBG_GATEWAY_CH9_RX_CONT_ARM now=615065 rem=500 frames=0 errors=0
DBG_GATEWAY_CH9_RX_CONT_RESULT start=615065 end=615566 ret=-116 fail=0 status=0x00000000 len=0 frames=0
DBG_GATEWAY_CH9_RX_CONT_ARM now=615568 rem=500 frames=0 errors=0
DBG_GATEWAY_CH9_RX_CONT_RESULT start=615568 end=616069 ret=-116 fail=0 status=0x00000000 len=0 frames=0
DBG_GATEWAY_CH9_RX_CONT_ARM now=616071 rem=500 frames=0 errors=0
DBG_GATEWAY_CH9_RX_CONT_RESULT start=616071 end=616572 ret=-116 fail=0 status=0x00000000 len=0 frames=0
DBG_GATEWAY_CH9_RX_CONT_ARM now=616574 rem=500 frames=0 errors=0
DBG_GATEWAY_CH9_RX_CONT_RESULT start=616574 end=617075 ret=-116 fail=0 status=0x00000000 len=0 frames=0
DBG_GATEWAY_CH9_RX_CONT_ARM now=617077 rem=500 frames=0 errors=0
DBG_GATEWAY_CH9_RX_CONT_RESULT start=617077 end=617578 ret=-116 fail=0 status=0x00000000 len=0 frames=0
DBG_GATEWAY_CH9_RX_CONT_ARM now=617580 rem=500 frames=0 errors=0
DBG_GATEWAY_CH9_RX_CONT_RESULT start=617580 end=618081 ret=-116 fail=0 status=0x00000000 len=0 frames=0
DBG_GATEWAY_CH9_RX_CONT_ARM now=618083 rem=500 frames=0 errors=0
DBG_GATEWAY_CH9_RX_CONT_RESULT start=618083 end=618584 ret=-116 fail=0 status=0x00000000 len=0 frames=0
DBG_GATEWAY_CH9_RX_CONT_ARM now=618586 rem=500 frames=0 errors=0
DBG_GATEWAY_CH9_RX_CONT_RESULT start=618586 end=619087 ret=-116 fail=0 status=0x00000000 len=0 frames=0
DBG_GATEWAY_CH9_RX_CONT_ARM now=619089 rem=500 frames=0 errors=0
DBG_GATEWAY_CH9_RX_CONT_RESULT start=619089 end=619590 ret=-116 fail=0 status=0x00000000 len=0 frames=0
DBG_GATEWAY_CH9_RX_CONT_ARM now=619592 rem=500 frames=0 errors=0
DBG_GATEWAY_CH9_RX_CONT_RESULT start=619592 end=620093 ret=-116 fail=0 status=0x00000000 len=0 frames=0
DBG_GATEWAY_CH9_RX_CONT_ARM now=620095 rem=500 frames=0 errors=0
DBG_GATEWAY_CH9_RX_CONT_RESULT start=620095 end=620596 ret=-116 fail=0 status=0x00000000 len=0 frames=0
DBG_GATEWAY_CH9_RX_CONT_ARM now=620598 rem=500 frames=0 errors=0
DBG_GATEWAY_CH9_RX_CONT_RESULT start=620598 end=621099 ret=-116 fail=0 status=0x00000000 len=0 frames=0
DBG_GATEWAY_CH9_RX_CONT_ARM now=621101 rem=500 frames=0 errors=0
DBG_GATEWAY_CH9_RX_CONT_RESULT start=621101 end=621602 ret=-116 fail=0 status=0x00000000 len=0 frames=0
DBG_GATEWAY_CH9_RX_CONT_ARM now=621604 rem=500 frames=0 errors=0
DBG_GATEWAY_CH9_RX_CONT_RESULT start=621604 end=622105 ret=-116 fail=0 status=0x00000000 len=0 frames=0
DBG_GATEWAY_CH9_RX_CONT_ARM now=622107 rem=500 frames=0 errors=0
DBG_GATEWAY_CH9_RX_CONT_RESULT start=622107 end=622608 ret=-116 fail=0 status=0x00000000 len=0 frames=0
DBG_GATEWAY_CH9_RX_CONT_ARM now=622610 rem=500 frames=0 errors=0
DBG_GATEWAY_CH9_RX_CONT_RESULT start=622610 end=623111 ret=-116 fail=0 status=0x00000000 len=0 frames=0
DBG_GATEWAY_CH9_RX_CONT_ARM now=623113 rem=500 frames=0 errors=0
DBG_GATEWAY_CH9_RX_CONT_RESULT start=623113 end=623614 ret=-116 fail=0 status=0x00000000 len=0 frames=0
DBG_GATEWAY_CH9_RX_CONT_ARM now=623616 rem=500 frames=0 errors=0
DBG_GATEWAY_CH9_RX_CONT_RESULT start=623616 end=624117 ret=-116 fail=0 status=0x00000000 len=0 frames=0
DBG_GATEWAY_CH9_RX_CONT_ARM now=624119 rem=500 frames=0 errors=0
DBG_GATEWAY_CH9_RX_CONT_RESULT start=624119 end=624620 ret=-116 fail=0 status=0x00000000 len=0 frames=0
DBG_GATEWAY_CH9_RX_CONT_ARM now=624622 rem=500 frames=0 errors=0
DBG_GATEWAY_CH9_RX_CONT_RESULT start=624622 end=625123 ret=-116 fail=0 status=0x00000000 len=0 frames=0
DBG_GATEWAY_CH9_RX_CONT_ARM now=625125 rem=500 frames=0 errors=0
DBG_GATEWAY_CH9_RX_CONT_RESULT start=625125 end=625626 ret=-116 fail=0 status=0x00000000 len=0 frames=0
DBG_GATEWAY_CH9_RX_CONT_ARM now=625628 rem=500 frames=0 errors=0
DBG_GATEWAY_CH9_RX_CONT_RESULT start=625628 end=626129 ret=-116 fail=0 status=0x00000000 len=0 frames=0
DBG_GATEWAY_CH9_RX_CONT_ARM now=626131 rem=500 frames=0 errors=0
DBG_GATEWAY_CH9_RX_CONT_RESULT start=626131 end=626632 ret=-116 fail=0 status=0x00000000 len=0 frames=0
DBG_GATEWAY_CH9_RX_CONT_ARM now=626634 rem=500 frames=0 errors=0
DBG_GATEWAY_CH9_RX_CONT_RESULT start=626634 end=627135 ret=-116 fail=0 status=0x00000000 len=0 frames=0
DBG_GATEWAY_CH9_RX_CONT_ARM now=627137 rem=500 frames=0 errors=0
DBG_GATEWAY_CH9_RX_CONT_RESULT start=627137 end=627638 ret=-116 fail=0 status=0x00000000 len=0 frames=0
DBG_GATEWAY_CH9_RX_CONT_ARM now=627640 rem=500 frames=0 errors=0
DBG_GATEWAY_CH9_RX_CONT_RESULT start=627640 end=628141 ret=-116 fail=0 status=0x00000000 len=0 frames=0
DBG_GATEWAY_CH9_RX_CONT_ARM now=628143 rem=500 frames=0 errors=0
DBG_GATEWAY_CH9_RX_CONT_RESULT start=628143 end=628644 ret=-116 fail=0 status=0x00000000 len=0 frames=0
DBG_GATEWAY_CH9_RX_CONT_ARM now=628646 rem=500 frames=0 errors=0
DBG_GATEWAY_BLE event=connected err=0 uptime=629063
DBG_GATEWAY_BLE event=param-request ret=0 interval=24-40 latency=0 timeout_ms=12000 uptime=629063
DBG_GATEWAY_CH9_RX_CONT_RESULT start=628646 end=629147 ret=-116 fail=0 status=0x00000000 len=0 frames=0
DBG_GATEWAY_CH9_RX_CONT_ARM now=629149 rem=500 frames=0 errors=0
DBG_GATEWAY_CH9_RX_CONT_RESULT start=629149 end=629650 ret=-116 fail=0 status=0x00000000 len=0 frames=0
DBG_GATEWAY_CH9_RX_CONT_ARM now=629652 rem=500 frames=0 errors=0
DBG_GATEWAY_CH9_RX_CONT_RESULT start=629652 end=630153 ret=-116 fail=0 status=0x00000000 len=0 frames=0
DBG_GATEWAY_CH9_RX_CONT_ARM now=630155 rem=500 frames=0 errors=0
DBG_GATEWAY_COMMAND_PRIORITY_SUBMIT ret=0 now=630486
DBG_STACK_RUN_BEGIN epoch=17060499488525545313 run=205 kind=ble_backpressure owner=system_workqueue queue=1 custody=1 credit=0 retry=0 drain=1 src=11068027678940948070 dst=11068027678940948070 session=39321844 seq=244 type=86 sequence=0 previous=0 uptime=630486
DBG_STACK_SAMPLE_BEGIN epoch=17060499488525545313 run=205 sample=205 kind=ble_backpressure owner=system_workqueue queue=1 custody=1 credit=0 retry=0 drain=1 src=11068027678940948070 dst=11068027678940948070 session=39321844 seq=244 type=86 uptime=630487
DBG_STACK_ISR_CONFIG size=8192 run=205 sample=205
DBG_STACK name=BT RX WQ tid=0x2000fe18 used=760 free=776 size=1536 ret=0 run=205 sample=205
DBG_STACK name=mesh_route tid=0x2000d560 used=5888 free=2304 size=8192 ret=0 run=205 sample=205
DBG_STACK name=sysworkq tid=0x20010d70 used=2408 free=2072 size=4480 ret=0 run=205 sample=205
DBG_STACK name=MPSL Work tid=0x20010b28 used=440 free=584 size=1024 ret=0 run=205 sample=205
DBG_STACK name=logging tid=0x2000f920 used=480 free=1568 size=2048 ret=0 run=205 sample=205
DBG_STACK name=idle tid=0x20010c00 used=64 free=256 size=320 ret=0 run=205 sample=205
DBG_STACK_SAMPLE_END run=205 sample=205
DBG_STACK_RUN_END epoch=17060499488525545313 run=205 kind=ble_backpressure owner=system_workqueue outcome=ack queue=2 custody=0 credit=1 retry=0 drain=2 src=11068027678940948070 dst=11068027678940948070 session=39321844 seq=244 type=86 samples=1 sequence=0 previous=0 uptime=630506
DBG_DWM_MARK_UNCONFIGURED tag=initialise_radio prev_phy=0
DBG_WAKE_TRAIN_CONFIG_BEGIN
DBG_DWM_INVALIDATE tag=configure_radio_from_reset active_phy=2 configured=1 awake=0
DBG_DWM_MARK_UNCONFIGURED tag=initialise_radio prev_phy=0
DBG_WAKE_TRAIN_CONFIG_OK
DBG_WAKE_TRAIN_FIRST_SEND_BEGIN
DBG_WAKE_TRAIN_FIRST_SEND_OK
DBG_UWB_TX_CH5
DBG_TX_WAKE_CLAIM_SENT
DBG_UWB_TX_CH5
DBG_TX_WAKE_CLAIM_SENT
DBG_UWB_TX_CH5
DBG_TX_WAKE_CLAIM_SENT
DBG_UWB_TX_CH5
DBG_TX_WAKE_CLAIM_SENT
DBG_UWB_TX_CH5
DBG_TX_WAKE_CLAIM_SENT
DBG_UWB_TX_CH5
DBG_TX_WAKE_CLAIM_SENT
DBG_UWB_TX_CH5
DBG_TX_WAKE_CLAIM_SENT
DBG_UWB_TX_CH5
DBG_TX_WAKE_CLAIM_SENT
DBG_UWB_TX_CH5
DBG_TX_WAKE_CLAIM_SENT
DBG_UWB_TX_CH5
DBG_TX_WAKE_CLAIM_SENT
DBG_UWB_TX_CH5
DBG_TX_WAKE_CLAIM_SENT
DBG_UWB_TX_CH5
DBG_TX_WAKE_CLAIM_SENT
DBG_UWB_TX_CH5
DBG_TX_WAKE_CLAIM_SENT
DBG_UWB_TX_CH5
DBG_TX_WAKE_CLAIM_SENT
DBG_UWB_TX_CH5
DBG_TX_WAKE_CLAIM_SENT
DBG_UWB_TX_CH5
DBG_TX_WAKE_CLAIM_SENT
DBG_UWB_TX_CH5
DBG_TX_WAKE_CLAIM_SENT
DBG_UWB_TX_CH5
DBG_TX_WAKE_CLAIM_SENT
DBG_UWB_TX_CH5
DBG_TX_WAKE_CLAIM_SENT
DBG_UWB_TX_CH5
DBG_TX_WAKE_CLAIM_SENT
DBG_UWB_TX_CH5
DBG_TX_WAKE_CLAIM_SENT
DBG_UWB_TX_CH5
DBG_TX_WAKE_CLAIM_SENT
DBG_UWB_TX_CH5
DBG_TX_WAKE_CLAIM_SENT
DBG_UWB_TX_CH5
DBG_TX_WAKE_CLAIM_SENT
DBG_UWB_TX_CH5
DBG_TX_WAKE_CLAIM_SENT
DBG_UWB_TX_CH5
DBG_TX_WAKE_CLAIM_SENT
DBG_UWB_TX_CH5
DBG_TX_WAKE_CLAIM_SENT
DBG_UWB_TX_CH5
DBG_TX_WAKE_CLAIM_SENT
DBG_UWB_TX_CH5
DBG_TX_WAKE_CLAIM_SENT
DBG_UWB_TX_CH5
DBG_TX_WAKE_CLAIM_SENT
DBG_UWB_TX_CH5
DBG_TX_WAKE_CLAIM_SENT
DBG_UWB_TX_CH5
DBG_TX_WAKE_CLAIM_SENT
DBG_UWB_TX_CH5
DBG_TX_WAKE_CLAIM_SENT
DBG_UWB_TX_CH5
DBG_TX_WAKE_CLAIM_SENT
DBG_UWB_TX_CH5
DBG_TX_WAKE_CLAIM_SENT
DBG_UWB_TX_CH5
DBG_TX_WAKE_CLAIM_SENT
DBG_UWB_TX_CH5
DBG_TX_WAKE_CLAIM_SENT
DBG_UWB_TX_CH5
DBG_TX_WAKE_CLAIM_SENT
DBG_UWB_TX_CH5
DBG_TX_WAKE_CLAIM_SENT
DBG_UWB_TX_CH5
DBG_TX_WAKE_CLAIM_SENT
DBG_UWB_TX_CH5
DBG_TX_WAKE_CLAIM_SENT
DBG_UWB_TX_CH5
DBG_TX_WAKE_CLAIM_SENT
DBG_UWB_TX_CH5
DBG_TX_WAKE_CLAIM_SENT
DBG_UWB_TX_CH5
DBG_TX_WAKE_CLAIM_SENT
DBG_UWB_TX_CH5
DBG_TX_WAKE_CLAIM_SENT
DBG_UWB_TX_CH5
DBG_TX_WAKE_CLAIM_SENT
DBG_UWB_TX_CH5
DBG_TX_WAKE_CLAIM_SENT
DBG_UWB_TX_CH5
DBG_TX_WAKE_CLAIM_SENT
DBG_UWB_TX_CH5
DBG_TX_WAKE_CLAIM_SENT
DBG_UWB_TX_CH5
DBG_TX_WAKE_CLAIM_SENT
DBG_UWB_TX_CH5
DBG_TX_WAKE_CLAIM_SENT
DBG_UWB_TX_CH5
DBG_TX_WAKE_CLAIM_SENT
DBG_UWB_TX_CH5
DBG_TX_WAKE_CLAIM_SENT
DBG_UWB_TX_CH5
DBG_TX_WAKE_CLAIM_SENT
DBG_UWB_TX_CH5
DBG_TX_WAKE_CLAIM_SENT
DBG_UWB_TX_CH5
DBG_TX_WAKE_CLAIM_SENT
DBG_UWB_TX_CH5
DBG_TX_WAKE_CLAIM_SENT
DBG_UWB_TX_CH5
DBG_TX_WAKE_CLAIM_SENT
DBG_UWB_TX_CH5
DBG_TX_WAKE_CLAIM_SENT
DBG_UWB_TX_CH5
DBG_TX_WAKE_CLAIM_SENT
DBG_UWB_TX_CH5
DBG_TX_WAKE_CLAIM_SENT
DBG_UWB_TX_CH5
DBG_TX_WAKE_CLAIM_SENT
DBG_UWB_TX_CH5
DBG_TX_WAKE_CLAIM_SENT
DBG_DWM_INVALIDATE tag=configure_radio_from_reset active_phy=2 configured=1 awake=1
DBG_DWM_MARK_UNCONFIGURED tag=initialise_radio prev_phy=0
DBG_STACK_RUN_BEGIN epoch=17060499488525545313 run=206 kind=ble_backpressure owner=system_workqueue queue=1 custody=1 credit=0 retry=0 drain=1 src=11068027678940948070 dst=11068027678940948070 session=39321845 seq=245 type=86 sequence=0 previous=0 uptime=630981
DBG_STACK_SAMPLE_BEGIN epoch=17060499488525545313 run=206 sample=206 kind=ble_backpressure owner=system_workqueue queue=1 custody=1 credit=0 retry=0 drain=1 src=11068027678940948070 dst=11068027678940948070 session=39321845 seq=245 type=86 uptime=630981
DBG_STACK_ISR_CONFIG size=8192 run=206 sample=206
DBG_STACK name=BT RX WQ tid=0x2000fe18 used=760 free=776 size=1536 ret=0 run=206 sample=206
DBG_STACK name=mesh_route tid=0x2000d560 used=5888 free=2304 size=8192 ret=0 run=206 sample=206
DBG_STACK name=sysworkq tid=0x20010d70 used=2408 free=2072 size=4480 ret=0 run=206 sample=206
DBG_STACK name=MPSL Work tid=0x20010b28 used=440 free=584 size=1024 ret=0 run=206 sample=206
DBG_STACK name=logging tid=0x2000f920 used=480 free=1568 size=2048 ret=0 run=206 sample=206
DBG_STACK name=idle tid=0x20010c00 used=64 free=256 size=320 ret=0 run=206 sample=206
DBG_STACK_SAMPLE_END run=206 sample=206
DBG_STACK_RUN_END epoch=17060499488525545313 run=206 kind=ble_backpressure owner=system_workqueue outcome=ack queue=1 custody=0 credit=1 retry=0 drain=1 src=11068027678940948070 dst=11068027678940948070 session=39321845 seq=245 type=86 samples=1 sequence=0 previous=0 uptime=631008
DBG_DWM_INVALIDATE tag=configure_radio_from_reset active_phy=2 configured=1 awake=0
DBG_DWM_MARK_UNCONFIGURED tag=initialise_radio prev_phy=0
DBG_DWM_INVALIDATE tag=configure_radio_from_reset active_phy=2 configured=1 awake=0
DBG_DWM_MARK_UNCONFIGURED tag=initialise_radio prev_phy=0
DBG_DWM_WAKE_MESH_CTRL_OK sfd=4073
DBG_C5_TX_CONFIG ret=0 ext=1 len=178 msg=3c reason=bounded-c5-flood
DBG_UWB_TX_CH5
DBG_DWM_INVALIDATE tag=configure_radio_from_reset active_phy=4 configured=1 awake=0
DBG_DWM_MARK_UNCONFIGURED tag=initialise_radio prev_phy=0
DBG_DWM_WAKE_MESH_CTRL_OK sfd=4073
DBG_DWM_INVALIDATE tag=configure_radio_from_reset active_phy=4 configured=1 awake=0
DBG_DWM_MARK_UNCONFIGURED tag=initialise_radio prev_phy=0
DBG_DWM_INVALIDATE tag=configure_radio_from_reset active_phy=2 configured=1 awake=0
DBG_DWM_MARK_UNCONFIGURED tag=initialise_radio prev_phy=0
DBG_DWM_WAKE_MESH_CTRL_OK sfd=4073
DBG_C5_TX_CONFIG ret=0 ext=1 len=178 msg=3c reason=bounded-c5-flood
DBG_UWB_TX_CH5
DBG_DWM_INVALIDATE tag=configure_radio_from_reset active_phy=4 configured=1 awake=0
DBG_DWM_MARK_UNCONFIGURED tag=initialise_radio prev_phy=0
DBG_DWM_WAKE_MESH_CTRL_OK sfd=4073
DBG_DWM_INVALIDATE tag=configure_radio_from_reset active_phy=4 configured=1 awake=0
DBG_DWM_MARK_UNCONFIGURED tag=initialise_radio prev_phy=0
DBG_DWM_INVALIDATE tag=configure_radio_from_reset active_phy=2 configured=1 awake=0
DBG_DWM_MARK_UNCONFIGURED tag=initialise_radio prev_phy=0
DBG_DWM_WAKE_MESH_CTRL_OK sfd=4073
DBG_C5_TX_CONFIG ret=0 ext=1 len=178 msg=3c reason=bounded-c5-flood
DBG_UWB_TX_CH5
DBG_DWM_INVALIDATE tag=configure_radio_from_reset active_phy=4 configured=1 awake=0
DBG_DWM_MARK_UNCONFIGURED tag=initialise_radio prev_phy=0
DBG_DWM_WAKE_MESH_CTRL_OK sfd=4073
DBG_DWM_INVALIDATE tag=configure_radio_from_reset active_phy=4 configured=1 awake=0
DBG_DWM_MARK_UNCONFIGURED tag=initialise_radio prev_phy=0
DBG_DWM_INVALIDATE tag=configure_radio_from_reset active_phy=2 configured=1 awake=0
DBG_DWM_MARK_UNCONFIGURED tag=initialise_radio prev_phy=0
DBG_DWM_WAKE_MESH_CTRL_OK sfd=4073
DBG_C5_TX_CONFIG ret=0 ext=1 len=178 msg=3c reason=bounded-c5-flood
DBG_UWB_TX_CH5
DBG_GATEWAY_RX_START reason=gateway mesh restart active=1 qrx=0 qtx=0 adv_due=0
DBG_COORD state=gateway-rx owner=uwb-rx reason=gateway-rx rx=0 tx=0 relay=0 route=0 ack=0 qack=0
DBG_GATEWAY_CH9_RX_CONT_CAP now=631425 win=12700 adv_wait=12700 due=644125
DBG_DWM_INVALIDATE tag=configure_radio_from_reset active_phy=4 configured=1 awake=1
DBG_DWM_MARK_UNCONFIGURED tag=initialise_radio prev_phy=0
DBG_GATEWAY_CH9_RX_CONT_ARM now=631452 rem=500 frames=0 errors=0
DBG_STACK_RUN_BEGIN epoch=17060499488525545313 run=207 kind=ble_backpressure owner=system_workqueue queue=1 custody=1 credit=0 retry=0 drain=1 src=11068027678940948070 dst=11068027678940948070 session=39321847 seq=247 type=86 sequence=0 previous=0 uptime=631476
DBG_STACK_SAMPLE_BEGIN epoch=17060499488525545313 run=207 sample=207 kind=ble_backpressure owner=system_workqueue queue=1 custody=1 credit=0 retry=0 drain=1 src=11068027678940948070 dst=11068027678940948070 session=39321847 seq=247 type=86 uptime=631476
DBG_STACK_ISR_CONFIG size=8192 run=207 sample=207
DBG_STACK name=BT RX WQ tid=0x2000fe18 used=760 free=776 size=1536 ret=0 run=207 sample=207
DBG_STACK name=mesh_route tid=0x2000d560 used=5888 free=2304 size=8192 ret=0 run=207 sample=207
DBG_STACK name=sysworkq tid=0x20010d70 used=2408 free=2072 size=4480 ret=0 run=207 sample=207
DBG_STACK name=MPSL Work tid=0x20010b28 used=440 free=584 size=1024 ret=0 run=207 sample=207
DBG_STACK name=logging tid=0x2000f920 used=480 free=1568 size=2048 ret=0 run=207 sample=207
DBG_STACK name=idle tid=0x20010c00 used=64 free=256 size=320 ret=0 run=207 sample=207
DBG_STACK_SAMPLE_END run=207 sample=207
DBG_STACK_RUN_END epoch=17060499488525545313 run=207 kind=ble_backpressure owner=system_workqueue outcome=ack queue=1 custody=0 credit=1 retry=0 drain=1 src=11068027678940948070 dst=11068027678940948070 session=39321847 seq=247 type=86 samples=1 sequence=0 previous=0 uptime=631491
DBG_GATEWAY_CH9_RX_CONT_RESULT start=631452 end=631953 ret=-116 fail=0 status=0x02000000 len=0 frames=0
DBG_GATEWAY_CH9_RX_CONT_CAP now=631955 win=12170 adv_wait=12170 due=644125
DBG_GATEWAY_CH9_RX_CONT_ARM now=631955 rem=500 frames=0 errors=0
DBG_GATEWAY_CH9_RX_CONT_RESULT start=631955 end=632456 ret=-116 fail=0 status=0x00000000 len=0 frames=0
DBG_GATEWAY_CH9_RX_CONT_CAP now=632458 win=11667 adv_wait=11667 due=644125
DBG_GATEWAY_CH9_RX_CONT_ARM now=632458 rem=500 frames=0 errors=0
DBG_GATEWAY_CH9_RX_CONT_RESULT start=632458 end=632959 ret=-116 fail=0 status=0x00000000 len=0 frames=0
DBG_GATEWAY_CH9_RX_CONT_CAP now=632961 win=11164 adv_wait=11164 due=644125
DBG_GATEWAY_CH9_RX_CONT_ARM now=632961 rem=500 frames=0 errors=0
DBG_GATEWAY_CH9_RX_CONT_RESULT start=632961 end=633462 ret=-116 fail=0 status=0x00000000 len=0 frames=0
DBG_GATEWAY_CH9_RX_CONT_CAP now=633464 win=10661 adv_wait=10661 due=644125
DBG_GATEWAY_CH9_RX_CONT_ARM now=633464 rem=500 frames=0 errors=0
DBG_GATEWAY_CH9_RX_CONT_RESULT start=633464 end=633965 ret=-116 fail=0 status=0x00000000 len=0 frames=0
DBG_GATEWAY_CH9_RX_CONT_CAP now=633967 win=10158 adv_wait=10158 due=644125
DBG_GATEWAY_CH9_RX_CONT_ARM now=633967 rem=500 frames=0 errors=0
DBG_GATEWAY_CH9_RX_CONT_RESULT start=633967 end=634468 ret=-116 fail=0 status=0x00000000 len=0 frames=0
DBG_GATEWAY_CH9_RX_CONT_CAP now=634470 win=9655 adv_wait=9655 due=644125
DBG_GATEWAY_CH9_RX_CONT_ARM now=634470 rem=500 frames=0 errors=0
DBG_GATEWAY_CH9_RX_CONT_RESULT start=634470 end=634971 ret=-116 fail=0 status=0x00000000 len=0 frames=0
DBG_GATEWAY_CH9_RX_CONT_CAP now=634973 win=9152 adv_wait=9152 due=644125
DBG_GATEWAY_CH9_RX_CONT_ARM now=634973 rem=500 frames=0 errors=0
DBG_GATEWAY_CH9_RX_CONT_RESULT start=634973 end=635474 ret=-116 fail=0 status=0x00000000 len=0 frames=0
DBG_GATEWAY_CH9_RX_CONT_CAP now=635476 win=8649 adv_wait=8649 due=644125
DBG_GATEWAY_CH9_RX_CONT_ARM now=635476 rem=500 frames=0 errors=0
DBG_GATEWAY_CH9_RX_CONT_RESULT start=635476 end=635977 ret=-116 fail=0 status=0x00000000 len=0 frames=0
DBG_GATEWAY_CH9_RX_CONT_CAP now=635979 win=8146 adv_wait=8146 due=644125
DBG_GATEWAY_CH9_RX_CONT_ARM now=635979 rem=500 frames=0 errors=0
DBG_GATEWAY_CH9_RX_CONT_RESULT start=635979 end=636480 ret=-116 fail=0 status=0x00000000 len=0 frames=0
DBG_GATEWAY_CH9_RX_CONT_CAP now=636482 win=7643 adv_wait=7643 due=644125
DBG_GATEWAY_CH9_RX_CONT_ARM now=636482 rem=500 frames=0 errors=0
DBG_GATEWAY_CH9_RX_CONT_RESULT start=636482 end=636983 ret=-116 fail=0 status=0x00000000 len=0 frames=0
DBG_GATEWAY_CH9_RX_CONT_CAP now=636985 win=7140 adv_wait=7140 due=644125
DBG_GATEWAY_CH9_RX_CONT_ARM now=636985 rem=500 frames=0 errors=0
DBG_GATEWAY_CH9_RX_CONT_RESULT start=636985 end=637486 ret=-116 fail=0 status=0x00000000 len=0 frames=0
DBG_GATEWAY_CH9_RX_CONT_CAP now=637488 win=6637 adv_wait=6637 due=644125
DBG_GATEWAY_CH9_RX_CONT_ARM now=637488 rem=500 frames=0 errors=0
DBG_GATEWAY_CH9_RX_CONT_RESULT start=637488 end=637989 ret=-116 fail=0 status=0x00000000 len=0 frames=0
DBG_GATEWAY_CH9_RX_CONT_CAP now=637991 win=6134 adv_wait=6134 due=644125
DBG_GATEWAY_CH9_RX_CONT_ARM now=637991 rem=500 frames=0 errors=0
DBG_GATEWAY_CH9_RX_CONT_RESULT start=637991 end=638492 ret=-116 fail=0 status=0x00000000 len=0 frames=0
DBG_GATEWAY_CH9_RX_CONT_CAP now=638494 win=5631 adv_wait=5631 due=644125
DBG_GATEWAY_CH9_RX_CONT_ARM now=638494 rem=500 frames=0 errors=0
DBG_GATEWAY_CH9_RX_CONT_RESULT start=638494 end=638995 ret=-116 fail=0 status=0x00000000 len=0 frames=0
DBG_GATEWAY_CH9_RX_CONT_CAP now=638997 win=5128 adv_wait=5128 due=644125
DBG_GATEWAY_CH9_RX_CONT_ARM now=638997 rem=500 frames=0 errors=0
DBG_GATEWAY_CH9_RX_CONT_RESULT start=638997 end=639498 ret=-116 fail=0 status=0x00000000 len=0 frames=0
DBG_GATEWAY_CH9_RX_CONT_CAP now=639500 win=4625 adv_wait=4625 due=644125
DBG_GATEWAY_CH9_RX_CONT_ARM now=639500 rem=500 frames=0 errors=0
DBG_GATEWAY_CH9_RX_CONT_RESULT start=639500 end=640001 ret=-116 fail=0 status=0x00000000 len=0 frames=0
DBG_GATEWAY_CH9_RX_CONT_CAP now=640003 win=4122 adv_wait=4122 due=644125
DBG_GATEWAY_CH9_RX_CONT_ARM now=640003 rem=500 frames=0 errors=0
DBG_GATEWAY_CH9_RX_CONT_RESULT start=640003 end=640504 ret=-116 fail=0 status=0x00000000 len=0 frames=0
DBG_GATEWAY_CH9_RX_CONT_CAP now=640506 win=3619 adv_wait=3619 due=644125
DBG_GATEWAY_CH9_RX_CONT_ARM now=640506 rem=500 frames=0 errors=0
DBG_GATEWAY_CH9_RX_CONT_RESULT start=640506 end=641007 ret=-116 fail=0 status=0x00000000 len=0 frames=0
DBG_GATEWAY_CH9_RX_CONT_CAP now=641009 win=3116 adv_wait=3116 due=644125
DBG_GATEWAY_CH9_RX_CONT_ARM now=641009 rem=500 frames=0 errors=0
DBG_GATEWAY_CH9_RX_CONT_RESULT start=641009 end=641510 ret=-116 fail=0 status=0x00000000 len=0 frames=0
DBG_GATEWAY_CH9_RX_CONT_CAP now=641512 win=2613 adv_wait=2613 due=644125
DBG_GATEWAY_CH9_RX_CONT_ARM now=641512 rem=500 frames=0 errors=0
DBG_GATEWAY_CH9_RX_CONT_RESULT start=641512 end=642013 ret=-116 fail=0 status=0x00000000 len=0 frames=0
DBG_GATEWAY_CH9_RX_CONT_CAP now=642015 win=2110 adv_wait=2110 due=644125
DBG_GATEWAY_CH9_RX_CONT_ARM now=642015 rem=500 frames=0 errors=0
DBG_GATEWAY_CH9_RX_CONT_RESULT start=642015 end=642516 ret=-116 fail=0 status=0x00000000 len=0 frames=0
DBG_GATEWAY_CH9_RX_CONT_CAP now=642518 win=1607 adv_wait=1607 due=644125
DBG_GATEWAY_CH9_RX_CONT_ARM now=642518 rem=500 frames=0 errors=0
DBG_GATEWAY_CH9_RX_CONT_RESULT start=642518 end=643019 ret=-116 fail=0 status=0x00000000 len=0 frames=0
DBG_GATEWAY_CH9_RX_CONT_CAP now=643021 win=1104 adv_wait=1104 due=644125
DBG_GATEWAY_CH9_RX_CONT_ARM now=643021 rem=500 frames=0 errors=0
DBG_GATEWAY_CH9_RX_CONT_RESULT start=643021 end=643522 ret=-116 fail=0 status=0x00000000 len=0 frames=0
DBG_GATEWAY_CH9_RX_CONT_CAP now=643524 win=601 adv_wait=601 due=644125
DBG_GATEWAY_CH9_RX_CONT_ARM now=643524 rem=500 frames=0 errors=0
DBG_GATEWAY_CH9_RX_CONT_RESULT start=643524 end=644025 ret=-116 fail=0 status=0x00000000 len=0 frames=0
DBG_GATEWAY_CH9_RX_CONT_CAP now=644027 win=98 adv_wait=98 due=644125
DBG_GATEWAY_CH9_RX_CONT_ARM now=644027 rem=98 frames=0 errors=0
DBG_GATEWAY_CH9_RX_CONT_RESULT start=644027 end=644126 ret=-116 fail=0 status=0x00000000 len=0 frames=0
DBG_GATEWAY_CH9_RX_DONE_YIELD_ADV now=644127 due=644125
DBG_STACK_RUN_BEGIN epoch=17060499488525545313 run=208 kind=ble_backpressure owner=system_workqueue queue=1 custody=1 credit=0 retry=0 drain=1 src=11068027678940948070 dst=11068027678940948070 session=535037552 seq=1648 type=65 sequence=0 previous=0 uptime=644127
DBG_STACK_SAMPLE_BEGIN epoch=17060499488525545313 run=208 sample=208 kind=ble_backpressure owner=system_workqueue queue=1 custody=1 credit=0 retry=0 drain=1 src=11068027678940948070 dst=11068027678940948070 session=535037552 seq=1648 type=65 uptime=644127
DBG_STACK_ISR_CONFIG size=8192 run=208 sample=208
DBG_STACK name=BT RX WQ tid=0x2000fe18 used=760 free=776 size=1536 ret=0 run=208 sample=208
DBG_STACK name=mesh_route tid=0x2000d560 used=5888 free=2304 size=8192 ret=0 run=208 sample=208
DBG_STACK name=sysworkq tid=0x20010d70 used=2408 free=2072 size=4480 ret=0 run=208 sample=208
DBG_STACK name=MPSL Work tid=0x20010b28 used=440 free=584 size=1024 ret=0 run=208 sample=208
DBG_STACK name=logging tid=0x2000f920 used=480 free=1568 size=2048 ret=0 run=208 sample=208
DBG_STACK name=idle tid=0x20010c00 used=64 free=256 size=320 ret=0 run=208 sample=208
DBG_STACK_SAMPLE_END run=208 sample=208
DBG_STACK_RUN_END epoch=17060499488525545313 run=208 kind=ble_backpressure owner=system_workqueue outcome=ack queue=2 custody=0 credit=1 retry=0 drain=2 src=11068027678940948070 dst=11068027678940948070 session=535037552 seq=1648 type=65 samples=1 sequence=0 previous=0 uptime=644155
DBG_GATEWAY_CH9_RX_CONT_RESULT start=644137 end=644638 ret=-116 fail=0 status=0x00000000 len=0 frames=0
DBG_GATEWAY_CH9_RX_CONT_ARM now=644640 rem=500 frames=0 errors=0
DBG_STACK_RUN_BEGIN epoch=17060499488525545313 run=209 kind=ble_backpressure owner=system_workqueue queue=1 custody=1 credit=0 retry=0 drain=1 src=11068027678940948070 dst=11068027678940948070 session=39321848 seq=248 type=86 sequence=0 previous=0 uptime=644661
DBG_STACK_SAMPLE_BEGIN epoch=17060499488525545313 run=209 sample=209 kind=ble_backpressure owner=system_workqueue queue=1 custody=1 credit=0 retry=0 drain=1 src=11068027678940948070 dst=11068027678940948070 session=39321848 seq=248 type=86 uptime=644661
DBG_STACK_ISR_CONFIG size=8192 run=209 sample=209
DBG_STACK name=BT RX WQ tid=0x2000fe18 used=760 free=776 size=1536 ret=0 run=209 sample=209
DBG_STACK name=mesh_route tid=0x2000d560 used=5888 free=2304 size=8192 ret=0 run=209 sample=209
DBG_STACK name=sysworkq tid=0x20010d70 used=2408 free=2072 size=4480 ret=0 run=209 sample=209
DBG_STACK name=MPSL Work tid=0x20010b28 used=440 free=584 size=1024 ret=0 run=209 sample=209
DBG_STACK name=logging tid=0x2000f920 used=480 free=1568 size=2048 ret=0 run=209 sample=209
DBG_STACK name=idle tid=0x20010c00 used=64 free=256 size=320 ret=0 run=209 sample=209
DBG_STACK_SAMPLE_END run=209 sample=209
DBG_STACK_RUN_END epoch=17060499488525545313 run=209 kind=ble_backpressure owner=system_workqueue outcome=ack queue=1 custody=0 credit=1 retry=0 drain=1 src=11068027678940948070 dst=11068027678940948070 session=39321848 seq=248 type=86 samples=1 sequence=0 previous=0 uptime=644672
DBG_GATEWAY_CH9_RX_CONT_RESULT start=644640 end=645141 ret=-116 fail=0 status=0x00000000 len=0 frames=0
DBG_GATEWAY_CH9_RX_CONT_ARM now=645143 rem=500 frames=0 errors=0
DBG_GATEWAY_CH9_RX_CONT_RESULT start=645143 end=645644 ret=-116 fail=0 status=0x00000000 len=0 frames=0
DBG_GATEWAY_CH9_RX_CONT_ARM now=645646 rem=500 frames=0 errors=0
DBG_STACK_RUN_BEGIN epoch=17060499488525545313 run=210 kind=ble_backpressure owner=system_workqueue queue=1 custody=1 credit=0 retry=0 drain=1 src=11068027678940948070 dst=11068027678940948070 session=39321848 seq=248 type=86 sequence=0 previous=0 uptime=645672
DBG_STACK_SAMPLE_BEGIN epoch=17060499488525545313 run=210 sample=210 kind=ble_backpressure owner=system_workqueue queue=1 custody=1 credit=0 retry=0 drain=1 src=11068027678940948070 dst=11068027678940948070 session=39321848 seq=248 type=86 uptime=645672
DBG_STACK_ISR_CONFIG size=8192 run=210 sample=210
DBG_STACK name=BT RX WQ tid=0x2000fe18 used=760 free=776 size=1536 ret=0 run=210 sample=210
DBG_STACK name=mesh_route tid=0x2000d560 used=5888 free=2304 size=8192 ret=0 run=210 sample=210
DBG_STACK name=sysworkq tid=0x20010d70 used=2408 free=2072 size=4480 ret=0 run=210 sample=210
DBG_STACK name=MPSL Work tid=0x20010b28 used=440 free=584 size=1024 ret=0 run=210 sample=210
DBG_STACK name=logging tid=0x2000f920 used=480 free=1568 size=2048 ret=0 run=210 sample=210
DBG_STACK name=idle tid=0x20010c00 used=64 free=256 size=320 ret=0 run=210 sample=210
DBG_STACK_SAMPLE_END run=210 sample=210
DBG_STACK_RUN_END epoch=17060499488525545313 run=210 kind=ble_backpressure owner=system_workqueue outcome=ack queue=1 custody=0 credit=1 retry=0 drain=1 src=11068027678940948070 dst=11068027678940948070 session=39321848 seq=248 type=86 samples=1 sequence=0 previous=0 uptime=645684
DBG_GATEWAY_COMMAND_PRIORITY_SUBMIT ret=0 now=646101
DBG_STACK_RUN_BEGIN epoch=17060499488525545313 run=211 kind=ble_backpressure owner=system_workqueue queue=1 custody=1 credit=0 retry=0 drain=1 src=11068027678940948070 dst=11068027678940948070 session=39321849 seq=249 type=86 sequence=0 previous=0 uptime=646101
DBG_STACK_SAMPLE_BEGIN epoch=17060499488525545313 run=211 sample=211 kind=ble_backpressure owner=system_workqueue queue=1 custody=1 credit=0 retry=0 drain=1 src=11068027678940948070 dst=11068027678940948070 session=39321849 seq=249 type=86 uptime=646102
DBG_STACK_ISR_CONFIG size=8192 run=211 sample=211
DBG_STACK name=BT RX WQ tid=0x2000fe18 used=760 free=776 size=1536 ret=0 run=211 sample=211
DBG_STACK name=mesh_route tid=0x2000d560 used=5888 free=2304 size=8192 ret=0 run=211 sample=211
DBG_STACK name=sysworkq tid=0x20010d70 used=2408 free=2072 size=4480 ret=0 run=211 sample=211
DBG_STACK name=MPSL Work tid=0x20010b28 used=440 free=584 size=1024 ret=0 run=211 sample=211
DBG_STACK name=logging tid=0x2000f920 used=480 free=1568 size=2048 ret=0 run=211 sample=211
DBG_STACK name=idle tid=0x20010c00 used=64 free=256 size=320 ret=0 run=211 sample=211
DBG_STACK_SAMPLE_END run=211 sample=211
DBG_STACK_RUN_END epoch=17060499488525545313 run=211 kind=ble_backpressure owner=system_workqueue outcome=ack queue=3 custody=0 credit=1 retry=0 drain=3 src=11068027678940948070 dst=11068027678940948070 session=39321849 seq=249 type=86 samples=1 sequence=0 previous=0 uptime=646130
DBG_STACK_RUN_BEGIN epoch=17060499488525545313 run=212 kind=ble_backpressure owner=system_workqueue queue=2 custody=2 credit=0 retry=0 drain=2 src=11068027678940948070 dst=11068027678940948070 session=39321850 seq=250 type=86 sequence=0 previous=0 uptime=646551
DBG_STACK_SAMPLE_BEGIN epoch=17060499488525545313 run=212 sample=212 kind=ble_backpressure owner=system_workqueue queue=2 custody=2 credit=0 retry=0 drain=2 src=11068027678940948070 dst=11068027678940948070 session=39321850 seq=250 type=86 uptime=646551
DBG_STACK_ISR_CONFIG size=8192 run=212 sample=212
DBG_STACK name=BT RX WQ tid=0x2000fe18 used=760 free=776 size=1536 ret=0 run=212 sample=212
DBG_STACK name=mesh_route tid=0x2000d560 used=5888 free=2304 size=8192 ret=0 run=212 sample=212
DBG_STACK name=sysworkq tid=0x20010d70 used=2408 free=2072 size=4480 ret=0 run=212 sample=212
DBG_STACK name=MPSL Work tid=0x20010b28 used=440 free=584 size=1024 ret=0 run=212 sample=212
DBG_STACK name=logging tid=0x2000f920 used=480 free=1568 size=2048 ret=0 run=212 sample=212
DBG_STACK name=idle tid=0x20010c00 used=64 free=256 size=320 ret=0 run=212 sample=212
DBG_STACK_SAMPLE_END run=212 sample=212
DBG_STACK_RUN_END epoch=17060499488525545313 run=212 kind=ble_backpressure owner=system_workqueue outcome=ack queue=2 custody=0 credit=1 retry=0 drain=2 src=11068027678940948070 dst=11068027678940948070 session=39321850 seq=250 type=86 samples=1 sequence=0 previous=0 uptime=646561
DBG_GATEWAY_CH9_RX_CONT_RESULT start=646107 end=646608 ret=-116 fail=0 status=0x00000000 len=0 frames=0
DBG_GATEWAY_COMMAND_PRIORITY_SUBMIT ret=0 now=646609
DBG_GATEWAY_CH9_RX_CONT_ARM now=646610 rem=500 frames=0 errors=0
DBG_GATEWAY_CH9_RX_CONT_RESULT start=646610 end=646611 ret=-140 fail=0 status=0x00000000 len=0 frames=0
DBG_GATEWAY_CH9_RX_COMMAND_PREEMPT now=646612 rem=500 frames=0
DBG_GATEWAY_CH9_RX_CONT_DONE ret=-140 len=0 fail=0 recover=0
DBG_NC o=000000000000001c g=0000001c w=00 e=0000003c s=00000005 q=0000>0004 r=00000000 f=00000024 t=00000000 p=00000000 a=00
DBG_NODE_COMM_SUBMIT handle=28 profile=0 token=17039388 deadline=656612
DBG_ENUM_FLOOD kind=1 handle=28
DBG_ENUM_CLAIM_TX epoch=39321851 round=1 ret=0
DBG_NODE_COMM_TX_BEGIN handle=28 profile=0 msg=64 dst=0x0 seq=28
DBG_CONTROL_RX_HANDOFF_READY abort=0
DBG_COORD state=idle owner=c5-flood reason=idle rx=0 tx=0 relay=0 route=0 ack=0 qack=0
DBG_WAKE_TRAIN_GUARD_OK
DBG_DWM_INVALIDATE tag=configure_radio_from_reset active_phy=3 configured=1 awake=1
DBG_DWM_MARK_UNCONFIGURED tag=initialise_radio prev_phy=0
DBG_WAKE_TRAIN_CONFIG_BEGIN
DBG_DWM_INVALIDATE tag=configure_radio_from_reset active_phy=2 configured=1 awake=0
DBG_DWM_MARK_UNCONFIGURED tag=initialise_radio prev_phy=0
DBG_WAKE_TRAIN_CONFIG_OK
DBG_WAKE_TRAIN_FIRST_SEND_BEGIN
DBG_WAKE_TRAIN_FIRST_SEND_OK
DBG_UWB_TX_CH5
DBG_TX_WAKE_CLAIM_SENT
DBG_UWB_TX_CH5
DBG_TX_WAKE_CLAIM_SENT
DBG_UWB_TX_CH5
DBG_TX_WAKE_CLAIM_SENT
DBG_UWB_TX_CH5
DBG_TX_WAKE_CLAIM_SENT
DBG_UWB_TX_CH5
DBG_TX_WAKE_CLAIM_SENT
DBG_UWB_TX_CH5
DBG_TX_WAKE_CLAIM_SENT
DBG_UWB_TX_CH5
DBG_TX_WAKE_CLAIM_SENT
DBG_UWB_TX_CH5
DBG_TX_WAKE_CLAIM_SENT
DBG_UWB_TX_CH5
DBG_TX_WAKE_CLAIM_SENT
DBG_UWB_TX_CH5
DBG_TX_WAKE_CLAIM_SENT
DBG_UWB_TX_CH5
DBG_TX_WAKE_CLAIM_SENT
DBG_UWB_TX_CH5
DBG_TX_WAKE_CLAIM_SENT
DBG_UWB_TX_CH5
DBG_TX_WAKE_CLAIM_SENT
DBG_UWB_TX_CH5
DBG_TX_WAKE_CLAIM_SENT
DBG_UWB_TX_CH5
DBG_TX_WAKE_CLAIM_SENT
DBG_UWB_TX_CH5
DBG_TX_WAKE_CLAIM_SENT
DBG_UWB_TX_CH5
DBG_TX_WAKE_CLAIM_SENT
DBG_UWB_TX_CH5
DBG_TX_WAKE_CLAIM_SENT
DBG_UWB_TX_CH5
DBG_TX_WAKE_CLAIM_SENT
DBG_UWB_TX_CH5
DBG_TX_WAKE_CLAIM_SENT
DBG_UWB_TX_CH5
DBG_TX_WAKE_CLAIM_SENT
DBG_UWB_TX_CH5
DBG_TX_WAKE_CLAIM_SENT
DBG_UWB_TX_CH5
DBG_TX_WAKE_CLAIM_SENT
DBG_UWB_TX_CH5
DBG_TX_WAKE_CLAIM_SENT
DBG_UWB_TX_CH5
DBG_TX_WAKE_CLAIM_SENT
DBG_UWB_TX_CH5
DBG_TX_WAKE_CLAIM_SENT
DBG_UWB_TX_CH5
DBG_TX_WAKE_CLAIM_SENT
DBG_UWB_TX_CH5
DBG_TX_WAKE_CLAIM_SENT
DBG_UWB_TX_CH5
DBG_TX_WAKE_CLAIM_SENT
DBG_UWB_TX_CH5
DBG_TX_WAKE_CLAIM_SENT
DBG_UWB_TX_CH5
DBG_TX_WAKE_CLAIM_SENT
DBG_UWB_TX_CH5
DBG_TX_WAKE_CLAIM_SENT
DBG_UWB_TX_CH5
DBG_TX_WAKE_CLAIM_SENT
DBG_UWB_TX_CH5
DBG_TX_WAKE_CLAIM_SENT
DBG_UWB_TX_CH5
DBG_TX_WAKE_CLAIM_SENT
DBG_UWB_TX_CH5
DBG_TX_WAKE_CLAIM_SENT
DBG_UWB_TX_CH5
DBG_TX_WAKE_CLAIM_SENT
DBG_UWB_TX_CH5
DBG_TX_WAKE_CLAIM_SENT
DBG_UWB_TX_CH5
DBG_TX_WAKE_CLAIM_SENT
DBG_UWB_TX_CH5
DBG_TX_WAKE_CLAIM_SENT
DBG_UWB_TX_CH5
DBG_TX_WAKE_CLAIM_SENT
DBG_UWB_TX_CH5
DBG_TX_WAKE_CLAIM_SENT
DBG_UWB_TX_CH5
DBG_TX_WAKE_CLAIM_SENT
DBG_UWB_TX_CH5
DBG_TX_WAKE_CLAIM_SENT
DBG_UWB_TX_CH5
DBG_TX_WAKE_CLAIM_SENT
DBG_UWB_TX_CH5
DBG_TX_WAKE_CLAIM_SENT
DBG_UWB_TX_CH5
DBG_TX_WAKE_CLAIM_SENT
DBG_UWB_TX_CH5
DBG_TX_WAKE_CLAIM_SENT
DBG_UWB_TX_CH5
DBG_TX_WAKE_CLAIM_SENT
DBG_UWB_TX_CH5
DBG_TX_WAKE_CLAIM_SENT
DBG_UWB_TX_CH5
DBG_TX_WAKE_CLAIM_SENT
DBG_UWB_TX_CH5
DBG_TX_WAKE_CLAIM_SENT
DBG_UWB_TX_CH5
DBG_TX_WAKE_CLAIM_SENT
DBG_UWB_TX_CH5
DBG_TX_WAKE_CLAIM_SENT
DBG_UWB_TX_CH5
DBG_TX_WAKE_CLAIM_SENT
DBG_UWB_TX_CH5
DBG_TX_WAKE_CLAIM_SENT
DBG_UWB_TX_CH5
DBG_TX_WAKE_CLAIM_SENT
DBG_UWB_TX_CH5
DBG_TX_WAKE_CLAIM_SENT
DBG_UWB_TX_CH5
DBG_TX_WAKE_CLAIM_SENT
DBG_UWB_TX_CH5
DBG_TX_WAKE_CLAIM_SENT
DBG_UWB_TX_CH5
DBG_TX_WAKE_CLAIM_SENT
DBG_UWB_TX_CH5
DBG_TX_WAKE_CLAIM_SENT
DBG_UWB_TX_CH5
DBG_TX_WAKE_CLAIM_SENT
DBG_UWB_TX_CH5
DBG_TX_WAKE_CLAIM_SENT
DBG_UWB_TX_CH5
DBG_TX_WAKE_CLAIM_SENT
DBG_UWB_TX_CH5
DBG_TX_WAKE_CLAIM_SENT
DBG_UWB_TX_CH5
DBG_TX_WAKE_CLAIM_SENT
DBG_UWB_TX_CH5
DBG_TX_WAKE_CLAIM_SENT
DBG_UWB_TX_CH5
DBG_TX_WAKE_CLAIM_SENT
DBG_UWB_TX_CH5
DBG_TX_WAKE_CLAIM_SENT
DBG_UWB_TX_CH5
DBG_TX_WAKE_CLAIM_SENT
DBG_UWB_TX_CH5
DBG_TX_WAKE_CLAIM_SENT
DBG_UWB_TX_CH5
DBG_TX_WAKE_CLAIM_SENT
DBG_UWB_TX_CH5
DBG_TX_WAKE_CLAIM_SENT
DBG_UWB_TX_CH5
DBG_TX_WAKE_CLAIM_SENT
DBG_UWB_TX_CH5
DBG_TX_WAKE_CLAIM_SENT
DBG_UWB_TX_CH5
DBG_TX_WAKE_CLAIM_SENT
DBG_UWB_TX_CH5
DBG_TX_WAKE_CLAIM_SENT
DBG_UWB_TX_CH5
DBG_TX_WAKE_CLAIM_SENT
DBG_UWB_TX_CH5
DBG_TX_WAKE_CLAIM_SENT
DBG_STACK_RUN_BEGIN epoch=17060499488525545313 run=213 kind=ble_backpressure owner=system_workqueue queue=1 custody=1 credit=0 retry=0 drain=1 src=11068027678940948070 dst=11068027678940948070 session=39321852 seq=252 type=86 sequence=0 previous=0 uptime=647361
DBG_STACK_SAMPLE_BEGIN epoch=17060499488525545313 run=213 sample=213 kind=ble_backpressure owner=system_workqueue queue=1 custody=1 credit=0 retry=0 drain=1 src=11068027678940948070 dst=11068027678940948070 session=39321852 seq=252 type=86 uptime=647361
DBG_STACK_ISR_CONFIG size=8192 run=213 sample=213
DBG_STACK name=BT RX WQ tid=0x2000fe18 used=760 free=776 size=1536 ret=0 run=213 sample=213
DBG_STACK name=mesh_route tid=0x2000d560 used=5888 free=2304 size=8192 ret=0 run=213 sample=213
DBG_STACK name=sysworkq tid=0x20010d70 used=2408 free=2072 size=4480 ret=0 run=213 sample=213
DBG_STACK name=MPSL Work tid=0x20010b28 used=440 free=584 size=1024 ret=0 run=213 sample=213
DBG_STACK name=logging tid=0x2000f920 used=480 free=1568 size=2048 ret=0 run=213 sample=213
DBG_STACK name=idle tid=0x20010c00 used=64 free=256 size=320 ret=0 run=213 sample=213
DBG_STACK_SAMPLE_END run=213 sample=213
DBG_STACK_RUN_END epoch=17060499488525545313 run=213 kind=ble_backpressure owner=system_workqueue outcome=ack queue=1 custody=0 credit=1 retry=0 drain=1 src=11068027678940948070 dst=11068027678940948070 session=39321852 seq=252 type=86 samples=1 sequence=0 previous=0 uptime=647380
DBG_UWB_TX_CH5
DBG_TX_WAKE_CLAIM_SENT
DBG_UWB_TX_CH5
DBG_TX_WAKE_CLAIM_SENT
DBG_UWB_TX_CH5
DBG_TX_WAKE_CLAIM_SENT
DBG_UWB_TX_CH5
DBG_TX_WAKE_CLAIM_SENT
DBG_UWB_TX_CH5
DBG_TX_WAKE_CLAIM_SENT
DBG_UWB_TX_CH5
DBG_TX_WAKE_CLAIM_SENT
DBG_UWB_TX_CH5
DBG_TX_WAKE_CLAIM_SENT
DBG_UWB_TX_CH5
DBG_TX_WAKE_CLAIM_SENT
DBG_UWB_TX_CH5
DBG_TX_WAKE_CLAIM_SENT
DBG_UWB_TX_CH5
DBG_TX_WAKE_CLAIM_SENT
DBG_UWB_TX_CH5
DBG_TX_WAKE_CLAIM_SENT
DBG_UWB_TX_CH5
DBG_TX_WAKE_CLAIM_SENT
DBG_UWB_TX_CH5
DBG_TX_WAKE_CLAIM_SENT
DBG_UWB_TX_CH5
DBG_TX_WAKE_CLAIM_SENT
DBG_UWB_TX_CH5
DBG_TX_WAKE_CLAIM_SENT
DBG_UWB_TX_CH5
DBG_TX_WAKE_CLAIM_SENT
DBG_UWB_TX_CH5
DBG_TX_WAKE_CLAIM_SENT
DBG_UWB_TX_CH5
DBG_TX_WAKE_CLAIM_SENT
DBG_UWB_TX_CH5
DBG_TX_WAKE_CLAIM_SENT
DBG_UWB_TX_CH5
DBG_TX_WAKE_CLAIM_SENT
DBG_UWB_TX_CH5
DBG_TX_WAKE_CLAIM_SENT
DBG_UWB_TX_CH5
DBG_TX_WAKE_CLAIM_SENT
DBG_UWB_TX_CH5
DBG_TX_WAKE_CLAIM_SENT
DBG_UWB_TX_CH5
DBG_TX_WAKE_CLAIM_SENT
DBG_UWB_TX_CH5
DBG_TX_WAKE_CLAIM_SENT
DBG_UWB_TX_CH5
DBG_TX_WAKE_CLAIM_SENT
DBG_UWB_TX_CH5
DBG_TX_WAKE_CLAIM_SENT
DBG_UWB_TX_CH5
DBG_TX_WAKE_CLAIM_SENT
DBG_UWB_TX_CH5
DBG_TX_WAKE_CLAIM_SENT
DBG_UWB_TX_CH5
DBG_TX_WAKE_CLAIM_SENT
DBG_UWB_TX_CH5
DBG_TX_WAKE_CLAIM_SENT
DBG_UWB_TX_CH5
DBG_TX_WAKE_CLAIM_SENT
DBG_UWB_TX_CH5
DBG_TX_WAKE_CLAIM_SENT
DBG_UWB_TX_CH5
DBG_TX_WAKE_CLAIM_SENT
DBG_UWB_TX_CH5
DBG_TX_WAKE_CLAIM_SENT
DBG_UWB_TX_CH5
DBG_TX_WAKE_CLAIM_SENT
DBG_DWM_INVALIDATE tag=configure_radio_from_reset active_phy=2 configured=1 awake=1
DBG_DWM_MARK_UNCONFIGURED tag=initialise_radio prev_phy=0
DBG_C5_CONTROL_FOLLOWUP_TURNAROUND delay=60 msg=40 reason=node-comm-bounded-control-flood
DBG_DWM_INVALIDATE tag=configure_radio_from_reset active_phy=2 configured=1 awake=0
DBG_DWM_MARK_UNCONFIGURED tag=initialise_radio prev_phy=0
DBG_DWM_INVALIDATE tag=configure_radio_from_reset active_phy=2 configured=1 awake=0
DBG_DWM_MARK_UNCONFIGURED tag=initialise_radio prev_phy=0
DBG_DWM_WAKE_MESH_CTRL_OK sfd=4073
DBG_C5_TX_CONFIG ret=0 ext=1 len=127 msg=40 reason=bounded-c5-flood
DBG_UWB_TX_CH5
DBG_NC o=000000000000001c g=0000001c w=00 e=00000022 s=00000005 q=0004>0005 r=00000000 f=00000001 t=00000000 p=00000000 a=00
DBG_NC o=000000000000001c g=0000001c w=00 e=00000042 s=00000005 q=0005>0006 r=00000000 f=00000001 t=00000000 p=00000000 a=00
DBG_NODE_COMM_ATTEMPT handle=28 profile=0 attempt=1 ret=0 rf=1 scheduled=0 state=0
DBG_GATEWAY_RX_START reason=gateway mesh restart active=1 qrx=0 qtx=0 adv_due=0
DBG_ENUM_RF_BEGIN kind=1 handle=28 attempt=1 tries=1
DBG_COORD state=gateway-rx owner=uwb-rx reason=gateway-rx rx=0 tx=0 relay=0 route=0 ack=0 qack=0
DBG_DWM_INVALIDATE tag=configure_radio_from_reset active_phy=4 configured=1 awake=1
DBG_DWM_MARK_UNCONFIGURED tag=initialise_radio prev_phy=0
DBG_GATEWAY_CH9_RX_CONT_ARM now=647864 rem=500 frames=0 errors=0
DBG_GATEWAY_CH9_RX_CONT_RESULT start=647864 end=647876 ret=-140 fail=0 status=0x02000000 len=0 frames=0
DBG_GATEWAY_CH9_RX_COMMAND_PREEMPT now=647877 rem=500 frames=0
DBG_GATEWAY_CH9_RX_CONT_DONE ret=-140 len=0 fail=0 recover=0
DBG_NC o=000000000000001c g=0000001c w=00 e=00000023 s=00000005 q=0006>0004 r=00000000 f=00000024 t=00000000 p=00000000 a=00
DBG_NODE_COMM_TX_BEGIN handle=28 profile=0 msg=64 dst=0x0 seq=28
DBG_CONTROL_RX_HANDOFF_READY abort=0
DBG_COORD state=idle owner=c5-flood reason=idle rx=0 tx=0 relay=0 route=0 ack=0 qack=0
DBG_DWM_INVALIDATE tag=configure_radio_from_reset active_phy=3 configured=1 awake=1
DBG_DWM_MARK_UNCONFIGURED tag=initialise_radio prev_phy=0
DBG_DWM_INVALIDATE tag=configure_radio_from_reset active_phy=2 configured=1 awake=0
DBG_DWM_MARK_UNCONFIGURED tag=initialise_radio prev_phy=0
DBG_DWM_WAKE_MESH_CTRL_OK sfd=4073
DBG_C5_TX_CONFIG ret=0 ext=1 len=127 msg=40 reason=bounded-c5-flood
DBG_UWB_TX_CH5
DBG_NC o=000000000000001c g=0000001c w=00 e=00000022 s=00000005 q=0004>0005 r=00000000 f=00000001 t=00000000 p=00000000 a=00
DBG_NC o=000000000000001c g=0000001c w=00 e=00000042 s=00000005 q=0005>0006 r=00000000 f=00000001 t=00000000 p=00000000 a=00
DBG_NODE_COMM_ATTEMPT handle=28 profile=0 attempt=2 ret=0 rf=1 scheduled=0 state=0
DBG_GATEWAY_RX_START reason=gateway mesh restart active=1 qrx=0 qtx=0 adv_due=0
DBG_COORD state=gateway-rx owner=uwb-rx reason=gateway-rx rx=0 tx=0 relay=0 route=0 ack=0 qack=0
DBG_DWM_INVALIDATE tag=configure_radio_from_reset active_phy=4 configured=1 awake=1
DBG_DWM_MARK_UNCONFIGURED tag=initialise_radio prev_phy=0
DBG_GATEWAY_CH9_RX_CONT_ARM now=647958 rem=500 frames=0 errors=0
DBG_GATEWAY_CH9_RX_CONT_RESULT start=647958 end=647971 ret=-140 fail=0 status=0x02000000 len=0 frames=0
DBG_GATEWAY_CH9_RX_COMMAND_PREEMPT now=647972 rem=500 frames=0
DBG_GATEWAY_CH9_RX_CONT_DONE ret=-140 len=0 fail=0 recover=0
DBG_NC o=000000000000001c g=0000001c w=00 e=00000023 s=00000005 q=0006>0004 r=00000000 f=00000024 t=00000000 p=00000000 a=00
DBG_NODE_COMM_TX_BEGIN handle=28 profile=0 msg=64 dst=0x0 seq=28
DBG_CONTROL_RX_HANDOFF_READY abort=0
DBG_COORD state=idle owner=c5-flood reason=idle rx=0 tx=0 relay=0 route=0 ack=0 qack=0
DBG_DWM_INVALIDATE tag=configure_radio_from_reset active_phy=3 configured=1 awake=1
DBG_DWM_MARK_UNCONFIGURED tag=initialise_radio prev_phy=0
DBG_DWM_INVALIDATE tag=configure_radio_from_reset active_phy=2 configured=1 awake=0
DBG_DWM_MARK_UNCONFIGURED tag=initialise_radio prev_phy=0
DBG_DWM_WAKE_MESH_CTRL_OK sfd=4073
DBG_C5_TX_CONFIG ret=0 ext=1 len=127 msg=40 reason=bounded-c5-flood
DBG_UWB_TX_CH5
DBG_NC o=000000000000001c g=0000001c w=00 e=00000022 s=00000005 q=0004>0005 r=00000000 f=00000001 t=00000000 p=00000000 a=00
DBG_NC o=000000000000001c g=0000001c w=00 e=00000042 s=00000005 q=0005>0006 r=00000000 f=00000001 t=00000000 p=00000000 a=00
DBG_NODE_COMM_ATTEMPT handle=28 profile=0 attempt=3 ret=0 rf=1 scheduled=0 state=0
DBG_GATEWAY_RX_START reason=gateway mesh restart active=1 qrx=0 qtx=0 adv_due=0
DBG_COORD state=gateway-rx owner=uwb-rx reason=gateway-rx rx=0 tx=0 relay=0 route=0 ack=0 qack=0
DBG_DWM_INVALIDATE tag=configure_radio_from_reset active_phy=4 configured=1 awake=1
DBG_DWM_MARK_UNCONFIGURED tag=initialise_radio prev_phy=0
DBG_GATEWAY_CH9_RX_CONT_ARM now=648054 rem=500 frames=0 errors=0
DBG_GATEWAY_CH9_RX_CONT_RESULT start=648054 end=648066 ret=-140 fail=0 status=0x02000000 len=0 frames=0
DBG_GATEWAY_CH9_RX_COMMAND_PREEMPT now=648067 rem=500 frames=0
DBG_GATEWAY_CH9_RX_CONT_DONE ret=-140 len=0 fail=0 recover=0
DBG_NC o=000000000000001c g=0000001c w=00 e=00000023 s=00000005 q=0006>0004 r=00000000 f=00000024 t=00000000 p=00000000 a=00
DBG_NODE_COMM_TX_BEGIN handle=28 profile=0 msg=64 dst=0x0 seq=28
DBG_CONTROL_RX_HANDOFF_READY abort=0
DBG_COORD state=idle owner=c5-flood reason=idle rx=0 tx=0 relay=0 route=0 ack=0 qack=0
DBG_DWM_INVALIDATE tag=configure_radio_from_reset active_phy=3 configured=1 awake=1
DBG_DWM_MARK_UNCONFIGURED tag=initialise_radio prev_phy=0
DBG_DWM_INVALIDATE tag=configure_radio_from_reset active_phy=2 configured=1 awake=0
DBG_DWM_MARK_UNCONFIGURED tag=initialise_radio prev_phy=0
DBG_DWM_WAKE_MESH_CTRL_OK sfd=4073
DBG_C5_TX_CONFIG ret=0 ext=1 len=127 msg=40 reason=bounded-c5-flood
DBG_UWB_TX_CH5
DBG_NC o=000000000000001c g=0000001c w=00 e=00000022 s=00000005 q=0004>0005 r=00000000 f=00000001 t=00000000 p=00000000 a=00
DBG_NC o=000000000000001c g=0000001c w=00 e=00000041 s=00000005 q=0005>0008 r=00000000 f=00000026 t=00000000 p=00000001 a=04
DBG_NODE_COMM_ATTEMPT handle=28 profile=0 attempt=4 ret=0 rf=1 scheduled=0 state=0
DBG_GATEWAY_RX_START reason=gateway mesh restart active=1 qrx=0 qtx=0 adv_due=0
DBG_ENUM_RF_RESULT kind=1 handle=28 success=1 reason=0 tries=4
DBG_COORD state=gateway-rx owner=uwb-rx reason=gateway-rx rx=0 tx=0 relay=0 route=0 ack=0 qack=0
DBG_DWM_INVALIDATE tag=configure_radio_from_reset active_phy=4 configured=1 awake=1
DBG_DWM_MARK_UNCONFIGURED tag=initialise_radio prev_phy=0
DBG_GATEWAY_CH9_RX_CONT_ARM now=648149 rem=500 frames=0 errors=0
DBG_STACK_RUN_BEGIN epoch=17060499488525545313 run=214 kind=ble_backpressure owner=system_workqueue queue=1 custody=1 credit=0 retry=0 drain=1 src=11068027678940948070 dst=11068027678940948070 session=39321854 seq=254 type=86 sequence=0 previous=0 uptime=648171
DBG_STACK_SAMPLE_BEGIN epoch=17060499488525545313 run=214 sample=214 kind=ble_backpressure owner=system_workqueue queue=1 custody=1 credit=0 retry=0 drain=1 src=11068027678940948070 dst=11068027678940948070 session=39321854 seq=254 type=86 uptime=648171
DBG_STACK_ISR_CONFIG size=8192 run=214 sample=214
DBG_STACK name=BT RX WQ tid=0x2000fe18 used=760 free=776 size=1536 ret=0 run=214 sample=214
DBG_STACK name=mesh_route tid=0x2000d560 used=5888 free=2304 size=8192 ret=0 run=214 sample=214
DBG_STACK name=sysworkq tid=0x20010d70 used=2408 free=2072 size=4480 ret=0 run=214 sample=214
DBG_STACK name=MPSL Work tid=0x20010b28 used=440 free=584 size=1024 ret=0 run=214 sample=214
DBG_STACK name=logging tid=0x2000f920 used=480 free=1568 size=2048 ret=0 run=214 sample=214
DBG_STACK name=idle tid=0x20010c00 used=64 free=256 size=320 ret=0 run=214 sample=214
DBG_STACK_SAMPLE_END run=214 sample=214
DBG_STACK_RUN_END epoch=17060499488525545313 run=214 kind=ble_backpressure owner=system_workqueue outcome=ack queue=1 custody=0 credit=1 retry=0 drain=1 src=11068027678940948070 dst=11068027678940948070 session=39321854 seq=254 type=86 samples=1 sequence=0 previous=0 uptime=648192
DBG_GATEWAY_CH9_RX_CONT_RESULT start=648149 end=648650 ret=-116 fail=0 status=0x02000f00 len=0 frames=0
DBG_GATEWAY_CH9_RX_CONT_ARM now=648652 rem=500 frames=0 errors=0
DBG_GATEWAY_CH9_RX_CONT_RESULT start=648652 end=648720 ret=0 fail=0 status=0x00006f00 len=97 frames=0
DBG_UWB_RX_CH9
DBG_GATEWAY_CH9_RX_RELEASE_IDLE
DBG_GATEWAY_RX_DECODE ch=9 msg=0x41 src=0x56da25fe4af6d141 dst=0x9999888877776666 prev=0x56da25fe4af6d141 seq=28 flags=0x14 pl
DBG_UWB_RX_CH9
DBG_MESH_RX_QUEUED ch=9 msg=0x41 src=0x56da25fe4af6d141 dst=0x9999888877776666 prev=0x56da25fe4af6d141 seq=28 q=1
DBG_MESH_RX_DIRECT_WAIT q=1 reason=gateway-ch9-continuous-rx
DBG_MESH_RX_DIRECT_ENTER q=1 reason=gateway-ch9-continuous-rx
DBG_MESH_RX_DRAIN_ENTER owner=gateway-ch9-continuous-rx q=1
DBG_ENUM_ADAPTIVE_DEADLINE stage=0 observed_hop=1 next_hop=2 wait=4677 deadline=653402
DBG_ENUM_CLAIM_RX epoch=39321851 anchor=0x56da25fe4af6d141 hop=1 responders=1 roster=1 retained=0
DBG_GATEWAY_ACK_INPUT type=65 src=0x56da25fe4af6d141 dst=0x9999888877776666 rxseq=28 ackseq=167 len=36 flags=0x14 meta=0
DBG_GATEWAY_ACK_GUARD ms=10 seq=167
DBG_COORD state=idle owner=gateway-ack-immediate-channel9 reason=idle rx=0 tx=0 relay=0 route=0 ack=0 qack=0
DBG_CH9_TX_CONFIG ret=0 now=648738 earliest=0 msg=32
DBG_CH9_TX_SEND_AT now=648738 earliest=0 msg=32 len=105
DBG_UWB_TX_CH9
DBG_GATEWAY_CH9_RX_CONT_RESULT start=648743 end=648755 ret=0 fail=0 status=0x00006f00 len=105 frames=1
DBG_UWB_RX_CH9
DBG_GATEWAY_CH9_RX_RELEASE_IDLE
DBG_GATEWAY_RX_DECODE ch=9 msg=0x33 src=0x56da25fe4af6d141 dst=0x9999888877776666 prev=0x56da25fe4af6d141 seq=28 flags=0x04 pl
DBG_UWB_RX_CH9
DBG_MESH_RX_QUEUED ch=9 msg=0x33 src=0x56da25fe4af6d141 dst=0x9999888877776666 prev=0x56da25fe4af6d141 seq=28 q=1
DBG_COORD state=gateway-rx owner=gateway-ch9-continuous-rx reason=gateway-rx rx=1 tx=0 relay=0 route=0 ack=0 qack=0
DBG_MESH_RX_DIRECT_WAIT q=1 reason=gateway-ch9-continuous-rx
DBG_MESH_RX_DIRECT_ENTER q=1 reason=gateway-ch9-continuous-rx
DBG_MESH_RX_DRAIN_ENTER owner=gateway-ch9-continuous-rx q=1
DBG_GATEWAY_ACK_INPUT type=51 src=0x56da25fe4af6d141 dst=0x9999888877776666 rxseq=28 ackseq=168 len=44 flags=0x04 meta=0
DBG_GATEWAY_ACK_GUARD ms=10 seq=168
DBG_COORD state=idle owner=gateway-ack-immediate-channel9 reason=idle rx=0 tx=0 relay=0 route=0 ack=0 qack=0
DBG_CH9_TX_CONFIG ret=0 now=648770 earliest=0 msg=32
DBG_CH9_TX_SEND_AT now=648770 earliest=0 msg=32 len=105
DBG_CH9_TX_RELEASE_IDLE msg=32 seq=168 reason=gateway-ack-immediate-channel9 ret=0
DBG_UWB_TX_CH9
DBG_GATEWAY_ACK_TX_LED
DBG_GATEWAY_RX_REARM_DEFER delay=0 ret=1 active=1
DBG_GATEWAY_RX_START reason=gateway mesh restart active=1 qrx=0 qtx=0 adv_due=0
DBG_GATEWAY_ACK_SEND ret=0 seq=168 dst=0x56da25fe4af6d141 next=0x56da25fe4af6d141
DBG_MESH_RX_DRAIN_EXIT owner=gateway-ch9-continuous-rx handled=1 q=0
DBG_STACK_RUN_BEGIN epoch=17060499488525545313 run=215 kind=ble_backpressure owner=system_workqueue queue=1 custody=1 credit=0 retry=0 drain=1 src=11068027678940948070 dst=11068027678940948070 session=39321855 seq=255 type=86 sequence=0 previous=0 uptime=648936
DBG_STACK_SAMPLE_BEGIN epoch=17060499488525545313 run=215 sample=215 kind=ble_backpressure owner=system_workqueue queue=1 custody=1 credit=0 retry=0 drain=1 src=11068027678940948070 dst=11068027678940948070 session=39321855 seq=255 type=86 uptime=648936
DBG_STACK_ISR_CONFIG size=8192 run=215 sample=215
DBG_STACK name=BT RX WQ tid=0x2000fe18 used=760 free=776 size=1536 ret=0 run=215 sample=215
DBG_STACK name=mesh_route tid=0x2000d560 used=5888 free=2304 size=8192 ret=0 run=215 sample=215
DBG_STACK name=sysworkq tid=0x20010d70 used=2408 free=2072 size=4480 ret=0 run=215 sample=215
DBG_STACK name=MPSL Work tid=0x20010b28 used=440 free=584 size=1024 ret=0 run=215 sample=215
DBG_STACK name=logging tid=0x2000f920 used=480 free=1568 size=2048 ret=0 run=215 sample=215
DBG_STACK name=idle tid=0x20010c00 used=64 free=256 size=320 ret=0 run=215 sample=215
DBG_STACK_SAMPLE_END run=215 sample=215
DBG_STACK_RUN_END epoch=17060499488525545313 run=215 kind=ble_backpressure owner=system_workqueue outcome=ack queue=1 custody=0 credit=1 retry=0 drain=1 src=11068027678940948070 dst=11068027678940948070 session=39321855 seq=255 type=86 samples=1 sequence=0 previous=0 uptime=648956
DBG_GATEWAY_CH9_RX_CONT_RESULT start=648775 end=649058 ret=0 fail=0 status=0x00006f00 len=97 frames=2
DBG_UWB_RX_CH9
DBG_GATEWAY_CH9_RX_RELEASE_IDLE
DBG_GATEWAY_RX_DECODE ch=9 msg=0x41 src=0x708bc0aab970300e dst=0x9999888877776666 prev=0x708bc0aab970300e seq=28 flags=0x14 pl
DBG_UWB_RX_CH9
DBG_MESH_RX_QUEUED ch=9 msg=0x41 src=0x708bc0aab970300e dst=0x9999888877776666 prev=0x708bc0aab970300e seq=28 q=1
DBG_COORD state=gateway-rx owner=gateway-ch9-continuous-rx reason=gateway-rx rx=1 tx=0 relay=0 route=0 ack=0 qack=0
DBG_MESH_RX_DIRECT_WAIT q=1 reason=gateway-ch9-continuous-rx
DBG_MESH_RX_DIRECT_ENTER q=1 reason=gateway-ch9-continuous-rx
DBG_MESH_RX_DRAIN_ENTER owner=gateway-ch9-continuous-rx q=1
DBG_ENUM_ADAPTIVE_DEADLINE stage=0 observed_hop=1 next_hop=2 wait=4677 deadline=653740
DBG_ENUM_CLAIM_RX epoch=39321851 anchor=0x708bc0aab970300e hop=1 responders=2 roster=2 retained=0
DBG_GATEWAY_ACK_INPUT type=65 src=0x708bc0aab970300e dst=0x9999888877776666 rxseq=28 ackseq=169 len=36 flags=0x14 meta=0
DBG_COORD state=idle owner=gateway-ack-immediate-channel9 reason=idle rx=0 tx=0 relay=0 route=0 ack=0 qack=0
DBG_CH9_TX_CONFIG ret=0 now=649075 earliest=0 msg=32
DBG_GATEWAY_CH9_RX_CONT_RESULT start=649081 end=649092 ret=0 fail=0 status=0x00006f00 len=105 frames=3
DBG_UWB_RX_CH9
DBG_GATEWAY_CH9_RX_RELEASE_IDLE
DBG_GATEWAY_RX_DECODE ch=9 msg=0x33 src=0x708bc0aab970300e dst=0x9999888877776666 prev=0x708bc0aab970300e seq=28 flags=0x04 pl
DBG_UWB_RX_CH9
DBG_MESH_RX_QUEUED ch=9 msg=0x33 src=0x708bc0aab970300e dst=0x9999888877776666 prev=0x708bc0aab970300e seq=28 q=1
DBG_COORD state=gateway-rx owner=gateway-ch9-continuous-rx reason=gateway-rx rx=1 tx=0 relay=0 route=0 ack=0 qack=0
DBG_MESH_RX_DIRECT_WAIT q=1 reason=gateway-ch9-continuous-rx
DBG_MESH_RX_DIRECT_ENTER q=1 reason=gateway-ch9-continuous-rx
DBG_MESH_RX_DRAIN_ENTER owner=gateway-ch9-continuous-rx q=1
DBG_GATEWAY_ACK_INPUT type=51 src=0x708bc0aab970300e dst=0x9999888877776666 rxseq=28 ackseq=170 len=44 flags=0x04 meta=0
DBG_GATEWAY_ACK_GUARD ms=10 seq=170
DBG_COORD state=idle owner=gateway-ack-immediate-channel9 reason=idle rx=0 tx=0 relay=0 route=0 ack=0 qack=0
DBG_CH9_TX_CONFIG ret=0 now=649108 earliest=0 msg=32
DBG_CH9_TX_SEND_AT now=649108 earliest=0 msg=32 len=105
DBG_CH9_TX_RELEASE_IDLE msg=32 seq=170 reason=gateway-ack-immediate-channel9 ret=0
DBG_UWB_TX_CH9
DBG_GATEWAY_ACK_TX_LED
DBG_GATEWAY_RX_REARM_DEFER delay=0 ret=1 active=1
DBG_GATEWAY_CH9_RX_CONT_ARM now=649113 rem=40 frames=4 errors=0
DBG_GATEWAY_CH9_RX_CONT_RESULT start=649113 end=649153 ret=-116 fail=0 status=0x00000000 len=0 frames=4
DBG_MESH_RX_WORK_WAIT q=0
DBG_MESH_RX_WORK_ENTER q=0
DBG_MESH_RX_DRAIN_ENTER owner=work q=0
DBG_MESH_RX_DRAIN_EXIT owner=work handled=0 q=0
DBG_MESH_RX_WORK_EXIT handled=0 q=0
DBG_GATEWAY_RX_REARM_RUN delay=0 ret=1 active=1
DBG_COORD state=gateway-rx owner=uwb-rx reason=gateway-rx rx=0 tx=0 relay=0 route=0 ack=0 qack=0
DBG_GATEWAY_CH9_RX_CONT_ARM now=649154 rem=500 frames=0 errors=0
DBG_STACK_RUN_BEGIN epoch=17060499488525545313 run=216 kind=ble_backpressure owner=system_workqueue queue=1 custody=1 credit=0 retry=0 drain=1 src=11068027678940948070 dst=11068027678940948070 session=39321856 seq=256 type=86 sequence=0 previous=0 uptime=649386
DBG_STACK_SAMPLE_BEGIN epoch=17060499488525545313 run=216 sample=216 kind=ble_backpressure owner=system_workqueue queue=1 custody=1 credit=0 retry=0 drain=1 src=11068027678940948070 dst=11068027678940948070 session=39321856 seq=256 type=86 uptime=649386
DBG_STACK_ISR_CONFIG size=8192 run=216 sample=216
DBG_STACK name=BT RX WQ tid=0x2000fe18 used=760 free=776 size=1536 ret=0 run=216 sample=216
DBG_STACK name=mesh_route tid=0x2000d560 used=5888 free=2304 size=8192 ret=0 run=216 sample=216
DBG_STACK name=sysworkq tid=0x20010d70 used=2408 free=2072 size=4480 ret=0 run=216 sample=216
DBG_STACK name=MPSL Work tid=0x20010b28 used=440 free=584 size=1024 ret=0 run=216 sample=216
DBG_STACK name=logging tid=0x2000f920 used=480 free=1568 size=2048 ret=0 run=216 sample=216
DBG_STACK name=idle tid=0x20010c00 used=64 free=256 size=320 ret=0 run=216 sample=216
DBG_STACK_SAMPLE_END run=216 sample=216
DBG_STACK_RUN_END epoch=17060499488525545313 run=216 kind=ble_backpressure owner=system_workqueue outcome=ack queue=1 custody=0 credit=1 retry=0 drain=1 src=11068027678940948070 dst=11068027678940948070 session=39321856 seq=256 type=86 samples=1 sequence=0 previous=0 uptime=649406
DBG_GATEWAY_CH9_RX_CONT_RESULT start=649154 end=649655 ret=-116 fail=0 status=0x00000000 len=0 frames=0
DBG_GATEWAY_CH9_RX_CONT_ARM now=649657 rem=500 frames=0 errors=0
DBG_GATEWAY_CH9_RX_CONT_RESULT start=649657 end=650158 ret=-116 fail=0 status=0x00000000 len=0 frames=0
DBG_GATEWAY_CH9_RX_CONT_ARM now=650160 rem=500 frames=0 errors=0
DBG_GATEWAY_CH9_RX_CONT_RESULT start=650160 end=650661 ret=-116 fail=0 status=0x00000000 len=0 frames=0
DBG_GATEWAY_CH9_RX_CONT_ARM now=650663 rem=500 frames=0 errors=0
DBG_GATEWAY_CH9_RX_CONT_RESULT start=650663 end=651164 ret=-116 fail=0 status=0x00000000 len=0 frames=0
DBG_GATEWAY_CH9_RX_CONT_ARM now=651166 rem=500 frames=0 errors=0
DBG_GATEWAY_CH9_RX_CONT_RESULT start=651166 end=651667 ret=-116 fail=0 status=0x00000000 len=0 frames=0
DBG_GATEWAY_CH9_RX_CONT_ARM now=651669 rem=500 frames=0 errors=0
DBG_GATEWAY_CH9_RX_CONT_RESULT start=651669 end=652170 ret=-116 fail=0 status=0x00000000 len=0 frames=0
DBG_GATEWAY_CH9_RX_CONT_ARM now=652172 rem=500 frames=0 errors=0
DBG_GATEWAY_CH9_RX_CONT_RESULT start=652172 end=652673 ret=-116 fail=0 status=0x00000000 len=0 frames=0
DBG_GATEWAY_CH9_RX_CONT_ARM now=652675 rem=500 frames=0 errors=0
DBG_GATEWAY_CH9_RX_CONT_RESULT start=652675 end=652688 ret=0 fail=0 status=0x00006f00 len=97 frames=0
DBG_UWB_RX_CH9
DBG_GATEWAY_CH9_RX_RELEASE_IDLE
DBG_GATEWAY_RX_DECODE ch=9 msg=0x41 src=0x191a9619c6c8cb07 dst=0x9999888877776666 prev=0x191a9619c6c8cb07 seq=28 flags=0x14 pl
DBG_UWB_RX_CH9
DBG_MESH_RX_QUEUED ch=9 msg=0x41 src=0x191a9619c6c8cb07 dst=0x9999888877776666 prev=0x191a9619c6c8cb07 seq=28 q=1
DBG_MESH_RX_DIRECT_WAIT q=1 reason=gateway-ch9-continuous-rx
DBG_MESH_RX_DIRECT_ENTER q=1 reason=gateway-ch9-continuous-rx
DBG_MESH_RX_DRAIN_ENTER owner=gateway-ch9-continuous-rx q=1
DBG_ENUM_ADAPTIVE_DEADLINE stage=0 observed_hop=1 next_hop=2 wait=4677 deadline=657370
DBG_ENUM_CONFIRM ret=1
DBG_ENUM_CLAIM_RX epoch=39321851 anchor=0x191a9619c6c8cb07 hop=1 responders=3 roster=3 retained=0
DBG_GATEWAY_ACK_INPUT type=65 src=0x191a9619c6c8cb07 dst=0x9999888877776666 rxseq=28 ackseq=171 len=36 flags=0x14 meta=0
DBG_GATEWAY_ACK_GUARD ms=10 seq=171
DBG_STACK_RUN_BEGIN epoch=17060499488525545313 run=217 kind=ble_backpressure owner=system_workqueue queue=1 custody=1 credit=0 retry=0 drain=1 src=11068027678940948070 dst=11068027678940948070 session=39321857 seq=257 type=86 sequence=0 previous=0 uptime=652695
DBG_STACK_SAMPLE_BEGIN epoch=17060499488525545313 run=217 sample=217 kind=ble_backpressure owner=system_workqueue queue=1 custody=1 credit=0 retry=0 drain=1 src=11068027678940948070 dst=11068027678940948070 session=39321857 seq=257 type=86 uptime=652718
DBG_STACK_ISR_CONFIG size=8192 run=217 sample=217
DBG_STACK name=BT RX WQ tid=0x2000fe18 used=760 free=776 size=1536 ret=0 run=217 sample=217
DBG_STACK name=mesh_route tid=0x2000d560 used=5888 free=2304 size=8192 ret=0 run=217 sample=217
DBG_STACK name=sysworkq tid=0x20010d70 used=2408 free=2072 size=4480 ret=0 run=217 sample=217
DBG_STACK name=MPSL Work tid=0x20010b28 used=440 free=584 size=1024 ret=0 run=217 sample=217
DBG_STACK name=logging tid=0x2000f920 used=480 free=1568 size=2048 ret=0 run=217 sample=217
DBG_STACK name=idle tid=0x20010c00 used=64 free=256 size=320 ret=0 run=217 sample=217
DBG_STACK_SAMPLE_END run=217 sample=217
DBG_STACK_RUN_END epoch=17060499488525545313 run=217 kind=ble_backpressure owner=system_workqueue outcome=ack queue=1 custody=0 credit=1 retry=0 drain=1 src=11068027678940948070 dst=11068027678940948070 session=39321857 seq=257 type=86 samples=1 sequence=0 previous=0 uptime=652737
DBG_COORD state=idle owner=gateway-ack-immediate-channel9 reason=idle rx=0 tx=0 relay=0 route=0 ack=0 qack=0
DBG_CH9_TX_CONFIG ret=0 now=652738 earliest=0 msg=32
DBG_CH9_TX_SEND_AT now=652738 earliest=0 msg=32 len=105
DBG_CH9_TX_RELEASE_IDLE msg=32 seq=172 reason=gateway-ack-immediate-channel9 ret=0
DBG_UWB_TX_CH9
DBG_GATEWAY_CH9_RX_CONT_RESULT start=652743 end=653176 ret=-116 fail=0 status=0x00000000 len=0 frames=2
DBG_MESH_RX_WORK_WAIT q=0
DBG_MESH_RX_WORK_ENTER q=0
DBG_MESH_RX_DRAIN_ENTER owner=work q=0
DBG_MESH_RX_DRAIN_EXIT owner=work handled=0 q=0
DBG_MESH_RX_WORK_EXIT handled=0 q=0
DBG_GATEWAY_COMMAND_PRIORITY_SUBMIT ret=0 now=653177
DBG_GATEWAY_RX_REARM_RUN delay=0 ret=1 active=1
DBG_COORD state=gateway-rx owner=uwb-rx reason=gateway-rx rx=0 tx=0 relay=0 route=0 ack=0 qack=0
DBG_GATEWAY_CH9_RX_CONT_ARM now=653178 rem=500 frames=0 errors=0
DBG_GATEWAY_CH9_RX_CONT_RESULT start=653178 end=653179 ret=-140 fail=0 status=0x00000000 len=0 frames=0
DBG_GATEWAY_CH9_RX_COMMAND_PREEMPT now=653179 rem=500 frames=0
DBG_GATEWAY_CH9_RX_CONT_DONE ret=-140 len=0 fail=0 recover=0
DBG_NC o=000000000000001d g=0000001d w=00 e=0000003c s=00000005 q=0000>0004 r=00000000 f=00000024 t=00000000 p=00000000 a=00
DBG_NODE_COMM_SUBMIT handle=29 profile=6 token=17039389 deadline=663182
DBG_ENUM_FLOOD kind=2 handle=29
DBG_ENUM_TABLE_TX epoch=39321851 count=3 round=1 ret=0
DBG_NODE_COMM_TX_BEGIN handle=29 profile=6 msg=64 dst=0x0 seq=29
DBG_DWM_MARK_UNCONFIGURED tag=initialise_radio prev_phy=0
DBG_DWM_INVALIDATE tag=configure_radio_from_reset active_phy=2 configured=1 awake=0
DBG_DWM_MARK_UNCONFIGURED tag=initialise_radio prev_phy=0
DBG_DWM_WAKE_MESH_CTRL_OK sfd=4073
DBG_C5_TX_CONFIG ret=0 ext=1 len=187 msg=40 reason=bounded-c5-flood
DBG_UWB_TX_CH5
DBG_NC o=000000000000001d g=0000001d w=00 e=00000022 s=00000005 q=0004>0005 r=00000000 f=00000001 t=00000000 p=00000000 a=00
DBG_NC o=000000000000001d g=0000001d w=00 e=00000041 s=00000005 q=0005>0008 r=00000000 f=00000026 t=00000000 p=00000001 a=01
DBG_NODE_COMM_ATTEMPT handle=29 profile=6 attempt=1 ret=0 rf=1 scheduled=0 state=0
DBG_GATEWAY_RX_START reason=gateway mesh restart active=1 qrx=0 qtx=0 adv_due=0
DBG_ENUM_RF_RESULT kind=2 handle=29 success=1 reason=0 tries=1
DBG_COORD state=gateway-rx owner=uwb-rx reason=gateway-rx rx=0 tx=0 relay=0 route=0 ack=0 qack=0
DBG_DWM_INVALIDATE tag=configure_radio_from_reset active_phy=4 configured=1 awake=1
DBG_DWM_MARK_UNCONFIGURED tag=initialise_radio prev_phy=0
DBG_GATEWAY_CH9_RX_CONT_ARM now=653267 rem=500 frames=0 errors=0
DBG_GATEWAY_CH9_RX_CONT_RESULT start=653267 end=653768 ret=-116 fail=0 status=0x02000000 len=0 frames=0
DBG_GATEWAY_CH9_RX_CONT_ARM now=653770 rem=500 frames=0 errors=0
DBG_GATEWAY_CH9_RX_CONT_RESULT start=653770 end=653899 ret=0 fail=0 status=0x00006f00 len=131 frames=0
DBG_UWB_RX_CH9
DBG_GATEWAY_CH9_RX_RELEASE_IDLE
DBG_GATEWAY_RX_DECODE ch=9 msg=0x41 src=0x708bc0aab970300e dst=0x9999888877776666 prev=0x708bc0aab970300e seq=29 flags=0x14 pl
DBG_UWB_RX_CH9
DBG_MESH_RX_QUEUED ch=9 msg=0x41 src=0x708bc0aab970300e dst=0x9999888877776666 prev=0x708bc0aab970300e seq=29 q=1
DBG_MESH_RX_DIRECT_WAIT q=1 reason=gateway-ch9-continuous-rx
DBG_MESH_RX_DIRECT_ENTER q=1 reason=gateway-ch9-continuous-rx
DBG_MESH_RX_DRAIN_ENTER owner=gateway-ch9-continuous-rx q=1
DBG_ENUM_ADAPTIVE_DEADLINE stage=1 observed_hop=1 next_hop=2 wait=4694 deadline=658597
DBG_DISCOVERY_SLOT_ACK_RX epoch=39321851 anchor=0x708bc0aab970300e hop=1 acked=1 missing=2
DBG_GATEWAY_ACK_INPUT type=65 src=0x708bc0aab970300e dst=0x9999888877776666 rxseq=29 ackseq=173 len=70 flags=0x14 meta=0
DBG_GATEWAY_ACK_GUARD ms=10 seq=173
DBG_COORD state=idle owner=gateway-ack-immediate-channel9 reason=idle rx=0 tx=0 relay=0 route=0 ack=0 qack=0
DBG_CH9_TX_CONFIG ret=0 now=653916 earliest=0 msg=32
DBG_UWB_TX_CH9
DBG_GATEWAY_ACK_TX_LED
DBG_GATEWAY_CH9_RX_CONT_RESULT start=653921 end=653934 ret=0 fail=0 status=0x00006f00 len=105 frames=1
DBG_UWB_RX_CH9
DBG_GATEWAY_CH9_RX_RELEASE_IDLE
DBG_GATEWAY_RX_DECODE ch=9 msg=0x33 src=0x708bc0aab970300e dst=0x9999888877776666 prev=0x708bc0aab970300e seq=29 flags=0x04 pl
DBG_UWB_RX_CH9
DBG_MESH_RX_QUEUED ch=9 msg=0x33 src=0x708bc0aab970300e dst=0x9999888877776666 prev=0x708bc0aab970300e seq=29 q=1
DBG_COORD state=gateway-rx owner=gateway-ch9-continuous-rx reason=gateway-rx rx=1 tx=0 relay=0 route=0 ack=0 qack=0
DBG_MESH_RX_DIRECT_WAIT q=1 reason=gateway-ch9-continuous-rx
DBG_MESH_RX_DIRECT_ENTER q=1 reason=gateway-ch9-continuous-rx
DBG_MESH_RX_DRAIN_ENTER owner=gateway-ch9-continuous-rx q=1
DBG_ENUM_ADAPTIVE_DEADLINE stage=1 observed_hop=1 next_hop=2 wait=4700 deadline=658637
DBG_ENUM_CONFIRM ret=1
DBG_GATEWAY_ACK_INPUT type=51 src=0x708bc0aab970300e dst=0x9999888877776666 rxseq=29 ackseq=174 len=44 flags=0x04 meta=0
DBG_GATEWAY_ACK_GUARD ms=10 seq=174
DBG_STACK_RUN_BEGIN epoch=17060499488525545313 run=218 kind=ble_backpressure owner=system_workqueue queue=1 custody=1 credit=0 retry=0 drain=1 src=11068027678940948070 dst=11068027678940948070 session=39321860 seq=260 type=86 sequence=0 previous=0 uptime=653939
DBG_STACK_SAMPLE_BEGIN epoch=17060499488525545313 run=218 sample=218 kind=ble_backpressure owner=system_workqueue queue=1 custody=1 credit=0 retry=0 drain=1 src=11068027678940948070 dst=11068027678940948070 session=39321860 seq=260 type=86 uptime=653959
DBG_STACK_ISR_CONFIG size=8192 run=218 sample=218
DBG_STACK name=BT RX WQ tid=0x2000fe18 used=760 free=776 size=1536 ret=0 run=218 sample=218
DBG_STACK name=mesh_route tid=0x2000d560 used=5888 free=2304 size=8192 ret=0 run=218 sample=218
DBG_STACK name=sysworkq tid=0x20010d70 used=2408 free=2072 size=4480 ret=0 run=218 sample=218
DBG_STACK name=MPSL Work tid=0x20010b28 used=440 free=584 size=1024 ret=0 run=218 sample=218
DBG_STACK name=logging tid=0x2000f920 used=480 free=1568 size=2048 ret=0 run=218 sample=218
DBG_STACK name=idle tid=0x20010c00 used=64 free=256 size=320 ret=0 run=218 sample=218
DBG_STACK_SAMPLE_END run=218 sample=218
DBG_STACK_RUN_END epoch=17060499488525545313 run=218 kind=ble_backpressure owner=system_workqueue outcome=ack queue=1 custody=0 credit=1 retry=0 drain=1 src=11068027678940948070 dst=11068027678940948070 session=39321860 seq=260 type=86 samples=1 sequence=0 previous=0 uptime=653987
DBG_COORD state=idle owner=gateway-ack-immediate-channel9 reason=idle rx=0 tx=0 relay=0 route=0 ack=0 qack=0
DBG_CH9_TX_CONFIG ret=0 now=653994 earliest=0 msg=32
DBG_CH9_TX_SEND_AT now=653994 earliest=0 msg=32 len=105
DBG_CH9_TX_RELEASE_IDLE msg=32 seq=175 reason=gateway-ack-immediate-channel9 ret=0
DBG_UWB_TX_CH9
DBG_GATEWAY_ACK_TX_LED
DBG_GATEWAY_RX_REARM_DEFER delay=0 ret=1 active=1
DBG_GATEWAY_RX_START reason=gateway mesh restart active=1 qrx=0 qtx=0 adv_due=0
DBG_GATEWAY_CH9_RX_CONT_RESULT start=654000 end=654012 ret=0 fail=0 status=0x00006f00 len=105 frames=3
DBG_UWB_RX_CH9
DBG_GATEWAY_CH9_RX_RELEASE_IDLE
DBG_GATEWAY_RX_DECODE ch=9 msg=0x33 src=0x56da25fe4af6d141 dst=0x9999888877776666 prev=0x56da25fe4af6d141 seq=29 flags=0x04 pl
DBG_UWB_RX_CH9
DBG_MESH_RX_QUEUED ch=9 msg=0x33 src=0x56da25fe4af6d141 dst=0x9999888877776666 prev=0x56da25fe4af6d141 seq=29 q=1
DBG_COORD state=gateway-rx owner=gateway-ch9-continuous-rx reason=gateway-rx rx=1 tx=0 relay=0 route=0 ack=0 qack=0
DBG_MESH_RX_DIRECT_WAIT q=1 reason=gateway-ch9-continuous-rx
DBG_MESH_RX_DIRECT_ENTER q=1 reason=gateway-ch9-continuous-rx
DBG_COORD state=idle owner=gateway-ack-immediate-channel9 reason=idle rx=0 tx=0 relay=0 route=0 ack=0 qack=0
DBG_CH9_TX_CONFIG ret=0 now=654028 earliest=0 msg=32
DBG_CH9_TX_SEND_AT now=654028 earliest=0 msg=32 len=105
DBG_CH9_TX_RELEASE_IDLE msg=32 seq=176 reason=gateway-ack-immediate-channel9 ret=0
DBG_UWB_TX_CH9
DBG_GATEWAY_ACK_TX_LED
DBG_GATEWAY_CH9_RX_CONT_RESULT start=654033 end=654271 ret=-116 fail=0 status=0x00000000 len=0 frames=4
DBG_MESH_RX_WORK_WAIT q=0
DBG_MESH_RX_WORK_ENTER q=0
DBG_MESH_RX_DRAIN_ENTER owner=work q=0
DBG_MESH_RX_DRAIN_EXIT owner=work handled=0 q=0
DBG_MESH_RX_WORK_EXIT handled=0 q=0
DBG_GATEWAY_RX_REARM_RUN delay=0 ret=1 active=1
DBG_COORD state=gateway-rx owner=uwb-rx reason=gateway-rx rx=0 tx=0 relay=0 route=0 ack=0 qack=0
DBG_GATEWAY_CH9_RX_CONT_ARM now=654272 rem=500 frames=0 errors=0
DBG_STACK_RUN_BEGIN epoch=17060499488525545313 run=219 kind=ble_backpressure owner=system_workqueue queue=1 custody=1 credit=0 retry=0 drain=1 src=11068027678940948070 dst=11068027678940948070 session=39321861 seq=261 type=86 sequence=0 previous=0 uptime=654471
DBG_STACK_SAMPLE_BEGIN epoch=17060499488525545313 run=219 sample=219 kind=ble_backpressure owner=system_workqueue queue=1 custody=1 credit=0 retry=0 drain=1 src=11068027678940948070 dst=11068027678940948070 session=39321861 seq=261 type=86 uptime=654471
DBG_STACK_ISR_CONFIG size=8192 run=219 sample=219
DBG_STACK name=BT RX WQ tid=0x2000fe18 used=760 free=776 size=1536 ret=0 run=219 sample=219
DBG_STACK name=mesh_route tid=0x2000d560 used=5888 free=2304 size=8192 ret=0 run=219 sample=219
DBG_STACK name=sysworkq tid=0x20010d70 used=2408 free=2072 size=4480 ret=0 run=219 sample=219
DBG_STACK name=MPSL Work tid=0x20010b28 used=440 free=584 size=1024 ret=0 run=219 sample=219
DBG_STACK name=logging tid=0x2000f920 used=480 free=1568 size=2048 ret=0 run=219 sample=219
DBG_STACK name=idle tid=0x20010c00 used=64 free=256 size=320 ret=0 run=219 sample=219
DBG_STACK_SAMPLE_END run=219 sample=219
DBG_STACK_RUN_END epoch=17060499488525545313 run=219 kind=ble_backpressure owner=system_workqueue outcome=ack queue=1 custody=0 credit=1 retry=0 drain=1 src=11068027678940948070 dst=11068027678940948070 session=39321861 seq=261 type=86 samples=1 sequence=0 previous=0 uptime=654482
DBG_GATEWAY_CH9_RX_CONT_RESULT start=654272 end=654702 ret=0 fail=0 status=0x00006f00 len=131 frames=0
DBG_UWB_RX_CH9
DBG_GATEWAY_CH9_RX_RELEASE_IDLE
DBG_GATEWAY_RX_DECODE ch=9 msg=0x41 src=0x191a9619c6c8cb07 dst=0x9999888877776666 prev=0x191a9619c6c8cb07 seq=29 flags=0x14 pl
DBG_UWB_RX_CH9
DBG_MESH_RX_QUEUED ch=9 msg=0x41 src=0x191a9619c6c8cb07 dst=0x9999888877776666 prev=0x191a9619c6c8cb07 seq=29 q=1
DBG_MESH_RX_DIRECT_WAIT q=1 reason=gateway-ch9-continuous-rx
DBG_MESH_RX_DIRECT_ENTER q=1 reason=gateway-ch9-continuous-rx
DBG_MESH_RX_DRAIN_ENTER owner=gateway-ch9-continuous-rx q=1
DBG_ENUM_ADAPTIVE_DEADLINE stage=1 observed_hop=1 next_hop=2 wait=4694 deadline=659401
DBG_DISCOVERY_SLOT_ACK_RX epoch=39321851 anchor=0x191a9619c6c8cb07 hop=1 acked=3 missing=0
DBG_GATEWAY_ACK_INPUT type=65 src=0x191a9619c6c8cb07 dst=0x9999888877776666 rxseq=29 ackseq=177 len=70 flags=0x14 meta=0
DBG_GATEWAY_ACK_GUARD ms=10 seq=177
DBG_COORD state=idle owner=gateway-ack-immediate-channel9 reason=idle rx=0 tx=0 relay=0 route=0 ack=0 qack=0
DBG_CH9_TX_CONFIG ret=0 now=654720 earliest=0 msg=32
DBG_CH9_TX_SEND_AT now=654720 earliest=0 msg=32 len=105
DBG_UWB_TX_CH9
DBG_GATEWAY_CH9_RX_CONT_RESULT start=654725 end=654738 ret=0 fail=0 status=0x00006f00 len=105 frames=1
DBG_UWB_RX_CH9
DBG_GATEWAY_CH9_RX_RELEASE_IDLE
DBG_GATEWAY_RX_DECODE ch=9 msg=0x33 src=0x191a9619c6c8cb07 dst=0x9999888877776666 prev=0x191a9619c6c8cb07 seq=29 flags=0x04 pl
DBG_UWB_RX_CH9
DBG_MESH_RX_QUEUED ch=9 msg=0x33 src=0x191a9619c6c8cb07 dst=0x9999888877776666 prev=0x191a9619c6c8cb07 seq=29 q=1
DBG_COORD state=gateway-rx owner=gateway-ch9-continuous-rx reason=gateway-rx rx=1 tx=0 relay=0 route=0 ack=0 qack=0
DBG_MESH_RX_DIRECT_WAIT q=1 reason=gateway-ch9-continuous-rx
DBG_MESH_RX_DIRECT_ENTER q=1 reason=gateway-ch9-continuous-rx
DBG_MESH_RX_DRAIN_ENTER owner=gateway-ch9-continuous-rx q=1
DBG_ENUM_ADAPTIVE_DEADLINE stage=1 observed_hop=1 next_hop=2 wait=4700 deadline=659442
DBG_ENUM_CONFIRM ret=1
DBG_GATEWAY_ACK_INPUT type=51 src=0x191a9619c6c8cb07 dst=0x9999888877776666 rxseq=29 ackseq=178 len=44 flags=0x04 meta=0
DBG_GATEWAY_ACK_GUARD ms=10 seq=178
DBG_COORD state=idle owner=gateway-ack-immediate-channel9 reason=idle rx=0 tx=0 relay=0 route=0 ack=0 qack=0
DBG_CH9_TX_CONFIG ret=0 now=654754 earliest=0 msg=32
DBG_UWB_TX_CH9
DBG_GATEWAY_ACK_TX_LED
DBG_GATEWAY_CH9_RX_CONT_RESULT start=654760 end=654773 ret=-116 fail=0 status=0x00000000 len=0 frames=2
DBG_MESH_RX_WORK_WAIT q=0
DBG_MESH_RX_WORK_ENTER q=0
DBG_MESH_RX_DRAIN_ENTER owner=work q=0
DBG_MESH_RX_DRAIN_EXIT owner=work handled=0 q=0
DBG_MESH_RX_WORK_EXIT handled=0 q=0
DBG_GATEWAY_RX_REARM_RUN delay=0 ret=1 active=1
DBG_COORD state=gateway-rx owner=uwb-rx reason=gateway-rx rx=0 tx=0 relay=0 route=0 ack=0 qack=0
DBG_GATEWAY_CH9_RX_CONT_ARM now=654774 rem=500 frames=0 errors=0
DBG_STACK_RUN_BEGIN epoch=17060499488525545313 run=220 kind=ble_backpressure owner=system_workqueue queue=1 custody=1 credit=0 retry=0 drain=1 src=11068027678940948070 dst=11068027678940948070 session=39321862 seq=262 type=86 sequence=0 previous=0 uptime=654921
DBG_STACK_SAMPLE_BEGIN epoch=17060499488525545313 run=220 sample=220 kind=ble_backpressure owner=system_workqueue queue=1 custody=1 credit=0 retry=0 drain=1 src=11068027678940948070 dst=11068027678940948070 session=39321862 seq=262 type=86 uptime=654921
DBG_STACK_ISR_CONFIG size=8192 run=220 sample=220
DBG_STACK name=BT RX WQ tid=0x2000fe18 used=760 free=776 size=1536 ret=0 run=220 sample=220
DBG_STACK name=mesh_route tid=0x2000d560 used=5888 free=2304 size=8192 ret=0 run=220 sample=220
DBG_STACK name=sysworkq tid=0x20010d70 used=2408 free=2072 size=4480 ret=0 run=220 sample=220
DBG_STACK name=MPSL Work tid=0x20010b28 used=440 free=584 size=1024 ret=0 run=220 sample=220
DBG_STACK name=logging tid=0x2000f920 used=480 free=1568 size=2048 ret=0 run=220 sample=220
DBG_STACK name=idle tid=0x20010c00 used=64 free=256 size=320 ret=0 run=220 sample=220
DBG_STACK_SAMPLE_END run=220 sample=220
DBG_STACK_RUN_END epoch=17060499488525545313 run=220 kind=ble_backpressure owner=system_workqueue outcome=ack queue=1 custody=0 credit=1 retry=0 drain=1 src=11068027678940948070 dst=11068027678940948070 session=39321862 seq=262 type=86 samples=1 sequence=0 previous=0 uptime=654937
DBG_GATEWAY_CH9_RX_CONT_RESULT start=654774 end=655275 ret=-116 fail=0 status=0x00000000 len=0 frames=0
DBG_NC o=000000000000001e g=0000001e w=00 e=0000003c s=00000005 q=0000>0004 r=00000000 f=00000024 t=00000000 p=00000000 a=00
DBG_NODE_COMM_SUBMIT handle=30 profile=6 token=17039390 deadline=665276
DBG_ENUM_FLOOD kind=3 handle=30
DBG_ENUM_END_TX epoch=39321851 table_seq=39321858 ret=0
DBG_NODE_COMM_TX_BEGIN handle=30 profile=6 msg=64 dst=0x0 seq=30
DBG_CONTROL_RX_HANDOFF_READY abort=0
DBG_COORD state=idle owner=c5-flood reason=idle rx=0 tx=0 relay=0 route=0 ack=0 qack=0
DBG_DWM_INVALIDATE tag=configure_radio_from_reset active_phy=3 configured=1 awake=1
DBG_DWM_MARK_UNCONFIGURED tag=initialise_radio prev_phy=0
DBG_DWM_INVALIDATE tag=configure_radio_from_reset active_phy=2 configured=1 awake=0
DBG_DWM_MARK_UNCONFIGURED tag=initialise_radio prev_phy=0
DBG_DWM_WAKE_MESH_CTRL_OK sfd=4073
DBG_C5_TX_CONFIG ret=0 ext=1 len=169 msg=40 reason=bounded-c5-flood
DBG_UWB_TX_CH5
DBG_NC o=000000000000001e g=0000001e w=00 e=00000022 s=00000005 q=0004>0005 r=00000000 f=00000001 t=00000000 p=00000000 a=00
DBG_NC o=000000000000001e g=0000001e w=00 e=00000041 s=00000005 q=0005>0008 r=00000000 f=00000026 t=00000000 p=00000001 a=01
DBG_NODE_COMM_ATTEMPT handle=30 profile=6 attempt=1 ret=0 rf=1 scheduled=0 state=0
DBG_GATEWAY_RX_START reason=gateway mesh restart active=1 qrx=0 qtx=0 adv_due=0
DBG_ENUM_RF_RESULT kind=3 handle=30 success=1 reason=0 tries=1
DBG_COORD state=gateway-rx owner=uwb-rx reason=gateway-rx rx=0 tx=0 relay=0 route=0 ack=0 qack=0
DBG_DWM_INVALIDATE tag=configure_radio_from_reset active_phy=4 configured=1 awake=1
DBG_DWM_MARK_UNCONFIGURED tag=initialise_radio prev_phy=0
DBG_GATEWAY_CH9_RX_CONT_ARM now=655362 rem=500 frames=0 errors=0
DBG_STACK_RUN_BEGIN epoch=17060499488525545313 run=221 kind=ble_backpressure owner=system_workqueue queue=2 custody=2 credit=0 retry=0 drain=2 src=11068027678940948070 dst=11068027678940948070 session=39321865 seq=265 type=86 sequence=0 previous=0 uptime=655371
DBG_STACK_SAMPLE_BEGIN epoch=17060499488525545313 run=221 sample=221 kind=ble_backpressure owner=system_workqueue queue=2 custody=2 credit=0 retry=0 drain=2 src=11068027678940948070 dst=11068027678940948070 session=39321865 seq=265 type=86 uptime=655371
DBG_STACK_ISR_CONFIG size=8192 run=221 sample=221
DBG_STACK name=BT RX WQ tid=0x2000fe18 used=760 free=776 size=1536 ret=0 run=221 sample=221
DBG_STACK name=mesh_route tid=0x2000d560 used=5888 free=2304 size=8192 ret=0 run=221 sample=221
DBG_STACK name=sysworkq tid=0x20010d70 used=2408 free=2072 size=4480 ret=0 run=221 sample=221
DBG_STACK name=MPSL Work tid=0x20010b28 used=440 free=584 size=1024 ret=0 run=221 sample=221
DBG_STACK name=logging tid=0x2000f920 used=480 free=1568 size=2048 ret=0 run=221 sample=221
DBG_STACK name=idle tid=0x20010c00 used=64 free=256 size=320 ret=0 run=221 sample=221
DBG_STACK_SAMPLE_END run=221 sample=221
DBG_STACK_RUN_END epoch=17060499488525545313 run=221 kind=ble_backpressure owner=system_workqueue outcome=ack queue=2 custody=0 credit=1 retry=0 drain=2 src=11068027678940948070 dst=11068027678940948070 session=39321865 seq=265 type=86 samples=1 sequence=0 previous=0 uptime=655389
DBG_STACK_RUN_BEGIN epoch=17060499488525545313 run=222 kind=ble_backpressure owner=system_workqueue queue=2 custody=2 credit=0 retry=0 drain=2 src=11068027678940948070 dst=11068027678940948070 session=535037553 seq=1649 type=65 sequence=0 previous=0 uptime=655821
DBG_STACK_SAMPLE_BEGIN epoch=17060499488525545313 run=222 sample=222 kind=ble_backpressure owner=system_workqueue queue=2 custody=2 credit=0 retry=0 drain=2 src=11068027678940948070 dst=11068027678940948070 session=535037553 seq=1649 type=65 uptime=655822
DBG_STACK_ISR_CONFIG size=8192 run=222 sample=222
DBG_STACK name=BT RX WQ tid=0x2000fe18 used=760 free=776 size=1536 ret=0 run=222 sample=222
DBG_STACK name=mesh_route tid=0x2000d560 used=5888 free=2304 size=8192 ret=0 run=222 sample=222
DBG_STACK name=sysworkq tid=0x20010d70 used=2408 free=2072 size=4480 ret=0 run=222 sample=222
DBG_STACK name=MPSL Work tid=0x20010b28 used=440 free=584 size=1024 ret=0 run=222 sample=222
DBG_STACK name=logging tid=0x2000f920 used=480 free=1568 size=2048 ret=0 run=222 sample=222
DBG_STACK name=idle tid=0x20010c00 used=64 free=256 size=320 ret=0 run=222 sample=222
DBG_STACK_SAMPLE_END run=222 sample=222
DBG_STACK_RUN_END epoch=17060499488525545313 run=222 kind=ble_backpressure owner=system_workqueue outcome=ack queue=2 custody=0 credit=1 retry=0 drain=2 src=11068027678940948070 dst=11068027678940948070 session=535037553 seq=1649 type=65 samples=1 sequence=0 previous=0 uptime=655846
DBG_GATEWAY_CH9_RX_CONT_RESULT start=655362 end=655862 ret=-116 fail=0 status=0x02000000 len=0 frames=0
DBG_GATEWAY_CH9_RX_CONT_ARM now=655864 rem=500 frames=0 errors=0
DBG_STACK_RUN_BEGIN epoch=17060499488525545313 run=223 kind=ble_backpressure owner=system_workqueue queue=1 custody=1 credit=0 retry=0 drain=1 src=11068027678940948070 dst=11068027678940948070 session=39321866 seq=266 type=86 sequence=0 previous=0 uptime=656271
DBG_STACK_SAMPLE_BEGIN epoch=17060499488525545313 run=223 sample=223 kind=ble_backpressure owner=system_workqueue queue=1 custody=1 credit=0 retry=0 drain=1 src=11068027678940948070 dst=11068027678940948070 session=39321866 seq=266 type=86 uptime=656271
DBG_STACK_ISR_CONFIG size=8192 run=223 sample=223
DBG_STACK name=BT RX WQ tid=0x2000fe18 used=760 free=776 size=1536 ret=0 run=223 sample=223
DBG_STACK name=mesh_route tid=0x2000d560 used=5888 free=2304 size=8192 ret=0 run=223 sample=223
DBG_STACK name=sysworkq tid=0x20010d70 used=2408 free=2072 size=4480 ret=0 run=223 sample=223
DBG_STACK name=MPSL Work tid=0x20010b28 used=440 free=584 size=1024 ret=0 run=223 sample=223
DBG_STACK name=logging tid=0x2000f920 used=480 free=1568 size=2048 ret=0 run=223 sample=223
DBG_STACK name=idle tid=0x20010c00 used=64 free=256 size=320 ret=0 run=223 sample=223
DBG_STACK_SAMPLE_END run=223 sample=223
DBG_STACK_RUN_END epoch=17060499488525545313 run=223 kind=ble_backpressure owner=system_workqueue outcome=ack queue=1 custody=0 credit=1 retry=0 drain=1 src=11068027678940948070 dst=11068027678940948070 session=39321866 seq=266 type=86 samples=1 sequence=0 previous=0 uptime=656294
DBG_GATEWAY_CH9_RX_CONT_RESULT start=655864 end=656365 ret=-116 fail=0 status=0x00000000 len=0 frames=0
DBG_GATEWAY_CH9_RX_CONT_ARM now=656367 rem=500 frames=0 errors=0
DBG_STACK_RUN_BEGIN epoch=17060499488525545313 run=224 kind=ble_backpressure owner=system_workqueue queue=1 custody=1 credit=0 retry=0 drain=1 src=11068027678940948070 dst=11068027678940948070 session=39321867 seq=267 type=86 sequence=0 previous=0 uptime=656721
DBG_STACK_SAMPLE_BEGIN epoch=17060499488525545313 run=224 sample=224 kind=ble_backpressure owner=system_workqueue queue=1 custody=1 credit=0 retry=0 drain=1 src=11068027678940948070 dst=11068027678940948070 session=39321867 seq=267 type=86 uptime=656722
DBG_STACK_ISR_CONFIG size=8192 run=224 sample=224
DBG_STACK name=BT RX WQ tid=0x2000fe18 used=760 free=776 size=1536 ret=0 run=224 sample=224
DBG_STACK name=mesh_route tid=0x2000d560 used=5888 free=2304 size=8192 ret=0 run=224 sample=224
DBG_STACK name=sysworkq tid=0x20010d70 used=2408 free=2072 size=4480 ret=0 run=224 sample=224
DBG_STACK name=MPSL Work tid=0x20010b28 used=440 free=584 size=1024 ret=0 run=224 sample=224
DBG_STACK name=logging tid=0x2000f920 used=480 free=1568 size=2048 ret=0 run=224 sample=224
DBG_STACK name=idle tid=0x20010c00 used=64 free=256 size=320 ret=0 run=224 sample=224
DBG_STACK_SAMPLE_END run=224 sample=224
DBG_STACK_RUN_END epoch=17060499488525545313 run=224 kind=ble_backpressure owner=system_workqueue outcome=ack queue=1 custody=0 credit=1 retry=0 drain=1 src=11068027678940948070 dst=11068027678940948070 session=39321867 seq=267 type=86 samples=1 sequence=0 previous=0 uptime=656740
DBG_GATEWAY_CH9_RX_CONT_RESULT start=656367 end=656868 ret=-116 fail=0 status=0x00000000 len=0 frames=0
DBG_GATEWAY_CH9_RX_CONT_ARM now=656870 rem=500 frames=0 errors=0
DBG_STACK_RUN_BEGIN epoch=17060499488525545313 run=225 kind=ble_backpressure owner=system_workqueue queue=1 custody=1 credit=0 retry=0 drain=1 src=11068027678940948070 dst=11068027678940948070 session=39321868 seq=268 type=86 sequence=0 previous=0 uptime=657171
DBG_STACK_SAMPLE_BEGIN epoch=17060499488525545313 run=225 sample=225 kind=ble_backpressure owner=system_workqueue queue=1 custody=1 credit=0 retry=0 drain=1 src=11068027678940948070 dst=11068027678940948070 session=39321868 seq=268 type=86 uptime=657172
DBG_STACK_ISR_CONFIG size=8192 run=225 sample=225
DBG_STACK name=BT RX WQ tid=0x2000fe18 used=760 free=776 size=1536 ret=0 run=225 sample=225
DBG_STACK name=mesh_route tid=0x2000d560 used=5888 free=2304 size=8192 ret=0 run=225 sample=225
DBG_STACK name=sysworkq tid=0x20010d70 used=2408 free=2072 size=4480 ret=0 run=225 sample=225
DBG_STACK name=MPSL Work tid=0x20010b28 used=440 free=584 size=1024 ret=0 run=225 sample=225
DBG_STACK name=logging tid=0x2000f920 used=480 free=1568 size=2048 ret=0 run=225 sample=225
DBG_STACK name=idle tid=0x20010c00 used=64 free=256 size=320 ret=0 run=225 sample=225
DBG_STACK_SAMPLE_END run=225 sample=225
DBG_STACK_RUN_END epoch=17060499488525545313 run=225 kind=ble_backpressure owner=system_workqueue outcome=ack queue=1 custody=0 credit=1 retry=0 drain=1 src=11068027678940948070 dst=11068027678940948070 session=39321868 seq=268 type=86 samples=1 sequence=0 previous=0 uptime=657195
DBG_GATEWAY_CH9_RX_CONT_RESULT start=656870 end=657371 ret=-116 fail=0 status=0x00000000 len=0 frames=0
DBG_GATEWAY_CH9_RX_CONT_ARM now=657373 rem=500 frames=0 errors=0
DBG_STACK_RUN_BEGIN epoch=17060499488525545313 run=226 kind=ble_backpressure owner=system_workqueue queue=1 custody=1 credit=0 retry=0 drain=1 src=11068027678940948070 dst=11068027678940948070 session=39321869 seq=269 type=86 sequence=0 previous=0 uptime=657621
DBG_STACK_SAMPLE_BEGIN epoch=17060499488525545313 run=226 sample=226 kind=ble_backpressure owner=system_workqueue queue=1 custody=1 credit=0 retry=0 drain=1 src=11068027678940948070 dst=11068027678940948070 session=39321869 seq=269 type=86 uptime=657622
DBG_STACK_ISR_CONFIG size=8192 run=226 sample=226
DBG_STACK name=BT RX WQ tid=0x2000fe18 used=760 free=776 size=1536 ret=0 run=226 sample=226
DBG_STACK name=mesh_route tid=0x2000d560 used=5888 free=2304 size=8192 ret=0 run=226 sample=226
DBG_STACK name=sysworkq tid=0x20010d70 used=2408 free=2072 size=4480 ret=0 run=226 sample=226
DBG_STACK name=MPSL Work tid=0x20010b28 used=440 free=584 size=1024 ret=0 run=226 sample=226
DBG_STACK name=logging tid=0x2000f920 used=480 free=1568 size=2048 ret=0 run=226 sample=226
DBG_STACK name=idle tid=0x20010c00 used=64 free=256 size=320 ret=0 run=226 sample=226
DBG_STACK_SAMPLE_END run=226 sample=226
DBG_STACK_RUN_END epoch=17060499488525545313 run=226 kind=ble_backpressure owner=system_workqueue outcome=ack queue=1 custody=0 credit=1 retry=0 drain=1 src=11068027678940948070 dst=11068027678940948070 session=39321869 seq=269 type=86 samples=1 sequence=0 previous=0 uptime=657640
DBG_GATEWAY_CH9_RX_CONT_RESULT start=657373 end=657874 ret=-116 fail=0 status=0x00000000 len=0 frames=0
DBG_GATEWAY_CH9_RX_CONT_ARM now=657876 rem=500 frames=0 errors=0
DBG_STACK_RUN_BEGIN epoch=17060499488525545313 run=227 kind=ble_backpressure owner=system_workqueue queue=1 custody=1 credit=0 retry=0 drain=1 src=11068027678940948070 dst=11068027678940948070 session=39321870 seq=270 type=86 sequence=0 previous=0 uptime=658116
DBG_STACK_SAMPLE_BEGIN epoch=17060499488525545313 run=227 sample=227 kind=ble_backpressure owner=system_workqueue queue=1 custody=1 credit=0 retry=0 drain=1 src=11068027678940948070 dst=11068027678940948070 session=39321870 seq=270 type=86 uptime=658117
DBG_STACK_ISR_CONFIG size=8192 run=227 sample=227
DBG_STACK name=BT RX WQ tid=0x2000fe18 used=760 free=776 size=1536 ret=0 run=227 sample=227
DBG_STACK name=mesh_route tid=0x2000d560 used=5888 free=2304 size=8192 ret=0 run=227 sample=227
DBG_STACK name=sysworkq tid=0x20010d70 used=2408 free=2072 size=4480 ret=0 run=227 sample=227
DBG_STACK name=MPSL Work tid=0x20010b28 used=440 free=584 size=1024 ret=0 run=227 sample=227
DBG_STACK name=logging tid=0x2000f920 used=480 free=1568 size=2048 ret=0 run=227 sample=227
DBG_STACK name=idle tid=0x20010c00 used=64 free=256 size=320 ret=0 run=227 sample=227
DBG_STACK_SAMPLE_END run=227 sample=227
DBG_STACK_RUN_END epoch=17060499488525545313 run=227 kind=ble_backpressure owner=system_workqueue outcome=ack queue=1 custody=0 credit=1 retry=0 drain=1 src=11068027678940948070 dst=11068027678940948070 session=39321870 seq=270 type=86 samples=1 sequence=0 previous=0 uptime=658142
DBG_GATEWAY_CH9_RX_CONT_RESULT start=657876 end=658377 ret=-116 fail=0 status=0x00000000 len=0 frames=0
DBG_GATEWAY_CH9_RX_CONT_ARM now=658379 rem=500 frames=0 errors=0
DBG_GATEWAY_CH9_RX_CONT_RESULT start=658379 end=658880 ret=-116 fail=0 status=0x00000000 len=0 frames=0
DBG_GATEWAY_CH9_RX_CONT_ARM now=658885 rem=500 frames=0 errors=0
DBG_GATEWAY_CH9_RX_CONT_RESULT start=658885 end=659386 ret=-116 fail=0 status=0x00000000 len=0 frames=0
DBG_GATEWAY_CH9_RX_CONT_ARM now=659388 rem=500 frames=0 errors=0
DBG_GATEWAY_CH9_RX_CONT_RESULT start=659388 end=659889 ret=-116 fail=0 status=0x00000000 len=0 frames=0
DBG_GATEWAY_CH9_RX_CONT_ARM now=659891 rem=500 frames=0 errors=0
DBG_GATEWAY_CH9_RX_CONT_RESULT start=659891 end=660392 ret=-116 fail=0 status=0x00000000 len=0 frames=0
DBG_GATEWAY_CH9_RX_CONT_ARM now=660394 rem=500 frames=0 errors=0
DBG_GATEWAY_BLE event=disconnected reason=19 uptime=660545
DBG_GATEWAY_BLE event=recovery round=1 delay_ms=326 reason=disconnected uptime=660545
DBG_GATEWAY_CH9_RX_CONT_RESULT start=660394 end=660895 ret=-116 fail=0 status=0x00000000 len=0 frames=0
DBG_GATEWAY_CH9_RX_CONT_ARM now=660897 rem=500 frames=0 errors=0
DBG_GATEWAY_CH9_RX_CONT_RESULT start=660897 end=661398 ret=-116 fail=0 status=0x00000000 len=0 frames=0
DBG_GATEWAY_CH9_RX_CONT_ARM now=661400 rem=500 frames=0 errors=0
