BLE_CONNECTED gateway_id=0x9999888877776666 command=monitor
BLE_CHUNK len=244 hex=475701280101000020240c0079ab4315ae4a1008b5f535ea666677778888999900000000df00bf800b082dab38516a30c2c10a08ae4a1008b5f535ea161858f8c0da3b3a6d0fe3640ad62b129996ae4a1008b5f535ea060406001901a90102aa0101070892a80200000000000c045d0200000f0204002510530200005002000072020000600200002804000102032920bed002000000000021d102000000000084d1020000000000e7d10200000000003404020600193304060000003502e8803602900138040417f9033904060000003a04060000003b04000000003c04000000003d0201004201054d0256004e04b90800000d
BLE_CHUNK len=19 hex=01642401a32606e48400bc65ff210100cd0103
BLE_PACKET type=0x20 src=0xea35f5b508104aae dst=0x9999888877776666 session=356756345 seq=12 payload=0b082dab38516a30c2c10a08ae4a1008b5f535ea161858f8c0da3b3a6d0fe3640ad62b129996ae4a1008b5f535ea060406001901a90102aa0101070892a80200000000000c045d0200000f0204002510530200005002000072020000600200002804000102032920bed002000000000021d102000000000084d1020000000000e7d10200000000003404020600193304060000003502e8803602900138040417f9033904060000003a04060000003b04000000003c04000000003d0201004201054d0256004e04b90800000d01642401a32606e48400bc65ff210100cd0103
BLE_HOST_RECEIPT type=0x20 src=0xea35f5b508104aae session=356756345 seq=12
BLE_CHUNK len=244 hex=475701280101000020240100a404446fae4a1008b5f535ea666677778888999900000000df0059c30b082dab38516a30c2c10a08ae4a1008b5f535ea161858f8c0da3b3a6d0fe3640ad62b129996ae4a1008b5f535ea060407001901a90101aa0101070891a80200000000000c04700200000f02040025108a02000054020000950200004e02000028040001020329208edf020000000000f1df02000000000055e0020000000000b8e00200000000003404010700193304060000003502e8803602900138043c6b21043904060000003a04060000003b04000000003c04000000003d0201004201054d0253004e04550800000d
BLE_CHUNK len=19 hex=01642401a4260647fbfec5af00210100cf0102
BLE_PACKET type=0x20 src=0xea35f5b508104aae dst=0x9999888877776666 session=1866728612 seq=1 payload=0b082dab38516a30c2c10a08ae4a1008b5f535ea161858f8c0da3b3a6d0fe3640ad62b129996ae4a1008b5f535ea060407001901a90101aa0101070891a80200000000000c04700200000f02040025108a02000054020000950200004e02000028040001020329208edf020000000000f1df02000000000055e0020000000000b8e00200000000003404010700193304060000003502e8803602900138043c6b21043904060000003a04060000003b04000000003c04000000003d0201004201054d0253004e04550800000d01642401a4260647fbfec5af00210100cf0102
BLE_HOST_RECEIPT type=0x20 src=0xea35f5b508104aae session=1866728612 seq=1
BLE_CHUNK len=244 hex=475701280101000020240c002bd0c315ae4a1008b5f535ea666677778888999900000000df0041ac0b082dab38516a30c2c10a08ae4a1008b5f535ea161858f8c0da3b3a6d0fe3640ad62b129996ae4a1008b5f535ea060408001901a90102aa0101070892a80200000000000c04520200000f0204002510880200005e020000280200003b02000028040001020329207506030000000000d8060300000000003b070300000000009e070300000000003404020800193304060000003502e8803602900138043cc58f043904060000003a04060000003b04000000003c04000000003d0201004201054d0254004e04ba0800000d
BLE_CHUNK len=19 hex=01642401a32606bce600cbe200210100cf0101
BLE_PACKET type=0x20 src=0xea35f5b508104aae dst=0x9999888877776666 session=365154347 seq=12 payload=0b082dab38516a30c2c10a08ae4a1008b5f535ea161858f8c0da3b3a6d0fe3640ad62b129996ae4a1008b5f535ea060408001901a90102aa0101070892a80200000000000c04520200000f0204002510880200005e020000280200003b02000028040001020329207506030000000000d8060300000000003b070300000000009e070300000000003404020800193304060000003502e8803602900138043cc58f043904060000003a04060000003b04000000003c04000000003d0201004201054d0254004e04ba0800000d01642401a32606bce600cbe200210100cf0101
BLE_HOST_RECEIPT type=0x20 src=0xea35f5b508104aae session=365154347 seq=12
BLE_CHUNK len=244 hex=475701280101000020240100168f25efae4a1008b5f535ea666677778888999900000000dc00d0180b082dab38516a30c2c10a08ae4a1008b5f535ea161858f8c0da3b3a6d0fe3640ad62b129996ae4a1008b5f535ea060409001901a90101aa0101070892a80200000000000c04630200000f020400251050020000560200005a0200008b02000028040001020329204615030000000000a9150300000000000c160300000000006f160300000000003404010900193304060000003502e8803602900138045cf9bd043904060000003a04060000003b04000000003c04000000003d0201004201054d0253004e04370800000d
BLE_CHUNK len=16 hex=01642401a426068d3400bc0900210100
BLE_PACKET type=0x20 src=0xea35f5b508104aae dst=0x9999888877776666 session=4012216086 seq=1 payload=0b082dab38516a30c2c10a08ae4a1008b5f535ea161858f8c0da3b3a6d0fe3640ad62b129996ae4a1008b5f535ea060409001901a90101aa0101070892a80200000000000c04630200000f020400251050020000560200005a0200008b02000028040001020329204615030000000000a9150300000000000c160300000000006f160300000000003404010900193304060000003502e8803602900138045cf9bd043904060000003a04060000003b04000000003c04000000003d0201004201054d0253004e04370800000d01642401a426068d3400bc0900210100
BLE_HOST_RECEIPT type=0x20 src=0xea35f5b508104aae session=4012216086 seq=1
BLE_CHUNK len=244 hex=4757012801010000202401002d01cdf5ae4a1008b5f535ea666677778888999900000000dc008f0b0b082dab38516a30c2c10a08ae4a1008b5f535ea161858f8c0da3b3a6d0fe3640ad62b129996ae4a1008b5f535ea06040a001901a90101aa0101070892a80200000000000c046f0200000f020400251060020000900200007402000056020000280400010203292016240300000000007924030000000000dc240300000000003e250300000000003404010a00193304060000003502e880360290013804ac25ec043904060000003a04060000003b04000000003c04000000003d0201004201054d0253004e04690800000d
BLE_CHUNK len=16 hex=01642401a32606b218ff72a800210100
BLE_PACKET type=0x20 src=0xea35f5b508104aae dst=0x9999888877776666 session=4123853101 seq=1 payload=0b082dab38516a30c2c10a08ae4a1008b5f535ea161858f8c0da3b3a6d0fe3640ad62b129996ae4a1008b5f535ea06040a001901a90101aa0101070892a80200000000000c046f0200000f020400251060020000900200007402000056020000280400010203292016240300000000007924030000000000dc240300000000003e250300000000003404010a00193304060000003502e880360290013804ac25ec043904060000003a04060000003b04000000003c04000000003d0201004201054d0253004e04690800000d01642401a32606b218ff72a800210100
BLE_HOST_RECEIPT type=0x20 src=0xea35f5b508104aae session=4123853101 seq=1
BLE_MONITOR_STOPPED
