BLE_CONNECTED gateway_id=0x9999888877776666 command=monitor
BLE_CHUNK len=244 hex=4757012801010000202401001e3debcd58f8c0da3b3a6d0f666677778888999900000000dc005e050b082dab38516a30c2c10a0858f8c0da3b3a6d0f161858f8c0da3b3a6d0fe3640ad62b129996ae4a1008b5f535ea060401001901a90101aa0101070861f90100000000000c04510100000f020400251059010000560100004e0100004501000028040001020329201dff01000000000080ff010000000000e2ff01000000000046000200000000003404010100193304060000003502e880360290013804417b2d073904060000003a04060000003b04000000003c04000000003d0201004201054d02e9004e04951700000d
BLE_CHUNK len=16 hex=01642401a52606b622005cbdff210100
BLE_PACKET type=0x20 src=0x0f6d3a3bdac0f858 dst=0x9999888877776666 session=3454745886 seq=1 payload=0b082dab38516a30c2c10a0858f8c0da3b3a6d0f161858f8c0da3b3a6d0fe3640ad62b129996ae4a1008b5f535ea060401001901a90101aa0101070861f90100000000000c04510100000f020400251059010000560100004e0100004501000028040001020329201dff01000000000080ff010000000000e2ff01000000000046000200000000003404010100193304060000003502e880360290013804417b2d073904060000003a04060000003b04000000003c04000000003d0201004201054d02e9004e04951700000d01642401a52606b622005cbdff210100
BLE_HOST_RECEIPT type=0x20 src=0x0f6d3a3bdac0f858 session=3454745886 seq=1
BLE_CHUNK len=244 hex=47570128010100002024010035af92d458f8c0da3b3a6d0f666677778888999900000000dc007d2c0b082dab38516a30c2c10a0858f8c0da3b3a6d0f161858f8c0da3b3a6d0fe3640ad62b129996ae4a1008b5f535ea060402001901a90101aa01010708a60d0200000000000c044f0100000f02040025104201000040010000660100005501000028040001020329209020020000000000f3200200000000005621020000000000b9210200000000003404010200193304060000003502e880360290013804c3367c073904060000003a04060000003b04000000003c04000000003d0201004201054d02e9004e04ba1700000d
BLE_CHUNK len=16 hex=01642401a62606ed8cff8b2900210100
BLE_PACKET type=0x20 src=0x0f6d3a3bdac0f858 dst=0x9999888877776666 session=3566382901 seq=1 payload=0b082dab38516a30c2c10a0858f8c0da3b3a6d0f161858f8c0da3b3a6d0fe3640ad62b129996ae4a1008b5f535ea060402001901a90101aa01010708a60d0200000000000c044f0100000f02040025104201000040010000660100005501000028040001020329209020020000000000f3200200000000005621020000000000b9210200000000003404010200193304060000003502e880360290013804c3367c073904060000003a04060000003b04000000003c04000000003d0201004201054d02e9004e04ba1700000d01642401a62606ed8cff8b2900210100
BLE_HOST_RECEIPT type=0x20 src=0x0f6d3a3bdac0f858 session=3566382901 seq=1
BLE_CHUNK len=244 hex=4757012801010000202401001e3debcde3640ad62b129996666677778888999900000000dc00455e0b082dab38516a30c2c10a08e3640ad62b129996161858f8c0da3b3a6d0fe3640ad62b129996ae4a1008b5f535ea060401001901a90101aa0101070808f60100000000000c04c60100000f0204002510c2010000da010000bc010000bf0100002804000102032920e5fb01000000000048fc010000000000abfc0100000000000efd0100000000003404010100193304060000003502e88036029001380428dfad0b3904060000003a04060000003b04000000003c04000000003d0201004201054d020c004e049a0000000d
BLE_CHUNK len=16 hex=01642401a526063b140064b1ff210100
BLE_PACKET type=0x20 src=0x9699122bd60a64e3 dst=0x9999888877776666 session=3454745886 seq=1 payload=0b082dab38516a30c2c10a08e3640ad62b129996161858f8c0da3b3a6d0fe3640ad62b129996ae4a1008b5f535ea060401001901a90101aa0101070808f60100000000000c04c60100000f0204002510c2010000da010000bc010000bf0100002804000102032920e5fb01000000000048fc010000000000abfc0100000000000efd0100000000003404010100193304060000003502e88036029001380428dfad0b3904060000003a04060000003b04000000003c04000000003d0201004201054d020c004e049a0000000d01642401a526063b140064b1ff210100
BLE_HOST_RECEIPT type=0x20 src=0x9699122bd60a64e3 session=3454745886 seq=1
BLE_CHUNK len=244 hex=4757012801010000202401006008932e58f8c0da3b3a6d0f666677778888999900000000dc007fed0b082dab38516a30c2c10a0858f8c0da3b3a6d0f161858f8c0da3b3a6d0fe3640ad62b129996ae4a1008b5f535ea060403001901a90101aa010107081e220200000000000c04dd0100000f0204002510df010000d1010000ea010000da0100002804000102032920fa3c0200000000005c3d020000000000bf3d020000000000233e0200000000003404010300193304060000003502e8803602900138048bb6ad073904060000003a04060000003b04000000003c04000000003d0201004201054d02ed004e04fd1700000d
BLE_CHUNK len=16 hex=01642401a326068e4bfffc47ff210100
BLE_PACKET type=0x20 src=0x0f6d3a3bdac0f858 dst=0x9999888877776666 session=781387872 seq=1 payload=0b082dab38516a30c2c10a0858f8c0da3b3a6d0f161858f8c0da3b3a6d0fe3640ad62b129996ae4a1008b5f535ea060403001901a90101aa010107081e220200000000000c04dd0100000f0204002510df010000d1010000ea010000da0100002804000102032920fa3c0200000000005c3d020000000000bf3d020000000000233e0200000000003404010300193304060000003502e8803602900138048bb6ad073904060000003a04060000003b04000000003c04000000003d0201004201054d02ed004e04fd1700000d01642401a326068e4bfffc47ff210100
BLE_HOST_RECEIPT type=0x20 src=0x0f6d3a3bdac0f858 session=781387872 seq=1
BLE_CHUNK len=244 hex=475701280101000020240c0037e09bb458f8c0da3b3a6d0f666677778888999900000000dc000cb40b082dab38516a30c2c10a0858f8c0da3b3a6d0f161858f8c0da3b3a6d0fe3640ad62b129996ae4a1008b5f535ea060404001901a90102aa010107081f360200000000000c044c0100000f02040025103c0100004a010000470100006201000028040001020329206075020000000000c275020000000000267602000000000088760200000000003404020400193304060000003502e88036029001380408883f083904060000003a04060000003b04000000003c04000000003d0201004201054d02ea004e04161800000d
BLE_CHUNK len=16 hex=01642401a526060a44ff2a9600210100
BLE_PACKET type=0x20 src=0x0f6d3a3bdac0f858 dst=0x9999888877776666 session=3030114359 seq=12 payload=0b082dab38516a30c2c10a0858f8c0da3b3a6d0f161858f8c0da3b3a6d0fe3640ad62b129996ae4a1008b5f535ea060404001901a90102aa010107081f360200000000000c044c0100000f02040025103c0100004a010000470100006201000028040001020329206075020000000000c275020000000000267602000000000088760200000000003404020400193304060000003502e88036029001380408883f083904060000003a04060000003b04000000003c04000000003d0201004201054d02ea004e04161800000d01642401a526060a44ff2a9600210100
BLE_HOST_RECEIPT type=0x20 src=0x0f6d3a3bdac0f858 session=3030114359 seq=12
BLE_CHUNK len=244 hex=47570128010100002024010035af92d4e3640ad62b129996666677778888999900000000dc00b1d20b082dab38516a30c2c10a08e3640ad62b129996161858f8c0da3b3a6d0fe3640ad62b129996ae4a1008b5f535ea060402001901a90101aa010107084c0a0200000000000c04ce0100000f0204002510d0010000c4010000a8010000fa0100002804000102032920581d020000000000ba1d0200000000001e1e020000000000811e0200000000003404010200193304060000003502e8803602900138043224dc0b3904060000003a04060000003b04000000003c04000000003d0201004201054d0212004e04e30100000d
BLE_CHUNK len=16 hex=01642401a52606c50e00034d00210100
BLE_PACKET type=0x20 src=0x9699122bd60a64e3 dst=0x9999888877776666 session=3566382901 seq=1 payload=0b082dab38516a30c2c10a08e3640ad62b129996161858f8c0da3b3a6d0fe3640ad62b129996ae4a1008b5f535ea060402001901a90101aa010107084c0a0200000000000c04ce0100000f0204002510d0010000c4010000a8010000fa0100002804000102032920581d020000000000ba1d0200000000001e1e020000000000811e0200000000003404010200193304060000003502e8803602900138043224dc0b3904060000003a04060000003b04000000003c04000000003d0201004201054d0212004e04e30100000d01642401a52606c50e00034d00210100
BLE_HOST_RECEIPT type=0x20 src=0x9699122bd60a64e3 session=3566382901 seq=1
BLE_CHUNK len=244 hex=4757012801010000202401006008932ee3640ad62b129996666677778888999900000000df00cc740b082dab38516a30c2c10a08e3640ad62b129996161858f8c0da3b3a6d0fe3640ad62b129996ae4a1008b5f535ea060403001901a90101aa01010708c51e0200000000000c04ef0100000f020400251012020000e5010000da010000ea0100002804000102032920c239020000000000253a020000000000883a020000000000ea3a0200000000003404010300193304060000003502e880360290013804c0e41e0c3904060000003a04060000003b04000000003c04000000003d0201004201054d0215004e04190200000d
BLE_CHUNK len=19 hex=01642401a52606ee0701d1ddff210100cd0101
BLE_PACKET type=0x20 src=0x9699122bd60a64e3 dst=0x9999888877776666 session=781387872 seq=1 payload=0b082dab38516a30c2c10a08e3640ad62b129996161858f8c0da3b3a6d0fe3640ad62b129996ae4a1008b5f535ea060403001901a90101aa01010708c51e0200000000000c04ef0100000f020400251012020000e5010000da010000ea0100002804000102032920c239020000000000253a020000000000883a020000000000ea3a0200000000003404010300193304060000003502e880360290013804c0e41e0c3904060000003a04060000003b04000000003c04000000003d0201004201054d0215004e04190200000d01642401a52606ee0701d1ddff210100cd0101
BLE_HOST_RECEIPT type=0x20 src=0x9699122bd60a64e3 session=781387872 seq=1
BLE_CHUNK len=244 hex=475701280101000020240c0037e09bb4e3640ad62b129996666677778888999900000000dc00433c0b082dab38516a30c2c10a08e3640ad62b129996161858f8c0da3b3a6d0fe3640ad62b129996ae4a1008b5f535ea060404001901a90102aa01010708c6320200000000000c04db0100000f0204002510df010000d6010000e7010000ce010000280400010203292028720200000000008b72020000000000ee7202000000000051730200000000003404020400193304060000003502e8803602900138048eba510c3904060000003a04060000003b04000000003c04000000003d0201004201054d0216004e04870200000d
BLE_CHUNK len=16 hex=01642401a52606321c01604a00210100
BLE_PACKET type=0x20 src=0x9699122bd60a64e3 dst=0x9999888877776666 session=3030114359 seq=12 payload=0b082dab38516a30c2c10a08e3640ad62b129996161858f8c0da3b3a6d0fe3640ad62b129996ae4a1008b5f535ea060404001901a90102aa01010708c6320200000000000c04db0100000f0204002510df010000d6010000e7010000ce010000280400010203292028720200000000008b72020000000000ee7202000000000051730200000000003404020400193304060000003502e8803602900138048eba510c3904060000003a04060000003b04000000003c04000000003d0201004201054d0216004e04870200000d01642401a52606321c01604a00210100
BLE_HOST_RECEIPT type=0x20 src=0x9699122bd60a64e3 session=3030114359 seq=12
BLE_CHUNK len=244 hex=47570128010100002024170062399c0e58f8c0da3b3a6d0f666677778888999900000000dc00388c0b082dab38516a30c2c10a0858f8c0da3b3a6d0f161858f8c0da3b3a6d0fe3640ad62b129996ae4a1008b5f535ea060405001901a90103aa010107089f720200000000000c04db0100000f0204002510d0010000d5010000e6010000e001000028040001020329203fa9020000000000a2a902000000000005aa02000000000068aa0200000000003404030500193304060000003502e880360290013804676ed3083904060000003a04060000003b04000000003c04000000003d0201004201054d02f1004e046c1800000d
BLE_CHUNK len=16 hex=01642401a326062fbbff9ebdff210100
BLE_PACKET type=0x20 src=0x0f6d3a3bdac0f858 dst=0x9999888877776666 session=245119330 seq=23 payload=0b082dab38516a30c2c10a0858f8c0da3b3a6d0f161858f8c0da3b3a6d0fe3640ad62b129996ae4a1008b5f535ea060405001901a90103aa010107089f720200000000000c04db0100000f0204002510d0010000d5010000e6010000e001000028040001020329203fa9020000000000a2a902000000000005aa02000000000068aa0200000000003404030500193304060000003502e880360290013804676ed3083904060000003a04060000003b04000000003c04000000003d0201004201054d02f1004e046c1800000d01642401a326062fbbff9ebdff210100
BLE_HOST_RECEIPT type=0x20 src=0x0f6d3a3bdac0f858 session=245119330 seq=23
BLE_CHUNK len=244 hex=4757012801010000202401001e3debcdae4a1008b5f535ea666677778888999900000000dc00081a0b082dab38516a30c2c10a08ae4a1008b5f535ea161858f8c0da3b3a6d0fe3640ad62b129996ae4a1008b5f535ea060401001901a90101aa01010708dcf20100000000000c04630200000f02040025103d0200007502000058020000820200002804000102032920daf80100000000003df9010000000000a0f901000000000003fa0100000000003404010100193304060000003502e880360290013804a721c3013904060000003a04060000003b04000000003c04000000003d0201004201054d024a004e047b0700000d
BLE_CHUNK len=16 hex=01642401a42606ecb6ff1e3b00210100
BLE_PACKET type=0x20 src=0xea35f5b508104aae dst=0x9999888877776666 session=3454745886 seq=1 payload=0b082dab38516a30c2c10a08ae4a1008b5f535ea161858f8c0da3b3a6d0fe3640ad62b129996ae4a1008b5f535ea060401001901a90101aa01010708dcf20100000000000c04630200000f02040025103d0200007502000058020000820200002804000102032920daf80100000000003df9010000000000a0f901000000000003fa0100000000003404010100193304060000003502e880360290013804a721c3013904060000003a04060000003b04000000003c04000000003d0201004201054d024a004e047b0700000d01642401a42606ecb6ff1e3b00210100
BLE_HOST_RECEIPT type=0x20 src=0xea35f5b508104aae session=3454745886 seq=1
BLE_CHUNK len=244 hex=47570128010100002024170062399c0ee3640ad62b129996666677778888999900000000dc0015490b082dab38516a30c2c10a08e3640ad62b129996161858f8c0da3b3a6d0fe3640ad62b129996ae4a1008b5f535ea060405001901a90103aa01010708466f0200000000000c040c0200000f02040025102f020000de0100001d02000005020000280400010203292007a60200000000006aa6020000000000cda602000000000030a70200000000003404030500193304060000003502e88036029001380431a9bb0c3904060000003a04060000003b04000000003c04000000003d0201004201054d0216004e04300200000d
BLE_CHUNK len=16 hex=01642401a32606dd87ff7d1d01210100
BLE_PACKET type=0x20 src=0x9699122bd60a64e3 dst=0x9999888877776666 session=245119330 seq=23 payload=0b082dab38516a30c2c10a08e3640ad62b129996161858f8c0da3b3a6d0fe3640ad62b129996ae4a1008b5f535ea060405001901a90103aa01010708466f0200000000000c040c0200000f02040025102f020000de0100001d02000005020000280400010203292007a60200000000006aa6020000000000cda602000000000030a70200000000003404030500193304060000003502e88036029001380431a9bb0c3904060000003a04060000003b04000000003c04000000003d0201004201054d0216004e04300200000d01642401a32606dd87ff7d1d01210100
BLE_HOST_RECEIPT type=0x20 src=0x9699122bd60a64e3 session=245119330 seq=23
BLE_CHUNK len=244 hex=475701280101000020240c0079ab431558f8c0da3b3a6d0f666677778888999900000000dc008f9b0b082dab38516a30c2c10a0858f8c0da3b3a6d0f161858f8c0da3b3a6d0fe3640ad62b129996ae4a1008b5f535ea060406001901a90102aa0101070816af0200000000000c044f0100000f02040025105001000055010000490100004f010000280400010203292000d702000000000063d7020000000000c6d702000000000029d80200000000003404020600193304060000003502e88036029001380421c53e093904060000003a04060000003b04000000003c04000000003d0201004201054d02ec004e04e21700000d
BLE_CHUNK len=16 hex=01642401a52606481d003c0900210100
BLE_PACKET type=0x20 src=0x0f6d3a3bdac0f858 dst=0x9999888877776666 session=356756345 seq=12 payload=0b082dab38516a30c2c10a0858f8c0da3b3a6d0f161858f8c0da3b3a6d0fe3640ad62b129996ae4a1008b5f535ea060406001901a90102aa0101070816af0200000000000c044f0100000f02040025105001000055010000490100004f010000280400010203292000d702000000000063d7020000000000c6d702000000000029d80200000000003404020600193304060000003502e88036029001380421c53e093904060000003a04060000003b04000000003c04000000003d0201004201054d02ec004e04e21700000d01642401a52606481d003c0900210100
BLE_HOST_RECEIPT type=0x20 src=0x0f6d3a3bdac0f858 session=356756345 seq=12
BLE_CHUNK len=244 hex=475701280101000020240c0079ab4315e3640ad62b129996666677778888999900000000dc0030b40b082dab38516a30c2c10a08e3640ad62b129996161858f8c0da3b3a6d0fe3640ad62b129996ae4a1008b5f535ea060406001901a90102aa01010708bdab0200000000000c04570200000f02040025105e0200007c020000590200002a0200002804000102032920c8d30200000000002bd40200000000008ed4020000000000f1d40200000000003404020600193304060000003502e8803602900138043da3e90c3904060000003a04060000003b04000000003c04000000003d0201004201054d0216004e04840200000d
BLE_CHUNK len=16 hex=01642401a32606802cffadde00210100
BLE_PACKET type=0x20 src=0x9699122bd60a64e3 dst=0x9999888877776666 session=356756345 seq=12 payload=0b082dab38516a30c2c10a08e3640ad62b129996161858f8c0da3b3a6d0fe3640ad62b129996ae4a1008b5f535ea060406001901a90102aa01010708bdab0200000000000c04570200000f02040025105e0200007c020000590200002a0200002804000102032920c8d30200000000002bd40200000000008ed4020000000000f1d40200000000003404020600193304060000003502e8803602900138043da3e90c3904060000003a04060000003b04000000003c04000000003d0201004201054d0216004e04840200000d01642401a32606802cffadde00210100
BLE_HOST_RECEIPT type=0x20 src=0x9699122bd60a64e3 session=356756345 seq=12
BLE_CHUNK len=244 hex=475701280101000020240100a404446f58f8c0da3b3a6d0f666677778888999900000000dc00ede80b082dab38516a30c2c10a0858f8c0da3b3a6d0f161858f8c0da3b3a6d0fe3640ad62b129996ae4a1008b5f535ea060407001901a90101aa0101070817af0200000000000c04e90100000f0204002510f4010000ee010000f2010000d10100002804000102032920d2e502000000000034e602000000000098e6020000000000fae60200000000003404010700193304060000003502e880360290013804f12862093904060000003a04060000003b04000000003c04000000003d0201004201054d02ea004e04e41700000d
BLE_CHUNK len=16 hex=01642401a42606d8b7009116ff210100
BLE_PACKET type=0x20 src=0x0f6d3a3bdac0f858 dst=0x9999888877776666 session=1866728612 seq=1 payload=0b082dab38516a30c2c10a0858f8c0da3b3a6d0f161858f8c0da3b3a6d0fe3640ad62b129996ae4a1008b5f535ea060407001901a90101aa0101070817af0200000000000c04e90100000f0204002510f4010000ee010000f2010000d10100002804000102032920d2e502000000000034e602000000000098e6020000000000fae60200000000003404010700193304060000003502e880360290013804f12862093904060000003a04060000003b04000000003c04000000003d0201004201054d02ea004e04e41700000d01642401a42606d8b7009116ff210100
BLE_HOST_RECEIPT type=0x20 src=0x0f6d3a3bdac0f858 session=1866728612 seq=1
BLE_CHUNK len=244 hex=475701280101000020240100a404446fe3640ad62b129996666677778888999900000000dc00006c0b082dab38516a30c2c10a08e3640ad62b129996161858f8c0da3b3a6d0fe3640ad62b129996ae4a1008b5f535ea060407001901a90101aa01010708bdab0200000000000c045f0200000f02040025104b0200007a0200005d02000058020000280400010203292099e2020000000000fce20200000000005fe3020000000000c2e30200000000003404010700193304060000003502e8803602900138040f8d050d3904060000003a04060000003b04000000003c04000000003d0201004201054d0219004e04670200000d
BLE_CHUNK len=16 hex=016424019f26069ceaffd15700210100
BLE_PACKET type=0x20 src=0x9699122bd60a64e3 dst=0x9999888877776666 session=1866728612 seq=1 payload=0b082dab38516a30c2c10a08e3640ad62b129996161858f8c0da3b3a6d0fe3640ad62b129996ae4a1008b5f535ea060407001901a90101aa01010708bdab0200000000000c045f0200000f02040025104b0200007a0200005d02000058020000280400010203292099e2020000000000fce20200000000005fe3020000000000c2e30200000000003404010700193304060000003502e8803602900138040f8d050d3904060000003a04060000003b04000000003c04000000003d0201004201054d0219004e04670200000d016424019f26069ceaffd15700210100
BLE_HOST_RECEIPT type=0x20 src=0x9699122bd60a64e3 session=1866728612 seq=1
BLE_CHUNK len=244 hex=475701280101000020240c002bd0c31558f8c0da3b3a6d0f666677778888999900000000dc00ece50b082dab38516a30c2c10a0858f8c0da3b3a6d0f161858f8c0da3b3a6d0fe3640ad62b129996ae4a1008b5f535ea060408001901a90102aa0101070817af0200000000000c04510100000f0204002510430100005801000052010000560100002804000102032920b80c0300000000001b0d0300000000007d0d030000000000e00d0300000000003404020800193304060000003502e880360290013804623fb2093904060000003a04060000003b04000000003c04000000003d0201004201054d02e6004e047e1700000d
BLE_CHUNK len=16 hex=01642401a52606348b00841e00210100
BLE_PACKET type=0x20 src=0x0f6d3a3bdac0f858 dst=0x9999888877776666 session=365154347 seq=12 payload=0b082dab38516a30c2c10a0858f8c0da3b3a6d0f161858f8c0da3b3a6d0fe3640ad62b129996ae4a1008b5f535ea060408001901a90102aa0101070817af0200000000000c04510100000f0204002510430100005801000052010000560100002804000102032920b80c0300000000001b0d0300000000007d0d030000000000e00d0300000000003404020800193304060000003502e880360290013804623fb2093904060000003a04060000003b04000000003c04000000003d0201004201054d02e6004e047e1700000d01642401a52606348b00841e00210100
BLE_HOST_RECEIPT type=0x20 src=0x0f6d3a3bdac0f858 session=365154347 seq=12
BLE_CHUNK len=244 hex=475701280101000020240c002bd0c315e3640ad62b129996666677778888999900000000dc00342e0b082dab38516a30c2c10a08e3640ad62b129996161858f8c0da3b3a6d0fe3640ad62b129996ae4a1008b5f535ea060408001901a90102aa01010708bdab0200000000000c042c0200000f02040025102b0200002b020000200200003902000028040001020329207f09030000000000e309030000000000460a030000000000a90a0300000000003404020800193304060000003502e88036029001380485d4470d3904060000003a04060000003b04000000003c04000000003d0201004201054d0213004e042e0200000d
BLE_CHUNK len=16 hex=01642401a32606fb0aff130500210100
BLE_PACKET type=0x20 src=0x9699122bd60a64e3 dst=0x9999888877776666 session=365154347 seq=12 payload=0b082dab38516a30c2c10a08e3640ad62b129996161858f8c0da3b3a6d0fe3640ad62b129996ae4a1008b5f535ea060408001901a90102aa01010708bdab0200000000000c042c0200000f02040025102b0200002b020000200200003902000028040001020329207f09030000000000e309030000000000460a030000000000a90a0300000000003404020800193304060000003502e88036029001380485d4470d3904060000003a04060000003b04000000003c04000000003d0201004201054d0213004e042e0200000d01642401a32606fb0aff130500210100
BLE_HOST_RECEIPT type=0x20 src=0x9699122bd60a64e3 session=365154347 seq=12
BLE_CHUNK len=244 hex=475701280101000020240100168f25ef58f8c0da3b3a6d0f666677778888999900000000dc0052110b082dab38516a30c2c10a0858f8c0da3b3a6d0f161858f8c0da3b3a6d0fe3640ad62b129996ae4a1008b5f535ea060409001901a90101aa0101070817af0200000000000c044e0100000f0204002510630100002c01000063010000470100002804000102032920891b030000000000ec1b0300000000004f1c030000000000b11c0300000000003404010900193304060000003502e880360290013804c46ad2093904060000003a04060000003b04000000003c04000000003d0201004201054d02e7004e04721700000d
BLE_CHUNK len=16 hex=01642401a526060f0b01f430ff210100
BLE_PACKET type=0x20 src=0x0f6d3a3bdac0f858 dst=0x9999888877776666 session=4012216086 seq=1 payload=0b082dab38516a30c2c10a0858f8c0da3b3a6d0f161858f8c0da3b3a6d0fe3640ad62b129996ae4a1008b5f535ea060409001901a90101aa0101070817af0200000000000c044e0100000f0204002510630100002c01000063010000470100002804000102032920891b030000000000ec1b0300000000004f1c030000000000b11c0300000000003404010900193304060000003502e880360290013804c46ad2093904060000003a04060000003b04000000003c04000000003d0201004201054d02e7004e04721700000d01642401a526060f0b01f430ff210100
BLE_HOST_RECEIPT type=0x20 src=0x0f6d3a3bdac0f858 session=4012216086 seq=1
BLE_CHUNK len=244 hex=475701280101000020240100168f25efe3640ad62b129996666677778888999900000000dc00d4ed0b082dab38516a30c2c10a08e3640ad62b129996161858f8c0da3b3a6d0fe3640ad62b129996ae4a1008b5f535ea060409001901a90101aa01010708bdab0200000000000c04fb0100000f0204002510f80100001d020000ea010000eb01000028040001020329205018030000000000b31803000000000017190300000000007a190300000000003404010900193304060000003502e880360290013804deb55d0d3904060000003a04060000003b04000000003c04000000003d0201004201054d0212004e04e90100000d
BLE_CHUNK len=16 hex=01642401a3260673e800ff1900210100
BLE_PACKET type=0x20 src=0x9699122bd60a64e3 dst=0x9999888877776666 session=4012216086 seq=1 payload=0b082dab38516a30c2c10a08e3640ad62b129996161858f8c0da3b3a6d0fe3640ad62b129996ae4a1008b5f535ea060409001901a90101aa01010708bdab0200000000000c04fb0100000f0204002510f80100001d020000ea010000eb01000028040001020329205018030000000000b31803000000000017190300000000007a190300000000003404010900193304060000003502e880360290013804deb55d0d3904060000003a04060000003b04000000003c04000000003d0201004201054d0212004e04e90100000d01642401a3260673e800ff1900210100
BLE_HOST_RECEIPT type=0x20 src=0x9699122bd60a64e3 session=4012216086 seq=1
BLE_CHUNK len=244 hex=4757012801010000202401002d01cdf558f8c0da3b3a6d0f666677778888999900000000dc006cb20b082dab38516a30c2c10a0858f8c0da3b3a6d0f161858f8c0da3b3a6d0fe3640ad62b129996ae4a1008b5f535ea06040a001901a90101aa0101070817af0200000000000c04500100000f02040025104a010000490100004f0100005d0100002804000102032920592a030000000000bc2a0300000000001f2b030000000000822b0300000000003404010a00193304060000003502e8803602900138045892f5093904060000003a04060000003b04000000003c04000000003d0201004201054d02e8004e046d1700000d
BLE_CHUNK len=16 hex=01642401a52606041e0044efff210100
BLE_PACKET type=0x20 src=0x0f6d3a3bdac0f858 dst=0x9999888877776666 session=4123853101 seq=1 payload=0b082dab38516a30c2c10a0858f8c0da3b3a6d0f161858f8c0da3b3a6d0fe3640ad62b129996ae4a1008b5f535ea06040a001901a90101aa0101070817af0200000000000c04500100000f02040025104a010000490100004f0100005d0100002804000102032920592a030000000000bc2a0300000000001f2b030000000000822b0300000000003404010a00193304060000003502e8803602900138045892f5093904060000003a04060000003b04000000003c04000000003d0201004201054d02e8004e046d1700000d01642401a52606041e0044efff210100
BLE_HOST_RECEIPT type=0x20 src=0x0f6d3a3bdac0f858 session=4123853101 seq=1
BLE_CHUNK len=244 hex=4757012801010000202401002d01cdf5e3640ad62b129996666677778888999900000000dc00a7940b082dab38516a30c2c10a08e3640ad62b129996161858f8c0da3b3a6d0fe3640ad62b129996ae4a1008b5f535ea06040a001901a90101aa01010708bdab0200000000000c04d60100000f0204002510d6010000c8010000e0010000da010000280400010203292020270300000000008327030000000000e62703000000000049280300000000003404010a00193304060000003502e880360290013804e216770d3904060000003a04060000003b04000000003c04000000003d0201004201054d0214004e04dc0100000d
BLE_CHUNK len=16 hex=01642401a52606471400a57000210100
BLE_PACKET type=0x20 src=0x9699122bd60a64e3 dst=0x9999888877776666 session=4123853101 seq=1 payload=0b082dab38516a30c2c10a08e3640ad62b129996161858f8c0da3b3a6d0fe3640ad62b129996ae4a1008b5f535ea06040a001901a90101aa01010708bdab0200000000000c04d60100000f0204002510d6010000c8010000e0010000da010000280400010203292020270300000000008327030000000000e62703000000000049280300000000003404010a00193304060000003502e880360290013804e216770d3904060000003a04060000003b04000000003c04000000003d0201004201054d0214004e04dc0100000d01642401a52606471400a57000210100
BLE_HOST_RECEIPT type=0x20 src=0x9699122bd60a64e3 session=4123853101 seq=1
BLE_CHUNK len=244 hex=47570128010100002024010035af92d4ae4a1008b5f535ea666677778888999900000000df00a2e90b082dab38516a30c2c10a08ae4a1008b5f535ea161858f8c0da3b3a6d0fe3640ad62b129996ae4a1008b5f535ea060402001901a90101aa0101070822070200000000000c04520200000f020400251058020000490200003c0200006c02000028040001020329204d1a020000000000b01a020000000000131b020000000000761b0200000000003404010200193304060000003502e880360290013804da9811023904060000003a04060000003b04000000003c04000000003d0201004201054d024b004e04e40700000d
BLE_CHUNK len=19 hex=01642401a42606ba99ff7c87ff210100cd0103
BLE_PACKET type=0x20 src=0xea35f5b508104aae dst=0x9999888877776666 session=3566382901 seq=1 payload=0b082dab38516a30c2c10a08ae4a1008b5f535ea161858f8c0da3b3a6d0fe3640ad62b129996ae4a1008b5f535ea060402001901a90101aa0101070822070200000000000c04520200000f020400251058020000490200003c0200006c02000028040001020329204d1a020000000000b01a020000000000131b020000000000761b0200000000003404010200193304060000003502e880360290013804da9811023904060000003a04060000003b04000000003c04000000003d0201004201054d024b004e04e40700000d01642401a42606ba99ff7c87ff210100cd0103
BLE_HOST_RECEIPT type=0x20 src=0xea35f5b508104aae session=3566382901 seq=1
BLE_CHUNK len=244 hex=4757012801010000202401006008932eae4a1008b5f535ea666677778888999900000000df00d88a0b082dab38516a30c2c10a08ae4a1008b5f535ea161858f8c0da3b3a6d0fe3640ad62b129996ae4a1008b5f535ea060403001901a90101aa01010708991b0200000000000c04480200000f02040025104902000044020000470200004a0200002804000102032920b7360200000000001a370200000000007e37020000000000e0370200000000003404010300193304060000003502e880360290013804c4d648023904060000003a04060000003b04000000003c04000000003d0201004201054d0252004e04150800000d
BLE_CHUNK len=19 hex=01642401a426062c130075ccff210100cf0102
BLE_PACKET type=0x20 src=0xea35f5b508104aae dst=0x9999888877776666 session=781387872 seq=1 payload=0b082dab38516a30c2c10a08ae4a1008b5f535ea161858f8c0da3b3a6d0fe3640ad62b129996ae4a1008b5f535ea060403001901a90101aa01010708991b0200000000000c04480200000f02040025104902000044020000470200004a0200002804000102032920b7360200000000001a370200000000007e37020000000000e0370200000000003404010300193304060000003502e880360290013804c4d648023904060000003a04060000003b04000000003c04000000003d0201004201054d0252004e04150800000d01642401a426062c130075ccff210100cf0102
BLE_HOST_RECEIPT type=0x20 src=0xea35f5b508104aae session=781387872 seq=1
BLE_CHUNK len=244 hex=475701280101000020240c0037e09bb4ae4a1008b5f535ea666677778888999901000000df0051310b082dab38516a30c2c10a08ae4a1008b5f535ea161858f8c0da3b3a6d0fe3640ad62b129996ae4a1008b5f535ea060404001901a90102aa010107089a2f0200000000000c04880200000f02040025108302000087020000860200008f02000028040001020329201d6f020000000000806f020000000000e36f02000000000047700200000000003404020400193304060000003502e880360290013804dc72d5023904060000003a04060000003b04000000003c04000000003d0201004201054d0254004e04600800000d
BLE_CHUNK len=19 hex=01642401a426066bdcff0cc4ff210100cf0101
BLE_PACKET type=0x20 src=0xea35f5b508104aae dst=0x9999888877776666 session=3030114359 seq=12 payload=0b082dab38516a30c2c10a08ae4a1008b5f535ea161858f8c0da3b3a6d0fe3640ad62b129996ae4a1008b5f535ea060404001901a90102aa010107089a2f0200000000000c04880200000f02040025108302000087020000860200008f02000028040001020329201d6f020000000000806f020000000000e36f02000000000047700200000000003404020400193304060000003502e880360290013804dc72d5023904060000003a04060000003b04000000003c04000000003d0201004201054d0254004e04600800000d01642401a426066bdcff0cc4ff210100cf0101
BLE_HOST_RECEIPT type=0x20 src=0xea35f5b508104aae session=3030114359 seq=12
BLE_CHUNK len=244 hex=47570128010100002024170062399c0eae4a1008b5f535ea666677778888999900000000dc00c0560b082dab38516a30c2c10a08ae4a1008b5f535ea161858f8c0da3b3a6d0fe3640ad62b129996ae4a1008b5f535ea060405001901a90103aa010107081b6c0200000000000c046a0200000f0204002510730200007b02000062020000590200002804000102032920fda202000000000060a3020000000000c3a302000000000025a40200000000003404030500193304060000003502e8803602900138047c4571033904060000003a04060000003b04000000003c04000000003d0201004201054d0254004e04a30800000d
BLE_CHUNK len=16 hex=01642401a42606aeb7ff69b4ff210100
BLE_PACKET type=0x20 src=0xea35f5b508104aae dst=0x9999888877776666 session=245119330 seq=23 payload=0b082dab38516a30c2c10a08ae4a1008b5f535ea161858f8c0da3b3a6d0fe3640ad62b129996ae4a1008b5f535ea060405001901a90103aa010107081b6c0200000000000c046a0200000f0204002510730200007b02000062020000590200002804000102032920fda202000000000060a3020000000000c3a302000000000025a40200000000003404030500193304060000003502e8803602900138047c4571033904060000003a04060000003b04000000003c04000000003d0201004201054d0254004e04a30800000d01642401a42606aeb7ff69b4ff210100
BLE_HOST_RECEIPT type=0x20 src=0xea35f5b508104aae session=245119330 seq=23
BLE_MONITOR_STOPPED

BLE_CONNECTED gateway_id=0x9999888877776666 command=monitor
BLE_CHUNK len=244 hex=475701280101000020240c0079ab4315ae4a1008b5f535ea666677778888999900000000df00bf800b082dab38516a30c2c10a08ae4a1008b5f535ea161858f8c0da3b3a6d0fe3640ad62b129996ae4a1008b5f535ea060406001901a90102aa0101070892a80200000000000c045d0200000f0204002510530200005002000072020000600200002804000102032920bed002000000000021d102000000000084d1020000000000e7d10200000000003404020600193304060000003502e8803602900138040417f9033904060000003a04060000003b04000000003c04000000003d0201004201054d0256004e04b90800000d
BLE_CHUNK len=19 hex=01642401a32606e48400bc65ff210100cd0103
BLE_PACKET type=0x20 src=0xea35f5b508104aae dst=0x9999888877776666 session=356756345 seq=12 payload=0b082dab38516a30c2c10a08ae4a1008b5f535ea161858f8c0da3b3a6d0fe3640ad62b129996ae4a1008b5f535ea060406001901a90102aa0101070892a80200000000000c045d0200000f0204002510530200005002000072020000600200002804000102032920bed002000000000021d102000000000084d1020000000000e7d10200000000003404020600193304060000003502e8803602900138040417f9033904060000003a04060000003b04000000003c04000000003d0201004201054d0256004e04b90800000d01642401a32606e48400bc65ff210100cd0103
BLE_HOST_RECEIPT type=0x20 src=0xea35f5b508104aae session=356756345 seq=12
BLE_CHUNK len=244 hex=475701280101000020240100a404446fae4a1008b5f535ea666677778888999900000000df0059c30b082dab38516a30c2c10a08ae4a1008b5f535ea161858f8c0da3b3a6d0fe3640ad62b129996ae4a1008b5f535ea060407001901a90101aa0101070891a80200000000000c04700200000f02040025108a02000054020000950200004e02000028040001020329208edf020000000000f1df02000000000055e0020000000000b8e00200000000003404010700193304060000003502e8803602900138043c6b21043904060000003a04060000003b04000000003c04000000003d0201004201054d0253004e04550800000d
BLE_CHUNK len=19 hex=01642401a4260647fbfec5af00210100cf0102
BLE_PACKET type=0x20 src=0xea35f5b508104aae dst=0x9999888877776666 session=1866728612 seq=1 payload=0b082dab38516a30c2c10a08ae4a1008b5f535ea161858f8c0da3b3a6d0fe3640ad62b129996ae4a1008b5f535ea060407001901a90101aa0101070891a80200000000000c04700200000f02040025108a02000054020000950200004e02000028040001020329208edf020000000000f1df02000000000055e0020000000000b8e00200000000003404010700193304060000003502e8803602900138043c6b21043904060000003a04060000003b04000000003c04000000003d0201004201054d0253004e04550800000d01642401a4260647fbfec5af00210100cf0102
BLE_HOST_RECEIPT type=0x20 src=0xea35f5b508104aae session=1866728612 seq=1
BLE_CHUNK len=244 hex=475701280101000020240c002bd0c315ae4a1008b5f535ea666677778888999900000000df0041ac0b082dab38516a30c2c10a08ae4a1008b5f535ea161858f8c0da3b3a6d0fe3640ad62b129996ae4a1008b5f535ea060408001901a90102aa0101070892a80200000000000c04520200000f0204002510880200005e020000280200003b02000028040001020329207506030000000000d8060300000000003b070300000000009e070300000000003404020800193304060000003502e8803602900138043cc58f043904060000003a04060000003b04000000003c04000000003d0201004201054d0254004e04ba0800000d
BLE_CHUNK len=19 hex=01642401a32606bce600cbe200210100cf0101
BLE_PACKET type=0x20 src=0xea35f5b508104aae dst=0x9999888877776666 session=365154347 seq=12 payload=0b082dab38516a30c2c10a08ae4a1008b5f535ea161858f8c0da3b3a6d0fe3640ad62b129996ae4a1008b5f535ea060408001901a90102aa0101070892a80200000000000c04520200000f0204002510880200005e020000280200003b02000028040001020329207506030000000000d8060300000000003b070300000000009e070300000000003404020800193304060000003502e8803602900138043cc58f043904060000003a04060000003b04000000003c04000000003d0201004201054d0254004e04ba0800000d01642401a32606bce600cbe200210100cf0101
BLE_HOST_RECEIPT type=0x20 src=0xea35f5b508104aae session=365154347 seq=12
BLE_CHUNK len=244 hex=475701280101000020240100168f25efae4a1008b5f535ea666677778888999900000000dc00d0180b082dab38516a30c2c10a08ae4a1008b5f535ea161858f8c0da3b3a6d0fe3640ad62b129996ae4a1008b5f535ea060409001901a90101aa0101070892a80200000000000c04630200000f020400251050020000560200005a0200008b02000028040001020329204615030000000000a9150300000000000c160300000000006f160300000000003404010900193304060000003502e8803602900138045cf9bd043904060000003a04060000003b04000000003c04000000003d0201004201054d0253004e04370800000d
BLE_CHUNK len=16 hex=01642401a426068d3400bc0900210100
BLE_PACKET type=0x20 src=0xea35f5b508104aae dst=0x9999888877776666 session=4012216086 seq=1 payload=0b082dab38516a30c2c10a08ae4a1008b5f535ea161858f8c0da3b3a6d0fe3640ad62b129996ae4a1008b5f535ea060409001901a90101aa0101070892a80200000000000c04630200000f020400251050020000560200005a0200008b02000028040001020329204615030000000000a9150300000000000c160300000000006f160300000000003404010900193304060000003502e8803602900138045cf9bd043904060000003a04060000003b04000000003c04000000003d0201004201054d0253004e04370800000d01642401a426068d3400bc0900210100
BLE_HOST_RECEIPT type=0x20 src=0xea35f5b508104aae session=4012216086 seq=1
BLE_CHUNK len=244 hex=4757012801010000202401002d01cdf5ae4a1008b5f535ea666677778888999900000000dc008f0b0b082dab38516a30c2c10a08ae4a1008b5f535ea161858f8c0da3b3a6d0fe3640ad62b129996ae4a1008b5f535ea06040a001901a90101aa0101070892a80200000000000c046f0200000f020400251060020000900200007402000056020000280400010203292016240300000000007924030000000000dc240300000000003e250300000000003404010a00193304060000003502e880360290013804ac25ec043904060000003a04060000003b04000000003c04000000003d0201004201054d0253004e04690800000d
BLE_CHUNK len=16 hex=01642401a32606b218ff72a800210100
BLE_PACKET type=0x20 src=0xea35f5b508104aae dst=0x9999888877776666 session=4123853101 seq=1 payload=0b082dab38516a30c2c10a08ae4a1008b5f535ea161858f8c0da3b3a6d0fe3640ad62b129996ae4a1008b5f535ea06040a001901a90101aa0101070892a80200000000000c046f0200000f020400251060020000900200007402000056020000280400010203292016240300000000007924030000000000dc240300000000003e250300000000003404010a00193304060000003502e880360290013804ac25ec043904060000003a04060000003b04000000003c04000000003d0201004201054d0253004e04690800000d01642401a32606b218ff72a800210100
BLE_HOST_RECEIPT type=0x20 src=0xea35f5b508104aae session=4123853101 seq=1
BLE_MONITOR_STOPPED
