15462.758 [0] DBG_STACK_BOOT preset=mesh_clicker build=imec-stack-v1:mesh_clicker:50ca640f721dedb12c3ffd61bd89978741c266e58a2807c82e63921d318ff4c2 epoch=14344539810753760239 uptime=2
15462.758 [0] mesh node identity: ficr=0x888f75291076e82f node=0xc1c2306a5138ab2d preset=mesh_clicker
15462.758 [0] DBG_DIRECT_GW_PROBE_BOOT resetreas=0x00000000 phase=none
15462.758 [0] DBG_NODE_COMM_BOOT stage=init ret=0 running=1 uptime=1011
15462.758 [0] DBG_CLICKER_BUTTON signal=2 source=irq_sample at=1017 action=0 ret=0
15462.758 [0] DBG_CLICKER_RTT ready=1 commands=CLICK,LONG,READY
15462.758 [0] DBG_DWM_INVALIDATE tag=configure_radio_from_reset active_phy=0 configured=0 awake=0
15462.758 [0] DBG_DWM_MARK_UNCONFIGURED tag=initialise_radio prev_phy=0
15462.765 [1] *** Booting nRF Connect SDK v2.9.0-7787b2649840 ***
15462.765 [1] *** Using Zephyr OS v3.7.99-1f8f3dc29142 ***
15462.765 [1] local debug input skipped for retained clicker idle
15464.925 [0] DBG_CLICKER_RTT command=INVALID accepted=0
15464.995 [0] DBG_CLICKER_RTT ready=1 commands=CLICK,LONG,READY
15470.946 [0] DBG_CLICKER_RTT command=INVALID accepted=0
15470.995 [0] DBG_CLICKER_RTT command=CLICK accepted=1 ret=0
15470.995 [0] DBG_CLICKER_CLICK state=START
15470.995 [0] DBG_BLE_COURTESY_START evt=16908289 att=1 finish_ms=2110
15470.995 [0] DBG_BLE_COURTESY_ADV_STARTED
15470.995 [0] DBG_BLE_COURTESY_SCAN_STARTED sense_ms=150 interval=40 window=32
15471.134 [0] DBG_BLE_COURTESY_DECISION evt=16908289 att=1 defer=0 wait_ms=0
15471.134 [0] DBG_BLE_COURTESY_END stage=hold ret=0 reports=0 decoded=0 peers=0 higher=0 wait=0
15471.134 [0] DBG_BLE_COURTESY_ADV_HELD
15471.134 [0] DBG_WAKE_TRAIN_GUARD_OK
15471.134 [0] DBG_DWM_INVALIDATE tag=configure_radio_from_reset active_phy=1 configured=1 awake=0
15471.162 [0] DBG_DWM_MARK_UNCONFIGURED tag=initialise_radio prev_phy=0
15471.199 [0] DBG_WAKE_TRAIN_CONFIG_BEGIN
15471.199 [0] DBG_DWM_INVALIDATE tag=configure_radio_from_reset active_phy=2 configured=1 awake=0
15471.199 [0] DBG_DWM_MARK_UNCONFIGURED tag=initialise_radio prev_phy=0
15471.199 [0] DBG_WAKE_TRAIN_CONFIG_OK
15471.199 [0] DBG_WAKE_TRAIN_FIRST_SEND_BEGIN
15471.199 [0] DBG_WAKE_TRAIN_FIRST_SEND_OK
15471.199 [0] DBG_UWB_TX_CH5
15471.199 [0] DBG_TX_WAKE_CLAIM_SENT
15471.272 [0] DBG_UWB_TX_CH5
15471.272 [0] DBG_TX_WAKE_CLAIM_SENT
15471.272 [0] DBG_UWB_TX_CH5
15471.272 [0] DBG_TX_WAKE_CLAIM_SENT
15471.272 [0] DBG_UWB_TX_CH5
15471.272 [0] DBG_TX_WAKE_CLAIM_SENT
15471.272 [0] DBG_UWB_TX_CH5
15471.272 [0] DBG_TX_WAKE_CLAIM_SENT
15471.272 [0] DBG_UWB_TX_CH5
15471.272 [0] DBG_TX_WAKE_CLAIM_SENT
15471.272 [0] DBG_UWB_TX_CH5
15471.272 [0] DBG_TX_WAKE_CLAIM_SENT
15471.272 [0] DBG_UWB_TX_CH5
15471.272 [0] DBG_TX_WAKE_CLAIM_SENT
15471.272 [0] DBG_UWB_TX_CH5
15471.272 [0] DBG_TX_WAKE_CLAIM_SENT
15471.272 [0] DBG_UWB_TX_CH5
15471.272 [0] DBG_TX_WAKE_CLAIM_SENT
15471.272 [0] DBG_UWB_TX_CH5
15471.272 [0] DBG_TX_WAKE_CLAIM_SENT
15471.272 [0] DBG_UWB_TX_CH5
15471.272 [0] DBG_TX_WAKE_CLAIM_SENT
15471.330 [0] DBG_UWB_TX_CH5
15471.330 [0] DBG_TX_WAKE_CLAIM_SENT
15471.330 [0] DBG_UWB_TX_CH5
15471.330 [0] DBG_TX_WAKE_CLAIM_SENT
15471.330 [0] DBG_UWB_TX_CH5
15471.330 [0] DBG_TX_WAKE_CLAIM_SENT
15471.330 [0] DBG_UWB_TX_CH5
15471.330 [0] DBG_TX_WAKE_CLAIM_SENT
15471.330 [0] DBG_UWB_TX_CH5
15471.330 [0] DBG_TX_WAKE_CLAIM_SENT
15471.330 [0] DBG_UWB_TX_CH5
15471.330 [0] DBG_TX_WAKE_CLAIM_SENT
15471.330 [0] DBG_UWB_TX_CH5
15471.330 [0] DBG_TX_WAKE_CLAIM_SENT
15471.330 [0] DBG_UWB_TX_CH5
15471.330 [0] DBG_TX_WAKE_CLAIM_SENT
15471.330 [0] DBG_UWB_TX_CH5
15471.330 [0] DBG_TX_WAKE_CLAIM_SENT
15471.379 [0] DBG_UWB_TX_CH5
15471.379 [0] DBG_TX_WAKE_CLAIM_SENT
15471.379 [0] DBG_UWB_TX_CH5
15471.379 [0] DBG_TX_WAKE_CLAIM_SENT
15471.379 [0] DBG_UWB_TX_CH5
15471.379 [0] DBG_TX_WAKE_CLAIM_SENT
15471.379 [0] DBG_UWB_TX_CH5
15471.379 [0] DBG_TX_WAKE_CLAIM_SENT
15471.379 [0] DBG_UWB_TX_CH5
15471.379 [0] DBG_TX_WAKE_CLAIM_SENT
15471.379 [0] DBG_UWB_TX_CH5
15471.379 [0] DBG_TX_WAKE_CLAIM_SENT
15471.379 [0] DBG_UWB_TX_CH5
15471.379 [0] DBG_TX_WAKE_CLAIM_SENT
15471.379 [0] DBG_UWB_TX_CH5
15471.379 [0] DBG_TX_WAKE_CLAIM_SENT
15471.427 [0] DBG_UWB_TX_CH5
15471.427 [0] DBG_TX_WAKE_CLAIM_SENT
15471.427 [0] DBG_UWB_TX_CH5
15471.427 [0] DBG_TX_WAKE_CLAIM_SENT
15471.427 [0] DBG_UWB_TX_CH5
15471.427 [0] DBG_TX_WAKE_CLAIM_SENT
15471.427 [0] DBG_UWB_TX_CH5
15471.427 [0] DBG_TX_WAKE_CLAIM_SENT
15471.427 [0] DBG_UWB_TX_CH5
15471.427 [0] DBG_TX_WAKE_CLAIM_SENT
15471.427 [0] DBG_UWB_TX_CH5
15471.427 [0] DBG_TX_WAKE_CLAIM_SENT
15471.427 [0] DBG_UWB_TX_CH5
15471.427 [0] DBG_TX_WAKE_CLAIM_SENT
15471.427 [0] DBG_UWB_TX_CH5
15471.427 [0] DBG_TX_WAKE_CLAIM_SENT
15471.496 [0] DBG_UWB_TX_CH5
15471.496 [0] DBG_TX_WAKE_CLAIM_SENT
15471.496 [0] DBG_UWB_TX_CH5
15471.496 [0] DBG_TX_WAKE_CLAIM_SENT
15471.496 [0] DBG_UWB_TX_CH5
15471.496 [0] DBG_TX_WAKE_CLAIM_SENT
15471.496 [0] DBG_UWB_TX_CH5
15471.496 [0] DBG_TX_WAKE_CLAIM_SENT
15471.496 [0] DBG_UWB_TX_CH5
15471.496 [0] DBG_TX_WAKE_CLAIM_SENT
15471.496 [0] DBG_UWB_TX_CH5
15471.496 [0] DBG_TX_WAKE_CLAIM_SENT
15471.496 [0] DBG_UWB_TX_CH5
15471.496 [0] DBG_TX_WAKE_CLAIM_SENT
15471.496 [0] DBG_UWB_TX_CH5
15471.496 [0] DBG_TX_WAKE_CLAIM_SENT
15471.496 [0] DBG_UWB_TX_CH5
15471.496 [0] DBG_TX_WAKE_CLAIM_SENT
15471.496 [0] DBG_UWB_TX_CH5
15471.496 [0] DBG_TX_WAKE_CLAIM_SENT
15471.560 [0] DBG_UWB_TX_CH5
15471.560 [0] DBG_TX_WAKE_CLAIM_SENT
15471.560 [0] DBG_UWB_TX_CH5
15471.560 [0] DBG_TX_WAKE_CLAIM_SENT
15471.560 [0] DBG_UWB_TX_CH5
15471.560 [0] DBG_TX_WAKE_CLAIM_SENT
15471.560 [0] DBG_UWB_TX_CH5
15471.560 [0] DBG_TX_WAKE_CLAIM_SENT
15471.560 [0] DBG_UWB_TX_CH5
15471.560 [0] DBG_TX_WAKE_CLAIM_SENT
15471.560 [0] DBG_UWB_TX_CH5
15471.560 [0] DBG_TX_WAKE_CLAIM_SENT
15471.560 [0] DBG_UWB_TX_CH5
15471.560 [0] DBG_TX_WAKE_CLAIM_SENT
15471.560 [0] DBG_UWB_TX_CH5
15471.560 [0] DBG_TX_WAKE_CLAIM_SENT
15471.560 [0] DBG_UWB_TX_CH5
15471.560 [0] DBG_TX_WAKE_CLAIM_SENT
15471.560 [0] DBG_UWB_TX_CH5
15471.560 [0] DBG_TX_WAKE_CLAIM_SENT
15471.623 [0] DBG_UWB_TX_CH5
15471.623 [0] DBG_TX_WAKE_CLAIM_SENT
15471.623 [0] DBG_UWB_TX_CH5
15471.623 [0] DBG_TX_WAKE_CLAIM_SENT
15471.623 [0] DBG_UWB_TX_CH5
15471.623 [0] DBG_TX_WAKE_CLAIM_SENT
15471.623 [0] DBG_UWB_TX_CH5
15471.623 [0] DBG_TX_WAKE_CLAIM_SENT
15471.623 [0] DBG_UWB_TX_CH5
15471.623 [0] DBG_TX_WAKE_CLAIM_SENT
15471.623 [0] DBG_UWB_TX_CH5
15471.623 [0] DBG_TX_WAKE_CLAIM_SENT
15471.623 [0] DBG_UWB_TX_CH5
15471.623 [0] DBG_TX_WAKE_CLAIM_SENT
15471.623 [0] DBG_UWB_TX_CH5
15471.623 [0] DBG_TX_WAKE_CLAIM_SENT
15471.623 [0] DBG_UWB_TX_CH5
15471.623 [0] DBG_TX_WAKE_CLAIM_SENT
15471.623 [0] DBG_UWB_TX_CH5
15471.623 [0] DBG_TX_WAKE_CLAIM_SENT
15471.695 [0] DBG_UWB_TX_CH5
15471.695 [0] DBG_TX_WAKE_CLAIM_SENT
15471.695 [0] DBG_UWB_TX_CH5
15471.695 [0] DBG_TX_WAKE_CLAIM_SENT
15471.695 [0] DBG_UWB_TX_CH5
15471.695 [0] DBG_TX_WAKE_CLAIM_SENT
15471.695 [0] DBG_UWB_TX_CH5
15471.695 [0] DBG_TX_WAKE_CLAIM_SENT
15471.695 [0] DBG_UWB_TX_CH5
15471.695 [0] DBG_TX_WAKE_CLAIM_SENT
15471.695 [0] DBG_UWB_TX_CH5
15471.695 [0] DBG_TX_WAKE_CLAIM_SENT
15471.695 [0] DBG_UWB_TX_CH5
15471.695 [0] DBG_TX_WAKE_CLAIM_SENT
15471.695 [0] DBG_UWB_TX_CH5
15471.695 [0] DBG_TX_WAKE_CLAIM_SENT
15471.695 [0] DBG_UWB_TX_CH5
15471.695 [0] DBG_TX_WAKE_CLAIM_SENT
15471.695 [0] DBG_UWB_TX_CH5
15471.695 [0] DBG_TX_WAKE_CLAIM_SENT
15471.695 [0] DBG_UWB_TX_CH5
15471.695 [0] DBG_TX_WAKE_CLAIM_SENT
15471.695 [0] DBG_DWM_INVALIDATE tag=configure_radio_from_reset active_phy=2 configured=1 awake=1
15471.767 [0] DBG_DWM_MARK_UNCONFIGURED tag=initialise_radio prev_phy=0
15471.767 [0] DBG_DWM_INVALIDATE tag=configure_radio_from_reset active_phy=2 configured=1 awake=0
15471.767 [0] DBG_DWM_MARK_UNCONFIGURED tag=initialise_radio prev_phy=0
15471.828 [0] DBG_CLICKER_DISCOVERY_REPLY anchor=0xf6d3a3bdac0f858 slot=1 quality=100 candidates=1
15471.828 [0] DBG_CLICKER_DISCOVERY_REPLY anchor=0x9699122bd60a64e3 slot=2 quality=100 candidates=2
15472.377 [0] DBG_CLICKER_DISCOVERY rx=2 decoded=2 candidates=2 malformed=0 rejected=0 window=608 ret=2
15472.377 [0] DBG_DWM_INVALIDATE tag=configure_radio_from_reset active_phy=2 configured=1 awake=0
15472.411 [0] DBG_DWM_MARK_UNCONFIGURED tag=initialise_radio prev_phy=0
15472.411 [0] DBG_CLICKER_RANGE state=START evt=16908289 att=1 selected=2
15472.411 [0] DBG_STACK_RUN_BEGIN epoch=14344539810753760239 run=1 kind=click_activity owner=clicker_action queue=1 custody=0 credit=0 retry=0 drain=0 src=13961775027989293869 dst=1111608711777941592 session=16908289 seq=1 type=16 sequence=0 previous=0 uptime=97273
15472.453 [0] DBG_DS_INIT stage=arm evt=16908289 seq=1 round=0 now=97323 timeout=40 reply_uus=8000
15472.518 [0] DBG_DS_INIT stage=final-armed now=97340 seq=1 round=0 tx_time=0x01365e80 final_tx=0x365ebfd9 report=0
15472.518 [0] DBG_DS_INIT stage=final-raw poll_tx=0xf96e21d9 resp_rx=0x17e6739b q=100
15472.518 [0] DBG_DS_INIT stage=done ret=0 status=0 now=97346 seq=1 round=0
15472.518 [0] DBG_DS_INIT stage=arm evt=16908289 seq=2 round=0 now=97357 timeout=40 reply_uus=8000
15472.518 [0] DBG_DS_INIT stage=final-armed now=97373 seq=2 round=0 tx_time=0x01b63945 final_tx=0xb63983d9 report=0
15472.518 [0] DBG_DS_INIT stage=final-raw poll_tx=0x7948edd9 resp_rx=0x97c138a6 q=100
15472.518 [0] DBG_DS_INIT stage=done ret=0 status=0 now=97379 seq=2 round=0
15472.599 [0] DBG_DS_INIT stage=arm evt=16908289 seq=2 round=1 now=97389 timeout=40 reply_uus=8000
15472.599 [0] DBG_DS_INIT stage=final-armed now=97406 seq=2 round=1 tx_time=0x023299f2 final_tx=0x329a31d9 report=0
15472.599 [0] DBG_DS_INIT stage=final-raw poll_tx=0xf5a993d9 resp_rx=0x1421e5bb q=100
15472.599 [0] DBG_DS_INIT stage=done ret=0 status=0 now=97412 seq=2 round=1
15472.599 [0] DBG_DS_INIT stage=arm evt=16908289 seq=3 round=1 now=97422 timeout=40 reply_uus=8000
15472.599 [0] DBG_DS_INIT stage=final-armed now=97439 seq=3 round=1 tx_time=0x02aeb97e final_tx=0xaeb9bdd9 report=0
15472.599 [0] DBG_DS_INIT stage=final-raw poll_tx=0x71c925d9 resp_rx=0x904171e1 q=100
15472.599 [0] DBG_DS_INIT stage=done ret=0 status=0 now=97445 seq=3 round=1
15472.599 [0] DBG_DS_INIT stage=arm evt=16908289 seq=3 round=2 now=97455 timeout=40 reply_uus=8000
15472.689 [0] DBG_DS_INIT stage=final-armed now=97472 seq=3 round=2 tx_time=0x032e93b0 final_tx=0x2e93efd9 report=0
15472.689 [0] DBG_DS_INIT stage=final-raw poll_tx=0xf1a351d9 resp_rx=0x101ba3cb q=100
15472.689 [0] DBG_DS_INIT stage=done ret=0 status=0 now=97478 seq=3 round=2
15472.689 [0] DBG_DS_INIT stage=arm evt=16908289 seq=4 round=2 now=97488 timeout=40 reply_uus=8000
15472.689 [0] DBG_DS_INIT stage=final-armed now=97505 seq=4 round=2 tx_time=0x03aabd53 final_tx=0xaabd91d9 report=0
15472.689 [0] DBG_DS_INIT stage=final-raw poll_tx=0x6dccfbd9 resp_rx=0x8c454711 q=100
15472.689 [0] DBG_DS_INIT stage=done ret=0 status=0 now=97511 seq=4 round=2
15472.689 [0] DBG_DS_INIT stage=arm evt=16908289 seq=4 round=3 now=97521 timeout=40 reply_uus=8000
15472.689 [0] DBG_DS_INIT stage=final-armed now=97537 seq=4 round=3 tx_time=0x0427153b final_tx=0x271579d9 report=0
15472.689 [0] DBG_DS_INIT stage=final-raw poll_tx=0xea24ddd9 resp_rx=0x089d2f51 q=100
15472.689 [0] DBG_DS_INIT stage=done ret=0 status=0 now=97544 seq=4 round=3
15472.775 [0] DBG_DS_INIT stage=arm evt=16908289 seq=5 round=3 now=97554 timeout=40 reply_uus=8000
15472.775 [0] DBG_DS_INIT stage=done ret=0 status=0 now=97577 seq=5 round=3
15472.775 [0] DBG_DS_INIT stage=arm evt=16908289 seq=5 round=4 now=97587 timeout=40 reply_uus=8000
15472.775 [0] DBG_DS_INIT stage=final-armed now=97604 seq=5 round=4 tx_time=0x0523a5ec final_tx=0x23a62bd9 report=0
15472.775 [0] DBG_DS_INIT stage=final-raw poll_tx=0xe6b58dd9 resp_rx=0x052ddfc3 q=100
15472.775 [0] DBG_DS_INIT stage=done ret=0 status=0 now=97610 seq=5 round=4
15472.775 [0] DBG_DS_INIT stage=arm evt=16908289 seq=6 round=4 now=97621 timeout=40 reply_uus=8000
15472.775 [0] DBG_DS_INIT stage=final-armed now=97637 seq=6 round=4 tx_time=0x05a39f5c final_tx=0xa39f9bd9 report=0
15472.775 [0] DBG_DS_INIT stage=final-raw poll_tx=0x66af03d9 resp_rx=0x85274f99 q=100
15472.866 [0] DBG_DS_INIT stage=done ret=0 status=0 now=97643 seq=6 round=4
15472.866 [0] DBG_DS_INIT stage=arm evt=16908289 seq=6 round=5 now=97653 timeout=40 reply_uus=8000
15472.866 [0] DBG_DS_INIT stage=final-armed now=97670 seq=6 round=5 tx_time=0x061fc03e final_tx=0x1fc07dd9 report=0
15472.866 [0] DBG_DS_INIT stage=final-raw poll_tx=0xe2cfdfd9 resp_rx=0x01483219 q=100
15472.866 [0] DBG_DS_INIT stage=done ret=0 status=0 now=97676 seq=6 round=5
15472.866 [0] DBG_DS_INIT stage=arm evt=16908289 seq=7 round=5 now=97686 timeout=40 reply_uus=8000
15472.866 [0] DBG_DS_INIT stage=final-armed now=97703 seq=7 round=5 tx_time=0x069be32d final_tx=0x9be36bd9 report=0
15472.866 [0] DBG_DS_INIT stage=final-raw poll_tx=0x5ef2d5d9 resp_rx=0x7d6b20f6 q=100
15472.866 [0] DBG_DS_INIT stage=done ret=0 status=0 now=97709 seq=7 round=5
15472.866 [0] DBG_STACK_SAMPLE_BEGIN epoch=14344539810753760239 run=1 sample=1 kind=click_activity owner=clicker_action queue=1 custody=1 credit=0 retry=0 drain=0 src=13961775027989293869 dst=1111608711777941592 session=16908289 seq=1 type=16 uptime=97710
15472.866 [0] DBG_STACK_ISR_CONFIG size=8192 run=1 sample=1
15472.955 [0] DBG_STACK name=BT RX WQ tid=0x2000ad68 used=192 free=832 size=1024 ret=0 run=1 sample=1
15472.955 [0] DBG_STACK name=clicker_action tid=0x20003788 used=5040 free=3152 size=8192 ret=0 run=1 sample=1
15472.955 [0] DBG_STACK name=mesh_route tid=0x20008d58 used=192 free=6592 size=6784 ret=0 run=1 sample=1
15472.955 [0] DBG_STACK name=sysworkq tid=0x2000b5a0 used=536 free=5608 size=6144 ret=0 run=1 sample=1
15472.955 [0] DBG_STACK name=MPSL Work tid=0x2000b358 used=492 free=532 size=1024 ret=0 run=1 sample=1
15472.955 [0] DBG_STACK name=logging tid=0x20009c70 used=480 free=1568 size=2048 ret=0 run=1 sample=1
15472.955 [0] DBG_STACK name=idle tid=0x2000b430 used=64 free=256 size=320 ret=0 run=1 sample=1
15472.955 [0] DBG_STACK_SAMPLE_END run=1 sample=1
15472.955 [0] DBG_STACK_RUN_END epoch=14344539810753760239 run=1 kind=click_activity owner=clicker_action outcome=ack queue=0 custody=0 credit=0 retry=0 drain=0 src=13961775027989293869 dst=1111608711777941592 session=16908289 seq=1 type=16 samples=1 attempts=1 errors=0 last_error=0 mutex_drops=2 short_drops=2 sequence=0 previous=0 uptime=97754
15474.922 [0] DBG_DWM_INVALIDATE tag=configure_radio_from_reset active_phy=1 configured=1 awake=0
15474.922 [0] DBG_DWM_MARK_UNCONFIGURED tag=initialise_radio prev_phy=0
15486.098 [0] DBG_CLICKER_RTT command=INVALID accepted=0
15486.157 [0] DBG_CLICKER_RTT command=CLICK accepted=1 ret=0
15486.157 [0] DBG_CLICKER_CLICK state=START
15486.157 [0] DBG_BLE_COURTESY_START evt=16908290 att=1 finish_ms=2110
15486.157 [0] DBG_BLE_COURTESY_ADV_STARTED
15486.157 [0] DBG_BLE_COURTESY_SCAN_STARTED sense_ms=150 interval=40 window=32
15486.275 [0] DBG_BLE_COURTESY_DECISION evt=16908290 att=1 defer=0 wait_ms=0
15486.275 [0] DBG_BLE_COURTESY_END stage=hold ret=0 reports=5 decoded=0 peers=0 higher=0 wait=0
15486.275 [0] DBG_BLE_COURTESY_ADV_HELD
15486.275 [0] DBG_WAKE_TRAIN_GUARD_OK
15486.275 [0] DBG_DWM_INVALIDATE tag=configure_radio_from_reset active_phy=1 configured=1 awake=0
15486.326 [0] DBG_DWM_MARK_UNCONFIGURED tag=initialise_radio prev_phy=0
15486.326 [0] DBG_WAKE_TRAIN_CONFIG_BEGIN
15486.326 [0] DBG_DWM_INVALIDATE tag=configure_radio_from_reset active_phy=2 configured=1 awake=0
15486.379 [0] DBG_DWM_MARK_UNCONFIGURED tag=initialise_radio prev_phy=0
15486.379 [0] DBG_WAKE_TRAIN_CONFIG_OK
15486.379 [0] DBG_WAKE_TRAIN_FIRST_SEND_BEGIN
15486.379 [0] DBG_WAKE_TRAIN_FIRST_SEND_OK
15486.379 [0] DBG_UWB_TX_CH5
15486.379 [0] DBG_TX_WAKE_CLAIM_SENT
15486.379 [0] DBG_UWB_TX_CH5
15486.379 [0] DBG_TX_WAKE_CLAIM_SENT
15486.379 [0] DBG_UWB_TX_CH5
15486.379 [0] DBG_TX_WAKE_CLAIM_SENT
15486.379 [0] DBG_UWB_TX_CH5
15486.379 [0] DBG_TX_WAKE_CLAIM_SENT
15486.379 [0] DBG_UWB_TX_CH5
15486.379 [0] DBG_TX_WAKE_CLAIM_SENT
15486.379 [0] DBG_UWB_TX_CH5
15486.427 [0] DBG_TX_WAKE_CLAIM_SENT
15486.427 [0] DBG_UWB_TX_CH5
15486.427 [0] DBG_TX_WAKE_CLAIM_SENT
15486.427 [0] DBG_UWB_TX_CH5
15486.427 [0] DBG_TX_WAKE_CLAIM_SENT
15486.427 [0] DBG_UWB_TX_CH5
15486.427 [0] DBG_TX_WAKE_CLAIM_SENT
15486.427 [0] DBG_UWB_TX_CH5
15486.427 [0] DBG_TX_WAKE_CLAIM_SENT
15486.427 [0] DBG_UWB_TX_CH5
15486.427 [0] DBG_TX_WAKE_CLAIM_SENT
15486.427 [0] DBG_UWB_TX_CH5
15486.427 [0] DBG_TX_WAKE_CLAIM_SENT
15486.427 [0] DBG_UWB_TX_CH5
15486.427 [0] DBG_TX_WAKE_CLAIM_SENT
15486.481 [0] DBG_UWB_TX_CH5
15486.481 [0] DBG_TX_WAKE_CLAIM_SENT
15486.481 [0] DBG_UWB_TX_CH5
15486.481 [0] DBG_TX_WAKE_CLAIM_SENT
15486.481 [0] DBG_UWB_TX_CH5
15486.481 [0] DBG_TX_WAKE_CLAIM_SENT
15486.481 [0] DBG_UWB_TX_CH5
15486.481 [0] DBG_TX_WAKE_CLAIM_SENT
15486.481 [0] DBG_UWB_TX_CH5
15486.481 [0] DBG_TX_WAKE_CLAIM_SENT
15486.481 [0] DBG_UWB_TX_CH5
15486.481 [0] DBG_TX_WAKE_CLAIM_SENT
15486.481 [0] DBG_UWB_TX_CH5
15486.481 [0] DBG_TX_WAKE_CLAIM_SENT
15486.481 [0] DBG_UWB_TX_CH5
15486.481 [0] DBG_TX_WAKE_CLAIM_SENT
15486.529 [0] DBG_UWB_TX_CH5
15486.529 [0] DBG_TX_WAKE_CLAIM_SENT
15486.529 [0] DBG_UWB_TX_CH5
15486.529 [0] DBG_TX_WAKE_CLAIM_SENT
15486.529 [0] DBG_UWB_TX_CH5
15486.529 [0] DBG_TX_WAKE_CLAIM_SENT
15486.529 [0] DBG_UWB_TX_CH5
15486.529 [0] DBG_TX_WAKE_CLAIM_SENT
15486.529 [0] DBG_UWB_TX_CH5
15486.529 [0] DBG_TX_WAKE_CLAIM_SENT
15486.529 [0] DBG_UWB_TX_CH5
15486.529 [0] DBG_TX_WAKE_CLAIM_SENT
15486.529 [0] DBG_UWB_TX_CH5
15486.529 [0] DBG_TX_WAKE_CLAIM_SENT
15486.529 [0] DBG_UWB_TX_CH5
15486.529 [0] DBG_TX_WAKE_CLAIM_SENT
15486.599 [0] DBG_UWB_TX_CH5
15486.599 [0] DBG_TX_WAKE_CLAIM_SENT
15486.599 [0] DBG_UWB_TX_CH5
15486.599 [0] DBG_TX_WAKE_CLAIM_SENT
15486.599 [0] DBG_UWB_TX_CH5
15486.599 [0] DBG_TX_WAKE_CLAIM_SENT
15486.599 [0] DBG_UWB_TX_CH5
15486.599 [0] DBG_TX_WAKE_CLAIM_SENT
15486.599 [0] DBG_UWB_TX_CH5
15486.599 [0] DBG_TX_WAKE_CLAIM_SENT
15486.599 [0] DBG_UWB_TX_CH5
15486.599 [0] DBG_TX_WAKE_CLAIM_SENT
15486.599 [0] DBG_UWB_TX_CH5
15486.599 [0] DBG_TX_WAKE_CLAIM_SENT
15486.599 [0] DBG_UWB_TX_CH5
15486.599 [0] DBG_TX_WAKE_CLAIM_SENT
15486.599 [0] DBG_UWB_TX_CH5
15486.599 [0] DBG_TX_WAKE_CLAIM_SENT
15486.599 [0] DBG_UWB_TX_CH5
15486.599 [0] DBG_TX_WAKE_CLAIM_SENT
15486.668 [0] DBG_UWB_TX_CH5
15486.668 [0] DBG_TX_WAKE_CLAIM_SENT
15486.668 [0] DBG_UWB_TX_CH5
15486.668 [0] DBG_TX_WAKE_CLAIM_SENT
15486.668 [0] DBG_UWB_TX_CH5
15486.668 [0] DBG_TX_WAKE_CLAIM_SENT
15486.668 [0] DBG_UWB_TX_CH5
15486.668 [0] DBG_TX_WAKE_CLAIM_SENT
15486.668 [0] DBG_UWB_TX_CH5
15486.668 [0] DBG_TX_WAKE_CLAIM_SENT
15486.668 [0] DBG_UWB_TX_CH5
15486.668 [0] DBG_TX_WAKE_CLAIM_SENT
15486.668 [0] DBG_UWB_TX_CH5
15486.668 [0] DBG_TX_WAKE_CLAIM_SENT
15486.668 [0] DBG_UWB_TX_CH5
15486.668 [0] DBG_TX_WAKE_CLAIM_SENT
15486.668 [0] DBG_UWB_TX_CH5
15486.668 [0] DBG_TX_WAKE_CLAIM_SENT
15486.668 [0] DBG_UWB_TX_CH5
15486.668 [0] DBG_TX_WAKE_CLAIM_SENT
15486.668 [0] DBG_UWB_TX_CH5
15486.668 [0] DBG_TX_WAKE_CLAIM_SENT
15486.743 [0] DBG_UWB_TX_CH5
15486.743 [0] DBG_TX_WAKE_CLAIM_SENT
15486.743 [0] DBG_UWB_TX_CH5
15486.743 [0] DBG_TX_WAKE_CLAIM_SENT
15486.743 [0] DBG_UWB_TX_CH5
15486.743 [0] DBG_TX_WAKE_CLAIM_SENT
15486.743 [0] DBG_UWB_TX_CH5
15486.743 [0] DBG_TX_WAKE_CLAIM_SENT
15486.743 [0] DBG_UWB_TX_CH5
15486.743 [0] DBG_TX_WAKE_CLAIM_SENT
15486.743 [0] DBG_UWB_TX_CH5
15486.743 [0] DBG_TX_WAKE_CLAIM_SENT
15486.743 [0] DBG_UWB_TX_CH5
15486.743 [0] DBG_TX_WAKE_CLAIM_SENT
15486.743 [0] DBG_UWB_TX_CH5
15486.743 [0] DBG_TX_WAKE_CLAIM_SENT
15486.743 [0] DBG_UWB_TX_CH5
15486.743 [0] DBG_TX_WAKE_CLAIM_SENT
15486.743 [0] DBG_UWB_TX_CH5
15486.743 [0] DBG_TX_WAKE_CLAIM_SENT
15486.743 [0] DBG_UWB_TX_CH5
15486.743 [0] DBG_TX_WAKE_CLAIM_SENT
15486.743 [0] DBG_UWB_TX_CH5
15486.743 [0] DBG_TX_WAKE_CLAIM_SENT
15486.831 [0] DBG_UWB_TX_CH5
15486.831 [0] DBG_TX_WAKE_CLAIM_SENT
15486.831 [0] DBG_UWB_TX_CH5
15486.831 [0] DBG_TX_WAKE_CLAIM_SENT
15486.831 [0] DBG_UWB_TX_CH5
15486.831 [0] DBG_TX_WAKE_CLAIM_SENT
15486.831 [0] DBG_UWB_TX_CH5
15486.831 [0] DBG_TX_WAKE_CLAIM_SENT
15486.831 [0] DBG_UWB_TX_CH5
15486.831 [0] DBG_TX_WAKE_CLAIM_SENT
15486.831 [0] DBG_UWB_TX_CH5
15486.831 [0] DBG_TX_WAKE_CLAIM_SENT
15486.831 [0] DBG_UWB_TX_CH5
15486.831 [0] DBG_TX_WAKE_CLAIM_SENT
15486.831 [0] DBG_UWB_TX_CH5
15486.831 [0] DBG_TX_WAKE_CLAIM_SENT
15486.831 [0] DBG_UWB_TX_CH5
15486.831 [0] DBG_TX_WAKE_CLAIM_SENT
15486.831 [0] DBG_UWB_TX_CH5
15486.831 [0] DBG_TX_WAKE_CLAIM_SENT
15486.831 [0] DBG_UWB_TX_CH5
15486.831 [0] DBG_TX_WAKE_CLAIM_SENT
15486.831 [0] DBG_UWB_TX_CH5
15486.831 [0] DBG_TX_WAKE_CLAIM_SENT
15486.831 [0] DBG_UWB_TX_CH5
15486.831 [0] DBG_TX_WAKE_CLAIM_SENT
15486.909 [0] DBG_UWB_TX_CH5
15486.909 [0] DBG_TX_WAKE_CLAIM_SENT
15486.909 [0] DBG_UWB_TX_CH5
15486.909 [0] DBG_TX_WAKE_CLAIM_SENT
15486.909 [0] DBG_UWB_TX_CH5
15486.909 [0] DBG_TX_WAKE_CLAIM_SENT
15486.909 [0] DBG_DWM_INVALIDATE tag=configure_radio_from_reset active_phy=2 configured=1 awake=1
15486.909 [0] DBG_DWM_MARK_UNCONFIGURED tag=initialise_radio prev_phy=0
15486.909 [0] DBG_DWM_INVALIDATE tag=configure_radio_from_reset active_phy=2 configured=1 awake=0
15486.909 [0] DBG_DWM_MARK_UNCONFIGURED tag=initialise_radio prev_phy=0
15486.962 [0] DBG_CLICKER_DISCOVERY_REPLY anchor=0xf6d3a3bdac0f858 slot=1 quality=100 candidates=1
15486.962 [0] DBG_CLICKER_DISCOVERY_REPLY anchor=0x9699122bd60a64e3 slot=2 quality=100 candidates=2
15487.523 [0] DBG_CLICKER_DISCOVERY rx=2 decoded=2 candidates=2 malformed=0 rejected=0 window=608 ret=2
15487.523 [0] DBG_DWM_INVALIDATE tag=configure_radio_from_reset active_phy=2 configured=1 awake=0
15487.561 [0] DBG_DWM_MARK_UNCONFIGURED tag=initialise_radio prev_phy=0
15487.561 [0] DBG_CLICKER_RANGE state=START evt=16908290 att=1 selected=2
15487.561 [0] DBG_STACK_RUN_BEGIN epoch=14344539810753760239 run=2 kind=click_activity owner=clicker_action queue=1 custody=0 credit=0 retry=0 drain=0 src=13961775027989293869 dst=1111608711777941592 session=16908290 seq=1 type=16 sequence=0 previous=0 uptime=112423
15487.604 [0] DBG_DS_INIT stage=arm evt=16908290 seq=1 round=0 now=112473 timeout=40 reply_uus=8000
15487.674 [0] DBG_DS_INIT stage=final-armed now=112490 seq=1 round=0 tx_time=0x0136b845 final_tx=0x36b883d9 report=0
15487.674 [0] DBG_DS_INIT stage=final-raw poll_tx=0xf9c7e5d9 resp_rx=0x1840390b q=100
15487.674 [0] DBG_DS_INIT stage=done ret=0 status=0 now=112496 seq=1 round=0
15487.674 [0] DBG_DS_INIT stage=arm evt=16908290 seq=2 round=0 now=112506 timeout=40 reply_uus=8000
15487.674 [0] DBG_DS_INIT stage=final-armed now=112523 seq=2 round=0 tx_time=0x01b2da12 final_tx=0xb2da51d9 report=0
15487.674 [0] DBG_DS_INIT stage=final-raw poll_tx=0x75e9b9d9 resp_rx=0x946205d1 q=100
15487.674 [0] DBG_DS_INIT stage=done ret=0 status=0 now=112529 seq=2 round=0
15487.674 [0] DBG_DS_INIT stage=arm evt=16908290 seq=2 round=1 now=112539 timeout=40 reply_uus=8000
15487.760 [0] DBG_DS_INIT stage=final-armed now=112556 seq=2 round=1 tx_time=0x0232d1b5 final_tx=0x32d1f3d9 report=0
15487.760 [0] DBG_DS_INIT stage=final-raw poll_tx=0xf5e155d9 resp_rx=0x1459a958 q=100
15487.760 [0] DBG_DS_INIT stage=done ret=0 status=0 now=112562 seq=2 round=1
15487.760 [0] DBG_DS_INIT stage=arm evt=16908290 seq=3 round=1 now=112572 timeout=40 reply_uus=8000
15487.760 [0] DBG_DS_INIT stage=final-armed now=112589 seq=3 round=1 tx_time=0x02aef459 final_tx=0xaef497d9 report=0
15487.760 [0] DBG_DS_INIT stage=final-raw poll_tx=0x720401d9 resp_rx=0x907c4cb5 q=100
15487.760 [0] DBG_DS_INIT stage=done ret=0 status=0 now=112595 seq=3 round=1
15487.760 [0] DBG_DS_INIT stage=arm evt=16908290 seq=3 round=2 now=112606 timeout=40 reply_uus=8000
15487.760 [0] DBG_DS_INIT stage=final-armed now=112622 seq=3 round=2 tx_time=0x032eb1ac final_tx=0x2eb1ebd9 report=0
15487.760 [0] DBG_DS_INIT stage=final-raw poll_tx=0xf1c14dd9 resp_rx=0x10399f9d q=100
15487.850 [0] DBG_DS_INIT stage=done ret=0 status=0 now=112628 seq=3 round=2
15487.850 [0] DBG_DS_INIT stage=arm evt=16908290 seq=4 round=2 now=112638 timeout=40 reply_uus=8000
15487.850 [0] DBG_DS_INIT stage=final-armed now=112655 seq=4 round=2 tx_time=0x03ab1b6a final_tx=0xab1ba9d9 report=0
15487.850 [0] DBG_DS_INIT stage=final-raw poll_tx=0x6e2b11d9 resp_rx=0x8ca35d9a q=100
15487.850 [0] DBG_DS_INIT stage=done ret=0 status=0 now=112661 seq=4 round=2
15487.850 [0] DBG_DS_INIT stage=arm evt=16908290 seq=4 round=3 now=112671 timeout=40 reply_uus=8000
15487.850 [0] DBG_DS_INIT stage=final-armed now=112688 seq=4 round=3 tx_time=0x042713f7 final_tx=0x271435d9 report=0
15487.850 [0] DBG_DS_INIT stage=final-raw poll_tx=0xea2399d9 resp_rx=0x089beb64 q=100
15487.850 [0] DBG_DS_INIT stage=done ret=0 status=0 now=112694 seq=4 round=3
15487.850 [0] DBG_DS_INIT stage=arm evt=16908290 seq=5 round=3 now=112704 timeout=40 reply_uus=8000
15487.940 [0] DBG_DS_INIT stage=final-armed now=112721 seq=5 round=3 tx_time=0x04a6eec5 final_tx=0xa6ef03d9 report=0
15487.940 [0] DBG_DS_INIT stage=final-raw poll_tx=0x69fe6dd9 resp_rx=0x8876b8b5 q=100
15487.940 [0] DBG_DS_INIT stage=arm evt=16908290 seq=5 round=4 now=112737 timeout=40 reply_uus=8000
15487.940 [0] DBG_DS_INIT stage=final-armed now=112754 seq=5 round=4 tx_time=0x0522f2e8 final_tx=0x22f327d9 report=0
15487.940 [0] DBG_DS_INIT stage=final-raw poll_tx=0xe60289d9 resp_rx=0x047adbdd q=100
15487.940 [0] DBG_DS_INIT stage=done ret=0 status=0 now=112760 seq=5 round=4
15487.940 [0] DBG_DS_INIT stage=arm evt=16908290 seq=6 round=4 now=112771 timeout=40 reply_uus=8000
15487.940 [0] DBG_DS_INIT stage=final-armed now=112787 seq=6 round=4 tx_time=0x05a3447a final_tx=0xa344b9d9 report=0
15487.940 [0] DBG_DS_INIT stage=final-raw poll_tx=0x665421d9 resp_rx=0x84cc6dc6 q=100
15487.940 [0] DBG_DS_INIT stage=done ret=0 status=0 now=112793 seq=6 round=4
15487.940 [0] DBG_DS_INIT stage=arm evt=16908290 seq=6 round=5 now=112803 timeout=40 reply_uus=8000
15488.034 [0] DBG_DS_INIT stage=final-armed now=112820 seq=6 round=5 tx_time=0x061f4853 final_tx=0x1f4891d9 report=0
15488.034 [0] DBG_DS_INIT stage=done ret=0 status=0 now=112826 seq=6 round=5
15488.034 [0] DBG_DS_INIT stage=arm evt=16908290 seq=7 round=5 now=112836 timeout=40 reply_uus=8000
15488.034 [0] DBG_DS_INIT stage=final-armed now=112853 seq=7 round=5 tx_time=0x069be23d final_tx=0x9be27bd9 report=0
15488.034 [0] DBG_DS_INIT stage=final-raw poll_tx=0x5ef1e5d9 resp_rx=0x7d6a30f3 q=100
15488.034 [0] DBG_DS_INIT stage=done ret=0 status=0 now=112859 seq=7 round=5
15488.034 [0] DBG_STACK_SAMPLE_BEGIN epoch=14344539810753760239 run=2 sample=2 kind=click_activity owner=clicker_action queue=1 custody=1 credit=0 retry=0 drain=0 src=13961775027989293869 dst=1111608711777941592 session=16908290 seq=1 type=16 uptime=112860
15488.034 [0] DBG_STACK_ISR_CONFIG size=8192 run=2 sample=2
15488.034 [0] DBG_STACK name=BT RX WQ tid=0x2000ad68 used=312 free=712 size=1024 ret=0 run=2 sample=2
15488.034 [0] DBG_STACK name=clicker_action tid=0x20003788 used=5040 free=3152 size=8192 ret=0 run=2 sample=2
15488.118 [0] DBG_STACK name=mesh_route tid=0x20008d58 used=192 free=6592 size=6784 ret=0 run=2 sample=2
15488.118 [0] DBG_STACK name=sysworkq tid=0x2000b5a0 used=536 free=5608 size=6144 ret=0 run=2 sample=2
15488.118 [0] DBG_STACK name=MPSL Work tid=0x2000b358 used=492 free=532 size=1024 ret=0 run=2 sample=2
15488.118 [0] DBG_STACK name=logging tid=0x20009c70 used=480 free=1568 size=2048 ret=0 run=2 sample=2
15488.118 [0] DBG_STACK name=idle tid=0x2000b430 used=64 free=256 size=320 ret=0 run=2 sample=2
15488.118 [0] DBG_STACK_SAMPLE_END run=2 sample=2
15488.118 [0] DBG_STACK_RUN_END epoch=14344539810753760239 run=2 kind=click_activity owner=clicker_action outcome=ack queue=0 custody=0 credit=0 retry=0 drain=0 src=13961775027989293869 dst=1111608711777941592 session=16908290 seq=1 type=16 samples=1 attempts=1 errors=0 last_error=0 mutex_drops=2 short_drops=6 sequence=0 previous=0 uptime=112920
15488.118 [0] DBG_CLICKER_RANGE state=END evt=16908290 att=1 ret=0 unique=2
15488.118 [0] DBG_CLICKER_CLICK state=COMPLETE ret=0
15490.058 [0] DBG_DWM_INVALIDATE tag=configure_radio_from_reset active_phy=1 configured=1 awake=0
15490.109 [0] DBG_DWM_MARK_UNCONFIGURED tag=initialise_radio prev_phy=0
