[34m0000530[0m [36mI[0m Target type is nrf52833 [2m[board][0m
[34m0000559[0m [36mI[0m Performing connect pre-reset [2m[coresight_target][0m
[34m0000763[0m [36mI[0m DP IDR = 0x2ba01477 (v1 rev2) [2m[dap][0m
[34m0000770[0m [36mI[0m AHB-AP#0 IDR = 0x24770011 (AHB-AP var1 rev2) [2m[discovery][0m
[34m0000770[0m [36mI[0m AP#1 IDR = 0x02880000 (AP var0 rev0) [2m[discovery][0m
[34m0000771[0m [36mI[0m NRF52833 not in secure state [2m[target_nRF52][0m
[34m0000775[0m [36mI[0m AHB-AP#0 Class 0x1 ROM table #0 @ 0xe00ff000 (designer=244 part=00d) [2m[rom_table][0m
[34m0000777[0m [36mI[0m [0]<e000e000:SCS v7-M class=14 designer=43b:Arm part=00c> [2m[rom_table][0m
[34m0000779[0m [36mI[0m [1]<e0001000:DWT v7-M class=14 designer=43b:Arm part=002> [2m[rom_table][0m
[34m0000780[0m [36mI[0m [2]<e0002000:FPB v7-M class=14 designer=43b:Arm part=003> [2m[rom_table][0m
[34m0000782[0m [36mI[0m [3]<e0000000:ITM v7-M class=14 designer=43b:Arm part=001> [2m[rom_table][0m
[34m0000784[0m [36mI[0m [4]<e0040000:TPIU M4 class=9 designer=43b:Arm part=9a1 devtype=11 archid=0000 devid=ca1:0:0> [2m[rom_table][0m
[34m0000787[0m [36mI[0m [5]<e0041000:ETM M4 class=9 designer=43b:Arm part=925 devtype=13 archid=0000 devid=0:0:0> [2m[rom_table][0m
[34m0000790[0m [36mI[0m CPU core #0: Cortex-M4 r0p1, v7.0-M architecture [2m[cortex_m][0m
[34m0000790[0m [36mI[0m   Extensions: [DSP, FPU, FPU_V4, MPU] [2m[cortex_m][0m
[34m0000790[0m [36mI[0m   FPU present: FPv4-SP-D16-M [2m[cortex_m][0m
[34m0000793[0m [36mI[0m This appears to be an nRF52833 AA B0 [2m[target_nRF52][0m
[34m0000797[0m [36mI[0m 4 hardware watchpoints [2m[dwt][0m
[34m0000799[0m [36mI[0m 6 hardware breakpoints, 4 literal comparators [2m[fpb][0m
[34m0000822[0m [36mI[0m 3 up channels and 3 down channels found [2m[rtt_cmd][0m
[34m0000822[0m [36mI[0m Reading from up channel 0 ("Terminal") [2m[rtt_cmd][0m
[34m0000824[0m [36mI[0m Writing to down channel 0 ("Terminal") [2m[rtt_cmd][0m
DBG_GATEWAY_CH9_RX_CONT_RESULT start=239513 end=240014 ret=-116 fail=0 status=0x00000000 len=0 frames=0
DBG_GATEWAY_CH9_RX_CONT_ARM now=240016 rem=500 frames=0 errors=0
DBG_GATEWAY_CH9_RX_CONT_RESULT start=240016 end=240517 ret=-116 fail=0 status=0x00000000 len=0 frames=0
DBG_GATEWAY_CH9_RX_CONT_ARM now=240519 rem=500 frames=0 errors=0
DBG_GATEWAY_CH9_RX_CONT_RESULT start=240519 end=241020 ret=-116 fail=0 status=0x00000000 len=0 frames=0
DBG_GATEWAY_CH9_RX_CONT_ARM now=241022 rem=500 frames=0 errors=0
DBG_GATEWAY_CH9_RX_CONT_RESULT start=241022 end=241523 ret=-116 fail=0 status=0x00000000 len=0 frames=0
DBG_GATEWAY_CH9_RX_CONT_ARM now=241525 rem=500 frames=0 errors=0
DBG_GATEWAY_CH9_RX_CONT_RESULT start=241525 end=242026 ret=-116 fail=0 status=0x00000000 len=0 frames=0
DBG_GATEWAY_CH9_RX_CONT_ARM now=242028 rem=500 frames=0 errors=0
DBG_GATEWAY_CH9_RX_CONT_RESULT start=242028 end=242529 ret=-116 fail=0 status=0x00000000 len=0 frames=0
DBG_GATEWAY_CH9_RX_CONT_ARM now=242531 rem=500 frames=0 errors=0
DBG_GATEWAY_CH9_RX_CONT_RESULT start=1822932 end=1823433 ret=-116 fail=0 status=0x00000000 len=0 frames=0
DBG_GATEWAY_CH9_RX_CONT_ARM now=1823435 rem=500 frames=0 errors=0
DBG_GATEWAY_CH9_RX_CONT_RESULT start=1823435 end=1823936 ret=-116 fail=0 status=0x00000000 len=0 frames=0
DBG_GATEWAY_CH9_RX_CONT_ARM now=1823938 rem=500 frames=0 errors=0
DBG_GATEWAY_CH9_RX_CONT_RESULT start=1823938 end=1824439 ret=-116 fail=0 status=0x00000000 len=0 frames=0
DBG_GATEWAY_CH9_RX_CONT_ARM now=1824441 rem=500 frames=0 errors=0
DBG_GATEWAY_CH9_RX_CONT_RESULT start=1824441 end=1824942 ret=-116 fail=0 status=0x00000000 len=0 frames=0
DBG_GATEWAY_CH9_RX_CONT_ARM now=1824944 rem=500 frames=0 errors=0
DBG_GATEWAY_CH9_RX_CONT_RESULT start=1824944 end=1825445 ret=-116 fail=0 status=0x00000000 len=0 frames=0
DBG_GATEWAY_CH9_RX_CONT_ARM now=1825447 rem=500 frames=0 errors=0
DBG_GATEWAY_CH9_RX_CONT_RESULT start=1825447 end=1825948 ret=-116 fail=0 status=0x00000000 len=0 frames=0
DBG_GATEWAY_CH9_RX_CONT_ARM now=1825950 rem=500 frames=0 errors=0
DBG_GATEWAY_CH9_RX_CONT_RESULT start=1825950 end=1826451 ret=-116 fail=0 status=0x00000000 len=0 frames=0
DBG_GATEWAY_CH9_RX_CONT_ARM now=1826453 rem=500 frames=0 errors=0
DBG_GATEWAY_CH9_RX_CONT_RESULT start=1826453 end=1826954 ret=-116 fail=0 status=0x00000000 len=0 frames=0
DBG_GATEWAY_CH9_RX_CONT_ARM now=1826956 rem=500 frames=0 errors=0
DBG_GATEWAY_CH9_RX_CONT_RESULT start=1826956 end=1827457 ret=-116 fail=0 status=0x00000000 len=0 frames=0
DBG_GATEWAY_CH9_RX_CONT_ARM now=1827459 rem=500 frames=0 errors=0
DBG_GATEWAY_CH9_RX_CONT_RESULT start=1827459 end=1827960 ret=-116 fail=0 status=0x00000000 len=0 frames=0
DBG_GATEWAY_CH9_RX_CONT_ARM now=1827962 rem=500 frames=0 errors=0
DBG_GATEWAY_CH9_RX_CONT_RESULT start=1827962 end=1828463 ret=-116 fail=0 status=0x00000000 len=0 frames=0
DBG_GATEWAY_CH9_RX_CONT_ARM now=1828465 rem=500 frames=0 errors=0
DBG_GATEWAY_CH9_RX_CONT_RESULT start=1828465 end=1828966 ret=-116 fail=0 status=0x00000000 len=0 frames=0
DBG_GATEWAY_CH9_RX_CONT_ARM now=1828968 rem=500 frames=0 errors=0
DBG_GATEWAY_CH9_RX_CONT_RESULT start=1828968 end=1829469 ret=-116 fail=0 status=0x00000000 len=0 frames=0
DBG_GATEWAY_CH9_RX_CONT_ARM now=1829471 rem=500 frames=0 errors=0
DBG_GATEWAY_CH9_RX_CONT_RESULT start=1829471 end=1829972 ret=-116 fail=0 status=0x00000000 len=0 frames=0
DBG_GATEWAY_CH9_RX_CONT_ARM now=1829974 rem=500 frames=0 errors=0
DBG_GATEWAY_CH9_RX_CONT_RESULT start=1829974 end=1830475 ret=-116 fail=0 status=0x00000000 len=0 frames=0
DBG_GATEWAY_CH9_RX_CONT_ARM now=1830477 rem=500 frames=0 errors=0
DBG_GATEWAY_CH9_RX_CONT_RESULT start=1830477 end=1830978 ret=-116 fail=0 status=0x00000000 len=0 frames=0
DBG_GATEWAY_CH9_RX_CONT_ARM now=1830980 rem=500 frames=0 errors=0
DBG_GATEWAY_CH9_RX_CONT_RESULT start=1830980 end=1831481 ret=-116 fail=0 status=0x00000000 len=0 frames=0
DBG_GATEWAY_CH9_RX_CONT_ARM now=1831483 rem=500 frames=0 errors=0
DBG_GATEWAY_CH9_RX_CONT_RESULT start=1831483 end=1831984 ret=-116 fail=0 status=0x00000000 len=0 frames=0
DBG_GATEWAY_CH9_RX_CONT_ARM now=1831986 rem=500 frames=0 errors=0
DBG_GATEWAY_CH9_RX_CONT_RESULT start=1831986 end=1832487 ret=-116 fail=0 status=0x00000000 len=0 frames=0
DBG_GATEWAY_CH9_RX_CONT_ARM now=1832489 rem=500 frames=0 errors=0
DBG_GATEWAY_CH9_RX_CONT_RESULT start=1832489 end=1832990 ret=-116 fail=0 status=0x00000000 len=0 frames=0
DBG_GATEWAY_CH9_RX_CONT_ARM now=1832992 rem=500 frames=0 errors=0
DBG_GATEWAY_CH9_RX_CONT_RESULT start=1832992 end=1833493 ret=-116 fail=0 status=0x00000000 len=0 frames=0
DBG_GATEWAY_CH9_RX_CONT_ARM now=1833495 rem=500 frames=0 errors=0
DBG_GATEWAY_CH9_RX_CONT_RESULT start=1833495 end=1833996 ret=-116 fail=0 status=0x00000000 len=0 frames=0
DBG_GATEWAY_CH9_RX_CONT_ARM now=1833998 rem=500 frames=0 errors=0
DBG_GATEWAY_CH9_RX_CONT_RESULT start=1833998 end=1834499 ret=-116 fail=0 status=0x00000000 len=0 frames=0
DBG_GATEWAY_CH9_RX_CONT_ARM now=1834501 rem=500 frames=0 errors=0
DBG_GATEWAY_CH9_RX_CONT_RESULT start=1834501 end=1835002 ret=-116 fail=0 status=0x00000000 len=0 frames=0
DBG_GATEWAY_CH9_RX_CONT_ARM now=1835004 rem=500 frames=0 errors=0
DBG_GATEWAY_CH9_RX_CONT_RESULT start=1835004 end=1835505 ret=-116 fail=0 status=0x00000000 len=0 frames=0
DBG_GATEWAY_CH9_RX_CONT_ARM now=1835507 rem=500 frames=0 errors=0
DBG_GATEWAY_CH9_RX_CONT_RESULT start=1835507 end=1836008 ret=-116 fail=0 status=0x00000000 len=0 frames=0
DBG_GATEWAY_CH9_RX_CONT_ARM now=1836010 rem=500 frames=0 errors=0
DBG_GATEWAY_CH9_RX_CONT_RESULT start=1836010 end=1836511 ret=-116 fail=0 status=0x00000000 len=0 frames=0
DBG_GATEWAY_CH9_RX_CONT_ARM now=1836513 rem=500 frames=0 errors=0
DBG_GATEWAY_CH9_RX_CONT_RESULT start=1836513 end=1837014 ret=-116 fail=0 status=0x00000000 len=0 frames=0
DBG_GATEWAY_CH9_RX_CONT_ARM now=1837016 rem=500 frames=0 errors=0
DBG_GATEWAY_CH9_RX_CONT_RESULT start=1837016 end=1837517 ret=-116 fail=0 status=0x00000000 len=0 frames=0
DBG_GATEWAY_CH9_RX_CONT_ARM now=1837519 rem=500 frames=0 errors=0
DBG_GATEWAY_CH9_RX_CONT_RESULT start=1837519 end=1838020 ret=-116 fail=0 status=0x00000000 len=0 frames=0
DBG_GATEWAY_CH9_RX_CONT_ARM now=1838022 rem=500 frames=0 errors=0
DBG_GATEWAY_CH9_RX_CONT_RESULT start=1838022 end=1838523 ret=-116 fail=0 status=0x00000000 len=0 frames=0
DBG_GATEWAY_CH9_RX_CONT_ARM now=1838525 rem=500 frames=0 errors=0
DBG_GATEWAY_CH9_RX_CONT_RESULT start=1838525 end=1839026 ret=-116 fail=0 status=0x00000000 len=0 frames=0
DBG_GATEWAY_CH9_RX_CONT_ARM now=1839028 rem=500 frames=0 errors=0
DBG_GATEWAY_CH9_RX_CONT_RESULT start=1839028 end=1839529 ret=-116 fail=0 status=0x00000000 len=0 frames=0
DBG_GATEWAY_CH9_RX_CONT_ARM now=1839531 rem=500 frames=0 errors=0
DBG_GATEWAY_CH9_RX_CONT_RESULT start=1839531 end=1840032 ret=-116 fail=0 status=0x00000000 len=0 frames=0
DBG_GATEWAY_CH9_RX_CONT_ARM now=1840034 rem=500 frames=0 errors=0
DBG_GATEWAY_CH9_RX_CONT_RESULT start=1840034 end=1840535 ret=-116 fail=0 status=0x00000000 len=0 frames=0
DBG_GATEWAY_CH9_RX_CONT_ARM now=1840537 rem=500 frames=0 errors=0
DBG_GATEWAY_CH9_RX_CONT_RESULT start=1840537 end=1841038 ret=-116 fail=0 status=0x00000000 len=0 frames=0
DBG_GATEWAY_CH9_RX_CONT_ARM now=1841040 rem=500 frames=0 errors=0
DBG_GATEWAY_CH9_RX_CONT_RESULT start=1841040 end=1841541 ret=-116 fail=0 status=0x00000000 len=0 frames=0
DBG_GATEWAY_CH9_RX_CONT_ARM now=1841543 rem=500 frames=0 errors=0
DBG_GATEWAY_CH9_RX_CONT_RESULT start=1841543 end=1842044 ret=-116 fail=0 status=0x00000000 len=0 frames=0
DBG_GATEWAY_CH9_RX_CONT_ARM now=1842046 rem=500 frames=0 errors=0
DBG_GATEWAY_CH9_RX_CONT_RESULT start=1842046 end=1842547 ret=-116 fail=0 status=0x00000000 len=0 frames=0
DBG_GATEWAY_CH9_RX_CONT_ARM now=1842549 rem=500 frames=0 errors=0
DBG_GATEWAY_CH9_RX_CONT_RESULT start=1842549 end=1843050 ret=-116 fail=0 status=0x00000000 len=0 frames=0
DBG_GATEWAY_CH9_RX_CONT_ARM now=1843052 rem=500 frames=0 errors=0
DBG_GATEWAY_CH9_RX_CONT_RESULT start=1843052 end=1843553 ret=-116 fail=0 status=0x00000000 len=0 frames=0
DBG_GATEWAY_CH9_RX_CONT_ARM now=1843555 rem=500 frames=0 errors=0
DBG_GATEWAY_CH9_RX_CONT_RESULT start=1843555 end=1844056 ret=-116 fail=0 status=0x00000000 len=0 frames=0
DBG_GATEWAY_CH9_RX_CONT_ARM now=1844058 rem=500 frames=0 errors=0
DBG_GATEWAY_CH9_RX_CONT_RESULT start=1844058 end=1844559 ret=-116 fail=0 status=0x00000000 len=0 frames=0
DBG_GATEWAY_CH9_RX_CONT_ARM now=1844561 rem=500 frames=0 errors=0
DBG_GATEWAY_CH9_RX_CONT_RESULT start=1844561 end=1845062 ret=-116 fail=0 status=0x00000000 len=0 frames=0
DBG_GATEWAY_CH9_RX_CONT_ARM now=1845064 rem=500 frames=0 errors=0
DBG_GATEWAY_CH9_RX_CONT_RESULT start=1845064 end=1845565 ret=-116 fail=0 status=0x00000000 len=0 frames=0
DBG_GATEWAY_CH9_RX_CONT_ARM now=1845567 rem=500 frames=0 errors=0
DBG_GATEWAY_CH9_RX_CONT_RESULT start=1845567 end=1846068 ret=-116 fail=0 status=0x00000000 len=0 frames=0
DBG_GATEWAY_CH9_RX_CONT_ARM now=1846070 rem=500 frames=0 errors=0
DBG_GATEWAY_CH9_RX_CONT_RESULT start=1846070 end=1846571 ret=-116 fail=0 status=0x00000000 len=0 frames=0
DBG_GATEWAY_CH9_RX_CONT_ARM now=1846573 rem=500 frames=0 errors=0
DBG_GATEWAY_CH9_RX_CONT_RESULT start=1846573 end=1847074 ret=-116 fail=0 status=0x00000000 len=0 frames=0
DBG_GATEWAY_CH9_RX_CONT_ARM now=1847076 rem=500 frames=0 errors=0
DBG_GATEWAY_CH9_RX_CONT_RESULT start=1847076 end=1847577 ret=-116 fail=0 status=0x00000000 len=0 frames=0
DBG_GATEWAY_CH9_RX_CONT_ARM now=1847579 rem=500 frames=0 errors=0
DBG_GATEWAY_CH9_RX_CONT_RESULT start=1847579 end=1848080 ret=-116 fail=0 status=0x00000000 len=0 frames=0
DBG_GATEWAY_CH9_RX_CONT_ARM now=1848082 rem=500 frames=0 errors=0
DBG_GATEWAY_CH9_RX_CONT_RESULT start=1848082 end=1848583 ret=-116 fail=0 status=0x00000000 len=0 frames=0
DBG_GATEWAY_CH9_RX_CONT_ARM now=1848585 rem=500 frames=0 errors=0
DBG_GATEWAY_CH9_RX_CONT_RESULT start=1848585 end=1849086 ret=-116 fail=0 status=0x00000000 len=0 frames=0
DBG_GATEWAY_CH9_RX_CONT_ARM now=1849088 rem=500 frames=0 errors=0
DBG_GATEWAY_CH9_RX_CONT_RESULT start=1849088 end=1849589 ret=-116 fail=0 status=0x00000000 len=0 frames=0
DBG_GATEWAY_CH9_RX_CONT_ARM now=1849591 rem=500 frames=0 errors=0
DBG_GATEWAY_CH9_RX_CONT_RESULT start=1849591 end=1850092 ret=-116 fail=0 status=0x00000000 len=0 frames=0
DBG_GATEWAY_CH9_RX_CONT_ARM now=1850094 rem=500 frames=0 errors=0
DBG_GATEWAY_CH9_RX_CONT_RESULT start=1850094 end=1850595 ret=-116 fail=0 status=0x00000000 len=0 frames=0
DBG_GATEWAY_CH9_RX_CONT_ARM now=1850597 rem=500 frames=0 errors=0
DBG_GATEWAY_CH9_RX_CONT_RESULT start=1850597 end=1851098 ret=-116 fail=0 status=0x00000000 len=0 frames=0
DBG_GATEWAY_CH9_RX_CONT_ARM now=1851100 rem=500 frames=0 errors=0
DBG_GATEWAY_CH9_RX_CONT_RESULT start=1851100 end=1851601 ret=-116 fail=0 status=0x00000000 len=0 frames=0
DBG_GATEWAY_CH9_RX_CONT_ARM now=1851603 rem=500 frames=0 errors=0
DBG_GATEWAY_CH9_RX_CONT_RESULT start=1851603 end=1852104 ret=-116 fail=0 status=0x00000000 len=0 frames=0
DBG_GATEWAY_CH9_RX_CONT_ARM now=1852106 rem=500 frames=0 errors=0
DBG_GATEWAY_CH9_RX_CONT_RESULT start=1852106 end=1852607 ret=-116 fail=0 status=0x00000000 len=0 frames=0
DBG_GATEWAY_CH9_RX_CONT_ARM now=1852609 rem=500 frames=0 errors=0
DBG_GATEWAY_CH9_RX_CONT_RESULT start=1852609 end=1853110 ret=-116 fail=0 status=0x00000000 len=0 frames=0
DBG_GATEWAY_CH9_RX_CONT_ARM now=1853112 rem=500 frames=0 errors=0
DBG_GATEWAY_CH9_RX_CONT_RESULT start=1853112 end=1853613 ret=-116 fail=0 status=0x00000000 len=0 frames=0
DBG_GATEWAY_CH9_RX_CONT_ARM now=1853615 rem=500 frames=0 errors=0
DBG_GATEWAY_CH9_RX_CONT_RESULT start=1853615 end=1854116 ret=-116 fail=0 status=0x00000000 len=0 frames=0
DBG_GATEWAY_CH9_RX_CONT_ARM now=1854118 rem=500 frames=0 errors=0
DBG_GATEWAY_CH9_RX_CONT_RESULT start=1854118 end=1854619 ret=-116 fail=0 status=0x00000000 len=0 frames=0
DBG_GATEWAY_CH9_RX_CONT_ARM now=1854621 rem=500 frames=0 errors=0
DBG_GATEWAY_BLE event=connected err=0 uptime=1855095
DBG_GATEWAY_BLE event=param-request ret=0 interval=24-40 latency=0 timeout_ms=12000 uptime=1855095
DBG_GATEWAY_CH9_RX_CONT_RESULT start=1854621 end=1855122 ret=-116 fail=0 status=0x00000000 len=0 frames=0
DBG_GATEWAY_CH9_RX_CONT_ARM now=1855124 rem=500 frames=0 errors=0
DBG_GATEWAY_CH9_RX_CONT_RESULT start=1855124 end=1855625 ret=-116 fail=0 status=0x00000000 len=0 frames=0
DBG_GATEWAY_CH9_RX_CONT_ARM now=1855627 rem=500 frames=0 errors=0
DBG_GATEWAY_CH9_RX_CONT_RESULT start=1855627 end=1856128 ret=-116 fail=0 status=0x00000000 len=0 frames=0
DBG_GATEWAY_CH9_RX_CONT_ARM now=1856130 rem=500 frames=0 errors=0
DBG_GATEWAY_CH9_RX_CONT_RESULT start=1856130 end=1856631 ret=-116 fail=0 status=0x00000000 len=0 frames=0
DBG_GATEWAY_CH9_RX_CONT_ARM now=1856633 rem=500 frames=0 errors=0
DBG_GATEWAY_COMMAND_PRIORITY_SUBMIT ret=0 now=1856781
DBG_STACK_RUN_BEGIN epoch=3702076350579771916 run=20 kind=ble_backpressure owner=system_workqueue queue=1 custody=1 credit=0 retry=0 drain=1 src=11068027678940948070 dst=11068027678940948070 session=48234521 seq=25 type=86 sequence=0 previous=0 uptime=1856781
DBG_STACK_SAMPLE_BEGIN epoch=3702076350579771916 run=20 sample=20 kind=ble_backpressure owner=system_workqueue queue=1 custody=1 credit=0 retry=0 drain=1 src=11068027678940948070 dst=11068027678940948070 session=48234521 seq=25 type=86 uptime=1856781
DBG_STACK_ISR_CONFIG size=8192 run=20 sample=20
DBG_STACK name=BT RX WQ tid=0x2000fe28 used=760 free=776 size=1536 ret=0 run=20 sample=20
DBG_STACK name=mesh_route tid=0x2000d560 used=5888 free=2304 size=8192 ret=0 run=20 sample=20
DBG_STACK name=sysworkq tid=0x20010d80 used=2408 free=2072 size=4480 ret=0 run=20 sample=20
DBG_STACK name=MPSL Work tid=0x20010b38 used=440 free=584 size=1024 ret=0 run=20 sample=20
DBG_STACK name=logging tid=0x2000f930 used=480 free=1568 size=2048 ret=0 run=20 sample=20
DBG_STACK name=idle tid=0x20010c10 used=64 free=256 size=320 ret=0 run=20 sample=20
DBG_STACK_SAMPLE_END run=20 sample=20
DBG_STACK_RUN_END epoch=3702076350579771916 run=20 kind=ble_backpressure owner=system_workqueue outcome=ack queue=2 custody=0 credit=1 retry=0 drain=2 src=11068027678940948070 dst=11068027678940948070 session=48234521 seq=25 type=86 samples=1 sequence=0 previous=0 uptime=1856799
DBG_DWM_MARK_UNCONFIGURED tag=initialise_radio prev_phy=0
DBG_GATEWAY_BLE event=param-updated interval=36 latency=0 timeout_ms=420 uptime=1856824
DBG_WAKE_TRAIN_CONFIG_BEGIN
DBG_DWM_INVALIDATE tag=configure_radio_from_reset active_phy=2 configured=1 awake=0
DBG_DWM_MARK_UNCONFIGURED tag=initialise_radio prev_phy=0
DBG_WAKE_TRAIN_CONFIG_OK
DBG_WAKE_TRAIN_FIRST_SEND_BEGIN
DBG_WAKE_TRAIN_FIRST_SEND_OK
DBG_UWB_TX_CH5
DBG_TX_WAKE_CLAIM_SENT
DBG_UWB_TX_CH5
DBG_TX_WAKE_CLAIM_SENT
DBG_STACK_RUN_BEGIN epoch=3702076350579771916 run=21 kind=ble_backpressure owner=system_workqueue queue=1 custody=1 credit=0 retry=0 drain=1 src=11068027678940948070 dst=11068027678940948070 session=48234522 seq=26 type=86 sequence=0 previous=0 uptime=1856871
DBG_STACK_SAMPLE_BEGIN epoch=3702076350579771916 run=21 sample=21 kind=ble_backpressure owner=system_workqueue queue=1 custody=1 credit=0 retry=0 drain=1 src=11068027678940948070 dst=11068027678940948070 session=48234522 seq=26 type=86 uptime=1856871
DBG_STACK_ISR_CONFIG size=8192 run=21 sample=21
DBG_STACK name=BT RX WQ tid=0x2000fe28 used=760 free=776 size=1536 ret=0 run=21 sample=21
DBG_STACK name=mesh_route tid=0x2000d560 used=5888 free=2304 size=8192 ret=0 run=21 sample=21
DBG_STACK name=sysworkq tid=0x20010d80 used=2408 free=2072 size=4480 ret=0 run=21 sample=21
DBG_STACK name=MPSL Work tid=0x20010b38 used=440 free=584 size=1024 ret=0 run=21 sample=21
DBG_STACK name=logging tid=0x2000f930 used=480 free=1568 size=2048 ret=0 run=21 sample=21
DBG_STACK name=idle tid=0x20010c10 used=64 free=256 size=320 ret=0 run=21 sample=21
DBG_STACK_SAMPLE_END run=21 sample=21
DBG_STACK_RUN_END epoch=3702076350579771916 run=21 kind=ble_backpressure owner=system_workqueue outcome=ack queue=1 custody=0 credit=1 retry=0 drain=1 src=11068027678940948070 dst=11068027678940948070 session=48234522 seq=26 type=86 samples=1 sequence=0 previous=0 uptime=1856879
DBG_UWB_TX_CH5
DBG_TX_WAKE_CLAIM_SENT
DBG_UWB_TX_CH5
DBG_TX_WAKE_CLAIM_SENT
DBG_UWB_TX_CH5
DBG_TX_WAKE_CLAIM_SENT
DBG_UWB_TX_CH5
DBG_TX_WAKE_CLAIM_SENT
DBG_UWB_TX_CH5
DBG_TX_WAKE_CLAIM_SENT
DBG_UWB_TX_CH5
DBG_TX_WAKE_CLAIM_SENT
DBG_UWB_TX_CH5
DBG_TX_WAKE_CLAIM_SENT
DBG_UWB_TX_CH5
DBG_TX_WAKE_CLAIM_SENT
DBG_UWB_TX_CH5
DBG_TX_WAKE_CLAIM_SENT
DBG_UWB_TX_CH5
DBG_TX_WAKE_CLAIM_SENT
DBG_UWB_TX_CH5
DBG_TX_WAKE_CLAIM_SENT
DBG_UWB_TX_CH5
DBG_TX_WAKE_CLAIM_SENT
DBG_UWB_TX_CH5
DBG_TX_WAKE_CLAIM_SENT
DBG_UWB_TX_CH5
DBG_TX_WAKE_CLAIM_SENT
DBG_UWB_TX_CH5
DBG_TX_WAKE_CLAIM_SENT
DBG_UWB_TX_CH5
DBG_TX_WAKE_CLAIM_SENT
DBG_UWB_TX_CH5
DBG_TX_WAKE_CLAIM_SENT
DBG_UWB_TX_CH5
DBG_TX_WAKE_CLAIM_SENT
DBG_UWB_TX_CH5
DBG_TX_WAKE_CLAIM_SENT
DBG_UWB_TX_CH5
DBG_TX_WAKE_CLAIM_SENT
DBG_UWB_TX_CH5
DBG_TX_WAKE_CLAIM_SENT
DBG_UWB_TX_CH5
DBG_TX_WAKE_CLAIM_SENT
DBG_UWB_TX_CH5
DBG_TX_WAKE_CLAIM_SENT
DBG_UWB_TX_CH5
DBG_TX_WAKE_CLAIM_SENT
DBG_UWB_TX_CH5
DBG_TX_WAKE_CLAIM_SENT
DBG_UWB_TX_CH5
DBG_TX_WAKE_CLAIM_SENT
DBG_UWB_TX_CH5
DBG_TX_WAKE_CLAIM_SENT
DBG_UWB_TX_CH5
DBG_TX_WAKE_CLAIM_SENT
DBG_UWB_TX_CH5
DBG_TX_WAKE_CLAIM_SENT
DBG_UWB_TX_CH5
DBG_TX_WAKE_CLAIM_SENT
DBG_UWB_TX_CH5
DBG_TX_WAKE_CLAIM_SENT
DBG_UWB_TX_CH5
DBG_TX_WAKE_CLAIM_SENT
DBG_UWB_TX_CH5
DBG_TX_WAKE_CLAIM_SENT
DBG_UWB_TX_CH5
DBG_TX_WAKE_CLAIM_SENT
DBG_UWB_TX_CH5
DBG_TX_WAKE_CLAIM_SENT
DBG_UWB_TX_CH5
DBG_TX_WAKE_CLAIM_SENT
DBG_UWB_TX_CH5
DBG_TX_WAKE_CLAIM_SENT
DBG_UWB_TX_CH5
DBG_TX_WAKE_CLAIM_SENT
DBG_UWB_TX_CH5
DBG_TX_WAKE_CLAIM_SENT
DBG_UWB_TX_CH5
DBG_TX_WAKE_CLAIM_SENT
DBG_UWB_TX_CH5
DBG_TX_WAKE_CLAIM_SENT
DBG_UWB_TX_CH5
DBG_TX_WAKE_CLAIM_SENT
DBG_UWB_TX_CH5
DBG_TX_WAKE_CLAIM_SENT
DBG_UWB_TX_CH5
DBG_TX_WAKE_CLAIM_SENT
DBG_UWB_TX_CH5
DBG_TX_WAKE_CLAIM_SENT
DBG_UWB_TX_CH5
DBG_TX_WAKE_CLAIM_SENT
DBG_UWB_TX_CH5
DBG_TX_WAKE_CLAIM_SENT
DBG_UWB_TX_CH5
DBG_TX_WAKE_CLAIM_SENT
DBG_UWB_TX_CH5
DBG_TX_WAKE_CLAIM_SENT
DBG_UWB_TX_CH5
DBG_TX_WAKE_CLAIM_SENT
DBG_UWB_TX_CH5
DBG_TX_WAKE_CLAIM_SENT
DBG_UWB_TX_CH5
DBG_TX_WAKE_CLAIM_SENT
DBG_UWB_TX_CH5
DBG_TX_WAKE_CLAIM_SENT
DBG_UWB_TX_CH5
DBG_TX_WAKE_CLAIM_SENT
DBG_UWB_TX_CH5
DBG_TX_WAKE_CLAIM_SENT
DBG_UWB_TX_CH5
DBG_TX_WAKE_CLAIM_SENT
DBG_DWM_INVALIDATE tag=configure_radio_from_reset active_phy=2 configured=1 awake=1
DBG_DWM_MARK_UNCONFIGURED tag=initialise_radio prev_phy=0
DBG_DWM_INVALIDATE tag=configure_radio_from_reset active_phy=2 configured=1 awake=0
DBG_DWM_MARK_UNCONFIGURED tag=initialise_radio prev_phy=0
DBG_DWM_INVALIDATE tag=configure_radio_from_reset active_phy=2 configured=1 awake=0
DBG_DWM_MARK_UNCONFIGURED tag=initialise_radio prev_phy=0
DBG_DWM_WAKE_MESH_CTRL_OK sfd=4073
DBG_C5_TX_CONFIG ret=0 ext=1 len=178 msg=3c reason=bounded-c5-flood
DBG_UWB_TX_CH5
DBG_DWM_INVALIDATE tag=configure_radio_from_reset active_phy=4 configured=1 awake=0
DBG_DWM_MARK_UNCONFIGURED tag=initialise_radio prev_phy=0
DBG_DWM_WAKE_MESH_CTRL_OK sfd=4073
DBG_DWM_INVALIDATE tag=configure_radio_from_reset active_phy=4 configured=1 awake=0
DBG_DWM_MARK_UNCONFIGURED tag=initialise_radio prev_phy=0
DBG_DWM_INVALIDATE tag=configure_radio_from_reset active_phy=2 configured=1 awake=0
DBG_DWM_MARK_UNCONFIGURED tag=initialise_radio prev_phy=0
DBG_DWM_WAKE_MESH_CTRL_OK sfd=4073
DBG_C5_TX_CONFIG ret=0 ext=1 len=178 msg=3c reason=bounded-c5-flood
DBG_UWB_TX_CH5
DBG_DWM_INVALIDATE tag=configure_radio_from_reset active_phy=4 configured=1 awake=0
DBG_DWM_MARK_UNCONFIGURED tag=initialise_radio prev_phy=0
DBG_DWM_WAKE_MESH_CTRL_OK sfd=4073
DBG_DWM_INVALIDATE tag=configure_radio_from_reset active_phy=4 configured=1 awake=0
DBG_DWM_MARK_UNCONFIGURED tag=initialise_radio prev_phy=0
DBG_DWM_INVALIDATE tag=configure_radio_from_reset active_phy=2 configured=1 awake=0
DBG_DWM_MARK_UNCONFIGURED tag=initialise_radio prev_phy=0
DBG_DWM_WAKE_MESH_CTRL_OK sfd=4073
DBG_C5_TX_CONFIG ret=0 ext=1 len=178 msg=3c reason=bounded-c5-flood
DBG_UWB_TX_CH5
DBG_DWM_INVALIDATE tag=configure_radio_from_reset active_phy=4 configured=1 awake=0
DBG_DWM_MARK_UNCONFIGURED tag=initialise_radio prev_phy=0
DBG_DWM_WAKE_MESH_CTRL_OK sfd=4073
DBG_DWM_INVALIDATE tag=configure_radio_from_reset active_phy=4 configured=1 awake=0
DBG_DWM_MARK_UNCONFIGURED tag=initialise_radio prev_phy=0
DBG_DWM_INVALIDATE tag=configure_radio_from_reset active_phy=2 configured=1 awake=0
DBG_DWM_MARK_UNCONFIGURED tag=initialise_radio prev_phy=0
DBG_DWM_WAKE_MESH_CTRL_OK sfd=4073
DBG_C5_TX_CONFIG ret=0 ext=1 len=178 msg=3c reason=bounded-c5-flood
DBG_UWB_TX_CH5
DBG_GATEWAY_RX_START reason=gateway mesh restart active=1 qrx=0 qtx=0 adv_due=0
DBG_STACK_RUN_BEGIN epoch=3702076350579771916 run=22 kind=ble_backpressure owner=system_workqueue queue=1 custody=1 credit=0 retry=0 drain=1 src=11068027678940948070 dst=11068027678940948070 session=48234524 seq=28 type=86 sequence=0 previous=0 uptime=1857713
DBG_STACK_SAMPLE_BEGIN epoch=3702076350579771916 run=22 sample=22 kind=ble_backpressure owner=system_workqueue queue=1 custody=1 credit=0 retry=0 drain=1 src=11068027678940948070 dst=11068027678940948070 session=48234524 seq=28 type=86 uptime=1857713
DBG_STACK_ISR_CONFIG size=8192 run=22 sample=22
DBG_STACK name=BT RX WQ tid=0x2000fe28 used=760 free=776 size=1536 ret=0 run=22 sample=22
DBG_STACK name=mesh_route tid=0x2000d560 used=5888 free=2304 size=8192 ret=0 run=22 sample=22
DBG_STACK name=sysworkq tid=0x20010d80 used=2408 free=2072 size=4480 ret=0 run=22 sample=22
DBG_STACK name=MPSL Work tid=0x20010b38 used=440 free=584 size=1024 ret=0 run=22 sample=22
DBG_STACK name=logging tid=0x2000f930 used=480 free=1568 size=2048 ret=0 run=22 sample=22
DBG_STACK name=idle tid=0x20010c10 used=64 free=256 size=320 ret=0 run=22 sample=22
DBG_STACK_SAMPLE_END run=22 sample=22
DBG_STACK_RUN_END epoch=3702076350579771916 run=22 kind=ble_backpressure owner=system_workqueue outcome=ack queue=1 custody=0 credit=1 retry=0 drain=1 src=11068027678940948070 dst=11068027678940948070 session=48234524 seq=28 type=86 samples=1 sequence=0 previous=0 uptime=1857739
DBG_GATEWAY_CH9_RX_CONT_ARM now=1857743 rem=500 frames=0 errors=0
DBG_GATEWAY_CH9_RX_CONT_RESULT start=1857743 end=1858244 ret=-116 fail=0 status=0x02000000 len=0 frames=0
DBG_GATEWAY_CH9_RX_CONT_CAP now=1858246 win=12167 adv_wait=12167 due=1870413
DBG_GATEWAY_CH9_RX_CONT_ARM now=1858246 rem=500 frames=0 errors=0
DBG_GATEWAY_CH9_RX_CONT_RESULT start=1858246 end=1858747 ret=-116 fail=0 status=0x00000000 len=0 frames=0
DBG_GATEWAY_CH9_RX_CONT_CAP now=1858749 win=11664 adv_wait=11664 due=1870413
DBG_GATEWAY_CH9_RX_CONT_ARM now=1858749 rem=500 frames=0 errors=0
DBG_GATEWAY_CH9_RX_CONT_RESULT start=1858749 end=1859250 ret=-116 fail=0 status=0x00000000 len=0 frames=0
DBG_GATEWAY_CH9_RX_CONT_CAP now=1859252 win=11161 adv_wait=11161 due=1870413
DBG_GATEWAY_CH9_RX_CONT_ARM now=1859252 rem=500 frames=0 errors=0
DBG_GATEWAY_CH9_RX_CONT_RESULT start=1859252 end=1859753 ret=-116 fail=0 status=0x00000000 len=0 frames=0
DBG_GATEWAY_CH9_RX_CONT_CAP now=1859755 win=10658 adv_wait=10658 due=1870413
DBG_GATEWAY_CH9_RX_CONT_ARM now=1859755 rem=500 frames=0 errors=0
DBG_GATEWAY_CH9_RX_CONT_RESULT start=1859755 end=1860256 ret=-116 fail=0 status=0x00000000 len=0 frames=0
DBG_GATEWAY_CH9_RX_CONT_CAP now=1860258 win=10155 adv_wait=10155 due=1870413
DBG_GATEWAY_CH9_RX_CONT_ARM now=1860258 rem=500 frames=0 errors=0
DBG_GATEWAY_BLE event=param-updated interval=36 latency=0 timeout_ms=12000 uptime=1860424
DBG_GATEWAY_CH9_RX_CONT_RESULT start=1860258 end=1860759 ret=-116 fail=0 status=0x00000000 len=0 frames=0
DBG_GATEWAY_CH9_RX_CONT_CAP now=1860761 win=9652 adv_wait=9652 due=1870413
DBG_GATEWAY_CH9_RX_CONT_ARM now=1860761 rem=500 frames=0 errors=0
DBG_GATEWAY_CH9_RX_CONT_RESULT start=1860761 end=1861262 ret=-116 fail=0 status=0x00000000 len=0 frames=0
DBG_GATEWAY_CH9_RX_CONT_CAP now=1861264 win=9149 adv_wait=9149 due=1870413
DBG_GATEWAY_CH9_RX_CONT_ARM now=1861264 rem=500 frames=0 errors=0
DBG_GATEWAY_CH9_RX_CONT_RESULT start=1861264 end=1861765 ret=-116 fail=0 status=0x00000000 len=0 frames=0
DBG_GATEWAY_CH9_RX_CONT_CAP now=1861767 win=8646 adv_wait=8646 due=1870413
DBG_GATEWAY_CH9_RX_CONT_ARM now=1861767 rem=500 frames=0 errors=0
DBG_GATEWAY_CH9_RX_CONT_RESULT start=1861767 end=1862268 ret=-116 fail=0 status=0x00000000 len=0 frames=0
DBG_GATEWAY_CH9_RX_CONT_CAP now=1862270 win=8143 adv_wait=8143 due=1870413
DBG_GATEWAY_CH9_RX_CONT_ARM now=1862270 rem=500 frames=0 errors=0
DBG_GATEWAY_CH9_RX_CONT_RESULT start=1862270 end=1862771 ret=-116 fail=0 status=0x00000000 len=0 frames=0
DBG_GATEWAY_CH9_RX_CONT_CAP now=1862773 win=7640 adv_wait=7640 due=1870413
DBG_GATEWAY_CH9_RX_CONT_ARM now=1862773 rem=500 frames=0 errors=0
DBG_GATEWAY_CH9_RX_CONT_RESULT start=1862773 end=1863274 ret=-116 fail=0 status=0x00000000 len=0 frames=0
DBG_GATEWAY_CH9_RX_CONT_CAP now=1863276 win=7137 adv_wait=7137 due=1870413
DBG_GATEWAY_CH9_RX_CONT_ARM now=1863276 rem=500 frames=0 errors=0
DBG_GATEWAY_CH9_RX_CONT_RESULT start=1863276 end=1863777 ret=-116 fail=0 status=0x00000000 len=0 frames=0
DBG_GATEWAY_CH9_RX_CONT_CAP now=1863779 win=6634 adv_wait=6634 due=1870413
DBG_GATEWAY_CH9_RX_CONT_ARM now=1863779 rem=500 frames=0 errors=0
DBG_GATEWAY_CH9_RX_CONT_RESULT start=1863779 end=1864280 ret=-116 fail=0 status=0x00000000 len=0 frames=0
DBG_GATEWAY_CH9_RX_CONT_CAP now=1864282 win=6131 adv_wait=6131 due=1870413
DBG_GATEWAY_CH9_RX_CONT_ARM now=1864282 rem=500 frames=0 errors=0
DBG_GATEWAY_CH9_RX_CONT_RESULT start=1864282 end=1864783 ret=-116 fail=0 status=0x00000000 len=0 frames=0
DBG_GATEWAY_CH9_RX_CONT_CAP now=1864785 win=5628 adv_wait=5628 due=1870413
DBG_GATEWAY_CH9_RX_CONT_ARM now=1864785 rem=500 frames=0 errors=0
DBG_GATEWAY_CH9_RX_CONT_RESULT start=1864785 end=1865286 ret=-116 fail=0 status=0x00000000 len=0 frames=0
DBG_GATEWAY_CH9_RX_CONT_CAP now=1865288 win=5125 adv_wait=5125 due=1870413
DBG_GATEWAY_CH9_RX_CONT_ARM now=1865288 rem=500 frames=0 errors=0
DBG_GATEWAY_CH9_RX_CONT_RESULT start=1865288 end=1865789 ret=-116 fail=0 status=0x00000000 len=0 frames=0
DBG_GATEWAY_CH9_RX_CONT_CAP now=1865791 win=4622 adv_wait=4622 due=1870413
DBG_GATEWAY_CH9_RX_CONT_ARM now=1865791 rem=500 frames=0 errors=0
DBG_GATEWAY_CH9_RX_CONT_RESULT start=1865791 end=1866292 ret=-116 fail=0 status=0x00000000 len=0 frames=0
DBG_GATEWAY_CH9_RX_CONT_CAP now=1866294 win=4119 adv_wait=4119 due=1870413
DBG_GATEWAY_CH9_RX_CONT_ARM now=1866294 rem=500 frames=0 errors=0
DBG_GATEWAY_CH9_RX_CONT_RESULT start=1866294 end=1866795 ret=-116 fail=0 status=0x00000000 len=0 frames=0
DBG_GATEWAY_CH9_RX_CONT_CAP now=1866797 win=3616 adv_wait=3616 due=1870413
DBG_GATEWAY_CH9_RX_CONT_ARM now=1866797 rem=500 frames=0 errors=0
DBG_GATEWAY_CH9_RX_CONT_RESULT start=1866797 end=1867298 ret=-116 fail=0 status=0x00000000 len=0 frames=0
DBG_GATEWAY_CH9_RX_CONT_CAP now=1867300 win=3113 adv_wait=3113 due=1870413
DBG_GATEWAY_CH9_RX_CONT_ARM now=1867300 rem=500 frames=0 errors=0
DBG_GATEWAY_CH9_RX_CONT_RESULT start=1867300 end=1867801 ret=-116 fail=0 status=0x00000000 len=0 frames=0
DBG_GATEWAY_CH9_RX_CONT_CAP now=1867803 win=2610 adv_wait=2610 due=1870413
DBG_GATEWAY_CH9_RX_CONT_ARM now=1867803 rem=500 frames=0 errors=0
DBG_GATEWAY_CH9_RX_CONT_RESULT start=1867803 end=1868304 ret=-116 fail=0 status=0x00000000 len=0 frames=0
DBG_GATEWAY_CH9_RX_CONT_CAP now=1868306 win=2107 adv_wait=2107 due=1870413
DBG_GATEWAY_CH9_RX_CONT_ARM now=1868306 rem=500 frames=0 errors=0
DBG_GATEWAY_CH9_RX_CONT_RESULT start=1868306 end=1868807 ret=-116 fail=0 status=0x00000000 len=0 frames=0
DBG_GATEWAY_CH9_RX_CONT_CAP now=1868809 win=1604 adv_wait=1604 due=1870413
DBG_GATEWAY_CH9_RX_CONT_ARM now=1868809 rem=500 frames=0 errors=0
DBG_GATEWAY_CH9_RX_CONT_RESULT start=1868809 end=1869310 ret=-116 fail=0 status=0x00000000 len=0 frames=0
DBG_GATEWAY_CH9_RX_CONT_CAP now=1869312 win=1101 adv_wait=1101 due=1870413
DBG_GATEWAY_CH9_RX_CONT_ARM now=1869312 rem=500 frames=0 errors=0
DBG_GATEWAY_CH9_RX_CONT_RESULT start=1869312 end=1869813 ret=-116 fail=0 status=0x00000000 len=0 frames=0
DBG_GATEWAY_CH9_RX_CONT_CAP now=1869815 win=598 adv_wait=598 due=1870413
DBG_GATEWAY_CH9_RX_CONT_ARM now=1869815 rem=500 frames=0 errors=0
DBG_GATEWAY_CH9_RX_CONT_RESULT start=1869815 end=1870316 ret=-116 fail=0 status=0x00000000 len=0 frames=0
DBG_GATEWAY_CH9_RX_CONT_CAP now=1870318 win=95 adv_wait=95 due=1870413
DBG_GATEWAY_CH9_RX_CONT_ARM now=1870318 rem=95 frames=0 errors=0
DBG_GATEWAY_CH9_RX_CONT_RESULT start=1870318 end=1870414 ret=-116 fail=0 status=0x00000000 len=0 frames=0
DBG_GATEWAY_CH9_RX_DONE_YIELD_ADV now=1870415 due=1870413
DBG_STACK_RUN_BEGIN epoch=3702076350579771916 run=23 kind=ble_backpressure owner=system_workqueue queue=1 custody=1 credit=0 retry=0 drain=1 src=11068027678940948070 dst=11068027678940948070 session=3225844817 seq=31825 type=65 sequence=0 previous=0 uptime=1870415
DBG_STACK_SAMPLE_BEGIN epoch=3702076350579771916 run=23 sample=23 kind=ble_backpressure owner=system_workqueue queue=1 custody=1 credit=0 retry=0 drain=1 src=11068027678940948070 dst=11068027678940948070 session=3225844817 seq=31825 type=65 uptime=1870416
DBG_STACK_ISR_CONFIG size=8192 run=23 sample=23
DBG_STACK name=BT RX WQ tid=0x2000fe28 used=760 free=776 size=1536 ret=0 run=23 sample=23
DBG_STACK name=mesh_route tid=0x2000d560 used=5888 free=2304 size=8192 ret=0 run=23 sample=23
DBG_STACK name=sysworkq tid=0x20010d80 used=2408 free=2072 size=4480 ret=0 run=23 sample=23
DBG_STACK name=MPSL Work tid=0x20010b38 used=440 free=584 size=1024 ret=0 run=23 sample=23
DBG_STACK name=logging tid=0x2000f930 used=480 free=1568 size=2048 ret=0 run=23 sample=23
DBG_STACK name=idle tid=0x20010c10 used=64 free=256 size=320 ret=0 run=23 sample=23
DBG_STACK_SAMPLE_END run=23 sample=23
DBG_STACK_RUN_END epoch=3702076350579771916 run=23 kind=ble_backpressure owner=system_workqueue outcome=ack queue=2 custody=0 credit=1 retry=0 drain=2 src=11068027678940948070 dst=11068027678940948070 session=3225844817 seq=31825 type=65 samples=1 sequence=0 previous=0 uptime=1870442
DBG_STACK_RUN_BEGIN epoch=3702076350579771916 run=24 kind=ble_backpressure owner=system_workqueue queue=1 custody=1 credit=0 retry=0 drain=1 src=11068027678940948070 dst=11068027678940948070 session=48234525 seq=29 type=86 sequence=0 previous=0 uptime=1870505
DBG_STACK_SAMPLE_BEGIN epoch=3702076350579771916 run=24 sample=24 kind=ble_backpressure owner=system_workqueue queue=1 custody=1 credit=0 retry=0 drain=1 src=11068027678940948070 dst=11068027678940948070 session=48234525 seq=29 type=86 uptime=1870506
DBG_STACK_ISR_CONFIG size=8192 run=24 sample=24
DBG_STACK name=BT RX WQ tid=0x2000fe28 used=760 free=776 size=1536 ret=0 run=24 sample=24
DBG_STACK name=mesh_route tid=0x2000d560 used=5888 free=2304 size=8192 ret=0 run=24 sample=24
DBG_STACK name=sysworkq tid=0x20010d80 used=2408 free=2072 size=4480 ret=0 run=24 sample=24
DBG_STACK name=MPSL Work tid=0x20010b38 used=440 free=584 size=1024 ret=0 run=24 sample=24
DBG_STACK name=logging tid=0x2000f930 used=480 free=1568 size=2048 ret=0 run=24 sample=24
DBG_STACK name=idle tid=0x20010c10 used=64 free=256 size=320 ret=0 run=24 sample=24
DBG_STACK_SAMPLE_END run=24 sample=24
DBG_STACK_RUN_END epoch=3702076350579771916 run=24 kind=ble_backpressure owner=system_workqueue outcome=ack queue=1 custody=0 credit=1 retry=0 drain=1 src=11068027678940948070 dst=11068027678940948070 session=48234525 seq=29 type=86 samples=1 sequence=0 previous=0 uptime=1870522
DBG_GATEWAY_COMMAND_PRIORITY_SUBMIT ret=0 now=1870686
DBG_STACK_RUN_BEGIN epoch=3702076350579771916 run=25 kind=ble_backpressure owner=system_workqueue queue=1 custody=1 credit=0 retry=0 drain=1 src=11068027678940948070 dst=11068027678940948070 session=48234526 seq=30 type=86 sequence=0 previous=0 uptime=1870686
DBG_STACK_SAMPLE_BEGIN epoch=3702076350579771916 run=25 sample=25 kind=ble_backpressure owner=system_workqueue queue=1 custody=1 credit=0 retry=0 drain=1 src=11068027678940948070 dst=11068027678940948070 session=48234526 seq=30 type=86 uptime=1870686
DBG_STACK_ISR_CONFIG size=8192 run=25 sample=25
DBG_STACK name=BT RX WQ tid=0x2000fe28 used=760 free=776 size=1536 ret=0 run=25 sample=25
DBG_STACK name=mesh_route tid=0x2000d560 used=5888 free=2304 size=8192 ret=0 run=25 sample=25
DBG_STACK name=sysworkq tid=0x20010d80 used=2408 free=2072 size=4480 ret=0 run=25 sample=25
DBG_STACK name=MPSL Work tid=0x20010b38 used=440 free=584 size=1024 ret=0 run=25 sample=25
DBG_STACK name=logging tid=0x2000f930 used=480 free=1568 size=2048 ret=0 run=25 sample=25
DBG_STACK name=idle tid=0x20010c10 used=64 free=256 size=320 ret=0 run=25 sample=25
DBG_STACK_SAMPLE_END run=25 sample=25
DBG_STACK_RUN_END epoch=3702076350579771916 run=25 kind=ble_backpressure owner=system_workqueue outcome=ack queue=3 custody=0 credit=1 retry=0 drain=3 src=11068027678940948070 dst=11068027678940948070 session=48234526 seq=30 type=86 samples=1 sequence=0 previous=0 uptime=1870704
DBG_STACK_RUN_BEGIN epoch=3702076350579771916 run=26 kind=ble_backpressure owner=system_workqueue queue=2 custody=2 credit=0 retry=0 drain=2 src=11068027678940948070 dst=11068027678940948070 session=48234527 seq=31 type=86 sequence=0 previous=0 uptime=1870776
DBG_STACK_SAMPLE_BEGIN epoch=3702076350579771916 run=26 sample=26 kind=ble_backpressure owner=system_workqueue queue=2 custody=2 credit=0 retry=0 drain=2 src=11068027678940948070 dst=11068027678940948070 session=48234527 seq=31 type=86 uptime=1870776
DBG_STACK_ISR_CONFIG size=8192 run=26 sample=26
DBG_STACK name=BT RX WQ tid=0x2000fe28 used=760 free=776 size=1536 ret=0 run=26 sample=26
DBG_STACK name=mesh_route tid=0x2000d560 used=5888 free=2304 size=8192 ret=0 run=26 sample=26
DBG_STACK name=sysworkq tid=0x20010d80 used=2408 free=2072 size=4480 ret=0 run=26 sample=26
DBG_STACK name=MPSL Work tid=0x20010b38 used=440 free=584 size=1024 ret=0 run=26 sample=26
DBG_STACK name=logging tid=0x2000f930 used=480 free=1568 size=2048 ret=0 run=26 sample=26
DBG_STACK name=idle tid=0x20010c10 used=64 free=256 size=320 ret=0 run=26 sample=26
DBG_STACK_SAMPLE_END run=26 sample=26
DBG_STACK_RUN_END epoch=3702076350579771916 run=26 kind=ble_backpressure owner=system_workqueue outcome=ack queue=2 custody=0 credit=1 retry=0 drain=2 src=11068027678940948070 dst=11068027678940948070 session=48234527 seq=31 type=86 samples=1 sequence=0 previous=0 uptime=1870798
DBG_STACK_RUN_BEGIN epoch=3702076350579771916 run=27 kind=ble_backpressure owner=system_workqueue queue=1 custody=1 credit=0 retry=0 drain=1 src=11068027678940948070 dst=11068027678940948070 session=48234529 seq=33 type=86 sequence=0 previous=0 uptime=1870866
DBG_STACK_SAMPLE_BEGIN epoch=3702076350579771916 run=27 sample=27 kind=ble_backpressure owner=system_workqueue queue=1 custody=1 credit=0 retry=0 drain=1 src=11068027678940948070 dst=11068027678940948070 session=48234529 seq=33 type=86 uptime=1870866
DBG_STACK_ISR_CONFIG size=8192 run=27 sample=27
DBG_STACK name=BT RX WQ tid=0x2000fe28 used=760 free=776 size=1536 ret=0 run=27 sample=27
DBG_STACK name=mesh_route tid=0x2000d560 used=5888 free=2304 size=8192 ret=0 run=27 sample=27
DBG_STACK name=sysworkq tid=0x20010d80 used=2408 free=2072 size=4480 ret=0 run=27 sample=27
DBG_STACK name=MPSL Work tid=0x20010b38 used=440 free=584 size=1024 ret=0 run=27 sample=27
DBG_STACK name=logging tid=0x2000f930 used=480 free=1568 size=2048 ret=0 run=27 sample=27
DBG_STACK name=idle tid=0x20010c10 used=64 free=256 size=320 ret=0 run=27 sample=27
DBG_STACK_SAMPLE_END run=27 sample=27
DBG_STACK_RUN_END epoch=3702076350579771916 run=27 kind=ble_backpressure owner=system_workqueue outcome=ack queue=1 custody=0 credit=1 retry=0 drain=1 src=11068027678940948070 dst=11068027678940948070 session=48234529 seq=33 type=86 samples=1 sequence=0 previous=0 uptime=1870888
DBG_GATEWAY_CH9_RX_CONT_RESULT start=1870691 end=1871192 ret=-116 fail=0 status=0x00000000 len=0 frames=0
DBG_GATEWAY_COMMAND_PRIORITY_SUBMIT ret=0 now=1871193
DBG_GATEWAY_CH9_RX_CONT_ARM now=1871194 rem=500 frames=0 errors=0
DBG_GATEWAY_CH9_RX_CONT_RESULT start=1871194 end=1871195 ret=-140 fail=0 status=0x00000000 len=0 frames=0
DBG_GATEWAY_CH9_RX_COMMAND_PREEMPT now=1871196 rem=500 frames=0
DBG_GATEWAY_CH9_RX_CONT_DONE ret=-140 len=0 fail=0 recover=0
DBG_NC o=0000000000000004 g=00000004 w=00 e=0000003c s=00000005 q=0000>0004 r=00000000 f=00000024 t=00000000 p=00000000 a=00
DBG_NODE_COMM_SUBMIT handle=4 profile=0 token=17039364 deadline=1881196
DBG_ENUM_FLOOD kind=1 handle=4
DBG_ENUM_CLAIM_TX epoch=48234528 round=1 max_hop=5 first_wait_ms=1125 ceiling_ms=5625 ret=0
DBG_NODE_COMM_TX_BEGIN handle=4 profile=0 msg=64 dst=0x0 seq=4
DBG_CONTROL_RX_HANDOFF_READY abort=0
DBG_COORD state=idle owner=c5-flood reason=idle rx=0 tx=0 relay=0 route=0 ack=0 qack=0
DBG_WAKE_TRAIN_GUARD_OK
DBG_DWM_MARK_UNCONFIGURED tag=initialise_radio prev_phy=0
DBG_WAKE_TRAIN_CONFIG_BEGIN
DBG_DWM_INVALIDATE tag=configure_radio_from_reset active_phy=2 configured=1 awake=0
DBG_DWM_MARK_UNCONFIGURED tag=initialise_radio prev_phy=0
DBG_WAKE_TRAIN_CONFIG_OK
DBG_WAKE_TRAIN_FIRST_SEND_BEGIN
DBG_WAKE_TRAIN_FIRST_SEND_OK
DBG_UWB_TX_CH5
DBG_TX_WAKE_CLAIM_SENT
DBG_UWB_TX_CH5
DBG_TX_WAKE_CLAIM_SENT
DBG_UWB_TX_CH5
DBG_TX_WAKE_CLAIM_SENT
DBG_UWB_TX_CH5
DBG_TX_WAKE_CLAIM_SENT
DBG_UWB_TX_CH5
DBG_TX_WAKE_CLAIM_SENT
DBG_UWB_TX_CH5
DBG_TX_WAKE_CLAIM_SENT
DBG_UWB_TX_CH5
DBG_TX_WAKE_CLAIM_SENT
DBG_UWB_TX_CH5
DBG_TX_WAKE_CLAIM_SENT
DBG_UWB_TX_CH5
DBG_TX_WAKE_CLAIM_SENT
DBG_UWB_TX_CH5
DBG_TX_WAKE_CLAIM_SENT
DBG_UWB_TX_CH5
DBG_TX_WAKE_CLAIM_SENT
DBG_UWB_TX_CH5
DBG_TX_WAKE_CLAIM_SENT
DBG_UWB_TX_CH5
DBG_TX_WAKE_CLAIM_SENT
DBG_UWB_TX_CH5
DBG_TX_WAKE_CLAIM_SENT
DBG_UWB_TX_CH5
DBG_TX_WAKE_CLAIM_SENT
DBG_UWB_TX_CH5
DBG_TX_WAKE_CLAIM_SENT
DBG_UWB_TX_CH5
DBG_TX_WAKE_CLAIM_SENT
DBG_UWB_TX_CH5
DBG_TX_WAKE_CLAIM_SENT
DBG_UWB_TX_CH5
DBG_TX_WAKE_CLAIM_SENT
DBG_UWB_TX_CH5
DBG_TX_WAKE_CLAIM_SENT
DBG_UWB_TX_CH5
DBG_TX_WAKE_CLAIM_SENT
DBG_UWB_TX_CH5
DBG_TX_WAKE_CLAIM_SENT
DBG_UWB_TX_CH5
DBG_TX_WAKE_CLAIM_SENT
DBG_UWB_TX_CH5
DBG_TX_WAKE_CLAIM_SENT
DBG_UWB_TX_CH5
DBG_TX_WAKE_CLAIM_SENT
DBG_UWB_TX_CH5
DBG_TX_WAKE_CLAIM_SENT
DBG_UWB_TX_CH5
DBG_TX_WAKE_CLAIM_SENT
DBG_UWB_TX_CH5
DBG_TX_WAKE_CLAIM_SENT
DBG_UWB_TX_CH5
DBG_TX_WAKE_CLAIM_SENT
DBG_UWB_TX_CH5
DBG_TX_WAKE_CLAIM_SENT
DBG_UWB_TX_CH5
DBG_TX_WAKE_CLAIM_SENT
DBG_UWB_TX_CH5
DBG_TX_WAKE_CLAIM_SENT
DBG_UWB_TX_CH5
DBG_TX_WAKE_CLAIM_SENT
DBG_UWB_TX_CH5
DBG_TX_WAKE_CLAIM_SENT
DBG_UWB_TX_CH5
DBG_TX_WAKE_CLAIM_SENT
DBG_UWB_TX_CH5
DBG_TX_WAKE_CLAIM_SENT
DBG_UWB_TX_CH5
DBG_TX_WAKE_CLAIM_SENT
DBG_UWB_TX_CH5
DBG_TX_WAKE_CLAIM_SENT
DBG_UWB_TX_CH5
DBG_TX_WAKE_CLAIM_SENT
DBG_UWB_TX_CH5
DBG_TX_WAKE_CLAIM_SENT
DBG_UWB_TX_CH5
DBG_TX_WAKE_CLAIM_SENT
DBG_UWB_TX_CH5
DBG_TX_WAKE_CLAIM_SENT
DBG_UWB_TX_CH5
DBG_TX_WAKE_CLAIM_SENT
DBG_UWB_TX_CH5
DBG_TX_WAKE_CLAIM_SENT
DBG_UWB_TX_CH5
DBG_TX_WAKE_CLAIM_SENT
DBG_UWB_TX_CH5
DBG_TX_WAKE_CLAIM_SENT
DBG_UWB_TX_CH5
DBG_TX_WAKE_CLAIM_SENT
DBG_UWB_TX_CH5
DBG_TX_WAKE_CLAIM_SENT
DBG_UWB_TX_CH5
DBG_TX_WAKE_CLAIM_SENT
DBG_UWB_TX_CH5
DBG_TX_WAKE_CLAIM_SENT
DBG_UWB_TX_CH5
DBG_TX_WAKE_CLAIM_SENT
DBG_UWB_TX_CH5
DBG_TX_WAKE_CLAIM_SENT
DBG_UWB_TX_CH5
DBG_TX_WAKE_CLAIM_SENT
DBG_UWB_TX_CH5
DBG_TX_WAKE_CLAIM_SENT
DBG_UWB_TX_CH5
DBG_TX_WAKE_CLAIM_SENT
DBG_UWB_TX_CH5
DBG_TX_WAKE_CLAIM_SENT
DBG_UWB_TX_CH5
DBG_TX_WAKE_CLAIM_SENT
DBG_UWB_TX_CH5
DBG_TX_WAKE_CLAIM_SENT
DBG_UWB_TX_CH5
DBG_TX_WAKE_CLAIM_SENT
DBG_UWB_TX_CH5
DBG_TX_WAKE_CLAIM_SENT
DBG_UWB_TX_CH5
DBG_TX_WAKE_CLAIM_SENT
DBG_UWB_TX_CH5
DBG_TX_WAKE_CLAIM_SENT
DBG_UWB_TX_CH5
DBG_TX_WAKE_CLAIM_SENT
DBG_UWB_TX_CH5
DBG_TX_WAKE_CLAIM_SENT
DBG_UWB_TX_CH5
DBG_TX_WAKE_CLAIM_SENT
DBG_UWB_TX_CH5
DBG_TX_WAKE_CLAIM_SENT
DBG_UWB_TX_CH5
DBG_TX_WAKE_CLAIM_SENT
DBG_UWB_TX_CH5
DBG_TX_WAKE_CLAIM_SENT
DBG_UWB_TX_CH5
DBG_TX_WAKE_CLAIM_SENT
DBG_UWB_TX_CH5
DBG_TX_WAKE_CLAIM_SENT
DBG_UWB_TX_CH5
DBG_TX_WAKE_CLAIM_SENT
DBG_UWB_TX_CH5
DBG_TX_WAKE_CLAIM_SENT
DBG_UWB_TX_CH5
DBG_TX_WAKE_CLAIM_SENT
DBG_UWB_TX_CH5
DBG_TX_WAKE_CLAIM_SENT
DBG_UWB_TX_CH5
DBG_TX_WAKE_CLAIM_SENT
DBG_UWB_TX_CH5
DBG_TX_WAKE_CLAIM_SENT
DBG_UWB_TX_CH5
DBG_TX_WAKE_CLAIM_SENT
DBG_UWB_TX_CH5
DBG_TX_WAKE_CLAIM_SENT
DBG_UWB_TX_CH5
DBG_TX_WAKE_CLAIM_SENT
DBG_UWB_TX_CH5
DBG_TX_WAKE_CLAIM_SENT
DBG_UWB_TX_CH5
DBG_TX_WAKE_CLAIM_SENT
DBG_UWB_TX_CH5
DBG_TX_WAKE_CLAIM_SENT
DBG_UWB_TX_CH5
DBG_TX_WAKE_CLAIM_SENT
DBG_UWB_TX_CH5
DBG_TX_WAKE_CLAIM_SENT
DBG_UWB_TX_CH5
DBG_TX_WAKE_CLAIM_SENT
DBG_UWB_TX_CH5
DBG_TX_WAKE_CLAIM_SENT
DBG_UWB_TX_CH5
DBG_TX_WAKE_CLAIM_SENT
DBG_UWB_TX_CH5
DBG_TX_WAKE_CLAIM_SENT
DBG_UWB_TX_CH5
DBG_TX_WAKE_CLAIM_SENT
DBG_UWB_TX_CH5
DBG_TX_WAKE_CLAIM_SENT
DBG_UWB_TX_CH5
DBG_TX_WAKE_CLAIM_SENT
DBG_UWB_TX_CH5
DBG_TX_WAKE_CLAIM_SENT
DBG_UWB_TX_CH5
DBG_TX_WAKE_CLAIM_SENT
DBG_UWB_TX_CH5
DBG_TX_WAKE_CLAIM_SENT
DBG_UWB_TX_CH5
DBG_TX_WAKE_CLAIM_SENT
DBG_UWB_TX_CH5
DBG_TX_WAKE_CLAIM_SENT
DBG_UWB_TX_CH5
DBG_TX_WAKE_CLAIM_SENT
DBG_UWB_TX_CH5
DBG_TX_WAKE_CLAIM_SENT
DBG_UWB_TX_CH5
DBG_TX_WAKE_CLAIM_SENT
DBG_UWB_TX_CH5
DBG_TX_WAKE_CLAIM_SENT
DBG_UWB_TX_CH5
DBG_TX_WAKE_CLAIM_SENT
DBG_UWB_TX_CH5
DBG_TX_WAKE_CLAIM_SENT
DBG_UWB_TX_CH5
DBG_TX_WAKE_CLAIM_SENT
DBG_UWB_TX_CH5
DBG_TX_WAKE_CLAIM_SENT
DBG_UWB_TX_CH5
DBG_TX_WAKE_CLAIM_SENT
DBG_UWB_TX_CH5
DBG_TX_WAKE_CLAIM_SENT
DBG_UWB_TX_CH5
DBG_TX_WAKE_CLAIM_SENT
DBG_UWB_TX_CH5
DBG_TX_WAKE_CLAIM_SENT
DBG_UWB_TX_CH5
DBG_TX_WAKE_CLAIM_SENT
DBG_UWB_TX_CH5
DBG_TX_WAKE_CLAIM_SENT
DBG_UWB_TX_CH5
DBG_TX_WAKE_CLAIM_SENT
DBG_UWB_TX_CH5
DBG_TX_WAKE_CLAIM_SENT
DBG_UWB_TX_CH5
DBG_TX_WAKE_CLAIM_SENT
DBG_UWB_TX_CH5
DBG_TX_WAKE_CLAIM_SENT
DBG_UWB_TX_CH5
DBG_TX_WAKE_CLAIM_SENT
DBG_UWB_TX_CH5
DBG_TX_WAKE_CLAIM_SENT
DBG_UWB_TX_CH5
DBG_TX_WAKE_CLAIM_SENT
DBG_UWB_TX_CH5
DBG_TX_WAKE_CLAIM_SENT
DBG_UWB_TX_CH5
DBG_TX_WAKE_CLAIM_SENT
DBG_UWB_TX_CH5
DBG_TX_WAKE_CLAIM_SENT
DBG_UWB_TX_CH5
DBG_TX_WAKE_CLAIM_SENT
DBG_UWB_TX_CH5
DBG_TX_WAKE_CLAIM_SENT
DBG_UWB_TX_CH5
DBG_TX_WAKE_CLAIM_SENT
DBG_UWB_TX_CH5
DBG_TX_WAKE_CLAIM_SENT
DBG_UWB_TX_CH5
DBG_TX_WAKE_CLAIM_SENT
DBG_UWB_TX_CH5
DBG_TX_WAKE_CLAIM_SENT
DBG_UWB_TX_CH5
DBG_TX_WAKE_CLAIM_SENT
DBG_UWB_TX_CH5
DBG_TX_WAKE_CLAIM_SENT
DBG_UWB_TX_CH5
DBG_TX_WAKE_CLAIM_SENT
DBG_UWB_TX_CH5
DBG_TX_WAKE_CLAIM_SENT
DBG_UWB_TX_CH5
DBG_TX_WAKE_CLAIM_SENT
DBG_UWB_TX_CH5
DBG_TX_WAKE_CLAIM_SENT
DBG_UWB_TX_CH5
DBG_TX_WAKE_CLAIM_SENT
DBG_UWB_TX_CH5
DBG_TX_WAKE_CLAIM_SENT
DBG_UWB_TX_CH5
DBG_TX_WAKE_CLAIM_SENT
DBG_UWB_TX_CH5
DBG_TX_WAKE_CLAIM_SENT
DBG_UWB_TX_CH5
DBG_TX_WAKE_CLAIM_SENT
DBG_UWB_TX_CH5
DBG_TX_WAKE_CLAIM_SENT
DBG_UWB_TX_CH5
DBG_TX_WAKE_CLAIM_SENT
DBG_UWB_TX_CH5
DBG_TX_WAKE_CLAIM_SENT
DBG_UWB_TX_CH5
DBG_TX_WAKE_CLAIM_SENT
DBG_UWB_TX_CH5
DBG_TX_WAKE_CLAIM_SENT
DBG_UWB_TX_CH5
DBG_TX_WAKE_CLAIM_SENT
DBG_UWB_TX_CH5
DBG_TX_WAKE_CLAIM_SENT
DBG_UWB_TX_CH5
DBG_TX_WAKE_CLAIM_SENT
DBG_UWB_TX_CH5
DBG_TX_WAKE_CLAIM_SENT
DBG_UWB_TX_CH5
DBG_TX_WAKE_CLAIM_SENT
DBG_UWB_TX_CH5
DBG_TX_WAKE_CLAIM_SENT
DBG_DWM_INVALIDATE tag=configure_radio_from_reset active_phy=2 configured=1 awake=1
DBG_DWM_MARK_UNCONFIGURED tag=initialise_radio prev_phy=0
DBG_C5_CONTROL_FOLLOWUP_TURNAROUND delay=60 msg=40 reason=node-comm-bounded-control-flood
DBG_DWM_INVALIDATE tag=configure_radio_from_reset active_phy=2 configured=1 awake=0
DBG_DWM_MARK_UNCONFIGURED tag=initialise_radio prev_phy=0
DBG_DWM_INVALIDATE tag=configure_radio_from_reset active_phy=2 configured=1 awake=0
DBG_DWM_MARK_UNCONFIGURED tag=initialise_radio prev_phy=0
DBG_DWM_WAKE_MESH_CTRL_OK sfd=4073
DBG_C5_TX_CONFIG ret=0 ext=1 len=136 msg=40 reason=bounded-c5-flood
DBG_UWB_TX_CH5
DBG_NC o=0000000000000004 g=00000004 w=00 e=00000022 s=00000005 q=0004>0005 r=00000000 f=00000001 t=00000000 p=00000000 a=00
DBG_NC o=0000000000000004 g=00000004 w=00 e=00000042 s=00000005 q=0005>0006 r=00000000 f=00000001 t=00000000 p=00000000 a=00
DBG_NODE_COMM_ATTEMPT handle=4 profile=0 attempt=1 ret=0 rf=1 scheduled=0 state=0
DBG_GATEWAY_RX_START reason=gateway mesh restart active=1 qrx=0 qtx=0 adv_due=0
DBG_ENUM_RF_BEGIN kind=1 handle=4 attempt=1 tries=1
DBG_STACK_RUN_BEGIN epoch=3702076350579771916 run=28 kind=ble_backpressure owner=system_workqueue queue=1 custody=1 credit=0 retry=0 drain=1 src=11068027678940948070 dst=11068027678940948070 session=48234531 seq=35 type=86 sequence=0 previous=0 uptime=1872424
DBG_STACK_SAMPLE_BEGIN epoch=3702076350579771916 run=28 sample=28 kind=ble_backpressure owner=system_workqueue queue=1 custody=1 credit=0 retry=0 drain=1 src=11068027678940948070 dst=11068027678940948070 session=48234531 seq=35 type=86 uptime=1872424
DBG_STACK_ISR_CONFIG size=8192 run=28 sample=28
DBG_STACK name=BT RX WQ tid=0x2000fe28 used=760 free=776 size=1536 ret=0 run=28 sample=28
DBG_STACK name=mesh_route tid=0x2000d560 used=5888 free=2304 size=8192 ret=0 run=28 sample=28
DBG_STACK name=sysworkq tid=0x20010d80 used=2408 free=2072 size=4480 ret=0 run=28 sample=28
DBG_STACK name=MPSL Work tid=0x20010b38 used=440 free=584 size=1024 ret=0 run=28 sample=28
DBG_STACK name=logging tid=0x2000f930 used=480 free=1568 size=2048 ret=0 run=28 sample=28
DBG_STACK name=idle tid=0x20010c10 used=64 free=256 size=320 ret=0 run=28 sample=28
DBG_STACK_SAMPLE_END run=28 sample=28
DBG_STACK_RUN_END epoch=3702076350579771916 run=28 kind=ble_backpressure owner=system_workqueue outcome=ack queue=1 custody=0 credit=1 retry=0 drain=1 src=11068027678940948070 dst=11068027678940948070 session=48234531 seq=35 type=86 samples=1 sequence=0 previous=0 uptime=1872450
DBG_GATEWAY_CH9_RX_CONT_ARM now=1872452 rem=500 frames=0 errors=0
DBG_CONTROL_RX_HANDOFF_READY abort=0
DBG_COORD state=idle owner=c5-flood reason=idle rx=0 tx=0 relay=0 route=0 ack=0 qack=0
DBG_DWM_INVALIDATE tag=configure_radio_from_reset active_phy=3 configured=1 awake=1
DBG_DWM_MARK_UNCONFIGURED tag=initialise_radio prev_phy=0
DBG_DWM_INVALIDATE tag=configure_radio_from_reset active_phy=2 configured=1 awake=0
DBG_DWM_MARK_UNCONFIGURED tag=initialise_radio prev_phy=0
DBG_DWM_WAKE_MESH_CTRL_OK sfd=4073
DBG_C5_TX_CONFIG ret=0 ext=1 len=136 msg=40 reason=bounded-c5-flood
DBG_UWB_TX_CH5
DBG_NC o=0000000000000004 g=00000004 w=00 e=00000022 s=00000005 q=0004>0005 r=00000000 f=00000001 t=00000000 p=00000000 a=00
DBG_NC o=0000000000000004 g=00000004 w=00 e=00000042 s=00000005 q=0005>0006 r=00000000 f=00000001 t=00000000 p=00000000 a=00
DBG_NODE_COMM_ATTEMPT handle=4 profile=0 attempt=2 ret=0 rf=1 scheduled=0 state=0
DBG_GATEWAY_RX_START reason=gateway mesh restart active=1 qrx=0 qtx=0 adv_due=0
DBG_COORD state=gateway-rx owner=uwb-rx reason=gateway-rx rx=0 tx=0 relay=0 route=0 ack=0 qack=0
DBG_DWM_INVALIDATE tag=configure_radio_from_reset active_phy=4 configured=1 awake=1
DBG_DWM_MARK_UNCONFIGURED tag=initialise_radio prev_phy=0
DBG_GATEWAY_CH9_RX_CONT_ARM now=1872547 rem=500 frames=0 errors=0
DBG_GATEWAY_CH9_RX_CONT_RESULT start=1872547 end=1872558 ret=-140 fail=0 status=0x02000000 len=0 frames=0
DBG_GATEWAY_CH9_RX_COMMAND_PREEMPT now=1872559 rem=500 frames=0
DBG_GATEWAY_CH9_RX_CONT_DONE ret=-140 len=0 fail=0 recover=0
DBG_NC o=0000000000000004 g=00000004 w=00 e=00000023 s=00000005 q=0006>0004 r=00000000 f=00000024 t=00000000 p=00000000 a=00
DBG_NODE_COMM_TX_BEGIN handle=4 profile=0 msg=64 dst=0x0 seq=4
DBG_CONTROL_RX_HANDOFF_READY abort=0
DBG_COORD state=idle owner=c5-flood reason=idle rx=0 tx=0 relay=0 route=0 ack=0 qack=0
DBG_DWM_INVALIDATE tag=configure_radio_from_reset active_phy=3 configured=1 awake=1
DBG_DWM_MARK_UNCONFIGURED tag=initialise_radio prev_phy=0
DBG_DWM_INVALIDATE tag=configure_radio_from_reset active_phy=2 configured=1 awake=0
DBG_DWM_MARK_UNCONFIGURED tag=initialise_radio prev_phy=0
DBG_DWM_WAKE_MESH_CTRL_OK sfd=4073
DBG_C5_TX_CONFIG ret=0 ext=1 len=136 msg=40 reason=bounded-c5-flood
DBG_UWB_TX_CH5
DBG_NC o=0000000000000004 g=00000004 w=00 e=00000022 s=00000005 q=0004>0005 r=00000000 f=00000001 t=00000000 p=00000000 a=00
DBG_NC o=0000000000000004 g=00000004 w=00 e=00000042 s=00000005 q=0005>0006 r=00000000 f=00000001 t=00000000 p=00000000 a=00
DBG_NODE_COMM_ATTEMPT handle=4 profile=0 attempt=3 ret=0 rf=1 scheduled=0 state=0
DBG_GATEWAY_RX_START reason=gateway mesh restart active=1 qrx=0 qtx=0 adv_due=0
DBG_COORD state=gateway-rx owner=uwb-rx reason=gateway-rx rx=0 tx=0 relay=0 route=0 ack=0 qack=0
DBG_DWM_INVALIDATE tag=configure_radio_from_reset active_phy=4 configured=1 awake=1
DBG_DWM_MARK_UNCONFIGURED tag=initialise_radio prev_phy=0
DBG_GATEWAY_CH9_RX_CONT_ARM now=1872643 rem=500 frames=0 errors=0
DBG_GATEWAY_CH9_RX_CONT_RESULT start=1872643 end=1872655 ret=-140 fail=0 status=0x02000000 len=0 frames=0
DBG_GATEWAY_CH9_RX_COMMAND_PREEMPT now=1872656 rem=500 frames=0
DBG_GATEWAY_CH9_RX_CONT_DONE ret=-140 len=0 fail=0 recover=0
DBG_NC o=0000000000000004 g=00000004 w=00 e=00000023 s=00000005 q=0006>0004 r=00000000 f=00000024 t=00000000 p=00000000 a=00
DBG_NODE_COMM_TX_BEGIN handle=4 profile=0 msg=64 dst=0x0 seq=4
DBG_CONTROL_RX_HANDOFF_READY abort=0
DBG_COORD state=idle owner=c5-flood reason=idle rx=0 tx=0 relay=0 route=0 ack=0 qack=0
DBG_DWM_INVALIDATE tag=configure_radio_from_reset active_phy=3 configured=1 awake=1
DBG_DWM_MARK_UNCONFIGURED tag=initialise_radio prev_phy=0
DBG_DWM_INVALIDATE tag=configure_radio_from_reset active_phy=2 configured=1 awake=0
DBG_DWM_MARK_UNCONFIGURED tag=initialise_radio prev_phy=0
DBG_DWM_WAKE_MESH_CTRL_OK sfd=4073
DBG_C5_TX_CONFIG ret=0 ext=1 len=136 msg=40 reason=bounded-c5-flood
DBG_UWB_TX_CH5
DBG_NC o=0000000000000004 g=00000004 w=00 e=00000022 s=00000005 q=0004>0005 r=00000000 f=00000001 t=00000000 p=00000000 a=00
DBG_NC o=0000000000000004 g=00000004 w=00 e=00000041 s=00000005 q=0005>0008 r=00000000 f=00000026 t=00000000 p=00000001 a=04
DBG_NODE_COMM_ATTEMPT handle=4 profile=0 attempt=4 ret=0 rf=1 scheduled=0 state=0
DBG_GATEWAY_RX_START reason=gateway mesh restart active=1 qrx=0 qtx=0 adv_due=0
DBG_ENUM_RF_RESULT kind=1 handle=4 success=1 reason=0 tries=4
DBG_ENUM_COMPACT_GATEWAY_SCHEDULE now=1872714 start=1874696 deadline=1875821 wait=3107
DBG_GATEWAY_RX_START reason=compact-enumeration active=1 qrx=0 qtx=0 adv_due=0
DBG_COORD state=gateway-rx owner=uwb-rx reason=gateway-rx rx=0 tx=0 relay=0 route=0 ack=0 qack=0
DBG_DWM_INVALIDATE tag=configure_radio_from_reset active_phy=4 configured=1 awake=1
DBG_DWM_MARK_UNCONFIGURED tag=initialise_radio prev_phy=0
DBG_GATEWAY_CH9_RX_CONT_ARM now=1872740 rem=500 frames=0 errors=0
DBG_GATEWAY_CH9_RX_CONT_RESULT start=1872740 end=1873241 ret=-116 fail=0 status=0x02000000 len=0 frames=0
DBG_GATEWAY_CH9_RX_CONT_ARM now=1873243 rem=500 frames=0 errors=0
DBG_GATEWAY_CH9_RX_CONT_RESULT start=1873243 end=1873744 ret=-116 fail=0 status=0x00000000 len=0 frames=0
DBG_GATEWAY_CH9_RX_CONT_ARM now=1873746 rem=500 frames=0 errors=0
DBG_GATEWAY_CH9_RX_CONT_RESULT start=1873746 end=1874247 ret=-116 fail=0 status=0x00000000 len=0 frames=0
DBG_GATEWAY_CH9_RX_CONT_ARM now=1874249 rem=500 frames=0 errors=0
DBG_GATEWAY_CH9_RX_CONT_RESULT start=1874249 end=1874750 ret=-116 fail=0 status=0x00000000 len=0 frames=0
DBG_DWM_INVALIDATE tag=configure_radio_from_reset active_phy=3 configured=1 awake=1
DBG_DWM_MARK_UNCONFIGURED tag=initialise_radio prev_phy=0
DBG_DWM_WAKE_MESH_CTRL_OK sfd=4073
DBG_ENUM_COMPACT_GATEWAY_BEGIN now=1874773 first_window=19 ret=0
DBG_ENUM_COMPACT_RECORD epoch=48234528 anchor=0x708bc0aab970300e hop=1 via=0x708bc0aab970300e responders=1
DBG_ENUM_COMPACT_DEPTH_WAIT observed_hop=1 through_hop=2 deadline=1876946
DBG_STACK_RUN_BEGIN epoch=3702076350579771916 run=29 kind=ble_backpressure owner=system_workqueue queue=1 custody=1 credit=0 retry=0 drain=1 src=11068027678940948070 dst=11068027678940948070 session=48234532 seq=36 type=86 sequence=0 previous=0 uptime=1874835
DBG_STACK_SAMPLE_BEGIN epoch=3702076350579771916 run=29 sample=29 kind=ble_backpressure owner=system_workqueue queue=1 custody=1 credit=0 retry=0 drain=1 src=11068027678940948070 dst=11068027678940948070 session=48234532 seq=36 type=86 uptime=1874835
DBG_STACK_ISR_CONFIG size=8192 run=29 sample=29
DBG_STACK name=BT RX WQ tid=0x2000fe28 used=760 free=776 size=1536 ret=0 run=29 sample=29
DBG_STACK name=mesh_route tid=0x2000d560 used=5888 free=2304 size=8192 ret=0 run=29 sample=29
DBG_STACK name=sysworkq tid=0x20010d80 used=2408 free=2072 size=4480 ret=0 run=29 sample=29
DBG_STACK name=MPSL Work tid=0x20010b38 used=440 free=584 size=1024 ret=0 run=29 sample=29
DBG_STACK name=logging tid=0x2000f930 used=480 free=1568 size=2048 ret=0 run=29 sample=29
DBG_STACK name=idle tid=0x20010c10 used=64 free=256 size=320 ret=0 run=29 sample=29
DBG_STACK_SAMPLE_END run=29 sample=29
DBG_STACK_RUN_END epoch=3702076350579771916 run=29 kind=ble_backpressure owner=system_workqueue outcome=ack queue=2 custody=0 credit=1 retry=0 drain=2 src=11068027678940948070 dst=11068027678940948070 session=48234532 seq=36 type=86 samples=1 sequence=0 previous=0 uptime=1874864
DBG_ENUM_COMPACT_GATEWAY_ACK_TX epoch=48234528 child=0x56da25fe4af6d141 seq=0 remaining=11 ret=0
DBG_ENUM_COMPACT_GATEWAY_RX epoch=48234528 child=0x56da25fe4af6d141 seq=0 records=1 ret=0
DBG_ENUM_COMPACT_RECORD epoch=48234528 anchor=0x191a9619c6c8cb07 hop=1 via=0x191a9619c6c8cb07 responders=3
DBG_ENUM_COMPACT_QUIET max_hop=1 deadline=1875059
DBG_STACK_RUN_BEGIN epoch=3702076350579771916 run=30 kind=ble_backpressure owner=system_workqueue queue=2 custody=2 credit=0 retry=0 drain=2 src=11068027678940948070 dst=11068027678940948070 session=48234533 seq=37 type=86 sequence=0 previous=0 uptime=1874916
DBG_STACK_SAMPLE_BEGIN epoch=3702076350579771916 run=30 sample=30 kind=ble_backpressure owner=system_workqueue queue=2 custody=2 credit=0 retry=0 drain=2 src=11068027678940948070 dst=11068027678940948070 session=48234533 seq=37 type=86 uptime=1874916
DBG_STACK_ISR_CONFIG size=8192 run=30 sample=30
DBG_STACK name=BT RX WQ tid=0x2000fe28 used=760 free=776 size=1536 ret=0 run=30 sample=30
DBG_STACK name=mesh_route tid=0x2000d560 used=5888 free=2304 size=8192 ret=0 run=30 sample=30
DBG_STACK name=sysworkq tid=0x20010d80 used=2408 free=2072 size=4480 ret=0 run=30 sample=30
DBG_STACK name=MPSL Work tid=0x20010b38 used=440 free=584 size=1024 ret=0 run=30 sample=30
DBG_STACK name=logging tid=0x2000f930 used=480 free=1568 size=2048 ret=0 run=30 sample=30
DBG_STACK name=idle tid=0x20010c10 used=64 free=256 size=320 ret=0 run=30 sample=30
DBG_STACK_SAMPLE_END run=30 sample=30
DBG_STACK_RUN_END epoch=3702076350579771916 run=30 kind=ble_backpressure owner=system_workqueue outcome=ack queue=2 custody=0 credit=1 retry=0 drain=2 src=11068027678940948070 dst=11068027678940948070 session=48234533 seq=37 type=86 samples=1 sequence=0 previous=0 uptime=1874938
DBG_STACK_RUN_BEGIN epoch=3702076350579771916 run=31 kind=ble_backpressure owner=system_workqueue queue=1 custody=1 credit=0 retry=0 drain=1 src=11068027678940948070 dst=11068027678940948070 session=48234534 seq=38 type=86 sequence=0 previous=0 uptime=1875006
DBG_STACK_SAMPLE_BEGIN epoch=3702076350579771916 run=31 sample=31 kind=ble_backpressure owner=system_workqueue queue=1 custody=1 credit=0 retry=0 drain=1 src=11068027678940948070 dst=11068027678940948070 session=48234534 seq=38 type=86 uptime=1875006
DBG_STACK_ISR_CONFIG size=8192 run=31 sample=31
DBG_STACK name=BT RX WQ tid=0x2000fe28 used=760 free=776 size=1536 ret=0 run=31 sample=31
DBG_STACK name=mesh_route tid=0x2000d560 used=5888 free=2304 size=8192 ret=0 run=31 sample=31
DBG_STACK name=sysworkq tid=0x20010d80 used=2408 free=2072 size=4480 ret=0 run=31 sample=31
DBG_STACK name=MPSL Work tid=0x20010b38 used=440 free=584 size=1024 ret=0 run=31 sample=31
DBG_STACK name=logging tid=0x2000f930 used=480 free=1568 size=2048 ret=0 run=31 sample=31
DBG_STACK name=idle tid=0x20010c10 used=64 free=256 size=320 ret=0 run=31 sample=31
DBG_STACK_SAMPLE_END run=31 sample=31
DBG_STACK_RUN_END epoch=3702076350579771916 run=31 kind=ble_backpressure owner=system_workqueue outcome=ack queue=1 custody=0 credit=1 retry=0 drain=1 src=11068027678940948070 dst=11068027678940948070 session=48234534 seq=38 type=86 samples=1 sequence=0 previous=0 uptime=1875021
DBG_ENUM_COMPACT_GATEWAY_END now=1875072 timeouts=12 raw=0 bundles=3 errors=0 ret=0
DBG_GATEWAY_COMMAND_PRIORITY_SUBMIT ret=0 now=1875073
DBG_DWM_INVALIDATE tag=configure_radio_from_reset active_phy=4 configured=1 awake=1
DBG_DWM_MARK_UNCONFIGURED tag=initialise_radio prev_phy=0
DBG_GATEWAY_CH9_RX_CONT_ARM now=1875096 rem=500 frames=0 errors=0
DBG_GATEWAY_CH9_RX_CONT_RESULT start=1875096 end=1875097 ret=-140 fail=0 status=0x02000000 len=0 frames=0
DBG_GATEWAY_CH9_RX_COMMAND_PREEMPT now=1875098 rem=500 frames=0
DBG_GATEWAY_CH9_RX_CONT_DONE ret=-140 len=0 fail=0 recover=0
DBG_NC o=0000000000000005 g=00000005 w=00 e=0000003c s=00000005 q=0000>0004 r=00000000 f=00000024 t=00000000 p=00000000 a=00
DBG_NODE_COMM_SUBMIT handle=5 profile=6 token=17039365 deadline=1885101
DBG_ENUM_FLOOD kind=2 handle=5
DBG_ENUM_TABLE_TX epoch=48234528 count=3 round=1 ret=0
DBG_NODE_COMM_TX_BEGIN handle=5 profile=6 msg=64 dst=0x0 seq=5
DBG_CONTROL_RX_HANDOFF_READY abort=0
DBG_COORD state=idle owner=c5-flood reason=idle rx=0 tx=0 relay=0 route=0 ack=0 qack=0
DBG_DWM_INVALIDATE tag=configure_radio_from_reset active_phy=3 configured=1 awake=1
DBG_DWM_MARK_UNCONFIGURED tag=initialise_radio prev_phy=0
DBG_DWM_INVALIDATE tag=configure_radio_from_reset active_phy=2 configured=1 awake=0
DBG_DWM_MARK_UNCONFIGURED tag=initialise_radio prev_phy=0
DBG_DWM_WAKE_MESH_CTRL_OK sfd=4073
DBG_C5_TX_CONFIG ret=0 ext=1 len=187 msg=40 reason=bounded-c5-flood
DBG_UWB_TX_CH5
DBG_NC o=0000000000000005 g=00000005 w=00 e=00000022 s=00000005 q=0004>0005 r=00000000 f=00000001 t=00000000 p=00000000 a=00
DBG_NC o=0000000000000005 g=00000005 w=00 e=00000041 s=00000005 q=0005>0008 r=00000000 f=00000026 t=00000000 p=00000001 a=01
DBG_NODE_COMM_ATTEMPT handle=5 profile=6 attempt=1 ret=0 rf=1 scheduled=0 state=0
DBG_GATEWAY_RX_START reason=gateway mesh restart active=1 qrx=0 qtx=0 adv_due=0
DBG_ENUM_RF_RESULT kind=2 handle=5 success=1 reason=0 tries=1
DBG_COORD state=gateway-rx owner=uwb-rx reason=gateway-rx rx=0 tx=0 relay=0 route=0 ack=0 qack=0
DBG_DWM_INVALIDATE tag=configure_radio_from_reset active_phy=4 configured=1 awake=1
DBG_DWM_MARK_UNCONFIGURED tag=initialise_radio prev_phy=0
DBG_GATEWAY_CH9_RX_CONT_ARM now=1875185 rem=500 frames=0 errors=0
DBG_GATEWAY_CH9_RX_CONT_RESULT start=1875185 end=1875686 ret=-116 fail=0 status=0x02000000 len=0 frames=0
DBG_GATEWAY_CH9_RX_CONT_ARM now=1875688 rem=500 frames=0 errors=0
DBG_GATEWAY_CH9_RX_CONT_RESULT start=1875688 end=1876189 ret=-116 fail=0 status=0x00000000 len=0 frames=0
DBG_NC o=0000000000000006 g=00000006 w=00 e=0000003c s=00000005 q=0000>0004 r=00000000 f=00000024 t=00000000 p=00000000 a=00
DBG_NODE_COMM_SUBMIT handle=6 profile=6 token=17039366 deadline=1886190
DBG_ENUM_FLOOD kind=3 handle=6
DBG_ENUM_END_TX epoch=48234528 table_seq=48234535 ret=0
DBG_NODE_COMM_TX_BEGIN handle=6 profile=6 msg=64 dst=0x0 seq=6
DBG_CONTROL_RX_HANDOFF_READY abort=0
DBG_COORD state=idle owner=c5-flood reason=idle rx=0 tx=0 relay=0 route=0 ack=0 qack=0
DBG_DWM_INVALIDATE tag=configure_radio_from_reset active_phy=3 configured=1 awake=1
DBG_DWM_MARK_UNCONFIGURED tag=initialise_radio prev_phy=0
DBG_DWM_INVALIDATE tag=configure_radio_from_reset active_phy=2 configured=1 awake=0
DBG_DWM_MARK_UNCONFIGURED tag=initialise_radio prev_phy=0
DBG_DWM_WAKE_MESH_CTRL_OK sfd=4073
DBG_C5_TX_CONFIG ret=0 ext=1 len=169 msg=40 reason=bounded-c5-flood
DBG_UWB_TX_CH5
DBG_NC o=0000000000000006 g=00000006 w=00 e=00000022 s=00000005 q=0004>0005 r=00000000 f=00000001 t=00000000 p=00000000 a=00
DBG_NC o=0000000000000006 g=00000006 w=00 e=00000041 s=00000005 q=0005>0008 r=00000000 f=00000026 t=00000000 p=00000001 a=01
DBG_NODE_COMM_ATTEMPT handle=6 profile=6 attempt=1 ret=0 rf=1 scheduled=0 state=0
DBG_GATEWAY_RX_START reason=gateway mesh restart active=1 qrx=0 qtx=0 adv_due=0
DBG_ENUM_RF_RESULT kind=3 handle=6 success=1 reason=0 tries=1
DBG_COORD state=gateway-rx owner=uwb-rx reason=gateway-rx rx=0 tx=0 relay=0 route=0 ack=0 qack=0
DBG_DWM_INVALIDATE tag=configure_radio_from_reset active_phy=4 configured=1 awake=1
DBG_DWM_MARK_UNCONFIGURED tag=initialise_radio prev_phy=0
DBG_GATEWAY_CH9_RX_CONT_ARM now=1876275 rem=500 frames=0 errors=0
DBG_GATEWAY_CH9_RX_CONT_RESULT start=1876275 end=1876776 ret=-116 fail=0 status=0x02000000 len=0 frames=0
DBG_GATEWAY_CH9_RX_CONT_ARM now=1876778 rem=500 frames=0 errors=0
DBG_GATEWAY_CH9_RX_CONT_RESULT start=1876778 end=1877279 ret=-116 fail=0 status=0x00000000 len=0 frames=0
DBG_GATEWAY_COMMAND_PRIORITY_SUBMIT ret=0 now=1877280
DBG_GATEWAY_CH9_RX_CONT_ARM now=1877281 rem=500 frames=0 errors=0
DBG_GATEWAY_CH9_RX_CONT_RESULT start=1877281 end=1877282 ret=-140 fail=0 status=0x00000000 len=0 frames=0
DBG_GATEWAY_CH9_RX_COMMAND_PREEMPT now=1877283 rem=500 frames=0
DBG_GATEWAY_CH9_RX_CONT_DONE ret=-140 len=0 fail=0 recover=0
DBG_STACK_RUN_BEGIN epoch=3702076350579771916 run=32 kind=ble_backpressure owner=system_workqueue queue=2 custody=2 credit=0 retry=0 drain=2 src=11068027678940948070 dst=11068027678940948070 session=48234539 seq=43 type=86 sequence=0 previous=0 uptime=1877284
DBG_STACK_SAMPLE_BEGIN epoch=3702076350579771916 run=32 sample=32 kind=ble_backpressure owner=system_workqueue queue=2 custody=2 credit=0 retry=0 drain=2 src=11068027678940948070 dst=11068027678940948070 session=48234539 seq=43 type=86 uptime=1877284
DBG_STACK_ISR_CONFIG size=8192 run=32 sample=32
DBG_STACK name=BT RX WQ tid=0x2000fe28 used=760 free=776 size=1536 ret=0 run=32 sample=32
DBG_STACK name=mesh_route tid=0x2000d560 used=5888 free=2304 size=8192 ret=0 run=32 sample=32
DBG_STACK name=sysworkq tid=0x20010d80 used=2408 free=2072 size=4480 ret=0 run=32 sample=32
DBG_STACK name=MPSL Work tid=0x20010b38 used=440 free=584 size=1024 ret=0 run=32 sample=32
DBG_STACK name=logging tid=0x2000f930 used=480 free=1568 size=2048 ret=0 run=32 sample=32
DBG_STACK name=idle tid=0x20010c10 used=64 free=256 size=320 ret=0 run=32 sample=32
DBG_STACK_SAMPLE_END run=32 sample=32
DBG_STACK_RUN_END epoch=3702076350579771916 run=32 kind=ble_backpressure owner=system_workqueue outcome=ack queue=2 custody=0 credit=1 retry=0 drain=2 src=11068027678940948070 dst=11068027678940948070 session=48234539 seq=43 type=86 samples=1 sequence=0 previous=0 uptime=1877307
DBG_STACK_RUN_BEGIN epoch=3702076350579771916 run=33 kind=ble_backpressure owner=system_workqueue queue=2 custody=2 credit=0 retry=0 drain=2 src=11068027678940948070 dst=11068027678940948070 session=3225844818 seq=31826 type=65 sequence=0 previous=0 uptime=1877391
DBG_STACK_SAMPLE_BEGIN epoch=3702076350579771916 run=33 sample=33 kind=ble_backpressure owner=system_workqueue queue=2 custody=2 credit=0 retry=0 drain=2 src=11068027678940948070 dst=11068027678940948070 session=3225844818 seq=31826 type=65 uptime=1877391
DBG_STACK_ISR_CONFIG size=8192 run=33 sample=33
DBG_STACK name=BT RX WQ tid=0x2000fe28 used=760 free=776 size=1536 ret=0 run=33 sample=33
DBG_STACK name=mesh_route tid=0x2000d560 used=5888 free=2304 size=8192 ret=0 run=33 sample=33
DBG_STACK name=sysworkq tid=0x20010d80 used=2408 free=2072 size=4480 ret=0 run=33 sample=33
DBG_STACK name=MPSL Work tid=0x20010b38 used=440 free=584 size=1024 ret=0 run=33 sample=33
DBG_STACK name=logging tid=0x2000f930 used=480 free=1568 size=2048 ret=0 run=33 sample=33
DBG_STACK name=idle tid=0x20010c10 used=64 free=256 size=320 ret=0 run=33 sample=33
DBG_STACK_SAMPLE_END run=33 sample=33
DBG_STACK_RUN_END epoch=3702076350579771916 run=33 kind=ble_backpressure owner=system_workqueue outcome=ack queue=2 custody=0 credit=1 retry=0 drain=2 src=11068027678940948070 dst=11068027678940948070 session=3225844818 seq=31826 type=65 samples=1 sequence=0 previous=0 uptime=1877409
DBG_STACK_RUN_BEGIN epoch=3702076350579771916 run=34 kind=ble_backpressure owner=system_workqueue queue=1 custody=1 credit=0 retry=0 drain=1 src=11068027678940948070 dst=11068027678940948070 session=48234540 seq=44 type=86 sequence=0 previous=0 uptime=1877480
DBG_STACK_SAMPLE_BEGIN epoch=3702076350579771916 run=34 sample=34 kind=ble_backpressure owner=system_workqueue queue=1 custody=1 credit=0 retry=0 drain=1 src=11068027678940948070 dst=11068027678940948070 session=48234540 seq=44 type=86 uptime=1877481
DBG_STACK_ISR_CONFIG size=8192 run=34 sample=34
DBG_STACK name=BT RX WQ tid=0x2000fe28 used=760 free=776 size=1536 ret=0 run=34 sample=34
DBG_STACK name=mesh_route tid=0x2000d560 used=5888 free=2304 size=8192 ret=0 run=34 sample=34
DBG_STACK name=sysworkq tid=0x20010d80 used=2408 free=2072 size=4480 ret=0 run=34 sample=34
DBG_STACK name=MPSL Work tid=0x20010b38 used=440 free=584 size=1024 ret=0 run=34 sample=34
DBG_STACK name=logging tid=0x2000f930 used=480 free=1568 size=2048 ret=0 run=34 sample=34
DBG_STACK name=idle tid=0x20010c10 used=64 free=256 size=320 ret=0 run=34 sample=34
DBG_STACK_SAMPLE_END run=34 sample=34
DBG_STACK_RUN_END epoch=3702076350579771916 run=34 kind=ble_backpressure owner=system_workqueue outcome=ack queue=1 custody=0 credit=1 retry=0 drain=1 src=11068027678940948070 dst=11068027678940948070 session=48234540 seq=44 type=86 samples=1 sequence=0 previous=0 uptime=1877503
DBG_STACK_RUN_BEGIN epoch=3702076350579771916 run=35 kind=ble_backpressure owner=system_workqueue queue=1 custody=1 credit=0 retry=0 drain=1 src=11068027678940948070 dst=11068027678940948070 session=48234541 seq=45 type=86 sequence=0 previous=0 uptime=1877571
DBG_STACK_SAMPLE_BEGIN epoch=3702076350579771916 run=35 sample=35 kind=ble_backpressure owner=system_workqueue queue=1 custody=1 credit=0 retry=0 drain=1 src=11068027678940948070 dst=11068027678940948070 session=48234541 seq=45 type=86 uptime=1877571
DBG_STACK_ISR_CONFIG size=8192 run=35 sample=35
DBG_STACK name=BT RX WQ tid=0x2000fe28 used=760 free=776 size=1536 ret=0 run=35 sample=35
DBG_STACK name=mesh_route tid=0x2000d560 used=5888 free=2304 size=8192 ret=0 run=35 sample=35
DBG_STACK name=sysworkq tid=0x20010d80 used=2408 free=2072 size=4480 ret=0 run=35 sample=35
DBG_STACK name=MPSL Work tid=0x20010b38 used=440 free=584 size=1024 ret=0 run=35 sample=35
DBG_STACK name=logging tid=0x2000f930 used=480 free=1568 size=2048 ret=0 run=35 sample=35
DBG_STACK name=idle tid=0x20010c10 used=64 free=256 size=320 ret=0 run=35 sample=35
DBG_STACK_SAMPLE_END run=35 sample=35
DBG_STACK_RUN_END epoch=3702076350579771916 run=35 kind=ble_backpressure owner=system_workqueue outcome=ack queue=1 custody=0 credit=1 retry=0 drain=1 src=11068027678940948070 dst=11068027678940948070 session=48234541 seq=45 type=86 samples=1 sequence=0 previous=0 uptime=1877588
DBG_STACK_RUN_BEGIN epoch=3702076350579771916 run=36 kind=ble_backpressure owner=system_workqueue queue=1 custody=1 credit=0 retry=0 drain=1 src=11068027678940948070 dst=11068027678940948070 session=48234542 seq=46 type=86 sequence=0 previous=0 uptime=1877661
DBG_STACK_SAMPLE_BEGIN epoch=3702076350579771916 run=36 sample=36 kind=ble_backpressure owner=system_workqueue queue=1 custody=1 credit=0 retry=0 drain=1 src=11068027678940948070 dst=11068027678940948070 session=48234542 seq=46 type=86 uptime=1877661
DBG_STACK_ISR_CONFIG size=8192 run=36 sample=36
DBG_STACK name=BT RX WQ tid=0x2000fe28 used=760 free=776 size=1536 ret=0 run=36 sample=36
DBG_STACK name=mesh_route tid=0x2000d560 used=5888 free=2304 size=8192 ret=0 run=36 sample=36
DBG_STACK name=sysworkq tid=0x20010d80 used=2408 free=2072 size=4480 ret=0 run=36 sample=36
DBG_STACK name=MPSL Work tid=0x20010b38 used=440 free=584 size=1024 ret=0 run=36 sample=36
DBG_STACK name=logging tid=0x2000f930 used=480 free=1568 size=2048 ret=0 run=36 sample=36
DBG_STACK name=idle tid=0x20010c10 used=64 free=256 size=320 ret=0 run=36 sample=36
DBG_STACK_SAMPLE_END run=36 sample=36
DBG_STACK_RUN_END epoch=3702076350579771916 run=36 kind=ble_backpressure owner=system_workqueue outcome=ack queue=1 custody=0 credit=1 retry=0 drain=1 src=11068027678940948070 dst=11068027678940948070 session=48234542 seq=46 type=86 samples=1 sequence=0 previous=0 uptime=1877681
DBG_STACK_RUN_BEGIN epoch=3702076350579771916 run=37 kind=ble_backpressure owner=system_workqueue queue=1 custody=1 credit=0 retry=0 drain=1 src=11068027678940948070 dst=11068027678940948070 session=48234543 seq=47 type=86 sequence=0 previous=0 uptime=1877751
DBG_STACK_SAMPLE_BEGIN epoch=3702076350579771916 run=37 sample=37 kind=ble_backpressure owner=system_workqueue queue=1 custody=1 credit=0 retry=0 drain=1 src=11068027678940948070 dst=11068027678940948070 session=48234543 seq=47 type=86 uptime=1877751
DBG_STACK_ISR_CONFIG size=8192 run=37 sample=37
DBG_STACK name=BT RX WQ tid=0x2000fe28 used=760 free=776 size=1536 ret=0 run=37 sample=37
DBG_STACK name=mesh_route tid=0x2000d560 used=5888 free=2304 size=8192 ret=0 run=37 sample=37
DBG_STACK name=sysworkq tid=0x20010d80 used=2408 free=2072 size=4480 ret=0 run=37 sample=37
DBG_STACK name=MPSL Work tid=0x20010b38 used=440 free=584 size=1024 ret=0 run=37 sample=37
DBG_STACK name=logging tid=0x2000f930 used=480 free=1568 size=2048 ret=0 run=37 sample=37
DBG_STACK name=idle tid=0x20010c10 used=64 free=256 size=320 ret=0 run=37 sample=37
DBG_STACK_SAMPLE_END run=37 sample=37
DBG_STACK_RUN_END epoch=3702076350579771916 run=37 kind=ble_backpressure owner=system_workqueue outcome=ack queue=1 custody=0 credit=1 retry=0 drain=1 src=11068027678940948070 dst=11068027678940948070 session=48234543 seq=47 type=86 samples=1 sequence=0 previous=0 uptime=1877761
DBG_GATEWAY_CH9_RX_CONT_RESULT start=1877285 end=1877786 ret=-116 fail=0 status=0x00000000 len=0 frames=0
DBG_GATEWAY_CH9_RX_CONT_ARM now=1877788 rem=500 frames=0 errors=0
DBG_STACK_RUN_BEGIN epoch=3702076350579771916 run=38 kind=ble_backpressure owner=system_workqueue queue=1 custody=1 credit=0 retry=0 drain=1 src=11068027678940948070 dst=11068027678940948070 session=48234544 seq=48 type=86 sequence=0 previous=0 uptime=1877841
DBG_STACK_SAMPLE_BEGIN epoch=3702076350579771916 run=38 sample=38 kind=ble_backpressure owner=system_workqueue queue=1 custody=1 credit=0 retry=0 drain=1 src=11068027678940948070 dst=11068027678940948070 session=48234544 seq=48 type=86 uptime=1877841
DBG_STACK_ISR_CONFIG size=8192 run=38 sample=38
DBG_STACK name=BT RX WQ tid=0x2000fe28 used=760 free=776 size=1536 ret=0 run=38 sample=38
DBG_STACK name=mesh_route tid=0x2000d560 used=5888 free=2304 size=8192 ret=0 run=38 sample=38
DBG_STACK name=sysworkq tid=0x20010d80 used=2408 free=2072 size=4480 ret=0 run=38 sample=38
DBG_STACK name=MPSL Work tid=0x20010b38 used=440 free=584 size=1024 ret=0 run=38 sample=38
DBG_STACK name=logging tid=0x2000f930 used=480 free=1568 size=2048 ret=0 run=38 sample=38
DBG_STACK name=idle tid=0x20010c10 used=64 free=256 size=320 ret=0 run=38 sample=38
DBG_STACK_SAMPLE_END run=38 sample=38
DBG_STACK_RUN_END epoch=3702076350579771916 run=38 kind=ble_backpressure owner=system_workqueue outcome=ack queue=1 custody=0 credit=1 retry=0 drain=1 src=11068027678940948070 dst=11068027678940948070 session=48234544 seq=48 type=86 samples=1 sequence=0 previous=0 uptime=1877862
DBG_GATEWAY_CH9_RX_CONT_RESULT start=1877788 end=1878289 ret=-116 fail=0 status=0x00000000 len=0 frames=0
DBG_GATEWAY_CH9_RX_CONT_ARM now=1878294 rem=500 frames=0 errors=0
DBG_GATEWAY_CH9_RX_CONT_RESULT start=1878294 end=1878795 ret=-116 fail=0 status=0x00000000 len=0 frames=0
DBG_GATEWAY_CH9_RX_CONT_ARM now=1878797 rem=500 frames=0 errors=0
DBG_GATEWAY_CH9_RX_CONT_RESULT start=1878797 end=1879298 ret=-116 fail=0 status=0x00000000 len=0 frames=0
DBG_GATEWAY_CH9_RX_CONT_ARM now=1879300 rem=500 frames=0 errors=0
DBG_GATEWAY_CH9_RX_CONT_RESULT start=1879300 end=1879801 ret=-116 fail=0 status=0x00000000 len=0 frames=0
DBG_GATEWAY_CH9_RX_CONT_ARM now=1879803 rem=500 frames=0 errors=0
DBG_GATEWAY_BLE event=disconnected reason=19 uptime=1879819
DBG_GATEWAY_BLE event=recovery round=1 delay_ms=342 reason=disconnected uptime=1879819
DBG_GATEWAY_CH9_RX_CONT_RESULT start=1879803 end=1880304 ret=-116 fail=0 status=0x00000000 len=0 frames=0
DBG_GATEWAY_CH9_RX_CONT_ARM now=1880306 rem=500 frames=0 errors=0
DBG_GATEWAY_CH9_RX_CONT_RESULT start=1880306 end=1880807 ret=-116 fail=0 status=0x00000000 len=0 frames=0
DBG_GATEWAY_CH9_RX_CONT_ARM now=1880809 rem=500 frames=0 errors=0
