[34m0000593[0m [36mI[0m Target type is nrf52833 [2m[board][0m
[34m0000614[0m [36mI[0m Performing connect pre-reset [2m[coresight_target][0m
[34m0000866[0m [36mI[0m DAP is not accessible after reset; attempting reconnect [2m[dap][0m
[34m0000973[0m [36mI[0m DP IDR = 0x2ba01477 (v1 rev2) [2m[dap][0m
[34m0000981[0m [36mI[0m AHB-AP#0 IDR = 0x24770011 (AHB-AP var1 rev2) [2m[discovery][0m
[34m0000981[0m [36mI[0m AP#1 IDR = 0x02880000 (AP var0 rev0) [2m[discovery][0m
[34m0000982[0m [36mI[0m NRF52833 not in secure state [2m[target_nRF52][0m
[34m0000986[0m [36mI[0m AHB-AP#0 Class 0x1 ROM table #0 @ 0xe00ff000 (designer=244 part=00d) [2m[rom_table][0m
[34m0000989[0m [36mI[0m [0]<e000e000:SCS v7-M class=14 designer=43b:Arm part=00c> [2m[rom_table][0m
[34m0000991[0m [36mI[0m [1]<e0001000:DWT v7-M class=14 designer=43b:Arm part=002> [2m[rom_table][0m
[34m0000992[0m [36mI[0m [2]<e0002000:FPB v7-M class=14 designer=43b:Arm part=003> [2m[rom_table][0m
[34m0000994[0m [36mI[0m [3]<e0000000:ITM v7-M class=14 designer=43b:Arm part=001> [2m[rom_table][0m
[34m0000996[0m [36mI[0m [4]<e0040000:TPIU M4 class=9 designer=43b:Arm part=9a1 devtype=11 archid=0000 devid=ca1:0:0> [2m[rom_table][0m
[34m0000999[0m [36mI[0m [5]<e0041000:ETM M4 class=9 designer=43b:Arm part=925 devtype=13 archid=0000 devid=0:0:0> [2m[rom_table][0m
[34m0001002[0m [36mI[0m CPU core #0: Cortex-M4 r0p1, v7.0-M architecture [2m[cortex_m][0m
[34m0001002[0m [36mI[0m   Extensions: [DSP, FPU, FPU_V4, MPU] [2m[cortex_m][0m
[34m0001002[0m [36mI[0m   FPU present: FPv4-SP-D16-M [2m[cortex_m][0m
[34m0001005[0m [36mI[0m This appears to be an nRF52833 AA B0 [2m[target_nRF52][0m
[34m0001011[0m [36mI[0m 4 hardware watchpoints [2m[dwt][0m
[34m0001013[0m [36mI[0m 6 hardware breakpoints, 4 literal comparators [2m[fpb][0m
[34m0001032[0m [36mI[0m 3 up channels and 3 down channels found [2m[rtt_cmd][0m
[34m0001032[0m [36mI[0m Reading from up channel 0 ("Terminal") [2m[rtt_cmd][0m
[34m0001034[0m [36mI[0m Writing to down channel 0 ("Terminal") [2m[rtt_cmd][0m
DBG_STACK_BOOT preset=mesh_gateway build=imec-stack-v1:mesh_gateway:951c6e22de67cae0ee159049f7f60500cfb022e2b2067237f7f1b55d411f1192 epoch=17060499488525545313 uptime=2
mesh node identity: ficr=0xeefc9670907f2ef7 node=0x9999888877776666 preset=mesh_gateway
DBG_LED_SELFTEST_CH5_RX
DBG_DIRECT_GW_PROBE_BOOT resetreas=0x00000000 phase=none
DBG_NODE_COMM_BOOT stage=init ret=0 running=1 uptime=1010
DBG_GATEWAY_BOOT stage=ble_begin uptime=1019
DBG_GATEWAY_BLE stage=entry enabled=1 uptime=1019
DBG_GATEWAY_BLE stage=bt_enable ret=0 uptime=1024
DBG_GATEWAY_BLE stage=adv_start ret=0 active=1 quiet=0 uptime=1026
DBG_GATEWAY_BOOT stage=ble_done ret=0 uptime=1026
DBG_GATEWAY_BOOT stage=ch9_begin uptime=1026
DBG_GATEWAY_RX_START reason=gateway startup active=1 qrx=0 qtx=0 adv_due=0
DBG_GATEWAY_BOOT stage=ch9_done ret=0 uptime=1026
DBG_COORD state=gateway-rx owner=uwb-rx reason=gateway-rx rx=0 tx=0 relay=0 route=0 ack=0 qack=0
DBG_DWM_INVALIDATE tag=configure_radio_from_reset active_phy=0 configured=0 awake=0
DBG_GATEWAY_CH9_RX_CONT_RESULT start=8091 end=8592 ret=-116 fail=0 status=0x00000000 len=0 frames=0
DBG_GATEWAY_CH9_RX_CONT_ARM now=8594 rem=500 frames=0 errors=0
DBG_GATEWAY_CH9_RX_CONT_RESULT start=8594 end=9095 ret=-116 fail=0 status=0x00000000 len=0 frames=0
DBG_GATEWAY_CH9_RX_CONT_ARM now=9097 rem=500 frames=0 errors=0
DBG_GATEWAY_CH9_RX_CONT_RESULT start=9097 end=9598 ret=-116 fail=0 status=0x00000000 len=0 frames=0
DBG_GATEWAY_CH9_RX_CONT_ARM now=9600 rem=500 frames=0 errors=0
DBG_GATEWAY_CH9_RX_CONT_RESULT start=9600 end=10101 ret=-116 fail=0 status=0x00000000 len=0 frames=0
DBG_GATEWAY_CH9_RX_CONT_ARM now=10103 rem=500 frames=0 errors=0
DBG_GATEWAY_CH9_RX_CONT_RESULT start=10103 end=10604 ret=-116 fail=0 status=0x00000000 len=0 frames=0
DBG_GATEWAY_CH9_RX_CONT_ARM now=10606 rem=500 frames=0 errors=0
DBG_GATEWAY_CH9_RX_CONT_RESULT start=10606 end=11107 ret=-116 fail=0 status=0x00000000 len=0 frames=0
DBG_GATEWAY_CH9_RX_CONT_ARM now=11109 rem=500 frames=0 errors=0
DBG_GATEWAY_CH9_RX_CONT_RESULT start=11109 end=11610 ret=-116 fail=0 status=0x00000000 len=0 frames=0
DBG_GATEWAY_CH9_RX_CONT_ARM now=11612 rem=500 frames=0 errors=0
DBG_GATEWAY_CH9_RX_CONT_RESULT start=11612 end=12113 ret=-116 fail=0 status=0x00000000 len=0 frames=0
DBG_GATEWAY_CH9_RX_CONT_ARM now=12115 rem=500 frames=0 errors=0
DBG_GATEWAY_CH9_RX_CONT_RESULT start=12115 end=12616 ret=-116 fail=0 status=0x00000000 len=0 frames=0
DBG_GATEWAY_CH9_RX_CONT_ARM now=12618 rem=500 frames=0 errors=0
DBG_GATEWAY_CH9_RX_CONT_RESULT start=12618 end=13119 ret=-116 fail=0 status=0x00000000 len=0 frames=0
DBG_GATEWAY_CH9_RX_CONT_ARM now=13121 rem=500 frames=0 errors=0
DBG_GATEWAY_CH9_RX_CONT_RESULT start=13121 end=13622 ret=-116 fail=0 status=0x00000000 len=0 frames=0
DBG_GATEWAY_CH9_RX_CONT_ARM now=13624 rem=500 frames=0 errors=0
DBG_GATEWAY_CH9_RX_CONT_RESULT start=13624 end=14125 ret=-116 fail=0 status=0x00000000 len=0 frames=0
DBG_GATEWAY_CH9_RX_CONT_ARM now=14127 rem=500 frames=0 errors=0
DBG_GATEWAY_CH9_RX_CONT_RESULT start=14127 end=14628 ret=-116 fail=0 status=0x00000000 len=0 frames=0
DBG_GATEWAY_CH9_RX_CONT_ARM now=14630 rem=500 frames=0 errors=0
DBG_GATEWAY_CH9_RX_CONT_RESULT start=14630 end=15131 ret=-116 fail=0 status=0x00000000 len=0 frames=0
DBG_GATEWAY_CH9_RX_CONT_ARM now=15133 rem=500 frames=0 errors=0
DBG_GATEWAY_CH9_RX_CONT_RESULT start=15133 end=15634 ret=-116 fail=0 status=0x00000000 len=0 frames=0
DBG_GATEWAY_CH9_RX_CONT_ARM now=15636 rem=500 frames=0 errors=0
DBG_GATEWAY_CH9_RX_CONT_RESULT start=15636 end=16137 ret=-116 fail=0 status=0x00000000 len=0 frames=0
DBG_GATEWAY_CH9_RX_CONT_ARM now=16139 rem=500 frames=0 errors=0
DBG_GATEWAY_CH9_RX_CONT_RESULT start=16139 end=16640 ret=-116 fail=0 status=0x00000000 len=0 frames=0
DBG_GATEWAY_CH9_RX_CONT_ARM now=16642 rem=500 frames=0 errors=0
DBG_GATEWAY_CH9_RX_CONT_RESULT start=16642 end=17143 ret=-116 fail=0 status=0x00000000 len=0 frames=0
DBG_GATEWAY_CH9_RX_CONT_ARM now=17145 rem=500 frames=0 errors=0
DBG_GATEWAY_CH9_RX_CONT_RESULT start=17145 end=17646 ret=-116 fail=0 status=0x00000000 len=0 frames=0
DBG_GATEWAY_CH9_RX_CONT_ARM now=17648 rem=500 frames=0 errors=0
DBG_GATEWAY_CH9_RX_CONT_RESULT start=17648 end=18149 ret=-116 fail=0 status=0x00000000 len=0 frames=0
DBG_GATEWAY_CH9_RX_CONT_ARM now=18151 rem=500 frames=0 errors=0
DBG_GATEWAY_CH9_RX_CONT_RESULT start=18151 end=18652 ret=-116 fail=0 status=0x00000000 len=0 frames=0
DBG_GATEWAY_CH9_RX_CONT_ARM now=18654 rem=500 frames=0 errors=0
DBG_GATEWAY_CH9_RX_CONT_RESULT start=18654 end=19155 ret=-116 fail=0 status=0x00000000 len=0 frames=0
DBG_GATEWAY_CH9_RX_CONT_ARM now=19157 rem=500 frames=0 errors=0
DBG_GATEWAY_CH9_RX_CONT_RESULT start=19157 end=19658 ret=-116 fail=0 status=0x00000000 len=0 frames=0
DBG_GATEWAY_CH9_RX_CONT_ARM now=19660 rem=500 frames=0 errors=0
DBG_GATEWAY_CH9_RX_CONT_RESULT start=19660 end=20161 ret=-116 fail=0 status=0x00000000 len=0 frames=0
DBG_GATEWAY_CH9_RX_CONT_ARM now=20163 rem=500 frames=0 errors=0
DBG_GATEWAY_CH9_RX_CONT_RESULT start=20163 end=20664 ret=-116 fail=0 status=0x00000000 len=0 frames=0
DBG_GATEWAY_CH9_RX_CONT_ARM now=20666 rem=500 frames=0 errors=0
DBG_GATEWAY_CH9_RX_CONT_RESULT start=20666 end=21167 ret=-116 fail=0 status=0x00000000 len=0 frames=0
DBG_GATEWAY_CH9_RX_CONT_ARM now=21169 rem=500 frames=0 errors=0
DBG_GATEWAY_CH9_RX_CONT_RESULT start=21169 end=21670 ret=-116 fail=0 status=0x00000000 len=0 frames=0
DBG_GATEWAY_CH9_RX_CONT_ARM now=21672 rem=500 frames=0 errors=0
DBG_GATEWAY_CH9_RX_CONT_RESULT start=21672 end=22173 ret=-116 fail=0 status=0x00000000 len=0 frames=0
DBG_GATEWAY_CH9_RX_CONT_ARM now=22175 rem=500 frames=0 errors=0
DBG_GATEWAY_CH9_RX_CONT_RESULT start=22175 end=22676 ret=-116 fail=0 status=0x00000000 len=0 frames=0
DBG_GATEWAY_CH9_RX_CONT_ARM now=22678 rem=500 frames=0 errors=0
DBG_GATEWAY_CH9_RX_CONT_RESULT start=22678 end=23179 ret=-116 fail=0 status=0x00000000 len=0 frames=0
DBG_GATEWAY_CH9_RX_CONT_ARM now=23181 rem=500 frames=0 errors=0
DBG_GATEWAY_CH9_RX_CONT_RESULT start=23181 end=23682 ret=-116 fail=0 status=0x00000000 len=0 frames=0
DBG_GATEWAY_CH9_RX_CONT_ARM now=23684 rem=500 frames=0 errors=0
DBG_GATEWAY_CH9_RX_CONT_RESULT start=23684 end=24185 ret=-116 fail=0 status=0x00000000 len=0 frames=0
DBG_GATEWAY_CH9_RX_CONT_ARM now=24187 rem=500 frames=0 errors=0
DBG_GATEWAY_CH9_RX_CONT_RESULT start=24187 end=24688 ret=-116 fail=0 status=0x00000000 len=0 frames=0
DBG_GATEWAY_CH9_RX_CONT_ARM now=24690 rem=500 frames=0 errors=0
DBG_GATEWAY_CH9_RX_CONT_RESULT start=24690 end=25191 ret=-116 fail=0 status=0x00000000 len=0 frames=0
DBG_GATEWAY_CH9_RX_CONT_ARM now=25193 rem=500 frames=0 errors=0
DBG_GATEWAY_CH9_RX_CONT_RESULT start=25193 end=25694 ret=-116 fail=0 status=0x00000000 len=0 frames=0
DBG_GATEWAY_CH9_RX_CONT_ARM now=25696 rem=500 frames=0 errors=0
DBG_GATEWAY_CH9_RX_CONT_RESULT start=25696 end=26197 ret=-116 fail=0 status=0x00000000 len=0 frames=0
DBG_GATEWAY_CH9_RX_CONT_ARM now=26199 rem=500 frames=0 errors=0
DBG_GATEWAY_CH9_RX_CONT_RESULT start=26199 end=26700 ret=-116 fail=0 status=0x00000000 len=0 frames=0
DBG_GATEWAY_CH9_RX_CONT_ARM now=26702 rem=500 frames=0 errors=0
DBG_GATEWAY_CH9_RX_CONT_RESULT start=26702 end=27203 ret=-116 fail=0 status=0x00000000 len=0 frames=0
DBG_GATEWAY_CH9_RX_CONT_ARM now=27205 rem=500 frames=0 errors=0
DBG_GATEWAY_CH9_RX_CONT_RESULT start=27205 end=27706 ret=-116 fail=0 status=0x00000000 len=0 frames=0
DBG_GATEWAY_CH9_RX_CONT_ARM now=27708 rem=500 frames=0 errors=0
DBG_GATEWAY_CH9_RX_CONT_RESULT start=27708 end=28209 ret=-116 fail=0 status=0x00000000 len=0 frames=0
DBG_GATEWAY_CH9_RX_CONT_ARM now=28211 rem=500 frames=0 errors=0
DBG_GATEWAY_CH9_RX_CONT_RESULT start=28211 end=28712 ret=-116 fail=0 status=0x00000000 len=0 frames=0
DBG_GATEWAY_CH9_RX_CONT_ARM now=28714 rem=500 frames=0 errors=0
DBG_GATEWAY_CH9_RX_CONT_RESULT start=28714 end=29215 ret=-116 fail=0 status=0x00000000 len=0 frames=0
DBG_GATEWAY_CH9_RX_CONT_ARM now=29217 rem=500 frames=0 errors=0
DBG_GATEWAY_CH9_RX_CONT_RESULT start=29217 end=29718 ret=-116 fail=0 status=0x00000000 len=0 frames=0
DBG_GATEWAY_CH9_RX_CONT_ARM now=29720 rem=500 frames=0 errors=0
DBG_GATEWAY_CH9_RX_CONT_RESULT start=29720 end=30221 ret=-116 fail=0 status=0x00000000 len=0 frames=0
DBG_GATEWAY_CH9_RX_CONT_ARM now=30223 rem=500 frames=0 errors=0
DBG_GATEWAY_CH9_RX_CONT_RESULT start=30223 end=30724 ret=-116 fail=0 status=0x00000000 len=0 frames=0
DBG_GATEWAY_CH9_RX_CONT_ARM now=30726 rem=500 frames=0 errors=0
DBG_GATEWAY_CH9_RX_CONT_RESULT start=30726 end=31227 ret=-116 fail=0 status=0x00000000 len=0 frames=0
DBG_GATEWAY_CH9_RX_CONT_ARM now=31229 rem=500 frames=0 errors=0
DBG_GATEWAY_CH9_RX_CONT_RESULT start=31229 end=31730 ret=-116 fail=0 status=0x00000000 len=0 frames=0
DBG_GATEWAY_CH9_RX_CONT_ARM now=31732 rem=500 frames=0 errors=0
DBG_GATEWAY_CH9_RX_CONT_RESULT start=31732 end=32233 ret=-116 fail=0 status=0x00000000 len=0 frames=0
DBG_GATEWAY_CH9_RX_CONT_ARM now=32235 rem=500 frames=0 errors=0
DBG_GATEWAY_CH9_RX_CONT_RESULT start=32235 end=32736 ret=-116 fail=0 status=0x00000000 len=0 frames=0
DBG_GATEWAY_CH9_RX_CONT_ARM now=32738 rem=500 frames=0 errors=0
DBG_GATEWAY_CH9_RX_CONT_RESULT start=32738 end=33239 ret=-116 fail=0 status=0x00000000 len=0 frames=0
DBG_GATEWAY_CH9_RX_CONT_ARM now=33241 rem=500 frames=0 errors=0
DBG_GATEWAY_CH9_RX_CONT_RESULT start=33241 end=33742 ret=-116 fail=0 status=0x00000000 len=0 frames=0
DBG_GATEWAY_CH9_RX_CONT_ARM now=33744 rem=500 frames=0 errors=0
DBG_GATEWAY_CH9_RX_CONT_RESULT start=33744 end=34245 ret=-116 fail=0 status=0x00000000 len=0 frames=0
DBG_GATEWAY_CH9_RX_CONT_ARM now=34247 rem=500 frames=0 errors=0
DBG_GATEWAY_CH9_RX_CONT_RESULT start=34247 end=34748 ret=-116 fail=0 status=0x00000000 len=0 frames=0
DBG_GATEWAY_CH9_RX_CONT_ARM now=34750 rem=500 frames=0 errors=0
DBG_GATEWAY_CH9_RX_CONT_RESULT start=34750 end=35251 ret=-116 fail=0 status=0x00000000 len=0 frames=0
DBG_GATEWAY_CH9_RX_CONT_ARM now=35253 rem=500 frames=0 errors=0
DBG_GATEWAY_CH9_RX_CONT_RESULT start=35253 end=35754 ret=-116 fail=0 status=0x00000000 len=0 frames=0
DBG_GATEWAY_CH9_RX_CONT_ARM now=35756 rem=500 frames=0 errors=0
DBG_GATEWAY_CH9_RX_CONT_RESULT start=35756 end=36257 ret=-116 fail=0 status=0x00000000 len=0 frames=0
DBG_GATEWAY_CH9_RX_CONT_ARM now=36259 rem=500 frames=0 errors=0
DBG_GATEWAY_CH9_RX_CONT_RESULT start=36259 end=36760 ret=-116 fail=0 status=0x00000000 len=0 frames=0
DBG_GATEWAY_CH9_RX_CONT_ARM now=36762 rem=500 frames=0 errors=0
DBG_GATEWAY_CH9_RX_CONT_RESULT start=36762 end=37263 ret=-116 fail=0 status=0x00000000 len=0 frames=0
DBG_GATEWAY_CH9_RX_CONT_ARM now=37265 rem=500 frames=0 errors=0
DBG_GATEWAY_CH9_RX_CONT_RESULT start=37265 end=37766 ret=-116 fail=0 status=0x00000000 len=0 frames=0
DBG_GATEWAY_CH9_RX_CONT_ARM now=37768 rem=500 frames=0 errors=0
DBG_GATEWAY_CH9_RX_CONT_RESULT start=37768 end=38269 ret=-116 fail=0 status=0x00000000 len=0 frames=0
DBG_GATEWAY_CH9_RX_CONT_ARM now=38271 rem=500 frames=0 errors=0
DBG_GATEWAY_CH9_RX_CONT_RESULT start=38271 end=38772 ret=-116 fail=0 status=0x00000000 len=0 frames=0
DBG_GATEWAY_CH9_RX_CONT_ARM now=38774 rem=500 frames=0 errors=0
DBG_GATEWAY_CH9_RX_CONT_RESULT start=38774 end=39275 ret=-116 fail=0 status=0x00000000 len=0 frames=0
DBG_GATEWAY_CH9_RX_CONT_ARM now=39277 rem=500 frames=0 errors=0
DBG_GATEWAY_CH9_RX_CONT_RESULT start=39277 end=39778 ret=-116 fail=0 status=0x00000000 len=0 frames=0
DBG_GATEWAY_CH9_RX_CONT_ARM now=39780 rem=500 frames=0 errors=0
DBG_GATEWAY_BLE event=connected err=0 uptime=39828
DBG_GATEWAY_BLE event=param-request ret=0 interval=24-40 latency=0 timeout_ms=12000 uptime=39828
DBG_GATEWAY_CH9_RX_CONT_RESULT start=39780 end=40281 ret=-116 fail=0 status=0x00000000 len=0 frames=0
DBG_GATEWAY_CH9_RX_CONT_ARM now=40283 rem=500 frames=0 errors=0
DBG_GATEWAY_CH9_RX_CONT_RESULT start=40283 end=40784 ret=-116 fail=0 status=0x00000000 len=0 frames=0
DBG_GATEWAY_CH9_RX_CONT_ARM now=40786 rem=500 frames=0 errors=0
DBG_GATEWAY_CH9_RX_CONT_RESULT start=40786 end=41287 ret=-116 fail=0 status=0x00000000 len=0 frames=0
DBG_GATEWAY_CH9_RX_CONT_ARM now=41289 rem=500 frames=0 errors=0
DBG_GATEWAY_CH9_RX_CONT_RESULT start=41289 end=41790 ret=-116 fail=0 status=0x00000000 len=0 frames=0
DBG_GATEWAY_CH9_RX_CONT_ARM now=41792 rem=500 frames=0 errors=0
DBG_GATEWAY_BLE event=param-updated interval=36 latency=0 timeout_ms=420 uptime=42242
DBG_GATEWAY_CH9_RX_CONT_RESULT start=41792 end=42293 ret=-116 fail=0 status=0x00000000 len=0 frames=0
DBG_GATEWAY_CH9_RX_CONT_ARM now=42295 rem=500 frames=0 errors=0
DBG_GATEWAY_COMMAND_PRIORITY_SUBMIT ret=0 now=42603
DBG_STACK_RUN_BEGIN epoch=17060499488525545313 run=1 kind=ble_backpressure owner=system_workqueue queue=1 custody=1 credit=0 retry=0 drain=1 src=11068027678940948070 dst=11068027678940948070 session=39321601 seq=1 type=86 sequence=0 previous=0 uptime=42604
DBG_STACK_SAMPLE_BEGIN epoch=17060499488525545313 run=1 sample=1 kind=ble_backpressure owner=system_workqueue queue=1 custody=1 credit=0 retry=0 drain=1 src=11068027678940948070 dst=11068027678940948070 session=39321601 seq=1 type=86 uptime=42604
DBG_STACK_ISR_CONFIG size=8192 run=1 sample=1
DBG_STACK name=BT RX WQ tid=0x2000fe18 used=760 free=776 size=1536 ret=0 run=1 sample=1
DBG_STACK name=mesh_route tid=0x2000d560 used=2008 free=6184 size=8192 ret=0 run=1 sample=1
DBG_STACK name=sysworkq tid=0x20010d70 used=2304 free=2176 size=4480 ret=0 run=1 sample=1
DBG_STACK name=MPSL Work tid=0x20010b28 used=344 free=680 size=1024 ret=0 run=1 sample=1
DBG_STACK name=logging tid=0x2000f920 used=480 free=1568 size=2048 ret=0 run=1 sample=1
DBG_STACK name=idle tid=0x20010c00 used=64 free=256 size=320 ret=0 run=1 sample=1
DBG_STACK_SAMPLE_END run=1 sample=1
DBG_STACK_RUN_END epoch=17060499488525545313 run=1 kind=ble_backpressure owner=system_workqueue outcome=ack queue=2 custody=0 credit=1 retry=0 drain=2 src=11068027678940948070 dst=11068027678940948070 session=39321601 seq=1 type=86 samples=1 sequence=0 previous=0 uptime=42616
DBG_WAKE_TRAIN_CONFIG_BEGIN
DBG_DWM_INVALIDATE tag=configure_radio_from_reset active_phy=2 configured=1 awake=0
DBG_DWM_MARK_UNCONFIGURED tag=initialise_radio prev_phy=0
DBG_WAKE_TRAIN_CONFIG_OK
DBG_WAKE_TRAIN_FIRST_SEND_BEGIN
DBG_WAKE_TRAIN_FIRST_SEND_OK
DBG_UWB_TX_CH5
DBG_TX_WAKE_CLAIM_SENT
DBG_UWB_TX_CH5
DBG_TX_WAKE_CLAIM_SENT
DBG_STACK_RUN_BEGIN epoch=17060499488525545313 run=2 kind=ble_backpressure owner=system_workqueue queue=1 custody=1 credit=0 retry=0 drain=1 src=11068027678940948070 dst=11068027678940948070 session=39321602 seq=2 type=86 sequence=0 previous=0 uptime=42693
DBG_STACK_SAMPLE_BEGIN epoch=17060499488525545313 run=2 sample=2 kind=ble_backpressure owner=system_workqueue queue=1 custody=1 credit=0 retry=0 drain=1 src=11068027678940948070 dst=11068027678940948070 session=39321602 seq=2 type=86 uptime=42694
DBG_STACK_ISR_CONFIG size=8192 run=2 sample=2
DBG_STACK name=BT RX WQ tid=0x2000fe18 used=760 free=776 size=1536 ret=0 run=2 sample=2
DBG_STACK name=mesh_route tid=0x2000d560 used=2264 free=5928 size=8192 ret=0 run=2 sample=2
DBG_STACK name=sysworkq tid=0x20010d70 used=2304 free=2176 size=4480 ret=0 run=2 sample=2
DBG_STACK name=MPSL Work tid=0x20010b28 used=344 free=680 size=1024 ret=0 run=2 sample=2
DBG_STACK name=logging tid=0x2000f920 used=480 free=1568 size=2048 ret=0 run=2 sample=2
DBG_STACK name=idle tid=0x20010c00 used=64 free=256 size=320 ret=0 run=2 sample=2
DBG_STACK_SAMPLE_END run=2 sample=2
DBG_STACK_RUN_END epoch=17060499488525545313 run=2 kind=ble_backpressure owner=system_workqueue outcome=ack queue=1 custody=0 credit=1 retry=0 drain=1 src=11068027678940948070 dst=11068027678940948070 session=39321602 seq=2 type=86 samples=1 sequence=0 previous=0 uptime=42714
DBG_UWB_TX_CH5
DBG_TX_WAKE_CLAIM_SENT
DBG_UWB_TX_CH5
DBG_TX_WAKE_CLAIM_SENT
DBG_UWB_TX_CH5
DBG_TX_WAKE_CLAIM_SENT
DBG_UWB_TX_CH5
DBG_TX_WAKE_CLAIM_SENT
DBG_UWB_TX_CH5
DBG_TX_WAKE_CLAIM_SENT
DBG_UWB_TX_CH5
DBG_TX_WAKE_CLAIM_SENT
DBG_UWB_TX_CH5
DBG_TX_WAKE_CLAIM_SENT
DBG_UWB_TX_CH5
DBG_TX_WAKE_CLAIM_SENT
DBG_UWB_TX_CH5
DBG_TX_WAKE_CLAIM_SENT
DBG_UWB_TX_CH5
DBG_TX_WAKE_CLAIM_SENT
DBG_UWB_TX_CH5
DBG_TX_WAKE_CLAIM_SENT
DBG_UWB_TX_CH5
DBG_TX_WAKE_CLAIM_SENT
DBG_UWB_TX_CH5
DBG_TX_WAKE_CLAIM_SENT
DBG_UWB_TX_CH5
DBG_TX_WAKE_CLAIM_SENT
DBG_UWB_TX_CH5
DBG_TX_WAKE_CLAIM_SENT
DBG_UWB_TX_CH5
DBG_TX_WAKE_CLAIM_SENT
DBG_UWB_TX_CH5
DBG_TX_WAKE_CLAIM_SENT
DBG_UWB_TX_CH5
DBG_TX_WAKE_CLAIM_SENT
DBG_UWB_TX_CH5
DBG_TX_WAKE_CLAIM_SENT
DBG_UWB_TX_CH5
DBG_TX_WAKE_CLAIM_SENT
DBG_UWB_TX_CH5
DBG_TX_WAKE_CLAIM_SENT
DBG_UWB_TX_CH5
DBG_TX_WAKE_CLAIM_SENT
DBG_UWB_TX_CH5
DBG_TX_WAKE_CLAIM_SENT
DBG_UWB_TX_CH5
DBG_TX_WAKE_CLAIM_SENT
DBG_UWB_TX_CH5
DBG_TX_WAKE_CLAIM_SENT
DBG_UWB_TX_CH5
DBG_TX_WAKE_CLAIM_SENT
DBG_UWB_TX_CH5
DBG_TX_WAKE_CLAIM_SENT
DBG_UWB_TX_CH5
DBG_TX_WAKE_CLAIM_SENT
DBG_UWB_TX_CH5
DBG_TX_WAKE_CLAIM_SENT
DBG_UWB_TX_CH5
DBG_TX_WAKE_CLAIM_SENT
DBG_UWB_TX_CH5
DBG_TX_WAKE_CLAIM_SENT
DBG_UWB_TX_CH5
DBG_TX_WAKE_CLAIM_SENT
DBG_UWB_TX_CH5
DBG_TX_WAKE_CLAIM_SENT
DBG_UWB_TX_CH5
DBG_TX_WAKE_CLAIM_SENT
DBG_UWB_TX_CH5
DBG_TX_WAKE_CLAIM_SENT
DBG_UWB_TX_CH5
DBG_TX_WAKE_CLAIM_SENT
DBG_UWB_TX_CH5
DBG_TX_WAKE_CLAIM_SENT
DBG_UWB_TX_CH5
DBG_TX_WAKE_CLAIM_SENT
DBG_UWB_TX_CH5
DBG_TX_WAKE_CLAIM_SENT
DBG_UWB_TX_CH5
DBG_TX_WAKE_CLAIM_SENT
DBG_UWB_TX_CH5
DBG_TX_WAKE_CLAIM_SENT
DBG_UWB_TX_CH5
DBG_TX_WAKE_CLAIM_SENT
DBG_UWB_TX_CH5
DBG_TX_WAKE_CLAIM_SENT
DBG_UWB_TX_CH5
DBG_TX_WAKE_CLAIM_SENT
DBG_UWB_TX_CH5
DBG_TX_WAKE_CLAIM_SENT
DBG_UWB_TX_CH5
DBG_TX_WAKE_CLAIM_SENT
DBG_UWB_TX_CH5
DBG_TX_WAKE_CLAIM_SENT
DBG_UWB_TX_CH5
DBG_TX_WAKE_CLAIM_SENT
DBG_UWB_TX_CH5
DBG_TX_WAKE_CLAIM_SENT
DBG_UWB_TX_CH5
DBG_TX_WAKE_CLAIM_SENT
DBG_UWB_TX_CH5
DBG_TX_WAKE_CLAIM_SENT
DBG_UWB_TX_CH5
DBG_TX_WAKE_CLAIM_SENT
DBG_UWB_TX_CH5
DBG_TX_WAKE_CLAIM_SENT
DBG_UWB_TX_CH5
DBG_TX_WAKE_CLAIM_SENT
DBG_UWB_TX_CH5
DBG_TX_WAKE_CLAIM_SENT
DBG_UWB_TX_CH5
DBG_TX_WAKE_CLAIM_SENT
DBG_UWB_TX_CH5
DBG_TX_WAKE_CLAIM_SENT
DBG_DWM_INVALIDATE tag=configure_radio_from_reset active_phy=2 configured=1 awake=1
DBG_DWM_MARK_UNCONFIGURED tag=initialise_radio prev_phy=0
DBG_DWM_INVALIDATE tag=configure_radio_from_reset active_phy=2 configured=1 awake=0
DBG_DWM_MARK_UNCONFIGURED tag=initialise_radio prev_phy=0
DBG_DWM_INVALIDATE tag=configure_radio_from_reset active_phy=2 configured=1 awake=0
DBG_DWM_MARK_UNCONFIGURED tag=initialise_radio prev_phy=0
DBG_DWM_WAKE_MESH_CTRL_OK sfd=4073
DBG_C5_TX_CONFIG ret=0 ext=1 len=178 msg=3c reason=bounded-c5-flood
DBG_UWB_TX_CH5
DBG_DWM_INVALIDATE tag=configure_radio_from_reset active_phy=4 configured=1 awake=0
DBG_DWM_MARK_UNCONFIGURED tag=initialise_radio prev_phy=0
DBG_DWM_WAKE_MESH_CTRL_OK sfd=4073
DBG_DWM_INVALIDATE tag=configure_radio_from_reset active_phy=4 configured=1 awake=0
DBG_DWM_MARK_UNCONFIGURED tag=initialise_radio prev_phy=0
DBG_DWM_INVALIDATE tag=configure_radio_from_reset active_phy=2 configured=1 awake=0
DBG_DWM_MARK_UNCONFIGURED tag=initialise_radio prev_phy=0
DBG_DWM_WAKE_MESH_CTRL_OK sfd=4073
DBG_C5_TX_CONFIG ret=0 ext=1 len=178 msg=3c reason=bounded-c5-flood
DBG_UWB_TX_CH5
DBG_DWM_INVALIDATE tag=configure_radio_from_reset active_phy=4 configured=1 awake=0
DBG_DWM_MARK_UNCONFIGURED tag=initialise_radio prev_phy=0
DBG_DWM_WAKE_MESH_CTRL_OK sfd=4073
DBG_DWM_INVALIDATE tag=configure_radio_from_reset active_phy=4 configured=1 awake=0
DBG_DWM_MARK_UNCONFIGURED tag=initialise_radio prev_phy=0
DBG_DWM_INVALIDATE tag=configure_radio_from_reset active_phy=2 configured=1 awake=0
DBG_DWM_MARK_UNCONFIGURED tag=initialise_radio prev_phy=0
DBG_DWM_WAKE_MESH_CTRL_OK sfd=4073
DBG_C5_TX_CONFIG ret=0 ext=1 len=178 msg=3c reason=bounded-c5-flood
DBG_UWB_TX_CH5
DBG_DWM_INVALIDATE tag=configure_radio_from_reset active_phy=4 configured=1 awake=0
DBG_DWM_MARK_UNCONFIGURED tag=initialise_radio prev_phy=0
DBG_DWM_WAKE_MESH_CTRL_OK sfd=4073
DBG_DWM_INVALIDATE tag=configure_radio_from_reset active_phy=4 configured=1 awake=0
DBG_DWM_MARK_UNCONFIGURED tag=initialise_radio prev_phy=0
DBG_DWM_INVALIDATE tag=configure_radio_from_reset active_phy=2 configured=1 awake=0
DBG_DWM_MARK_UNCONFIGURED tag=initialise_radio prev_phy=0
DBG_DWM_WAKE_MESH_CTRL_OK sfd=4073
DBG_C5_TX_CONFIG ret=0 ext=1 len=178 msg=3c reason=bounded-c5-flood
DBG_UWB_TX_CH5
DBG_GATEWAY_RX_START reason=gateway mesh restart active=1 qrx=0 qtx=0 adv_due=0
DBG_STACK_RUN_BEGIN epoch=17060499488525545313 run=3 kind=ble_backpressure owner=system_workqueue queue=1 custody=1 credit=0 retry=0 drain=1 src=11068027678940948070 dst=11068027678940948070 session=39321604 seq=4 type=86 sequence=0 previous=0 uptime=43536
DBG_STACK_SAMPLE_BEGIN epoch=17060499488525545313 run=3 sample=3 kind=ble_backpressure owner=system_workqueue queue=1 custody=1 credit=0 retry=0 drain=1 src=11068027678940948070 dst=11068027678940948070 session=39321604 seq=4 type=86 uptime=43536
DBG_STACK_ISR_CONFIG size=8192 run=3 sample=3
DBG_STACK name=BT RX WQ tid=0x2000fe18 used=760 free=776 size=1536 ret=0 run=3 sample=3
DBG_STACK name=mesh_route tid=0x2000d560 used=4336 free=3856 size=8192 ret=0 run=3 sample=3
DBG_STACK name=sysworkq tid=0x20010d70 used=2304 free=2176 size=4480 ret=0 run=3 sample=3
DBG_STACK name=MPSL Work tid=0x20010b28 used=344 free=680 size=1024 ret=0 run=3 sample=3
DBG_STACK name=logging tid=0x2000f920 used=480 free=1568 size=2048 ret=0 run=3 sample=3
DBG_STACK name=idle tid=0x20010c00 used=64 free=256 size=320 ret=0 run=3 sample=3
DBG_STACK_SAMPLE_END run=3 sample=3
DBG_STACK_RUN_END epoch=17060499488525545313 run=3 kind=ble_backpressure owner=system_workqueue outcome=ack queue=1 custody=0 credit=1 retry=0 drain=1 src=11068027678940948070 dst=11068027678940948070 session=39321604 seq=4 type=86 samples=1 sequence=0 previous=0 uptime=43562
DBG_GATEWAY_CH9_RX_CONT_ARM now=43566 rem=500 frames=0 errors=0
DBG_GATEWAY_CH9_RX_CONT_RESULT start=43566 end=44067 ret=-116 fail=0 status=0x02000000 len=0 frames=0
DBG_GATEWAY_CH9_RX_CONT_CAP now=44069 win=12167 adv_wait=12167 due=56236
DBG_GATEWAY_CH9_RX_CONT_ARM now=44069 rem=500 frames=0 errors=0
DBG_GATEWAY_CH9_RX_CONT_RESULT start=44069 end=44570 ret=-116 fail=0 status=0x00000000 len=0 frames=0
DBG_GATEWAY_CH9_RX_CONT_CAP now=44572 win=11664 adv_wait=11664 due=56236
DBG_GATEWAY_CH9_RX_CONT_ARM now=44572 rem=500 frames=0 errors=0
DBG_GATEWAY_CH9_RX_CONT_RESULT start=44572 end=45073 ret=-116 fail=0 status=0x00000000 len=0 frames=0
DBG_GATEWAY_CH9_RX_CONT_CAP now=45075 win=11161 adv_wait=11161 due=56236
DBG_GATEWAY_CH9_RX_CONT_ARM now=45075 rem=500 frames=0 errors=0
DBG_GATEWAY_BLE event=param-updated interval=36 latency=0 timeout_ms=12000 uptime=45167
DBG_GATEWAY_CH9_RX_CONT_RESULT start=45075 end=45576 ret=-116 fail=0 status=0x00000000 len=0 frames=0
DBG_GATEWAY_CH9_RX_CONT_CAP now=45578 win=10658 adv_wait=10658 due=56236
DBG_GATEWAY_CH9_RX_CONT_ARM now=45578 rem=500 frames=0 errors=0
DBG_GATEWAY_CH9_RX_CONT_RESULT start=45578 end=46079 ret=-116 fail=0 status=0x00000000 len=0 frames=0
DBG_GATEWAY_CH9_RX_CONT_CAP now=46081 win=10155 adv_wait=10155 due=56236
DBG_GATEWAY_CH9_RX_CONT_ARM now=46081 rem=500 frames=0 errors=0
DBG_GATEWAY_CH9_RX_CONT_RESULT start=46081 end=46582 ret=-116 fail=0 status=0x00000000 len=0 frames=0
DBG_GATEWAY_CH9_RX_CONT_CAP now=46584 win=9652 adv_wait=9652 due=56236
DBG_GATEWAY_CH9_RX_CONT_ARM now=46584 rem=500 frames=0 errors=0
DBG_GATEWAY_CH9_RX_CONT_RESULT start=46584 end=47085 ret=-116 fail=0 status=0x00000000 len=0 frames=0
DBG_GATEWAY_CH9_RX_CONT_CAP now=47087 win=9149 adv_wait=9149 due=56236
DBG_GATEWAY_CH9_RX_CONT_ARM now=47087 rem=500 frames=0 errors=0
DBG_GATEWAY_CH9_RX_CONT_RESULT start=47087 end=47588 ret=-116 fail=0 status=0x00000000 len=0 frames=0
DBG_GATEWAY_CH9_RX_CONT_CAP now=47590 win=8646 adv_wait=8646 due=56236
DBG_GATEWAY_CH9_RX_CONT_ARM now=47590 rem=500 frames=0 errors=0
DBG_GATEWAY_CH9_RX_CONT_RESULT start=47590 end=48091 ret=-116 fail=0 status=0x00000000 len=0 frames=0
DBG_GATEWAY_CH9_RX_CONT_CAP now=48093 win=8143 adv_wait=8143 due=56236
DBG_GATEWAY_CH9_RX_CONT_ARM now=48093 rem=500 frames=0 errors=0
DBG_GATEWAY_CH9_RX_CONT_RESULT start=48093 end=48594 ret=-116 fail=0 status=0x00000000 len=0 frames=0
DBG_GATEWAY_CH9_RX_CONT_CAP now=48596 win=7640 adv_wait=7640 due=56236
DBG_GATEWAY_CH9_RX_CONT_ARM now=48596 rem=500 frames=0 errors=0
DBG_GATEWAY_CH9_RX_CONT_RESULT start=48596 end=49097 ret=-116 fail=0 status=0x00000000 len=0 frames=0
DBG_GATEWAY_CH9_RX_CONT_CAP now=49099 win=7137 adv_wait=7137 due=56236
DBG_GATEWAY_CH9_RX_CONT_ARM now=49099 rem=500 frames=0 errors=0
DBG_GATEWAY_CH9_RX_CONT_RESULT start=49099 end=49600 ret=-116 fail=0 status=0x00000000 len=0 frames=0
DBG_GATEWAY_CH9_RX_CONT_CAP now=49602 win=6634 adv_wait=6634 due=56236
DBG_GATEWAY_CH9_RX_CONT_ARM now=49602 rem=500 frames=0 errors=0
DBG_GATEWAY_CH9_RX_CONT_RESULT start=49602 end=50103 ret=-116 fail=0 status=0x00000000 len=0 frames=0
DBG_GATEWAY_CH9_RX_CONT_CAP now=50105 win=6131 adv_wait=6131 due=56236
DBG_GATEWAY_CH9_RX_CONT_ARM now=50105 rem=500 frames=0 errors=0
DBG_GATEWAY_CH9_RX_CONT_RESULT start=50105 end=50606 ret=-116 fail=0 status=0x00000000 len=0 frames=0
DBG_GATEWAY_CH9_RX_CONT_CAP now=50608 win=5628 adv_wait=5628 due=56236
DBG_GATEWAY_CH9_RX_CONT_ARM now=50608 rem=500 frames=0 errors=0
DBG_GATEWAY_CH9_RX_CONT_RESULT start=50608 end=51109 ret=-116 fail=0 status=0x00000000 len=0 frames=0
DBG_GATEWAY_CH9_RX_CONT_CAP now=51111 win=5125 adv_wait=5125 due=56236
DBG_GATEWAY_CH9_RX_CONT_ARM now=51111 rem=500 frames=0 errors=0
DBG_GATEWAY_CH9_RX_CONT_RESULT start=51111 end=51612 ret=-116 fail=0 status=0x00000000 len=0 frames=0
DBG_GATEWAY_CH9_RX_CONT_CAP now=51614 win=4622 adv_wait=4622 due=56236
DBG_GATEWAY_CH9_RX_CONT_ARM now=51614 rem=500 frames=0 errors=0
DBG_GATEWAY_CH9_RX_CONT_RESULT start=51614 end=52115 ret=-116 fail=0 status=0x00000000 len=0 frames=0
DBG_GATEWAY_CH9_RX_CONT_CAP now=52117 win=4119 adv_wait=4119 due=56236
DBG_GATEWAY_CH9_RX_CONT_ARM now=52117 rem=500 frames=0 errors=0
DBG_GATEWAY_CH9_RX_CONT_RESULT start=52117 end=52618 ret=-116 fail=0 status=0x00000000 len=0 frames=0
DBG_GATEWAY_CH9_RX_CONT_CAP now=52620 win=3616 adv_wait=3616 due=56236
DBG_GATEWAY_CH9_RX_CONT_ARM now=52620 rem=500 frames=0 errors=0
DBG_GATEWAY_CH9_RX_CONT_RESULT start=52620 end=53121 ret=-116 fail=0 status=0x00000000 len=0 frames=0
DBG_GATEWAY_CH9_RX_CONT_CAP now=53123 win=3113 adv_wait=3113 due=56236
DBG_GATEWAY_CH9_RX_CONT_ARM now=53123 rem=500 frames=0 errors=0
DBG_GATEWAY_CH9_RX_CONT_RESULT start=53123 end=53624 ret=-116 fail=0 status=0x00000000 len=0 frames=0
DBG_GATEWAY_CH9_RX_CONT_CAP now=53626 win=2610 adv_wait=2610 due=56236
DBG_GATEWAY_CH9_RX_CONT_ARM now=53626 rem=500 frames=0 errors=0
DBG_GATEWAY_CH9_RX_CONT_RESULT start=53626 end=54127 ret=-116 fail=0 status=0x00000000 len=0 frames=0
DBG_GATEWAY_CH9_RX_CONT_CAP now=54129 win=2107 adv_wait=2107 due=56236
DBG_GATEWAY_CH9_RX_CONT_ARM now=54129 rem=500 frames=0 errors=0
DBG_GATEWAY_CH9_RX_CONT_RESULT start=54129 end=54630 ret=-116 fail=0 status=0x00000000 len=0 frames=0
DBG_GATEWAY_CH9_RX_CONT_CAP now=54632 win=1604 adv_wait=1604 due=56236
DBG_GATEWAY_CH9_RX_CONT_ARM now=54632 rem=500 frames=0 errors=0
DBG_GATEWAY_CH9_RX_CONT_RESULT start=54632 end=55133 ret=-116 fail=0 status=0x00000000 len=0 frames=0
DBG_GATEWAY_CH9_RX_CONT_CAP now=55135 win=1101 adv_wait=1101 due=56236
DBG_GATEWAY_CH9_RX_CONT_ARM now=55135 rem=500 frames=0 errors=0
DBG_GATEWAY_CH9_RX_CONT_RESULT start=55135 end=55636 ret=-116 fail=0 status=0x00000000 len=0 frames=0
DBG_GATEWAY_CH9_RX_CONT_CAP now=55638 win=598 adv_wait=598 due=56236
DBG_GATEWAY_CH9_RX_CONT_ARM now=55638 rem=500 frames=0 errors=0
DBG_GATEWAY_CH9_RX_CONT_RESULT start=55638 end=56139 ret=-116 fail=0 status=0x00000000 len=0 frames=0
DBG_GATEWAY_CH9_RX_CONT_CAP now=56141 win=95 adv_wait=95 due=56236
DBG_GATEWAY_CH9_RX_CONT_ARM now=56141 rem=95 frames=0 errors=0
DBG_GATEWAY_CH9_RX_CONT_RESULT start=56141 end=56237 ret=-116 fail=0 status=0x00000000 len=0 frames=0
DBG_GATEWAY_CH9_RX_DONE_YIELD_ADV now=56238 due=56236
DBG_STACK_RUN_BEGIN epoch=17060499488525545313 run=4 kind=ble_backpressure owner=system_workqueue queue=1 custody=1 credit=0 retry=0 drain=1 src=11068027678940948070 dst=11068027678940948070 session=2619539842 seq=386 type=65 sequence=0 previous=0 uptime=56238
DBG_STACK_SAMPLE_BEGIN epoch=17060499488525545313 run=4 sample=4 kind=ble_backpressure owner=system_workqueue queue=1 custody=1 credit=0 retry=0 drain=1 src=11068027678940948070 dst=11068027678940948070 session=2619539842 seq=386 type=65 uptime=56239
DBG_STACK_ISR_CONFIG size=8192 run=4 sample=4
DBG_STACK name=BT RX WQ tid=0x2000fe18 used=760 free=776 size=1536 ret=0 run=4 sample=4
DBG_STACK name=mesh_route tid=0x2000d560 used=4336 free=3856 size=8192 ret=0 run=4 sample=4
DBG_STACK name=sysworkq tid=0x20010d70 used=2304 free=2176 size=4480 ret=0 run=4 sample=4
DBG_STACK name=MPSL Work tid=0x20010b28 used=344 free=680 size=1024 ret=0 run=4 sample=4
DBG_STACK name=logging tid=0x2000f920 used=480 free=1568 size=2048 ret=0 run=4 sample=4
DBG_STACK name=idle tid=0x20010c00 used=64 free=256 size=320 ret=0 run=4 sample=4
DBG_STACK_SAMPLE_END run=4 sample=4
DBG_STACK_RUN_END epoch=17060499488525545313 run=4 kind=ble_backpressure owner=system_workqueue outcome=ack queue=2 custody=0 credit=1 retry=0 drain=2 src=11068027678940948070 dst=11068027678940948070 session=2619539842 seq=386 type=65 samples=1 sequence=0 previous=0 uptime=56281
DBG_STACK_RUN_BEGIN epoch=17060499488525545313 run=5 kind=ble_backpressure owner=system_workqueue queue=1 custody=1 credit=0 retry=0 drain=1 src=11068027678940948070 dst=11068027678940948070 session=39321605 seq=5 type=86 sequence=0 previous=0 uptime=56373
DBG_STACK_SAMPLE_BEGIN epoch=17060499488525545313 run=5 sample=5 kind=ble_backpressure owner=system_workqueue queue=1 custody=1 credit=0 retry=0 drain=1 src=11068027678940948070 dst=11068027678940948070 session=39321605 seq=5 type=86 uptime=56373
DBG_STACK_ISR_CONFIG size=8192 run=5 sample=5
DBG_STACK name=BT RX WQ tid=0x2000fe18 used=760 free=776 size=1536 ret=0 run=5 sample=5
DBG_STACK name=mesh_route tid=0x2000d560 used=4336 free=3856 size=8192 ret=0 run=5 sample=5
DBG_STACK name=sysworkq tid=0x20010d70 used=2304 free=2176 size=4480 ret=0 run=5 sample=5
DBG_STACK name=MPSL Work tid=0x20010b28 used=344 free=680 size=1024 ret=0 run=5 sample=5
DBG_STACK name=logging tid=0x2000f920 used=480 free=1568 size=2048 ret=0 run=5 sample=5
DBG_STACK name=idle tid=0x20010c00 used=64 free=256 size=320 ret=0 run=5 sample=5
DBG_STACK_SAMPLE_END run=5 sample=5
DBG_STACK_RUN_END epoch=17060499488525545313 run=5 kind=ble_backpressure owner=system_workqueue outcome=ack queue=1 custody=0 credit=1 retry=0 drain=1 src=11068027678940948070 dst=11068027678940948070 session=39321605 seq=5 type=86 samples=1 sequence=0 previous=0 uptime=56390
DBG_GATEWAY_COMMAND_PRIORITY_SUBMIT ret=0 now=56598
DBG_STACK_RUN_BEGIN epoch=17060499488525545313 run=6 kind=ble_backpressure owner=system_workqueue queue=1 custody=1 credit=0 retry=0 drain=1 src=11068027678940948070 dst=11068027678940948070 session=39321606 seq=6 type=86 sequence=0 previous=0 uptime=56599
DBG_STACK_SAMPLE_BEGIN epoch=17060499488525545313 run=6 sample=6 kind=ble_backpressure owner=system_workqueue queue=1 custody=1 credit=0 retry=0 drain=1 src=11068027678940948070 dst=11068027678940948070 session=39321606 seq=6 type=86 uptime=56599
DBG_STACK_ISR_CONFIG size=8192 run=6 sample=6
DBG_STACK name=BT RX WQ tid=0x2000fe18 used=760 free=776 size=1536 ret=0 run=6 sample=6
DBG_STACK name=mesh_route tid=0x2000d560 used=4336 free=3856 size=8192 ret=0 run=6 sample=6
DBG_STACK name=sysworkq tid=0x20010d70 used=2304 free=2176 size=4480 ret=0 run=6 sample=6
DBG_STACK name=MPSL Work tid=0x20010b28 used=344 free=680 size=1024 ret=0 run=6 sample=6
DBG_STACK name=logging tid=0x2000f920 used=480 free=1568 size=2048 ret=0 run=6 sample=6
DBG_STACK name=idle tid=0x20010c00 used=64 free=256 size=320 ret=0 run=6 sample=6
DBG_STACK_SAMPLE_END run=6 sample=6
DBG_STACK_RUN_END epoch=17060499488525545313 run=6 kind=ble_backpressure owner=system_workqueue outcome=ack queue=3 custody=0 credit=1 retry=0 drain=3 src=11068027678940948070 dst=11068027678940948070 session=39321606 seq=6 type=86 samples=1 sequence=0 previous=0 uptime=56622
DBG_STACK_RUN_BEGIN epoch=17060499488525545313 run=7 kind=ble_backpressure owner=system_workqueue queue=2 custody=2 credit=0 retry=0 drain=2 src=11068027678940948070 dst=11068027678940948070 session=39321607 seq=7 type=86 sequence=0 previous=0 uptime=56688
DBG_STACK_SAMPLE_BEGIN epoch=17060499488525545313 run=7 sample=7 kind=ble_backpressure owner=system_workqueue queue=2 custody=2 credit=0 retry=0 drain=2 src=11068027678940948070 dst=11068027678940948070 session=39321607 seq=7 type=86 uptime=56689
DBG_STACK_ISR_CONFIG size=8192 run=7 sample=7
DBG_STACK name=BT RX WQ tid=0x2000fe18 used=760 free=776 size=1536 ret=0 run=7 sample=7
DBG_STACK name=mesh_route tid=0x2000d560 used=4336 free=3856 size=8192 ret=0 run=7 sample=7
DBG_STACK name=sysworkq tid=0x20010d70 used=2304 free=2176 size=4480 ret=0 run=7 sample=7
DBG_STACK name=MPSL Work tid=0x20010b28 used=344 free=680 size=1024 ret=0 run=7 sample=7
DBG_STACK name=logging tid=0x2000f920 used=480 free=1568 size=2048 ret=0 run=7 sample=7
DBG_STACK name=idle tid=0x20010c00 used=64 free=256 size=320 ret=0 run=7 sample=7
DBG_STACK_SAMPLE_END run=7 sample=7
DBG_STACK_RUN_END epoch=17060499488525545313 run=7 kind=ble_backpressure owner=system_workqueue outcome=ack queue=2 custody=0 credit=1 retry=0 drain=2 src=11068027678940948070 dst=11068027678940948070 session=39321607 seq=7 type=86 samples=1 sequence=0 previous=0 uptime=56705
DBG_STACK_RUN_BEGIN epoch=17060499488525545313 run=8 kind=ble_backpressure owner=system_workqueue queue=1 custody=1 credit=0 retry=0 drain=1 src=11068027678940948070 dst=11068027678940948070 session=39321609 seq=9 type=86 sequence=0 previous=0 uptime=56778
DBG_STACK_SAMPLE_BEGIN epoch=17060499488525545313 run=8 sample=8 kind=ble_backpressure owner=system_workqueue queue=1 custody=1 credit=0 retry=0 drain=1 src=11068027678940948070 dst=11068027678940948070 session=39321609 seq=9 type=86 uptime=56779
DBG_STACK_ISR_CONFIG size=8192 run=8 sample=8
DBG_STACK name=BT RX WQ tid=0x2000fe18 used=760 free=776 size=1536 ret=0 run=8 sample=8
DBG_STACK name=mesh_route tid=0x2000d560 used=4336 free=3856 size=8192 ret=0 run=8 sample=8
DBG_STACK name=sysworkq tid=0x20010d70 used=2304 free=2176 size=4480 ret=0 run=8 sample=8
DBG_STACK name=MPSL Work tid=0x20010b28 used=344 free=680 size=1024 ret=0 run=8 sample=8
DBG_STACK name=logging tid=0x2000f920 used=480 free=1568 size=2048 ret=0 run=8 sample=8
DBG_STACK name=idle tid=0x20010c00 used=64 free=256 size=320 ret=0 run=8 sample=8
DBG_STACK_SAMPLE_END run=8 sample=8
DBG_STACK_RUN_END epoch=17060499488525545313 run=8 kind=ble_backpressure owner=system_workqueue outcome=ack queue=1 custody=0 credit=1 retry=0 drain=1 src=11068027678940948070 dst=11068027678940948070 session=39321609 seq=9 type=86 samples=1 sequence=0 previous=0 uptime=56788
DBG_GATEWAY_CH9_RX_CONT_RESULT start=56604 end=57105 ret=-116 fail=0 status=0x00000000 len=0 frames=0
DBG_GATEWAY_COMMAND_PRIORITY_SUBMIT ret=0 now=57106
DBG_GATEWAY_CH9_RX_CONT_ARM now=57107 rem=500 frames=0 errors=0
DBG_GATEWAY_CH9_RX_CONT_RESULT start=57107 end=57108 ret=-140 fail=0 status=0x00000000 len=0 frames=0
DBG_GATEWAY_CH9_RX_COMMAND_PREEMPT now=57109 rem=500 frames=0
DBG_GATEWAY_CH9_RX_CONT_DONE ret=-140 len=0 fail=0 recover=0
DBG_NC o=0000000000000001 g=00000001 w=00 e=0000003c s=00000005 q=0000>0004 r=00000000 f=00000024 t=00000000 p=00000000 a=00
DBG_NODE_COMM_SUBMIT handle=1 profile=0 token=17039361 deadline=67109
DBG_ENUM_FLOOD kind=1 handle=1
DBG_ENUM_CLAIM_TX epoch=39321608 round=1 ret=0
DBG_NODE_COMM_TX_BEGIN handle=1 profile=0 msg=64 dst=0x0 seq=1
DBG_CONTROL_RX_HANDOFF_READY abort=0
DBG_COORD state=idle owner=c5-flood reason=idle rx=0 tx=0 relay=0 route=0 ack=0 qack=0
DBG_WAKE_TRAIN_GUARD_OK
DBG_DWM_INVALIDATE tag=configure_radio_from_reset active_phy=3 configured=1 awake=1
DBG_DWM_MARK_UNCONFIGURED tag=initialise_radio prev_phy=0
DBG_WAKE_TRAIN_CONFIG_BEGIN
DBG_DWM_INVALIDATE tag=configure_radio_from_reset active_phy=2 configured=1 awake=0
DBG_DWM_MARK_UNCONFIGURED tag=initialise_radio prev_phy=0
DBG_WAKE_TRAIN_CONFIG_OK
DBG_WAKE_TRAIN_FIRST_SEND_BEGIN
DBG_WAKE_TRAIN_FIRST_SEND_OK
DBG_UWB_TX_CH5
DBG_TX_WAKE_CLAIM_SENT
DBG_UWB_TX_CH5
DBG_TX_WAKE_CLAIM_SENT
DBG_UWB_TX_CH5
DBG_TX_WAKE_CLAIM_SENT
DBG_UWB_TX_CH5
DBG_TX_WAKE_CLAIM_SENT
DBG_UWB_TX_CH5
DBG_TX_WAKE_CLAIM_SENT
DBG_UWB_TX_CH5
DBG_TX_WAKE_CLAIM_SENT
DBG_UWB_TX_CH5
DBG_TX_WAKE_CLAIM_SENT
DBG_UWB_TX_CH5
DBG_TX_WAKE_CLAIM_SENT
DBG_UWB_TX_CH5
DBG_TX_WAKE_CLAIM_SENT
DBG_UWB_TX_CH5
DBG_TX_WAKE_CLAIM_SENT
DBG_UWB_TX_CH5
DBG_TX_WAKE_CLAIM_SENT
DBG_UWB_TX_CH5
DBG_TX_WAKE_CLAIM_SENT
DBG_UWB_TX_CH5
DBG_TX_WAKE_CLAIM_SENT
DBG_UWB_TX_CH5
DBG_TX_WAKE_CLAIM_SENT
DBG_UWB_TX_CH5
DBG_TX_WAKE_CLAIM_SENT
DBG_UWB_TX_CH5
DBG_TX_WAKE_CLAIM_SENT
DBG_UWB_TX_CH5
DBG_TX_WAKE_CLAIM_SENT
DBG_UWB_TX_CH5
DBG_TX_WAKE_CLAIM_SENT
DBG_UWB_TX_CH5
DBG_TX_WAKE_CLAIM_SENT
DBG_UWB_TX_CH5
DBG_TX_WAKE_CLAIM_SENT
DBG_UWB_TX_CH5
DBG_TX_WAKE_CLAIM_SENT
DBG_UWB_TX_CH5
DBG_TX_WAKE_CLAIM_SENT
DBG_UWB_TX_CH5
DBG_TX_WAKE_CLAIM_SENT
DBG_UWB_TX_CH5
DBG_TX_WAKE_CLAIM_SENT
DBG_UWB_TX_CH5
DBG_TX_WAKE_CLAIM_SENT
DBG_UWB_TX_CH5
DBG_TX_WAKE_CLAIM_SENT
DBG_UWB_TX_CH5
DBG_TX_WAKE_CLAIM_SENT
DBG_UWB_TX_CH5
DBG_TX_WAKE_CLAIM_SENT
DBG_UWB_TX_CH5
DBG_TX_WAKE_CLAIM_SENT
DBG_UWB_TX_CH5
DBG_TX_WAKE_CLAIM_SENT
DBG_UWB_TX_CH5
DBG_TX_WAKE_CLAIM_SENT
DBG_UWB_TX_CH5
DBG_TX_WAKE_CLAIM_SENT
DBG_UWB_TX_CH5
DBG_TX_WAKE_CLAIM_SENT
DBG_UWB_TX_CH5
DBG_TX_WAKE_CLAIM_SENT
DBG_UWB_TX_CH5
DBG_TX_WAKE_CLAIM_SENT
DBG_UWB_TX_CH5
DBG_TX_WAKE_CLAIM_SENT
DBG_UWB_TX_CH5
DBG_TX_WAKE_CLAIM_SENT
DBG_UWB_TX_CH5
DBG_TX_WAKE_CLAIM_SENT
DBG_UWB_TX_CH5
DBG_TX_WAKE_CLAIM_SENT
DBG_UWB_TX_CH5
DBG_TX_WAKE_CLAIM_SENT
DBG_UWB_TX_CH5
DBG_TX_WAKE_CLAIM_SENT
DBG_UWB_TX_CH5
DBG_TX_WAKE_CLAIM_SENT
DBG_UWB_TX_CH5
DBG_TX_WAKE_CLAIM_SENT
DBG_UWB_TX_CH5
DBG_TX_WAKE_CLAIM_SENT
DBG_UWB_TX_CH5
DBG_TX_WAKE_CLAIM_SENT
DBG_UWB_TX_CH5
DBG_TX_WAKE_CLAIM_SENT
DBG_UWB_TX_CH5
DBG_TX_WAKE_CLAIM_SENT
DBG_UWB_TX_CH5
DBG_TX_WAKE_CLAIM_SENT
DBG_UWB_TX_CH5
DBG_TX_WAKE_CLAIM_SENT
DBG_UWB_TX_CH5
DBG_TX_WAKE_CLAIM_SENT
DBG_UWB_TX_CH5
DBG_TX_WAKE_CLAIM_SENT
DBG_UWB_TX_CH5
DBG_TX_WAKE_CLAIM_SENT
DBG_UWB_TX_CH5
DBG_TX_WAKE_CLAIM_SENT
DBG_UWB_TX_CH5
DBG_TX_WAKE_CLAIM_SENT
DBG_UWB_TX_CH5
DBG_TX_WAKE_CLAIM_SENT
DBG_UWB_TX_CH5
DBG_TX_WAKE_CLAIM_SENT
DBG_UWB_TX_CH5
DBG_TX_WAKE_CLAIM_SENT
DBG_UWB_TX_CH5
DBG_TX_WAKE_CLAIM_SENT
DBG_UWB_TX_CH5
DBG_TX_WAKE_CLAIM_SENT
DBG_UWB_TX_CH5
DBG_TX_WAKE_CLAIM_SENT
DBG_UWB_TX_CH5
DBG_TX_WAKE_CLAIM_SENT
DBG_UWB_TX_CH5
DBG_TX_WAKE_CLAIM_SENT
DBG_UWB_TX_CH5
DBG_TX_WAKE_CLAIM_SENT
DBG_UWB_TX_CH5
DBG_TX_WAKE_CLAIM_SENT
DBG_UWB_TX_CH5
DBG_TX_WAKE_CLAIM_SENT
DBG_UWB_TX_CH5
DBG_TX_WAKE_CLAIM_SENT
DBG_UWB_TX_CH5
DBG_TX_WAKE_CLAIM_SENT
DBG_UWB_TX_CH5
DBG_TX_WAKE_CLAIM_SENT
DBG_UWB_TX_CH5
DBG_TX_WAKE_CLAIM_SENT
DBG_UWB_TX_CH5
DBG_TX_WAKE_CLAIM_SENT
DBG_UWB_TX_CH5
DBG_TX_WAKE_CLAIM_SENT
DBG_UWB_TX_CH5
DBG_TX_WAKE_CLAIM_SENT
DBG_UWB_TX_CH5
DBG_TX_WAKE_CLAIM_SENT
DBG_UWB_TX_CH5
DBG_TX_WAKE_CLAIM_SENT
DBG_UWB_TX_CH5
DBG_TX_WAKE_CLAIM_SENT
DBG_UWB_TX_CH5
DBG_TX_WAKE_CLAIM_SENT
DBG_UWB_TX_CH5
DBG_TX_WAKE_CLAIM_SENT
DBG_UWB_TX_CH5
DBG_TX_WAKE_CLAIM_SENT
DBG_UWB_TX_CH5
DBG_TX_WAKE_CLAIM_SENT
DBG_UWB_TX_CH5
DBG_TX_WAKE_CLAIM_SENT
DBG_UWB_TX_CH5
DBG_TX_WAKE_CLAIM_SENT
DBG_UWB_TX_CH5
DBG_TX_WAKE_CLAIM_SENT
DBG_UWB_TX_CH5
DBG_TX_WAKE_CLAIM_SENT
DBG_UWB_TX_CH5
DBG_TX_WAKE_CLAIM_SENT
DBG_UWB_TX_CH5
DBG_TX_WAKE_CLAIM_SENT
DBG_UWB_TX_CH5
DBG_TX_WAKE_CLAIM_SENT
DBG_UWB_TX_CH5
DBG_TX_WAKE_CLAIM_SENT
DBG_UWB_TX_CH5
DBG_TX_WAKE_CLAIM_SENT
DBG_UWB_TX_CH5
DBG_TX_WAKE_CLAIM_SENT
DBG_UWB_TX_CH5
DBG_TX_WAKE_CLAIM_SENT
DBG_UWB_TX_CH5
DBG_TX_WAKE_CLAIM_SENT
DBG_UWB_TX_CH5
DBG_TX_WAKE_CLAIM_SENT
DBG_UWB_TX_CH5
DBG_TX_WAKE_CLAIM_SENT
DBG_UWB_TX_CH5
DBG_TX_WAKE_CLAIM_SENT
DBG_UWB_TX_CH5
DBG_TX_WAKE_CLAIM_SENT
DBG_UWB_TX_CH5
DBG_TX_WAKE_CLAIM_SENT
DBG_UWB_TX_CH5
DBG_TX_WAKE_CLAIM_SENT
DBG_UWB_TX_CH5
DBG_TX_WAKE_CLAIM_SENT
DBG_UWB_TX_CH5
DBG_TX_WAKE_CLAIM_SENT
DBG_UWB_TX_CH5
DBG_TX_WAKE_CLAIM_SENT
DBG_UWB_TX_CH5
DBG_TX_WAKE_CLAIM_SENT
DBG_UWB_TX_CH5
DBG_TX_WAKE_CLAIM_SENT
DBG_UWB_TX_CH5
DBG_TX_WAKE_CLAIM_SENT
DBG_UWB_TX_CH5
DBG_TX_WAKE_CLAIM_SENT
DBG_UWB_TX_CH5
DBG_TX_WAKE_CLAIM_SENT
DBG_UWB_TX_CH5
DBG_TX_WAKE_CLAIM_SENT
DBG_UWB_TX_CH5
DBG_TX_WAKE_CLAIM_SENT
DBG_UWB_TX_CH5
DBG_TX_WAKE_CLAIM_SENT
DBG_UWB_TX_CH5
DBG_TX_WAKE_CLAIM_SENT
DBG_UWB_TX_CH5
DBG_TX_WAKE_CLAIM_SENT
DBG_UWB_TX_CH5
DBG_TX_WAKE_CLAIM_SENT
DBG_UWB_TX_CH5
DBG_TX_WAKE_CLAIM_SENT
DBG_UWB_TX_CH5
DBG_TX_WAKE_CLAIM_SENT
DBG_UWB_TX_CH5
DBG_TX_WAKE_CLAIM_SENT
DBG_UWB_TX_CH5
DBG_TX_WAKE_CLAIM_SENT
DBG_UWB_TX_CH5
DBG_TX_WAKE_CLAIM_SENT
DBG_UWB_TX_CH5
DBG_TX_WAKE_CLAIM_SENT
DBG_UWB_TX_CH5
DBG_TX_WAKE_CLAIM_SENT
DBG_UWB_TX_CH5
DBG_TX_WAKE_CLAIM_SENT
DBG_DWM_INVALIDATE tag=configure_radio_from_reset active_phy=2 configured=1 awake=1
DBG_DWM_MARK_UNCONFIGURED tag=initialise_radio prev_phy=0
DBG_C5_CONTROL_FOLLOWUP_TURNAROUND delay=60 msg=40 reason=node-comm-bounded-control-flood
DBG_DWM_INVALIDATE tag=configure_radio_from_reset active_phy=2 configured=1 awake=0
DBG_DWM_MARK_UNCONFIGURED tag=initialise_radio prev_phy=0
DBG_DWM_INVALIDATE tag=configure_radio_from_reset active_phy=2 configured=1 awake=0
DBG_DWM_MARK_UNCONFIGURED tag=initialise_radio prev_phy=0
DBG_DWM_WAKE_MESH_CTRL_OK sfd=4073
DBG_C5_TX_CONFIG ret=0 ext=1 len=127 msg=40 reason=bounded-c5-flood
DBG_UWB_TX_CH5
DBG_NC o=0000000000000001 g=00000001 w=00 e=00000022 s=00000005 q=0004>0005 r=00000000 f=00000001 t=00000000 p=00000000 a=00
DBG_NC o=0000000000000001 g=00000001 w=00 e=00000042 s=00000005 q=0005>0006 r=00000000 f=00000001 t=00000000 p=00000000 a=00
DBG_NODE_COMM_ATTEMPT handle=1 profile=0 attempt=1 ret=0 rf=1 scheduled=0 state=0
DBG_GATEWAY_RX_START reason=gateway mesh restart active=1 qrx=0 qtx=0 adv_due=0
DBG_ENUM_RF_BEGIN kind=1 handle=1 attempt=1 tries=1
DBG_STACK_RUN_BEGIN epoch=17060499488525545313 run=9 kind=ble_backpressure owner=system_workqueue queue=1 custody=1 credit=0 retry=0 drain=1 src=11068027678940948070 dst=11068027678940948070 session=39321611 seq=11 type=86 sequence=0 previous=0 uptime=58343
DBG_STACK_SAMPLE_BEGIN epoch=17060499488525545313 run=9 sample=9 kind=ble_backpressure owner=system_workqueue queue=1 custody=1 credit=0 retry=0 drain=1 src=11068027678940948070 dst=11068027678940948070 session=39321611 seq=11 type=86 uptime=58343
DBG_STACK_ISR_CONFIG size=8192 run=9 sample=9
DBG_STACK name=BT RX WQ tid=0x2000fe18 used=760 free=776 size=1536 ret=0 run=9 sample=9
DBG_STACK name=mesh_route tid=0x2000d560 used=5888 free=2304 size=8192 ret=0 run=9 sample=9
DBG_STACK name=sysworkq tid=0x20010d70 used=2304 free=2176 size=4480 ret=0 run=9 sample=9
DBG_STACK name=MPSL Work tid=0x20010b28 used=344 free=680 size=1024 ret=0 run=9 sample=9
DBG_STACK name=logging tid=0x2000f920 used=480 free=1568 size=2048 ret=0 run=9 sample=9
DBG_STACK name=idle tid=0x20010c00 used=64 free=256 size=320 ret=0 run=9 sample=9
DBG_STACK_SAMPLE_END run=9 sample=9
DBG_STACK_RUN_END epoch=17060499488525545313 run=9 kind=ble_backpressure owner=system_workqueue outcome=ack queue=1 custody=0 credit=1 retry=0 drain=1 src=11068027678940948070 dst=11068027678940948070 session=39321611 seq=11 type=86 samples=1 sequence=0 previous=0 uptime=58371
DBG_GATEWAY_CH9_RX_CONT_ARM now=58372 rem=500 frames=0 errors=0
DBG_GATEWAY_CH9_RX_COMMAND_PREEMPT now=58381 rem=500 frames=0
DBG_NC o=0000000000000001 g=00000001 w=00 e=00000023 s=00000005 q=0006>0004 r=00000000 f=00000024 t=00000000 p=00000000 a=00
DBG_NODE_COMM_TX_BEGIN handle=1 profile=0 msg=64 dst=0x0 seq=1
DBG_CONTROL_RX_HANDOFF_READY abort=0
DBG_COORD state=idle owner=c5-flood reason=idle rx=0 tx=0 relay=0 route=0 ack=0 qack=0
DBG_DWM_MARK_UNCONFIGURED tag=initialise_radio prev_phy=0
DBG_DWM_INVALIDATE tag=configure_radio_from_reset active_phy=2 configured=1 awake=0
DBG_DWM_MARK_UNCONFIGURED tag=initialise_radio prev_phy=0
DBG_DWM_WAKE_MESH_CTRL_OK sfd=4073
DBG_C5_TX_CONFIG ret=0 ext=1 len=127 msg=40 reason=bounded-c5-flood
DBG_UWB_TX_CH5
DBG_NC o=0000000000000001 g=00000001 w=00 e=00000022 s=00000005 q=0004>0005 r=00000000 f=00000001 t=00000000 p=00000000 a=00
DBG_NC o=0000000000000001 g=00000001 w=00 e=00000042 s=00000005 q=0005>0006 r=00000000 f=00000001 t=00000000 p=00000000 a=00
DBG_NODE_COMM_ATTEMPT handle=1 profile=0 attempt=2 ret=0 rf=1 scheduled=0 state=0
DBG_GATEWAY_RX_START reason=gateway mesh restart active=1 qrx=0 qtx=0 adv_due=0
DBG_COORD state=gateway-rx owner=uwb-rx reason=gateway-rx rx=0 tx=0 relay=0 route=0 ack=0 qack=0
DBG_DWM_INVALIDATE tag=configure_radio_from_reset active_phy=4 configured=1 awake=1
DBG_DWM_MARK_UNCONFIGURED tag=initialise_radio prev_phy=0
DBG_GATEWAY_CH9_RX_CONT_ARM now=58464 rem=500 frames=0 errors=0
DBG_GATEWAY_CH9_RX_CONT_RESULT start=58464 end=58477 ret=-140 fail=0 status=0x02000000 len=0 frames=0
DBG_GATEWAY_CH9_RX_COMMAND_PREEMPT now=58478 rem=500 frames=0
DBG_GATEWAY_CH9_RX_CONT_DONE ret=-140 len=0 fail=0 recover=0
DBG_NC o=0000000000000001 g=00000001 w=00 e=00000023 s=00000005 q=0006>0004 r=00000000 f=00000024 t=00000000 p=00000000 a=00
DBG_NODE_COMM_TX_BEGIN handle=1 profile=0 msg=64 dst=0x0 seq=1
DBG_CONTROL_RX_HANDOFF_READY abort=0
DBG_COORD state=idle owner=c5-flood reason=idle rx=0 tx=0 relay=0 route=0 ack=0 qack=0
DBG_DWM_INVALIDATE tag=configure_radio_from_reset active_phy=3 configured=1 awake=1
DBG_DWM_MARK_UNCONFIGURED tag=initialise_radio prev_phy=0
DBG_DWM_INVALIDATE tag=configure_radio_from_reset active_phy=2 configured=1 awake=0
DBG_DWM_MARK_UNCONFIGURED tag=initialise_radio prev_phy=0
DBG_DWM_WAKE_MESH_CTRL_OK sfd=4073
DBG_C5_TX_CONFIG ret=0 ext=1 len=127 msg=40 reason=bounded-c5-flood
DBG_UWB_TX_CH5
DBG_NC o=0000000000000001 g=00000001 w=00 e=00000022 s=00000005 q=0004>0005 r=00000000 f=00000001 t=00000000 p=00000000 a=00
DBG_NC o=0000000000000001 g=00000001 w=00 e=00000042 s=00000005 q=0005>0006 r=00000000 f=00000001 t=00000000 p=00000000 a=00
DBG_NODE_COMM_ATTEMPT handle=1 profile=0 attempt=3 ret=0 rf=1 scheduled=0 state=0
DBG_GATEWAY_RX_START reason=gateway mesh restart active=1 qrx=0 qtx=0 adv_due=0
DBG_COORD state=gateway-rx owner=uwb-rx reason=gateway-rx rx=0 tx=0 relay=0 route=0 ack=0 qack=0
DBG_DWM_INVALIDATE tag=configure_radio_from_reset active_phy=4 configured=1 awake=1
DBG_DWM_MARK_UNCONFIGURED tag=initialise_radio prev_phy=0
DBG_GATEWAY_CH9_RX_CONT_ARM now=58561 rem=500 frames=0 errors=0
DBG_GATEWAY_CH9_RX_CONT_RESULT start=58561 end=58574 ret=-140 fail=0 status=0x02000000 len=0 frames=0
DBG_GATEWAY_CH9_RX_COMMAND_PREEMPT now=58574 rem=500 frames=0
DBG_GATEWAY_CH9_RX_CONT_DONE ret=-140 len=0 fail=0 recover=0
DBG_NC o=0000000000000001 g=00000001 w=00 e=00000023 s=00000005 q=0006>0004 r=00000000 f=00000024 t=00000000 p=00000000 a=00
DBG_NODE_COMM_TX_BEGIN handle=1 profile=0 msg=64 dst=0x0 seq=1
DBG_CONTROL_RX_HANDOFF_READY abort=0
DBG_COORD state=idle owner=c5-flood reason=idle rx=0 tx=0 relay=0 route=0 ack=0 qack=0
DBG_DWM_INVALIDATE tag=configure_radio_from_reset active_phy=3 configured=1 awake=1
DBG_DWM_MARK_UNCONFIGURED tag=initialise_radio prev_phy=0
DBG_DWM_INVALIDATE tag=configure_radio_from_reset active_phy=2 configured=1 awake=0
DBG_DWM_MARK_UNCONFIGURED tag=initialise_radio prev_phy=0
DBG_DWM_WAKE_MESH_CTRL_OK sfd=4073
DBG_C5_TX_CONFIG ret=0 ext=1 len=127 msg=40 reason=bounded-c5-flood
DBG_UWB_TX_CH5
DBG_NC o=0000000000000001 g=00000001 w=00 e=00000022 s=00000005 q=0004>0005 r=00000000 f=00000001 t=00000000 p=00000000 a=00
DBG_NC o=0000000000000001 g=00000001 w=00 e=00000041 s=00000005 q=0005>0008 r=00000000 f=00000026 t=00000000 p=00000001 a=04
DBG_NODE_COMM_ATTEMPT handle=1 profile=0 attempt=4 ret=0 rf=1 scheduled=0 state=0
DBG_GATEWAY_RX_START reason=gateway mesh restart active=1 qrx=0 qtx=0 adv_due=0
DBG_ENUM_RF_RESULT kind=1 handle=1 success=1 reason=0 tries=4
DBG_COORD state=gateway-rx owner=uwb-rx reason=gateway-rx rx=0 tx=0 relay=0 route=0 ack=0 qack=0
DBG_DWM_INVALIDATE tag=configure_radio_from_reset active_phy=4 configured=1 awake=1
DBG_DWM_MARK_UNCONFIGURED tag=initialise_radio prev_phy=0
DBG_GATEWAY_CH9_RX_CONT_ARM now=58659 rem=500 frames=0 errors=0
DBG_GATEWAY_CH9_RX_CONT_RESULT start=58659 end=59160 ret=-116 fail=0 status=0x02000000 len=0 frames=0
DBG_GATEWAY_CH9_RX_CONT_ARM now=59162 rem=500 frames=0 errors=0
DBG_GATEWAY_CH9_RX_CONT_RESULT start=59162 end=59318 ret=0 fail=0 status=0x00006f00 len=97 frames=0
DBG_UWB_RX_CH9
DBG_GATEWAY_CH9_RX_RELEASE_IDLE
DBG_GATEWAY_RX_DECODE ch=9 msg=0x41 src=0x191a9619c6c8cb07 dst=0x9999888877776666 prev=0x191a9619c6c8cb07 seq=1 flags=0x14 ple
DBG_UWB_RX_CH9
DBG_MESH_RX_QUEUED ch=9 msg=0x41 src=0x191a9619c6c8cb07 dst=0x9999888877776666 prev=0x191a9619c6c8cb07 seq=1 q=1
DBG_MESH_RX_DIRECT_WAIT q=1 reason=gateway-ch9-continuous-rx
DBG_MESH_RX_DIRECT_ENTER q=1 reason=gateway-ch9-continuous-rx
DBG_MESH_RX_DRAIN_ENTER owner=gateway-ch9-continuous-rx q=1
DBG_ENUM_ADAPTIVE_DEADLINE stage=0 observed_hop=1 next_hop=2 wait=4679 deadline=64001
DBG_ENUM_CLAIM_RX epoch=39321608 anchor=0x191a9619c6c8cb07 hop=1 responders=1 roster=1 retained=0
DBG_GATEWAY_ACK_INPUT type=65 src=0x191a9619c6c8cb07 dst=0x9999888877776666 rxseq=1 ackseq=3 len=36 flags=0x14 meta=0
DBG_GATEWAY_ACK_GUARD ms=10 seq=3
DBG_STACK_RUN_BEGIN epoch=17060499488525545313 run=10 kind=ble_backpressure owner=system_workqueue queue=1 custody=1 credit=0 retry=0 drain=1 src=11068027678940948070 dst=11068027678940948070 session=39321612 seq=12 type=86 sequence=0 previous=0 uptime=59324
DBG_STACK_SAMPLE_BEGIN epoch=17060499488525545313 run=10 sample=10 kind=ble_backpressure owner=system_workqueue queue=1 custody=1 credit=0 retry=0 drain=1 src=11068027678940948070 dst=11068027678940948070 session=39321612 seq=12 type=86 uptime=59344
DBG_STACK_ISR_CONFIG size=8192 run=10 sample=10
DBG_STACK name=BT RX WQ tid=0x2000fe18 used=760 free=776 size=1536 ret=0 run=10 sample=10
DBG_STACK name=mesh_route tid=0x2000d560 used=5888 free=2304 size=8192 ret=0 run=10 sample=10
DBG_STACK name=sysworkq tid=0x20010d70 used=2304 free=2176 size=4480 ret=0 run=10 sample=10
DBG_STACK name=MPSL Work tid=0x20010b28 used=344 free=680 size=1024 ret=0 run=10 sample=10
DBG_STACK name=logging tid=0x2000f920 used=480 free=1568 size=2048 ret=0 run=10 sample=10
DBG_STACK name=idle tid=0x20010c00 used=64 free=256 size=320 ret=0 run=10 sample=10
DBG_STACK_SAMPLE_END run=10 sample=10
DBG_STACK_RUN_END epoch=17060499488525545313 run=10 kind=ble_backpressure owner=system_workqueue outcome=ack queue=1 custody=0 credit=1 retry=0 drain=1 src=11068027678940948070 dst=11068027678940948070 session=39321612 seq=12 type=86 samples=1 sequence=0 previous=0 uptime=59361
DBG_COORD state=idle owner=gateway-ack-immediate-channel9 reason=idle rx=0 tx=0 relay=0 route=0 ack=0 qack=0
DBG_CH9_TX_CONFIG ret=0 now=59367 earliest=0 msg=32
DBG_CH9_TX_SEND_AT now=59367 earliest=0 msg=32 len=105
DBG_CH9_TX_RELEASE_IDLE msg=32 seq=4 reason=gateway-ack-immediate-channel9 ret=0
DBG_UWB_TX_CH9
DBG_GATEWAY_ACK_TX_LED
DBG_GATEWAY_RX_REARM_DEFER delay=0 ret=1 active=1
DBG_GATEWAY_RX_START reason=gateway mesh restart active=1 qrx=0 qtx=0 adv_due=0
DBG_GATEWAY_ACK_SEND ret=0 seq=4 dst=0x191a9619c6c8cb07 next=0x191a9619c6c8cb07
DBG_MESH_RX_DRAIN_EXIT owner=gateway-ch9-continuous-rx handled=1 q=0
DBG_GATEWAY_CH9_RX_CONT_RESULT start=59372 end=59628 ret=0 fail=0 status=0x00006f00 len=97 frames=2
DBG_UWB_RX_CH9
DBG_GATEWAY_CH9_RX_RELEASE_IDLE
DBG_GATEWAY_RX_DECODE ch=9 msg=0x41 src=0x56da25fe4af6d141 dst=0x9999888877776666 prev=0x56da25fe4af6d141 seq=1 flags=0x14 ple
DBG_UWB_RX_CH9
DBG_MESH_RX_QUEUED ch=9 msg=0x41 src=0x56da25fe4af6d141 dst=0x9999888877776666 prev=0x56da25fe4af6d141 seq=1 q=1
DBG_COORD state=gateway-rx owner=gateway-ch9-continuous-rx reason=gateway-rx rx=1 tx=0 relay=0 route=0 ack=0 qack=0
DBG_MESH_RX_DIRECT_WAIT q=1 reason=gateway-ch9-continuous-rx
DBG_MESH_RX_DIRECT_ENTER q=1 reason=gateway-ch9-continuous-rx
DBG_MESH_RX_DRAIN_ENTER owner=gateway-ch9-continuous-rx q=1
DBG_ENUM_ADAPTIVE_DEADLINE stage=0 observed_hop=1 next_hop=2 wait=4678 deadline=64311
DBG_ENUM_CLAIM_RX epoch=39321608 anchor=0x56da25fe4af6d141 hop=1 responders=2 roster=2 retained=0
DBG_GATEWAY_ACK_INPUT type=65 src=0x56da25fe4af6d141 dst=0x9999888877776666 rxseq=1 ackseq=5 len=36 flags=0x14 meta=0
DBG_STACK_RUN_BEGIN epoch=17060499488525545313 run=11 kind=ble_backpressure owner=system_workqueue queue=1 custody=1 credit=0 retry=0 drain=1 src=11068027678940948070 dst=11068027678940948070 session=39321613 seq=13 type=86 sequence=0 previous=0 uptime=59635
DBG_STACK_SAMPLE_BEGIN epoch=17060499488525545313 run=11 sample=11 kind=ble_backpressure owner=system_workqueue queue=1 custody=1 credit=0 retry=0 drain=1 src=11068027678940948070 dst=11068027678940948070 session=39321613 seq=13 type=86 uptime=59654
DBG_STACK_ISR_CONFIG size=8192 run=11 sample=11
DBG_STACK name=BT RX WQ tid=0x2000fe18 used=760 free=776 size=1536 ret=0 run=11 sample=11
DBG_STACK name=mesh_route tid=0x2000d560 used=5888 free=2304 size=8192 ret=0 run=11 sample=11
DBG_STACK name=sysworkq tid=0x20010d70 used=2304 free=2176 size=4480 ret=0 run=11 sample=11
DBG_STACK name=MPSL Work tid=0x20010b28 used=344 free=680 size=1024 ret=0 run=11 sample=11
DBG_STACK name=logging tid=0x2000f920 used=480 free=1568 size=2048 ret=0 run=11 sample=11
DBG_STACK name=idle tid=0x20010c00 used=64 free=256 size=320 ret=0 run=11 sample=11
DBG_STACK_SAMPLE_END run=11 sample=11
DBG_STACK_RUN_END epoch=17060499488525545313 run=11 kind=ble_backpressure owner=system_workqueue outcome=ack queue=1 custody=0 credit=1 retry=0 drain=1 src=11068027678940948070 dst=11068027678940948070 session=39321613 seq=13 type=86 samples=1 sequence=0 previous=0 uptime=59671
DBG_COORD state=idle owner=gateway-ack-immediate-channel9 reason=idle rx=0 tx=0 relay=0 route=0 ack=0 qack=0
DBG_CH9_TX_CONFIG ret=0 now=59678 earliest=0 msg=32
DBG_CH9_TX_SEND_AT now=59678 earliest=0 msg=32 len=105
DBG_CH9_TX_RELEASE_IDLE msg=32 seq=6 reason=gateway-ack-immediate-channel9 ret=0
DBG_UWB_TX_CH9
DBG_GATEWAY_ACK_TX_LED
DBG_GATEWAY_RX_REARM_DEFER delay=0 ret=1 active=1
DBG_GATEWAY_RX_START reason=gateway mesh restart active=1 qrx=0 qtx=0 adv_due=0
DBG_GATEWAY_ACK_SEND ret=0 seq=6 dst=0x56da25fe4af6d141 next=0x56da25fe4af6d141
DBG_MESH_RX_DRAIN_EXIT owner=gateway-ch9-continuous-rx handled=1 q=0
DBG_GATEWAY_CH9_RX_CONT_RESULT start=59683 end=60000 ret=0 fail=0 status=0x00006f00 len=97 frames=0
DBG_UWB_RX_CH9
DBG_GATEWAY_CH9_RX_RELEASE_IDLE
DBG_GATEWAY_RX_DECODE ch=9 msg=0x41 src=0x708bc0aab970300e dst=0x9999888877776666 prev=0x708bc0aab970300e seq=1 flags=0x14 ple
DBG_UWB_RX_CH9
DBG_MESH_RX_QUEUED ch=9 msg=0x41 src=0x708bc0aab970300e dst=0x9999888877776666 prev=0x708bc0aab970300e seq=1 q=1
DBG_MESH_RX_DIRECT_WAIT q=1 reason=gateway-ch9-continuous-rx
DBG_MESH_RX_DIRECT_ENTER q=1 reason=gateway-ch9-continuous-rx
DBG_MESH_RX_DRAIN_ENTER owner=gateway-ch9-continuous-rx q=1
DBG_ENUM_ADAPTIVE_DEADLINE stage=0 observed_hop=1 next_hop=2 wait=4678 deadline=64683
DBG_ENUM_CONFIRM ret=1
DBG_ENUM_CLAIM_RX epoch=39321608 anchor=0x708bc0aab970300e hop=1 responders=3 roster=3 retained=0
DBG_GATEWAY_ACK_INPUT type=65 src=0x708bc0aab970300e dst=0x9999888877776666 rxseq=1 ackseq=7 len=36 flags=0x14 meta=0
DBG_GATEWAY_ACK_GUARD ms=10 seq=7
DBG_STACK_RUN_BEGIN epoch=17060499488525545313 run=12 kind=ble_backpressure owner=system_workqueue queue=1 custody=1 credit=0 retry=0 drain=1 src=11068027678940948070 dst=11068027678940948070 session=39321614 seq=14 type=86 sequence=0 previous=0 uptime=60007
DBG_STACK_SAMPLE_BEGIN epoch=17060499488525545313 run=12 sample=12 kind=ble_backpressure owner=system_workqueue queue=1 custody=1 credit=0 retry=0 drain=1 src=11068027678940948070 dst=11068027678940948070 session=39321614 seq=14 type=86 uptime=60027
DBG_STACK_ISR_CONFIG size=8192 run=12 sample=12
DBG_STACK name=BT RX WQ tid=0x2000fe18 used=760 free=776 size=1536 ret=0 run=12 sample=12
DBG_STACK name=mesh_route tid=0x2000d560 used=5888 free=2304 size=8192 ret=0 run=12 sample=12
DBG_STACK name=sysworkq tid=0x20010d70 used=2304 free=2176 size=4480 ret=0 run=12 sample=12
DBG_STACK name=MPSL Work tid=0x20010b28 used=344 free=680 size=1024 ret=0 run=12 sample=12
DBG_STACK name=logging tid=0x2000f920 used=480 free=1568 size=2048 ret=0 run=12 sample=12
DBG_STACK name=idle tid=0x20010c00 used=64 free=256 size=320 ret=0 run=12 sample=12
DBG_STACK_SAMPLE_END run=12 sample=12
DBG_STACK_RUN_END epoch=17060499488525545313 run=12 kind=ble_backpressure owner=system_workqueue outcome=ack queue=1 custody=0 credit=1 retry=0 drain=1 src=11068027678940948070 dst=11068027678940948070 session=39321614 seq=14 type=86 samples=1 sequence=0 previous=0 uptime=60045
DBG_COORD state=idle owner=gateway-ack-immediate-channel9 reason=idle rx=0 tx=0 relay=0 route=0 ack=0 qack=0
DBG_CH9_TX_CONFIG ret=0 now=60050 earliest=0 msg=32
DBG_CH9_TX_SEND_AT now=60050 earliest=0 msg=32 len=105
DBG_UWB_TX_CH9
DBG_GATEWAY_ACK_TX_LED
DBG_GATEWAY_RX_REARM_DEFER delay=0 ret=1 active=1
DBG_GATEWAY_RX_START reason=gateway mesh restart active=1 qrx=0 qtx=0 adv_due=0
DBG_GATEWAY_ACK_SEND ret=0 seq=8 dst=0x708bc0aab970300e next=0x708bc0aab970300e
DBG_MESH_RX_DRAIN_EXIT owner=gateway-ch9-continuous-rx handled=1 q=0
DBG_MESH_RX_DIRECT_EXIT handled=1 q=0 reason=gateway-ch9-continuous-rx
DBG_GATEWAY_CH9_RX_CONT_RESULT start=60055 end=60184 ret=-116 fail=0 status=0x00000000 len=0 frames=2
DBG_MESH_RX_WORK_WAIT q=0
DBG_MESH_RX_WORK_ENTER q=0
DBG_MESH_RX_DRAIN_ENTER owner=work q=0
DBG_MESH_RX_DRAIN_EXIT owner=work handled=0 q=0
DBG_MESH_RX_WORK_EXIT handled=0 q=0
DBG_GATEWAY_RX_REARM_RUN delay=0 ret=1 active=1
DBG_COORD state=gateway-rx owner=uwb-rx reason=gateway-rx rx=0 tx=0 relay=0 route=0 ack=0 qack=0
DBG_GATEWAY_CH9_RX_CONT_ARM now=60185 rem=500 frames=0 errors=0
DBG_GATEWAY_CH9_RX_CONT_RESULT start=60185 end=60686 ret=-116 fail=0 status=0x00000000 len=0 frames=0
DBG_GATEWAY_COMMAND_PRIORITY_SUBMIT ret=0 now=60687
DBG_GATEWAY_CH9_RX_CONT_ARM now=60688 rem=500 frames=0 errors=0
DBG_GATEWAY_CH9_RX_CONT_RESULT start=60688 end=60689 ret=-140 fail=0 status=0x00000000 len=0 frames=0
DBG_GATEWAY_CH9_RX_COMMAND_PREEMPT now=60690 rem=500 frames=0
DBG_GATEWAY_CH9_RX_CONT_DONE ret=-140 len=0 fail=0 recover=0
DBG_NC o=0000000000000002 g=00000002 w=00 e=0000003c s=00000005 q=0000>0004 r=00000000 f=00000024 t=00000000 p=00000000 a=00
DBG_NODE_COMM_SUBMIT handle=2 profile=6 token=17039362 deadline=70693
DBG_ENUM_FLOOD kind=2 handle=2
DBG_ENUM_TABLE_TX epoch=39321608 count=3 round=1 ret=0
DBG_NODE_COMM_TX_BEGIN handle=2 profile=6 msg=64 dst=0x0 seq=2
DBG_CONTROL_RX_HANDOFF_READY abort=0
DBG_COORD state=idle owner=c5-flood reason=idle rx=0 tx=0 relay=0 route=0 ack=0 qack=0
DBG_DWM_INVALIDATE tag=configure_radio_from_reset active_phy=3 configured=1 awake=1
DBG_DWM_MARK_UNCONFIGURED tag=initialise_radio prev_phy=0
DBG_DWM_INVALIDATE tag=configure_radio_from_reset active_phy=2 configured=1 awake=0
DBG_DWM_MARK_UNCONFIGURED tag=initialise_radio prev_phy=0
DBG_DWM_WAKE_MESH_CTRL_OK sfd=4073
DBG_C5_TX_CONFIG ret=0 ext=1 len=187 msg=40 reason=bounded-c5-flood
DBG_UWB_TX_CH5
DBG_NC o=0000000000000002 g=00000002 w=00 e=00000022 s=00000005 q=0004>0005 r=00000000 f=00000001 t=00000000 p=00000000 a=00
DBG_NC o=0000000000000002 g=00000002 w=00 e=00000041 s=00000005 q=0005>0008 r=00000000 f=00000026 t=00000000 p=00000001 a=01
DBG_NODE_COMM_ATTEMPT handle=2 profile=6 attempt=1 ret=0 rf=1 scheduled=0 state=0
DBG_GATEWAY_RX_START reason=gateway mesh restart active=1 qrx=0 qtx=0 adv_due=0
DBG_ENUM_RF_RESULT kind=2 handle=2 success=1 reason=0 tries=1
DBG_COORD state=gateway-rx owner=uwb-rx reason=gateway-rx rx=0 tx=0 relay=0 route=0 ack=0 qack=0
DBG_DWM_INVALIDATE tag=configure_radio_from_reset active_phy=4 configured=1 awake=1
DBG_DWM_MARK_UNCONFIGURED tag=initialise_radio prev_phy=0
DBG_GATEWAY_CH9_RX_CONT_ARM now=60778 rem=500 frames=0 errors=0
DBG_GATEWAY_CH9_RX_CONT_RESULT start=60778 end=61279 ret=-116 fail=0 status=0x02000000 len=0 frames=0
DBG_GATEWAY_CH9_RX_CONT_ARM now=61281 rem=500 frames=0 errors=0
DBG_GATEWAY_CH9_RX_CONT_RESULT start=61281 end=61364 ret=0 fail=0 status=0x00006f00 len=131 frames=0
DBG_UWB_RX_CH9
DBG_GATEWAY_CH9_RX_RELEASE_IDLE
DBG_GATEWAY_RX_DECODE ch=9 msg=0x41 src=0x708bc0aab970300e dst=0x9999888877776666 prev=0x708bc0aab970300e seq=2 flags=0x14 ple
DBG_UWB_RX_CH9
DBG_MESH_RX_QUEUED ch=9 msg=0x41 src=0x708bc0aab970300e dst=0x9999888877776666 prev=0x708bc0aab970300e seq=2 q=1
DBG_MESH_RX_DIRECT_WAIT q=1 reason=gateway-ch9-continuous-rx
DBG_MESH_RX_DIRECT_ENTER q=1 reason=gateway-ch9-continuous-rx
DBG_MESH_RX_DRAIN_ENTER owner=gateway-ch9-continuous-rx q=1
DBG_ENUM_ADAPTIVE_DEADLINE stage=1 observed_hop=1 next_hop=2 wait=4694 deadline=66063
DBG_DISCOVERY_SLOT_ACK_RX epoch=39321608 anchor=0x708bc0aab970300e hop=1 acked=1 missing=2
DBG_GATEWAY_ACK_INPUT type=65 src=0x708bc0aab970300e dst=0x9999888877776666 rxseq=2 ackseq=9 len=70 flags=0x14 meta=0
DBG_GATEWAY_ACK_GUARD ms=10 seq=9
DBG_COORD state=idle owner=gateway-ack-immediate-channel9 reason=idle rx=0 tx=0 relay=0 route=0 ack=0 qack=0
DBG_CH9_TX_CONFIG ret=0 now=61382 earliest=0 msg=32
DBG_CH9_TX_SEND_AT now=61382 earliest=0 msg=32 len=105
DBG_UWB_TX_CH9
DBG_GATEWAY_ACK_TX_LED
DBG_GATEWAY_CH9_RX_CONT_RESULT start=61387 end=61398 ret=0 fail=0 status=0x00006f00 len=131 frames=1
DBG_UWB_RX_CH9
DBG_GATEWAY_CH9_RX_RELEASE_IDLE
DBG_GATEWAY_RX_DECODE ch=9 msg=0x41 src=0x56da25fe4af6d141 dst=0x9999888877776666 prev=0x56da25fe4af6d141 seq=2 flags=0x14 ple
DBG_UWB_RX_CH9
DBG_MESH_RX_QUEUED ch=9 msg=0x41 src=0x56da25fe4af6d141 dst=0x9999888877776666 prev=0x56da25fe4af6d141 seq=2 q=1
DBG_COORD state=gateway-rx owner=gateway-ch9-continuous-rx reason=gateway-rx rx=1 tx=0 relay=0 route=0 ack=0 qack=0
DBG_MESH_RX_DIRECT_WAIT q=1 reason=gateway-ch9-continuous-rx
DBG_MESH_RX_DIRECT_ENTER q=1 reason=gateway-ch9-continuous-rx
DBG_MESH_RX_DRAIN_ENTER owner=gateway-ch9-continuous-rx q=1
DBG_ENUM_ADAPTIVE_DEADLINE stage=1 observed_hop=1 next_hop=2 wait=4694 deadline=66097
DBG_DISCOVERY_SLOT_ACK_RX epoch=39321608 anchor=0x56da25fe4af6d141 hop=1 acked=2 missing=1
DBG_GATEWAY_ACK_INPUT type=65 src=0x56da25fe4af6d141 dst=0x9999888877776666 rxseq=2 ackseq=10 len=70 flags=0x14 meta=0
DBG_GATEWAY_ACK_GUARD ms=10 seq=10
DBG_CH9_TX_CONFIG ret=0 now=61416 earliest=0 msg=32
DBG_UWB_TX_CH9
DBG_GATEWAY_ACK_TX_LED
DBG_GATEWAY_CH9_RX_CONT_RESULT start=61421 end=61433 ret=0 fail=0 status=0x00006f00 len=105 frames=2
DBG_UWB_RX_CH9
DBG_GATEWAY_CH9_RX_RELEASE_IDLE
DBG_GATEWAY_RX_DECODE ch=9 msg=0x33 src=0x56da25fe4af6d141 dst=0x9999888877776666 prev=0x56da25fe4af6d141 seq=2 flags=0x04 ple
DBG_UWB_RX_CH9
DBG_MESH_RX_QUEUED ch=9 msg=0x33 src=0x56da25fe4af6d141 dst=0x9999888877776666 prev=0x56da25fe4af6d141 seq=2 q=1
DBG_COORD state=gateway-rx owner=gateway-ch9-continuous-rx reason=gateway-rx rx=1 tx=0 relay=0 route=0 ack=0 qack=0
DBG_MESH_RX_DIRECT_WAIT q=1 reason=gateway-ch9-continuous-rx
DBG_MESH_RX_DIRECT_ENTER q=1 reason=gateway-ch9-continuous-rx
DBG_MESH_RX_DRAIN_ENTER owner=gateway-ch9-continuous-rx q=1
DBG_ENUM_ADAPTIVE_DEADLINE stage=1 observed_hop=1 next_hop=2 wait=4700 deadline=66137
DBG_ENUM_CONFIRM ret=1
DBG_GATEWAY_ACK_INPUT type=51 src=0x56da25fe4af6d141 dst=0x9999888877776666 rxseq=2 ackseq=11 len=44 flags=0x04 meta=0
DBG_GATEWAY_ACK_GUARD ms=10 seq=11
DBG_STACK_RUN_BEGIN epoch=17060499488525545313 run=13 kind=ble_backpressure owner=system_workqueue queue=1 custody=1 credit=0 retry=0 drain=1 src=11068027678940948070 dst=11068027678940948070 session=39321617 seq=17 type=86 sequence=0 previous=0 uptime=61439
DBG_STACK_SAMPLE_BEGIN epoch=17060499488525545313 run=13 sample=13 kind=ble_backpressure owner=system_workqueue queue=1 custody=1 credit=0 retry=0 drain=1 src=11068027678940948070 dst=11068027678940948070 session=39321617 seq=17 type=86 uptime=61461
DBG_STACK_ISR_CONFIG size=8192 run=13 sample=13
DBG_STACK name=BT RX WQ tid=0x2000fe18 used=760 free=776 size=1536 ret=0 run=13 sample=13
DBG_STACK name=mesh_route tid=0x2000d560 used=5888 free=2304 size=8192 ret=0 run=13 sample=13
DBG_STACK name=sysworkq tid=0x20010d70 used=2304 free=2176 size=4480 ret=0 run=13 sample=13
DBG_STACK name=MPSL Work tid=0x20010b28 used=344 free=680 size=1024 ret=0 run=13 sample=13
DBG_STACK name=logging tid=0x2000f920 used=480 free=1568 size=2048 ret=0 run=13 sample=13
DBG_STACK name=idle tid=0x20010c00 used=64 free=256 size=320 ret=0 run=13 sample=13
DBG_STACK_SAMPLE_END run=13 sample=13
DBG_STACK_RUN_END epoch=17060499488525545313 run=13 kind=ble_backpressure owner=system_workqueue outcome=ack queue=1 custody=0 credit=1 retry=0 drain=1 src=11068027678940948070 dst=11068027678940948070 session=39321617 seq=17 type=86 samples=1 sequence=0 previous=0 uptime=61479
DBG_GATEWAY_CH9_RX_CONT_RESULT start=61454 end=61712 ret=0 fail=0 status=0x00006f00 len=105 frames=3
DBG_UWB_RX_CH9
DBG_GATEWAY_CH9_RX_RELEASE_IDLE
DBG_GATEWAY_RX_DECODE ch=9 msg=0x33 src=0x708bc0aab970300e dst=0x9999888877776666 prev=0x708bc0aab970300e seq=2 flags=0x04 ple
DBG_UWB_RX_CH9
DBG_MESH_RX_QUEUED ch=9 msg=0x33 src=0x708bc0aab970300e dst=0x9999888877776666 prev=0x708bc0aab970300e seq=2 q=1
DBG_COORD state=gateway-rx owner=gateway-ch9-continuous-rx reason=gateway-rx rx=1 tx=0 relay=0 route=0 ack=0 qack=0
DBG_MESH_RX_DIRECT_WAIT q=1 reason=gateway-ch9-continuous-rx
DBG_MESH_RX_DIRECT_ENTER q=1 reason=gateway-ch9-continuous-rx
DBG_MESH_RX_DRAIN_ENTER owner=gateway-ch9-continuous-rx q=1
DBG_ENUM_ADAPTIVE_DEADLINE stage=1 observed_hop=1 next_hop=2 wait=4700 deadline=66415
DBG_ENUM_CONFIRM ret=1
DBG_GATEWAY_ACK_INPUT type=51 src=0x708bc0aab970300e dst=0x9999888877776666 rxseq=2 ackseq=12 len=44 flags=0x04 meta=0
DBG_GATEWAY_ACK_GUARD ms=10 seq=12
DBG_STACK_RUN_BEGIN epoch=17060499488525545313 run=14 kind=ble_backpressure owner=system_workqueue queue=1 custody=1 credit=0 retry=0 drain=1 src=11068027678940948070 dst=11068027678940948070 session=39321618 seq=18 type=86 sequence=0 previous=0 uptime=61717
DBG_STACK_SAMPLE_BEGIN epoch=17060499488525545313 run=14 sample=14 kind=ble_backpressure owner=system_workqueue queue=1 custody=1 credit=0 retry=0 drain=1 src=11068027678940948070 dst=11068027678940948070 session=39321618 seq=18 type=86 uptime=61739
DBG_STACK_ISR_CONFIG size=8192 run=14 sample=14
DBG_STACK name=BT RX WQ tid=0x2000fe18 used=760 free=776 size=1536 ret=0 run=14 sample=14
DBG_STACK name=mesh_route tid=0x2000d560 used=5888 free=2304 size=8192 ret=0 run=14 sample=14
DBG_STACK name=sysworkq tid=0x20010d70 used=2304 free=2176 size=4480 ret=0 run=14 sample=14
DBG_STACK name=MPSL Work tid=0x20010b28 used=376 free=648 size=1024 ret=0 run=14 sample=14
DBG_STACK name=logging tid=0x2000f920 used=480 free=1568 size=2048 ret=0 run=14 sample=14
DBG_STACK name=idle tid=0x20010c00 used=64 free=256 size=320 ret=0 run=14 sample=14
DBG_STACK_SAMPLE_END run=14 sample=14
DBG_STACK_RUN_END epoch=17060499488525545313 run=14 kind=ble_backpressure owner=system_workqueue outcome=ack queue=1 custody=0 credit=1 retry=0 drain=1 src=11068027678940948070 dst=11068027678940948070 session=39321618 seq=18 type=86 samples=1 sequence=0 previous=0 uptime=61759
DBG_GATEWAY_CH9_RX_CONT_RESULT start=61733 end=61782 ret=-116 fail=0 status=0x00000000 len=0 frames=4
DBG_MESH_RX_WORK_WAIT q=0
DBG_MESH_RX_WORK_ENTER q=0
DBG_MESH_RX_DRAIN_ENTER owner=work q=0
DBG_MESH_RX_DRAIN_EXIT owner=work handled=0 q=0
DBG_MESH_RX_WORK_EXIT handled=0 q=0
DBG_GATEWAY_RX_REARM_RUN delay=0 ret=1 active=1
DBG_COORD state=gateway-rx owner=uwb-rx reason=gateway-rx rx=0 tx=0 relay=0 route=0 ack=0 qack=0
DBG_GATEWAY_CH9_RX_CONT_ARM now=61783 rem=500 frames=0 errors=0
DBG_GATEWAY_CH9_RX_CONT_RESULT start=61783 end=62091 ret=0 fail=0 status=0x00006f00 len=131 frames=0
DBG_UWB_RX_CH9
DBG_GATEWAY_CH9_RX_RELEASE_IDLE
DBG_GATEWAY_RX_DECODE ch=9 msg=0x41 src=0x191a9619c6c8cb07 dst=0x9999888877776666 prev=0x191a9619c6c8cb07 seq=2 flags=0x14 ple
DBG_UWB_RX_CH9
DBG_MESH_RX_QUEUED ch=9 msg=0x41 src=0x191a9619c6c8cb07 dst=0x9999888877776666 prev=0x191a9619c6c8cb07 seq=2 q=1
DBG_MESH_RX_DIRECT_WAIT q=1 reason=gateway-ch9-continuous-rx
DBG_MESH_RX_DIRECT_ENTER q=1 reason=gateway-ch9-continuous-rx
DBG_MESH_RX_DRAIN_ENTER owner=gateway-ch9-continuous-rx q=1
DBG_ENUM_ADAPTIVE_DEADLINE stage=1 observed_hop=1 next_hop=2 wait=4694 deadline=66790
DBG_DISCOVERY_SLOT_ACK_RX epoch=39321608 anchor=0x191a9619c6c8cb07 hop=1 acked=3 missing=0
DBG_GATEWAY_ACK_INPUT type=65 src=0x191a9619c6c8cb07 dst=0x9999888877776666 rxseq=2 ackseq=13 len=70 flags=0x14 meta=0
DBG_GATEWAY_ACK_GUARD ms=10 seq=13
DBG_COORD state=idle owner=gateway-ack-immediate-channel9 reason=idle rx=0 tx=0 relay=0 route=0 ack=0 qack=0
DBG_CH9_TX_CONFIG ret=0 now=62109 earliest=0 msg=32
DBG_UWB_TX_CH9
DBG_GATEWAY_ACK_TX_LED
DBG_GATEWAY_CH9_RX_CONT_RESULT start=62114 end=62126 ret=0 fail=0 status=0x00006f00 len=105 frames=1
DBG_UWB_RX_CH9
DBG_GATEWAY_CH9_RX_RELEASE_IDLE
DBG_GATEWAY_RX_DECODE ch=9 msg=0x33 src=0x191a9619c6c8cb07 dst=0x9999888877776666 prev=0x191a9619c6c8cb07 seq=2 flags=0x04 ple
DBG_UWB_RX_CH9
DBG_MESH_RX_QUEUED ch=9 msg=0x33 src=0x191a9619c6c8cb07 dst=0x9999888877776666 prev=0x191a9619c6c8cb07 seq=2 q=1
DBG_COORD state=gateway-rx owner=gateway-ch9-continuous-rx reason=gateway-rx rx=1 tx=0 relay=0 route=0 ack=0 qack=0
DBG_MESH_RX_DIRECT_WAIT q=1 reason=gateway-ch9-continuous-rx
DBG_MESH_RX_DIRECT_ENTER q=1 reason=gateway-ch9-continuous-rx
DBG_MESH_RX_DRAIN_ENTER owner=gateway-ch9-continuous-rx q=1
DBG_ENUM_ADAPTIVE_DEADLINE stage=1 observed_hop=1 next_hop=2 wait=4700 deadline=66830
DBG_ENUM_CONFIRM ret=1
DBG_STACK_RUN_BEGIN epoch=17060499488525545313 run=15 kind=ble_backpressure owner=system_workqueue queue=1 custody=1 credit=0 retry=0 drain=1 src=11068027678940948070 dst=11068027678940948070 session=39321619 seq=19 type=86 sequence=0 previous=0 uptime=62131
DBG_STACK_SAMPLE_BEGIN epoch=17060499488525545313 run=15 sample=15 kind=ble_backpressure owner=system_workqueue queue=1 custody=1 credit=0 retry=0 drain=1 src=11068027678940948070 dst=11068027678940948070 session=39321619 seq=19 type=86 uptime=62136
DBG_STACK_ISR_CONFIG size=8192 run=15 sample=15
DBG_STACK name=BT RX WQ tid=0x2000fe18 used=760 free=776 size=1536 ret=0 run=15 sample=15
DBG_STACK name=mesh_route tid=0x2000d560 used=5888 free=2304 size=8192 ret=0 run=15 sample=15
DBG_STACK name=sysworkq tid=0x20010d70 used=2304 free=2176 size=4480 ret=0 run=15 sample=15
DBG_STACK name=MPSL Work tid=0x20010b28 used=376 free=648 size=1024 ret=0 run=15 sample=15
DBG_STACK name=logging tid=0x2000f920 used=480 free=1568 size=2048 ret=0 run=15 sample=15
DBG_STACK name=idle tid=0x20010c00 used=64 free=256 size=320 ret=0 run=15 sample=15
DBG_STACK_SAMPLE_END run=15 sample=15
DBG_STACK_RUN_END epoch=17060499488525545313 run=15 kind=ble_backpressure owner=system_workqueue outcome=ack queue=1 custody=0 credit=1 retry=0 drain=1 src=11068027678940948070 dst=11068027678940948070 session=39321619 seq=19 type=86 samples=1 sequence=0 previous=0 uptime=62160
DBG_GATEWAY_CH9_RX_CONT_RESULT start=62148 end=62284 ret=-116 fail=0 status=0x00000000 len=0 frames=2
DBG_MESH_RX_WORK_WAIT q=0
DBG_MESH_RX_WORK_ENTER q=0
DBG_MESH_RX_DRAIN_ENTER owner=work q=0
DBG_MESH_RX_DRAIN_EXIT owner=work handled=0 q=0
DBG_MESH_RX_WORK_EXIT handled=0 q=0
DBG_GATEWAY_RX_REARM_RUN delay=0 ret=1 active=1
DBG_COORD state=gateway-rx owner=uwb-rx reason=gateway-rx rx=0 tx=0 relay=0 route=0 ack=0 qack=0
DBG_GATEWAY_CH9_RX_CONT_ARM now=62285 rem=500 frames=0 errors=0
DBG_GATEWAY_CH9_RX_CONT_RESULT start=62285 end=62786 ret=-116 fail=0 status=0x00000000 len=0 frames=0
DBG_NC o=0000000000000003 g=00000003 w=00 e=0000003c s=00000005 q=0000>0004 r=00000000 f=00000024 t=00000000 p=00000000 a=00
DBG_NODE_COMM_SUBMIT handle=3 profile=6 token=17039363 deadline=72787
DBG_ENUM_FLOOD kind=3 handle=3
DBG_ENUM_END_TX epoch=39321608 table_seq=39321615 ret=0
DBG_NODE_COMM_TX_BEGIN handle=3 profile=6 msg=64 dst=0x0 seq=3
DBG_CONTROL_RX_HANDOFF_READY abort=0
DBG_COORD state=idle owner=c5-flood reason=idle rx=0 tx=0 relay=0 route=0 ack=0 qack=0
DBG_DWM_INVALIDATE tag=configure_radio_from_reset active_phy=3 configured=1 awake=1
DBG_DWM_MARK_UNCONFIGURED tag=initialise_radio prev_phy=0
DBG_DWM_INVALIDATE tag=configure_radio_from_reset active_phy=2 configured=1 awake=0
DBG_DWM_MARK_UNCONFIGURED tag=initialise_radio prev_phy=0
DBG_DWM_WAKE_MESH_CTRL_OK sfd=4073
DBG_C5_TX_CONFIG ret=0 ext=1 len=169 msg=40 reason=bounded-c5-flood
DBG_UWB_TX_CH5
DBG_NC o=0000000000000003 g=00000003 w=00 e=00000022 s=00000005 q=0004>0005 r=00000000 f=00000001 t=00000000 p=00000000 a=00
DBG_NC o=0000000000000003 g=00000003 w=00 e=00000041 s=00000005 q=0005>0008 r=00000000 f=00000026 t=00000000 p=00000001 a=01
DBG_NODE_COMM_ATTEMPT handle=3 profile=6 attempt=1 ret=0 rf=1 scheduled=0 state=0
DBG_GATEWAY_RX_START reason=gateway mesh restart active=1 qrx=0 qtx=0 adv_due=0
DBG_ENUM_RF_RESULT kind=3 handle=3 success=1 reason=0 tries=1
DBG_STACK_RUN_BEGIN epoch=17060499488525545313 run=16 kind=ble_backpressure owner=system_workqueue queue=2 custody=2 credit=0 retry=0 drain=2 src=11068027678940948070 dst=11068027678940948070 session=39321622 seq=22 type=86 sequence=0 previous=0 uptime=62845
DBG_STACK_SAMPLE_BEGIN epoch=17060499488525545313 run=16 sample=16 kind=ble_backpressure owner=system_workqueue queue=2 custody=2 credit=0 retry=0 drain=2 src=11068027678940948070 dst=11068027678940948070 session=39321622 seq=22 type=86 uptime=62845
DBG_STACK_ISR_CONFIG size=8192 run=16 sample=16
DBG_STACK name=BT RX WQ tid=0x2000fe18 used=760 free=776 size=1536 ret=0 run=16 sample=16
DBG_STACK name=mesh_route tid=0x2000d560 used=5888 free=2304 size=8192 ret=0 run=16 sample=16
DBG_STACK name=sysworkq tid=0x20010d70 used=2304 free=2176 size=4480 ret=0 run=16 sample=16
DBG_STACK name=MPSL Work tid=0x20010b28 used=376 free=648 size=1024 ret=0 run=16 sample=16
DBG_STACK name=logging tid=0x2000f920 used=480 free=1568 size=2048 ret=0 run=16 sample=16
DBG_STACK name=idle tid=0x20010c00 used=64 free=256 size=320 ret=0 run=16 sample=16
DBG_STACK_SAMPLE_END run=16 sample=16
DBG_STACK_RUN_END epoch=17060499488525545313 run=16 kind=ble_backpressure owner=system_workqueue outcome=ack queue=2 custody=0 credit=1 retry=0 drain=2 src=11068027678940948070 dst=11068027678940948070 session=39321622 seq=22 type=86 samples=1 sequence=0 previous=0 uptime=62872
DBG_GATEWAY_CH9_RX_CONT_ARM now=62875 rem=500 frames=0 errors=0
DBG_STACK_RUN_BEGIN epoch=17060499488525545313 run=17 kind=ble_backpressure owner=system_workqueue queue=2 custody=2 credit=0 retry=0 drain=2 src=11068027678940948070 dst=11068027678940948070 session=2619539843 seq=387 type=65 sequence=0 previous=0 uptime=62944
DBG_STACK_SAMPLE_BEGIN epoch=17060499488525545313 run=17 sample=17 kind=ble_backpressure owner=system_workqueue queue=2 custody=2 credit=0 retry=0 drain=2 src=11068027678940948070 dst=11068027678940948070 session=2619539843 seq=387 type=65 uptime=62944
DBG_STACK_ISR_CONFIG size=8192 run=17 sample=17
DBG_STACK name=BT RX WQ tid=0x2000fe18 used=760 free=776 size=1536 ret=0 run=17 sample=17
DBG_STACK name=mesh_route tid=0x2000d560 used=5888 free=2304 size=8192 ret=0 run=17 sample=17
DBG_STACK name=sysworkq tid=0x20010d70 used=2408 free=2072 size=4480 ret=0 run=17 sample=17
DBG_STACK name=MPSL Work tid=0x20010b28 used=376 free=648 size=1024 ret=0 run=17 sample=17
DBG_STACK name=logging tid=0x2000f920 used=480 free=1568 size=2048 ret=0 run=17 sample=17
DBG_STACK name=idle tid=0x20010c00 used=64 free=256 size=320 ret=0 run=17 sample=17
DBG_STACK_SAMPLE_END run=17 sample=17
DBG_STACK_RUN_END epoch=17060499488525545313 run=17 kind=ble_backpressure owner=system_workqueue outcome=ack queue=2 custody=0 credit=1 retry=0 drain=2 src=11068027678940948070 dst=11068027678940948070 session=2619539843 seq=387 type=65 samples=1 sequence=0 previous=0 uptime=62956
DBG_STACK_RUN_BEGIN epoch=17060499488525545313 run=18 kind=ble_backpressure owner=system_workqueue queue=1 custody=1 credit=0 retry=0 drain=1 src=11068027678940948070 dst=11068027678940948070 session=39321623 seq=23 type=86 sequence=0 previous=0 uptime=63078
DBG_STACK_SAMPLE_BEGIN epoch=17060499488525545313 run=18 sample=18 kind=ble_backpressure owner=system_workqueue queue=1 custody=1 credit=0 retry=0 drain=1 src=11068027678940948070 dst=11068027678940948070 session=39321623 seq=23 type=86 uptime=63079
DBG_STACK_ISR_CONFIG size=8192 run=18 sample=18
DBG_STACK name=BT RX WQ tid=0x2000fe18 used=760 free=776 size=1536 ret=0 run=18 sample=18
DBG_STACK name=mesh_route tid=0x2000d560 used=5888 free=2304 size=8192 ret=0 run=18 sample=18
DBG_STACK name=sysworkq tid=0x20010d70 used=2408 free=2072 size=4480 ret=0 run=18 sample=18
DBG_STACK name=MPSL Work tid=0x20010b28 used=376 free=648 size=1024 ret=0 run=18 sample=18
DBG_STACK name=logging tid=0x2000f920 used=480 free=1568 size=2048 ret=0 run=18 sample=18
DBG_STACK name=idle tid=0x20010c00 used=64 free=256 size=320 ret=0 run=18 sample=18
DBG_STACK_SAMPLE_END run=18 sample=18
DBG_STACK_RUN_END epoch=17060499488525545313 run=18 kind=ble_backpressure owner=system_workqueue outcome=ack queue=1 custody=0 credit=1 retry=0 drain=1 src=11068027678940948070 dst=11068027678940948070 session=39321623 seq=23 type=86 samples=1 sequence=0 previous=0 uptime=63103
DBG_STACK_RUN_BEGIN epoch=17060499488525545313 run=19 kind=ble_backpressure owner=system_workqueue queue=1 custody=1 credit=0 retry=0 drain=1 src=11068027678940948070 dst=11068027678940948070 session=39321624 seq=24 type=86 sequence=0 previous=0 uptime=63214
DBG_STACK_SAMPLE_BEGIN epoch=17060499488525545313 run=19 sample=19 kind=ble_backpressure owner=system_workqueue queue=1 custody=1 credit=0 retry=0 drain=1 src=11068027678940948070 dst=11068027678940948070 session=39321624 seq=24 type=86 uptime=63214
DBG_STACK_ISR_CONFIG size=8192 run=19 sample=19
DBG_STACK name=BT RX WQ tid=0x2000fe18 used=760 free=776 size=1536 ret=0 run=19 sample=19
DBG_STACK name=mesh_route tid=0x2000d560 used=5888 free=2304 size=8192 ret=0 run=19 sample=19
DBG_STACK name=sysworkq tid=0x20010d70 used=2408 free=2072 size=4480 ret=0 run=19 sample=19
DBG_STACK name=MPSL Work tid=0x20010b28 used=376 free=648 size=1024 ret=0 run=19 sample=19
DBG_STACK name=logging tid=0x2000f920 used=480 free=1568 size=2048 ret=0 run=19 sample=19
DBG_STACK name=idle tid=0x20010c00 used=64 free=256 size=320 ret=0 run=19 sample=19
DBG_STACK_SAMPLE_END run=19 sample=19
DBG_STACK_RUN_END epoch=17060499488525545313 run=19 kind=ble_backpressure owner=system_workqueue outcome=ack queue=1 custody=0 credit=1 retry=0 drain=1 src=11068027678940948070 dst=11068027678940948070 session=39321624 seq=24 type=86 samples=1 sequence=0 previous=0 uptime=63225
DBG_STACK_RUN_BEGIN epoch=17060499488525545313 run=20 kind=ble_backpressure owner=system_workqueue queue=1 custody=1 credit=0 retry=0 drain=1 src=11068027678940948070 dst=11068027678940948070 session=39321625 seq=25 type=86 sequence=0 previous=0 uptime=63304
DBG_STACK_SAMPLE_BEGIN epoch=17060499488525545313 run=20 sample=20 kind=ble_backpressure owner=system_workqueue queue=1 custody=1 credit=0 retry=0 drain=1 src=11068027678940948070 dst=11068027678940948070 session=39321625 seq=25 type=86 uptime=63304
DBG_STACK_ISR_CONFIG size=8192 run=20 sample=20
DBG_STACK name=BT RX WQ tid=0x2000fe18 used=760 free=776 size=1536 ret=0 run=20 sample=20
DBG_STACK name=mesh_route tid=0x2000d560 used=5888 free=2304 size=8192 ret=0 run=20 sample=20
DBG_STACK name=sysworkq tid=0x20010d70 used=2408 free=2072 size=4480 ret=0 run=20 sample=20
DBG_STACK name=MPSL Work tid=0x20010b28 used=376 free=648 size=1024 ret=0 run=20 sample=20
DBG_STACK name=logging tid=0x2000f920 used=480 free=1568 size=2048 ret=0 run=20 sample=20
DBG_STACK name=idle tid=0x20010c00 used=64 free=256 size=320 ret=0 run=20 sample=20
DBG_STACK_SAMPLE_END run=20 sample=20
DBG_STACK_RUN_END epoch=17060499488525545313 run=20 kind=ble_backpressure owner=system_workqueue outcome=ack queue=1 custody=0 credit=1 retry=0 drain=1 src=11068027678940948070 dst=11068027678940948070 session=39321625 seq=25 type=86 samples=1 sequence=0 previous=0 uptime=63323
DBG_GATEWAY_CH9_RX_CONT_RESULT start=62875 end=63376 ret=-116 fail=0 status=0x02000000 len=0 frames=0
DBG_GATEWAY_CH9_RX_CONT_ARM now=63378 rem=500 frames=0 errors=0
DBG_STACK_RUN_BEGIN epoch=17060499488525545313 run=21 kind=ble_backpressure owner=system_workqueue queue=1 custody=1 credit=0 retry=0 drain=1 src=11068027678940948070 dst=11068027678940948070 session=39321626 seq=26 type=86 sequence=0 previous=0 uptime=63439
DBG_STACK_SAMPLE_BEGIN epoch=17060499488525545313 run=21 sample=21 kind=ble_backpressure owner=system_workqueue queue=1 custody=1 credit=0 retry=0 drain=1 src=11068027678940948070 dst=11068027678940948070 session=39321626 seq=26 type=86 uptime=63439
DBG_STACK_ISR_CONFIG size=8192 run=21 sample=21
DBG_STACK name=BT RX WQ tid=0x2000fe18 used=760 free=776 size=1536 ret=0 run=21 sample=21
DBG_STACK name=mesh_route tid=0x2000d560 used=5888 free=2304 size=8192 ret=0 run=21 sample=21
DBG_STACK name=sysworkq tid=0x20010d70 used=2408 free=2072 size=4480 ret=0 run=21 sample=21
DBG_STACK name=MPSL Work tid=0x20010b28 used=376 free=648 size=1024 ret=0 run=21 sample=21
DBG_STACK name=logging tid=0x2000f920 used=480 free=1568 size=2048 ret=0 run=21 sample=21
DBG_STACK name=idle tid=0x20010c00 used=64 free=256 size=320 ret=0 run=21 sample=21
DBG_STACK_SAMPLE_END run=21 sample=21
DBG_STACK_RUN_END epoch=17060499488525545313 run=21 kind=ble_backpressure owner=system_workqueue outcome=ack queue=1 custody=0 credit=1 retry=0 drain=1 src=11068027678940948070 dst=11068027678940948070 session=39321626 seq=26 type=86 samples=1 sequence=0 previous=0 uptime=63450
DBG_STACK_RUN_BEGIN epoch=17060499488525545313 run=22 kind=ble_backpressure owner=system_workqueue queue=1 custody=1 credit=0 retry=0 drain=1 src=11068027678940948070 dst=11068027678940948070 session=39321627 seq=27 type=86 sequence=0 previous=0 uptime=63664
DBG_STACK_SAMPLE_BEGIN epoch=17060499488525545313 run=22 sample=22 kind=ble_backpressure owner=system_workqueue queue=1 custody=1 credit=0 retry=0 drain=1 src=11068027678940948070 dst=11068027678940948070 session=39321627 seq=27 type=86 uptime=63664
DBG_STACK_ISR_CONFIG size=8192 run=22 sample=22
DBG_STACK name=BT RX WQ tid=0x2000fe18 used=760 free=776 size=1536 ret=0 run=22 sample=22
DBG_STACK name=mesh_route tid=0x2000d560 used=5888 free=2304 size=8192 ret=0 run=22 sample=22
DBG_STACK name=sysworkq tid=0x20010d70 used=2408 free=2072 size=4480 ret=0 run=22 sample=22
DBG_STACK name=MPSL Work tid=0x20010b28 used=376 free=648 size=1024 ret=0 run=22 sample=22
DBG_STACK name=logging tid=0x2000f920 used=480 free=1568 size=2048 ret=0 run=22 sample=22
DBG_STACK name=idle tid=0x20010c00 used=64 free=256 size=320 ret=0 run=22 sample=22
DBG_STACK_SAMPLE_END run=22 sample=22
DBG_STACK_RUN_END epoch=17060499488525545313 run=22 kind=ble_backpressure owner=system_workqueue outcome=ack queue=1 custody=0 credit=1 retry=0 drain=1 src=11068027678940948070 dst=11068027678940948070 session=39321627 seq=27 type=86 samples=1 sequence=0 previous=0 uptime=63684
DBG_GATEWAY_CH9_RX_CONT_RESULT start=63378 end=63742 ret=0 fail=0 status=0x00006f00 len=105 frames=0
DBG_UWB_RX_CH9
DBG_GATEWAY_CH9_RX_RELEASE_IDLE
DBG_GATEWAY_RX_DECODE ch=9 msg=0x33 src=0x708bc0aab970300e dst=0x9999888877776666 prev=0x708bc0aab970300e seq=2 flags=0x04 ple
DBG_UWB_RX_CH9
DBG_MESH_RX_QUEUED ch=9 msg=0x33 src=0x708bc0aab970300e dst=0x9999888877776666 prev=0x708bc0aab970300e seq=2 q=1
DBG_MESH_RX_DIRECT_WAIT q=1 reason=gateway-ch9-continuous-rx
DBG_MESH_RX_DIRECT_ENTER q=1 reason=gateway-ch9-continuous-rx
DBG_MESH_RX_DRAIN_ENTER owner=gateway-ch9-continuous-rx q=1
DBG_GATEWAY_ACK_INPUT type=51 src=0x708bc0aab970300e dst=0x9999888877776666 rxseq=2 ackseq=15 len=44 flags=0x04 meta=0
DBG_GATEWAY_ACK_GUARD ms=10 seq=15
DBG_COORD state=idle owner=gateway-ack-immediate-channel9 reason=idle rx=0 tx=0 relay=0 route=0 ack=0 qack=0
DBG_CH9_TX_CONFIG ret=0 now=63756 earliest=0 msg=32
DBG_CH9_TX_SEND_AT now=63756 earliest=0 msg=32 len=105
DBG_CH9_TX_RELEASE_IDLE msg=32 seq=15 reason=gateway-ack-immediate-channel9 ret=0
DBG_UWB_TX_CH9
DBG_GATEWAY_ACK_TX_LED
DBG_GATEWAY_RX_REARM_DEFER delay=0 ret=1 active=1
DBG_GATEWAY_CH9_RX_CONT_RESULT start=63761 end=63879 ret=-116 fail=0 status=0x00000000 len=0 frames=1
DBG_MESH_RX_WORK_WAIT q=0
DBG_MESH_RX_WORK_ENTER q=0
DBG_MESH_RX_DRAIN_ENTER owner=work q=0
DBG_MESH_RX_DRAIN_EXIT owner=work handled=0 q=0
DBG_MESH_RX_WORK_EXIT handled=0 q=0
DBG_GATEWAY_RX_REARM_RUN delay=0 ret=0 active=1
DBG_COORD state=gateway-rx owner=uwb-rx reason=gateway-rx rx=0 tx=0 relay=0 route=0 ack=0 qack=0
DBG_GATEWAY_CH9_RX_CONT_ARM now=63885 rem=500 frames=0 errors=0
DBG_GATEWAY_CH9_RX_CONT_RESULT start=63885 end=64092 ret=0 fail=0 status=0x00006f00 len=131 frames=0
DBG_UWB_RX_CH9
DBG_GATEWAY_CH9_RX_RELEASE_IDLE
DBG_GATEWAY_RX_DECODE ch=9 msg=0x41 src=0x708bc0aab970300e dst=0x9999888877776666 prev=0x708bc0aab970300e seq=2 flags=0x14 ple
DBG_UWB_RX_CH9
DBG_MESH_RX_QUEUED ch=9 msg=0x41 src=0x708bc0aab970300e dst=0x9999888877776666 prev=0x708bc0aab970300e seq=2 q=1
DBG_MESH_RX_DIRECT_WAIT q=1 reason=gateway-ch9-continuous-rx
DBG_MESH_RX_DIRECT_ENTER q=1 reason=gateway-ch9-continuous-rx
DBG_MESH_RX_DRAIN_ENTER owner=gateway-ch9-continuous-rx q=1
DBG_GATEWAY_ACK_INPUT type=65 src=0x708bc0aab970300e dst=0x9999888877776666 rxseq=2 ackseq=16 len=70 flags=0x14 meta=0
DBG_GATEWAY_ACK_GUARD ms=10 seq=16
DBG_COORD state=idle owner=gateway-ack-immediate-channel9 reason=idle rx=0 tx=0 relay=0 route=0 ack=0 qack=0
DBG_CH9_TX_CONFIG ret=0 now=64106 earliest=0 msg=32
DBG_CH9_TX_SEND_AT now=64106 earliest=0 msg=32 len=105
DBG_CH9_TX_RELEASE_IDLE msg=32 seq=16 reason=gateway-ack-immediate-channel9 ret=0
DBG_UWB_TX_CH9
DBG_GATEWAY_ACK_TX_LED
DBG_GATEWAY_RX_REARM_DEFER delay=0 ret=1 active=1
DBG_GATEWAY_RX_START reason=gateway mesh restart active=1 qrx=0 qtx=0 adv_due=0
DBG_GATEWAY_ACK_SEND ret=0 seq=16 dst=0x708bc0aab970300e next=0x708bc0aab970300e
DBG_MESH_RX_DRAIN_EXIT owner=gateway-ch9-continuous-rx handled=1 q=0
DBG_MESH_RX_DIRECT_EXIT handled=1 q=0 reason=gateway-ch9-continuous-rx
DBG_GATEWAY_CH9_RX_CONT_ARM now=64111 rem=274 frames=1 errors=0
DBG_GATEWAY_CH9_RX_CONT_RESULT start=64111 end=64386 ret=-116 fail=0 status=0x00000000 len=0 frames=1
DBG_MESH_RX_WORK_WAIT q=0
DBG_MESH_RX_WORK_ENTER q=0
DBG_MESH_RX_DRAIN_ENTER owner=work q=0
DBG_MESH_RX_DRAIN_EXIT owner=work handled=0 q=0
DBG_MESH_RX_WORK_EXIT handled=0 q=0
DBG_GATEWAY_RX_REARM_RUN delay=0 ret=1 active=1
DBG_COORD state=gateway-rx owner=uwb-rx reason=gateway-rx rx=0 tx=0 relay=0 route=0 ack=0 qack=0
DBG_GATEWAY_CH9_RX_CONT_ARM now=64387 rem=500 frames=0 errors=0
DBG_GATEWAY_CH9_RX_CONT_RESULT start=64387 end=64888 ret=-116 fail=0 status=0x00000000 len=0 frames=0
DBG_GATEWAY_CH9_RX_CONT_ARM now=64890 rem=500 frames=0 errors=0
DBG_GATEWAY_CH9_RX_CONT_RESULT start=64890 end=65391 ret=-116 fail=0 status=0x00000000 len=0 frames=0
DBG_GATEWAY_CH9_RX_CONT_ARM now=65393 rem=500 frames=0 errors=0
DBG_GATEWAY_CH9_RX_CONT_RESULT start=65393 end=65894 ret=-116 fail=0 status=0x00000000 len=0 frames=0
DBG_GATEWAY_CH9_RX_CONT_ARM now=65896 rem=500 frames=0 errors=0
DBG_GATEWAY_CH9_RX_CONT_RESULT start=65896 end=66397 ret=-116 fail=0 status=0x00000000 len=0 frames=0
DBG_GATEWAY_CH9_RX_CONT_ARM now=66399 rem=500 frames=0 errors=0
DBG_GATEWAY_BLE event=disconnected reason=19 uptime=66452
DBG_GATEWAY_BLE event=recovery round=1 delay_ms=292 reason=disconnected uptime=66452
DBG_GATEWAY_CH9_RX_CONT_RESULT start=66399 end=66900 ret=-116 fail=0 status=0x00000000 len=0 frames=0
DBG_GATEWAY_CH9_RX_CONT_ARM now=66902 rem=500 frames=0 errors=0
DBG_GATEWAY_CH9_RX_CONT_RESULT start=66902 end=67403 ret=-116 fail=0 status=0x00000000 len=0 frames=0
DBG_GATEWAY_CH9_RX_CONT_ARM now=67405 rem=500 frames=0 errors=0
DBG_GATEWAY_CH9_RX_CONT_RESULT start=67405 end=67906 ret=-116 fail=0 status=0x00000000 len=0 frames=0
DBG_GATEWAY_CH9_RX_CONT_ARM now=67908 rem=500 frames=0 errors=0
DBG_GATEWAY_CH9_RX_CONT_RESULT start=67908 end=67949 ret=0 fail=0 status=0x00006f00 len=131 frames=0
DBG_UWB_RX_CH9
DBG_GATEWAY_CH9_RX_RELEASE_IDLE
DBG_GATEWAY_RX_DECODE ch=9 msg=0x41 src=0x708bc0aab970300e dst=0x9999888877776666 prev=0x708bc0aab970300e seq=2 flags=0x14 ple
DBG_UWB_RX_CH9
DBG_MESH_RX_QUEUED ch=9 msg=0x41 src=0x708bc0aab970300e dst=0x9999888877776666 prev=0x708bc0aab970300e seq=2 q=1
DBG_MESH_RX_DIRECT_WAIT q=1 reason=gateway-ch9-continuous-rx
DBG_MESH_RX_DIRECT_ENTER q=1 reason=gateway-ch9-continuous-rx
DBG_MESH_RX_DRAIN_ENTER owner=gateway-ch9-continuous-rx q=1
DBG_GATEWAY_ACK_INPUT type=65 src=0x708bc0aab970300e dst=0x9999888877776666 rxseq=2 ackseq=17 len=70 flags=0x14 meta=0
DBG_GATEWAY_ACK_GUARD ms=10 seq=17
DBG_COORD state=idle owner=gateway-ack-immediate-channel9 reason=idle rx=0 tx=0 relay=0 route=0 ack=0 qack=0
DBG_CH9_TX_CONFIG ret=0 now=67963 earliest=0 msg=32
DBG_CH9_TX_SEND_AT now=67964 earliest=0 msg=32 len=105
DBG_CH9_TX_RELEASE_IDLE msg=32 seq=17 reason=gateway-ack-immediate-channel9 ret=0
DBG_UWB_TX_CH9
DBG_GATEWAY_ACK_TX_LED
DBG_GATEWAY_RX_REARM_DEFER delay=0 ret=1 active=1
DBG_GATEWAY_CH9_RX_CONT_RESULT start=67969 end=68251 ret=0 fail=0 status=0x00006f00 len=131 frames=1
DBG_UWB_RX_CH9
DBG_GATEWAY_CH9_RX_RELEASE_IDLE
DBG_GATEWAY_RX_DECODE ch=9 msg=0x41 src=0x708bc0aab970300e dst=0x9999888877776666 prev=0x708bc0aab970300e seq=2 flags=0x14 ple
DBG_UWB_RX_CH9
DBG_MESH_RX_QUEUED ch=9 msg=0x41 src=0x708bc0aab970300e dst=0x9999888877776666 prev=0x708bc0aab970300e seq=2 q=1
DBG_COORD state=gateway-rx owner=gateway-ch9-continuous-rx reason=gateway-rx rx=1 tx=0 relay=0 route=0 ack=0 qack=0
DBG_MESH_RX_DIRECT_WAIT q=1 reason=gateway-ch9-continuous-rx
DBG_MESH_RX_DIRECT_ENTER q=1 reason=gateway-ch9-continuous-rx
DBG_MESH_RX_DRAIN_ENTER owner=gateway-ch9-continuous-rx q=1
DBG_GATEWAY_ACK_INPUT type=65 src=0x708bc0aab970300e dst=0x9999888877776666 rxseq=2 ackseq=18 len=70 flags=0x14 meta=0
DBG_GATEWAY_ACK_GUARD ms=10 seq=18
DBG_COORD state=idle owner=gateway-ack-immediate-channel9 reason=idle rx=0 tx=0 relay=0 route=0 ack=0 qack=0
DBG_CH9_TX_CONFIG ret=0 now=68265 earliest=0 msg=32
DBG_CH9_TX_SEND_AT now=68265 earliest=0 msg=32 len=105
DBG_UWB_TX_CH9
DBG_GATEWAY_ACK_TX_LED
DBG_GATEWAY_CH9_RX_CONT_RESULT start=68270 end=68409 ret=-116 fail=0 status=0x00000000 len=0 frames=2
DBG_MESH_RX_WORK_WAIT q=0
DBG_MESH_RX_WORK_ENTER q=0
DBG_MESH_RX_DRAIN_ENTER owner=work q=0
DBG_MESH_RX_DRAIN_EXIT owner=work handled=0 q=0
DBG_MESH_RX_WORK_EXIT handled=0 q=0
DBG_GATEWAY_RX_REARM_RUN delay=0 ret=1 active=1
DBG_COORD state=gateway-rx owner=uwb-rx reason=gateway-rx rx=0 tx=0 relay=0 route=0 ack=0 qack=0
DBG_GATEWAY_CH9_RX_CONT_ARM now=68410 rem=500 frames=0 errors=0
DBG_GATEWAY_CH9_RX_CONT_RESULT start=68410 end=68665 ret=0 fail=0 status=0x00006f00 len=131 frames=0
DBG_UWB_RX_CH9
DBG_GATEWAY_CH9_RX_RELEASE_IDLE
DBG_GATEWAY_RX_DECODE ch=9 msg=0x41 src=0x708bc0aab970300e dst=0x9999888877776666 prev=0x708bc0aab970300e seq=2 flags=0x14 ple
DBG_UWB_RX_CH9
DBG_MESH_RX_QUEUED ch=9 msg=0x41 src=0x708bc0aab970300e dst=0x9999888877776666 prev=0x708bc0aab970300e seq=2 q=1
DBG_MESH_RX_DIRECT_WAIT q=1 reason=gateway-ch9-continuous-rx
DBG_MESH_RX_DIRECT_ENTER q=1 reason=gateway-ch9-continuous-rx
DBG_MESH_RX_DRAIN_ENTER owner=gateway-ch9-continuous-rx q=1
DBG_GATEWAY_ACK_INPUT type=65 src=0x708bc0aab970300e dst=0x9999888877776666 rxseq=2 ackseq=19 len=70 flags=0x14 meta=0
DBG_GATEWAY_ACK_GUARD ms=10 seq=19
DBG_COORD state=idle owner=gateway-ack-immediate-channel9 reason=idle rx=0 tx=0 relay=0 route=0 ack=0 qack=0
DBG_CH9_TX_CONFIG ret=0 now=68680 earliest=0 msg=32
DBG_CH9_TX_SEND_AT now=68680 earliest=0 msg=32 len=105
DBG_CH9_TX_RELEASE_IDLE msg=32 seq=19 reason=gateway-ack-immediate-channel9 ret=0
DBG_UWB_TX_CH9
DBG_GATEWAY_ACK_TX_LED
DBG_GATEWAY_RX_REARM_DEFER delay=0 ret=1 active=1
DBG_GATEWAY_RX_START reason=gateway mesh restart active=1 qrx=0 qtx=0 adv_due=0
DBG_GATEWAY_ACK_SEND ret=0 seq=19 dst=0x708bc0aab970300e next=0x708bc0aab970300e
DBG_GATEWAY_CH9_RX_CONT_RESULT start=68685 end=68911 ret=-116 fail=0 status=0x00000000 len=0 frames=1
DBG_MESH_RX_WORK_WAIT q=0
DBG_MESH_RX_WORK_ENTER q=0
DBG_MESH_RX_DRAIN_ENTER owner=work q=0
DBG_MESH_RX_DRAIN_EXIT owner=work handled=0 q=0
DBG_MESH_RX_WORK_EXIT handled=0 q=0
DBG_GATEWAY_RX_REARM_RUN delay=0 ret=1 active=1
DBG_COORD state=gateway-rx owner=uwb-rx reason=gateway-rx rx=0 tx=0 relay=0 route=0 ack=0 qack=0
DBG_GATEWAY_CH9_RX_CONT_ARM now=68912 rem=500 frames=0 errors=0
DBG_GATEWAY_CH9_RX_CONT_RESULT start=68912 end=69186 ret=0 fail=0 status=0x00006f00 len=131 frames=0
DBG_UWB_RX_CH9
DBG_GATEWAY_CH9_RX_RELEASE_IDLE
DBG_GATEWAY_RX_DECODE ch=9 msg=0x41 src=0x708bc0aab970300e dst=0x9999888877776666 prev=0x708bc0aab970300e seq=2 flags=0x14 ple
DBG_UWB_RX_CH9
DBG_MESH_RX_QUEUED ch=9 msg=0x41 src=0x708bc0aab970300e dst=0x9999888877776666 prev=0x708bc0aab970300e seq=2 q=1
DBG_MESH_RX_DIRECT_WAIT q=1 reason=gateway-ch9-continuous-rx
DBG_MESH_RX_DIRECT_ENTER q=1 reason=gateway-ch9-continuous-rx
DBG_MESH_RX_DRAIN_ENTER owner=gateway-ch9-continuous-rx q=1
DBG_GATEWAY_ACK_INPUT type=65 src=0x708bc0aab970300e dst=0x9999888877776666 rxseq=2 ackseq=20 len=70 flags=0x14 meta=0
DBG_GATEWAY_ACK_GUARD ms=10 seq=20
DBG_COORD state=idle owner=gateway-ack-immediate-channel9 reason=idle rx=0 tx=0 relay=0 route=0 ack=0 qack=0
DBG_CH9_TX_CONFIG ret=0 now=69201 earliest=0 msg=32
DBG_CH9_TX_SEND_AT now=69201 earliest=0 msg=32 len=105
DBG_CH9_TX_RELEASE_IDLE msg=32 seq=20 reason=gateway-ack-immediate-channel9 ret=0
DBG_UWB_TX_CH9
DBG_GATEWAY_ACK_TX_LED
DBG_GATEWAY_RX_REARM_DEFER delay=0 ret=1 active=1
DBG_GATEWAY_RX_START reason=gateway mesh restart active=1 qrx=0 qtx=0 adv_due=0
DBG_GATEWAY_ACK_SEND ret=0 seq=20 dst=0x708bc0aab970300e next=0x708bc0aab970300e
DBG_GATEWAY_CH9_RX_CONT_RESULT start=69206 end=69413 ret=-116 fail=0 status=0x00000000 len=0 frames=1
DBG_MESH_RX_WORK_WAIT q=0
DBG_MESH_RX_WORK_ENTER q=0
DBG_MESH_RX_DRAIN_ENTER owner=work q=0
DBG_MESH_RX_DRAIN_EXIT owner=work handled=0 q=0
DBG_MESH_RX_WORK_EXIT handled=0 q=0
DBG_GATEWAY_RX_REARM_RUN delay=0 ret=1 active=1
DBG_COORD state=gateway-rx owner=uwb-rx reason=gateway-rx rx=0 tx=0 relay=0 route=0 ack=0 qack=0
DBG_GATEWAY_CH9_RX_CONT_ARM now=69414 rem=500 frames=0 errors=0
