BLE_CONNECTED gateway_id=0x9999888877776666 command=here-i-am session=3574700989 frame=04c101400201010101010101116666777788889999bd9b11d5bd9b01330101010410020c06ab04dc620607ae0b0101010304dc620607e803ae1301020310620102c8040604fa010104b5f80305ae050103050201d3af00
BLE_CHUNK len=118 hex=47570128010601005604d900d900600266667777888899996666777788889999000000004e0039d9014e0302000000000c005a00bd9b11d500000000bd9b11d5bd9b0000d9006002000000000000000000000000000000000000000000000000000000000000000000000000000000000000000000ff
BLE_PACKET type=0x56 src=0x9999888877776666 dst=0x9999888877776666 session=39846105 seq=217 payload=014e0302000000000c005a00bd9b11d500000000bd9b11d5bd9b0000d9006002000000000000000000000000000000000000000000000000000000000000000000000000000000000000000000ff
GATEWAY_COMMAND_EVENT GatewayCommandEvent(command_kind=3, stage=2, flags=0, attempt=0, command_status=0, reason=0, command_id=12, route_epoch=90, correlation_id=3574700989, gateway_sequence=0, host_session_id=3574700989, host_sequence=39869, event_sequence=39846105, anchor_id=0, pair_initiator_id=0, pair_responder_id=0, previous_hop_id=0, progress_count=0, total_count=0, success_count=0, failure_count=0, duplicate_count=0, lost_event_count=0, hop_count=0, discovery_slot=255)
BLE_HOST_RECEIPT type=0x56 src=0x9999888877776666 session=39846105 seq=217
BLE_CHUNK len=118 hex=47570128010601005604da00da00600266667777888899996666777788889999000000004e009d1c014e0303000000000c005a00bd9b11d500000000bd9b11d5bd9b0000da006002000000000000000000000000000000000000000000000000000000000000000000000000000000000000000000ff
BLE_PACKET type=0x56 src=0x9999888877776666 dst=0x9999888877776666 session=39846106 seq=218 payload=014e0303000000000c005a00bd9b11d500000000bd9b11d5bd9b0000da006002000000000000000000000000000000000000000000000000000000000000000000000000000000000000000000ff
GATEWAY_COMMAND_EVENT GatewayCommandEvent(command_kind=3, stage=3, flags=0, attempt=0, command_status=0, reason=0, command_id=12, route_epoch=90, correlation_id=3574700989, gateway_sequence=0, host_session_id=3574700989, host_sequence=39869, event_sequence=39846106, anchor_id=0, pair_initiator_id=0, pair_responder_id=0, previous_hop_id=0, progress_count=0, total_count=0, success_count=0, failure_count=0, duplicate_count=0, lost_event_count=0, hop_count=0, discovery_slot=255)
BLE_HOST_RECEIPT type=0x56 src=0x9999888877776666 session=39846106 seq=218
BLE_CHUNK len=118 hex=47570128010601005604dc00dc00600266667777888899996666777788889999000000004e00d214014e0304000100000c005a00bd9b11d5db006002bd9b11d5bd9b0000dc006002000000000000000000000000000000000000000000000000000000000000000004000000000000000000000000ff
BLE_PACKET type=0x56 src=0x9999888877776666 dst=0x9999888877776666 session=39846108 seq=220 payload=014e0304000100000c005a00bd9b11d5db006002bd9b11d5bd9b0000dc006002000000000000000000000000000000000000000000000000000000000000000004000000000000000000000000ff
GATEWAY_COMMAND_EVENT GatewayCommandEvent(command_kind=3, stage=4, flags=0, attempt=1, command_status=0, reason=0, command_id=12, route_epoch=90, correlation_id=3574700989, gateway_sequence=39846107, host_session_id=3574700989, host_sequence=39869, event_sequence=39846108, anchor_id=0, pair_initiator_id=0, pair_responder_id=0, previous_hop_id=0, progress_count=4, total_count=0, success_count=0, failure_count=0, duplicate_count=0, lost_event_count=0, hop_count=0, discovery_slot=255)
BLE_HOST_RECEIPT type=0x56 src=0x9999888877776666 session=39846108 seq=220
BLE_CHUNK len=51 hex=47570128010201004104bd9bbd9b11d566667777888899996666777788889999000000000b00a18510020c00110200001e0100
BLE_PACKET type=0x41 src=0x9999888877776666 dst=0x9999888877776666 session=3574700989 seq=39869 payload=10020c00110200001e0100
BLE_HOST_RECEIPT type=0x41 src=0x9999888877776666 session=3574700989 seq=39869
BLE_CHUNK len=118 hex=47570128010600005604dd00dd00600266667777888899996666777788889999000000004e0086ec014e030c030100000c005a00bd9b11d5db006002bd9b11d5bd9b0000dd006002000000000000000000000000000000000000000000000000000000000000000004000000000000000000000000ff
BLE_PACKET type=0x56 src=0x9999888877776666 dst=0x9999888877776666 session=39846109 seq=221 payload=014e030c030100000c005a00bd9b11d5db006002bd9b11d5bd9b0000dd006002000000000000000000000000000000000000000000000000000000000000000004000000000000000000000000ff
GATEWAY_COMMAND_EVENT GatewayCommandEvent(command_kind=3, stage=12, flags=3, attempt=1, command_status=0, reason=0, command_id=12, route_epoch=90, correlation_id=3574700989, gateway_sequence=39846107, host_session_id=3574700989, host_sequence=39869, event_sequence=39846109, anchor_id=0, pair_initiator_id=0, pair_responder_id=0, previous_hop_id=0, progress_count=4, total_count=0, success_count=0, failure_count=0, duplicate_count=0, lost_event_count=0, hop_count=0, discovery_slot=255)
BLE_HOST_RECEIPT type=0x56 src=0x9999888877776666 session=39846109 seq=221
HERE_I_AM_LOCAL_FLOOD_OK attempts=1 retries=0 delivery_claim=local-broadcast-only
BLE_CONNECTED gateway_id=0x9999888877776666 command=assign-slots session=3574700990 frame=04c101400201010101010101116666777788889999be9b11d5be9b011b010101081002040178020306ab04dc620607ae0b0101010304dc620605e80378f500
BLE_CHUNK len=118 hex=47570128010601005604de00de00600266667777888899996666777788889999000000004e001a41014e01020000000004015a00be9b11d500000000be9b11d5be9b0000de006002000000000000000000000000000000000000000000000000000000000000000000000000000000000000000000ff
BLE_PACKET type=0x56 src=0x9999888877776666 dst=0x9999888877776666 session=39846110 seq=222 payload=014e01020000000004015a00be9b11d500000000be9b11d5be9b0000de006002000000000000000000000000000000000000000000000000000000000000000000000000000000000000000000ff
GATEWAY_COMMAND_EVENT GatewayCommandEvent(command_kind=1, stage=2, flags=0, attempt=0, command_status=0, reason=0, command_id=260, route_epoch=90, correlation_id=3574700990, gateway_sequence=0, host_session_id=3574700990, host_sequence=39870, event_sequence=39846110, anchor_id=0, pair_initiator_id=0, pair_responder_id=0, previous_hop_id=0, progress_count=0, total_count=0, success_count=0, failure_count=0, duplicate_count=0, lost_event_count=0, hop_count=0, discovery_slot=255)
BLE_HOST_RECEIPT type=0x56 src=0x9999888877776666 session=39846110 seq=222
BLE_CHUNK len=118 hex=47570128010601005604df00df00600266667777888899996666777788889999000000004e0052a0014e01030000000004015a00be9b11d500000000be9b11d5be9b0000df006002000000000000000000000000000000000000000000000000000000000000000000000000000000000000000000ff
BLE_PACKET type=0x56 src=0x9999888877776666 dst=0x9999888877776666 session=39846111 seq=223 payload=014e01030000000004015a00be9b11d500000000be9b11d5be9b0000df006002000000000000000000000000000000000000000000000000000000000000000000000000000000000000000000ff
GATEWAY_COMMAND_EVENT GatewayCommandEvent(command_kind=1, stage=3, flags=0, attempt=0, command_status=0, reason=0, command_id=260, route_epoch=90, correlation_id=3574700990, gateway_sequence=0, host_session_id=3574700990, host_sequence=39870, event_sequence=39846111, anchor_id=0, pair_initiator_id=0, pair_responder_id=0, previous_hop_id=0, progress_count=0, total_count=0, success_count=0, failure_count=0, duplicate_count=0, lost_event_count=0, hop_count=0, discovery_slot=255)
BLE_HOST_RECEIPT type=0x56 src=0x9999888877776666 session=39846111 seq=223
BLE_CHUNK len=118 hex=47570128010601005604e100e100600266667777888899996666777788889999000000004e00bcc7014e01030000000004015a00be9b11d5e0006002be9b11d5be9b0000e1006002000000000000000000000000000000000000000000000000000000000000000000000000000000000000000000ff
BLE_PACKET type=0x56 src=0x9999888877776666 dst=0x9999888877776666 session=39846113 seq=225 payload=014e01030000000004015a00be9b11d5e0006002be9b11d5be9b0000e1006002000000000000000000000000000000000000000000000000000000000000000000000000000000000000000000ff
GATEWAY_COMMAND_EVENT GatewayCommandEvent(command_kind=1, stage=3, flags=0, attempt=0, command_status=0, reason=0, command_id=260, route_epoch=90, correlation_id=3574700990, gateway_sequence=39846112, host_session_id=3574700990, host_sequence=39870, event_sequence=39846113, anchor_id=0, pair_initiator_id=0, pair_responder_id=0, previous_hop_id=0, progress_count=0, total_count=0, success_count=0, failure_count=0, duplicate_count=0, lost_event_count=0, hop_count=0, discovery_slot=255)
BLE_HOST_RECEIPT type=0x56 src=0x9999888877776666 session=39846113 seq=225
BLE_CHUNK len=118 hex=47570128010601005604e300e300600266667777888899996666777788889999000000004e00889e014e01040001000004015a00be9b11d5e0006002be9b11d5be9b0000e3006002000000000000000000000000000000000000000000000000000000000000000000000000000000000000000000ff
BLE_PACKET type=0x56 src=0x9999888877776666 dst=0x9999888877776666 session=39846115 seq=227 payload=014e01040001000004015a00be9b11d5e0006002be9b11d5be9b0000e3006002000000000000000000000000000000000000000000000000000000000000000000000000000000000000000000ff
GATEWAY_COMMAND_EVENT GatewayCommandEvent(command_kind=1, stage=4, flags=0, attempt=1, command_status=0, reason=0, command_id=260, route_epoch=90, correlation_id=3574700990, gateway_sequence=39846112, host_session_id=3574700990, host_sequence=39870, event_sequence=39846115, anchor_id=0, pair_initiator_id=0, pair_responder_id=0, previous_hop_id=0, progress_count=0, total_count=0, success_count=0, failure_count=0, duplicate_count=0, lost_event_count=0, hop_count=0, discovery_slot=255)
BLE_HOST_RECEIPT type=0x56 src=0x9999888877776666 session=39846115 seq=227
BLE_CHUNK len=118 hex=47570128010601005604e400e400600266667777888899996666777788889999000000004e00ccbd014e01060000000004015a00be9b11d5e0006002be9b11d5be9b0000e400600207cbc8c619961a190000000000000000000000000000000007cbc8c619961a1901000000000000000000000001ff
BLE_PACKET type=0x56 src=0x9999888877776666 dst=0x9999888877776666 session=39846116 seq=228 payload=014e01060000000004015a00be9b11d5e0006002be9b11d5be9b0000e400600207cbc8c619961a190000000000000000000000000000000007cbc8c619961a1901000000000000000000000001ff
GATEWAY_COMMAND_EVENT GatewayCommandEvent(command_kind=1, stage=6, flags=0, attempt=0, command_status=0, reason=0, command_id=260, route_epoch=90, correlation_id=3574700990, gateway_sequence=39846112, host_session_id=3574700990, host_sequence=39870, event_sequence=39846116, anchor_id=1808923237796072199, pair_initiator_id=0, pair_responder_id=0, previous_hop_id=1808923237796072199, progress_count=1, total_count=0, success_count=0, failure_count=0, duplicate_count=0, lost_event_count=0, hop_count=1, discovery_slot=255)
BLE_HOST_RECEIPT type=0x56 src=0x9999888877776666 session=39846116 seq=228
BLE_CHUNK len=118 hex=47570128010601005604e500e500600266667777888899996666777788889999000000004e002c6a014e01060000000004015a00be9b11d5e0006002be9b11d5be9b0000e50060020e3070b9aac08b70000000000000000000000000000000000e3070b9aac08b7002000000000000000000000001ff
BLE_PACKET type=0x56 src=0x9999888877776666 dst=0x9999888877776666 session=39846117 seq=229 payload=014e01060000000004015a00be9b11d5e0006002be9b11d5be9b0000e50060020e3070b9aac08b70000000000000000000000000000000000e3070b9aac08b7002000000000000000000000001ff
GATEWAY_COMMAND_EVENT GatewayCommandEvent(command_kind=1, stage=6, flags=0, attempt=0, command_status=0, reason=0, command_id=260, route_epoch=90, correlation_id=3574700990, gateway_sequence=39846112, host_session_id=3574700990, host_sequence=39870, event_sequence=39846117, anchor_id=8109787393498820622, pair_initiator_id=0, pair_responder_id=0, previous_hop_id=8109787393498820622, progress_count=2, total_count=0, success_count=0, failure_count=0, duplicate_count=0, lost_event_count=0, hop_count=1, discovery_slot=255)
BLE_HOST_RECEIPT type=0x56 src=0x9999888877776666 session=39846117 seq=229
BLE_CHUNK len=118 hex=47570128010601005604e600e600600266667777888899996666777788889999000000004e009003014e01060000000004015a00be9b11d5e0006002be9b11d5be9b0000e600600241d1f64afe25da560000000000000000000000000000000041d1f64afe25da5603000000000000000000000001ff
BLE_PACKET type=0x56 src=0x9999888877776666 dst=0x9999888877776666 session=39846118 seq=230 payload=014e01060000000004015a00be9b11d5e0006002be9b11d5be9b0000e600600241d1f64afe25da560000000000000000000000000000000041d1f64afe25da5603000000000000000000000001ff
GATEWAY_COMMAND_EVENT GatewayCommandEvent(command_kind=1, stage=6, flags=0, attempt=0, command_status=0, reason=0, command_id=260, route_epoch=90, correlation_id=3574700990, gateway_sequence=39846112, host_session_id=3574700990, host_sequence=39870, event_sequence=39846118, anchor_id=6258356406294335809, pair_initiator_id=0, pair_responder_id=0, previous_hop_id=6258356406294335809, progress_count=3, total_count=0, success_count=0, failure_count=0, duplicate_count=0, lost_event_count=0, hop_count=1, discovery_slot=255)
BLE_HOST_RECEIPT type=0x56 src=0x9999888877776666 session=39846118 seq=230
BLE_CHUNK len=118 hex=47570128010601005604e900e900600266667777888899996666777788889999000000004e0094d4014e01080000000004015a00be9b11d5e0006002be9b11d5be9b0000e900600241d1f64afe25da560000000000000000000000000000000000000000000000000100030000000000000000000101
BLE_PACKET type=0x56 src=0x9999888877776666 dst=0x9999888877776666 session=39846121 seq=233 payload=014e01080000000004015a00be9b11d5e0006002be9b11d5be9b0000e900600241d1f64afe25da560000000000000000000000000000000000000000000000000100030000000000000000000101
GATEWAY_COMMAND_EVENT GatewayCommandEvent(command_kind=1, stage=8, flags=0, attempt=0, command_status=0, reason=0, command_id=260, route_epoch=90, correlation_id=3574700990, gateway_sequence=39846112, host_session_id=3574700990, host_sequence=39870, event_sequence=39846121, anchor_id=6258356406294335809, pair_initiator_id=0, pair_responder_id=0, previous_hop_id=0, progress_count=1, total_count=3, success_count=0, failure_count=0, duplicate_count=0, lost_event_count=0, hop_count=1, discovery_slot=1)
BLE_HOST_RECEIPT type=0x56 src=0x9999888877776666 session=39846121 seq=233
BLE_CHUNK len=51 hex=47570128010201004144be9bbe9b11d566667777888899996666777788889999000000000b00dac810020401110205001e0100
BLE_PACKET type=0x41 src=0x9999888877776666 dst=0x9999888877776666 session=3574700990 seq=39870 payload=10020401110205001e0100
BLE_HOST_RECEIPT type=0x41 src=0x9999888877776666 session=3574700990 seq=39870
Traceback (most recent call last):
  File "/home/tommie/Projects/IMEC2/firmware/scripts/provision_mesh_anchor.py", line 2267, in <module>
    main()
    ~~~~^^
  File "/home/tommie/Projects/IMEC2/firmware/scripts/provision_mesh_anchor.py", line 2263, in main
    asyncio.run(run(args))
    ~~~~~~~~~~~^^^^^^^^^^^
  File "/home/tommie/.local/share/uv/python/cpython-3.13.11-linux-x86_64-gnu/lib/python3.13/asyncio/runners.py", line 195, in run
    return runner.run(main)
           ~~~~~~~~~~^^^^^^
  File "/home/tommie/.local/share/uv/python/cpython-3.13.11-linux-x86_64-gnu/lib/python3.13/asyncio/runners.py", line 118, in run
    return self._loop.run_until_complete(task)
           ~~~~~~~~~~~~~~~~~~~~~~~~~~~~~^^^^^^
  File "/home/tommie/.local/share/uv/python/cpython-3.13.11-linux-x86_64-gnu/lib/python3.13/asyncio/base_events.py", line 725, in run_until_complete
    return future.result()
           ~~~~~~~~~~~~~^^
  File "/home/tommie/Projects/IMEC2/firmware/scripts/provision_mesh_anchor.py", line 1859, in run
    await await_qualification(
    ...<4 lines>...
    )
  File "/home/tommie/Projects/IMEC2/firmware/scripts/provision_mesh_anchor.py", line 1575, in await_qualification
    current.validate()
    ~~~~~~~~~~~~~~~~^^
  File "/home/tommie/Projects/IMEC2/firmware/scripts/provision_mesh_anchor.py", line 715, in validate
    raise RuntimeError("assignment qualification failed: " + "; ".join(self.errors))
RuntimeError: assignment qualification failed: gateway command failed before lifecycle terminal (command=260 status=5 reason=0); expected 3 published slot mappings, got 0; confirmed anchor 0x56da25fe4af6d141 is absent from publication; assignment collection-complete event was not received; successful assignment table publication was not observed; matching assignment terminal event was not received
